Java HotSpot(TM) 64-Bit Server VM (25.431-b26) for linux-amd64 JRE (1.8.0_431-b26), built on Sep 30 2024 08:54:46 by "java_re" with gcc 11.2.0
Memory: 4k page, physical 86033488k(11867000k free), swap 66064380k(65973500k free)
CommandLine flags: -XX:CompressedClassSpaceSize=528482304 -XX:+DisableExplicitGC -XX:+HeapDumpOnOutOfMemoryError -XX:HeapDumpPath=/nas_i_was_heap/20250514_181308_BJOILJSWS02_SJY1.hprof -XX:InitialHeapSize=2147483648 -XX:MaxHeapSize=2147483648 -XX:MaxMetaspaceSize=536870912 -XX:MaxNewSize=805306368 -XX:MetaspaceSize=536870912 -XX:NewSize=805306368 -XX:+PrintGC -XX:+PrintGCDateStamps -XX:+PrintGCDetails -XX:+PrintGCTimeStamps -XX:+PrintHeapAtGC -XX:-UseAdaptiveSizePolicy -XX:+UseCompressedClassPointers -XX:+UseCompressedOops -XX:+UseParallelGC 
{Heap before GC invocations=1 (full 0):
 PSYoungGen      total 688128K, used 589824K [0x00000000d0000000, 0x0000000100000000, 0x0000000100000000)
  eden space 589824K, 100% used [0x00000000d0000000,0x00000000f4000000,0x00000000f4000000)
  from space 98304K, 0% used [0x00000000fa000000,0x00000000fa000000,0x0000000100000000)
  to   space 98304K, 0% used [0x00000000f4000000,0x00000000f4000000,0x00000000fa000000)
 ParOldGen       total 1310720K, used 0K [0x0000000080000000, 0x00000000d0000000, 0x00000000d0000000)
  object space 1310720K, 0% used [0x0000000080000000,0x0000000080000000,0x00000000d0000000)
 Metaspace       used 11132K, capacity 11434K, committed 11776K, reserved 526336K
  class space    used 1379K, capacity 1487K, committed 1536K, reserved 516096K
2025-05-14T18:13:11.184+0900: 2.471: [GC (Allocation Failure) [PSYoungGen: 589824K->19189K(688128K)] 589824K->19189K(1998848K), 0.0162480 secs] [Times: user=0.02 sys=0.01, real=0.02 secs] 
Heap after GC invocations=1 (full 0):
 PSYoungGen      total 688128K, used 19189K [0x00000000d0000000, 0x0000000100000000, 0x0000000100000000)
  eden space 589824K, 0% used [0x00000000d0000000,0x00000000d0000000,0x00000000f4000000)
  from space 98304K, 19% used [0x00000000f4000000,0x00000000f52bd490,0x00000000fa000000)
  to   space 98304K, 0% used [0x00000000fa000000,0x00000000fa000000,0x0000000100000000)
 ParOldGen       total 1310720K, used 0K [0x0000000080000000, 0x00000000d0000000, 0x00000000d0000000)
  object space 1310720K, 0% used [0x0000000080000000,0x0000000080000000,0x00000000d0000000)
 Metaspace       used 11132K, capacity 11434K, committed 11776K, reserved 526336K
  class space    used 1379K, capacity 1487K, committed 1536K, reserved 516096K
}
{Heap before GC invocations=2 (full 0):
 PSYoungGen      total 688128K, used 609013K [0x00000000d0000000, 0x0000000100000000, 0x0000000100000000)
  eden space 589824K, 100% used [0x00000000d0000000,0x00000000f4000000,0x00000000f4000000)
  from space 98304K, 19% used [0x00000000f4000000,0x00000000f52bd490,0x00000000fa000000)
  to   space 98304K, 0% used [0x00000000fa000000,0x00000000fa000000,0x0000000100000000)
 ParOldGen       total 1310720K, used 0K [0x0000000080000000, 0x00000000d0000000, 0x00000000d0000000)
  object space 1310720K, 0% used [0x0000000080000000,0x0000000080000000,0x00000000d0000000)
 Metaspace       used 12147K, capacity 12418K, committed 12672K, reserved 528384K
  class space    used 1447K, capacity 1559K, committed 1664K, reserved 516096K
2025-05-14T18:13:12.231+0900: 3.518: [GC (Allocation Failure) [PSYoungGen: 609013K->18617K(688128K)] 609013K->18625K(1998848K), 0.0214746 secs] [Times: user=0.05 sys=0.01, real=0.02 secs] 
Heap after GC invocations=2 (full 0):
 PSYoungGen      total 688128K, used 18617K [0x00000000d0000000, 0x0000000100000000, 0x0000000100000000)
  eden space 589824K, 0% used [0x00000000d0000000,0x00000000d0000000,0x00000000f4000000)
  from space 98304K, 18% used [0x00000000fa000000,0x00000000fb22e4a0,0x0000000100000000)
  to   space 98304K, 0% used [0x00000000f4000000,0x00000000f4000000,0x00000000fa000000)
 ParOldGen       total 1310720K, used 8K [0x0000000080000000, 0x00000000d0000000, 0x00000000d0000000)
  object space 1310720K, 0% used [0x0000000080000000,0x0000000080002000,0x00000000d0000000)
 Metaspace       used 12147K, capacity 12418K, committed 12672K, reserved 528384K
  class space    used 1447K, capacity 1559K, committed 1664K, reserved 516096K
}
{Heap before GC invocations=3 (full 0):
 PSYoungGen      total 688128K, used 608441K [0x00000000d0000000, 0x0000000100000000, 0x0000000100000000)
  eden space 589824K, 100% used [0x00000000d0000000,0x00000000f4000000,0x00000000f4000000)
  from space 98304K, 18% used [0x00000000fa000000,0x00000000fb22e4a0,0x0000000100000000)
  to   space 98304K, 0% used [0x00000000f4000000,0x00000000f4000000,0x00000000fa000000)
 ParOldGen       total 1310720K, used 8K [0x0000000080000000, 0x00000000d0000000, 0x00000000d0000000)
  object space 1310720K, 0% used [0x0000000080000000,0x0000000080002000,0x00000000d0000000)
 Metaspace       used 12708K, capacity 13090K, committed 13184K, reserved 528384K
  class space    used 1515K, capacity 1655K, committed 1664K, reserved 516096K
2025-05-14T18:13:12.440+0900: 3.727: [GC (Allocation Failure) [PSYoungGen: 608441K->19400K(688128K)] 608449K->19416K(1998848K), 0.0110034 secs] [Times: user=0.04 sys=0.00, real=0.01 secs] 
Heap after GC invocations=3 (full 0):
 PSYoungGen      total 688128K, used 19400K [0x00000000d0000000, 0x0000000100000000, 0x0000000100000000)
  eden space 589824K, 0% used [0x00000000d0000000,0x00000000d0000000,0x00000000f4000000)
  from space 98304K, 19% used [0x00000000f4000000,0x00000000f52f20e8,0x00000000fa000000)
  to   space 98304K, 0% used [0x00000000fa000000,0x00000000fa000000,0x0000000100000000)
 ParOldGen       total 1310720K, used 16K [0x0000000080000000, 0x00000000d0000000, 0x00000000d0000000)
  object space 1310720K, 0% used [0x0000000080000000,0x0000000080004000,0x00000000d0000000)
 Metaspace       used 12708K, capacity 13090K, committed 13184K, reserved 528384K
  class space    used 1515K, capacity 1655K, committed 1664K, reserved 516096K
}
{Heap before GC invocations=4 (full 0):
 PSYoungGen      total 688128K, used 609224K [0x00000000d0000000, 0x0000000100000000, 0x0000000100000000)
  eden space 589824K, 100% used [0x00000000d0000000,0x00000000f4000000,0x00000000f4000000)
  from space 98304K, 19% used [0x00000000f4000000,0x00000000f52f20e8,0x00000000fa000000)
  to   space 98304K, 0% used [0x00000000fa000000,0x00000000fa000000,0x0000000100000000)
 ParOldGen       total 1310720K, used 18K [0x0000000080000000, 0x00000000d0000000, 0x00000000d0000000)
  object space 1310720K, 0% used [0x0000000080000000,0x0000000080004920,0x00000000d0000000)
 Metaspace       used 13479K, capacity 13774K, committed 14080K, reserved 528384K
  class space    used 1580K, capacity 1691K, committed 1792K, reserved 516096K
2025-05-14T18:13:12.573+0900: 3.860: [GC (GCLocker Initiated GC) [PSYoungGen: 609224K->19609K(688128K)] 609242K->19628K(1998848K), 0.0120800 secs] [Times: user=0.04 sys=0.00, real=0.01 secs] 
Heap after GC invocations=4 (full 0):
 PSYoungGen      total 688128K, used 19609K [0x00000000d0000000, 0x0000000100000000, 0x0000000100000000)
  eden space 589824K, 0% used [0x00000000d0000000,0x00000000d0000000,0x00000000f4000000)
  from space 98304K, 19% used [0x00000000fa000000,0x00000000fb326790,0x0000000100000000)
  to   space 98304K, 0% used [0x00000000f4000000,0x00000000f4000000,0x00000000fa000000)
 ParOldGen       total 1310720K, used 18K [0x0000000080000000, 0x00000000d0000000, 0x00000000d0000000)
  object space 1310720K, 0% used [0x0000000080000000,0x0000000080004920,0x00000000d0000000)
 Metaspace       used 13479K, capacity 13774K, committed 14080K, reserved 528384K
  class space    used 1580K, capacity 1691K, committed 1792K, reserved 516096K
}
{Heap before GC invocations=5 (full 0):
 PSYoungGen      total 688128K, used 609433K [0x00000000d0000000, 0x0000000100000000, 0x0000000100000000)
  eden space 589824K, 100% used [0x00000000d0000000,0x00000000f4000000,0x00000000f4000000)
  from space 98304K, 19% used [0x00000000fa000000,0x00000000fb326790,0x0000000100000000)
  to   space 98304K, 0% used [0x00000000f4000000,0x00000000f4000000,0x00000000fa000000)
 ParOldGen       total 1310720K, used 70K [0x0000000080000000, 0x00000000d0000000, 0x00000000d0000000)
  object space 1310720K, 0% used [0x0000000080000000,0x0000000080011b58,0x00000000d0000000)
 Metaspace       used 14135K, capacity 14446K, committed 14592K, reserved 530432K
  class space    used 1664K, capacity 1787K, committed 1792K, reserved 516096K
2025-05-14T18:13:12.695+0900: 3.982: [GC (Allocation Failure) [PSYoungGen: 609433K->19949K(688128K)] 609504K->20027K(1998848K), 0.0139385 secs] [Times: user=0.03 sys=0.00, real=0.02 secs] 
Heap after GC invocations=5 (full 0):
 PSYoungGen      total 688128K, used 19949K [0x00000000d0000000, 0x0000000100000000, 0x0000000100000000)
  eden space 589824K, 0% used [0x00000000d0000000,0x00000000d0000000,0x00000000f4000000)
  from space 98304K, 20% used [0x00000000f4000000,0x00000000f537b438,0x00000000fa000000)
  to   space 98304K, 0% used [0x00000000fa000000,0x00000000fa000000,0x0000000100000000)
 ParOldGen       total 1310720K, used 78K [0x0000000080000000, 0x00000000d0000000, 0x00000000d0000000)
  object space 1310720K, 0% used [0x0000000080000000,0x0000000080013b58,0x00000000d0000000)
 Metaspace       used 14135K, capacity 14446K, committed 14592K, reserved 530432K
  class space    used 1664K, capacity 1787K, committed 1792K, reserved 516096K
}
{Heap before GC invocations=6 (full 0):
 PSYoungGen      total 688128K, used 609773K [0x00000000d0000000, 0x0000000100000000, 0x0000000100000000)
  eden space 589824K, 100% used [0x00000000d0000000,0x00000000f4000000,0x00000000f4000000)
  from space 98304K, 20% used [0x00000000f4000000,0x00000000f537b438,0x00000000fa000000)
  to   space 98304K, 0% used [0x00000000fa000000,0x00000000fa000000,0x0000000100000000)
 ParOldGen       total 1310720K, used 78K [0x0000000080000000, 0x00000000d0000000, 0x00000000d0000000)
  object space 1310720K, 0% used [0x0000000080000000,0x0000000080013b58,0x00000000d0000000)
 Metaspace       used 14450K, capacity 14734K, committed 14976K, reserved 530432K
  class space    used 1707K, capacity 1819K, committed 1920K, reserved 516096K
2025-05-14T18:13:12.848+0900: 4.135: [GC (Allocation Failure) [PSYoungGen: 609773K->19017K(688128K)] 609851K->19103K(1998848K), 0.0245516 secs] [Times: user=0.06 sys=0.00, real=0.03 secs] 
Heap after GC invocations=6 (full 0):
 PSYoungGen      total 688128K, used 19017K [0x00000000d0000000, 0x0000000100000000, 0x0000000100000000)
  eden space 589824K, 0% used [0x00000000d0000000,0x00000000d0000000,0x00000000f4000000)
  from space 98304K, 19% used [0x00000000fa000000,0x00000000fb292448,0x0000000100000000)
  to   space 98304K, 0% used [0x00000000f4000000,0x00000000f4000000,0x00000000fa000000)
 ParOldGen       total 1310720K, used 86K [0x0000000080000000, 0x00000000d0000000, 0x00000000d0000000)
  object space 1310720K, 0% used [0x0000000080000000,0x0000000080015b58,0x00000000d0000000)
 Metaspace       used 14450K, capacity 14734K, committed 14976K, reserved 530432K
  class space    used 1707K, capacity 1819K, committed 1920K, reserved 516096K
}
{Heap before GC invocations=7 (full 0):
 PSYoungGen      total 688128K, used 608841K [0x00000000d0000000, 0x0000000100000000, 0x0000000100000000)
  eden space 589824K, 100% used [0x00000000d0000000,0x00000000f4000000,0x00000000f4000000)
  from space 98304K, 19% used [0x00000000fa000000,0x00000000fb292448,0x0000000100000000)
  to   space 98304K, 0% used [0x00000000f4000000,0x00000000f4000000,0x00000000fa000000)
 ParOldGen       total 1310720K, used 86K [0x0000000080000000, 0x00000000d0000000, 0x00000000d0000000)
  object space 1310720K, 0% used [0x0000000080000000,0x0000000080015b58,0x00000000d0000000)
 Metaspace       used 14859K, capacity 15178K, committed 15616K, reserved 530432K
  class space    used 1774K, capacity 1921K, committed 2048K, reserved 516096K
2025-05-14T18:13:13.003+0900: 4.290: [GC (Allocation Failure) [PSYoungGen: 608841K->19729K(688128K)] 608927K->19824K(1998848K), 0.0149820 secs] [Times: user=0.04 sys=0.00, real=0.01 secs] 
Heap after GC invocations=7 (full 0):
 PSYoungGen      total 688128K, used 19729K [0x00000000d0000000, 0x0000000100000000, 0x0000000100000000)
  eden space 589824K, 0% used [0x00000000d0000000,0x00000000d0000000,0x00000000f4000000)
  from space 98304K, 20% used [0x00000000f4000000,0x00000000f5344658,0x00000000fa000000)
  to   space 98304K, 0% used [0x00000000fa000000,0x00000000fa000000,0x0000000100000000)
 ParOldGen       total 1310720K, used 94K [0x0000000080000000, 0x00000000d0000000, 0x00000000d0000000)
  object space 1310720K, 0% used [0x0000000080000000,0x0000000080017b58,0x00000000d0000000)
 Metaspace       used 14859K, capacity 15178K, committed 15616K, reserved 530432K
  class space    used 1774K, capacity 1921K, committed 2048K, reserved 516096K
}
{Heap before GC invocations=8 (full 0):
 PSYoungGen      total 688128K, used 609553K [0x00000000d0000000, 0x0000000100000000, 0x0000000100000000)
  eden space 589824K, 100% used [0x00000000d0000000,0x00000000f4000000,0x00000000f4000000)
  from space 98304K, 20% used [0x00000000f4000000,0x00000000f5344658,0x00000000fa000000)
  to   space 98304K, 0% used [0x00000000fa000000,0x00000000fa000000,0x0000000100000000)
 ParOldGen       total 1310720K, used 94K [0x0000000080000000, 0x00000000d0000000, 0x00000000d0000000)
  object space 1310720K, 0% used [0x0000000080000000,0x0000000080017b58,0x00000000d0000000)
 Metaspace       used 15408K, capacity 15722K, committed 16128K, reserved 530432K
  class space    used 1824K, capacity 1953K, committed 2048K, reserved 516096K
2025-05-14T18:13:13.190+0900: 4.477: [GC (Allocation Failure) [PSYoungGen: 609553K->21474K(688128K)] 609648K->21577K(1998848K), 0.0129502 secs] [Times: user=0.04 sys=0.00, real=0.01 secs] 
Heap after GC invocations=8 (full 0):
 PSYoungGen      total 688128K, used 21474K [0x00000000d0000000, 0x0000000100000000, 0x0000000100000000)
  eden space 589824K, 0% used [0x00000000d0000000,0x00000000d0000000,0x00000000f4000000)
  from space 98304K, 21% used [0x00000000fa000000,0x00000000fb4f8a20,0x0000000100000000)
  to   space 98304K, 0% used [0x00000000f4000000,0x00000000f4000000,0x00000000fa000000)
 ParOldGen       total 1310720K, used 102K [0x0000000080000000, 0x00000000d0000000, 0x00000000d0000000)
  object space 1310720K, 0% used [0x0000000080000000,0x0000000080019b58,0x00000000d0000000)
 Metaspace       used 15408K, capacity 15722K, committed 16128K, reserved 530432K
  class space    used 1824K, capacity 1953K, committed 2048K, reserved 516096K
}
{Heap before GC invocations=9 (full 0):
 PSYoungGen      total 688128K, used 611298K [0x00000000d0000000, 0x0000000100000000, 0x0000000100000000)
  eden space 589824K, 100% used [0x00000000d0000000,0x00000000f4000000,0x00000000f4000000)
  from space 98304K, 21% used [0x00000000fa000000,0x00000000fb4f8a20,0x0000000100000000)
  to   space 98304K, 0% used [0x00000000f4000000,0x00000000f4000000,0x00000000fa000000)
 ParOldGen       total 1310720K, used 102K [0x0000000080000000, 0x00000000d0000000, 0x00000000d0000000)
  object space 1310720K, 0% used [0x0000000080000000,0x0000000080019b58,0x00000000d0000000)
 Metaspace       used 28034K, capacity 28566K, committed 28800K, reserved 542720K
  class space    used 3278K, capacity 3419K, committed 3456K, reserved 516096K
2025-05-14T18:13:14.732+0900: 6.019: [GC (Allocation Failure) [PSYoungGen: 611298K->70992K(688128K)] 611401K->71118K(1998848K), 0.0573015 secs] [Times: user=0.08 sys=0.02, real=0.06 secs] 
Heap after GC invocations=9 (full 0):
 PSYoungGen      total 688128K, used 70992K [0x00000000d0000000, 0x0000000100000000, 0x0000000100000000)
  eden space 589824K, 0% used [0x00000000d0000000,0x00000000d0000000,0x00000000f4000000)
  from space 98304K, 72% used [0x00000000f4000000,0x00000000f8554000,0x00000000fa000000)
  to   space 98304K, 0% used [0x00000000fa000000,0x00000000fa000000,0x0000000100000000)
 ParOldGen       total 1310720K, used 126K [0x0000000080000000, 0x00000000d0000000, 0x00000000d0000000)
  object space 1310720K, 0% used [0x0000000080000000,0x000000008001fb58,0x00000000d0000000)
 Metaspace       used 28034K, capacity 28566K, committed 28800K, reserved 542720K
  class space    used 3278K, capacity 3419K, committed 3456K, reserved 516096K
}
{Heap before GC invocations=10 (full 0):
 PSYoungGen      total 688128K, used 660816K [0x00000000d0000000, 0x0000000100000000, 0x0000000100000000)
  eden space 589824K, 100% used [0x00000000d0000000,0x00000000f4000000,0x00000000f4000000)
  from space 98304K, 72% used [0x00000000f4000000,0x00000000f8554000,0x00000000fa000000)
  to   space 98304K, 0% used [0x00000000fa000000,0x00000000fa000000,0x0000000100000000)
 ParOldGen       total 1310720K, used 126K [0x0000000080000000, 0x00000000d0000000, 0x00000000d0000000)
  object space 1310720K, 0% used [0x0000000080000000,0x000000008001fb58,0x00000000d0000000)
 Metaspace       used 37840K, capacity 38806K, committed 39168K, reserved 550912K
  class space    used 4240K, capacity 4492K, committed 4608K, reserved 516096K
2025-05-14T18:13:15.984+0900: 7.271: [GC (Allocation Failure) [PSYoungGen: 660816K->78767K(688128K)] 660942K->78982K(1998848K), 0.0830772 secs] [Times: user=0.15 sys=0.02, real=0.08 secs] 
Heap after GC invocations=10 (full 0):
 PSYoungGen      total 688128K, used 78767K [0x00000000d0000000, 0x0000000100000000, 0x0000000100000000)
  eden space 589824K, 0% used [0x00000000d0000000,0x00000000d0000000,0x00000000f4000000)
  from space 98304K, 80% used [0x00000000fa000000,0x00000000fecebd28,0x0000000100000000)
  to   space 98304K, 0% used [0x00000000f4000000,0x00000000f4000000,0x00000000fa000000)
 ParOldGen       total 1310720K, used 214K [0x0000000080000000, 0x00000000d0000000, 0x00000000d0000000)
  object space 1310720K, 0% used [0x0000000080000000,0x0000000080035b68,0x00000000d0000000)
 Metaspace       used 37840K, capacity 38806K, committed 39168K, reserved 550912K
  class space    used 4240K, capacity 4492K, committed 4608K, reserved 516096K
}
{Heap before GC invocations=11 (full 0):
 PSYoungGen      total 688128K, used 668591K [0x00000000d0000000, 0x0000000100000000, 0x0000000100000000)
  eden space 589824K, 100% used [0x00000000d0000000,0x00000000f4000000,0x00000000f4000000)
  from space 98304K, 80% used [0x00000000fa000000,0x00000000fecebd28,0x0000000100000000)
  to   space 98304K, 0% used [0x00000000f4000000,0x00000000f4000000,0x00000000fa000000)
 ParOldGen       total 1310720K, used 214K [0x0000000080000000, 0x00000000d0000000, 0x00000000d0000000)
  object space 1310720K, 0% used [0x0000000080000000,0x0000000080035b68,0x00000000d0000000)
 Metaspace       used 49649K, capacity 50610K, committed 50688K, reserved 561152K
  class space    used 5588K, capacity 5863K, committed 5888K, reserved 516096K
2025-05-14T18:13:17.345+0900: 8.632: [GC (Allocation Failure) [PSYoungGen: 668591K->66525K(688128K)] 668806K->66819K(1998848K), 0.0459621 secs] [Times: user=0.10 sys=0.00, real=0.05 secs] 
Heap after GC invocations=11 (full 0):
 PSYoungGen      total 688128K, used 66525K [0x00000000d0000000, 0x0000000100000000, 0x0000000100000000)
  eden space 589824K, 0% used [0x00000000d0000000,0x00000000d0000000,0x00000000f4000000)
  from space 98304K, 67% used [0x00000000f4000000,0x00000000f80f7478,0x00000000fa000000)
  to   space 98304K, 0% used [0x00000000fa000000,0x00000000fa000000,0x0000000100000000)
 ParOldGen       total 1310720K, used 294K [0x0000000080000000, 0x00000000d0000000, 0x00000000d0000000)
  object space 1310720K, 0% used [0x0000000080000000,0x0000000080049b78,0x00000000d0000000)
 Metaspace       used 49649K, capacity 50610K, committed 50688K, reserved 561152K
  class space    used 5588K, capacity 5863K, committed 5888K, reserved 516096K
}
{Heap before GC invocations=12 (full 0):
 PSYoungGen      total 688128K, used 656349K [0x00000000d0000000, 0x0000000100000000, 0x0000000100000000)
  eden space 589824K, 100% used [0x00000000d0000000,0x00000000f4000000,0x00000000f4000000)
  from space 98304K, 67% used [0x00000000f4000000,0x00000000f80f7478,0x00000000fa000000)
  to   space 98304K, 0% used [0x00000000fa000000,0x00000000fa000000,0x0000000100000000)
 ParOldGen       total 1310720K, used 294K [0x0000000080000000, 0x00000000d0000000, 0x00000000d0000000)
  object space 1310720K, 0% used [0x0000000080000000,0x0000000080049b78,0x00000000d0000000)
 Metaspace       used 60952K, capacity 61996K, committed 62208K, reserved 571392K
  class space    used 6895K, capacity 7168K, committed 7168K, reserved 516096K
2025-05-14T18:13:18.926+0900: 10.213: [GC (Allocation Failure) [PSYoungGen: 656349K->89816K(688128K)] 656643K->90119K(1998848K), 0.0538324 secs] [Times: user=0.13 sys=0.00, real=0.06 secs] 
Heap after GC invocations=12 (full 0):
 PSYoungGen      total 688128K, used 89816K [0x00000000d0000000, 0x0000000100000000, 0x0000000100000000)
  eden space 589824K, 0% used [0x00000000d0000000,0x00000000d0000000,0x00000000f4000000)
  from space 98304K, 91% used [0x00000000fa000000,0x00000000ff7b6128,0x0000000100000000)
  to   space 98304K, 0% used [0x00000000f4000000,0x00000000f4000000,0x00000000fa000000)
 ParOldGen       total 1310720K, used 302K [0x0000000080000000, 0x00000000d0000000, 0x00000000d0000000)
  object space 1310720K, 0% used [0x0000000080000000,0x000000008004bb78,0x00000000d0000000)
 Metaspace       used 60952K, capacity 61996K, committed 62208K, reserved 571392K
  class space    used 6895K, capacity 7168K, committed 7168K, reserved 516096K
}
{Heap before GC invocations=13 (full 0):
 PSYoungGen      total 688128K, used 679640K [0x00000000d0000000, 0x0000000100000000, 0x0000000100000000)
  eden space 589824K, 100% used [0x00000000d0000000,0x00000000f4000000,0x00000000f4000000)
  from space 98304K, 91% used [0x00000000fa000000,0x00000000ff7b6128,0x0000000100000000)
  to   space 98304K, 0% used [0x00000000f4000000,0x00000000f4000000,0x00000000fa000000)
 ParOldGen       total 1310720K, used 302K [0x0000000080000000, 0x00000000d0000000, 0x00000000d0000000)
  object space 1310720K, 0% used [0x0000000080000000,0x000000008004bb78,0x00000000d0000000)
 Metaspace       used 72055K, capacity 73160K, committed 73344K, reserved 581632K
  class space    used 8177K, capacity 8472K, committed 8576K, reserved 516096K
2025-05-14T18:13:20.232+0900: 11.519: [GC (Allocation Failure) [PSYoungGen: 679640K->92813K(688128K)] 679943K->93123K(1998848K), 0.0475584 secs] [Times: user=0.11 sys=0.01, real=0.05 secs] 
Heap after GC invocations=13 (full 0):
 PSYoungGen      total 688128K, used 92813K [0x00000000d0000000, 0x0000000100000000, 0x0000000100000000)
  eden space 589824K, 0% used [0x00000000d0000000,0x00000000d0000000,0x00000000f4000000)
  from space 98304K, 94% used [0x00000000f4000000,0x00000000f9aa3470,0x00000000fa000000)
  to   space 98304K, 0% used [0x00000000fa000000,0x00000000fa000000,0x0000000100000000)
 ParOldGen       total 1310720K, used 310K [0x0000000080000000, 0x00000000d0000000, 0x00000000d0000000)
  object space 1310720K, 0% used [0x0000000080000000,0x000000008004db78,0x00000000d0000000)
 Metaspace       used 72055K, capacity 73160K, committed 73344K, reserved 581632K
  class space    used 8177K, capacity 8472K, committed 8576K, reserved 516096K
}
{Heap before GC invocations=14 (full 0):
 PSYoungGen      total 688128K, used 682637K [0x00000000d0000000, 0x0000000100000000, 0x0000000100000000)
  eden space 589824K, 100% used [0x00000000d0000000,0x00000000f4000000,0x00000000f4000000)
  from space 98304K, 94% used [0x00000000f4000000,0x00000000f9aa3470,0x00000000fa000000)
  to   space 98304K, 0% used [0x00000000fa000000,0x00000000fa000000,0x0000000100000000)
 ParOldGen       total 1310720K, used 310K [0x0000000080000000, 0x00000000d0000000, 0x00000000d0000000)
  object space 1310720K, 0% used [0x0000000080000000,0x000000008004db78,0x00000000d0000000)
 Metaspace       used 95692K, capacity 97421K, committed 97536K, reserved 602112K
  class space    used 11097K, capacity 11487K, committed 11520K, reserved 516096K
2025-05-14T18:13:22.633+0900: 13.920: [GC (Allocation Failure) [PSYoungGen: 682637K->98279K(688128K)] 682947K->124789K(1998848K), 0.0829169 secs] [Times: user=0.24 sys=0.01, real=0.08 secs] 
Heap after GC invocations=14 (full 0):
 PSYoungGen      total 688128K, used 98279K [0x00000000d0000000, 0x0000000100000000, 0x0000000100000000)
  eden space 589824K, 0% used [0x00000000d0000000,0x00000000d0000000,0x00000000f4000000)
  from space 98304K, 99% used [0x00000000fa000000,0x00000000ffff9f90,0x0000000100000000)
  to   space 98304K, 0% used [0x00000000f4000000,0x00000000f4000000,0x00000000fa000000)
 ParOldGen       total 1310720K, used 26509K [0x0000000080000000, 0x00000000d0000000, 0x00000000d0000000)
  object space 1310720K, 2% used [0x0000000080000000,0x00000000819e3650,0x00000000d0000000)
 Metaspace       used 95692K, capacity 97421K, committed 97536K, reserved 602112K
  class space    used 11097K, capacity 11487K, committed 11520K, reserved 516096K
}
{Heap before GC invocations=15 (full 0):
 PSYoungGen      total 688128K, used 688103K [0x00000000d0000000, 0x0000000100000000, 0x0000000100000000)
  eden space 589824K, 100% used [0x00000000d0000000,0x00000000f4000000,0x00000000f4000000)
  from space 98304K, 99% used [0x00000000fa000000,0x00000000ffff9f90,0x0000000100000000)
  to   space 98304K, 0% used [0x00000000f4000000,0x00000000f4000000,0x00000000fa000000)
 ParOldGen       total 1310720K, used 26509K [0x0000000080000000, 0x00000000d0000000, 0x00000000d0000000)
  object space 1310720K, 2% used [0x0000000080000000,0x00000000819e3650,0x00000000d0000000)
 Metaspace       used 109662K, capacity 111613K, committed 111744K, reserved 614400K
  class space    used 12920K, capacity 13402K, committed 13440K, reserved 516096K
2025-05-14T18:13:27.309+0900: 18.596: [GC (Allocation Failure) [PSYoungGen: 688103K->98284K(688128K)] 714613K->159970K(1998848K), 0.0774762 secs] [Times: user=0.17 sys=0.01, real=0.07 secs] 
Heap after GC invocations=15 (full 0):
 PSYoungGen      total 688128K, used 98284K [0x00000000d0000000, 0x0000000100000000, 0x0000000100000000)
  eden space 589824K, 0% used [0x00000000d0000000,0x00000000d0000000,0x00000000f4000000)
  from space 98304K, 99% used [0x00000000f4000000,0x00000000f9ffb280,0x00000000fa000000)
  to   space 98304K, 0% used [0x00000000fa000000,0x00000000fa000000,0x0000000100000000)
 ParOldGen       total 1310720K, used 61686K [0x0000000080000000, 0x00000000d0000000, 0x00000000d0000000)
  object space 1310720K, 4% used [0x0000000080000000,0x0000000083c3d880,0x00000000d0000000)
 Metaspace       used 109662K, capacity 111613K, committed 111744K, reserved 614400K
  class space    used 12920K, capacity 13402K, committed 13440K, reserved 516096K
}
{Heap before GC invocations=16 (full 0):
 PSYoungGen      total 688128K, used 688108K [0x00000000d0000000, 0x0000000100000000, 0x0000000100000000)
  eden space 589824K, 100% used [0x00000000d0000000,0x00000000f4000000,0x00000000f4000000)
  from space 98304K, 99% used [0x00000000f4000000,0x00000000f9ffb280,0x00000000fa000000)
  to   space 98304K, 0% used [0x00000000fa000000,0x00000000fa000000,0x0000000100000000)
 ParOldGen       total 1310720K, used 61686K [0x0000000080000000, 0x00000000d0000000, 0x00000000d0000000)
  object space 1310720K, 4% used [0x0000000080000000,0x0000000083c3d880,0x00000000d0000000)
 Metaspace       used 112057K, capacity 114005K, committed 114304K, reserved 618496K
  class space    used 13140K, capacity 13636K, committed 13696K, reserved 516096K
2025-05-14T18:13:28.466+0900: 19.753: [GC (Allocation Failure) [PSYoungGen: 688108K->98296K(688128K)] 749794K->312542K(1998848K), 0.1544356 secs] [Times: user=0.24 sys=0.04, real=0.16 secs] 
Heap after GC invocations=16 (full 0):
 PSYoungGen      total 688128K, used 98296K [0x00000000d0000000, 0x0000000100000000, 0x0000000100000000)
  eden space 589824K, 0% used [0x00000000d0000000,0x00000000d0000000,0x00000000f4000000)
  from space 98304K, 99% used [0x00000000fa000000,0x00000000ffffe200,0x0000000100000000)
  to   space 98304K, 0% used [0x00000000f4000000,0x00000000f4000000,0x00000000fa000000)
 ParOldGen       total 1310720K, used 214245K [0x0000000080000000, 0x00000000d0000000, 0x00000000d0000000)
  object space 1310720K, 16% used [0x0000000080000000,0x000000008d1397e0,0x00000000d0000000)
 Metaspace       used 112057K, capacity 114005K, committed 114304K, reserved 618496K
  class space    used 13140K, capacity 13636K, committed 13696K, reserved 516096K
}
{Heap before GC invocations=17 (full 0):
 PSYoungGen      total 688128K, used 688120K [0x00000000d0000000, 0x0000000100000000, 0x0000000100000000)
  eden space 589824K, 100% used [0x00000000d0000000,0x00000000f4000000,0x00000000f4000000)
  from space 98304K, 99% used [0x00000000fa000000,0x00000000ffffe200,0x0000000100000000)
  to   space 98304K, 0% used [0x00000000f4000000,0x00000000f4000000,0x00000000fa000000)
 ParOldGen       total 1310720K, used 214363K [0x0000000080000000, 0x00000000d0000000, 0x00000000d0000000)
  object space 1310720K, 16% used [0x0000000080000000,0x000000008d156cb8,0x00000000d0000000)
 Metaspace       used 112065K, capacity 114005K, committed 114304K, reserved 618496K
  class space    used 13140K, capacity 13636K, committed 13696K, reserved 516096K
2025-05-14T18:13:29.148+0900: 20.436: [GC (GCLocker Initiated GC) [PSYoungGen: 688120K->98288K(688128K)] 902483K->492862K(1998848K), 0.1710803 secs] [Times: user=0.28 sys=0.07, real=0.17 secs] 
Heap after GC invocations=17 (full 0):
 PSYoungGen      total 688128K, used 98288K [0x00000000d0000000, 0x0000000100000000, 0x0000000100000000)
  eden space 589824K, 0% used [0x00000000d0000000,0x00000000d0000000,0x00000000f4000000)
  from space 98304K, 99% used [0x00000000f4000000,0x00000000f9ffc320,0x00000000fa000000)
  to   space 98304K, 0% used [0x00000000fa000000,0x00000000fa000000,0x0000000100000000)
 ParOldGen       total 1310720K, used 394573K [0x0000000080000000, 0x00000000d0000000, 0x00000000d0000000)
  object space 1310720K, 30% used [0x0000000080000000,0x00000000981535e0,0x00000000d0000000)
 Metaspace       used 112065K, capacity 114005K, committed 114304K, reserved 618496K
  class space    used 13140K, capacity 13636K, committed 13696K, reserved 516096K
}
{Heap before GC invocations=18 (full 0):
 PSYoungGen      total 688128K, used 688112K [0x00000000d0000000, 0x0000000100000000, 0x0000000100000000)
  eden space 589824K, 100% used [0x00000000d0000000,0x00000000f4000000,0x00000000f4000000)
  from space 98304K, 99% used [0x00000000f4000000,0x00000000f9ffc320,0x00000000fa000000)
  to   space 98304K, 0% used [0x00000000fa000000,0x00000000fa000000,0x0000000100000000)
 ParOldGen       total 1310720K, used 394581K [0x0000000080000000, 0x00000000d0000000, 0x00000000d0000000)
  object space 1310720K, 30% used [0x0000000080000000,0x0000000098155610,0x00000000d0000000)
 Metaspace       used 112065K, capacity 114005K, committed 114304K, reserved 618496K
  class space    used 13140K, capacity 13636K, committed 13696K, reserved 516096K
2025-05-14T18:13:29.695+0900: 20.982: [GC (Allocation Failure) [PSYoungGen: 688112K->98293K(688128K)] 1082694K->683694K(1998848K), 0.1134118 secs] [Times: user=0.27 sys=0.09, real=0.12 secs] 
Heap after GC invocations=18 (full 0):
 PSYoungGen      total 688128K, used 98293K [0x00000000d0000000, 0x0000000100000000, 0x0000000100000000)
  eden space 589824K, 0% used [0x00000000d0000000,0x00000000d0000000,0x00000000f4000000)
  from space 98304K, 99% used [0x00000000fa000000,0x00000000ffffd708,0x0000000100000000)
  to   space 98304K, 0% used [0x00000000f4000000,0x00000000f4000000,0x00000000fa000000)
 ParOldGen       total 1310720K, used 585400K [0x0000000080000000, 0x00000000d0000000, 0x00000000d0000000)
  object space 1310720K, 44% used [0x0000000080000000,0x00000000a3bae140,0x00000000d0000000)
 Metaspace       used 112065K, capacity 114005K, committed 114304K, reserved 618496K
  class space    used 13140K, capacity 13636K, committed 13696K, reserved 516096K
}
{Heap before GC invocations=19 (full 0):
 PSYoungGen      total 688128K, used 688117K [0x00000000d0000000, 0x0000000100000000, 0x0000000100000000)
  eden space 589824K, 100% used [0x00000000d0000000,0x00000000f4000000,0x00000000f4000000)
  from space 98304K, 99% used [0x00000000fa000000,0x00000000ffffd708,0x0000000100000000)
  to   space 98304K, 0% used [0x00000000f4000000,0x00000000f4000000,0x00000000fa000000)
 ParOldGen       total 1310720K, used 585408K [0x0000000080000000, 0x00000000d0000000, 0x00000000d0000000)
  object space 1310720K, 44% used [0x0000000080000000,0x00000000a3bb0260,0x00000000d0000000)
 Metaspace       used 112069K, capacity 114005K, committed 114304K, reserved 618496K
  class space    used 13140K, capacity 13636K, committed 13696K, reserved 516096K
2025-05-14T18:13:30.310+0900: 21.597: [GC (GCLocker Initiated GC) [PSYoungGen: 688117K->98297K(688128K)] 1273526K->876378K(1998848K), 0.1138642 secs] [Times: user=0.24 sys=0.09, real=0.11 secs] 
Heap after GC invocations=19 (full 0):
 PSYoungGen      total 688128K, used 98297K [0x00000000d0000000, 0x0000000100000000, 0x0000000100000000)
  eden space 589824K, 0% used [0x00000000d0000000,0x00000000d0000000,0x00000000f4000000)
  from space 98304K, 99% used [0x00000000f4000000,0x00000000f9ffe7c0,0x00000000fa000000)
  to   space 98304K, 0% used [0x00000000fa000000,0x00000000fa000000,0x0000000100000000)
 ParOldGen       total 1310720K, used 778080K [0x0000000080000000, 0x00000000d0000000, 0x00000000d0000000)
  object space 1310720K, 59% used [0x0000000080000000,0x00000000af7d83e8,0x00000000d0000000)
 Metaspace       used 112069K, capacity 114005K, committed 114304K, reserved 618496K
  class space    used 13140K, capacity 13636K, committed 13696K, reserved 516096K
}
{Heap before GC invocations=20 (full 0):
 PSYoungGen      total 688128K, used 688121K [0x00000000d0000000, 0x0000000100000000, 0x0000000100000000)
  eden space 589824K, 100% used [0x00000000d0000000,0x00000000f4000000,0x00000000f4000000)
  from space 98304K, 99% used [0x00000000f4000000,0x00000000f9ffe7c0,0x00000000fa000000)
  to   space 98304K, 0% used [0x00000000fa000000,0x00000000fa000000,0x0000000100000000)
 ParOldGen       total 1310720K, used 778086K [0x0000000080000000, 0x00000000d0000000, 0x00000000d0000000)
  object space 1310720K, 59% used [0x0000000080000000,0x00000000af7d9958,0x00000000d0000000)
 Metaspace       used 112112K, capacity 114005K, committed 114304K, reserved 618496K
  class space    used 13143K, capacity 13636K, committed 13696K, reserved 516096K
2025-05-14T18:13:31.400+0900: 22.687: [GC (Allocation Failure) [PSYoungGen: 688121K->98286K(688128K)] 1466208K->1013278K(1998848K), 0.1048074 secs] [Times: user=0.26 sys=0.06, real=0.10 secs] 
Heap after GC invocations=20 (full 0):
 PSYoungGen      total 688128K, used 98286K [0x00000000d0000000, 0x0000000100000000, 0x0000000100000000)
  eden space 589824K, 0% used [0x00000000d0000000,0x00000000d0000000,0x00000000f4000000)
  from space 98304K, 99% used [0x00000000fa000000,0x00000000ffffba68,0x0000000100000000)
  to   space 98304K, 0% used [0x00000000f4000000,0x00000000f4000000,0x00000000fa000000)
 ParOldGen       total 1310720K, used 914991K [0x0000000080000000, 0x00000000d0000000, 0x00000000d0000000)
  object space 1310720K, 69% used [0x0000000080000000,0x00000000b7d8be80,0x00000000d0000000)
 Metaspace       used 112112K, capacity 114005K, committed 114304K, reserved 618496K
  class space    used 13143K, capacity 13636K, committed 13696K, reserved 516096K
}
{Heap before GC invocations=21 (full 0):
 PSYoungGen      total 688128K, used 688110K [0x00000000d0000000, 0x0000000100000000, 0x0000000100000000)
  eden space 589824K, 100% used [0x00000000d0000000,0x00000000f4000000,0x00000000f4000000)
  from space 98304K, 99% used [0x00000000fa000000,0x00000000ffffba68,0x0000000100000000)
  to   space 98304K, 0% used [0x00000000f4000000,0x00000000f4000000,0x00000000fa000000)
 ParOldGen       total 1310720K, used 915012K [0x0000000080000000, 0x00000000d0000000, 0x00000000d0000000)
  object space 1310720K, 69% used [0x0000000080000000,0x00000000b7d91178,0x00000000d0000000)
 Metaspace       used 112166K, capacity 114075K, committed 114304K, reserved 618496K
  class space    used 13144K, capacity 13637K, committed 13696K, reserved 516096K
2025-05-14T18:13:31.935+0900: 23.222: [GC (GCLocker Initiated GC) [PSYoungGen: 688110K->98298K(688128K)] 1603122K->1136754K(1998848K), 0.0908663 secs] [Times: user=0.27 sys=0.05, real=0.09 secs] 
Heap after GC invocations=21 (full 0):
 PSYoungGen      total 688128K, used 98298K [0x00000000d0000000, 0x0000000100000000, 0x0000000100000000)
  eden space 589824K, 0% used [0x00000000d0000000,0x00000000d0000000,0x00000000f4000000)
  from space 98304K, 99% used [0x00000000f4000000,0x00000000f9ffe978,0x00000000fa000000)
  to   space 98304K, 0% used [0x00000000fa000000,0x00000000fa000000,0x0000000100000000)
 ParOldGen       total 1310720K, used 1038455K [0x0000000080000000, 0x00000000d0000000, 0x00000000d0000000)
  object space 1310720K, 79% used [0x0000000080000000,0x00000000bf61dfd8,0x00000000d0000000)
 Metaspace       used 112166K, capacity 114075K, committed 114304K, reserved 618496K
  class space    used 13144K, capacity 13637K, committed 13696K, reserved 516096K
}
{Heap before GC invocations=22 (full 0):
 PSYoungGen      total 688128K, used 688122K [0x00000000d0000000, 0x0000000100000000, 0x0000000100000000)
  eden space 589824K, 100% used [0x00000000d0000000,0x00000000f4000000,0x00000000f4000000)
  from space 98304K, 99% used [0x00000000f4000000,0x00000000f9ffe978,0x00000000fa000000)
  to   space 98304K, 0% used [0x00000000fa000000,0x00000000fa000000,0x0000000100000000)
 ParOldGen       total 1310720K, used 1038473K [0x0000000080000000, 0x00000000d0000000, 0x00000000d0000000)
  object space 1310720K, 79% used [0x0000000080000000,0x00000000bf622610,0x00000000d0000000)
 Metaspace       used 112168K, capacity 114075K, committed 114304K, reserved 618496K
  class space    used 13144K, capacity 13637K, committed 13696K, reserved 516096K
2025-05-14T18:13:32.428+0900: 23.715: [GC (GCLocker Initiated GC) [PSYoungGen: 688122K->98276K(688128K)] 1726595K->1322979K(1998848K), 0.1265945 secs] [Times: user=0.32 sys=0.08, real=0.13 secs] 
Heap after GC invocations=22 (full 0):
 PSYoungGen      total 688128K, used 98276K [0x00000000d0000000, 0x0000000100000000, 0x0000000100000000)
  eden space 589824K, 0% used [0x00000000d0000000,0x00000000d0000000,0x00000000f4000000)
  from space 98304K, 99% used [0x00000000fa000000,0x00000000ffff91c8,0x0000000100000000)
  to   space 98304K, 0% used [0x00000000f4000000,0x00000000f4000000,0x00000000fa000000)
 ParOldGen       total 1310720K, used 1224703K [0x0000000080000000, 0x00000000d0000000, 0x00000000d0000000)
  object space 1310720K, 93% used [0x0000000080000000,0x00000000cabffd20,0x00000000d0000000)
 Metaspace       used 112168K, capacity 114075K, committed 114304K, reserved 618496K
  class space    used 13144K, capacity 13637K, committed 13696K, reserved 516096K
}
{Heap before GC invocations=23 (full 1):
 PSYoungGen      total 688128K, used 98276K [0x00000000d0000000, 0x0000000100000000, 0x0000000100000000)
  eden space 589824K, 0% used [0x00000000d0000000,0x00000000d0000000,0x00000000f4000000)
  from space 98304K, 99% used [0x00000000fa000000,0x00000000ffff91c8,0x0000000100000000)
  to   space 98304K, 0% used [0x00000000f4000000,0x00000000f4000000,0x00000000fa000000)
 ParOldGen       total 1310720K, used 1224703K [0x0000000080000000, 0x00000000d0000000, 0x00000000d0000000)
  object space 1310720K, 93% used [0x0000000080000000,0x00000000cabffd20,0x00000000d0000000)
 Metaspace       used 112168K, capacity 114075K, committed 114304K, reserved 618496K
  class space    used 13144K, capacity 13637K, committed 13696K, reserved 516096K
2025-05-14T18:13:32.555+0900: 23.842: [Full GC (Ergonomics) [PSYoungGen: 98276K->0K(688128K)] [ParOldGen: 1224703K->798607K(1310720K)] 1322979K->798607K(1998848K), [Metaspace: 112168K->112160K(618496K)], 0.5246974 secs] [Times: user=1.29 sys=0.02, real=0.53 secs] 
Heap after GC invocations=23 (full 1):
 PSYoungGen      total 688128K, used 0K [0x00000000d0000000, 0x0000000100000000, 0x0000000100000000)
  eden space 589824K, 0% used [0x00000000d0000000,0x00000000d0000000,0x00000000f4000000)
  from space 98304K, 0% used [0x00000000fa000000,0x00000000fa000000,0x0000000100000000)
  to   space 98304K, 0% used [0x00000000f4000000,0x00000000f4000000,0x00000000fa000000)
 ParOldGen       total 1310720K, used 798607K [0x0000000080000000, 0x00000000d0000000, 0x00000000d0000000)
  object space 1310720K, 60% used [0x0000000080000000,0x00000000b0be3ed0,0x00000000d0000000)
 Metaspace       used 112160K, capacity 114063K, committed 114304K, reserved 618496K
  class space    used 13143K, capacity 13635K, committed 13696K, reserved 516096K
}
{Heap before GC invocations=24 (full 1):
 PSYoungGen      total 688128K, used 589824K [0x00000000d0000000, 0x0000000100000000, 0x0000000100000000)
  eden space 589824K, 100% used [0x00000000d0000000,0x00000000f4000000,0x00000000f4000000)
  from space 98304K, 0% used [0x00000000fa000000,0x00000000fa000000,0x0000000100000000)
  to   space 98304K, 0% used [0x00000000f4000000,0x00000000f4000000,0x00000000fa000000)
 ParOldGen       total 1310720K, used 798660K [0x0000000080000000, 0x00000000d0000000, 0x00000000d0000000)
  object space 1310720K, 60% used [0x0000000080000000,0x00000000b0bf1220,0x00000000d0000000)
 Metaspace       used 112161K, capacity 114063K, committed 114304K, reserved 618496K
  class space    used 13143K, capacity 13635K, committed 13696K, reserved 516096K
2025-05-14T18:13:33.417+0900: 24.704: [GC (Allocation Failure) [PSYoungGen: 589824K->98301K(688128K)] 1388484K->997636K(1998848K), 0.0736587 secs] [Times: user=0.13 sys=0.00, real=0.08 secs] 
Heap after GC invocations=24 (full 1):
 PSYoungGen      total 688128K, used 98301K [0x00000000d0000000, 0x0000000100000000, 0x0000000100000000)
  eden space 589824K, 0% used [0x00000000d0000000,0x00000000d0000000,0x00000000f4000000)
  from space 98304K, 99% used [0x00000000f4000000,0x00000000f9fff580,0x00000000fa000000)
  to   space 98304K, 0% used [0x00000000fa000000,0x00000000fa000000,0x0000000100000000)
 ParOldGen       total 1310720K, used 899334K [0x0000000080000000, 0x00000000d0000000, 0x00000000d0000000)
  object space 1310720K, 68% used [0x0000000080000000,0x00000000b6e41aa8,0x00000000d0000000)
 Metaspace       used 112161K, capacity 114063K, committed 114304K, reserved 618496K
  class space    used 13143K, capacity 13635K, committed 13696K, reserved 516096K
}
{Heap before GC invocations=25 (full 1):
 PSYoungGen      total 688128K, used 688125K [0x00000000d0000000, 0x0000000100000000, 0x0000000100000000)
  eden space 589824K, 100% used [0x00000000d0000000,0x00000000f4000000,0x00000000f4000000)
  from space 98304K, 99% used [0x00000000f4000000,0x00000000f9fff580,0x00000000fa000000)
  to   space 98304K, 0% used [0x00000000fa000000,0x00000000fa000000,0x0000000100000000)
 ParOldGen       total 1310720K, used 899334K [0x0000000080000000, 0x00000000d0000000, 0x00000000d0000000)
  object space 1310720K, 68% used [0x0000000080000000,0x00000000b6e41aa8,0x00000000d0000000)
 Metaspace       used 112161K, capacity 114063K, committed 114304K, reserved 618496K
  class space    used 13143K, capacity 13635K, committed 13696K, reserved 516096K
2025-05-14T18:13:33.953+0900: 25.240: [GC (Allocation Failure) [PSYoungGen: 688125K->98293K(688128K)] 1587460K->1126281K(1998848K), 0.0707338 secs] [Times: user=0.13 sys=0.00, real=0.07 secs] 
Heap after GC invocations=25 (full 1):
 PSYoungGen      total 688128K, used 98293K [0x00000000d0000000, 0x0000000100000000, 0x0000000100000000)
  eden space 589824K, 0% used [0x00000000d0000000,0x00000000d0000000,0x00000000f4000000)
  from space 98304K, 99% used [0x00000000fa000000,0x00000000ffffd4b8,0x0000000100000000)
  to   space 98304K, 0% used [0x00000000f4000000,0x00000000f4000000,0x00000000fa000000)
 ParOldGen       total 1310720K, used 1027988K [0x0000000080000000, 0x00000000d0000000, 0x00000000d0000000)
  object space 1310720K, 78% used [0x0000000080000000,0x00000000bebe5228,0x00000000d0000000)
 Metaspace       used 112161K, capacity 114063K, committed 114304K, reserved 618496K
  class space    used 13143K, capacity 13635K, committed 13696K, reserved 516096K
}
{Heap before GC invocations=26 (full 1):
 PSYoungGen      total 688128K, used 688117K [0x00000000d0000000, 0x0000000100000000, 0x0000000100000000)
  eden space 589824K, 100% used [0x00000000d0000000,0x00000000f4000000,0x00000000f4000000)
  from space 98304K, 99% used [0x00000000fa000000,0x00000000ffffd4b8,0x0000000100000000)
  to   space 98304K, 0% used [0x00000000f4000000,0x00000000f4000000,0x00000000fa000000)
 ParOldGen       total 1310720K, used 1027988K [0x0000000080000000, 0x00000000d0000000, 0x00000000d0000000)
  object space 1310720K, 78% used [0x0000000080000000,0x00000000bebe5228,0x00000000d0000000)
 Metaspace       used 112162K, capacity 114063K, committed 114304K, reserved 618496K
  class space    used 13143K, capacity 13635K, committed 13696K, reserved 516096K
2025-05-14T18:13:34.922+0900: 26.209: [GC (Allocation Failure) [PSYoungGen: 688117K->98288K(688128K)] 1716105K->1235674K(1998848K), 0.0625959 secs] [Times: user=0.16 sys=0.00, real=0.06 secs] 
Heap after GC invocations=26 (full 1):
 PSYoungGen      total 688128K, used 98288K [0x00000000d0000000, 0x0000000100000000, 0x0000000100000000)
  eden space 589824K, 0% used [0x00000000d0000000,0x00000000d0000000,0x00000000f4000000)
  from space 98304K, 99% used [0x00000000f4000000,0x00000000f9ffc238,0x00000000fa000000)
  to   space 98304K, 0% used [0x00000000fa000000,0x00000000fa000000,0x0000000100000000)
 ParOldGen       total 1310720K, used 1137385K [0x0000000080000000, 0x00000000d0000000, 0x00000000d0000000)
  object space 1310720K, 86% used [0x0000000080000000,0x00000000c56ba640,0x00000000d0000000)
 Metaspace       used 112162K, capacity 114063K, committed 114304K, reserved 618496K
  class space    used 13143K, capacity 13635K, committed 13696K, reserved 516096K
}
{Heap before GC invocations=27 (full 2):
 PSYoungGen      total 688128K, used 98288K [0x00000000d0000000, 0x0000000100000000, 0x0000000100000000)
  eden space 589824K, 0% used [0x00000000d0000000,0x00000000d0000000,0x00000000f4000000)
  from space 98304K, 99% used [0x00000000f4000000,0x00000000f9ffc238,0x00000000fa000000)
  to   space 98304K, 0% used [0x00000000fa000000,0x00000000fa000000,0x0000000100000000)
 ParOldGen       total 1310720K, used 1137385K [0x0000000080000000, 0x00000000d0000000, 0x00000000d0000000)
  object space 1310720K, 86% used [0x0000000080000000,0x00000000c56ba640,0x00000000d0000000)
 Metaspace       used 112162K, capacity 114063K, committed 114304K, reserved 618496K
  class space    used 13143K, capacity 13635K, committed 13696K, reserved 516096K
2025-05-14T18:13:34.985+0900: 26.272: [Full GC (Ergonomics) [PSYoungGen: 98288K->0K(688128K)] [ParOldGen: 1137385K->349649K(1310720K)] 1235674K->349649K(1998848K), [Metaspace: 112162K->112162K(618496K)], 0.3561378 secs] [Times: user=0.95 sys=0.01, real=0.36 secs] 
Heap after GC invocations=27 (full 2):
 PSYoungGen      total 688128K, used 0K [0x00000000d0000000, 0x0000000100000000, 0x0000000100000000)
  eden space 589824K, 0% used [0x00000000d0000000,0x00000000d0000000,0x00000000f4000000)
  from space 98304K, 0% used [0x00000000f4000000,0x00000000f4000000,0x00000000fa000000)
  to   space 98304K, 0% used [0x00000000fa000000,0x00000000fa000000,0x0000000100000000)
 ParOldGen       total 1310720K, used 349649K [0x0000000080000000, 0x00000000d0000000, 0x00000000d0000000)
  object space 1310720K, 26% used [0x0000000080000000,0x00000000955744e0,0x00000000d0000000)
 Metaspace       used 112162K, capacity 114063K, committed 114304K, reserved 618496K
  class space    used 13143K, capacity 13635K, committed 13696K, reserved 516096K
}
{Heap before GC invocations=28 (full 2):
 PSYoungGen      total 688128K, used 589824K [0x00000000d0000000, 0x0000000100000000, 0x0000000100000000)
  eden space 589824K, 100% used [0x00000000d0000000,0x00000000f4000000,0x00000000f4000000)
  from space 98304K, 0% used [0x00000000f4000000,0x00000000f4000000,0x00000000fa000000)
  to   space 98304K, 0% used [0x00000000fa000000,0x00000000fa000000,0x0000000100000000)
 ParOldGen       total 1310720K, used 349649K [0x0000000080000000, 0x00000000d0000000, 0x00000000d0000000)
  object space 1310720K, 26% used [0x0000000080000000,0x00000000955744e0,0x00000000d0000000)
 Metaspace       used 113240K, capacity 115199K, committed 115456K, reserved 618496K
  class space    used 13525K, capacity 14031K, committed 14080K, reserved 516096K
2025-05-14T18:13:36.825+0900: 28.112: [GC (Allocation Failure) [PSYoungGen: 589824K->20762K(688128K)] 939473K->370419K(1998848K), 0.0127890 secs] [Times: user=0.04 sys=0.00, real=0.01 secs] 
Heap after GC invocations=28 (full 2):
 PSYoungGen      total 688128K, used 20762K [0x00000000d0000000, 0x0000000100000000, 0x0000000100000000)
  eden space 589824K, 0% used [0x00000000d0000000,0x00000000d0000000,0x00000000f4000000)
  from space 98304K, 21% used [0x00000000fa000000,0x00000000fb446a10,0x0000000100000000)
  to   space 98304K, 0% used [0x00000000f4000000,0x00000000f4000000,0x00000000fa000000)
 ParOldGen       total 1310720K, used 349657K [0x0000000080000000, 0x00000000d0000000, 0x00000000d0000000)
  object space 1310720K, 26% used [0x0000000080000000,0x00000000955764e0,0x00000000d0000000)
 Metaspace       used 113240K, capacity 115199K, committed 115456K, reserved 618496K
  class space    used 13525K, capacity 14031K, committed 14080K, reserved 516096K
}
{Heap before GC invocations=29 (full 2):
 PSYoungGen      total 688128K, used 610586K [0x00000000d0000000, 0x0000000100000000, 0x0000000100000000)
  eden space 589824K, 100% used [0x00000000d0000000,0x00000000f4000000,0x00000000f4000000)
  from space 98304K, 21% used [0x00000000fa000000,0x00000000fb446a10,0x0000000100000000)
  to   space 98304K, 0% used [0x00000000f4000000,0x00000000f4000000,0x00000000fa000000)
 ParOldGen       total 1310720K, used 349657K [0x0000000080000000, 0x00000000d0000000, 0x00000000d0000000)
  object space 1310720K, 26% used [0x0000000080000000,0x00000000955764e0,0x00000000d0000000)
 Metaspace       used 113245K, capacity 115199K, committed 115456K, reserved 618496K
  class space    used 13525K, capacity 14031K, committed 14080K, reserved 516096K
2025-05-14T18:13:38.744+0900: 30.031: [GC (Allocation Failure) [PSYoungGen: 610586K->8269K(688128K)] 960243K->357926K(1998848K), 0.0077553 secs] [Times: user=0.02 sys=0.00, real=0.01 secs] 
Heap after GC invocations=29 (full 2):
 PSYoungGen      total 688128K, used 8269K [0x00000000d0000000, 0x0000000100000000, 0x0000000100000000)
  eden space 589824K, 0% used [0x00000000d0000000,0x00000000d0000000,0x00000000f4000000)
  from space 98304K, 8% used [0x00000000f4000000,0x00000000f4813410,0x00000000fa000000)
  to   space 98304K, 0% used [0x00000000fa000000,0x00000000fa000000,0x0000000100000000)
 ParOldGen       total 1310720K, used 349657K [0x0000000080000000, 0x00000000d0000000, 0x00000000d0000000)
  object space 1310720K, 26% used [0x0000000080000000,0x00000000955764e0,0x00000000d0000000)
 Metaspace       used 113245K, capacity 115199K, committed 115456K, reserved 618496K
  class space    used 13525K, capacity 14031K, committed 14080K, reserved 516096K
}
{Heap before GC invocations=30 (full 2):
 PSYoungGen      total 688128K, used 598093K [0x00000000d0000000, 0x0000000100000000, 0x0000000100000000)
  eden space 589824K, 100% used [0x00000000d0000000,0x00000000f4000000,0x00000000f4000000)
  from space 98304K, 8% used [0x00000000f4000000,0x00000000f4813410,0x00000000fa000000)
  to   space 98304K, 0% used [0x00000000fa000000,0x00000000fa000000,0x0000000100000000)
 ParOldGen       total 1310720K, used 349657K [0x0000000080000000, 0x00000000d0000000, 0x00000000d0000000)
  object space 1310720K, 26% used [0x0000000080000000,0x00000000955764e0,0x00000000d0000000)
 Metaspace       used 113250K, capacity 115199K, committed 115456K, reserved 618496K
  class space    used 13525K, capacity 14031K, committed 14080K, reserved 516096K
2025-05-14T18:13:40.655+0900: 31.942: [GC (Allocation Failure) [PSYoungGen: 598093K->3481K(688128K)] 947750K->353139K(1998848K), 0.0057624 secs] [Times: user=0.01 sys=0.00, real=0.01 secs] 
Heap after GC invocations=30 (full 2):
 PSYoungGen      total 688128K, used 3481K [0x00000000d0000000, 0x0000000100000000, 0x0000000100000000)
  eden space 589824K, 0% used [0x00000000d0000000,0x00000000d0000000,0x00000000f4000000)
  from space 98304K, 3% used [0x00000000fa000000,0x00000000fa3667a8,0x0000000100000000)
  to   space 98304K, 0% used [0x00000000f4000000,0x00000000f4000000,0x00000000fa000000)
 ParOldGen       total 1310720K, used 349657K [0x0000000080000000, 0x00000000d0000000, 0x00000000d0000000)
  object space 1310720K, 26% used [0x0000000080000000,0x00000000955764e0,0x00000000d0000000)
 Metaspace       used 113250K, capacity 115199K, committed 115456K, reserved 618496K
  class space    used 13525K, capacity 14031K, committed 14080K, reserved 516096K
}
{Heap before GC invocations=31 (full 2):
 PSYoungGen      total 688128K, used 593305K [0x00000000d0000000, 0x0000000100000000, 0x0000000100000000)
  eden space 589824K, 100% used [0x00000000d0000000,0x00000000f4000000,0x00000000f4000000)
  from space 98304K, 3% used [0x00000000fa000000,0x00000000fa3667a8,0x0000000100000000)
  to   space 98304K, 0% used [0x00000000f4000000,0x00000000f4000000,0x00000000fa000000)
 ParOldGen       total 1310720K, used 349657K [0x0000000080000000, 0x00000000d0000000, 0x00000000d0000000)
  object space 1310720K, 26% used [0x0000000080000000,0x00000000955764e0,0x00000000d0000000)
 Metaspace       used 113254K, capacity 115199K, committed 115456K, reserved 618496K
  class space    used 13525K, capacity 14031K, committed 14080K, reserved 516096K
2025-05-14T18:13:42.600+0900: 33.887: [GC (Allocation Failure) [PSYoungGen: 593305K->21813K(688128K)] 942963K->371470K(1998848K), 0.0155484 secs] [Times: user=0.04 sys=0.00, real=0.01 secs] 
Heap after GC invocations=31 (full 2):
 PSYoungGen      total 688128K, used 21813K [0x00000000d0000000, 0x0000000100000000, 0x0000000100000000)
  eden space 589824K, 0% used [0x00000000d0000000,0x00000000d0000000,0x00000000f4000000)
  from space 98304K, 22% used [0x00000000f4000000,0x00000000f554d550,0x00000000fa000000)
  to   space 98304K, 0% used [0x00000000fa000000,0x00000000fa000000,0x0000000100000000)
 ParOldGen       total 1310720K, used 349657K [0x0000000080000000, 0x00000000d0000000, 0x00000000d0000000)
  object space 1310720K, 26% used [0x0000000080000000,0x00000000955764e0,0x00000000d0000000)
 Metaspace       used 113254K, capacity 115199K, committed 115456K, reserved 618496K
  class space    used 13525K, capacity 14031K, committed 14080K, reserved 516096K
}
{Heap before GC invocations=32 (full 2):
 PSYoungGen      total 688128K, used 611637K [0x00000000d0000000, 0x0000000100000000, 0x0000000100000000)
  eden space 589824K, 100% used [0x00000000d0000000,0x00000000f4000000,0x00000000f4000000)
  from space 98304K, 22% used [0x00000000f4000000,0x00000000f554d550,0x00000000fa000000)
  to   space 98304K, 0% used [0x00000000fa000000,0x00000000fa000000,0x0000000100000000)
 ParOldGen       total 1310720K, used 349657K [0x0000000080000000, 0x00000000d0000000, 0x00000000d0000000)
  object space 1310720K, 26% used [0x0000000080000000,0x00000000955764e0,0x00000000d0000000)
 Metaspace       used 113262K, capacity 115199K, committed 115456K, reserved 618496K
  class space    used 13525K, capacity 14031K, committed 14080K, reserved 516096K
2025-05-14T18:13:44.531+0900: 35.818: [GC (Allocation Failure) [PSYoungGen: 611637K->14428K(688128K)] 961294K->364093K(1998848K), 0.0106066 secs] [Times: user=0.02 sys=0.00, real=0.01 secs] 
Heap after GC invocations=32 (full 2):
 PSYoungGen      total 688128K, used 14428K [0x00000000d0000000, 0x0000000100000000, 0x0000000100000000)
  eden space 589824K, 0% used [0x00000000d0000000,0x00000000d0000000,0x00000000f4000000)
  from space 98304K, 14% used [0x00000000fa000000,0x00000000fae17028,0x0000000100000000)
  to   space 98304K, 0% used [0x00000000f4000000,0x00000000f4000000,0x00000000fa000000)
 ParOldGen       total 1310720K, used 349665K [0x0000000080000000, 0x00000000d0000000, 0x00000000d0000000)
  object space 1310720K, 26% used [0x0000000080000000,0x00000000955784e0,0x00000000d0000000)
 Metaspace       used 113262K, capacity 115199K, committed 115456K, reserved 618496K
  class space    used 13525K, capacity 14031K, committed 14080K, reserved 516096K
}
{Heap before GC invocations=33 (full 2):
 PSYoungGen      total 688128K, used 604252K [0x00000000d0000000, 0x0000000100000000, 0x0000000100000000)
  eden space 589824K, 100% used [0x00000000d0000000,0x00000000f4000000,0x00000000f4000000)
  from space 98304K, 14% used [0x00000000fa000000,0x00000000fae17028,0x0000000100000000)
  to   space 98304K, 0% used [0x00000000f4000000,0x00000000f4000000,0x00000000fa000000)
 ParOldGen       total 1310720K, used 349665K [0x0000000080000000, 0x00000000d0000000, 0x00000000d0000000)
  object space 1310720K, 26% used [0x0000000080000000,0x00000000955784e0,0x00000000d0000000)
 Metaspace       used 113264K, capacity 115199K, committed 115456K, reserved 618496K
  class space    used 13525K, capacity 14031K, committed 14080K, reserved 516096K
2025-05-14T18:13:46.457+0900: 37.745: [GC (Allocation Failure) [PSYoungGen: 604252K->7260K(688128K)] 953917K->356925K(1998848K), 0.0080051 secs] [Times: user=0.01 sys=0.00, real=0.01 secs] 
Heap after GC invocations=33 (full 2):
 PSYoungGen      total 688128K, used 7260K [0x00000000d0000000, 0x0000000100000000, 0x0000000100000000)
  eden space 589824K, 0% used [0x00000000d0000000,0x00000000d0000000,0x00000000f4000000)
  from space 98304K, 7% used [0x00000000f4000000,0x00000000f4717028,0x00000000fa000000)
  to   space 98304K, 0% used [0x00000000fa000000,0x00000000fa000000,0x0000000100000000)
 ParOldGen       total 1310720K, used 349665K [0x0000000080000000, 0x00000000d0000000, 0x00000000d0000000)
  object space 1310720K, 26% used [0x0000000080000000,0x00000000955784e0,0x00000000d0000000)
 Metaspace       used 113264K, capacity 115199K, committed 115456K, reserved 618496K
  class space    used 13525K, capacity 14031K, committed 14080K, reserved 516096K
}
{Heap before GC invocations=34 (full 2):
 PSYoungGen      total 688128K, used 597084K [0x00000000d0000000, 0x0000000100000000, 0x0000000100000000)
  eden space 589824K, 100% used [0x00000000d0000000,0x00000000f4000000,0x00000000f4000000)
  from space 98304K, 7% used [0x00000000f4000000,0x00000000f4717028,0x00000000fa000000)
  to   space 98304K, 0% used [0x00000000fa000000,0x00000000fa000000,0x0000000100000000)
 ParOldGen       total 1310720K, used 349665K [0x0000000080000000, 0x00000000d0000000, 0x00000000d0000000)
  object space 1310720K, 26% used [0x0000000080000000,0x00000000955784e0,0x00000000d0000000)
 Metaspace       used 113268K, capacity 115199K, committed 115456K, reserved 618496K
  class space    used 13525K, capacity 14031K, committed 14080K, reserved 516096K
2025-05-14T18:13:48.348+0900: 39.635: [GC (Allocation Failure) [PSYoungGen: 597084K->23881K(688128K)] 946749K->373547K(1998848K), 0.0133262 secs] [Times: user=0.05 sys=0.00, real=0.02 secs] 
Heap after GC invocations=34 (full 2):
 PSYoungGen      total 688128K, used 23881K [0x00000000d0000000, 0x0000000100000000, 0x0000000100000000)
  eden space 589824K, 0% used [0x00000000d0000000,0x00000000d0000000,0x00000000f4000000)
  from space 98304K, 24% used [0x00000000fa000000,0x00000000fb7527a8,0x0000000100000000)
  to   space 98304K, 0% used [0x00000000f4000000,0x00000000f4000000,0x00000000fa000000)
 ParOldGen       total 1310720K, used 349665K [0x0000000080000000, 0x00000000d0000000, 0x00000000d0000000)
  object space 1310720K, 26% used [0x0000000080000000,0x00000000955784e0,0x00000000d0000000)
 Metaspace       used 113268K, capacity 115199K, committed 115456K, reserved 618496K
  class space    used 13525K, capacity 14031K, committed 14080K, reserved 516096K
}
{Heap before GC invocations=35 (full 2):
 PSYoungGen      total 688128K, used 613705K [0x00000000d0000000, 0x0000000100000000, 0x0000000100000000)
  eden space 589824K, 100% used [0x00000000d0000000,0x00000000f4000000,0x00000000f4000000)
  from space 98304K, 24% used [0x00000000fa000000,0x00000000fb7527a8,0x0000000100000000)
  to   space 98304K, 0% used [0x00000000f4000000,0x00000000f4000000,0x00000000fa000000)
 ParOldGen       total 1310720K, used 349665K [0x0000000080000000, 0x00000000d0000000, 0x00000000d0000000)
  object space 1310720K, 26% used [0x0000000080000000,0x00000000955784e0,0x00000000d0000000)
 Metaspace       used 113289K, capacity 115263K, committed 115456K, reserved 618496K
  class space    used 13525K, capacity 14031K, committed 14080K, reserved 516096K
2025-05-14T18:13:50.248+0900: 41.535: [GC (Allocation Failure) [PSYoungGen: 613705K->12572K(688128K)] 963371K->362245K(1998848K), 0.0102046 secs] [Times: user=0.02 sys=0.00, real=0.01 secs] 
Heap after GC invocations=35 (full 2):
 PSYoungGen      total 688128K, used 12572K [0x00000000d0000000, 0x0000000100000000, 0x0000000100000000)
  eden space 589824K, 0% used [0x00000000d0000000,0x00000000d0000000,0x00000000f4000000)
  from space 98304K, 12% used [0x00000000f4000000,0x00000000f4c47028,0x00000000fa000000)
  to   space 98304K, 0% used [0x00000000fa000000,0x00000000fa000000,0x0000000100000000)
 ParOldGen       total 1310720K, used 349673K [0x0000000080000000, 0x00000000d0000000, 0x00000000d0000000)
  object space 1310720K, 26% used [0x0000000080000000,0x000000009557a4e0,0x00000000d0000000)
 Metaspace       used 113289K, capacity 115263K, committed 115456K, reserved 618496K
  class space    used 13525K, capacity 14031K, committed 14080K, reserved 516096K
}
{Heap before GC invocations=36 (full 2):
 PSYoungGen      total 688128K, used 602396K [0x00000000d0000000, 0x0000000100000000, 0x0000000100000000)
  eden space 589824K, 100% used [0x00000000d0000000,0x00000000f4000000,0x00000000f4000000)
  from space 98304K, 12% used [0x00000000f4000000,0x00000000f4c47028,0x00000000fa000000)
  to   space 98304K, 0% used [0x00000000fa000000,0x00000000fa000000,0x0000000100000000)
 ParOldGen       total 1310720K, used 349673K [0x0000000080000000, 0x00000000d0000000, 0x00000000d0000000)
  object space 1310720K, 26% used [0x0000000080000000,0x000000009557a4e0,0x00000000d0000000)
 Metaspace       used 113297K, capacity 115263K, committed 115456K, reserved 618496K
  class space    used 13525K, capacity 14031K, committed 14080K, reserved 516096K
2025-05-14T18:13:52.178+0900: 43.465: [GC (Allocation Failure) [PSYoungGen: 602396K->6575K(688128K)] 952069K->356248K(1998848K), 0.0061072 secs] [Times: user=0.01 sys=0.00, real=0.00 secs] 
Heap after GC invocations=36 (full 2):
 PSYoungGen      total 688128K, used 6575K [0x00000000d0000000, 0x0000000100000000, 0x0000000100000000)
  eden space 589824K, 0% used [0x00000000d0000000,0x00000000d0000000,0x00000000f4000000)
  from space 98304K, 6% used [0x00000000fa000000,0x00000000fa66bc80,0x0000000100000000)
  to   space 98304K, 0% used [0x00000000f4000000,0x00000000f4000000,0x00000000fa000000)
 ParOldGen       total 1310720K, used 349673K [0x0000000080000000, 0x00000000d0000000, 0x00000000d0000000)
  object space 1310720K, 26% used [0x0000000080000000,0x000000009557a4e0,0x00000000d0000000)
 Metaspace       used 113297K, capacity 115263K, committed 115456K, reserved 618496K
  class space    used 13525K, capacity 14031K, committed 14080K, reserved 516096K
}
{Heap before GC invocations=37 (full 2):
 PSYoungGen      total 688128K, used 596399K [0x00000000d0000000, 0x0000000100000000, 0x0000000100000000)
  eden space 589824K, 100% used [0x00000000d0000000,0x00000000f4000000,0x00000000f4000000)
  from space 98304K, 6% used [0x00000000fa000000,0x00000000fa66bc80,0x0000000100000000)
  to   space 98304K, 0% used [0x00000000f4000000,0x00000000f4000000,0x00000000fa000000)
 ParOldGen       total 1310720K, used 349673K [0x0000000080000000, 0x00000000d0000000, 0x00000000d0000000)
  object space 1310720K, 26% used [0x0000000080000000,0x000000009557a4e0,0x00000000d0000000)
 Metaspace       used 113302K, capacity 115327K, committed 115456K, reserved 618496K
  class space    used 13525K, capacity 14031K, committed 14080K, reserved 516096K
2025-05-14T18:13:54.083+0900: 45.370: [GC (Allocation Failure) [PSYoungGen: 596399K->27004K(688128K)] 946072K->376677K(1998848K), 0.0169956 secs] [Times: user=0.05 sys=0.00, real=0.02 secs] 
Heap after GC invocations=37 (full 2):
 PSYoungGen      total 688128K, used 27004K [0x00000000d0000000, 0x0000000100000000, 0x0000000100000000)
  eden space 589824K, 0% used [0x00000000d0000000,0x00000000d0000000,0x00000000f4000000)
  from space 98304K, 27% used [0x00000000f4000000,0x00000000f5a5f028,0x00000000fa000000)
  to   space 98304K, 0% used [0x00000000fa000000,0x00000000fa000000,0x0000000100000000)
 ParOldGen       total 1310720K, used 349673K [0x0000000080000000, 0x00000000d0000000, 0x00000000d0000000)
  object space 1310720K, 26% used [0x0000000080000000,0x000000009557a4e0,0x00000000d0000000)
 Metaspace       used 113302K, capacity 115327K, committed 115456K, reserved 618496K
  class space    used 13525K, capacity 14031K, committed 14080K, reserved 516096K
}
{Heap before GC invocations=38 (full 2):
 PSYoungGen      total 688128K, used 616828K [0x00000000d0000000, 0x0000000100000000, 0x0000000100000000)
  eden space 589824K, 100% used [0x00000000d0000000,0x00000000f4000000,0x00000000f4000000)
  from space 98304K, 27% used [0x00000000f4000000,0x00000000f5a5f028,0x00000000fa000000)
  to   space 98304K, 0% used [0x00000000fa000000,0x00000000fa000000,0x0000000100000000)
 ParOldGen       total 1310720K, used 349673K [0x0000000080000000, 0x00000000d0000000, 0x00000000d0000000)
  object space 1310720K, 26% used [0x0000000080000000,0x000000009557a4e0,0x00000000d0000000)
 Metaspace       used 113302K, capacity 115327K, committed 115456K, reserved 618496K
  class space    used 13525K, capacity 14031K, committed 14080K, reserved 516096K
2025-05-14T18:13:55.988+0900: 47.275: [GC (Allocation Failure) [PSYoungGen: 616828K->18108K(688128K)] 966501K->367781K(1998848K), 0.0120173 secs] [Times: user=0.03 sys=0.00, real=0.02 secs] 
Heap after GC invocations=38 (full 2):
 PSYoungGen      total 688128K, used 18108K [0x00000000d0000000, 0x0000000100000000, 0x0000000100000000)
  eden space 589824K, 0% used [0x00000000d0000000,0x00000000d0000000,0x00000000f4000000)
  from space 98304K, 18% used [0x00000000fa000000,0x00000000fb1af028,0x0000000100000000)
  to   space 98304K, 0% used [0x00000000f4000000,0x00000000f4000000,0x00000000fa000000)
 ParOldGen       total 1310720K, used 349673K [0x0000000080000000, 0x00000000d0000000, 0x00000000d0000000)
  object space 1310720K, 26% used [0x0000000080000000,0x000000009557a4e0,0x00000000d0000000)
 Metaspace       used 113302K, capacity 115327K, committed 115456K, reserved 618496K
  class space    used 13525K, capacity 14031K, committed 14080K, reserved 516096K
}
{Heap before GC invocations=39 (full 2):
 PSYoungGen      total 688128K, used 607932K [0x00000000d0000000, 0x0000000100000000, 0x0000000100000000)
  eden space 589824K, 100% used [0x00000000d0000000,0x00000000f4000000,0x00000000f4000000)
  from space 98304K, 18% used [0x00000000fa000000,0x00000000fb1af028,0x0000000100000000)
  to   space 98304K, 0% used [0x00000000f4000000,0x00000000f4000000,0x00000000fa000000)
 ParOldGen       total 1310720K, used 349673K [0x0000000080000000, 0x00000000d0000000, 0x00000000d0000000)
  object space 1310720K, 26% used [0x0000000080000000,0x000000009557a4e0,0x00000000d0000000)
 Metaspace       used 113306K, capacity 115327K, committed 115456K, reserved 618496K
  class space    used 13525K, capacity 14031K, committed 14080K, reserved 516096K
2025-05-14T18:13:57.900+0900: 49.187: [GC (Allocation Failure) [PSYoungGen: 607932K->10089K(688128K)] 957605K->359763K(1998848K), 0.0082466 secs] [Times: user=0.02 sys=0.00, real=0.01 secs] 
Heap after GC invocations=39 (full 2):
 PSYoungGen      total 688128K, used 10089K [0x00000000d0000000, 0x0000000100000000, 0x0000000100000000)
  eden space 589824K, 0% used [0x00000000d0000000,0x00000000d0000000,0x00000000f4000000)
  from space 98304K, 10% used [0x00000000f4000000,0x00000000f49da7a8,0x00000000fa000000)
  to   space 98304K, 0% used [0x00000000fa000000,0x00000000fa000000,0x0000000100000000)
 ParOldGen       total 1310720K, used 349673K [0x0000000080000000, 0x00000000d0000000, 0x00000000d0000000)
  object space 1310720K, 26% used [0x0000000080000000,0x000000009557a4e0,0x00000000d0000000)
 Metaspace       used 113306K, capacity 115327K, committed 115456K, reserved 618496K
  class space    used 13525K, capacity 14031K, committed 14080K, reserved 516096K
}
{Heap before GC invocations=40 (full 2):
 PSYoungGen      total 688128K, used 599913K [0x00000000d0000000, 0x0000000100000000, 0x0000000100000000)
  eden space 589824K, 100% used [0x00000000d0000000,0x00000000f4000000,0x00000000f4000000)
  from space 98304K, 10% used [0x00000000f4000000,0x00000000f49da7a8,0x00000000fa000000)
  to   space 98304K, 0% used [0x00000000fa000000,0x00000000fa000000,0x0000000100000000)
 ParOldGen       total 1310720K, used 349673K [0x0000000080000000, 0x00000000d0000000, 0x00000000d0000000)
  object space 1310720K, 26% used [0x0000000080000000,0x000000009557a4e0,0x00000000d0000000)
 Metaspace       used 113314K, capacity 115327K, committed 115456K, reserved 618496K
  class space    used 13525K, capacity 14031K, committed 14080K, reserved 516096K
2025-05-14T18:13:59.818+0900: 51.105: [GC (Allocation Failure) [PSYoungGen: 599913K->4405K(688128K)] 949587K->354078K(1998848K), 0.0072181 secs] [Times: user=0.02 sys=0.00, real=0.01 secs] 
Heap after GC invocations=40 (full 2):
 PSYoungGen      total 688128K, used 4405K [0x00000000d0000000, 0x0000000100000000, 0x0000000100000000)
  eden space 589824K, 0% used [0x00000000d0000000,0x00000000d0000000,0x00000000f4000000)
  from space 98304K, 4% used [0x00000000fa000000,0x00000000fa44d550,0x0000000100000000)
  to   space 98304K, 0% used [0x00000000f4000000,0x00000000f4000000,0x00000000fa000000)
 ParOldGen       total 1310720K, used 349673K [0x0000000080000000, 0x00000000d0000000, 0x00000000d0000000)
  object space 1310720K, 26% used [0x0000000080000000,0x000000009557a4e0,0x00000000d0000000)
 Metaspace       used 113314K, capacity 115327K, committed 115456K, reserved 618496K
  class space    used 13525K, capacity 14031K, committed 14080K, reserved 516096K
}
{Heap before GC invocations=41 (full 2):
 PSYoungGen      total 688128K, used 594229K [0x00000000d0000000, 0x0000000100000000, 0x0000000100000000)
  eden space 589824K, 100% used [0x00000000d0000000,0x00000000f4000000,0x00000000f4000000)
  from space 98304K, 4% used [0x00000000fa000000,0x00000000fa44d550,0x0000000100000000)
  to   space 98304K, 0% used [0x00000000f4000000,0x00000000f4000000,0x00000000fa000000)
 ParOldGen       total 1310720K, used 349673K [0x0000000080000000, 0x00000000d0000000, 0x00000000d0000000)
  object space 1310720K, 26% used [0x0000000080000000,0x000000009557a4e0,0x00000000d0000000)
 Metaspace       used 114565K, capacity 116573K, committed 116864K, reserved 620544K
  class space    used 13663K, capacity 14164K, committed 14208K, reserved 516096K
2025-05-14T18:14:01.471+0900: 52.758: [GC (Allocation Failure) [PSYoungGen: 594229K->9712K(688128K)] 943902K->359385K(1998848K), 0.0126886 secs] [Times: user=0.03 sys=0.00, real=0.01 secs] 
Heap after GC invocations=41 (full 2):
 PSYoungGen      total 688128K, used 9712K [0x00000000d0000000, 0x0000000100000000, 0x0000000100000000)
  eden space 589824K, 0% used [0x00000000d0000000,0x00000000d0000000,0x00000000f4000000)
  from space 98304K, 9% used [0x00000000f4000000,0x00000000f497c200,0x00000000fa000000)
  to   space 98304K, 0% used [0x00000000fa000000,0x00000000fa000000,0x0000000100000000)
 ParOldGen       total 1310720K, used 349673K [0x0000000080000000, 0x00000000d0000000, 0x00000000d0000000)
  object space 1310720K, 26% used [0x0000000080000000,0x000000009557a4e0,0x00000000d0000000)
 Metaspace       used 114565K, capacity 116573K, committed 116864K, reserved 620544K
  class space    used 13663K, capacity 14164K, committed 14208K, reserved 516096K
}
{Heap before GC invocations=42 (full 2):
 PSYoungGen      total 688128K, used 599536K [0x00000000d0000000, 0x0000000100000000, 0x0000000100000000)
  eden space 589824K, 100% used [0x00000000d0000000,0x00000000f4000000,0x00000000f4000000)
  from space 98304K, 9% used [0x00000000f4000000,0x00000000f497c200,0x00000000fa000000)
  to   space 98304K, 0% used [0x00000000fa000000,0x00000000fa000000,0x0000000100000000)
 ParOldGen       total 1310720K, used 349673K [0x0000000080000000, 0x00000000d0000000, 0x00000000d0000000)
  object space 1310720K, 26% used [0x0000000080000000,0x000000009557a4e0,0x00000000d0000000)
 Metaspace       used 121358K, capacity 123531K, committed 123776K, reserved 624640K
  class space    used 14636K, capacity 15149K, committed 15232K, reserved 516096K
2025-05-14T18:14:02.600+0900: 53.887: [GC (Allocation Failure) [PSYoungGen: 599536K->40287K(688128K)] 949209K->389979K(1998848K), 0.0325423 secs] [Times: user=0.07 sys=0.00, real=0.03 secs] 
Heap after GC invocations=42 (full 2):
 PSYoungGen      total 688128K, used 40287K [0x00000000d0000000, 0x0000000100000000, 0x0000000100000000)
  eden space 589824K, 0% used [0x00000000d0000000,0x00000000d0000000,0x00000000f4000000)
  from space 98304K, 40% used [0x00000000fa000000,0x00000000fc757d80,0x0000000100000000)
  to   space 98304K, 0% used [0x00000000f4000000,0x00000000f4000000,0x00000000fa000000)
 ParOldGen       total 1310720K, used 349692K [0x0000000080000000, 0x00000000d0000000, 0x00000000d0000000)
  object space 1310720K, 26% used [0x0000000080000000,0x000000009557f130,0x00000000d0000000)
 Metaspace       used 121358K, capacity 123531K, committed 123776K, reserved 624640K
  class space    used 14636K, capacity 15149K, committed 15232K, reserved 516096K
}
{Heap before GC invocations=43 (full 2):
 PSYoungGen      total 688128K, used 630111K [0x00000000d0000000, 0x0000000100000000, 0x0000000100000000)
  eden space 589824K, 100% used [0x00000000d0000000,0x00000000f4000000,0x00000000f4000000)
  from space 98304K, 40% used [0x00000000fa000000,0x00000000fc757d80,0x0000000100000000)
  to   space 98304K, 0% used [0x00000000f4000000,0x00000000f4000000,0x00000000fa000000)
 ParOldGen       total 1310720K, used 349692K [0x0000000080000000, 0x00000000d0000000, 0x00000000d0000000)
  object space 1310720K, 26% used [0x0000000080000000,0x000000009557f130,0x00000000d0000000)
 Metaspace       used 127203K, capacity 129441K, committed 129536K, reserved 630784K
  class space    used 15492K, capacity 16070K, committed 16128K, reserved 516096K
2025-05-14T18:14:03.838+0900: 55.125: [GC (Allocation Failure) [PSYoungGen: 630111K->49687K(688128K)] 979803K->402014K(1998848K), 0.0345858 secs] [Times: user=0.06 sys=0.00, real=0.04 secs] 
Heap after GC invocations=43 (full 2):
 PSYoungGen      total 688128K, used 49687K [0x00000000d0000000, 0x0000000100000000, 0x0000000100000000)
  eden space 589824K, 0% used [0x00000000d0000000,0x00000000d0000000,0x00000000f4000000)
  from space 98304K, 50% used [0x00000000f4000000,0x00000000f7085eb0,0x00000000fa000000)
  to   space 98304K, 0% used [0x00000000fa000000,0x00000000fa000000,0x0000000100000000)
 ParOldGen       total 1310720K, used 352327K [0x0000000080000000, 0x00000000d0000000, 0x00000000d0000000)
  object space 1310720K, 26% used [0x0000000080000000,0x0000000095811c10,0x00000000d0000000)
 Metaspace       used 127203K, capacity 129441K, committed 129536K, reserved 630784K
  class space    used 15492K, capacity 16070K, committed 16128K, reserved 516096K
}
{Heap before GC invocations=44 (full 2):
 PSYoungGen      total 688128K, used 639511K [0x00000000d0000000, 0x0000000100000000, 0x0000000100000000)
  eden space 589824K, 100% used [0x00000000d0000000,0x00000000f4000000,0x00000000f4000000)
  from space 98304K, 50% used [0x00000000f4000000,0x00000000f7085eb0,0x00000000fa000000)
  to   space 98304K, 0% used [0x00000000fa000000,0x00000000fa000000,0x0000000100000000)
 ParOldGen       total 1310720K, used 352327K [0x0000000080000000, 0x00000000d0000000, 0x00000000d0000000)
  object space 1310720K, 26% used [0x0000000080000000,0x0000000095811c10,0x00000000d0000000)
 Metaspace       used 131673K, capacity 134003K, committed 134144K, reserved 634880K
  class space    used 16026K, capacity 16569K, committed 16640K, reserved 516096K
2025-05-14T18:14:05.346+0900: 56.633: [GC (Allocation Failure) [PSYoungGen: 639511K->41606K(688128K)] 991838K->393957K(1998848K), 0.0346833 secs] [Times: user=0.12 sys=0.00, real=0.04 secs] 
Heap after GC invocations=44 (full 2):
 PSYoungGen      total 688128K, used 41606K [0x00000000d0000000, 0x0000000100000000, 0x0000000100000000)
  eden space 589824K, 0% used [0x00000000d0000000,0x00000000d0000000,0x00000000f4000000)
  from space 98304K, 42% used [0x00000000fa000000,0x00000000fc8a1a80,0x0000000100000000)
  to   space 98304K, 0% used [0x00000000f4000000,0x00000000f4000000,0x00000000fa000000)
 ParOldGen       total 1310720K, used 352351K [0x0000000080000000, 0x00000000d0000000, 0x00000000d0000000)
  object space 1310720K, 26% used [0x0000000080000000,0x0000000095817c10,0x00000000d0000000)
 Metaspace       used 131673K, capacity 134003K, committed 134144K, reserved 634880K
  class space    used 16026K, capacity 16569K, committed 16640K, reserved 516096K
}
{Heap before GC invocations=45 (full 2):
 PSYoungGen      total 688128K, used 631430K [0x00000000d0000000, 0x0000000100000000, 0x0000000100000000)
  eden space 589824K, 100% used [0x00000000d0000000,0x00000000f4000000,0x00000000f4000000)
  from space 98304K, 42% used [0x00000000fa000000,0x00000000fc8a1a80,0x0000000100000000)
  to   space 98304K, 0% used [0x00000000f4000000,0x00000000f4000000,0x00000000fa000000)
 ParOldGen       total 1310720K, used 352351K [0x0000000080000000, 0x00000000d0000000, 0x00000000d0000000)
  object space 1310720K, 26% used [0x0000000080000000,0x0000000095817c10,0x00000000d0000000)
 Metaspace       used 140220K, capacity 142510K, committed 142848K, reserved 643072K
  class space    used 16316K, capacity 16857K, committed 16896K, reserved 516096K
2025-05-14T18:14:07.526+0900: 58.814: [GC (Allocation Failure) [PSYoungGen: 631430K->24125K(688128K)] 983781K->376492K(1998848K), 0.0191346 secs] [Times: user=0.04 sys=0.00, real=0.02 secs] 
Heap after GC invocations=45 (full 2):
 PSYoungGen      total 688128K, used 24125K [0x00000000d0000000, 0x0000000100000000, 0x0000000100000000)
  eden space 589824K, 0% used [0x00000000d0000000,0x00000000d0000000,0x00000000f4000000)
  from space 98304K, 24% used [0x00000000f4000000,0x00000000f578f6f8,0x00000000fa000000)
  to   space 98304K, 0% used [0x00000000fa000000,0x00000000fa000000,0x0000000100000000)
 ParOldGen       total 1310720K, used 352367K [0x0000000080000000, 0x00000000d0000000, 0x00000000d0000000)
  object space 1310720K, 26% used [0x0000000080000000,0x000000009581bc10,0x00000000d0000000)
 Metaspace       used 140220K, capacity 142510K, committed 142848K, reserved 643072K
  class space    used 16316K, capacity 16857K, committed 16896K, reserved 516096K
}
{Heap before GC invocations=46 (full 2):
 PSYoungGen      total 688128K, used 613949K [0x00000000d0000000, 0x0000000100000000, 0x0000000100000000)
  eden space 589824K, 100% used [0x00000000d0000000,0x00000000f4000000,0x00000000f4000000)
  from space 98304K, 24% used [0x00000000f4000000,0x00000000f578f6f8,0x00000000fa000000)
  to   space 98304K, 0% used [0x00000000fa000000,0x00000000fa000000,0x0000000100000000)
 ParOldGen       total 1310720K, used 352367K [0x0000000080000000, 0x00000000d0000000, 0x00000000d0000000)
  object space 1310720K, 26% used [0x0000000080000000,0x000000009581bc10,0x00000000d0000000)
 Metaspace       used 147253K, capacity 149514K, committed 149888K, reserved 649216K
  class space    used 16410K, capacity 16953K, committed 17024K, reserved 516096K
2025-05-14T18:14:09.366+0900: 60.653: [GC (Allocation Failure) [PSYoungGen: 613949K->15600K(688128K)] 966316K->367991K(1998848K), 0.0112245 secs] [Times: user=0.03 sys=0.00, real=0.01 secs] 
Heap after GC invocations=46 (full 2):
 PSYoungGen      total 688128K, used 15600K [0x00000000d0000000, 0x0000000100000000, 0x0000000100000000)
  eden space 589824K, 0% used [0x00000000d0000000,0x00000000d0000000,0x00000000f4000000)
  from space 98304K, 15% used [0x00000000fa000000,0x00000000faf3c238,0x0000000100000000)
  to   space 98304K, 0% used [0x00000000f4000000,0x00000000f4000000,0x00000000fa000000)
 ParOldGen       total 1310720K, used 352391K [0x0000000080000000, 0x00000000d0000000, 0x00000000d0000000)
  object space 1310720K, 26% used [0x0000000080000000,0x0000000095821c10,0x00000000d0000000)
 Metaspace       used 147253K, capacity 149514K, committed 149888K, reserved 649216K
  class space    used 16410K, capacity 16953K, committed 17024K, reserved 516096K
}
{Heap before GC invocations=47 (full 2):
 PSYoungGen      total 688128K, used 605424K [0x00000000d0000000, 0x0000000100000000, 0x0000000100000000)
  eden space 589824K, 100% used [0x00000000d0000000,0x00000000f4000000,0x00000000f4000000)
  from space 98304K, 15% used [0x00000000fa000000,0x00000000faf3c238,0x0000000100000000)
  to   space 98304K, 0% used [0x00000000f4000000,0x00000000f4000000,0x00000000fa000000)
 ParOldGen       total 1310720K, used 352391K [0x0000000080000000, 0x00000000d0000000, 0x00000000d0000000)
  object space 1310720K, 26% used [0x0000000080000000,0x0000000095821c10,0x00000000d0000000)
 Metaspace       used 155878K, capacity 158220K, committed 158720K, reserved 659456K
  class space    used 16533K, capacity 17081K, committed 17152K, reserved 516096K
2025-05-14T18:14:11.592+0900: 62.879: [GC (Allocation Failure) [PSYoungGen: 605424K->18495K(688128K)] 957815K->370902K(1998848K), 0.0141948 secs] [Times: user=0.03 sys=0.00, real=0.01 secs] 
Heap after GC invocations=47 (full 2):
 PSYoungGen      total 688128K, used 18495K [0x00000000d0000000, 0x0000000100000000, 0x0000000100000000)
  eden space 589824K, 0% used [0x00000000d0000000,0x00000000d0000000,0x00000000f4000000)
  from space 98304K, 18% used [0x00000000f4000000,0x00000000f520fdd0,0x00000000fa000000)
  to   space 98304K, 0% used [0x00000000fa000000,0x00000000fa000000,0x0000000100000000)
 ParOldGen       total 1310720K, used 352407K [0x0000000080000000, 0x00000000d0000000, 0x00000000d0000000)
  object space 1310720K, 26% used [0x0000000080000000,0x0000000095825c10,0x00000000d0000000)
 Metaspace       used 155878K, capacity 158220K, committed 158720K, reserved 659456K
  class space    used 16533K, capacity 17081K, committed 17152K, reserved 516096K
}
{Heap before GC invocations=48 (full 2):
 PSYoungGen      total 688128K, used 608319K [0x00000000d0000000, 0x0000000100000000, 0x0000000100000000)
  eden space 589824K, 100% used [0x00000000d0000000,0x00000000f4000000,0x00000000f4000000)
  from space 98304K, 18% used [0x00000000f4000000,0x00000000f520fdd0,0x00000000fa000000)
  to   space 98304K, 0% used [0x00000000fa000000,0x00000000fa000000,0x0000000100000000)
 ParOldGen       total 1310720K, used 352407K [0x0000000080000000, 0x00000000d0000000, 0x00000000d0000000)
  object space 1310720K, 26% used [0x0000000080000000,0x0000000095825c70,0x00000000d0000000)
 Metaspace       used 161523K, capacity 163796K, committed 164224K, reserved 663552K
  class space    used 16673K, capacity 17209K, committed 17280K, reserved 516096K
2025-05-14T18:14:13.777+0900: 65.064: [GC (GCLocker Initiated GC) [PSYoungGen: 608319K->21606K(688128K)] 960726K->374037K(1998848K), 0.0134614 secs] [Times: user=0.03 sys=0.00, real=0.02 secs] 
Heap after GC invocations=48 (full 2):
 PSYoungGen      total 688128K, used 21606K [0x00000000d0000000, 0x0000000100000000, 0x0000000100000000)
  eden space 589824K, 0% used [0x00000000d0000000,0x00000000d0000000,0x00000000f4000000)
  from space 98304K, 21% used [0x00000000fa000000,0x00000000fb519a70,0x0000000100000000)
  to   space 98304K, 0% used [0x00000000f4000000,0x00000000f4000000,0x00000000fa000000)
 ParOldGen       total 1310720K, used 352431K [0x0000000080000000, 0x00000000d0000000, 0x00000000d0000000)
  object space 1310720K, 26% used [0x0000000080000000,0x000000009582bc70,0x00000000d0000000)
 Metaspace       used 161523K, capacity 163796K, committed 164224K, reserved 663552K
  class space    used 16673K, capacity 17209K, committed 17280K, reserved 516096K
}
{Heap before GC invocations=49 (full 2):
 PSYoungGen      total 688128K, used 611430K [0x00000000d0000000, 0x0000000100000000, 0x0000000100000000)
  eden space 589824K, 100% used [0x00000000d0000000,0x00000000f4000000,0x00000000f4000000)
  from space 98304K, 21% used [0x00000000fa000000,0x00000000fb519a70,0x0000000100000000)
  to   space 98304K, 0% used [0x00000000f4000000,0x00000000f4000000,0x00000000fa000000)
 ParOldGen       total 1310720K, used 352433K [0x0000000080000000, 0x00000000d0000000, 0x00000000d0000000)
  object space 1310720K, 26% used [0x0000000080000000,0x000000009582c718,0x00000000d0000000)
 Metaspace       used 165667K, capacity 168010K, committed 168704K, reserved 667648K
  class space    used 16754K, capacity 17305K, committed 17408K, reserved 516096K
2025-05-14T18:14:16.028+0900: 67.315: [GC (Allocation Failure) [PSYoungGen: 611430K->19572K(688128K)] 963864K->372038K(1998848K), 0.0150377 secs] [Times: user=0.03 sys=0.00, real=0.02 secs] 
Heap after GC invocations=49 (full 2):
 PSYoungGen      total 688128K, used 19572K [0x00000000d0000000, 0x0000000100000000, 0x0000000100000000)
  eden space 589824K, 0% used [0x00000000d0000000,0x00000000d0000000,0x00000000f4000000)
  from space 98304K, 19% used [0x00000000f4000000,0x00000000f531d3a8,0x00000000fa000000)
  to   space 98304K, 0% used [0x00000000fa000000,0x00000000fa000000,0x0000000100000000)
 ParOldGen       total 1310720K, used 352465K [0x0000000080000000, 0x00000000d0000000, 0x00000000d0000000)
  object space 1310720K, 26% used [0x0000000080000000,0x0000000095834718,0x00000000d0000000)
 Metaspace       used 165667K, capacity 168010K, committed 168704K, reserved 667648K
  class space    used 16754K, capacity 17305K, committed 17408K, reserved 516096K
}
{Heap before GC invocations=50 (full 2):
 PSYoungGen      total 688128K, used 609396K [0x00000000d0000000, 0x0000000100000000, 0x0000000100000000)
  eden space 589824K, 100% used [0x00000000d0000000,0x00000000f4000000,0x00000000f4000000)
  from space 98304K, 19% used [0x00000000f4000000,0x00000000f531d3a8,0x00000000fa000000)
  to   space 98304K, 0% used [0x00000000fa000000,0x00000000fa000000,0x0000000100000000)
 ParOldGen       total 1310720K, used 352465K [0x0000000080000000, 0x00000000d0000000, 0x00000000d0000000)
  object space 1310720K, 26% used [0x0000000080000000,0x0000000095834718,0x00000000d0000000)
 Metaspace       used 173743K, capacity 176086K, committed 176768K, reserved 675840K
  class space    used 16969K, capacity 17529K, committed 17536K, reserved 516096K
2025-05-14T18:14:17.590+0900: 68.877: [GC (Allocation Failure) [PSYoungGen: 609396K->24532K(688128K)] 961862K->377014K(1998848K), 0.0155161 secs] [Times: user=0.04 sys=0.00, real=0.01 secs] 
Heap after GC invocations=50 (full 2):
 PSYoungGen      total 688128K, used 24532K [0x00000000d0000000, 0x0000000100000000, 0x0000000100000000)
  eden space 589824K, 0% used [0x00000000d0000000,0x00000000d0000000,0x00000000f4000000)
  from space 98304K, 24% used [0x00000000fa000000,0x00000000fb7f52a8,0x0000000100000000)
  to   space 98304K, 0% used [0x00000000f4000000,0x00000000f4000000,0x00000000fa000000)
 ParOldGen       total 1310720K, used 352481K [0x0000000080000000, 0x00000000d0000000, 0x00000000d0000000)
  object space 1310720K, 26% used [0x0000000080000000,0x0000000095838718,0x00000000d0000000)
 Metaspace       used 173743K, capacity 176086K, committed 176768K, reserved 675840K
  class space    used 16969K, capacity 17529K, committed 17536K, reserved 516096K
}
{Heap before GC invocations=51 (full 2):
 PSYoungGen      total 688128K, used 614356K [0x00000000d0000000, 0x0000000100000000, 0x0000000100000000)
  eden space 589824K, 100% used [0x00000000d0000000,0x00000000f4000000,0x00000000f4000000)
  from space 98304K, 24% used [0x00000000fa000000,0x00000000fb7f52a8,0x0000000100000000)
  to   space 98304K, 0% used [0x00000000f4000000,0x00000000f4000000,0x00000000fa000000)
 ParOldGen       total 1310720K, used 352481K [0x0000000080000000, 0x00000000d0000000, 0x00000000d0000000)
  object space 1310720K, 26% used [0x0000000080000000,0x0000000095838718,0x00000000d0000000)
 Metaspace       used 177497K, capacity 179928K, committed 180608K, reserved 679936K
  class space    used 17405K, capacity 17992K, committed 18048K, reserved 516096K
2025-05-14T18:14:18.916+0900: 70.204: [GC (Allocation Failure) [PSYoungGen: 614356K->39228K(688128K)] 966838K->391734K(1998848K), 0.0241529 secs] [Times: user=0.05 sys=0.00, real=0.03 secs] 
Heap after GC invocations=51 (full 2):
 PSYoungGen      total 688128K, used 39228K [0x00000000d0000000, 0x0000000100000000, 0x0000000100000000)
  eden space 589824K, 0% used [0x00000000d0000000,0x00000000d0000000,0x00000000f4000000)
  from space 98304K, 39% used [0x00000000f4000000,0x00000000f664f340,0x00000000fa000000)
  to   space 98304K, 0% used [0x00000000fa000000,0x00000000fa000000,0x0000000100000000)
 ParOldGen       total 1310720K, used 352505K [0x0000000080000000, 0x00000000d0000000, 0x00000000d0000000)
  object space 1310720K, 26% used [0x0000000080000000,0x000000009583e718,0x00000000d0000000)
 Metaspace       used 177497K, capacity 179928K, committed 180608K, reserved 679936K
  class space    used 17405K, capacity 17992K, committed 18048K, reserved 516096K
}
{Heap before GC invocations=52 (full 2):
 PSYoungGen      total 688128K, used 629052K [0x00000000d0000000, 0x0000000100000000, 0x0000000100000000)
  eden space 589824K, 100% used [0x00000000d0000000,0x00000000f4000000,0x00000000f4000000)
  from space 98304K, 39% used [0x00000000f4000000,0x00000000f664f340,0x00000000fa000000)
  to   space 98304K, 0% used [0x00000000fa000000,0x00000000fa000000,0x0000000100000000)
 ParOldGen       total 1310720K, used 352505K [0x0000000080000000, 0x00000000d0000000, 0x00000000d0000000)
  object space 1310720K, 26% used [0x0000000080000000,0x000000009583e718,0x00000000d0000000)
 Metaspace       used 182284K, capacity 184734K, committed 185344K, reserved 684032K
  class space    used 17984K, capacity 18595K, committed 18688K, reserved 516096K
2025-05-14T18:14:20.238+0900: 71.525: [GC (Allocation Failure) [PSYoungGen: 629052K->44526K(688128K)] 981558K->397047K(1998848K), 0.0625298 secs] [Times: user=0.16 sys=0.00, real=0.07 secs] 
Heap after GC invocations=52 (full 2):
 PSYoungGen      total 688128K, used 44526K [0x00000000d0000000, 0x0000000100000000, 0x0000000100000000)
  eden space 589824K, 0% used [0x00000000d0000000,0x00000000d0000000,0x00000000f4000000)
  from space 98304K, 45% used [0x00000000fa000000,0x00000000fcb7b8c0,0x0000000100000000)
  to   space 98304K, 0% used [0x00000000f4000000,0x00000000f4000000,0x00000000fa000000)
 ParOldGen       total 1310720K, used 352521K [0x0000000080000000, 0x00000000d0000000, 0x00000000d0000000)
  object space 1310720K, 26% used [0x0000000080000000,0x0000000095842718,0x00000000d0000000)
 Metaspace       used 182284K, capacity 184734K, committed 185344K, reserved 684032K
  class space    used 17984K, capacity 18595K, committed 18688K, reserved 516096K
}
{Heap before GC invocations=53 (full 2):
 PSYoungGen      total 688128K, used 634350K [0x00000000d0000000, 0x0000000100000000, 0x0000000100000000)
  eden space 589824K, 100% used [0x00000000d0000000,0x00000000f4000000,0x00000000f4000000)
  from space 98304K, 45% used [0x00000000fa000000,0x00000000fcb7b8c0,0x0000000100000000)
  to   space 98304K, 0% used [0x00000000f4000000,0x00000000f4000000,0x00000000fa000000)
 ParOldGen       total 1310720K, used 352521K [0x0000000080000000, 0x00000000d0000000, 0x00000000d0000000)
  object space 1310720K, 26% used [0x0000000080000000,0x0000000095842718,0x00000000d0000000)
 Metaspace       used 187063K, capacity 189490K, committed 190208K, reserved 688128K
  class space    used 18519K, capacity 19085K, committed 19200K, reserved 516096K
2025-05-14T18:14:21.590+0900: 72.877: [GC (Allocation Failure) [PSYoungGen: 634350K->63397K(688128K)] 986871K->416022K(1998848K), 0.0632317 secs] [Times: user=0.16 sys=0.00, real=0.06 secs] 
Heap after GC invocations=53 (full 2):
 PSYoungGen      total 688128K, used 63397K [0x00000000d0000000, 0x0000000100000000, 0x0000000100000000)
  eden space 589824K, 0% used [0x00000000d0000000,0x00000000d0000000,0x00000000f4000000)
  from space 98304K, 64% used [0x00000000f4000000,0x00000000f7de9480,0x00000000fa000000)
  to   space 98304K, 0% used [0x00000000fa000000,0x00000000fa000000,0x0000000100000000)
 ParOldGen       total 1310720K, used 352625K [0x0000000080000000, 0x00000000d0000000, 0x00000000d0000000)
  object space 1310720K, 26% used [0x0000000080000000,0x000000009585c740,0x00000000d0000000)
 Metaspace       used 187063K, capacity 189490K, committed 190208K, reserved 688128K
  class space    used 18519K, capacity 19085K, committed 19200K, reserved 516096K
}
{Heap before GC invocations=54 (full 2):
 PSYoungGen      total 688128K, used 653221K [0x00000000d0000000, 0x0000000100000000, 0x0000000100000000)
  eden space 589824K, 100% used [0x00000000d0000000,0x00000000f4000000,0x00000000f4000000)
  from space 98304K, 64% used [0x00000000f4000000,0x00000000f7de9480,0x00000000fa000000)
  to   space 98304K, 0% used [0x00000000fa000000,0x00000000fa000000,0x0000000100000000)
 ParOldGen       total 1310720K, used 352625K [0x0000000080000000, 0x00000000d0000000, 0x00000000d0000000)
  object space 1310720K, 26% used [0x0000000080000000,0x000000009585c740,0x00000000d0000000)
 Metaspace       used 188730K, capacity 191210K, committed 192000K, reserved 690176K
  class space    used 18581K, capacity 19185K, committed 19200K, reserved 516096K
2025-05-14T18:14:22.707+0900: 73.994: [GC (Allocation Failure) [PSYoungGen: 653221K->61318K(688128K)] 1005846K->413968K(1998848K), 0.0447380 secs] [Times: user=0.15 sys=0.00, real=0.05 secs] 
Heap after GC invocations=54 (full 2):
 PSYoungGen      total 688128K, used 61318K [0x00000000d0000000, 0x0000000100000000, 0x0000000100000000)
  eden space 589824K, 0% used [0x00000000d0000000,0x00000000d0000000,0x00000000f4000000)
  from space 98304K, 62% used [0x00000000fa000000,0x00000000fdbe1bd0,0x0000000100000000)
  to   space 98304K, 0% used [0x00000000f4000000,0x00000000f4000000,0x00000000fa000000)
 ParOldGen       total 1310720K, used 352649K [0x0000000080000000, 0x00000000d0000000, 0x00000000d0000000)
  object space 1310720K, 26% used [0x0000000080000000,0x0000000095862740,0x00000000d0000000)
 Metaspace       used 188730K, capacity 191210K, committed 192000K, reserved 690176K
  class space    used 18581K, capacity 19185K, committed 19200K, reserved 516096K
}
{Heap before GC invocations=55 (full 2):
 PSYoungGen      total 688128K, used 651142K [0x00000000d0000000, 0x0000000100000000, 0x0000000100000000)
  eden space 589824K, 100% used [0x00000000d0000000,0x00000000f4000000,0x00000000f4000000)
  from space 98304K, 62% used [0x00000000fa000000,0x00000000fdbe1bd0,0x0000000100000000)
  to   space 98304K, 0% used [0x00000000f4000000,0x00000000f4000000,0x00000000fa000000)
 ParOldGen       total 1310720K, used 352649K [0x0000000080000000, 0x00000000d0000000, 0x00000000d0000000)
  object space 1310720K, 26% used [0x0000000080000000,0x0000000095862740,0x00000000d0000000)
 Metaspace       used 190106K, capacity 192610K, committed 193408K, reserved 690176K
  class space    used 18612K, capacity 19221K, committed 19328K, reserved 516096K
2025-05-14T18:14:23.758+0900: 75.045: [GC (Allocation Failure) [PSYoungGen: 651142K->84873K(688128K)] 1003792K->437530K(1998848K), 0.0485395 secs] [Times: user=0.14 sys=0.00, real=0.05 secs] 
Heap after GC invocations=55 (full 2):
 PSYoungGen      total 688128K, used 84873K [0x00000000d0000000, 0x0000000100000000, 0x0000000100000000)
  eden space 589824K, 0% used [0x00000000d0000000,0x00000000d0000000,0x00000000f4000000)
  from space 98304K, 86% used [0x00000000f4000000,0x00000000f92e2498,0x00000000fa000000)
  to   space 98304K, 0% used [0x00000000fa000000,0x00000000fa000000,0x0000000100000000)
 ParOldGen       total 1310720K, used 352657K [0x0000000080000000, 0x00000000d0000000, 0x00000000d0000000)
  object space 1310720K, 26% used [0x0000000080000000,0x0000000095864740,0x00000000d0000000)
 Metaspace       used 190106K, capacity 192610K, committed 193408K, reserved 690176K
  class space    used 18612K, capacity 19221K, committed 19328K, reserved 516096K
}
{Heap before GC invocations=56 (full 2):
 PSYoungGen      total 688128K, used 674697K [0x00000000d0000000, 0x0000000100000000, 0x0000000100000000)
  eden space 589824K, 100% used [0x00000000d0000000,0x00000000f4000000,0x00000000f4000000)
  from space 98304K, 86% used [0x00000000f4000000,0x00000000f92e2498,0x00000000fa000000)
  to   space 98304K, 0% used [0x00000000fa000000,0x00000000fa000000,0x0000000100000000)
 ParOldGen       total 1310720K, used 352657K [0x0000000080000000, 0x00000000d0000000, 0x00000000d0000000)
  object space 1310720K, 26% used [0x0000000080000000,0x0000000095864740,0x00000000d0000000)
 Metaspace       used 191727K, capacity 194202K, committed 194944K, reserved 692224K
  class space    used 18664K, capacity 19257K, committed 19328K, reserved 516096K
2025-05-14T18:14:24.939+0900: 76.226: [GC (Allocation Failure) [PSYoungGen: 674697K->98303K(688128K)] 1027354K->457380K(1998848K), 0.0666852 secs] [Times: user=0.21 sys=0.00, real=0.06 secs] 
Heap after GC invocations=56 (full 2):
 PSYoungGen      total 688128K, used 98303K [0x00000000d0000000, 0x0000000100000000, 0x0000000100000000)
  eden space 589824K, 0% used [0x00000000d0000000,0x00000000d0000000,0x00000000f4000000)
  from space 98304K, 99% used [0x00000000fa000000,0x00000000ffffff98,0x0000000100000000)
  to   space 98304K, 0% used [0x00000000f4000000,0x00000000f4000000,0x00000000fa000000)
 ParOldGen       total 1310720K, used 359076K [0x0000000080000000, 0x00000000d0000000, 0x00000000d0000000)
  object space 1310720K, 27% used [0x0000000080000000,0x0000000095ea92b0,0x00000000d0000000)
 Metaspace       used 191727K, capacity 194202K, committed 194944K, reserved 692224K
  class space    used 18664K, capacity 19257K, committed 19328K, reserved 516096K
}
{Heap before GC invocations=57 (full 2):
 PSYoungGen      total 688128K, used 688127K [0x00000000d0000000, 0x0000000100000000, 0x0000000100000000)
  eden space 589824K, 100% used [0x00000000d0000000,0x00000000f4000000,0x00000000f4000000)
  from space 98304K, 99% used [0x00000000fa000000,0x00000000ffffff98,0x0000000100000000)
  to   space 98304K, 0% used [0x00000000f4000000,0x00000000f4000000,0x00000000fa000000)
 ParOldGen       total 1310720K, used 359076K [0x0000000080000000, 0x00000000d0000000, 0x00000000d0000000)
  object space 1310720K, 27% used [0x0000000080000000,0x0000000095ea92b0,0x00000000d0000000)
 Metaspace       used 193314K, capacity 195840K, committed 196480K, reserved 694272K
  class space    used 18706K, capacity 19290K, committed 19328K, reserved 516096K
2025-05-14T18:14:26.198+0900: 77.485: [GC (Allocation Failure) [PSYoungGen: 688127K->98289K(688128K)] 1047204K->486225K(1998848K), 0.0901101 secs] [Times: user=0.30 sys=0.00, real=0.09 secs] 
Heap after GC invocations=57 (full 2):
 PSYoungGen      total 688128K, used 98289K [0x00000000d0000000, 0x0000000100000000, 0x0000000100000000)
  eden space 589824K, 0% used [0x00000000d0000000,0x00000000d0000000,0x00000000f4000000)
  from space 98304K, 99% used [0x00000000f4000000,0x00000000f9ffc490,0x00000000fa000000)
  to   space 98304K, 0% used [0x00000000fa000000,0x00000000fa000000,0x0000000100000000)
 ParOldGen       total 1310720K, used 387936K [0x0000000080000000, 0x00000000d0000000, 0x00000000d0000000)
  object space 1310720K, 29% used [0x0000000080000000,0x0000000097ad8130,0x00000000d0000000)
 Metaspace       used 193314K, capacity 195840K, committed 196480K, reserved 694272K
  class space    used 18706K, capacity 19290K, committed 19328K, reserved 516096K
}
{Heap before GC invocations=58 (full 2):
 PSYoungGen      total 688128K, used 688113K [0x00000000d0000000, 0x0000000100000000, 0x0000000100000000)
  eden space 589824K, 100% used [0x00000000d0000000,0x00000000f4000000,0x00000000f4000000)
  from space 98304K, 99% used [0x00000000f4000000,0x00000000f9ffc490,0x00000000fa000000)
  to   space 98304K, 0% used [0x00000000fa000000,0x00000000fa000000,0x0000000100000000)
 ParOldGen       total 1310720K, used 387936K [0x0000000080000000, 0x00000000d0000000, 0x00000000d0000000)
  object space 1310720K, 29% used [0x0000000080000000,0x0000000097ad8130,0x00000000d0000000)
 Metaspace       used 195630K, capacity 198130K, committed 198912K, reserved 696320K
  class space    used 18790K, capacity 19387K, committed 19456K, reserved 516096K
2025-05-14T18:14:28.231+0900: 79.518: [GC (Allocation Failure) [PSYoungGen: 688113K->98298K(688128K)] 1076049K->509690K(1998848K), 0.0998983 secs] [Times: user=0.28 sys=0.00, real=0.10 secs] 
Heap after GC invocations=58 (full 2):
 PSYoungGen      total 688128K, used 98298K [0x00000000d0000000, 0x0000000100000000, 0x0000000100000000)
  eden space 589824K, 0% used [0x00000000d0000000,0x00000000d0000000,0x00000000f4000000)
  from space 98304K, 99% used [0x00000000fa000000,0x00000000ffffe9b0,0x0000000100000000)
  to   space 98304K, 0% used [0x00000000f4000000,0x00000000f4000000,0x00000000fa000000)
 ParOldGen       total 1310720K, used 411392K [0x0000000080000000, 0x00000000d0000000, 0x00000000d0000000)
  object space 1310720K, 31% used [0x0000000080000000,0x00000000991c0200,0x00000000d0000000)
 Metaspace       used 195630K, capacity 198130K, committed 198912K, reserved 696320K
  class space    used 18790K, capacity 19387K, committed 19456K, reserved 516096K
}
{Heap before GC invocations=59 (full 2):
 PSYoungGen      total 688128K, used 688122K [0x00000000d0000000, 0x0000000100000000, 0x0000000100000000)
  eden space 589824K, 100% used [0x00000000d0000000,0x00000000f4000000,0x00000000f4000000)
  from space 98304K, 99% used [0x00000000fa000000,0x00000000ffffe9b0,0x0000000100000000)
  to   space 98304K, 0% used [0x00000000f4000000,0x00000000f4000000,0x00000000fa000000)
 ParOldGen       total 1310720K, used 411392K [0x0000000080000000, 0x00000000d0000000, 0x00000000d0000000)
  object space 1310720K, 31% used [0x0000000080000000,0x00000000991c0200,0x00000000d0000000)
 Metaspace       used 197543K, capacity 199992K, committed 200704K, reserved 698368K
  class space    used 18865K, capacity 19452K, committed 19456K, reserved 516096K
2025-05-14T18:14:29.607+0900: 80.894: [GC (Allocation Failure) [PSYoungGen: 688122K->98303K(688128K)] 1099514K->526827K(1998848K), 0.0676627 secs] [Times: user=0.22 sys=0.00, real=0.07 secs] 
Heap after GC invocations=59 (full 2):
 PSYoungGen      total 688128K, used 98303K [0x00000000d0000000, 0x0000000100000000, 0x0000000100000000)
  eden space 589824K, 0% used [0x00000000d0000000,0x00000000d0000000,0x00000000f4000000)
  from space 98304K, 99% used [0x00000000f4000000,0x00000000f9fffe68,0x00000000fa000000)
  to   space 98304K, 0% used [0x00000000fa000000,0x00000000fa000000,0x0000000100000000)
 ParOldGen       total 1310720K, used 428524K [0x0000000080000000, 0x00000000d0000000, 0x00000000d0000000)
  object space 1310720K, 32% used [0x0000000080000000,0x000000009a27b000,0x00000000d0000000)
 Metaspace       used 197543K, capacity 199992K, committed 200704K, reserved 698368K
  class space    used 18865K, capacity 19452K, committed 19456K, reserved 516096K
}
{Heap before GC invocations=60 (full 2):
 PSYoungGen      total 688128K, used 688127K [0x00000000d0000000, 0x0000000100000000, 0x0000000100000000)
  eden space 589824K, 100% used [0x00000000d0000000,0x00000000f4000000,0x00000000f4000000)
  from space 98304K, 99% used [0x00000000f4000000,0x00000000f9fffe68,0x00000000fa000000)
  to   space 98304K, 0% used [0x00000000fa000000,0x00000000fa000000,0x0000000100000000)
 ParOldGen       total 1310720K, used 428524K [0x0000000080000000, 0x00000000d0000000, 0x00000000d0000000)
  object space 1310720K, 32% used [0x0000000080000000,0x000000009a27b000,0x00000000d0000000)
 Metaspace       used 199517K, capacity 201924K, committed 202624K, reserved 700416K
  class space    used 18996K, capacity 19582K, committed 19584K, reserved 516096K
2025-05-14T18:14:30.825+0900: 82.112: [GC (Allocation Failure) [PSYoungGen: 688127K->98300K(688128K)] 1116651K->541033K(1998848K), 0.0718824 secs] [Times: user=0.22 sys=0.00, real=0.07 secs] 
Heap after GC invocations=60 (full 2):
 PSYoungGen      total 688128K, used 98300K [0x00000000d0000000, 0x0000000100000000, 0x0000000100000000)
  eden space 589824K, 0% used [0x00000000d0000000,0x00000000d0000000,0x00000000f4000000)
  from space 98304K, 99% used [0x00000000fa000000,0x00000000fffff1c0,0x0000000100000000)
  to   space 98304K, 0% used [0x00000000f4000000,0x00000000f4000000,0x00000000fa000000)
 ParOldGen       total 1310720K, used 442733K [0x0000000080000000, 0x00000000d0000000, 0x00000000d0000000)
  object space 1310720K, 33% used [0x0000000080000000,0x000000009b05b5f0,0x00000000d0000000)
 Metaspace       used 199517K, capacity 201924K, committed 202624K, reserved 700416K
  class space    used 18996K, capacity 19582K, committed 19584K, reserved 516096K
}
{Heap before GC invocations=61 (full 2):
 PSYoungGen      total 688128K, used 688124K [0x00000000d0000000, 0x0000000100000000, 0x0000000100000000)
  eden space 589824K, 100% used [0x00000000d0000000,0x00000000f4000000,0x00000000f4000000)
  from space 98304K, 99% used [0x00000000fa000000,0x00000000fffff1c0,0x0000000100000000)
  to   space 98304K, 0% used [0x00000000f4000000,0x00000000f4000000,0x00000000fa000000)
 ParOldGen       total 1310720K, used 442733K [0x0000000080000000, 0x00000000d0000000, 0x00000000d0000000)
  object space 1310720K, 33% used [0x0000000080000000,0x000000009b05b5f0,0x00000000d0000000)
 Metaspace       used 200431K, capacity 202930K, committed 203776K, reserved 700416K
  class space    used 19029K, capacity 19614K, committed 19712K, reserved 516096K
2025-05-14T18:14:31.850+0900: 83.137: [GC (Allocation Failure) [PSYoungGen: 688124K->98296K(688128K)] 1130857K->566728K(1998848K), 0.0788689 secs] [Times: user=0.26 sys=0.00, real=0.08 secs] 
Heap after GC invocations=61 (full 2):
 PSYoungGen      total 688128K, used 98296K [0x00000000d0000000, 0x0000000100000000, 0x0000000100000000)
  eden space 589824K, 0% used [0x00000000d0000000,0x00000000d0000000,0x00000000f4000000)
  from space 98304K, 99% used [0x00000000f4000000,0x00000000f9ffe280,0x00000000fa000000)
  to   space 98304K, 0% used [0x00000000fa000000,0x00000000fa000000,0x0000000100000000)
 ParOldGen       total 1310720K, used 468432K [0x0000000080000000, 0x00000000d0000000, 0x00000000d0000000)
  object space 1310720K, 35% used [0x0000000080000000,0x000000009c974150,0x00000000d0000000)
 Metaspace       used 200431K, capacity 202930K, committed 203776K, reserved 700416K
  class space    used 19029K, capacity 19614K, committed 19712K, reserved 516096K
}
{Heap before GC invocations=62 (full 2):
 PSYoungGen      total 688128K, used 688120K [0x00000000d0000000, 0x0000000100000000, 0x0000000100000000)
  eden space 589824K, 100% used [0x00000000d0000000,0x00000000f4000000,0x00000000f4000000)
  from space 98304K, 99% used [0x00000000f4000000,0x00000000f9ffe280,0x00000000fa000000)
  to   space 98304K, 0% used [0x00000000fa000000,0x00000000fa000000,0x0000000100000000)
 ParOldGen       total 1310720K, used 468432K [0x0000000080000000, 0x00000000d0000000, 0x00000000d0000000)
  object space 1310720K, 35% used [0x0000000080000000,0x000000009c974150,0x00000000d0000000)
 Metaspace       used 200458K, capacity 202930K, committed 203776K, reserved 700416K
  class space    used 19031K, capacity 19614K, committed 19712K, reserved 516096K
2025-05-14T18:14:33.097+0900: 84.384: [GC (Allocation Failure) [PSYoungGen: 688120K->98303K(688128K)] 1156552K->581185K(1998848K), 0.0831257 secs] [Times: user=0.26 sys=0.00, real=0.09 secs] 
Heap after GC invocations=62 (full 2):
 PSYoungGen      total 688128K, used 98303K [0x00000000d0000000, 0x0000000100000000, 0x0000000100000000)
  eden space 589824K, 0% used [0x00000000d0000000,0x00000000d0000000,0x00000000f4000000)
  from space 98304K, 99% used [0x00000000fa000000,0x00000000fffffc08,0x0000000100000000)
  to   space 98304K, 0% used [0x00000000f4000000,0x00000000f4000000,0x00000000fa000000)
 ParOldGen       total 1310720K, used 482882K [0x0000000080000000, 0x00000000d0000000, 0x00000000d0000000)
  object space 1310720K, 36% used [0x0000000080000000,0x000000009d790988,0x00000000d0000000)
 Metaspace       used 200458K, capacity 202930K, committed 203776K, reserved 700416K
  class space    used 19031K, capacity 19614K, committed 19712K, reserved 516096K
}
{Heap before GC invocations=63 (full 2):
 PSYoungGen      total 688128K, used 688127K [0x00000000d0000000, 0x0000000100000000, 0x0000000100000000)
  eden space 589824K, 100% used [0x00000000d0000000,0x00000000f4000000,0x00000000f4000000)
  from space 98304K, 99% used [0x00000000fa000000,0x00000000fffffc08,0x0000000100000000)
  to   space 98304K, 0% used [0x00000000f4000000,0x00000000f4000000,0x00000000fa000000)
 ParOldGen       total 1310720K, used 482882K [0x0000000080000000, 0x00000000d0000000, 0x00000000d0000000)
  object space 1310720K, 36% used [0x0000000080000000,0x000000009d790988,0x00000000d0000000)
 Metaspace       used 200550K, capacity 203026K, committed 203776K, reserved 700416K
  class space    used 19038K, capacity 19646K, committed 19712K, reserved 516096K
2025-05-14T18:14:33.995+0900: 85.282: [GC (Allocation Failure) [PSYoungGen: 688127K->98278K(688128K)] 1171009K->602928K(1998848K), 0.0898895 secs] [Times: user=0.30 sys=0.00, real=0.09 secs] 
Heap after GC invocations=63 (full 2):
 PSYoungGen      total 688128K, used 98278K [0x00000000d0000000, 0x0000000100000000, 0x0000000100000000)
  eden space 589824K, 0% used [0x00000000d0000000,0x00000000d0000000,0x00000000f4000000)
  from space 98304K, 99% used [0x00000000f4000000,0x00000000f9ff98b0,0x00000000fa000000)
  to   space 98304K, 0% used [0x00000000fa000000,0x00000000fa000000,0x0000000100000000)
 ParOldGen       total 1310720K, used 504650K [0x0000000080000000, 0x00000000d0000000, 0x00000000d0000000)
  object space 1310720K, 38% used [0x0000000080000000,0x000000009ecd28e8,0x00000000d0000000)
 Metaspace       used 200550K, capacity 203026K, committed 203776K, reserved 700416K
  class space    used 19038K, capacity 19646K, committed 19712K, reserved 516096K
}
{Heap before GC invocations=64 (full 2):
 PSYoungGen      total 688128K, used 688102K [0x00000000d0000000, 0x0000000100000000, 0x0000000100000000)
  eden space 589824K, 100% used [0x00000000d0000000,0x00000000f4000000,0x00000000f4000000)
  from space 98304K, 99% used [0x00000000f4000000,0x00000000f9ff98b0,0x00000000fa000000)
  to   space 98304K, 0% used [0x00000000fa000000,0x00000000fa000000,0x0000000100000000)
 ParOldGen       total 1310720K, used 504650K [0x0000000080000000, 0x00000000d0000000, 0x00000000d0000000)
  object space 1310720K, 38% used [0x0000000080000000,0x000000009ecd28e8,0x00000000d0000000)
 Metaspace       used 200555K, capacity 203026K, committed 203776K, reserved 700416K
  class space    used 19038K, capacity 19646K, committed 19712K, reserved 516096K
2025-05-14T18:14:34.925+0900: 86.212: [GC (Allocation Failure) [PSYoungGen: 688102K->98283K(688128K)] 1192752K->623257K(1998848K), 0.1193963 secs] [Times: user=0.41 sys=0.00, real=0.12 secs] 
Heap after GC invocations=64 (full 2):
 PSYoungGen      total 688128K, used 98283K [0x00000000d0000000, 0x0000000100000000, 0x0000000100000000)
  eden space 589824K, 0% used [0x00000000d0000000,0x00000000d0000000,0x00000000f4000000)
  from space 98304K, 99% used [0x00000000fa000000,0x00000000ffffad08,0x0000000100000000)
  to   space 98304K, 0% used [0x00000000f4000000,0x00000000f4000000,0x00000000fa000000)
 ParOldGen       total 1310720K, used 524973K [0x0000000080000000, 0x00000000d0000000, 0x00000000d0000000)
  object space 1310720K, 40% used [0x0000000080000000,0x00000000a00ab7e8,0x00000000d0000000)
 Metaspace       used 200555K, capacity 203026K, committed 203776K, reserved 700416K
  class space    used 19038K, capacity 19646K, committed 19712K, reserved 516096K
}
{Heap before GC invocations=65 (full 2):
 PSYoungGen      total 688128K, used 688107K [0x00000000d0000000, 0x0000000100000000, 0x0000000100000000)
  eden space 589824K, 100% used [0x00000000d0000000,0x00000000f4000000,0x00000000f4000000)
  from space 98304K, 99% used [0x00000000fa000000,0x00000000ffffad08,0x0000000100000000)
  to   space 98304K, 0% used [0x00000000f4000000,0x00000000f4000000,0x00000000fa000000)
 ParOldGen       total 1310720K, used 524973K [0x0000000080000000, 0x00000000d0000000, 0x00000000d0000000)
  object space 1310720K, 40% used [0x0000000080000000,0x00000000a00ab7e8,0x00000000d0000000)
 Metaspace       used 200559K, capacity 203026K, committed 203776K, reserved 700416K
  class space    used 19038K, capacity 19646K, committed 19712K, reserved 516096K
2025-05-14T18:14:35.998+0900: 87.285: [GC (Allocation Failure) [PSYoungGen: 688107K->98296K(688128K)] 1213081K->636406K(1998848K), 0.1046458 secs] [Times: user=0.34 sys=0.00, real=0.11 secs] 
Heap after GC invocations=65 (full 2):
 PSYoungGen      total 688128K, used 98296K [0x00000000d0000000, 0x0000000100000000, 0x0000000100000000)
  eden space 589824K, 0% used [0x00000000d0000000,0x00000000d0000000,0x00000000f4000000)
  from space 98304K, 99% used [0x00000000f4000000,0x00000000f9ffe158,0x00000000fa000000)
  to   space 98304K, 0% used [0x00000000fa000000,0x00000000fa000000,0x0000000100000000)
 ParOldGen       total 1310720K, used 538109K [0x0000000080000000, 0x00000000d0000000, 0x00000000d0000000)
  object space 1310720K, 41% used [0x0000000080000000,0x00000000a0d7f7e0,0x00000000d0000000)
 Metaspace       used 200559K, capacity 203026K, committed 203776K, reserved 700416K
  class space    used 19038K, capacity 19646K, committed 19712K, reserved 516096K
}
{Heap before GC invocations=66 (full 2):
 PSYoungGen      total 688128K, used 688120K [0x00000000d0000000, 0x0000000100000000, 0x0000000100000000)
  eden space 589824K, 100% used [0x00000000d0000000,0x00000000f4000000,0x00000000f4000000)
  from space 98304K, 99% used [0x00000000f4000000,0x00000000f9ffe158,0x00000000fa000000)
  to   space 98304K, 0% used [0x00000000fa000000,0x00000000fa000000,0x0000000100000000)
 ParOldGen       total 1310720K, used 538109K [0x0000000080000000, 0x00000000d0000000, 0x00000000d0000000)
  object space 1310720K, 41% used [0x0000000080000000,0x00000000a0d7f7e0,0x00000000d0000000)
 Metaspace       used 200598K, capacity 203096K, committed 204032K, reserved 700416K
  class space    used 19040K, capacity 19647K, committed 19712K, reserved 516096K
2025-05-14T18:14:37.031+0900: 88.318: [GC (Allocation Failure) [PSYoungGen: 688120K->98302K(688128K)] 1226230K->661070K(1998848K), 0.0934665 secs] [Times: user=0.30 sys=0.00, real=0.09 secs] 
Heap after GC invocations=66 (full 2):
 PSYoungGen      total 688128K, used 98302K [0x00000000d0000000, 0x0000000100000000, 0x0000000100000000)
  eden space 589824K, 0% used [0x00000000d0000000,0x00000000d0000000,0x00000000f4000000)
  from space 98304K, 99% used [0x00000000fa000000,0x00000000fffff8a0,0x0000000100000000)
  to   space 98304K, 0% used [0x00000000f4000000,0x00000000f4000000,0x00000000fa000000)
 ParOldGen       total 1310720K, used 562767K [0x0000000080000000, 0x00000000d0000000, 0x00000000d0000000)
  object space 1310720K, 42% used [0x0000000080000000,0x00000000a2593fd8,0x00000000d0000000)
 Metaspace       used 200598K, capacity 203096K, committed 204032K, reserved 700416K
  class space    used 19040K, capacity 19647K, committed 19712K, reserved 516096K
}
{Heap before GC invocations=67 (full 2):
 PSYoungGen      total 688128K, used 688126K [0x00000000d0000000, 0x0000000100000000, 0x0000000100000000)
  eden space 589824K, 100% used [0x00000000d0000000,0x00000000f4000000,0x00000000f4000000)
  from space 98304K, 99% used [0x00000000fa000000,0x00000000fffff8a0,0x0000000100000000)
  to   space 98304K, 0% used [0x00000000f4000000,0x00000000f4000000,0x00000000fa000000)
 ParOldGen       total 1310720K, used 562767K [0x0000000080000000, 0x00000000d0000000, 0x00000000d0000000)
  object space 1310720K, 42% used [0x0000000080000000,0x00000000a2593fd8,0x00000000d0000000)
 Metaspace       used 200635K, capacity 203096K, committed 204032K, reserved 700416K
  class space    used 19040K, capacity 19647K, committed 19712K, reserved 516096K
2025-05-14T18:14:38.037+0900: 89.324: [GC (Allocation Failure) [PSYoungGen: 688126K->98301K(688128K)] 1250894K->689498K(1998848K), 0.0841885 secs] [Times: user=0.24 sys=0.00, real=0.09 secs] 
Heap after GC invocations=67 (full 2):
 PSYoungGen      total 688128K, used 98301K [0x00000000d0000000, 0x0000000100000000, 0x0000000100000000)
  eden space 589824K, 0% used [0x00000000d0000000,0x00000000d0000000,0x00000000f4000000)
  from space 98304K, 99% used [0x00000000f4000000,0x00000000f9fff598,0x00000000fa000000)
  to   space 98304K, 0% used [0x00000000fa000000,0x00000000fa000000,0x0000000100000000)
 ParOldGen       total 1310720K, used 591196K [0x0000000080000000, 0x00000000d0000000, 0x00000000d0000000)
  object space 1310720K, 45% used [0x0000000080000000,0x00000000a4157270,0x00000000d0000000)
 Metaspace       used 200635K, capacity 203096K, committed 204032K, reserved 700416K
  class space    used 19040K, capacity 19647K, committed 19712K, reserved 516096K
}
{Heap before GC invocations=68 (full 2):
 PSYoungGen      total 688128K, used 688125K [0x00000000d0000000, 0x0000000100000000, 0x0000000100000000)
  eden space 589824K, 100% used [0x00000000d0000000,0x00000000f4000000,0x00000000f4000000)
  from space 98304K, 99% used [0x00000000f4000000,0x00000000f9fff598,0x00000000fa000000)
  to   space 98304K, 0% used [0x00000000fa000000,0x00000000fa000000,0x0000000100000000)
 ParOldGen       total 1310720K, used 591196K [0x0000000080000000, 0x00000000d0000000, 0x00000000d0000000)
  object space 1310720K, 45% used [0x0000000080000000,0x00000000a4157270,0x00000000d0000000)
 Metaspace       used 200635K, capacity 203096K, committed 204032K, reserved 700416K
  class space    used 19040K, capacity 19647K, committed 19712K, reserved 516096K
2025-05-14T18:14:39.386+0900: 90.673: [GC (Allocation Failure) [PSYoungGen: 688125K->98300K(688128K)] 1279322K->710176K(1998848K), 0.1001060 secs] [Times: user=0.31 sys=0.00, real=0.10 secs] 
Heap after GC invocations=68 (full 2):
 PSYoungGen      total 688128K, used 98300K [0x00000000d0000000, 0x0000000100000000, 0x0000000100000000)
  eden space 589824K, 0% used [0x00000000d0000000,0x00000000d0000000,0x00000000f4000000)
  from space 98304K, 99% used [0x00000000fa000000,0x00000000fffff178,0x0000000100000000)
  to   space 98304K, 0% used [0x00000000f4000000,0x00000000f4000000,0x00000000fa000000)
 ParOldGen       total 1310720K, used 611875K [0x0000000080000000, 0x00000000d0000000, 0x00000000d0000000)
  object space 1310720K, 46% used [0x0000000080000000,0x00000000a5588f08,0x00000000d0000000)
 Metaspace       used 200635K, capacity 203096K, committed 204032K, reserved 700416K
  class space    used 19040K, capacity 19647K, committed 19712K, reserved 516096K
}
{Heap before GC invocations=69 (full 2):
 PSYoungGen      total 688128K, used 688124K [0x00000000d0000000, 0x0000000100000000, 0x0000000100000000)
  eden space 589824K, 100% used [0x00000000d0000000,0x00000000f4000000,0x00000000f4000000)
  from space 98304K, 99% used [0x00000000fa000000,0x00000000fffff178,0x0000000100000000)
  to   space 98304K, 0% used [0x00000000f4000000,0x00000000f4000000,0x00000000fa000000)
 ParOldGen       total 1310720K, used 611875K [0x0000000080000000, 0x00000000d0000000, 0x00000000d0000000)
  object space 1310720K, 46% used [0x0000000080000000,0x00000000a5588f08,0x00000000d0000000)
 Metaspace       used 200648K, capacity 203096K, committed 204032K, reserved 700416K
  class space    used 19040K, capacity 19647K, committed 19712K, reserved 516096K
2025-05-14T18:14:40.471+0900: 91.758: [GC (Allocation Failure) [PSYoungGen: 688124K->98286K(688128K)] 1300000K->752403K(1998848K), 0.0970027 secs] [Times: user=0.30 sys=0.00, real=0.10 secs] 
Heap after GC invocations=69 (full 2):
 PSYoungGen      total 688128K, used 98286K [0x00000000d0000000, 0x0000000100000000, 0x0000000100000000)
  eden space 589824K, 0% used [0x00000000d0000000,0x00000000d0000000,0x00000000f4000000)
  from space 98304K, 99% used [0x00000000f4000000,0x00000000f9ffb980,0x00000000fa000000)
  to   space 98304K, 0% used [0x00000000fa000000,0x00000000fa000000,0x0000000100000000)
 ParOldGen       total 1310720K, used 654117K [0x0000000080000000, 0x00000000d0000000, 0x00000000d0000000)
  object space 1310720K, 49% used [0x0000000080000000,0x00000000a7ec9590,0x00000000d0000000)
 Metaspace       used 200648K, capacity 203096K, committed 204032K, reserved 700416K
  class space    used 19040K, capacity 19647K, committed 19712K, reserved 516096K
}
{Heap before GC invocations=70 (full 2):
 PSYoungGen      total 688128K, used 688110K [0x00000000d0000000, 0x0000000100000000, 0x0000000100000000)
  eden space 589824K, 100% used [0x00000000d0000000,0x00000000f4000000,0x00000000f4000000)
  from space 98304K, 99% used [0x00000000f4000000,0x00000000f9ffb980,0x00000000fa000000)
  to   space 98304K, 0% used [0x00000000fa000000,0x00000000fa000000,0x0000000100000000)
 ParOldGen       total 1310720K, used 654117K [0x0000000080000000, 0x00000000d0000000, 0x00000000d0000000)
  object space 1310720K, 49% used [0x0000000080000000,0x00000000a7ec9590,0x00000000d0000000)
 Metaspace       used 200658K, capacity 203096K, committed 204032K, reserved 700416K
  class space    used 19040K, capacity 19647K, committed 19712K, reserved 516096K
2025-05-14T18:14:41.742+0900: 93.029: [GC (Allocation Failure) [PSYoungGen: 688110K->98302K(688128K)] 1342227K->772075K(1998848K), 0.0541706 secs] [Times: user=0.19 sys=0.00, real=0.05 secs] 
Heap after GC invocations=70 (full 2):
 PSYoungGen      total 688128K, used 98302K [0x00000000d0000000, 0x0000000100000000, 0x0000000100000000)
  eden space 589824K, 0% used [0x00000000d0000000,0x00000000d0000000,0x00000000f4000000)
  from space 98304K, 99% used [0x00000000fa000000,0x00000000fffff8c0,0x0000000100000000)
  to   space 98304K, 0% used [0x00000000f4000000,0x00000000f4000000,0x00000000fa000000)
 ParOldGen       total 1310720K, used 673773K [0x0000000080000000, 0x00000000d0000000, 0x00000000d0000000)
  object space 1310720K, 51% used [0x0000000080000000,0x00000000a91fb620,0x00000000d0000000)
 Metaspace       used 200658K, capacity 203096K, committed 204032K, reserved 700416K
  class space    used 19040K, capacity 19647K, committed 19712K, reserved 516096K
}
{Heap before GC invocations=71 (full 2):
 PSYoungGen      total 688128K, used 688126K [0x00000000d0000000, 0x0000000100000000, 0x0000000100000000)
  eden space 589824K, 100% used [0x00000000d0000000,0x00000000f4000000,0x00000000f4000000)
  from space 98304K, 99% used [0x00000000fa000000,0x00000000fffff8c0,0x0000000100000000)
  to   space 98304K, 0% used [0x00000000f4000000,0x00000000f4000000,0x00000000fa000000)
 ParOldGen       total 1310720K, used 673773K [0x0000000080000000, 0x00000000d0000000, 0x00000000d0000000)
  object space 1310720K, 51% used [0x0000000080000000,0x00000000a91fb620,0x00000000d0000000)
 Metaspace       used 200689K, capacity 203160K, committed 204032K, reserved 700416K
  class space    used 19040K, capacity 19647K, committed 19712K, reserved 516096K
2025-05-14T18:14:42.611+0900: 93.898: [GC (Allocation Failure) [PSYoungGen: 688126K->98300K(688128K)] 1361899K->791585K(1998848K), 0.0632692 secs] [Times: user=0.19 sys=0.00, real=0.06 secs] 
Heap after GC invocations=71 (full 2):
 PSYoungGen      total 688128K, used 98300K [0x00000000d0000000, 0x0000000100000000, 0x0000000100000000)
  eden space 589824K, 0% used [0x00000000d0000000,0x00000000d0000000,0x00000000f4000000)
  from space 98304K, 99% used [0x00000000f4000000,0x00000000f9fff3c0,0x00000000fa000000)
  to   space 98304K, 0% used [0x00000000fa000000,0x00000000fa000000,0x0000000100000000)
 ParOldGen       total 1310720K, used 693284K [0x0000000080000000, 0x00000000d0000000, 0x00000000d0000000)
  object space 1310720K, 52% used [0x0000000080000000,0x00000000aa509188,0x00000000d0000000)
 Metaspace       used 200689K, capacity 203160K, committed 204032K, reserved 700416K
  class space    used 19040K, capacity 19647K, committed 19712K, reserved 516096K
}
{Heap before GC invocations=72 (full 2):
 PSYoungGen      total 688128K, used 688124K [0x00000000d0000000, 0x0000000100000000, 0x0000000100000000)
  eden space 589824K, 100% used [0x00000000d0000000,0x00000000f4000000,0x00000000f4000000)
  from space 98304K, 99% used [0x00000000f4000000,0x00000000f9fff3c0,0x00000000fa000000)
  to   space 98304K, 0% used [0x00000000fa000000,0x00000000fa000000,0x0000000100000000)
 ParOldGen       total 1310720K, used 693284K [0x0000000080000000, 0x00000000d0000000, 0x00000000d0000000)
  object space 1310720K, 52% used [0x0000000080000000,0x00000000aa509188,0x00000000d0000000)
 Metaspace       used 200718K, capacity 203160K, committed 204032K, reserved 700416K
  class space    used 19040K, capacity 19647K, committed 19712K, reserved 516096K
2025-05-14T18:14:43.402+0900: 94.689: [GC (Allocation Failure) [PSYoungGen: 688124K->98300K(688128K)] 1381409K->823459K(1998848K), 0.0741915 secs] [Times: user=0.20 sys=0.00, real=0.07 secs] 
Heap after GC invocations=72 (full 2):
 PSYoungGen      total 688128K, used 98300K [0x00000000d0000000, 0x0000000100000000, 0x0000000100000000)
  eden space 589824K, 0% used [0x00000000d0000000,0x00000000d0000000,0x00000000f4000000)
  from space 98304K, 99% used [0x00000000fa000000,0x00000000fffff1f0,0x0000000100000000)
  to   space 98304K, 0% used [0x00000000f4000000,0x00000000f4000000,0x00000000fa000000)
 ParOldGen       total 1310720K, used 725159K [0x0000000080000000, 0x00000000d0000000, 0x00000000d0000000)
  object space 1310720K, 55% used [0x0000000080000000,0x00000000ac429c80,0x00000000d0000000)
 Metaspace       used 200718K, capacity 203160K, committed 204032K, reserved 700416K
  class space    used 19040K, capacity 19647K, committed 19712K, reserved 516096K
}
{Heap before GC invocations=73 (full 2):
 PSYoungGen      total 688128K, used 688124K [0x00000000d0000000, 0x0000000100000000, 0x0000000100000000)
  eden space 589824K, 100% used [0x00000000d0000000,0x00000000f4000000,0x00000000f4000000)
  from space 98304K, 99% used [0x00000000fa000000,0x00000000fffff1f0,0x0000000100000000)
  to   space 98304K, 0% used [0x00000000f4000000,0x00000000f4000000,0x00000000fa000000)
 ParOldGen       total 1310720K, used 725159K [0x0000000080000000, 0x00000000d0000000, 0x00000000d0000000)
  object space 1310720K, 55% used [0x0000000080000000,0x00000000ac429c80,0x00000000d0000000)
 Metaspace       used 200726K, capacity 203160K, committed 204032K, reserved 700416K
  class space    used 19040K, capacity 19647K, committed 19712K, reserved 516096K
2025-05-14T18:14:44.490+0900: 95.777: [GC (Allocation Failure) [PSYoungGen: 688124K->98280K(688128K)] 1413283K->838118K(1998848K), 0.0499676 secs] [Times: user=0.15 sys=0.00, real=0.05 secs] 
Heap after GC invocations=73 (full 2):
 PSYoungGen      total 688128K, used 98280K [0x00000000d0000000, 0x0000000100000000, 0x0000000100000000)
  eden space 589824K, 0% used [0x00000000d0000000,0x00000000d0000000,0x00000000f4000000)
  from space 98304K, 99% used [0x00000000f4000000,0x00000000f9ffa080,0x00000000fa000000)
  to   space 98304K, 0% used [0x00000000fa000000,0x00000000fa000000,0x0000000100000000)
 ParOldGen       total 1310720K, used 739838K [0x0000000080000000, 0x00000000d0000000, 0x00000000d0000000)
  object space 1310720K, 56% used [0x0000000080000000,0x00000000ad27f898,0x00000000d0000000)
 Metaspace       used 200726K, capacity 203160K, committed 204032K, reserved 700416K
  class space    used 19040K, capacity 19647K, committed 19712K, reserved 516096K
}
{Heap before GC invocations=74 (full 2):
 PSYoungGen      total 688128K, used 688104K [0x00000000d0000000, 0x0000000100000000, 0x0000000100000000)
  eden space 589824K, 100% used [0x00000000d0000000,0x00000000f4000000,0x00000000f4000000)
  from space 98304K, 99% used [0x00000000f4000000,0x00000000f9ffa080,0x00000000fa000000)
  to   space 98304K, 0% used [0x00000000fa000000,0x00000000fa000000,0x0000000100000000)
 ParOldGen       total 1310720K, used 739838K [0x0000000080000000, 0x00000000d0000000, 0x00000000d0000000)
  object space 1310720K, 56% used [0x0000000080000000,0x00000000ad27f898,0x00000000d0000000)
 Metaspace       used 200753K, capacity 203224K, committed 204032K, reserved 700416K
  class space    used 19040K, capacity 19647K, committed 19712K, reserved 516096K
2025-05-14T18:14:45.251+0900: 96.538: [GC (Allocation Failure) [PSYoungGen: 688104K->98274K(688128K)] 1427942K->853792K(1998848K), 0.0444993 secs] [Times: user=0.15 sys=0.00, real=0.04 secs] 
Heap after GC invocations=74 (full 2):
 PSYoungGen      total 688128K, used 98274K [0x00000000d0000000, 0x0000000100000000, 0x0000000100000000)
  eden space 589824K, 0% used [0x00000000d0000000,0x00000000d0000000,0x00000000f4000000)
  from space 98304K, 99% used [0x00000000fa000000,0x00000000ffff8ac0,0x0000000100000000)
  to   space 98304K, 0% used [0x00000000f4000000,0x00000000f4000000,0x00000000fa000000)
 ParOldGen       total 1310720K, used 755517K [0x0000000080000000, 0x00000000d0000000, 0x00000000d0000000)
  object space 1310720K, 57% used [0x0000000080000000,0x00000000ae1cf690,0x00000000d0000000)
 Metaspace       used 200753K, capacity 203224K, committed 204032K, reserved 700416K
  class space    used 19040K, capacity 19647K, committed 19712K, reserved 516096K
}
{Heap before GC invocations=75 (full 2):
 PSYoungGen      total 688128K, used 688098K [0x00000000d0000000, 0x0000000100000000, 0x0000000100000000)
  eden space 589824K, 100% used [0x00000000d0000000,0x00000000f4000000,0x00000000f4000000)
  from space 98304K, 99% used [0x00000000fa000000,0x00000000ffff8ac0,0x0000000100000000)
  to   space 98304K, 0% used [0x00000000f4000000,0x00000000f4000000,0x00000000fa000000)
 ParOldGen       total 1310720K, used 755517K [0x0000000080000000, 0x00000000d0000000, 0x00000000d0000000)
  object space 1310720K, 57% used [0x0000000080000000,0x00000000ae1cf690,0x00000000d0000000)
 Metaspace       used 200753K, capacity 203224K, committed 204032K, reserved 700416K
  class space    used 19040K, capacity 19647K, committed 19712K, reserved 516096K
2025-05-14T18:14:46.021+0900: 97.308: [GC (Allocation Failure) [PSYoungGen: 688098K->98299K(688128K)] 1443616K->876404K(1998848K), 0.0449279 secs] [Times: user=0.15 sys=0.00, real=0.04 secs] 
Heap after GC invocations=75 (full 2):
 PSYoungGen      total 688128K, used 98299K [0x00000000d0000000, 0x0000000100000000, 0x0000000100000000)
  eden space 589824K, 0% used [0x00000000d0000000,0x00000000d0000000,0x00000000f4000000)
  from space 98304K, 99% used [0x00000000f4000000,0x00000000f9ffef48,0x00000000fa000000)
  to   space 98304K, 0% used [0x00000000fa000000,0x00000000fa000000,0x0000000100000000)
 ParOldGen       total 1310720K, used 778105K [0x0000000080000000, 0x00000000d0000000, 0x00000000d0000000)
  object space 1310720K, 59% used [0x0000000080000000,0x00000000af7de408,0x00000000d0000000)
 Metaspace       used 200753K, capacity 203224K, committed 204032K, reserved 700416K
  class space    used 19040K, capacity 19647K, committed 19712K, reserved 516096K
}
{Heap before GC invocations=76 (full 2):
 PSYoungGen      total 688128K, used 688123K [0x00000000d0000000, 0x0000000100000000, 0x0000000100000000)
  eden space 589824K, 100% used [0x00000000d0000000,0x00000000f4000000,0x00000000f4000000)
  from space 98304K, 99% used [0x00000000f4000000,0x00000000f9ffef48,0x00000000fa000000)
  to   space 98304K, 0% used [0x00000000fa000000,0x00000000fa000000,0x0000000100000000)
 ParOldGen       total 1310720K, used 778105K [0x0000000080000000, 0x00000000d0000000, 0x00000000d0000000)
  object space 1310720K, 59% used [0x0000000080000000,0x00000000af7de408,0x00000000d0000000)
 Metaspace       used 200758K, capacity 203224K, committed 204032K, reserved 700416K
  class space    used 19040K, capacity 19647K, committed 19712K, reserved 516096K
2025-05-14T18:14:46.926+0900: 98.213: [GC (Allocation Failure) [PSYoungGen: 688123K->98283K(688128K)] 1466228K->895745K(1998848K), 0.0496263 secs] [Times: user=0.15 sys=0.00, real=0.05 secs] 
Heap after GC invocations=76 (full 2):
 PSYoungGen      total 688128K, used 98283K [0x00000000d0000000, 0x0000000100000000, 0x0000000100000000)
  eden space 589824K, 0% used [0x00000000d0000000,0x00000000d0000000,0x00000000f4000000)
  from space 98304K, 99% used [0x00000000fa000000,0x00000000ffffac58,0x0000000100000000)
  to   space 98304K, 0% used [0x00000000f4000000,0x00000000f4000000,0x00000000fa000000)
 ParOldGen       total 1310720K, used 797462K [0x0000000080000000, 0x00000000d0000000, 0x00000000d0000000)
  object space 1310720K, 60% used [0x0000000080000000,0x00000000b0ac5960,0x00000000d0000000)
 Metaspace       used 200758K, capacity 203224K, committed 204032K, reserved 700416K
  class space    used 19040K, capacity 19647K, committed 19712K, reserved 516096K
}
{Heap before GC invocations=77 (full 2):
 PSYoungGen      total 688128K, used 688107K [0x00000000d0000000, 0x0000000100000000, 0x0000000100000000)
  eden space 589824K, 100% used [0x00000000d0000000,0x00000000f4000000,0x00000000f4000000)
  from space 98304K, 99% used [0x00000000fa000000,0x00000000ffffac58,0x0000000100000000)
  to   space 98304K, 0% used [0x00000000f4000000,0x00000000f4000000,0x00000000fa000000)
 ParOldGen       total 1310720K, used 797462K [0x0000000080000000, 0x00000000d0000000, 0x00000000d0000000)
  object space 1310720K, 60% used [0x0000000080000000,0x00000000b0ac5960,0x00000000d0000000)
 Metaspace       used 200774K, capacity 203224K, committed 204032K, reserved 700416K
  class space    used 19040K, capacity 19647K, committed 19712K, reserved 516096K
2025-05-14T18:14:47.574+0900: 98.861: [GC (Allocation Failure) [PSYoungGen: 688107K->98274K(688128K)] 1485569K->916996K(1998848K), 0.0420867 secs] [Times: user=0.13 sys=0.00, real=0.04 secs] 
Heap after GC invocations=77 (full 2):
 PSYoungGen      total 688128K, used 98274K [0x00000000d0000000, 0x0000000100000000, 0x0000000100000000)
  eden space 589824K, 0% used [0x00000000d0000000,0x00000000d0000000,0x00000000f4000000)
  from space 98304K, 99% used [0x00000000f4000000,0x00000000f9ff8af0,0x00000000fa000000)
  to   space 98304K, 0% used [0x00000000fa000000,0x00000000fa000000,0x0000000100000000)
 ParOldGen       total 1310720K, used 818722K [0x0000000080000000, 0x00000000d0000000, 0x00000000d0000000)
  object space 1310720K, 62% used [0x0000000080000000,0x00000000b1f888b8,0x00000000d0000000)
 Metaspace       used 200774K, capacity 203224K, committed 204032K, reserved 700416K
  class space    used 19040K, capacity 19647K, committed 19712K, reserved 516096K
}
{Heap before GC invocations=78 (full 2):
 PSYoungGen      total 688128K, used 688098K [0x00000000d0000000, 0x0000000100000000, 0x0000000100000000)
  eden space 589824K, 100% used [0x00000000d0000000,0x00000000f4000000,0x00000000f4000000)
  from space 98304K, 99% used [0x00000000f4000000,0x00000000f9ff8af0,0x00000000fa000000)
  to   space 98304K, 0% used [0x00000000fa000000,0x00000000fa000000,0x0000000100000000)
 ParOldGen       total 1310720K, used 818722K [0x0000000080000000, 0x00000000d0000000, 0x00000000d0000000)
  object space 1310720K, 62% used [0x0000000080000000,0x00000000b1f888b8,0x00000000d0000000)
 Metaspace       used 200774K, capacity 203224K, committed 204032K, reserved 700416K
  class space    used 19040K, capacity 19647K, committed 19712K, reserved 516096K
2025-05-14T18:14:48.721+0900: 100.008: [GC (Allocation Failure) [PSYoungGen: 688098K->98276K(688128K)] 1506820K->941931K(1998848K), 0.0412371 secs] [Times: user=0.14 sys=0.00, real=0.04 secs] 
Heap after GC invocations=78 (full 2):
 PSYoungGen      total 688128K, used 98276K [0x00000000d0000000, 0x0000000100000000, 0x0000000100000000)
  eden space 589824K, 0% used [0x00000000d0000000,0x00000000d0000000,0x00000000f4000000)
  from space 98304K, 99% used [0x00000000fa000000,0x00000000ffff9098,0x0000000100000000)
  to   space 98304K, 0% used [0x00000000f4000000,0x00000000f4000000,0x00000000fa000000)
 ParOldGen       total 1310720K, used 843655K [0x0000000080000000, 0x00000000d0000000, 0x00000000d0000000)
  object space 1310720K, 64% used [0x0000000080000000,0x00000000b37e1de0,0x00000000d0000000)
 Metaspace       used 200774K, capacity 203224K, committed 204032K, reserved 700416K
  class space    used 19040K, capacity 19647K, committed 19712K, reserved 516096K
}
{Heap before GC invocations=79 (full 2):
 PSYoungGen      total 688128K, used 688100K [0x00000000d0000000, 0x0000000100000000, 0x0000000100000000)
  eden space 589824K, 100% used [0x00000000d0000000,0x00000000f4000000,0x00000000f4000000)
  from space 98304K, 99% used [0x00000000fa000000,0x00000000ffff9098,0x0000000100000000)
  to   space 98304K, 0% used [0x00000000f4000000,0x00000000f4000000,0x00000000fa000000)
 ParOldGen       total 1310720K, used 843655K [0x0000000080000000, 0x00000000d0000000, 0x00000000d0000000)
  object space 1310720K, 64% used [0x0000000080000000,0x00000000b37e1de0,0x00000000d0000000)
 Metaspace       used 200781K, capacity 203224K, committed 204032K, reserved 700416K
  class space    used 19040K, capacity 19647K, committed 19712K, reserved 516096K
2025-05-14T18:14:50.034+0900: 101.321: [GC (Allocation Failure) [PSYoungGen: 688100K->98303K(688128K)] 1531755K->957180K(1998848K), 0.0382231 secs] [Times: user=0.13 sys=0.01, real=0.04 secs] 
Heap after GC invocations=79 (full 2):
 PSYoungGen      total 688128K, used 98303K [0x00000000d0000000, 0x0000000100000000, 0x0000000100000000)
  eden space 589824K, 0% used [0x00000000d0000000,0x00000000d0000000,0x00000000f4000000)
  from space 98304K, 99% used [0x00000000f4000000,0x00000000f9fffc08,0x00000000fa000000)
  to   space 98304K, 0% used [0x00000000fa000000,0x00000000fa000000,0x0000000100000000)
 ParOldGen       total 1310720K, used 858877K [0x0000000080000000, 0x00000000d0000000, 0x00000000d0000000)
  object space 1310720K, 65% used [0x0000000080000000,0x00000000b46bf4e0,0x00000000d0000000)
 Metaspace       used 200781K, capacity 203224K, committed 204032K, reserved 700416K
  class space    used 19040K, capacity 19647K, committed 19712K, reserved 516096K
}
{Heap before GC invocations=80 (full 2):
 PSYoungGen      total 688128K, used 688127K [0x00000000d0000000, 0x0000000100000000, 0x0000000100000000)
  eden space 589824K, 100% used [0x00000000d0000000,0x00000000f4000000,0x00000000f4000000)
  from space 98304K, 99% used [0x00000000f4000000,0x00000000f9fffc08,0x00000000fa000000)
  to   space 98304K, 0% used [0x00000000fa000000,0x00000000fa000000,0x0000000100000000)
 ParOldGen       total 1310720K, used 858877K [0x0000000080000000, 0x00000000d0000000, 0x00000000d0000000)
  object space 1310720K, 65% used [0x0000000080000000,0x00000000b46bf4e0,0x00000000d0000000)
 Metaspace       used 200807K, capacity 203224K, committed 204032K, reserved 700416K
  class space    used 19040K, capacity 19647K, committed 19712K, reserved 516096K
2025-05-14T18:14:51.067+0900: 102.354: [GC (Allocation Failure) [PSYoungGen: 688127K->98280K(688128K)] 1547004K->990169K(1998848K), 0.0432787 secs] [Times: user=0.15 sys=0.00, real=0.05 secs] 
Heap after GC invocations=80 (full 2):
 PSYoungGen      total 688128K, used 98280K [0x00000000d0000000, 0x0000000100000000, 0x0000000100000000)
  eden space 589824K, 0% used [0x00000000d0000000,0x00000000d0000000,0x00000000f4000000)
  from space 98304K, 99% used [0x00000000fa000000,0x00000000ffffa1b8,0x0000000100000000)
  to   space 98304K, 0% used [0x00000000f4000000,0x00000000f4000000,0x00000000fa000000)
 ParOldGen       total 1310720K, used 891888K [0x0000000080000000, 0x00000000d0000000, 0x00000000d0000000)
  object space 1310720K, 68% used [0x0000000080000000,0x00000000b66fc3c0,0x00000000d0000000)
 Metaspace       used 200807K, capacity 203224K, committed 204032K, reserved 700416K
  class space    used 19040K, capacity 19647K, committed 19712K, reserved 516096K
}
{Heap before GC invocations=81 (full 2):
 PSYoungGen      total 688128K, used 688104K [0x00000000d0000000, 0x0000000100000000, 0x0000000100000000)
  eden space 589824K, 100% used [0x00000000d0000000,0x00000000f4000000,0x00000000f4000000)
  from space 98304K, 99% used [0x00000000fa000000,0x00000000ffffa1b8,0x0000000100000000)
  to   space 98304K, 0% used [0x00000000f4000000,0x00000000f4000000,0x00000000fa000000)
 ParOldGen       total 1310720K, used 891888K [0x0000000080000000, 0x00000000d0000000, 0x00000000d0000000)
  object space 1310720K, 68% used [0x0000000080000000,0x00000000b66fc3c0,0x00000000d0000000)
 Metaspace       used 200857K, capacity 203352K, committed 204288K, reserved 702464K
  class space    used 19040K, capacity 19647K, committed 19712K, reserved 516096K
2025-05-14T18:14:52.198+0900: 103.485: [GC (Allocation Failure) [PSYoungGen: 688104K->98300K(688128K)] 1579993K->1002117K(1998848K), 0.0367429 secs] [Times: user=0.12 sys=0.00, real=0.04 secs] 
Heap after GC invocations=81 (full 2):
 PSYoungGen      total 688128K, used 98300K [0x00000000d0000000, 0x0000000100000000, 0x0000000100000000)
  eden space 589824K, 0% used [0x00000000d0000000,0x00000000d0000000,0x00000000f4000000)
  from space 98304K, 99% used [0x00000000f4000000,0x00000000f9fff270,0x00000000fa000000)
  to   space 98304K, 0% used [0x00000000fa000000,0x00000000fa000000,0x0000000100000000)
 ParOldGen       total 1310720K, used 903816K [0x0000000080000000, 0x00000000d0000000, 0x00000000d0000000)
  object space 1310720K, 68% used [0x0000000080000000,0x00000000b72a23a0,0x00000000d0000000)
 Metaspace       used 200857K, capacity 203352K, committed 204288K, reserved 702464K
  class space    used 19040K, capacity 19647K, committed 19712K, reserved 516096K
}
{Heap before GC invocations=82 (full 2):
 PSYoungGen      total 688128K, used 688124K [0x00000000d0000000, 0x0000000100000000, 0x0000000100000000)
  eden space 589824K, 100% used [0x00000000d0000000,0x00000000f4000000,0x00000000f4000000)
  from space 98304K, 99% used [0x00000000f4000000,0x00000000f9fff270,0x00000000fa000000)
  to   space 98304K, 0% used [0x00000000fa000000,0x00000000fa000000,0x0000000100000000)
 ParOldGen       total 1310720K, used 903816K [0x0000000080000000, 0x00000000d0000000, 0x00000000d0000000)
  object space 1310720K, 68% used [0x0000000080000000,0x00000000b72a23a0,0x00000000d0000000)
 Metaspace       used 201516K, capacity 203966K, committed 204800K, reserved 702464K
  class space    used 19107K, capacity 19680K, committed 19712K, reserved 516096K
2025-05-14T18:14:53.018+0900: 104.305: [GC (Allocation Failure) [PSYoungGen: 688124K->98284K(688128K)] 1591941K->1018058K(1998848K), 0.0477841 secs] [Times: user=0.13 sys=0.00, real=0.05 secs] 
Heap after GC invocations=82 (full 2):
 PSYoungGen      total 688128K, used 98284K [0x00000000d0000000, 0x0000000100000000, 0x0000000100000000)
  eden space 589824K, 0% used [0x00000000d0000000,0x00000000d0000000,0x00000000f4000000)
  from space 98304K, 99% used [0x00000000fa000000,0x00000000ffffb358,0x0000000100000000)
  to   space 98304K, 0% used [0x00000000f4000000,0x00000000f4000000,0x00000000fa000000)
 ParOldGen       total 1310720K, used 919773K [0x0000000080000000, 0x00000000d0000000, 0x00000000d0000000)
  object space 1310720K, 70% used [0x0000000080000000,0x00000000b8237628,0x00000000d0000000)
 Metaspace       used 201516K, capacity 203966K, committed 204800K, reserved 702464K
  class space    used 19107K, capacity 19680K, committed 19712K, reserved 516096K
}
{Heap before GC invocations=83 (full 2):
 PSYoungGen      total 688128K, used 688108K [0x00000000d0000000, 0x0000000100000000, 0x0000000100000000)
  eden space 589824K, 100% used [0x00000000d0000000,0x00000000f4000000,0x00000000f4000000)
  from space 98304K, 99% used [0x00000000fa000000,0x00000000ffffb358,0x0000000100000000)
  to   space 98304K, 0% used [0x00000000f4000000,0x00000000f4000000,0x00000000fa000000)
 ParOldGen       total 1310720K, used 919773K [0x0000000080000000, 0x00000000d0000000, 0x00000000d0000000)
  object space 1310720K, 70% used [0x0000000080000000,0x00000000b8237628,0x00000000d0000000)
 Metaspace       used 203931K, capacity 206464K, committed 207232K, reserved 704512K
  class space    used 19419K, capacity 20019K, committed 20096K, reserved 516096K
2025-05-14T18:14:53.810+0900: 105.097: [GC (Allocation Failure) [PSYoungGen: 688108K->98273K(688128K)] 1607882K->1031777K(1998848K), 0.0417772 secs] [Times: user=0.12 sys=0.00, real=0.04 secs] 
Heap after GC invocations=83 (full 2):
 PSYoungGen      total 688128K, used 98273K [0x00000000d0000000, 0x0000000100000000, 0x0000000100000000)
  eden space 589824K, 0% used [0x00000000d0000000,0x00000000d0000000,0x00000000f4000000)
  from space 98304K, 99% used [0x00000000f4000000,0x00000000f9ff8588,0x00000000fa000000)
  to   space 98304K, 0% used [0x00000000fa000000,0x00000000fa000000,0x0000000100000000)
 ParOldGen       total 1310720K, used 933504K [0x0000000080000000, 0x00000000d0000000, 0x00000000d0000000)
  object space 1310720K, 71% used [0x0000000080000000,0x00000000b8fa0060,0x00000000d0000000)
 Metaspace       used 203931K, capacity 206464K, committed 207232K, reserved 704512K
  class space    used 19419K, capacity 20019K, committed 20096K, reserved 516096K
}
{Heap before GC invocations=84 (full 2):
 PSYoungGen      total 688128K, used 688097K [0x00000000d0000000, 0x0000000100000000, 0x0000000100000000)
  eden space 589824K, 100% used [0x00000000d0000000,0x00000000f4000000,0x00000000f4000000)
  from space 98304K, 99% used [0x00000000f4000000,0x00000000f9ff8588,0x00000000fa000000)
  to   space 98304K, 0% used [0x00000000fa000000,0x00000000fa000000,0x0000000100000000)
 ParOldGen       total 1310720K, used 933504K [0x0000000080000000, 0x00000000d0000000, 0x00000000d0000000)
  object space 1310720K, 71% used [0x0000000080000000,0x00000000b8fa0060,0x00000000d0000000)
 Metaspace       used 206027K, capacity 208580K, committed 209408K, reserved 706560K
  class space    used 19619K, capacity 20217K, committed 20224K, reserved 516096K
2025-05-14T18:14:55.309+0900: 106.596: [GC (Allocation Failure) [PSYoungGen: 688097K->87069K(688128K)] 1621601K->1053135K(1998848K), 0.0464638 secs] [Times: user=0.13 sys=0.00, real=0.04 secs] 
Heap after GC invocations=84 (full 2):
 PSYoungGen      total 688128K, used 87069K [0x00000000d0000000, 0x0000000100000000, 0x0000000100000000)
  eden space 589824K, 0% used [0x00000000d0000000,0x00000000d0000000,0x00000000f4000000)
  from space 98304K, 88% used [0x00000000fa000000,0x00000000ff507700,0x0000000100000000)
  to   space 98304K, 0% used [0x00000000f4000000,0x00000000f4000000,0x00000000fa000000)
 ParOldGen       total 1310720K, used 966066K [0x0000000080000000, 0x00000000d0000000, 0x00000000d0000000)
  object space 1310720K, 73% used [0x0000000080000000,0x00000000baf6c8b0,0x00000000d0000000)
 Metaspace       used 206027K, capacity 208580K, committed 209408K, reserved 706560K
  class space    used 19619K, capacity 20217K, committed 20224K, reserved 516096K
}
{Heap before GC invocations=85 (full 2):
 PSYoungGen      total 688128K, used 676893K [0x00000000d0000000, 0x0000000100000000, 0x0000000100000000)
  eden space 589824K, 100% used [0x00000000d0000000,0x00000000f4000000,0x00000000f4000000)
  from space 98304K, 88% used [0x00000000fa000000,0x00000000ff507700,0x0000000100000000)
  to   space 98304K, 0% used [0x00000000f4000000,0x00000000f4000000,0x00000000fa000000)
 ParOldGen       total 1310720K, used 966066K [0x0000000080000000, 0x00000000d0000000, 0x00000000d0000000)
  object space 1310720K, 73% used [0x0000000080000000,0x00000000baf6c8b0,0x00000000d0000000)
 Metaspace       used 207929K, capacity 210730K, committed 211200K, reserved 708608K
  class space    used 19794K, capacity 20442K, committed 20480K, reserved 516096K
2025-05-14T18:14:56.512+0900: 107.799: [GC (Allocation Failure) [PSYoungGen: 676893K->72460K(688128K)] 1642959K->1043925K(1998848K), 0.0473578 secs] [Times: user=0.17 sys=0.00, real=0.05 secs] 
Heap after GC invocations=85 (full 2):
 PSYoungGen      total 688128K, used 72460K [0x00000000d0000000, 0x0000000100000000, 0x0000000100000000)
  eden space 589824K, 0% used [0x00000000d0000000,0x00000000d0000000,0x00000000f4000000)
  from space 98304K, 73% used [0x00000000f4000000,0x00000000f86c3058,0x00000000fa000000)
  to   space 98304K, 0% used [0x00000000fa000000,0x00000000fa000000,0x0000000100000000)
 ParOldGen       total 1310720K, used 971464K [0x0000000080000000, 0x00000000d0000000, 0x00000000d0000000)
  object space 1310720K, 74% used [0x0000000080000000,0x00000000bb4b23d8,0x00000000d0000000)
 Metaspace       used 207929K, capacity 210730K, committed 211200K, reserved 708608K
  class space    used 19794K, capacity 20442K, committed 20480K, reserved 516096K
}
{Heap before GC invocations=86 (full 2):
 PSYoungGen      total 688128K, used 662284K [0x00000000d0000000, 0x0000000100000000, 0x0000000100000000)
  eden space 589824K, 100% used [0x00000000d0000000,0x00000000f4000000,0x00000000f4000000)
  from space 98304K, 73% used [0x00000000f4000000,0x00000000f86c3058,0x00000000fa000000)
  to   space 98304K, 0% used [0x00000000fa000000,0x00000000fa000000,0x0000000100000000)
 ParOldGen       total 1310720K, used 971464K [0x0000000080000000, 0x00000000d0000000, 0x00000000d0000000)
  object space 1310720K, 74% used [0x0000000080000000,0x00000000bb4b23d8,0x00000000d0000000)
 Metaspace       used 208845K, capacity 211592K, committed 212096K, reserved 708608K
  class space    used 19886K, capacity 20511K, committed 20608K, reserved 516096K
2025-05-14T18:14:57.744+0900: 109.031: [GC (Allocation Failure) [PSYoungGen: 662284K->80630K(688128K)] 1633749K->1063354K(1998848K), 0.0638346 secs] [Times: user=0.19 sys=0.00, real=0.06 secs] 
Heap after GC invocations=86 (full 2):
 PSYoungGen      total 688128K, used 80630K [0x00000000d0000000, 0x0000000100000000, 0x0000000100000000)
  eden space 589824K, 0% used [0x00000000d0000000,0x00000000d0000000,0x00000000f4000000)
  from space 98304K, 82% used [0x00000000fa000000,0x00000000feebda48,0x0000000100000000)
  to   space 98304K, 0% used [0x00000000f4000000,0x00000000f4000000,0x00000000fa000000)
 ParOldGen       total 1310720K, used 982723K [0x0000000080000000, 0x00000000d0000000, 0x00000000d0000000)
  object space 1310720K, 74% used [0x0000000080000000,0x00000000bbfb0f20,0x00000000d0000000)
 Metaspace       used 208845K, capacity 211592K, committed 212096K, reserved 708608K
  class space    used 19886K, capacity 20511K, committed 20608K, reserved 516096K
}
{Heap before GC invocations=87 (full 2):
 PSYoungGen      total 688128K, used 670454K [0x00000000d0000000, 0x0000000100000000, 0x0000000100000000)
  eden space 589824K, 100% used [0x00000000d0000000,0x00000000f4000000,0x00000000f4000000)
  from space 98304K, 82% used [0x00000000fa000000,0x00000000feebda48,0x0000000100000000)
  to   space 98304K, 0% used [0x00000000f4000000,0x00000000f4000000,0x00000000fa000000)
 ParOldGen       total 1310720K, used 982723K [0x0000000080000000, 0x00000000d0000000, 0x00000000d0000000)
  object space 1310720K, 74% used [0x0000000080000000,0x00000000bbfb0f20,0x00000000d0000000)
 Metaspace       used 209019K, capacity 211858K, committed 212352K, reserved 708608K
  class space    used 19902K, capacity 20550K, committed 20608K, reserved 516096K
2025-05-14T18:14:58.651+0900: 109.938: [GC (Allocation Failure) [PSYoungGen: 670454K->64516K(688128K)] 1653178K->1054295K(1998848K), 0.0389154 secs] [Times: user=0.12 sys=0.00, real=0.04 secs] 
Heap after GC invocations=87 (full 2):
 PSYoungGen      total 688128K, used 64516K [0x00000000d0000000, 0x0000000100000000, 0x0000000100000000)
  eden space 589824K, 0% used [0x00000000d0000000,0x00000000d0000000,0x00000000f4000000)
  from space 98304K, 65% used [0x00000000f4000000,0x00000000f7f010b8,0x00000000fa000000)
  to   space 98304K, 0% used [0x00000000fa000000,0x00000000fa000000,0x0000000100000000)
 ParOldGen       total 1310720K, used 989779K [0x0000000080000000, 0x00000000d0000000, 0x00000000d0000000)
  object space 1310720K, 75% used [0x0000000080000000,0x00000000bc694f28,0x00000000d0000000)
 Metaspace       used 209019K, capacity 211858K, committed 212352K, reserved 708608K
  class space    used 19902K, capacity 20550K, committed 20608K, reserved 516096K
}
{Heap before GC invocations=88 (full 2):
 PSYoungGen      total 688128K, used 654340K [0x00000000d0000000, 0x0000000100000000, 0x0000000100000000)
  eden space 589824K, 100% used [0x00000000d0000000,0x00000000f4000000,0x00000000f4000000)
  from space 98304K, 65% used [0x00000000f4000000,0x00000000f7f010b8,0x00000000fa000000)
  to   space 98304K, 0% used [0x00000000fa000000,0x00000000fa000000,0x0000000100000000)
 ParOldGen       total 1310720K, used 989779K [0x0000000080000000, 0x00000000d0000000, 0x00000000d0000000)
  object space 1310720K, 75% used [0x0000000080000000,0x00000000bc694f28,0x00000000d0000000)
 Metaspace       used 225817K, capacity 229146K, committed 229376K, reserved 722944K
  class space    used 22005K, capacity 22740K, committed 22784K, reserved 516096K
2025-05-14T18:15:01.424+0900: 112.711: [GC (Allocation Failure) [PSYoungGen: 654340K->98286K(688128K)] 1644119K->1104509K(1998848K), 0.0485776 secs] [Times: user=0.13 sys=0.00, real=0.05 secs] 
Heap after GC invocations=88 (full 2):
 PSYoungGen      total 688128K, used 98286K [0x00000000d0000000, 0x0000000100000000, 0x0000000100000000)
  eden space 589824K, 0% used [0x00000000d0000000,0x00000000d0000000,0x00000000f4000000)
  from space 98304K, 99% used [0x00000000fa000000,0x00000000ffffbae0,0x0000000100000000)
  to   space 98304K, 0% used [0x00000000f4000000,0x00000000f4000000,0x00000000fa000000)
 ParOldGen       total 1310720K, used 1006223K [0x0000000080000000, 0x00000000d0000000, 0x00000000d0000000)
  object space 1310720K, 76% used [0x0000000080000000,0x00000000bd6a3c58,0x00000000d0000000)
 Metaspace       used 225817K, capacity 229146K, committed 229376K, reserved 722944K
  class space    used 22005K, capacity 22740K, committed 22784K, reserved 516096K
}
{Heap before GC invocations=89 (full 2):
 PSYoungGen      total 688128K, used 688110K [0x00000000d0000000, 0x0000000100000000, 0x0000000100000000)
  eden space 589824K, 100% used [0x00000000d0000000,0x00000000f4000000,0x00000000f4000000)
  from space 98304K, 99% used [0x00000000fa000000,0x00000000ffffbae0,0x0000000100000000)
  to   space 98304K, 0% used [0x00000000f4000000,0x00000000f4000000,0x00000000fa000000)
 ParOldGen       total 1310720K, used 1006223K [0x0000000080000000, 0x00000000d0000000, 0x00000000d0000000)
  object space 1310720K, 76% used [0x0000000080000000,0x00000000bd6a3c58,0x00000000d0000000)
 Metaspace       used 230977K, capacity 234344K, committed 234496K, reserved 729088K
  class space    used 22514K, capacity 23256K, committed 23296K, reserved 516096K
2025-05-14T18:15:02.211+0900: 113.498: [GC (Allocation Failure) [PSYoungGen: 688110K->98291K(688128K)] 1694333K->1111027K(1998848K), 0.0546341 secs] [Times: user=0.13 sys=0.00, real=0.05 secs] 
Heap after GC invocations=89 (full 2):
 PSYoungGen      total 688128K, used 98291K [0x00000000d0000000, 0x0000000100000000, 0x0000000100000000)
  eden space 589824K, 0% used [0x00000000d0000000,0x00000000d0000000,0x00000000f4000000)
  from space 98304K, 99% used [0x00000000f4000000,0x00000000f9ffcee0,0x00000000fa000000)
  to   space 98304K, 0% used [0x00000000fa000000,0x00000000fa000000,0x0000000100000000)
 ParOldGen       total 1310720K, used 1012735K [0x0000000080000000, 0x00000000d0000000, 0x00000000d0000000)
  object space 1310720K, 77% used [0x0000000080000000,0x00000000bdcffda0,0x00000000d0000000)
 Metaspace       used 230977K, capacity 234344K, committed 234496K, reserved 729088K
  class space    used 22514K, capacity 23256K, committed 23296K, reserved 516096K
}
{Heap before GC invocations=90 (full 2):
 PSYoungGen      total 688128K, used 688115K [0x00000000d0000000, 0x0000000100000000, 0x0000000100000000)
  eden space 589824K, 100% used [0x00000000d0000000,0x00000000f4000000,0x00000000f4000000)
  from space 98304K, 99% used [0x00000000f4000000,0x00000000f9ffcee0,0x00000000fa000000)
  to   space 98304K, 0% used [0x00000000fa000000,0x00000000fa000000,0x0000000100000000)
 ParOldGen       total 1310720K, used 1012735K [0x0000000080000000, 0x00000000d0000000, 0x00000000d0000000)
  object space 1310720K, 77% used [0x0000000080000000,0x00000000bdcffda0,0x00000000d0000000)
 Metaspace       used 236448K, capacity 240098K, committed 240384K, reserved 733184K
  class space    used 23147K, capacity 23957K, committed 24064K, reserved 516096K
2025-05-14T18:15:37.411+0900: 148.698: [GC (Allocation Failure) [PSYoungGen: 688115K->81696K(688128K)] 1700851K->1095999K(1998848K), 0.0429522 secs] [Times: user=0.12 sys=0.00, real=0.04 secs] 
Heap after GC invocations=90 (full 2):
 PSYoungGen      total 688128K, used 81696K [0x00000000d0000000, 0x0000000100000000, 0x0000000100000000)
  eden space 589824K, 0% used [0x00000000d0000000,0x00000000d0000000,0x00000000f4000000)
  from space 98304K, 83% used [0x00000000fa000000,0x00000000fefc82c0,0x0000000100000000)
  to   space 98304K, 0% used [0x00000000f4000000,0x00000000f4000000,0x00000000fa000000)
 ParOldGen       total 1310720K, used 1014302K [0x0000000080000000, 0x00000000d0000000, 0x00000000d0000000)
  object space 1310720K, 77% used [0x0000000080000000,0x00000000bde87af8,0x00000000d0000000)
 Metaspace       used 236448K, capacity 240098K, committed 240384K, reserved 733184K
  class space    used 23147K, capacity 23957K, committed 24064K, reserved 516096K
}
{Heap before GC invocations=91 (full 2):
 PSYoungGen      total 688128K, used 671520K [0x00000000d0000000, 0x0000000100000000, 0x0000000100000000)
  eden space 589824K, 100% used [0x00000000d0000000,0x00000000f4000000,0x00000000f4000000)
  from space 98304K, 83% used [0x00000000fa000000,0x00000000fefc82c0,0x0000000100000000)
  to   space 98304K, 0% used [0x00000000f4000000,0x00000000f4000000,0x00000000fa000000)
 ParOldGen       total 1310720K, used 1014302K [0x0000000080000000, 0x00000000d0000000, 0x00000000d0000000)
  object space 1310720K, 77% used [0x0000000080000000,0x00000000bde87af8,0x00000000d0000000)
 Metaspace       used 239454K, capacity 243206K, committed 243456K, reserved 735232K
  class space    used 23479K, capacity 24295K, committed 24320K, reserved 516096K
2025-05-14T18:16:26.461+0900: 197.748: [GC (Allocation Failure) [PSYoungGen: 671520K->74459K(688128K)] 1685823K->1093509K(1998848K), 0.0551292 secs] [Times: user=0.13 sys=0.00, real=0.05 secs] 
Heap after GC invocations=91 (full 2):
 PSYoungGen      total 688128K, used 74459K [0x00000000d0000000, 0x0000000100000000, 0x0000000100000000)
  eden space 589824K, 0% used [0x00000000d0000000,0x00000000d0000000,0x00000000f4000000)
  from space 98304K, 75% used [0x00000000f4000000,0x00000000f88b6ed0,0x00000000fa000000)
  to   space 98304K, 0% used [0x00000000fa000000,0x00000000fa000000,0x0000000100000000)
 ParOldGen       total 1310720K, used 1019049K [0x0000000080000000, 0x00000000d0000000, 0x00000000d0000000)
  object space 1310720K, 77% used [0x0000000080000000,0x00000000be32a568,0x00000000d0000000)
 Metaspace       used 239454K, capacity 243206K, committed 243456K, reserved 735232K
  class space    used 23479K, capacity 24295K, committed 24320K, reserved 516096K
}
{Heap before GC invocations=92 (full 2):
 PSYoungGen      total 688128K, used 664283K [0x00000000d0000000, 0x0000000100000000, 0x0000000100000000)
  eden space 589824K, 100% used [0x00000000d0000000,0x00000000f4000000,0x00000000f4000000)
  from space 98304K, 75% used [0x00000000f4000000,0x00000000f88b6ed0,0x00000000fa000000)
  to   space 98304K, 0% used [0x00000000fa000000,0x00000000fa000000,0x0000000100000000)
 ParOldGen       total 1310720K, used 1019049K [0x0000000080000000, 0x00000000d0000000, 0x00000000d0000000)
  object space 1310720K, 77% used [0x0000000080000000,0x00000000be32a568,0x00000000d0000000)
 Metaspace       used 239701K, capacity 243560K, committed 243712K, reserved 737280K
  class space    used 23501K, capacity 24314K, committed 24320K, reserved 516096K
2025-05-14T18:17:25.926+0900: 257.213: [GC (Allocation Failure) [PSYoungGen: 664283K->68104K(688128K)] 1683333K->1089550K(1998848K), 0.1157574 secs] [Times: user=0.17 sys=0.00, real=0.12 secs] 
Heap after GC invocations=92 (full 2):
 PSYoungGen      total 688128K, used 68104K [0x00000000d0000000, 0x0000000100000000, 0x0000000100000000)
  eden space 589824K, 0% used [0x00000000d0000000,0x00000000d0000000,0x00000000f4000000)
  from space 98304K, 69% used [0x00000000fa000000,0x00000000fe2822f0,0x0000000100000000)
  to   space 98304K, 0% used [0x00000000f4000000,0x00000000f4000000,0x00000000fa000000)
 ParOldGen       total 1310720K, used 1021445K [0x0000000080000000, 0x00000000d0000000, 0x00000000d0000000)
  object space 1310720K, 77% used [0x0000000080000000,0x00000000be581750,0x00000000d0000000)
 Metaspace       used 239701K, capacity 243560K, committed 243712K, reserved 737280K
  class space    used 23501K, capacity 24314K, committed 24320K, reserved 516096K
}
{Heap before GC invocations=93 (full 2):
 PSYoungGen      total 688128K, used 657928K [0x00000000d0000000, 0x0000000100000000, 0x0000000100000000)
  eden space 589824K, 100% used [0x00000000d0000000,0x00000000f4000000,0x00000000f4000000)
  from space 98304K, 69% used [0x00000000fa000000,0x00000000fe2822f0,0x0000000100000000)
  to   space 98304K, 0% used [0x00000000f4000000,0x00000000f4000000,0x00000000fa000000)
 ParOldGen       total 1310720K, used 1021445K [0x0000000080000000, 0x00000000d0000000, 0x00000000d0000000)
  object space 1310720K, 77% used [0x0000000080000000,0x00000000be581750,0x00000000d0000000)
 Metaspace       used 240570K, capacity 244762K, committed 244992K, reserved 737280K
  class space    used 23593K, capacity 24483K, committed 24576K, reserved 516096K
2025-05-14T18:18:22.464+0900: 313.751: [GC (Allocation Failure) [PSYoungGen: 657928K->67089K(688128K)] 1679374K->1091773K(1998848K), 0.0331401 secs] [Times: user=0.11 sys=0.00, real=0.03 secs] 
Heap after GC invocations=93 (full 2):
 PSYoungGen      total 688128K, used 67089K [0x00000000d0000000, 0x0000000100000000, 0x0000000100000000)
  eden space 589824K, 0% used [0x00000000d0000000,0x00000000d0000000,0x00000000f4000000)
  from space 98304K, 68% used [0x00000000f4000000,0x00000000f8184470,0x00000000fa000000)
  to   space 98304K, 0% used [0x00000000fa000000,0x00000000fa000000,0x0000000100000000)
 ParOldGen       total 1310720K, used 1024684K [0x0000000080000000, 0x00000000d0000000, 0x00000000d0000000)
  object space 1310720K, 78% used [0x0000000080000000,0x00000000be8ab0f8,0x00000000d0000000)
 Metaspace       used 240570K, capacity 244762K, committed 244992K, reserved 737280K
  class space    used 23593K, capacity 24483K, committed 24576K, reserved 516096K
}
{Heap before GC invocations=94 (full 2):
 PSYoungGen      total 688128K, used 656913K [0x00000000d0000000, 0x0000000100000000, 0x0000000100000000)
  eden space 589824K, 100% used [0x00000000d0000000,0x00000000f4000000,0x00000000f4000000)
  from space 98304K, 68% used [0x00000000f4000000,0x00000000f8184470,0x00000000fa000000)
  to   space 98304K, 0% used [0x00000000fa000000,0x00000000fa000000,0x0000000100000000)
 ParOldGen       total 1310720K, used 1024684K [0x0000000080000000, 0x00000000d0000000, 0x00000000d0000000)
  object space 1310720K, 78% used [0x0000000080000000,0x00000000be8ab0f8,0x00000000d0000000)
 Metaspace       used 240755K, capacity 244826K, committed 244992K, reserved 737280K
  class space    used 23595K, capacity 24483K, committed 24576K, reserved 516096K
2025-05-14T18:19:23.608+0900: 374.895: [GC (Allocation Failure) [PSYoungGen: 656913K->66199K(688128K)] 1681597K->1092150K(1998848K), 0.0318418 secs] [Times: user=0.11 sys=0.00, real=0.04 secs] 
Heap after GC invocations=94 (full 2):
 PSYoungGen      total 688128K, used 66199K [0x00000000d0000000, 0x0000000100000000, 0x0000000100000000)
  eden space 589824K, 0% used [0x00000000d0000000,0x00000000d0000000,0x00000000f4000000)
  from space 98304K, 67% used [0x00000000fa000000,0x00000000fe0a5e20,0x0000000100000000)
  to   space 98304K, 0% used [0x00000000f4000000,0x00000000f4000000,0x00000000fa000000)
 ParOldGen       total 1310720K, used 1025950K [0x0000000080000000, 0x00000000d0000000, 0x00000000d0000000)
  object space 1310720K, 78% used [0x0000000080000000,0x00000000be9e7a90,0x00000000d0000000)
 Metaspace       used 240755K, capacity 244826K, committed 244992K, reserved 737280K
  class space    used 23595K, capacity 24483K, committed 24576K, reserved 516096K
}
{Heap before GC invocations=95 (full 2):
 PSYoungGen      total 688128K, used 656023K [0x00000000d0000000, 0x0000000100000000, 0x0000000100000000)
  eden space 589824K, 100% used [0x00000000d0000000,0x00000000f4000000,0x00000000f4000000)
  from space 98304K, 67% used [0x00000000fa000000,0x00000000fe0a5e20,0x0000000100000000)
  to   space 98304K, 0% used [0x00000000f4000000,0x00000000f4000000,0x00000000fa000000)
 ParOldGen       total 1310720K, used 1025950K [0x0000000080000000, 0x00000000d0000000, 0x00000000d0000000)
  object space 1310720K, 78% used [0x0000000080000000,0x00000000be9e7a90,0x00000000d0000000)
 Metaspace       used 242215K, capacity 246384K, committed 246656K, reserved 739328K
  class space    used 23725K, capacity 24591K, committed 24704K, reserved 516096K
2025-05-14T18:20:17.682+0900: 428.969: [GC (Allocation Failure) [PSYoungGen: 656023K->65899K(688128K)] 1681974K->1095359K(1998848K), 0.0334437 secs] [Times: user=0.10 sys=0.00, real=0.03 secs] 
Heap after GC invocations=95 (full 2):
 PSYoungGen      total 688128K, used 65899K [0x00000000d0000000, 0x0000000100000000, 0x0000000100000000)
  eden space 589824K, 0% used [0x00000000d0000000,0x00000000d0000000,0x00000000f4000000)
  from space 98304K, 67% used [0x00000000f4000000,0x00000000f805afd0,0x00000000fa000000)
  to   space 98304K, 0% used [0x00000000fa000000,0x00000000fa000000,0x0000000100000000)
 ParOldGen       total 1310720K, used 1029459K [0x0000000080000000, 0x00000000d0000000, 0x00000000d0000000)
  object space 1310720K, 78% used [0x0000000080000000,0x00000000bed54d68,0x00000000d0000000)
 Metaspace       used 242215K, capacity 246384K, committed 246656K, reserved 739328K
  class space    used 23725K, capacity 24591K, committed 24704K, reserved 516096K
}
{Heap before GC invocations=96 (full 2):
 PSYoungGen      total 688128K, used 655723K [0x00000000d0000000, 0x0000000100000000, 0x0000000100000000)
  eden space 589824K, 100% used [0x00000000d0000000,0x00000000f4000000,0x00000000f4000000)
  from space 98304K, 67% used [0x00000000f4000000,0x00000000f805afd0,0x00000000fa000000)
  to   space 98304K, 0% used [0x00000000fa000000,0x00000000fa000000,0x0000000100000000)
 ParOldGen       total 1310720K, used 1029459K [0x0000000080000000, 0x00000000d0000000, 0x00000000d0000000)
  object space 1310720K, 78% used [0x0000000080000000,0x00000000bed54d68,0x00000000d0000000)
 Metaspace       used 242589K, capacity 246788K, committed 246912K, reserved 739328K
  class space    used 23734K, capacity 24631K, committed 24704K, reserved 516096K
2025-05-14T18:21:15.828+0900: 487.115: [GC (Allocation Failure) [PSYoungGen: 655723K->62173K(688128K)] 1685183K->1094878K(1998848K), 0.0320003 secs] [Times: user=0.10 sys=0.00, real=0.04 secs] 
Heap after GC invocations=96 (full 2):
 PSYoungGen      total 688128K, used 62173K [0x00000000d0000000, 0x0000000100000000, 0x0000000100000000)
  eden space 589824K, 0% used [0x00000000d0000000,0x00000000d0000000,0x00000000f4000000)
  from space 98304K, 63% used [0x00000000fa000000,0x00000000fdcb7678,0x0000000100000000)
  to   space 98304K, 0% used [0x00000000f4000000,0x00000000f4000000,0x00000000fa000000)
 ParOldGen       total 1310720K, used 1032704K [0x0000000080000000, 0x00000000d0000000, 0x00000000d0000000)
  object space 1310720K, 78% used [0x0000000080000000,0x00000000bf080200,0x00000000d0000000)
 Metaspace       used 242589K, capacity 246788K, committed 246912K, reserved 739328K
  class space    used 23734K, capacity 24631K, committed 24704K, reserved 516096K
}
{Heap before GC invocations=97 (full 2):
 PSYoungGen      total 688128K, used 651997K [0x00000000d0000000, 0x0000000100000000, 0x0000000100000000)
  eden space 589824K, 100% used [0x00000000d0000000,0x00000000f4000000,0x00000000f4000000)
  from space 98304K, 63% used [0x00000000fa000000,0x00000000fdcb7678,0x0000000100000000)
  to   space 98304K, 0% used [0x00000000f4000000,0x00000000f4000000,0x00000000fa000000)
 ParOldGen       total 1310720K, used 1032704K [0x0000000080000000, 0x00000000d0000000, 0x00000000d0000000)
  object space 1310720K, 78% used [0x0000000080000000,0x00000000bf080200,0x00000000d0000000)
 Metaspace       used 243037K, capacity 247292K, committed 247424K, reserved 739328K
  class space    used 23765K, capacity 24667K, committed 24704K, reserved 516096K
2025-05-14T18:22:13.284+0900: 544.571: [GC (Allocation Failure) [PSYoungGen: 651997K->53793K(688128K)] 1684702K->1095507K(1998848K), 0.0310303 secs] [Times: user=0.10 sys=0.00, real=0.03 secs] 
Heap after GC invocations=97 (full 2):
 PSYoungGen      total 688128K, used 53793K [0x00000000d0000000, 0x0000000100000000, 0x0000000100000000)
  eden space 589824K, 0% used [0x00000000d0000000,0x00000000d0000000,0x00000000f4000000)
  from space 98304K, 54% used [0x00000000f4000000,0x00000000f74887b8,0x00000000fa000000)
  to   space 98304K, 0% used [0x00000000fa000000,0x00000000fa000000,0x0000000100000000)
 ParOldGen       total 1310720K, used 1041714K [0x0000000080000000, 0x00000000d0000000, 0x00000000d0000000)
  object space 1310720K, 79% used [0x0000000080000000,0x00000000bf94c840,0x00000000d0000000)
 Metaspace       used 243037K, capacity 247292K, committed 247424K, reserved 739328K
  class space    used 23765K, capacity 24667K, committed 24704K, reserved 516096K
}
{Heap before GC invocations=98 (full 2):
 PSYoungGen      total 688128K, used 643617K [0x00000000d0000000, 0x0000000100000000, 0x0000000100000000)
  eden space 589824K, 100% used [0x00000000d0000000,0x00000000f4000000,0x00000000f4000000)
  from space 98304K, 54% used [0x00000000f4000000,0x00000000f74887b8,0x00000000fa000000)
  to   space 98304K, 0% used [0x00000000fa000000,0x00000000fa000000,0x0000000100000000)
 ParOldGen       total 1310720K, used 1041714K [0x0000000080000000, 0x00000000d0000000, 0x00000000d0000000)
  object space 1310720K, 79% used [0x0000000080000000,0x00000000bf94c840,0x00000000d0000000)
 Metaspace       used 243435K, capacity 247648K, committed 247680K, reserved 739328K
  class space    used 23772K, capacity 24673K, committed 24704K, reserved 516096K
2025-05-14T18:23:05.233+0900: 596.520: [GC (Allocation Failure) [PSYoungGen: 643617K->54228K(688128K)] 1685331K->1096982K(1998848K), 0.0291039 secs] [Times: user=0.09 sys=0.00, real=0.03 secs] 
Heap after GC invocations=98 (full 2):
 PSYoungGen      total 688128K, used 54228K [0x00000000d0000000, 0x0000000100000000, 0x0000000100000000)
  eden space 589824K, 0% used [0x00000000d0000000,0x00000000d0000000,0x00000000f4000000)
  from space 98304K, 55% used [0x00000000fa000000,0x00000000fd4f52b8,0x0000000100000000)
  to   space 98304K, 0% used [0x00000000f4000000,0x00000000f4000000,0x00000000fa000000)
 ParOldGen       total 1310720K, used 1042754K [0x0000000080000000, 0x00000000d0000000, 0x00000000d0000000)
  object space 1310720K, 79% used [0x0000000080000000,0x00000000bfa50860,0x00000000d0000000)
 Metaspace       used 243435K, capacity 247648K, committed 247680K, reserved 739328K
  class space    used 23772K, capacity 24673K, committed 24704K, reserved 516096K
}
{Heap before GC invocations=99 (full 2):
 PSYoungGen      total 688128K, used 644052K [0x00000000d0000000, 0x0000000100000000, 0x0000000100000000)
  eden space 589824K, 100% used [0x00000000d0000000,0x00000000f4000000,0x00000000f4000000)
  from space 98304K, 55% used [0x00000000fa000000,0x00000000fd4f52b8,0x0000000100000000)
  to   space 98304K, 0% used [0x00000000f4000000,0x00000000f4000000,0x00000000fa000000)
 ParOldGen       total 1310720K, used 1042754K [0x0000000080000000, 0x00000000d0000000, 0x00000000d0000000)
  object space 1310720K, 79% used [0x0000000080000000,0x00000000bfa50860,0x00000000d0000000)
 Metaspace       used 243506K, capacity 247712K, committed 247936K, reserved 739328K
  class space    used 23772K, capacity 24673K, committed 24704K, reserved 516096K
2025-05-14T18:24:07.163+0900: 658.450: [GC (Allocation Failure) [PSYoungGen: 644052K->49681K(688128K)] 1686806K->1097115K(1998848K), 0.0331108 secs] [Times: user=0.10 sys=0.00, real=0.03 secs] 
Heap after GC invocations=99 (full 2):
 PSYoungGen      total 688128K, used 49681K [0x00000000d0000000, 0x0000000100000000, 0x0000000100000000)
  eden space 589824K, 0% used [0x00000000d0000000,0x00000000d0000000,0x00000000f4000000)
  from space 98304K, 50% used [0x00000000f4000000,0x00000000f70844e0,0x00000000fa000000)
  to   space 98304K, 0% used [0x00000000fa000000,0x00000000fa000000,0x0000000100000000)
 ParOldGen       total 1310720K, used 1047434K [0x0000000080000000, 0x00000000d0000000, 0x00000000d0000000)
  object space 1310720K, 79% used [0x0000000080000000,0x00000000bfee28a0,0x00000000d0000000)
 Metaspace       used 243506K, capacity 247712K, committed 247936K, reserved 739328K
  class space    used 23772K, capacity 24673K, committed 24704K, reserved 516096K
}
{Heap before GC invocations=100 (full 2):
 PSYoungGen      total 688128K, used 639505K [0x00000000d0000000, 0x0000000100000000, 0x0000000100000000)
  eden space 589824K, 100% used [0x00000000d0000000,0x00000000f4000000,0x00000000f4000000)
  from space 98304K, 50% used [0x00000000f4000000,0x00000000f70844e0,0x00000000fa000000)
  to   space 98304K, 0% used [0x00000000fa000000,0x00000000fa000000,0x0000000100000000)
 ParOldGen       total 1310720K, used 1047434K [0x0000000080000000, 0x00000000d0000000, 0x00000000d0000000)
  object space 1310720K, 79% used [0x0000000080000000,0x00000000bfee28a0,0x00000000d0000000)
 Metaspace       used 243599K, capacity 247776K, committed 247936K, reserved 739328K
  class space    used 23779K, capacity 24673K, committed 24704K, reserved 516096K
2025-05-14T18:25:07.422+0900: 718.710: [GC (Allocation Failure) [PSYoungGen: 639505K->42006K(688128K)] 1686939K->1097464K(1998848K), 0.0271076 secs] [Times: user=0.08 sys=0.00, real=0.03 secs] 
Heap after GC invocations=100 (full 2):
 PSYoungGen      total 688128K, used 42006K [0x00000000d0000000, 0x0000000100000000, 0x0000000100000000)
  eden space 589824K, 0% used [0x00000000d0000000,0x00000000d0000000,0x00000000f4000000)
  from space 98304K, 42% used [0x00000000fa000000,0x00000000fc905928,0x0000000100000000)
  to   space 98304K, 0% used [0x00000000f4000000,0x00000000f4000000,0x00000000fa000000)
 ParOldGen       total 1310720K, used 1055458K [0x0000000080000000, 0x00000000d0000000, 0x00000000d0000000)
  object space 1310720K, 80% used [0x0000000080000000,0x00000000c06b8900,0x00000000d0000000)
 Metaspace       used 243599K, capacity 247776K, committed 247936K, reserved 739328K
  class space    used 23779K, capacity 24673K, committed 24704K, reserved 516096K
}
{Heap before GC invocations=101 (full 2):
 PSYoungGen      total 688128K, used 631830K [0x00000000d0000000, 0x0000000100000000, 0x0000000100000000)
  eden space 589824K, 100% used [0x00000000d0000000,0x00000000f4000000,0x00000000f4000000)
  from space 98304K, 42% used [0x00000000fa000000,0x00000000fc905928,0x0000000100000000)
  to   space 98304K, 0% used [0x00000000f4000000,0x00000000f4000000,0x00000000fa000000)
 ParOldGen       total 1310720K, used 1055458K [0x0000000080000000, 0x00000000d0000000, 0x00000000d0000000)
  object space 1310720K, 80% used [0x0000000080000000,0x00000000c06b8900,0x00000000d0000000)
 Metaspace       used 243836K, capacity 248040K, committed 248192K, reserved 741376K
  class space    used 23783K, capacity 24677K, committed 24704K, reserved 516096K
2025-05-14T18:26:07.661+0900: 778.948: [GC (Allocation Failure) [PSYoungGen: 631830K->38178K(688128K)] 1687288K->1098493K(1998848K), 0.0260266 secs] [Times: user=0.07 sys=0.00, real=0.02 secs] 
Heap after GC invocations=101 (full 2):
 PSYoungGen      total 688128K, used 38178K [0x00000000d0000000, 0x0000000100000000, 0x0000000100000000)
  eden space 589824K, 0% used [0x00000000d0000000,0x00000000d0000000,0x00000000f4000000)
  from space 98304K, 38% used [0x00000000f4000000,0x00000000f6548b08,0x00000000fa000000)
  to   space 98304K, 0% used [0x00000000fa000000,0x00000000fa000000,0x0000000100000000)
 ParOldGen       total 1310720K, used 1060314K [0x0000000080000000, 0x00000000d0000000, 0x00000000d0000000)
  object space 1310720K, 80% used [0x0000000080000000,0x00000000c0b76970,0x00000000d0000000)
 Metaspace       used 243836K, capacity 248040K, committed 248192K, reserved 741376K
  class space    used 23783K, capacity 24677K, committed 24704K, reserved 516096K
}
{Heap before GC invocations=102 (full 2):
 PSYoungGen      total 688128K, used 628002K [0x00000000d0000000, 0x0000000100000000, 0x0000000100000000)
  eden space 589824K, 100% used [0x00000000d0000000,0x00000000f4000000,0x00000000f4000000)
  from space 98304K, 38% used [0x00000000f4000000,0x00000000f6548b08,0x00000000fa000000)
  to   space 98304K, 0% used [0x00000000fa000000,0x00000000fa000000,0x0000000100000000)
 ParOldGen       total 1310720K, used 1060314K [0x0000000080000000, 0x00000000d0000000, 0x00000000d0000000)
  object space 1310720K, 80% used [0x0000000080000000,0x00000000c0b76970,0x00000000d0000000)
 Metaspace       used 243969K, capacity 248180K, committed 248448K, reserved 741376K
  class space    used 23784K, capacity 24679K, committed 24704K, reserved 516096K
2025-05-14T18:27:08.809+0900: 840.096: [GC (Allocation Failure) [PSYoungGen: 628002K->31582K(688128K)] 1688317K->1098601K(1998848K), 0.0236035 secs] [Times: user=0.07 sys=0.00, real=0.02 secs] 
Heap after GC invocations=102 (full 2):
 PSYoungGen      total 688128K, used 31582K [0x00000000d0000000, 0x0000000100000000, 0x0000000100000000)
  eden space 589824K, 0% used [0x00000000d0000000,0x00000000d0000000,0x00000000f4000000)
  from space 98304K, 32% used [0x00000000fa000000,0x00000000fbed7bb8,0x0000000100000000)
  to   space 98304K, 0% used [0x00000000f4000000,0x00000000f4000000,0x00000000fa000000)
 ParOldGen       total 1310720K, used 1067018K [0x0000000080000000, 0x00000000d0000000, 0x00000000d0000000)
  object space 1310720K, 81% used [0x0000000080000000,0x00000000c1202a10,0x00000000d0000000)
 Metaspace       used 243969K, capacity 248180K, committed 248448K, reserved 741376K
  class space    used 23784K, capacity 24679K, committed 24704K, reserved 516096K
}
{Heap before GC invocations=103 (full 2):
 PSYoungGen      total 688128K, used 621406K [0x00000000d0000000, 0x0000000100000000, 0x0000000100000000)
  eden space 589824K, 100% used [0x00000000d0000000,0x00000000f4000000,0x00000000f4000000)
  from space 98304K, 32% used [0x00000000fa000000,0x00000000fbed7bb8,0x0000000100000000)
  to   space 98304K, 0% used [0x00000000f4000000,0x00000000f4000000,0x00000000fa000000)
 ParOldGen       total 1310720K, used 1067018K [0x0000000080000000, 0x00000000d0000000, 0x00000000d0000000)
  object space 1310720K, 81% used [0x0000000080000000,0x00000000c1202a10,0x00000000d0000000)
 Metaspace       used 244284K, capacity 248446K, committed 248704K, reserved 741376K
  class space    used 23785K, capacity 24680K, committed 24704K, reserved 516096K
2025-05-14T18:28:08.039+0900: 899.326: [GC (Allocation Failure) [PSYoungGen: 621406K->20740K(688128K)] 1688425K->1098946K(1998848K), 0.0206063 secs] [Times: user=0.06 sys=0.00, real=0.02 secs] 
Heap after GC invocations=103 (full 2):
 PSYoungGen      total 688128K, used 20740K [0x00000000d0000000, 0x0000000100000000, 0x0000000100000000)
  eden space 589824K, 0% used [0x00000000d0000000,0x00000000d0000000,0x00000000f4000000)
  from space 98304K, 21% used [0x00000000f4000000,0x00000000f5441390,0x00000000fa000000)
  to   space 98304K, 0% used [0x00000000fa000000,0x00000000fa000000,0x0000000100000000)
 ParOldGen       total 1310720K, used 1078205K [0x0000000080000000, 0x00000000d0000000, 0x00000000d0000000)
  object space 1310720K, 82% used [0x0000000080000000,0x00000000c1cef6f8,0x00000000d0000000)
 Metaspace       used 244284K, capacity 248446K, committed 248704K, reserved 741376K
  class space    used 23785K, capacity 24680K, committed 24704K, reserved 516096K
}
{Heap before GC invocations=104 (full 2):
 PSYoungGen      total 688128K, used 610564K [0x00000000d0000000, 0x0000000100000000, 0x0000000100000000)
  eden space 589824K, 100% used [0x00000000d0000000,0x00000000f4000000,0x00000000f4000000)
  from space 98304K, 21% used [0x00000000f4000000,0x00000000f5441390,0x00000000fa000000)
  to   space 98304K, 0% used [0x00000000fa000000,0x00000000fa000000,0x0000000100000000)
 ParOldGen       total 1310720K, used 1078205K [0x0000000080000000, 0x00000000d0000000, 0x00000000d0000000)
  object space 1310720K, 82% used [0x0000000080000000,0x00000000c1cef6f8,0x00000000d0000000)
 Metaspace       used 244503K, capacity 248750K, committed 248960K, reserved 741376K
  class space    used 23792K, capacity 24688K, committed 24704K, reserved 516096K
2025-05-14T18:29:05.182+0900: 956.469: [GC (Allocation Failure) [PSYoungGen: 610564K->21795K(688128K)] 1688770K->1100645K(1998848K), 0.0173589 secs] [Times: user=0.05 sys=0.00, real=0.02 secs] 
Heap after GC invocations=104 (full 2):
 PSYoungGen      total 688128K, used 21795K [0x00000000d0000000, 0x0000000100000000, 0x0000000100000000)
  eden space 589824K, 0% used [0x00000000d0000000,0x00000000d0000000,0x00000000f4000000)
  from space 98304K, 22% used [0x00000000fa000000,0x00000000fb548e50,0x0000000100000000)
  to   space 98304K, 0% used [0x00000000f4000000,0x00000000f4000000,0x00000000fa000000)
 ParOldGen       total 1310720K, used 1078850K [0x0000000080000000, 0x00000000d0000000, 0x00000000d0000000)
  object space 1310720K, 82% used [0x0000000080000000,0x00000000c1d90968,0x00000000d0000000)
 Metaspace       used 244503K, capacity 248750K, committed 248960K, reserved 741376K
  class space    used 23792K, capacity 24688K, committed 24704K, reserved 516096K
}
{Heap before GC invocations=105 (full 2):
 PSYoungGen      total 688128K, used 611619K [0x00000000d0000000, 0x0000000100000000, 0x0000000100000000)
  eden space 589824K, 100% used [0x00000000d0000000,0x00000000f4000000,0x00000000f4000000)
  from space 98304K, 22% used [0x00000000fa000000,0x00000000fb548e50,0x0000000100000000)
  to   space 98304K, 0% used [0x00000000f4000000,0x00000000f4000000,0x00000000fa000000)
 ParOldGen       total 1310720K, used 1078850K [0x0000000080000000, 0x00000000d0000000, 0x00000000d0000000)
  object space 1310720K, 82% used [0x0000000080000000,0x00000000c1d90968,0x00000000d0000000)
 Metaspace       used 244541K, capacity 248762K, committed 248960K, reserved 741376K
  class space    used 23793K, capacity 24690K, committed 24704K, reserved 516096K
2025-05-14T18:30:06.449+0900: 1017.736: [GC (Allocation Failure) [PSYoungGen: 611619K->15292K(688128K)] 1690469K->1100579K(1998848K), 0.0234921 secs] [Times: user=0.05 sys=0.00, real=0.02 secs] 
Heap after GC invocations=105 (full 2):
 PSYoungGen      total 688128K, used 15292K [0x00000000d0000000, 0x0000000100000000, 0x0000000100000000)
  eden space 589824K, 0% used [0x00000000d0000000,0x00000000d0000000,0x00000000f4000000)
  from space 98304K, 15% used [0x00000000f4000000,0x00000000f4eef2c8,0x00000000fa000000)
  to   space 98304K, 0% used [0x00000000fa000000,0x00000000fa000000,0x0000000100000000)
 ParOldGen       total 1310720K, used 1085286K [0x0000000080000000, 0x00000000d0000000, 0x00000000d0000000)
  object space 1310720K, 82% used [0x0000000080000000,0x00000000c23d9998,0x00000000d0000000)
 Metaspace       used 244541K, capacity 248762K, committed 248960K, reserved 741376K
  class space    used 23793K, capacity 24690K, committed 24704K, reserved 516096K
}
{Heap before GC invocations=106 (full 2):
 PSYoungGen      total 688128K, used 605116K [0x00000000d0000000, 0x0000000100000000, 0x0000000100000000)
  eden space 589824K, 100% used [0x00000000d0000000,0x00000000f4000000,0x00000000f4000000)
  from space 98304K, 15% used [0x00000000f4000000,0x00000000f4eef2c8,0x00000000fa000000)
  to   space 98304K, 0% used [0x00000000fa000000,0x00000000fa000000,0x0000000100000000)
 ParOldGen       total 1310720K, used 1085286K [0x0000000080000000, 0x00000000d0000000, 0x00000000d0000000)
  object space 1310720K, 82% used [0x0000000080000000,0x00000000c23d9998,0x00000000d0000000)
 Metaspace       used 244648K, capacity 248982K, committed 249344K, reserved 741376K
  class space    used 23808K, capacity 24716K, committed 24832K, reserved 516096K
2025-05-14T18:31:09.053+0900: 1080.340: [GC (Allocation Failure) [PSYoungGen: 605116K->13278K(688128K)] 1690403K->1100628K(1998848K), 0.0628214 secs] [Times: user=0.06 sys=0.00, real=0.06 secs] 
Heap after GC invocations=106 (full 2):
 PSYoungGen      total 688128K, used 13278K [0x00000000d0000000, 0x0000000100000000, 0x0000000100000000)
  eden space 589824K, 0% used [0x00000000d0000000,0x00000000d0000000,0x00000000f4000000)
  from space 98304K, 13% used [0x00000000fa000000,0x00000000facf7ba8,0x0000000100000000)
  to   space 98304K, 0% used [0x00000000f4000000,0x00000000f4000000,0x00000000fa000000)
 ParOldGen       total 1310720K, used 1087349K [0x0000000080000000, 0x00000000d0000000, 0x00000000d0000000)
  object space 1310720K, 82% used [0x0000000080000000,0x00000000c25dd668,0x00000000d0000000)
 Metaspace       used 244648K, capacity 248982K, committed 249344K, reserved 741376K
  class space    used 23808K, capacity 24716K, committed 24832K, reserved 516096K
}
{Heap before GC invocations=107 (full 2):
 PSYoungGen      total 688128K, used 603102K [0x00000000d0000000, 0x0000000100000000, 0x0000000100000000)
  eden space 589824K, 100% used [0x00000000d0000000,0x00000000f4000000,0x00000000f4000000)
  from space 98304K, 13% used [0x00000000fa000000,0x00000000facf7ba8,0x0000000100000000)
  to   space 98304K, 0% used [0x00000000f4000000,0x00000000f4000000,0x00000000fa000000)
 ParOldGen       total 1310720K, used 1087349K [0x0000000080000000, 0x00000000d0000000, 0x00000000d0000000)
  object space 1310720K, 82% used [0x0000000080000000,0x00000000c25dd668,0x00000000d0000000)
 Metaspace       used 244664K, capacity 248982K, committed 249344K, reserved 741376K
  class space    used 23808K, capacity 24716K, committed 24832K, reserved 516096K
2025-05-14T18:32:12.040+0900: 1143.327: [GC (Allocation Failure) [PSYoungGen: 603102K->12978K(688128K)] 1690452K->1100679K(1998848K), 0.0425296 secs] [Times: user=0.03 sys=0.00, real=0.04 secs] 
Heap after GC invocations=107 (full 2):
 PSYoungGen      total 688128K, used 12978K [0x00000000d0000000, 0x0000000100000000, 0x0000000100000000)
  eden space 589824K, 0% used [0x00000000d0000000,0x00000000d0000000,0x00000000f4000000)
  from space 98304K, 13% used [0x00000000f4000000,0x00000000f4cac800,0x00000000fa000000)
  to   space 98304K, 0% used [0x00000000fa000000,0x00000000fa000000,0x0000000100000000)
 ParOldGen       total 1310720K, used 1087701K [0x0000000080000000, 0x00000000d0000000, 0x00000000d0000000)
  object space 1310720K, 82% used [0x0000000080000000,0x00000000c2635650,0x00000000d0000000)
 Metaspace       used 244664K, capacity 248982K, committed 249344K, reserved 741376K
  class space    used 23808K, capacity 24716K, committed 24832K, reserved 516096K
}
{Heap before GC invocations=108 (full 2):
 PSYoungGen      total 688128K, used 602802K [0x00000000d0000000, 0x0000000100000000, 0x0000000100000000)
  eden space 589824K, 100% used [0x00000000d0000000,0x00000000f4000000,0x00000000f4000000)
  from space 98304K, 13% used [0x00000000f4000000,0x00000000f4cac800,0x00000000fa000000)
  to   space 98304K, 0% used [0x00000000fa000000,0x00000000fa000000,0x0000000100000000)
 ParOldGen       total 1310720K, used 1087701K [0x0000000080000000, 0x00000000d0000000, 0x00000000d0000000)
  object space 1310720K, 82% used [0x0000000080000000,0x00000000c2635650,0x00000000d0000000)
 Metaspace       used 244709K, capacity 248982K, committed 249344K, reserved 741376K
  class space    used 23808K, capacity 24716K, committed 24832K, reserved 516096K
2025-05-14T18:33:13.523+0900: 1204.810: [GC (Allocation Failure) [PSYoungGen: 602802K->10880K(688128K)] 1690503K->1100769K(1998848K), 0.0863725 secs] [Times: user=0.03 sys=0.00, real=0.09 secs] 
Heap after GC invocations=108 (full 2):
 PSYoungGen      total 688128K, used 10880K [0x00000000d0000000, 0x0000000100000000, 0x0000000100000000)
  eden space 589824K, 0% used [0x00000000d0000000,0x00000000d0000000,0x00000000f4000000)
  from space 98304K, 11% used [0x00000000fa000000,0x00000000faaa01c8,0x0000000100000000)
  to   space 98304K, 0% used [0x00000000f4000000,0x00000000f4000000,0x00000000fa000000)
 ParOldGen       total 1310720K, used 1089888K [0x0000000080000000, 0x00000000d0000000, 0x00000000d0000000)
  object space 1310720K, 83% used [0x0000000080000000,0x00000000c2858300,0x00000000d0000000)
 Metaspace       used 244709K, capacity 248982K, committed 249344K, reserved 741376K
  class space    used 23808K, capacity 24716K, committed 24832K, reserved 516096K
}
{Heap before GC invocations=109 (full 2):
 PSYoungGen      total 688128K, used 600704K [0x00000000d0000000, 0x0000000100000000, 0x0000000100000000)
  eden space 589824K, 100% used [0x00000000d0000000,0x00000000f4000000,0x00000000f4000000)
  from space 98304K, 11% used [0x00000000fa000000,0x00000000faaa01c8,0x0000000100000000)
  to   space 98304K, 0% used [0x00000000f4000000,0x00000000f4000000,0x00000000fa000000)
 ParOldGen       total 1310720K, used 1089888K [0x0000000080000000, 0x00000000d0000000, 0x00000000d0000000)
  object space 1310720K, 83% used [0x0000000080000000,0x00000000c2858300,0x00000000d0000000)
 Metaspace       used 244739K, capacity 249110K, committed 249344K, reserved 741376K
  class space    used 23808K, capacity 24716K, committed 24832K, reserved 516096K
2025-05-14T18:34:14.932+0900: 1266.219: [GC (Allocation Failure) [PSYoungGen: 600704K->10588K(688128K)] 1690593K->1100856K(1998848K), 0.0137343 secs] [Times: user=0.03 sys=0.00, real=0.01 secs] 
Heap after GC invocations=109 (full 2):
 PSYoungGen      total 688128K, used 10588K [0x00000000d0000000, 0x0000000100000000, 0x0000000100000000)
  eden space 589824K, 0% used [0x00000000d0000000,0x00000000d0000000,0x00000000f4000000)
  from space 98304K, 10% used [0x00000000f4000000,0x00000000f4a57298,0x00000000fa000000)
  to   space 98304K, 0% used [0x00000000fa000000,0x00000000fa000000,0x0000000100000000)
 ParOldGen       total 1310720K, used 1090268K [0x0000000080000000, 0x00000000d0000000, 0x00000000d0000000)
  object space 1310720K, 83% used [0x0000000080000000,0x00000000c28b70a8,0x00000000d0000000)
 Metaspace       used 244739K, capacity 249110K, committed 249344K, reserved 741376K
  class space    used 23808K, capacity 24716K, committed 24832K, reserved 516096K
}
{Heap before GC invocations=110 (full 2):
 PSYoungGen      total 688128K, used 600412K [0x00000000d0000000, 0x0000000100000000, 0x0000000100000000)
  eden space 589824K, 100% used [0x00000000d0000000,0x00000000f4000000,0x00000000f4000000)
  from space 98304K, 10% used [0x00000000f4000000,0x00000000f4a57298,0x00000000fa000000)
  to   space 98304K, 0% used [0x00000000fa000000,0x00000000fa000000,0x0000000100000000)
 ParOldGen       total 1310720K, used 1090268K [0x0000000080000000, 0x00000000d0000000, 0x00000000d0000000)
  object space 1310720K, 83% used [0x0000000080000000,0x00000000c28b70a8,0x00000000d0000000)
 Metaspace       used 244785K, capacity 249116K, committed 249344K, reserved 741376K
  class space    used 23811K, capacity 24717K, committed 24832K, reserved 516096K
2025-05-14T18:35:16.890+0900: 1328.177: [GC (Allocation Failure) [PSYoungGen: 600412K->9510K(688128K)] 1690680K->1100972K(1998848K), 0.0128385 secs] [Times: user=0.04 sys=0.00, real=0.01 secs] 
Heap after GC invocations=110 (full 2):
 PSYoungGen      total 688128K, used 9510K [0x00000000d0000000, 0x0000000100000000, 0x0000000100000000)
  eden space 589824K, 0% used [0x00000000d0000000,0x00000000d0000000,0x00000000f4000000)
  from space 98304K, 9% used [0x00000000fa000000,0x00000000fa949bc8,0x0000000100000000)
  to   space 98304K, 0% used [0x00000000f4000000,0x00000000f4000000,0x00000000fa000000)
 ParOldGen       total 1310720K, used 1091461K [0x0000000080000000, 0x00000000d0000000, 0x00000000d0000000)
  object space 1310720K, 83% used [0x0000000080000000,0x00000000c29e1790,0x00000000d0000000)
 Metaspace       used 244785K, capacity 249116K, committed 249344K, reserved 741376K
  class space    used 23811K, capacity 24717K, committed 24832K, reserved 516096K
}
{Heap before GC invocations=111 (full 2):
 PSYoungGen      total 688128K, used 599334K [0x00000000d0000000, 0x0000000100000000, 0x0000000100000000)
  eden space 589824K, 100% used [0x00000000d0000000,0x00000000f4000000,0x00000000f4000000)
  from space 98304K, 9% used [0x00000000fa000000,0x00000000fa949bc8,0x0000000100000000)
  to   space 98304K, 0% used [0x00000000f4000000,0x00000000f4000000,0x00000000fa000000)
 ParOldGen       total 1310720K, used 1091461K [0x0000000080000000, 0x00000000d0000000, 0x00000000d0000000)
  object space 1310720K, 83% used [0x0000000080000000,0x00000000c29e1790,0x00000000d0000000)
 Metaspace       used 244835K, capacity 249180K, committed 249344K, reserved 741376K
  class space    used 23811K, capacity 24717K, committed 24832K, reserved 516096K
2025-05-14T18:36:19.122+0900: 1390.409: [GC (Allocation Failure) [PSYoungGen: 599334K->8070K(688128K)] 1690796K->1101668K(1998848K), 0.0135855 secs] [Times: user=0.03 sys=0.00, real=0.01 secs] 
Heap after GC invocations=111 (full 2):
 PSYoungGen      total 688128K, used 8070K [0x00000000d0000000, 0x0000000100000000, 0x0000000100000000)
  eden space 589824K, 0% used [0x00000000d0000000,0x00000000d0000000,0x00000000f4000000)
  from space 98304K, 8% used [0x00000000f4000000,0x00000000f47e1b40,0x00000000fa000000)
  to   space 98304K, 0% used [0x00000000fa000000,0x00000000fa000000,0x0000000100000000)
 ParOldGen       total 1310720K, used 1093598K [0x0000000080000000, 0x00000000d0000000, 0x00000000d0000000)
  object space 1310720K, 83% used [0x0000000080000000,0x00000000c2bf7898,0x00000000d0000000)
 Metaspace       used 244835K, capacity 249180K, committed 249344K, reserved 741376K
  class space    used 23811K, capacity 24717K, committed 24832K, reserved 516096K
}
{Heap before GC invocations=112 (full 2):
 PSYoungGen      total 688128K, used 597894K [0x00000000d0000000, 0x0000000100000000, 0x0000000100000000)
  eden space 589824K, 100% used [0x00000000d0000000,0x00000000f4000000,0x00000000f4000000)
  from space 98304K, 8% used [0x00000000f4000000,0x00000000f47e1b40,0x00000000fa000000)
  to   space 98304K, 0% used [0x00000000fa000000,0x00000000fa000000,0x0000000100000000)
 ParOldGen       total 1310720K, used 1093598K [0x0000000080000000, 0x00000000d0000000, 0x00000000d0000000)
  object space 1310720K, 83% used [0x0000000080000000,0x00000000c2bf7898,0x00000000d0000000)
 Metaspace       used 244848K, capacity 249184K, committed 249344K, reserved 741376K
  class space    used 23811K, capacity 24717K, committed 24832K, reserved 516096K
2025-05-14T18:37:20.401+0900: 1451.688: [GC (Allocation Failure) [PSYoungGen: 597894K->7494K(688128K)] 1691492K->1101553K(1998848K), 0.0124616 secs] [Times: user=0.04 sys=0.00, real=0.01 secs] 
Heap after GC invocations=112 (full 2):
 PSYoungGen      total 688128K, used 7494K [0x00000000d0000000, 0x0000000100000000, 0x0000000100000000)
  eden space 589824K, 0% used [0x00000000d0000000,0x00000000d0000000,0x00000000f4000000)
  from space 98304K, 7% used [0x00000000fa000000,0x00000000fa751be8,0x0000000100000000)
  to   space 98304K, 0% used [0x00000000f4000000,0x00000000f4000000,0x00000000fa000000)
 ParOldGen       total 1310720K, used 1094058K [0x0000000080000000, 0x00000000d0000000, 0x00000000d0000000)
  object space 1310720K, 83% used [0x0000000080000000,0x00000000c2c6aae0,0x00000000d0000000)
 Metaspace       used 244848K, capacity 249184K, committed 249344K, reserved 741376K
  class space    used 23811K, capacity 24717K, committed 24832K, reserved 516096K
}
{Heap before GC invocations=113 (full 2):
 PSYoungGen      total 688128K, used 597318K [0x00000000d0000000, 0x0000000100000000, 0x0000000100000000)
  eden space 589824K, 100% used [0x00000000d0000000,0x00000000f4000000,0x00000000f4000000)
  from space 98304K, 7% used [0x00000000fa000000,0x00000000fa751be8,0x0000000100000000)
  to   space 98304K, 0% used [0x00000000f4000000,0x00000000f4000000,0x00000000fa000000)
 ParOldGen       total 1310720K, used 1094058K [0x0000000080000000, 0x00000000d0000000, 0x00000000d0000000)
  object space 1310720K, 83% used [0x0000000080000000,0x00000000c2c6aae0,0x00000000d0000000)
 Metaspace       used 245010K, capacity 249318K, committed 249600K, reserved 741376K
  class space    used 23813K, capacity 24718K, committed 24832K, reserved 516096K
2025-05-14T18:38:18.474+0900: 1509.761: [GC (Allocation Failure) [PSYoungGen: 597318K->6199K(688128K)] 1691377K->1102199K(1998848K), 0.0123436 secs] [Times: user=0.04 sys=0.00, real=0.01 secs] 
Heap after GC invocations=113 (full 2):
 PSYoungGen      total 688128K, used 6199K [0x00000000d0000000, 0x0000000100000000, 0x0000000100000000)
  eden space 589824K, 0% used [0x00000000d0000000,0x00000000d0000000,0x00000000f4000000)
  from space 98304K, 6% used [0x00000000f4000000,0x00000000f460dcc0,0x00000000fa000000)
  to   space 98304K, 0% used [0x00000000fa000000,0x00000000fa000000,0x0000000100000000)
 ParOldGen       total 1310720K, used 1096000K [0x0000000080000000, 0x00000000d0000000, 0x00000000d0000000)
  object space 1310720K, 83% used [0x0000000080000000,0x00000000c2e50180,0x00000000d0000000)
 Metaspace       used 245010K, capacity 249318K, committed 249600K, reserved 741376K
  class space    used 23813K, capacity 24718K, committed 24832K, reserved 516096K
}
{Heap before GC invocations=114 (full 2):
 PSYoungGen      total 688128K, used 596023K [0x00000000d0000000, 0x0000000100000000, 0x0000000100000000)
  eden space 589824K, 100% used [0x00000000d0000000,0x00000000f4000000,0x00000000f4000000)
  from space 98304K, 6% used [0x00000000f4000000,0x00000000f460dcc0,0x00000000fa000000)
  to   space 98304K, 0% used [0x00000000fa000000,0x00000000fa000000,0x0000000100000000)
 ParOldGen       total 1310720K, used 1096000K [0x0000000080000000, 0x00000000d0000000, 0x00000000d0000000)
  object space 1310720K, 83% used [0x0000000080000000,0x00000000c2e50180,0x00000000d0000000)
 Metaspace       used 245157K, capacity 249446K, committed 249600K, reserved 741376K
  class space    used 23813K, capacity 24718K, committed 24832K, reserved 516096K
2025-05-14T18:39:19.672+0900: 1570.960: [GC (Allocation Failure) [PSYoungGen: 596023K->6321K(688128K)] 1692023K->1102561K(1998848K), 0.0127787 secs] [Times: user=0.03 sys=0.00, real=0.01 secs] 
Heap after GC invocations=114 (full 2):
 PSYoungGen      total 688128K, used 6321K [0x00000000d0000000, 0x0000000100000000, 0x0000000100000000)
  eden space 589824K, 0% used [0x00000000d0000000,0x00000000d0000000,0x00000000f4000000)
  from space 98304K, 6% used [0x00000000fa000000,0x00000000fa62c578,0x0000000100000000)
  to   space 98304K, 0% used [0x00000000f4000000,0x00000000f4000000,0x00000000fa000000)
 ParOldGen       total 1310720K, used 1096240K [0x0000000080000000, 0x00000000d0000000, 0x00000000d0000000)
  object space 1310720K, 83% used [0x0000000080000000,0x00000000c2e8c050,0x00000000d0000000)
 Metaspace       used 245157K, capacity 249446K, committed 249600K, reserved 741376K
  class space    used 23813K, capacity 24718K, committed 24832K, reserved 516096K
}
{Heap before GC invocations=115 (full 2):
 PSYoungGen      total 688128K, used 596145K [0x00000000d0000000, 0x0000000100000000, 0x0000000100000000)
  eden space 589824K, 100% used [0x00000000d0000000,0x00000000f4000000,0x00000000f4000000)
  from space 98304K, 6% used [0x00000000fa000000,0x00000000fa62c578,0x0000000100000000)
  to   space 98304K, 0% used [0x00000000f4000000,0x00000000f4000000,0x00000000fa000000)
 ParOldGen       total 1310720K, used 1096240K [0x0000000080000000, 0x00000000d0000000, 0x00000000d0000000)
  object space 1310720K, 83% used [0x0000000080000000,0x00000000c2e8c050,0x00000000d0000000)
 Metaspace       used 245174K, capacity 249510K, committed 249856K, reserved 741376K
  class space    used 23813K, capacity 24718K, committed 24832K, reserved 516096K
2025-05-14T18:40:21.915+0900: 1633.203: [GC (Allocation Failure) [PSYoungGen: 596145K->6257K(688128K)] 1692385K->1102593K(1998848K), 0.0122823 secs] [Times: user=0.02 sys=0.00, real=0.01 secs] 
Heap after GC invocations=115 (full 2):
 PSYoungGen      total 688128K, used 6257K [0x00000000d0000000, 0x0000000100000000, 0x0000000100000000)
  eden space 589824K, 0% used [0x00000000d0000000,0x00000000d0000000,0x00000000f4000000)
  from space 98304K, 6% used [0x00000000f4000000,0x00000000f461c538,0x00000000fa000000)
  to   space 98304K, 0% used [0x00000000fa000000,0x00000000fa000000,0x0000000100000000)
 ParOldGen       total 1310720K, used 1096336K [0x0000000080000000, 0x00000000d0000000, 0x00000000d0000000)
  object space 1310720K, 83% used [0x0000000080000000,0x00000000c2ea4118,0x00000000d0000000)
 Metaspace       used 245174K, capacity 249510K, committed 249856K, reserved 741376K
  class space    used 23813K, capacity 24718K, committed 24832K, reserved 516096K
}
{Heap before GC invocations=116 (full 2):
 PSYoungGen      total 688128K, used 596081K [0x00000000d0000000, 0x0000000100000000, 0x0000000100000000)
  eden space 589824K, 100% used [0x00000000d0000000,0x00000000f4000000,0x00000000f4000000)
  from space 98304K, 6% used [0x00000000f4000000,0x00000000f461c538,0x00000000fa000000)
  to   space 98304K, 0% used [0x00000000fa000000,0x00000000fa000000,0x0000000100000000)
 ParOldGen       total 1310720K, used 1096336K [0x0000000080000000, 0x00000000d0000000, 0x00000000d0000000)
  object space 1310720K, 83% used [0x0000000080000000,0x00000000c2ea4118,0x00000000d0000000)
 Metaspace       used 245295K, capacity 249638K, committed 249856K, reserved 741376K
  class space    used 23813K, capacity 24718K, committed 24832K, reserved 516096K
2025-05-14T18:41:22.098+0900: 1693.385: [GC (Allocation Failure) [PSYoungGen: 596081K->5476K(688128K)] 1692417K->1102926K(1998848K), 0.0120952 secs] [Times: user=0.04 sys=0.00, real=0.02 secs] 
Heap after GC invocations=116 (full 2):
 PSYoungGen      total 688128K, used 5476K [0x00000000d0000000, 0x0000000100000000, 0x0000000100000000)
  eden space 589824K, 0% used [0x00000000d0000000,0x00000000d0000000,0x00000000f4000000)
  from space 98304K, 5% used [0x00000000fa000000,0x00000000fa5592b0,0x0000000100000000)
  to   space 98304K, 0% used [0x00000000f4000000,0x00000000f4000000,0x00000000fa000000)
 ParOldGen       total 1310720K, used 1097450K [0x0000000080000000, 0x00000000d0000000, 0x00000000d0000000)
  object space 1310720K, 83% used [0x0000000080000000,0x00000000c2fba890,0x00000000d0000000)
 Metaspace       used 245295K, capacity 249638K, committed 249856K, reserved 741376K
  class space    used 23813K, capacity 24718K, committed 24832K, reserved 516096K
}
{Heap before GC invocations=117 (full 2):
 PSYoungGen      total 688128K, used 595300K [0x00000000d0000000, 0x0000000100000000, 0x0000000100000000)
  eden space 589824K, 100% used [0x00000000d0000000,0x00000000f4000000,0x00000000f4000000)
  from space 98304K, 5% used [0x00000000fa000000,0x00000000fa5592b0,0x0000000100000000)
  to   space 98304K, 0% used [0x00000000f4000000,0x00000000f4000000,0x00000000fa000000)
 ParOldGen       total 1310720K, used 1097450K [0x0000000080000000, 0x00000000d0000000, 0x00000000d0000000)
  object space 1310720K, 83% used [0x0000000080000000,0x00000000c2fba890,0x00000000d0000000)
 Metaspace       used 245334K, capacity 249638K, committed 249856K, reserved 741376K
  class space    used 23813K, capacity 24718K, committed 24832K, reserved 516096K
2025-05-14T18:42:22.634+0900: 1753.921: [GC (Allocation Failure) [PSYoungGen: 595300K->5378K(688128K)] 1692750K->1102932K(1998848K), 0.0138967 secs] [Times: user=0.02 sys=0.00, real=0.01 secs] 
Heap after GC invocations=117 (full 2):
 PSYoungGen      total 688128K, used 5378K [0x00000000d0000000, 0x0000000100000000, 0x0000000100000000)
  eden space 589824K, 0% used [0x00000000d0000000,0x00000000d0000000,0x00000000f4000000)
  from space 98304K, 5% used [0x00000000f4000000,0x00000000f4540948,0x00000000fa000000)
  to   space 98304K, 0% used [0x00000000fa000000,0x00000000fa000000,0x0000000100000000)
 ParOldGen       total 1310720K, used 1097553K [0x0000000080000000, 0x00000000d0000000, 0x00000000d0000000)
  object space 1310720K, 83% used [0x0000000080000000,0x00000000c2fd4790,0x00000000d0000000)
 Metaspace       used 245334K, capacity 249638K, committed 249856K, reserved 741376K
  class space    used 23813K, capacity 24718K, committed 24832K, reserved 516096K
}
{Heap before GC invocations=118 (full 2):
 PSYoungGen      total 688128K, used 595202K [0x00000000d0000000, 0x0000000100000000, 0x0000000100000000)
  eden space 589824K, 100% used [0x00000000d0000000,0x00000000f4000000,0x00000000f4000000)
  from space 98304K, 5% used [0x00000000f4000000,0x00000000f4540948,0x00000000fa000000)
  to   space 98304K, 0% used [0x00000000fa000000,0x00000000fa000000,0x0000000100000000)
 ParOldGen       total 1310720K, used 1097553K [0x0000000080000000, 0x00000000d0000000, 0x00000000d0000000)
  object space 1310720K, 83% used [0x0000000080000000,0x00000000c2fd4790,0x00000000d0000000)
 Metaspace       used 245453K, capacity 249772K, committed 250112K, reserved 741376K
  class space    used 23815K, capacity 24719K, committed 24832K, reserved 516096K
2025-05-14T18:43:22.463+0900: 1813.750: [GC (Allocation Failure) [PSYoungGen: 595202K->5842K(688128K)] 1692756K->1103772K(1998848K), 0.0132687 secs] [Times: user=0.03 sys=0.00, real=0.01 secs] 
Heap after GC invocations=118 (full 2):
 PSYoungGen      total 688128K, used 5842K [0x00000000d0000000, 0x0000000100000000, 0x0000000100000000)
  eden space 589824K, 0% used [0x00000000d0000000,0x00000000d0000000,0x00000000f4000000)
  from space 98304K, 5% used [0x00000000fa000000,0x00000000fa5b4958,0x0000000100000000)
  to   space 98304K, 0% used [0x00000000f4000000,0x00000000f4000000,0x00000000fa000000)
 ParOldGen       total 1310720K, used 1097930K [0x0000000080000000, 0x00000000d0000000, 0x00000000d0000000)
  object space 1310720K, 83% used [0x0000000080000000,0x00000000c3032988,0x00000000d0000000)
 Metaspace       used 245453K, capacity 249772K, committed 250112K, reserved 741376K
  class space    used 23815K, capacity 24719K, committed 24832K, reserved 516096K
}
{Heap before GC invocations=119 (full 2):
 PSYoungGen      total 688128K, used 595666K [0x00000000d0000000, 0x0000000100000000, 0x0000000100000000)
  eden space 589824K, 100% used [0x00000000d0000000,0x00000000f4000000,0x00000000f4000000)
  from space 98304K, 5% used [0x00000000fa000000,0x00000000fa5b4958,0x0000000100000000)
  to   space 98304K, 0% used [0x00000000f4000000,0x00000000f4000000,0x00000000fa000000)
 ParOldGen       total 1310720K, used 1097930K [0x0000000080000000, 0x00000000d0000000, 0x00000000d0000000)
  object space 1310720K, 83% used [0x0000000080000000,0x00000000c3032988,0x00000000d0000000)
 Metaspace       used 245467K, capacity 249772K, committed 250112K, reserved 741376K
  class space    used 23815K, capacity 24719K, committed 24832K, reserved 516096K
2025-05-14T18:44:24.673+0900: 1875.960: [GC (Allocation Failure) [PSYoungGen: 595666K->3886K(688128K)] 1693596K->1103767K(1998848K), 0.0126327 secs] [Times: user=0.03 sys=0.00, real=0.01 secs] 
Heap after GC invocations=119 (full 2):
 PSYoungGen      total 688128K, used 3886K [0x00000000d0000000, 0x0000000100000000, 0x0000000100000000)
  eden space 589824K, 0% used [0x00000000d0000000,0x00000000d0000000,0x00000000f4000000)
  from space 98304K, 3% used [0x00000000f4000000,0x00000000f43cbb48,0x00000000fa000000)
  to   space 98304K, 0% used [0x00000000fa000000,0x00000000fa000000,0x0000000100000000)
 ParOldGen       total 1310720K, used 1099880K [0x0000000080000000, 0x00000000d0000000, 0x00000000d0000000)
  object space 1310720K, 83% used [0x0000000080000000,0x00000000c321a0b8,0x00000000d0000000)
 Metaspace       used 245467K, capacity 249772K, committed 250112K, reserved 741376K
  class space    used 23815K, capacity 24719K, committed 24832K, reserved 516096K
}
{Heap before GC invocations=120 (full 2):
 PSYoungGen      total 688128K, used 593710K [0x00000000d0000000, 0x0000000100000000, 0x0000000100000000)
  eden space 589824K, 100% used [0x00000000d0000000,0x00000000f4000000,0x00000000f4000000)
  from space 98304K, 3% used [0x00000000f4000000,0x00000000f43cbb48,0x00000000fa000000)
  to   space 98304K, 0% used [0x00000000fa000000,0x00000000fa000000,0x0000000100000000)
 ParOldGen       total 1310720K, used 1099880K [0x0000000080000000, 0x00000000d0000000, 0x00000000d0000000)
  object space 1310720K, 83% used [0x0000000080000000,0x00000000c321a0b8,0x00000000d0000000)
 Metaspace       used 245685K, capacity 249976K, committed 250112K, reserved 741376K
  class space    used 23816K, capacity 24721K, committed 24832K, reserved 516096K
2025-05-14T18:45:22.265+0900: 1933.552: [GC (Allocation Failure) [PSYoungGen: 593710K->3882K(688128K)] 1693591K->1103818K(1998848K), 0.0120937 secs] [Times: user=0.03 sys=0.00, real=0.01 secs] 
Heap after GC invocations=120 (full 2):
 PSYoungGen      total 688128K, used 3882K [0x00000000d0000000, 0x0000000100000000, 0x0000000100000000)
  eden space 589824K, 0% used [0x00000000d0000000,0x00000000d0000000,0x00000000f4000000)
  from space 98304K, 3% used [0x00000000fa000000,0x00000000fa3ca878,0x0000000100000000)
  to   space 98304K, 0% used [0x00000000f4000000,0x00000000f4000000,0x00000000fa000000)
 ParOldGen       total 1310720K, used 1099936K [0x0000000080000000, 0x00000000d0000000, 0x00000000d0000000)
  object space 1310720K, 83% used [0x0000000080000000,0x00000000c32280d8,0x00000000d0000000)
 Metaspace       used 245685K, capacity 249976K, committed 250112K, reserved 741376K
  class space    used 23816K, capacity 24721K, committed 24832K, reserved 516096K
}
{Heap before GC invocations=121 (full 2):
 PSYoungGen      total 688128K, used 593706K [0x00000000d0000000, 0x0000000100000000, 0x0000000100000000)
  eden space 589824K, 100% used [0x00000000d0000000,0x00000000f4000000,0x00000000f4000000)
  from space 98304K, 3% used [0x00000000fa000000,0x00000000fa3ca878,0x0000000100000000)
  to   space 98304K, 0% used [0x00000000f4000000,0x00000000f4000000,0x00000000fa000000)
 ParOldGen       total 1310720K, used 1099936K [0x0000000080000000, 0x00000000d0000000, 0x00000000d0000000)
  object space 1310720K, 83% used [0x0000000080000000,0x00000000c32280d8,0x00000000d0000000)
 Metaspace       used 245922K, capacity 250256K, committed 250624K, reserved 743424K
  class space    used 23819K, capacity 24725K, committed 24832K, reserved 516096K
2025-05-14T18:46:20.981+0900: 1992.268: [GC (Allocation Failure) [PSYoungGen: 593706K->4682K(688128K)] 1693642K->1104666K(1998848K), 0.0117918 secs] [Times: user=0.03 sys=0.00, real=0.01 secs] 
Heap after GC invocations=121 (full 2):
 PSYoungGen      total 688128K, used 4682K [0x00000000d0000000, 0x0000000100000000, 0x0000000100000000)
  eden space 589824K, 0% used [0x00000000d0000000,0x00000000d0000000,0x00000000f4000000)
  from space 98304K, 4% used [0x00000000f4000000,0x00000000f4492938,0x00000000fa000000)
  to   space 98304K, 0% used [0x00000000fa000000,0x00000000fa000000,0x0000000100000000)
 ParOldGen       total 1310720K, used 1099984K [0x0000000080000000, 0x00000000d0000000, 0x00000000d0000000)
  object space 1310720K, 83% used [0x0000000080000000,0x00000000c32340d8,0x00000000d0000000)
 Metaspace       used 245922K, capacity 250256K, committed 250624K, reserved 743424K
  class space    used 23819K, capacity 24725K, committed 24832K, reserved 516096K
}
{Heap before GC invocations=122 (full 2):
 PSYoungGen      total 688128K, used 594506K [0x00000000d0000000, 0x0000000100000000, 0x0000000100000000)
  eden space 589824K, 100% used [0x00000000d0000000,0x00000000f4000000,0x00000000f4000000)
  from space 98304K, 4% used [0x00000000f4000000,0x00000000f4492938,0x00000000fa000000)
  to   space 98304K, 0% used [0x00000000fa000000,0x00000000fa000000,0x0000000100000000)
 ParOldGen       total 1310720K, used 1099984K [0x0000000080000000, 0x00000000d0000000, 0x00000000d0000000)
  object space 1310720K, 83% used [0x0000000080000000,0x00000000c32340d8,0x00000000d0000000)
 Metaspace       used 246043K, capacity 250396K, committed 250624K, reserved 743424K
  class space    used 23820K, capacity 24727K, committed 24832K, reserved 516096K
2025-05-14T18:47:20.093+0900: 2051.380: [GC (Allocation Failure) [PSYoungGen: 594506K->5195K(688128K)] 1694490K->1105203K(1998848K), 0.0121577 secs] [Times: user=0.03 sys=0.00, real=0.01 secs] 
Heap after GC invocations=122 (full 2):
 PSYoungGen      total 688128K, used 5195K [0x00000000d0000000, 0x0000000100000000, 0x0000000100000000)
  eden space 589824K, 0% used [0x00000000d0000000,0x00000000d0000000,0x00000000f4000000)
  from space 98304K, 5% used [0x00000000fa000000,0x00000000fa512d48,0x0000000100000000)
  to   space 98304K, 0% used [0x00000000f4000000,0x00000000f4000000,0x00000000fa000000)
 ParOldGen       total 1310720K, used 1100008K [0x0000000080000000, 0x00000000d0000000, 0x00000000d0000000)
  object space 1310720K, 83% used [0x0000000080000000,0x00000000c323a0d8,0x00000000d0000000)
 Metaspace       used 246043K, capacity 250396K, committed 250624K, reserved 743424K
  class space    used 23820K, capacity 24727K, committed 24832K, reserved 516096K
}
{Heap before GC invocations=123 (full 2):
 PSYoungGen      total 688128K, used 595019K [0x00000000d0000000, 0x0000000100000000, 0x0000000100000000)
  eden space 589824K, 100% used [0x00000000d0000000,0x00000000f4000000,0x00000000f4000000)
  from space 98304K, 5% used [0x00000000fa000000,0x00000000fa512d48,0x0000000100000000)
  to   space 98304K, 0% used [0x00000000f4000000,0x00000000f4000000,0x00000000fa000000)
 ParOldGen       total 1310720K, used 1100008K [0x0000000080000000, 0x00000000d0000000, 0x00000000d0000000)
  object space 1310720K, 83% used [0x0000000080000000,0x00000000c323a0d8,0x00000000d0000000)
 Metaspace       used 246058K, capacity 250460K, committed 250624K, reserved 743424K
  class space    used 23820K, capacity 24727K, committed 24832K, reserved 516096K
2025-05-14T18:48:22.309+0900: 2113.596: [GC (Allocation Failure) [PSYoungGen: 595019K->5195K(688128K)] 1695027K->1105291K(1998848K), 0.0131597 secs] [Times: user=0.02 sys=0.00, real=0.01 secs] 
Heap after GC invocations=123 (full 2):
 PSYoungGen      total 688128K, used 5195K [0x00000000d0000000, 0x0000000100000000, 0x0000000100000000)
  eden space 589824K, 0% used [0x00000000d0000000,0x00000000d0000000,0x00000000f4000000)
  from space 98304K, 5% used [0x00000000f4000000,0x00000000f4512d48,0x00000000fa000000)
  to   space 98304K, 0% used [0x00000000fa000000,0x00000000fa000000,0x0000000100000000)
 ParOldGen       total 1310720K, used 1100096K [0x0000000080000000, 0x00000000d0000000, 0x00000000d0000000)
  object space 1310720K, 83% used [0x0000000080000000,0x00000000c32500f8,0x00000000d0000000)
 Metaspace       used 246058K, capacity 250460K, committed 250624K, reserved 743424K
  class space    used 23820K, capacity 24727K, committed 24832K, reserved 516096K
}
{Heap before GC invocations=124 (full 2):
 PSYoungGen      total 688128K, used 595019K [0x00000000d0000000, 0x0000000100000000, 0x0000000100000000)
  eden space 589824K, 100% used [0x00000000d0000000,0x00000000f4000000,0x00000000f4000000)
  from space 98304K, 5% used [0x00000000f4000000,0x00000000f4512d48,0x00000000fa000000)
  to   space 98304K, 0% used [0x00000000fa000000,0x00000000fa000000,0x0000000100000000)
 ParOldGen       total 1310720K, used 1100096K [0x0000000080000000, 0x00000000d0000000, 0x00000000d0000000)
  object space 1310720K, 83% used [0x0000000080000000,0x00000000c32500f8,0x00000000d0000000)
 Metaspace       used 246070K, capacity 250460K, committed 250624K, reserved 743424K
  class space    used 23820K, capacity 24727K, committed 24832K, reserved 516096K
2025-05-14T18:49:23.768+0900: 2175.055: [GC (Allocation Failure) [PSYoungGen: 595019K->5131K(688128K)] 1695115K->1105335K(1998848K), 0.0122523 secs] [Times: user=0.03 sys=0.00, real=0.01 secs] 
Heap after GC invocations=124 (full 2):
 PSYoungGen      total 688128K, used 5131K [0x00000000d0000000, 0x0000000100000000, 0x0000000100000000)
  eden space 589824K, 0% used [0x00000000d0000000,0x00000000d0000000,0x00000000f4000000)
  from space 98304K, 5% used [0x00000000fa000000,0x00000000fa502d28,0x0000000100000000)
  to   space 98304K, 0% used [0x00000000f4000000,0x00000000f4000000,0x00000000fa000000)
 ParOldGen       total 1310720K, used 1100204K [0x0000000080000000, 0x00000000d0000000, 0x00000000d0000000)
  object space 1310720K, 83% used [0x0000000080000000,0x00000000c326b128,0x00000000d0000000)
 Metaspace       used 246070K, capacity 250460K, committed 250624K, reserved 743424K
  class space    used 23820K, capacity 24727K, committed 24832K, reserved 516096K
}
{Heap before GC invocations=125 (full 2):
 PSYoungGen      total 688128K, used 594955K [0x00000000d0000000, 0x0000000100000000, 0x0000000100000000)
  eden space 589824K, 100% used [0x00000000d0000000,0x00000000f4000000,0x00000000f4000000)
  from space 98304K, 5% used [0x00000000fa000000,0x00000000fa502d28,0x0000000100000000)
  to   space 98304K, 0% used [0x00000000f4000000,0x00000000f4000000,0x00000000fa000000)
 ParOldGen       total 1310720K, used 1100204K [0x0000000080000000, 0x00000000d0000000, 0x00000000d0000000)
  object space 1310720K, 83% used [0x0000000080000000,0x00000000c326b128,0x00000000d0000000)
 Metaspace       used 246090K, capacity 250460K, committed 250624K, reserved 743424K
  class space    used 23820K, capacity 24727K, committed 24832K, reserved 516096K
2025-05-14T18:50:25.965+0900: 2237.252: [GC (Allocation Failure) [PSYoungGen: 594955K->5051K(688128K)] 1695159K->1105351K(1998848K), 0.0122388 secs] [Times: user=0.03 sys=0.01, real=0.01 secs] 
Heap after GC invocations=125 (full 2):
 PSYoungGen      total 688128K, used 5051K [0x00000000d0000000, 0x0000000100000000, 0x0000000100000000)
  eden space 589824K, 0% used [0x00000000d0000000,0x00000000d0000000,0x00000000f4000000)
  from space 98304K, 5% used [0x00000000f4000000,0x00000000f44eed18,0x00000000fa000000)
  to   space 98304K, 0% used [0x00000000fa000000,0x00000000fa000000,0x0000000100000000)
 ParOldGen       total 1310720K, used 1100300K [0x0000000080000000, 0x00000000d0000000, 0x00000000d0000000)
  object space 1310720K, 83% used [0x0000000080000000,0x00000000c3283148,0x00000000d0000000)
 Metaspace       used 246090K, capacity 250460K, committed 250624K, reserved 743424K
  class space    used 23820K, capacity 24727K, committed 24832K, reserved 516096K
}
{Heap before GC invocations=126 (full 2):
 PSYoungGen      total 688128K, used 594875K [0x00000000d0000000, 0x0000000100000000, 0x0000000100000000)
  eden space 589824K, 100% used [0x00000000d0000000,0x00000000f4000000,0x00000000f4000000)
  from space 98304K, 5% used [0x00000000f4000000,0x00000000f44eed18,0x00000000fa000000)
  to   space 98304K, 0% used [0x00000000fa000000,0x00000000fa000000,0x0000000100000000)
 ParOldGen       total 1310720K, used 1100300K [0x0000000080000000, 0x00000000d0000000, 0x00000000d0000000)
  object space 1310720K, 83% used [0x0000000080000000,0x00000000c3283148,0x00000000d0000000)
 Metaspace       used 246135K, capacity 250524K, committed 250880K, reserved 743424K
  class space    used 23820K, capacity 24727K, committed 24832K, reserved 516096K
2025-05-14T18:51:27.940+0900: 2299.227: [GC (Allocation Failure) [PSYoungGen: 594875K->4780K(688128K)] 1695175K->1105360K(1998848K), 0.0115269 secs] [Times: user=0.03 sys=0.00, real=0.01 secs] 
Heap after GC invocations=126 (full 2):
 PSYoungGen      total 688128K, used 4780K [0x00000000d0000000, 0x0000000100000000, 0x0000000100000000)
  eden space 589824K, 0% used [0x00000000d0000000,0x00000000d0000000,0x00000000f4000000)
  from space 98304K, 4% used [0x00000000fa000000,0x00000000fa4ab1b8,0x0000000100000000)
  to   space 98304K, 0% used [0x00000000f4000000,0x00000000f4000000,0x00000000fa000000)
 ParOldGen       total 1310720K, used 1100580K [0x0000000080000000, 0x00000000d0000000, 0x00000000d0000000)
  object space 1310720K, 83% used [0x0000000080000000,0x00000000c32c9188,0x00000000d0000000)
 Metaspace       used 246135K, capacity 250524K, committed 250880K, reserved 743424K
  class space    used 23820K, capacity 24727K, committed 24832K, reserved 516096K
}
{Heap before GC invocations=127 (full 2):
 PSYoungGen      total 688128K, used 594604K [0x00000000d0000000, 0x0000000100000000, 0x0000000100000000)
  eden space 589824K, 100% used [0x00000000d0000000,0x00000000f4000000,0x00000000f4000000)
  from space 98304K, 4% used [0x00000000fa000000,0x00000000fa4ab1b8,0x0000000100000000)
  to   space 98304K, 0% used [0x00000000f4000000,0x00000000f4000000,0x00000000fa000000)
 ParOldGen       total 1310720K, used 1100580K [0x0000000080000000, 0x00000000d0000000, 0x00000000d0000000)
  object space 1310720K, 83% used [0x0000000080000000,0x00000000c32c9188,0x00000000d0000000)
 Metaspace       used 246152K, capacity 250524K, committed 250880K, reserved 743424K
  class space    used 23820K, capacity 24727K, committed 24832K, reserved 516096K
2025-05-14T18:52:29.342+0900: 2360.629: [GC (Allocation Failure) [PSYoungGen: 594604K->4568K(688128K)] 1695184K->1105196K(1998848K), 0.0211559 secs] [Times: user=0.05 sys=0.00, real=0.02 secs] 
Heap after GC invocations=127 (full 2):
 PSYoungGen      total 688128K, used 4568K [0x00000000d0000000, 0x0000000100000000, 0x0000000100000000)
  eden space 589824K, 0% used [0x00000000d0000000,0x00000000d0000000,0x00000000f4000000)
  from space 98304K, 4% used [0x00000000f4000000,0x00000000f4476178,0x00000000fa000000)
  to   space 98304K, 0% used [0x00000000fa000000,0x00000000fa000000,0x0000000100000000)
 ParOldGen       total 1310720K, used 1100628K [0x0000000080000000, 0x00000000d0000000, 0x00000000d0000000)
  object space 1310720K, 83% used [0x0000000080000000,0x00000000c32d5188,0x00000000d0000000)
 Metaspace       used 246152K, capacity 250524K, committed 250880K, reserved 743424K
  class space    used 23820K, capacity 24727K, committed 24832K, reserved 516096K
}
{Heap before GC invocations=128 (full 2):
 PSYoungGen      total 688128K, used 594392K [0x00000000d0000000, 0x0000000100000000, 0x0000000100000000)
  eden space 589824K, 100% used [0x00000000d0000000,0x00000000f4000000,0x00000000f4000000)
  from space 98304K, 4% used [0x00000000f4000000,0x00000000f4476178,0x00000000fa000000)
  to   space 98304K, 0% used [0x00000000fa000000,0x00000000fa000000,0x0000000100000000)
 ParOldGen       total 1310720K, used 1100628K [0x0000000080000000, 0x00000000d0000000, 0x00000000d0000000)
  object space 1310720K, 83% used [0x0000000080000000,0x00000000c32d5188,0x00000000d0000000)
 Metaspace       used 246310K, capacity 250734K, committed 250880K, reserved 743424K
  class space    used 23821K, capacity 24730K, committed 24832K, reserved 516096K
2025-05-14T18:53:27.277+0900: 2418.564: [GC (Allocation Failure) [PSYoungGen: 594392K->5883K(688128K)] 1695020K->1106831K(1998848K), 0.0130745 secs] [Times: user=0.03 sys=0.00, real=0.02 secs] 
Heap after GC invocations=128 (full 2):
 PSYoungGen      total 688128K, used 5883K [0x00000000d0000000, 0x0000000100000000, 0x0000000100000000)
  eden space 589824K, 0% used [0x00000000d0000000,0x00000000d0000000,0x00000000f4000000)
  from space 98304K, 5% used [0x00000000fa000000,0x00000000fa5bee50,0x0000000100000000)
  to   space 98304K, 0% used [0x00000000f4000000,0x00000000f4000000,0x00000000fa000000)
 ParOldGen       total 1310720K, used 1100948K [0x0000000080000000, 0x00000000d0000000, 0x00000000d0000000)
  object space 1310720K, 83% used [0x0000000080000000,0x00000000c3325048,0x00000000d0000000)
 Metaspace       used 246310K, capacity 250734K, committed 250880K, reserved 743424K
  class space    used 23821K, capacity 24730K, committed 24832K, reserved 516096K
}
{Heap before GC invocations=129 (full 2):
 PSYoungGen      total 688128K, used 595707K [0x00000000d0000000, 0x0000000100000000, 0x0000000100000000)
  eden space 589824K, 100% used [0x00000000d0000000,0x00000000f4000000,0x00000000f4000000)
  from space 98304K, 5% used [0x00000000fa000000,0x00000000fa5bee50,0x0000000100000000)
  to   space 98304K, 0% used [0x00000000f4000000,0x00000000f4000000,0x00000000fa000000)
 ParOldGen       total 1310720K, used 1100948K [0x0000000080000000, 0x00000000d0000000, 0x00000000d0000000)
  object space 1310720K, 83% used [0x0000000080000000,0x00000000c3325048,0x00000000d0000000)
 Metaspace       used 246327K, capacity 250734K, committed 250880K, reserved 743424K
  class space    used 23821K, capacity 24730K, committed 24832K, reserved 516096K
2025-05-14T18:54:29.482+0900: 2480.769: [GC (Allocation Failure) [PSYoungGen: 595707K->5691K(688128K)] 1696655K->1106962K(1998848K), 0.0119008 secs] [Times: user=0.03 sys=0.00, real=0.01 secs] 
Heap after GC invocations=129 (full 2):
 PSYoungGen      total 688128K, used 5691K [0x00000000d0000000, 0x0000000100000000, 0x0000000100000000)
  eden space 589824K, 0% used [0x00000000d0000000,0x00000000d0000000,0x00000000f4000000)
  from space 98304K, 5% used [0x00000000f4000000,0x00000000f458ee50,0x00000000fa000000)
  to   space 98304K, 0% used [0x00000000fa000000,0x00000000fa000000,0x0000000100000000)
 ParOldGen       total 1310720K, used 1101271K [0x0000000080000000, 0x00000000d0000000, 0x00000000d0000000)
  object space 1310720K, 84% used [0x0000000080000000,0x00000000c3375c58,0x00000000d0000000)
 Metaspace       used 246327K, capacity 250734K, committed 250880K, reserved 743424K
  class space    used 23821K, capacity 24730K, committed 24832K, reserved 516096K
}
{Heap before GC invocations=130 (full 2):
 PSYoungGen      total 688128K, used 595515K [0x00000000d0000000, 0x0000000100000000, 0x0000000100000000)
  eden space 589824K, 100% used [0x00000000d0000000,0x00000000f4000000,0x00000000f4000000)
  from space 98304K, 5% used [0x00000000f4000000,0x00000000f458ee50,0x00000000fa000000)
  to   space 98304K, 0% used [0x00000000fa000000,0x00000000fa000000,0x0000000100000000)
 ParOldGen       total 1310720K, used 1101271K [0x0000000080000000, 0x00000000d0000000, 0x00000000d0000000)
  object space 1310720K, 84% used [0x0000000080000000,0x00000000c3375c58,0x00000000d0000000)
 Metaspace       used 246334K, capacity 250734K, committed 250880K, reserved 743424K
  class space    used 23821K, capacity 24730K, committed 24832K, reserved 516096K
2025-05-14T18:55:30.763+0900: 2542.050: [GC (Allocation Failure) [PSYoungGen: 595515K->5643K(688128K)] 1696786K->1107042K(1998848K), 0.0119809 secs] [Times: user=0.04 sys=0.00, real=0.01 secs] 
Heap after GC invocations=130 (full 2):
 PSYoungGen      total 688128K, used 5643K [0x00000000d0000000, 0x0000000100000000, 0x0000000100000000)
  eden space 589824K, 0% used [0x00000000d0000000,0x00000000d0000000,0x00000000f4000000)
  from space 98304K, 5% used [0x00000000fa000000,0x00000000fa582e60,0x0000000100000000)
  to   space 98304K, 0% used [0x00000000f4000000,0x00000000f4000000,0x00000000fa000000)
 ParOldGen       total 1310720K, used 1101398K [0x0000000080000000, 0x00000000d0000000, 0x00000000d0000000)
  object space 1310720K, 84% used [0x0000000080000000,0x00000000c3395be8,0x00000000d0000000)
 Metaspace       used 246334K, capacity 250734K, committed 250880K, reserved 743424K
  class space    used 23821K, capacity 24730K, committed 24832K, reserved 516096K
}
{Heap before GC invocations=131 (full 2):
 PSYoungGen      total 688128K, used 595467K [0x00000000d0000000, 0x0000000100000000, 0x0000000100000000)
  eden space 589824K, 100% used [0x00000000d0000000,0x00000000f4000000,0x00000000f4000000)
  from space 98304K, 5% used [0x00000000fa000000,0x00000000fa582e60,0x0000000100000000)
  to   space 98304K, 0% used [0x00000000f4000000,0x00000000f4000000,0x00000000fa000000)
 ParOldGen       total 1310720K, used 1101398K [0x0000000080000000, 0x00000000d0000000, 0x00000000d0000000)
  object space 1310720K, 84% used [0x0000000080000000,0x00000000c3395be8,0x00000000d0000000)
 Metaspace       used 246343K, capacity 250734K, committed 250880K, reserved 743424K
  class space    used 23821K, capacity 24730K, committed 24832K, reserved 516096K
2025-05-14T18:56:33.163+0900: 2604.450: [GC (Allocation Failure) [PSYoungGen: 595467K->5563K(688128K)] 1696866K->1107165K(1998848K), 0.0121064 secs] [Times: user=0.03 sys=0.00, real=0.01 secs] 
Heap after GC invocations=131 (full 2):
 PSYoungGen      total 688128K, used 5563K [0x00000000d0000000, 0x0000000100000000, 0x0000000100000000)
  eden space 589824K, 0% used [0x00000000d0000000,0x00000000d0000000,0x00000000f4000000)
  from space 98304K, 5% used [0x00000000f4000000,0x00000000f456ee90,0x00000000fa000000)
  to   space 98304K, 0% used [0x00000000fa000000,0x00000000fa000000,0x0000000100000000)
 ParOldGen       total 1310720K, used 1101601K [0x0000000080000000, 0x00000000d0000000, 0x00000000d0000000)
  object space 1310720K, 84% used [0x0000000080000000,0x00000000c33c87c0,0x00000000d0000000)
 Metaspace       used 246343K, capacity 250734K, committed 250880K, reserved 743424K
  class space    used 23821K, capacity 24730K, committed 24832K, reserved 516096K
}
{Heap before GC invocations=132 (full 2):
 PSYoungGen      total 688128K, used 595387K [0x00000000d0000000, 0x0000000100000000, 0x0000000100000000)
  eden space 589824K, 100% used [0x00000000d0000000,0x00000000f4000000,0x00000000f4000000)
  from space 98304K, 5% used [0x00000000f4000000,0x00000000f456ee90,0x00000000fa000000)
  to   space 98304K, 0% used [0x00000000fa000000,0x00000000fa000000,0x0000000100000000)
 ParOldGen       total 1310720K, used 1101601K [0x0000000080000000, 0x00000000d0000000, 0x00000000d0000000)
  object space 1310720K, 84% used [0x0000000080000000,0x00000000c33c87c0,0x00000000d0000000)
 Metaspace       used 246349K, capacity 250740K, committed 250880K, reserved 743424K
  class space    used 23822K, capacity 24731K, committed 24832K, reserved 516096K
2025-05-14T18:57:34.542+0900: 2665.829: [GC (Allocation Failure) [PSYoungGen: 595387K->5412K(688128K)] 1696989K->1107054K(1998848K), 0.0123264 secs] [Times: user=0.02 sys=0.00, real=0.01 secs] 
Heap after GC invocations=132 (full 2):
 PSYoungGen      total 688128K, used 5412K [0x00000000d0000000, 0x0000000100000000, 0x0000000100000000)
  eden space 589824K, 0% used [0x00000000d0000000,0x00000000d0000000,0x00000000f4000000)
  from space 98304K, 5% used [0x00000000fa000000,0x00000000fa5491b8,0x0000000100000000)
  to   space 98304K, 0% used [0x00000000f4000000,0x00000000f4000000,0x00000000fa000000)
 ParOldGen       total 1310720K, used 1101641K [0x0000000080000000, 0x00000000d0000000, 0x00000000d0000000)
  object space 1310720K, 84% used [0x0000000080000000,0x00000000c33d27c0,0x00000000d0000000)
 Metaspace       used 246349K, capacity 250740K, committed 250880K, reserved 743424K
  class space    used 23822K, capacity 24731K, committed 24832K, reserved 516096K
}
{Heap before GC invocations=133 (full 2):
 PSYoungGen      total 688128K, used 595236K [0x00000000d0000000, 0x0000000100000000, 0x0000000100000000)
  eden space 589824K, 100% used [0x00000000d0000000,0x00000000f4000000,0x00000000f4000000)
  from space 98304K, 5% used [0x00000000fa000000,0x00000000fa5491b8,0x0000000100000000)
  to   space 98304K, 0% used [0x00000000f4000000,0x00000000f4000000,0x00000000fa000000)
 ParOldGen       total 1310720K, used 1101641K [0x0000000080000000, 0x00000000d0000000, 0x00000000d0000000)
  object space 1310720K, 84% used [0x0000000080000000,0x00000000c33d27c0,0x00000000d0000000)
 Metaspace       used 246374K, capacity 250804K, committed 251136K, reserved 743424K
  class space    used 23822K, capacity 24731K, committed 24832K, reserved 516096K
2025-05-14T18:58:36.229+0900: 2727.517: [GC (Allocation Failure) [PSYoungGen: 595236K->4894K(688128K)] 1696878K->1107206K(1998848K), 0.0121905 secs] [Times: user=0.03 sys=0.00, real=0.01 secs] 
Heap after GC invocations=133 (full 2):
 PSYoungGen      total 688128K, used 4894K [0x00000000d0000000, 0x0000000100000000, 0x0000000100000000)
  eden space 589824K, 0% used [0x00000000d0000000,0x00000000d0000000,0x00000000f4000000)
  from space 98304K, 4% used [0x00000000f4000000,0x00000000f44c7b08,0x00000000fa000000)
  to   space 98304K, 0% used [0x00000000fa000000,0x00000000fa000000,0x0000000100000000)
 ParOldGen       total 1310720K, used 1102311K [0x0000000080000000, 0x00000000d0000000, 0x00000000d0000000)
  object space 1310720K, 84% used [0x0000000080000000,0x00000000c3479fe8,0x00000000d0000000)
 Metaspace       used 246374K, capacity 250804K, committed 251136K, reserved 743424K
  class space    used 23822K, capacity 24731K, committed 24832K, reserved 516096K
}
{Heap before GC invocations=134 (full 2):
 PSYoungGen      total 688128K, used 594718K [0x00000000d0000000, 0x0000000100000000, 0x0000000100000000)
  eden space 589824K, 100% used [0x00000000d0000000,0x00000000f4000000,0x00000000f4000000)
  from space 98304K, 4% used [0x00000000f4000000,0x00000000f44c7b08,0x00000000fa000000)
  to   space 98304K, 0% used [0x00000000fa000000,0x00000000fa000000,0x0000000100000000)
 ParOldGen       total 1310720K, used 1102311K [0x0000000080000000, 0x00000000d0000000, 0x00000000d0000000)
  object space 1310720K, 84% used [0x0000000080000000,0x00000000c3479fe8,0x00000000d0000000)
 Metaspace       used 246432K, capacity 250874K, committed 251136K, reserved 743424K
  class space    used 23823K, capacity 24732K, committed 24832K, reserved 516096K
2025-05-14T18:59:32.514+0900: 2783.801: [GC (Allocation Failure) [PSYoungGen: 594718K->8207K(688128K)] 1697030K->1110583K(1998848K), 0.0119801 secs] [Times: user=0.03 sys=0.00, real=0.01 secs] 
Heap after GC invocations=134 (full 2):
 PSYoungGen      total 688128K, used 8207K [0x00000000d0000000, 0x0000000100000000, 0x0000000100000000)
  eden space 589824K, 0% used [0x00000000d0000000,0x00000000d0000000,0x00000000f4000000)
  from space 98304K, 8% used [0x00000000fa000000,0x00000000fa803f28,0x0000000100000000)
  to   space 98304K, 0% used [0x00000000f4000000,0x00000000f4000000,0x00000000fa000000)
 ParOldGen       total 1310720K, used 1102375K [0x0000000080000000, 0x00000000d0000000, 0x00000000d0000000)
  object space 1310720K, 84% used [0x0000000080000000,0x00000000c3489fe8,0x00000000d0000000)
 Metaspace       used 246432K, capacity 250874K, committed 251136K, reserved 743424K
  class space    used 23823K, capacity 24732K, committed 24832K, reserved 516096K
}
{Heap before GC invocations=135 (full 2):
 PSYoungGen      total 688128K, used 598031K [0x00000000d0000000, 0x0000000100000000, 0x0000000100000000)
  eden space 589824K, 100% used [0x00000000d0000000,0x00000000f4000000,0x00000000f4000000)
  from space 98304K, 8% used [0x00000000fa000000,0x00000000fa803f28,0x0000000100000000)
  to   space 98304K, 0% used [0x00000000f4000000,0x00000000f4000000,0x00000000fa000000)
 ParOldGen       total 1310720K, used 1102375K [0x0000000080000000, 0x00000000d0000000, 0x00000000d0000000)
  object space 1310720K, 84% used [0x0000000080000000,0x00000000c3489fe8,0x00000000d0000000)
 Metaspace       used 246476K, capacity 250938K, committed 251136K, reserved 743424K
  class space    used 23824K, capacity 24732K, committed 24832K, reserved 516096K
2025-05-14T19:00:33.545+0900: 2844.832: [GC (Allocation Failure) [PSYoungGen: 598031K->4598K(688128K)] 1700407K->1107500K(1998848K), 0.0125142 secs] [Times: user=0.03 sys=0.00, real=0.01 secs] 
Heap after GC invocations=135 (full 2):
 PSYoungGen      total 688128K, used 4598K [0x00000000d0000000, 0x0000000100000000, 0x0000000100000000)
  eden space 589824K, 0% used [0x00000000d0000000,0x00000000d0000000,0x00000000f4000000)
  from space 98304K, 4% used [0x00000000f4000000,0x00000000f447dbf8,0x00000000fa000000)
  to   space 98304K, 0% used [0x00000000fa000000,0x00000000fa000000,0x0000000100000000)
 ParOldGen       total 1310720K, used 1102901K [0x0000000080000000, 0x00000000d0000000, 0x00000000d0000000)
  object space 1310720K, 84% used [0x0000000080000000,0x00000000c350d4d0,0x00000000d0000000)
 Metaspace       used 246476K, capacity 250938K, committed 251136K, reserved 743424K
  class space    used 23824K, capacity 24732K, committed 24832K, reserved 516096K
}
{Heap before GC invocations=136 (full 2):
 PSYoungGen      total 688128K, used 594422K [0x00000000d0000000, 0x0000000100000000, 0x0000000100000000)
  eden space 589824K, 100% used [0x00000000d0000000,0x00000000f4000000,0x00000000f4000000)
  from space 98304K, 4% used [0x00000000f4000000,0x00000000f447dbf8,0x00000000fa000000)
  to   space 98304K, 0% used [0x00000000fa000000,0x00000000fa000000,0x0000000100000000)
 ParOldGen       total 1310720K, used 1102901K [0x0000000080000000, 0x00000000d0000000, 0x00000000d0000000)
  object space 1310720K, 84% used [0x0000000080000000,0x00000000c350d4d0,0x00000000d0000000)
 Metaspace       used 246480K, capacity 250938K, committed 251136K, reserved 743424K
  class space    used 23824K, capacity 24732K, committed 24832K, reserved 516096K
2025-05-14T19:01:35.812+0900: 2907.099: [GC (Allocation Failure) [PSYoungGen: 594422K->4006K(688128K)] 1697324K->1107591K(1998848K), 0.0114421 secs] [Times: user=0.03 sys=0.00, real=0.01 secs] 
Heap after GC invocations=136 (full 2):
 PSYoungGen      total 688128K, used 4006K [0x00000000d0000000, 0x0000000100000000, 0x0000000100000000)
  eden space 589824K, 0% used [0x00000000d0000000,0x00000000d0000000,0x00000000f4000000)
  from space 98304K, 4% used [0x00000000fa000000,0x00000000fa3e9ba8,0x0000000100000000)
  to   space 98304K, 0% used [0x00000000f4000000,0x00000000f4000000,0x00000000fa000000)
 ParOldGen       total 1310720K, used 1103584K [0x0000000080000000, 0x00000000d0000000, 0x00000000d0000000)
  object space 1310720K, 84% used [0x0000000080000000,0x00000000c35b8130,0x00000000d0000000)
 Metaspace       used 246480K, capacity 250938K, committed 251136K, reserved 743424K
  class space    used 23824K, capacity 24732K, committed 24832K, reserved 516096K
}
{Heap before GC invocations=137 (full 2):
 PSYoungGen      total 688128K, used 593830K [0x00000000d0000000, 0x0000000100000000, 0x0000000100000000)
  eden space 589824K, 100% used [0x00000000d0000000,0x00000000f4000000,0x00000000f4000000)
  from space 98304K, 4% used [0x00000000fa000000,0x00000000fa3e9ba8,0x0000000100000000)
  to   space 98304K, 0% used [0x00000000f4000000,0x00000000f4000000,0x00000000fa000000)
 ParOldGen       total 1310720K, used 1103584K [0x0000000080000000, 0x00000000d0000000, 0x00000000d0000000)
  object space 1310720K, 84% used [0x0000000080000000,0x00000000c35b8130,0x00000000d0000000)
 Metaspace       used 246510K, capacity 251002K, committed 251136K, reserved 743424K
  class space    used 23824K, capacity 24732K, committed 24832K, reserved 516096K
2025-05-14T19:02:37.971+0900: 2969.258: [GC (Allocation Failure) [PSYoungGen: 593830K->3832K(688128K)] 1697415K->1107620K(1998848K), 0.0123260 secs] [Times: user=0.03 sys=0.01, real=0.01 secs] 
Heap after GC invocations=137 (full 2):
 PSYoungGen      total 688128K, used 3832K [0x00000000d0000000, 0x0000000100000000, 0x0000000100000000)
  eden space 589824K, 0% used [0x00000000d0000000,0x00000000d0000000,0x00000000f4000000)
  from space 98304K, 3% used [0x00000000f4000000,0x00000000f43be368,0x00000000fa000000)
  to   space 98304K, 0% used [0x00000000fa000000,0x00000000fa000000,0x0000000100000000)
 ParOldGen       total 1310720K, used 1103788K [0x0000000080000000, 0x00000000d0000000, 0x00000000d0000000)
  object space 1310720K, 84% used [0x0000000080000000,0x00000000c35eb080,0x00000000d0000000)
 Metaspace       used 246510K, capacity 251002K, committed 251136K, reserved 743424K
  class space    used 23824K, capacity 24732K, committed 24832K, reserved 516096K
}
{Heap before GC invocations=138 (full 2):
 PSYoungGen      total 688128K, used 593656K [0x00000000d0000000, 0x0000000100000000, 0x0000000100000000)
  eden space 589824K, 100% used [0x00000000d0000000,0x00000000f4000000,0x00000000f4000000)
  from space 98304K, 3% used [0x00000000f4000000,0x00000000f43be368,0x00000000fa000000)
  to   space 98304K, 0% used [0x00000000fa000000,0x00000000fa000000,0x0000000100000000)
 ParOldGen       total 1310720K, used 1103788K [0x0000000080000000, 0x00000000d0000000, 0x00000000d0000000)
  object space 1310720K, 84% used [0x0000000080000000,0x00000000c35eb080,0x00000000d0000000)
 Metaspace       used 246563K, capacity 251014K, committed 251136K, reserved 743424K
  class space    used 23825K, capacity 24734K, committed 24832K, reserved 516096K
2025-05-14T19:03:39.096+0900: 3030.383: [GC (Allocation Failure) [PSYoungGen: 593656K->3900K(688128K)] 1697444K->1107772K(1998848K), 0.0116053 secs] [Times: user=0.03 sys=0.01, real=0.01 secs] 
Heap after GC invocations=138 (full 2):
 PSYoungGen      total 688128K, used 3900K [0x00000000d0000000, 0x0000000100000000, 0x0000000100000000)
  eden space 589824K, 0% used [0x00000000d0000000,0x00000000d0000000,0x00000000f4000000)
  from space 98304K, 3% used [0x00000000fa000000,0x00000000fa3cf0e8,0x0000000100000000)
  to   space 98304K, 0% used [0x00000000f4000000,0x00000000f4000000,0x00000000fa000000)
 ParOldGen       total 1310720K, used 1103871K [0x0000000080000000, 0x00000000d0000000, 0x00000000d0000000)
  object space 1310720K, 84% used [0x0000000080000000,0x00000000c35ffff0,0x00000000d0000000)
 Metaspace       used 246563K, capacity 251014K, committed 251136K, reserved 743424K
  class space    used 23825K, capacity 24734K, committed 24832K, reserved 516096K
}
{Heap before GC invocations=139 (full 2):
 PSYoungGen      total 688128K, used 593724K [0x00000000d0000000, 0x0000000100000000, 0x0000000100000000)
  eden space 589824K, 100% used [0x00000000d0000000,0x00000000f4000000,0x00000000f4000000)
  from space 98304K, 3% used [0x00000000fa000000,0x00000000fa3cf0e8,0x0000000100000000)
  to   space 98304K, 0% used [0x00000000f4000000,0x00000000f4000000,0x00000000fa000000)
 ParOldGen       total 1310720K, used 1103871K [0x0000000080000000, 0x00000000d0000000, 0x00000000d0000000)
  object space 1310720K, 84% used [0x0000000080000000,0x00000000c35ffff0,0x00000000d0000000)
 Metaspace       used 246592K, capacity 251020K, committed 251136K, reserved 743424K
  class space    used 23825K, capacity 24735K, committed 24832K, reserved 516096K
2025-05-14T19:04:40.332+0900: 3091.619: [GC (Allocation Failure) [PSYoungGen: 593724K->4126K(688128K)] 1697596K->1108054K(1998848K), 0.0117189 secs] [Times: user=0.03 sys=0.00, real=0.01 secs] 
Heap after GC invocations=139 (full 2):
 PSYoungGen      total 688128K, used 4126K [0x00000000d0000000, 0x0000000100000000, 0x0000000100000000)
  eden space 589824K, 0% used [0x00000000d0000000,0x00000000d0000000,0x00000000f4000000)
  from space 98304K, 4% used [0x00000000f4000000,0x00000000f44078c0,0x00000000fa000000)
  to   space 98304K, 0% used [0x00000000fa000000,0x00000000fa000000,0x0000000100000000)
 ParOldGen       total 1310720K, used 1103927K [0x0000000080000000, 0x00000000d0000000, 0x00000000d0000000)
  object space 1310720K, 84% used [0x0000000080000000,0x00000000c360dff0,0x00000000d0000000)
 Metaspace       used 246592K, capacity 251020K, committed 251136K, reserved 743424K
  class space    used 23825K, capacity 24735K, committed 24832K, reserved 516096K
}
{Heap before GC invocations=140 (full 2):
 PSYoungGen      total 688128K, used 593950K [0x00000000d0000000, 0x0000000100000000, 0x0000000100000000)
  eden space 589824K, 100% used [0x00000000d0000000,0x00000000f4000000,0x00000000f4000000)
  from space 98304K, 4% used [0x00000000f4000000,0x00000000f44078c0,0x00000000fa000000)
  to   space 98304K, 0% used [0x00000000fa000000,0x00000000fa000000,0x0000000100000000)
 ParOldGen       total 1310720K, used 1103927K [0x0000000080000000, 0x00000000d0000000, 0x00000000d0000000)
  object space 1310720K, 84% used [0x0000000080000000,0x00000000c360dff0,0x00000000d0000000)
 Metaspace       used 246598K, capacity 251084K, committed 251392K, reserved 743424K
  class space    used 23825K, capacity 24735K, committed 24832K, reserved 516096K
2025-05-14T19:05:42.559+0900: 3153.846: [GC (Allocation Failure) [PSYoungGen: 593950K->4060K(688128K)] 1697878K->1108052K(1998848K), 0.0116623 secs] [Times: user=0.03 sys=0.00, real=0.01 secs] 
Heap after GC invocations=140 (full 2):
 PSYoungGen      total 688128K, used 4060K [0x00000000d0000000, 0x0000000100000000, 0x0000000100000000)
  eden space 589824K, 0% used [0x00000000d0000000,0x00000000d0000000,0x00000000f4000000)
  from space 98304K, 4% used [0x00000000fa000000,0x00000000fa3f70e8,0x0000000100000000)
  to   space 98304K, 0% used [0x00000000f4000000,0x00000000f4000000,0x00000000fa000000)
 ParOldGen       total 1310720K, used 1103991K [0x0000000080000000, 0x00000000d0000000, 0x00000000d0000000)
  object space 1310720K, 84% used [0x0000000080000000,0x00000000c361dff0,0x00000000d0000000)
 Metaspace       used 246598K, capacity 251084K, committed 251392K, reserved 743424K
  class space    used 23825K, capacity 24735K, committed 24832K, reserved 516096K
}
{Heap before GC invocations=141 (full 2):
 PSYoungGen      total 688128K, used 593884K [0x00000000d0000000, 0x0000000100000000, 0x0000000100000000)
  eden space 589824K, 100% used [0x00000000d0000000,0x00000000f4000000,0x00000000f4000000)
  from space 98304K, 4% used [0x00000000fa000000,0x00000000fa3f70e8,0x0000000100000000)
  to   space 98304K, 0% used [0x00000000f4000000,0x00000000f4000000,0x00000000fa000000)
 ParOldGen       total 1310720K, used 1103991K [0x0000000080000000, 0x00000000d0000000, 0x00000000d0000000)
  object space 1310720K, 84% used [0x0000000080000000,0x00000000c361dff0,0x00000000d0000000)
 Metaspace       used 246841K, capacity 251278K, committed 251392K, reserved 743424K
  class space    used 23848K, capacity 24736K, committed 24832K, reserved 516096K
2025-05-14T19:06:43.651+0900: 3214.938: [GC (Allocation Failure) [PSYoungGen: 593884K->5074K(688128K)] 1697876K->1109146K(1998848K), 0.0124725 secs] [Times: user=0.03 sys=0.00, real=0.01 secs] 
Heap after GC invocations=141 (full 2):
 PSYoungGen      total 688128K, used 5074K [0x00000000d0000000, 0x0000000100000000, 0x0000000100000000)
  eden space 589824K, 0% used [0x00000000d0000000,0x00000000d0000000,0x00000000f4000000)
  from space 98304K, 5% used [0x00000000f4000000,0x00000000f44f4998,0x00000000fa000000)
  to   space 98304K, 0% used [0x00000000fa000000,0x00000000fa000000,0x0000000100000000)
 ParOldGen       total 1310720K, used 1104071K [0x0000000080000000, 0x00000000d0000000, 0x00000000d0000000)
  object space 1310720K, 84% used [0x0000000080000000,0x00000000c3631ff0,0x00000000d0000000)
 Metaspace       used 246841K, capacity 251278K, committed 251392K, reserved 743424K
  class space    used 23848K, capacity 24736K, committed 24832K, reserved 516096K
}
{Heap before GC invocations=142 (full 2):
 PSYoungGen      total 688128K, used 594898K [0x00000000d0000000, 0x0000000100000000, 0x0000000100000000)
  eden space 589824K, 100% used [0x00000000d0000000,0x00000000f4000000,0x00000000f4000000)
  from space 98304K, 5% used [0x00000000f4000000,0x00000000f44f4998,0x00000000fa000000)
  to   space 98304K, 0% used [0x00000000fa000000,0x00000000fa000000,0x0000000100000000)
 ParOldGen       total 1310720K, used 1104071K [0x0000000080000000, 0x00000000d0000000, 0x00000000d0000000)
  object space 1310720K, 84% used [0x0000000080000000,0x00000000c3631ff0,0x00000000d0000000)
 Metaspace       used 246879K, capacity 251278K, committed 251392K, reserved 743424K
  class space    used 23848K, capacity 24736K, committed 24832K, reserved 516096K
2025-05-14T19:07:44.846+0900: 3276.133: [GC (Allocation Failure) [PSYoungGen: 594898K->5186K(688128K)] 1698970K->1109318K(1998848K), 0.0119287 secs] [Times: user=0.03 sys=0.00, real=0.01 secs] 
Heap after GC invocations=142 (full 2):
 PSYoungGen      total 688128K, used 5186K [0x00000000d0000000, 0x0000000100000000, 0x0000000100000000)
  eden space 589824K, 0% used [0x00000000d0000000,0x00000000d0000000,0x00000000f4000000)
  from space 98304K, 5% used [0x00000000fa000000,0x00000000fa510828,0x0000000100000000)
  to   space 98304K, 0% used [0x00000000f4000000,0x00000000f4000000,0x00000000fa000000)
 ParOldGen       total 1310720K, used 1104132K [0x0000000080000000, 0x00000000d0000000, 0x00000000d0000000)
  object space 1310720K, 84% used [0x0000000080000000,0x00000000c3641000,0x00000000d0000000)
 Metaspace       used 246879K, capacity 251278K, committed 251392K, reserved 743424K
  class space    used 23848K, capacity 24736K, committed 24832K, reserved 516096K
}
{Heap before GC invocations=143 (full 2):
 PSYoungGen      total 688128K, used 595010K [0x00000000d0000000, 0x0000000100000000, 0x0000000100000000)
  eden space 589824K, 100% used [0x00000000d0000000,0x00000000f4000000,0x00000000f4000000)
  from space 98304K, 5% used [0x00000000fa000000,0x00000000fa510828,0x0000000100000000)
  to   space 98304K, 0% used [0x00000000f4000000,0x00000000f4000000,0x00000000fa000000)
 ParOldGen       total 1310720K, used 1104132K [0x0000000080000000, 0x00000000d0000000, 0x00000000d0000000)
  object space 1310720K, 84% used [0x0000000080000000,0x00000000c3641000,0x00000000d0000000)
 Metaspace       used 246943K, capacity 251342K, committed 251648K, reserved 743424K
  class space    used 23848K, capacity 24736K, committed 24832K, reserved 516096K
2025-05-14T19:08:45.132+0900: 3336.419: [GC (Allocation Failure) [PSYoungGen: 595010K->3427K(688128K)] 1699142K->1108907K(1998848K), 0.0120810 secs] [Times: user=0.03 sys=0.01, real=0.01 secs] 
Heap after GC invocations=143 (full 2):
 PSYoungGen      total 688128K, used 3427K [0x00000000d0000000, 0x0000000100000000, 0x0000000100000000)
  eden space 589824K, 0% used [0x00000000d0000000,0x00000000d0000000,0x00000000f4000000)
  from space 98304K, 3% used [0x00000000f4000000,0x00000000f4358cc0,0x00000000fa000000)
  to   space 98304K, 0% used [0x00000000fa000000,0x00000000fa000000,0x0000000100000000)
 ParOldGen       total 1310720K, used 1105480K [0x0000000080000000, 0x00000000d0000000, 0x00000000d0000000)
  object space 1310720K, 84% used [0x0000000080000000,0x00000000c37920e8,0x00000000d0000000)
 Metaspace       used 246943K, capacity 251342K, committed 251648K, reserved 743424K
  class space    used 23848K, capacity 24736K, committed 24832K, reserved 516096K
}
{Heap before GC invocations=144 (full 2):
 PSYoungGen      total 688128K, used 593251K [0x00000000d0000000, 0x0000000100000000, 0x0000000100000000)
  eden space 589824K, 100% used [0x00000000d0000000,0x00000000f4000000,0x00000000f4000000)
  from space 98304K, 3% used [0x00000000f4000000,0x00000000f4358cc0,0x00000000fa000000)
  to   space 98304K, 0% used [0x00000000fa000000,0x00000000fa000000,0x0000000100000000)
 ParOldGen       total 1310720K, used 1105480K [0x0000000080000000, 0x00000000d0000000, 0x00000000d0000000)
  object space 1310720K, 84% used [0x0000000080000000,0x00000000c37920e8,0x00000000d0000000)
 Metaspace       used 246960K, capacity 251342K, committed 251648K, reserved 743424K
  class space    used 23848K, capacity 24736K, committed 24832K, reserved 516096K
2025-05-14T19:09:48.241+0900: 3399.528: [GC (Allocation Failure) [PSYoungGen: 593251K->3411K(688128K)] 1698731K->1108987K(1998848K), 0.0117831 secs] [Times: user=0.03 sys=0.00, real=0.01 secs] 
Heap after GC invocations=144 (full 2):
 PSYoungGen      total 688128K, used 3411K [0x00000000d0000000, 0x0000000100000000, 0x0000000100000000)
  eden space 589824K, 0% used [0x00000000d0000000,0x00000000d0000000,0x00000000f4000000)
  from space 98304K, 3% used [0x00000000fa000000,0x00000000fa354fc0,0x0000000100000000)
  to   space 98304K, 0% used [0x00000000f4000000,0x00000000f4000000,0x00000000fa000000)
 ParOldGen       total 1310720K, used 1105575K [0x0000000080000000, 0x00000000d0000000, 0x00000000d0000000)
  object space 1310720K, 84% used [0x0000000080000000,0x00000000c37a9fc8,0x00000000d0000000)
 Metaspace       used 246960K, capacity 251342K, committed 251648K, reserved 743424K
  class space    used 23848K, capacity 24736K, committed 24832K, reserved 516096K
}
{Heap before GC invocations=145 (full 2):
 PSYoungGen      total 688128K, used 593235K [0x00000000d0000000, 0x0000000100000000, 0x0000000100000000)
  eden space 589824K, 100% used [0x00000000d0000000,0x00000000f4000000,0x00000000f4000000)
  from space 98304K, 3% used [0x00000000fa000000,0x00000000fa354fc0,0x0000000100000000)
  to   space 98304K, 0% used [0x00000000f4000000,0x00000000f4000000,0x00000000fa000000)
 ParOldGen       total 1310720K, used 1105575K [0x0000000080000000, 0x00000000d0000000, 0x00000000d0000000)
  object space 1310720K, 84% used [0x0000000080000000,0x00000000c37a9fc8,0x00000000d0000000)
 Metaspace       used 246994K, capacity 251406K, committed 251648K, reserved 743424K
  class space    used 23848K, capacity 24736K, committed 24832K, reserved 516096K
2025-05-14T19:10:49.476+0900: 3460.763: [GC (Allocation Failure) [PSYoungGen: 593235K->3397K(688128K)] 1698811K->1109028K(1998848K), 0.0147912 secs] [Times: user=0.02 sys=0.00, real=0.02 secs] 
Heap after GC invocations=145 (full 2):
 PSYoungGen      total 688128K, used 3397K [0x00000000d0000000, 0x0000000100000000, 0x0000000100000000)
  eden space 589824K, 0% used [0x00000000d0000000,0x00000000d0000000,0x00000000f4000000)
  from space 98304K, 3% used [0x00000000f4000000,0x00000000f4351420,0x00000000fa000000)
  to   space 98304K, 0% used [0x00000000fa000000,0x00000000fa000000,0x0000000100000000)
 ParOldGen       total 1310720K, used 1105631K [0x0000000080000000, 0x00000000d0000000, 0x00000000d0000000)
  object space 1310720K, 84% used [0x0000000080000000,0x00000000c37b7fc8,0x00000000d0000000)
 Metaspace       used 246994K, capacity 251406K, committed 251648K, reserved 743424K
  class space    used 23848K, capacity 24736K, committed 24832K, reserved 516096K
}
{Heap before GC invocations=146 (full 2):
 PSYoungGen      total 688128K, used 593221K [0x00000000d0000000, 0x0000000100000000, 0x0000000100000000)
  eden space 589824K, 100% used [0x00000000d0000000,0x00000000f4000000,0x00000000f4000000)
  from space 98304K, 3% used [0x00000000f4000000,0x00000000f4351420,0x00000000fa000000)
  to   space 98304K, 0% used [0x00000000fa000000,0x00000000fa000000,0x0000000100000000)
 ParOldGen       total 1310720K, used 1105631K [0x0000000080000000, 0x00000000d0000000, 0x00000000d0000000)
  object space 1310720K, 84% used [0x0000000080000000,0x00000000c37b7fc8,0x00000000d0000000)
 Metaspace       used 247019K, capacity 251470K, committed 251648K, reserved 743424K
  class space    used 23848K, capacity 24736K, committed 24832K, reserved 516096K
2025-05-14T19:11:50.644+0900: 3521.931: [GC (Allocation Failure) [PSYoungGen: 593221K->3657K(688128K)] 1698852K->1109337K(1998848K), 0.0117288 secs] [Times: user=0.03 sys=0.00, real=0.01 secs] 
Heap after GC invocations=146 (full 2):
 PSYoungGen      total 688128K, used 3657K [0x00000000d0000000, 0x0000000100000000, 0x0000000100000000)
  eden space 589824K, 0% used [0x00000000d0000000,0x00000000d0000000,0x00000000f4000000)
  from space 98304K, 3% used [0x00000000fa000000,0x00000000fa392618,0x0000000100000000)
  to   space 98304K, 0% used [0x00000000f4000000,0x00000000f4000000,0x00000000fa000000)
 ParOldGen       total 1310720K, used 1105679K [0x0000000080000000, 0x00000000d0000000, 0x00000000d0000000)
  object space 1310720K, 84% used [0x0000000080000000,0x00000000c37c3fc8,0x00000000d0000000)
 Metaspace       used 247019K, capacity 251470K, committed 251648K, reserved 743424K
  class space    used 23848K, capacity 24736K, committed 24832K, reserved 516096K
}
{Heap before GC invocations=147 (full 2):
 PSYoungGen      total 688128K, used 593481K [0x00000000d0000000, 0x0000000100000000, 0x0000000100000000)
  eden space 589824K, 100% used [0x00000000d0000000,0x00000000f4000000,0x00000000f4000000)
  from space 98304K, 3% used [0x00000000fa000000,0x00000000fa392618,0x0000000100000000)
  to   space 98304K, 0% used [0x00000000f4000000,0x00000000f4000000,0x00000000fa000000)
 ParOldGen       total 1310720K, used 1105679K [0x0000000080000000, 0x00000000d0000000, 0x00000000d0000000)
  object space 1310720K, 84% used [0x0000000080000000,0x00000000c37c3fc8,0x00000000d0000000)
 Metaspace       used 247124K, capacity 251540K, committed 251648K, reserved 743424K
  class space    used 23849K, capacity 24737K, committed 24832K, reserved 516096K
2025-05-14T19:12:49.795+0900: 3581.082: [GC (Allocation Failure) [PSYoungGen: 593481K->3973K(688128K)] 1699161K->1109729K(1998848K), 0.0118319 secs] [Times: user=0.03 sys=0.00, real=0.01 secs] 
Heap after GC invocations=147 (full 2):
 PSYoungGen      total 688128K, used 3973K [0x00000000d0000000, 0x0000000100000000, 0x0000000100000000)
  eden space 589824K, 0% used [0x00000000d0000000,0x00000000d0000000,0x00000000f4000000)
  from space 98304K, 4% used [0x00000000f4000000,0x00000000f43e17c0,0x00000000fa000000)
  to   space 98304K, 0% used [0x00000000fa000000,0x00000000fa000000,0x0000000100000000)
 ParOldGen       total 1310720K, used 1105755K [0x0000000080000000, 0x00000000d0000000, 0x00000000d0000000)
  object space 1310720K, 84% used [0x0000000080000000,0x00000000c37d6fd8,0x00000000d0000000)
 Metaspace       used 247124K, capacity 251540K, committed 251648K, reserved 743424K
  class space    used 23849K, capacity 24737K, committed 24832K, reserved 516096K
}
{Heap before GC invocations=148 (full 2):
 PSYoungGen      total 688128K, used 593797K [0x00000000d0000000, 0x0000000100000000, 0x0000000100000000)
  eden space 589824K, 100% used [0x00000000d0000000,0x00000000f4000000,0x00000000f4000000)
  from space 98304K, 4% used [0x00000000f4000000,0x00000000f43e17c0,0x00000000fa000000)
  to   space 98304K, 0% used [0x00000000fa000000,0x00000000fa000000,0x0000000100000000)
 ParOldGen       total 1310720K, used 1105755K [0x0000000080000000, 0x00000000d0000000, 0x00000000d0000000)
  object space 1310720K, 84% used [0x0000000080000000,0x00000000c37d6fd8,0x00000000d0000000)
 Metaspace       used 247217K, capacity 251610K, committed 251904K, reserved 743424K
  class space    used 23849K, capacity 24738K, committed 24832K, reserved 516096K
2025-05-14T19:13:46.507+0900: 3637.794: [GC (Allocation Failure) [PSYoungGen: 593797K->5072K(688128K)] 1699553K->1110972K(1998848K), 0.0127619 secs] [Times: user=0.03 sys=0.00, real=0.02 secs] 
Heap after GC invocations=148 (full 2):
 PSYoungGen      total 688128K, used 5072K [0x00000000d0000000, 0x0000000100000000, 0x0000000100000000)
  eden space 589824K, 0% used [0x00000000d0000000,0x00000000d0000000,0x00000000f4000000)
  from space 98304K, 5% used [0x00000000fa000000,0x00000000fa4f40d0,0x0000000100000000)
  to   space 98304K, 0% used [0x00000000f4000000,0x00000000f4000000,0x00000000fa000000)
 ParOldGen       total 1310720K, used 1105899K [0x0000000080000000, 0x00000000d0000000, 0x00000000d0000000)
  object space 1310720K, 84% used [0x0000000080000000,0x00000000c37faf98,0x00000000d0000000)
 Metaspace       used 247217K, capacity 251610K, committed 251904K, reserved 743424K
  class space    used 23849K, capacity 24738K, committed 24832K, reserved 516096K
}
{Heap before GC invocations=149 (full 2):
 PSYoungGen      total 688128K, used 594896K [0x00000000d0000000, 0x0000000100000000, 0x0000000100000000)
  eden space 589824K, 100% used [0x00000000d0000000,0x00000000f4000000,0x00000000f4000000)
  from space 98304K, 5% used [0x00000000fa000000,0x00000000fa4f40d0,0x0000000100000000)
  to   space 98304K, 0% used [0x00000000f4000000,0x00000000f4000000,0x00000000fa000000)
 ParOldGen       total 1310720K, used 1105899K [0x0000000080000000, 0x00000000d0000000, 0x00000000d0000000)
  object space 1310720K, 84% used [0x0000000080000000,0x00000000c37faf98,0x00000000d0000000)
 Metaspace       used 247223K, capacity 251610K, committed 251904K, reserved 743424K
  class space    used 23849K, capacity 24738K, committed 24832K, reserved 516096K
2025-05-14T19:14:45.155+0900: 3696.442: [GC (Allocation Failure) [PSYoungGen: 594896K->4397K(688128K)] 1700796K->1110921K(1998848K), 0.0119624 secs] [Times: user=0.03 sys=0.00, real=0.01 secs] 
Heap after GC invocations=149 (full 2):
 PSYoungGen      total 688128K, used 4397K [0x00000000d0000000, 0x0000000100000000, 0x0000000100000000)
  eden space 589824K, 0% used [0x00000000d0000000,0x00000000d0000000,0x00000000f4000000)
  from space 98304K, 4% used [0x00000000f4000000,0x00000000f444b7a8,0x00000000fa000000)
  to   space 98304K, 0% used [0x00000000fa000000,0x00000000fa000000,0x0000000100000000)
 ParOldGen       total 1310720K, used 1106523K [0x0000000080000000, 0x00000000d0000000, 0x00000000d0000000)
  object space 1310720K, 84% used [0x0000000080000000,0x00000000c3896f00,0x00000000d0000000)
 Metaspace       used 247223K, capacity 251610K, committed 251904K, reserved 743424K
  class space    used 23849K, capacity 24738K, committed 24832K, reserved 516096K
}
{Heap before GC invocations=150 (full 2):
 PSYoungGen      total 688128K, used 594221K [0x00000000d0000000, 0x0000000100000000, 0x0000000100000000)
  eden space 589824K, 100% used [0x00000000d0000000,0x00000000f4000000,0x00000000f4000000)
  from space 98304K, 4% used [0x00000000f4000000,0x00000000f444b7a8,0x00000000fa000000)
  to   space 98304K, 0% used [0x00000000fa000000,0x00000000fa000000,0x0000000100000000)
 ParOldGen       total 1310720K, used 1106523K [0x0000000080000000, 0x00000000d0000000, 0x00000000d0000000)
  object space 1310720K, 84% used [0x0000000080000000,0x00000000c3896f00,0x00000000d0000000)
 Metaspace       used 247239K, capacity 251622K, committed 251904K, reserved 743424K
  class space    used 23850K, capacity 24740K, committed 24832K, reserved 516096K
2025-05-14T19:15:46.499+0900: 3757.786: [GC (Allocation Failure) [PSYoungGen: 594221K->4429K(688128K)] 1700745K->1111013K(1998848K), 0.0118742 secs] [Times: user=0.03 sys=0.00, real=0.01 secs] 
Heap after GC invocations=150 (full 2):
 PSYoungGen      total 688128K, used 4429K [0x00000000d0000000, 0x0000000100000000, 0x0000000100000000)
  eden space 589824K, 0% used [0x00000000d0000000,0x00000000d0000000,0x00000000f4000000)
  from space 98304K, 4% used [0x00000000fa000000,0x00000000fa4537a8,0x0000000100000000)
  to   space 98304K, 0% used [0x00000000f4000000,0x00000000f4000000,0x00000000fa000000)
 ParOldGen       total 1310720K, used 1106583K [0x0000000080000000, 0x00000000d0000000, 0x00000000d0000000)
  object space 1310720K, 84% used [0x0000000080000000,0x00000000c38a5f10,0x00000000d0000000)
 Metaspace       used 247239K, capacity 251622K, committed 251904K, reserved 743424K
  class space    used 23850K, capacity 24740K, committed 24832K, reserved 516096K
}
{Heap before GC invocations=151 (full 2):
 PSYoungGen      total 688128K, used 594253K [0x00000000d0000000, 0x0000000100000000, 0x0000000100000000)
  eden space 589824K, 100% used [0x00000000d0000000,0x00000000f4000000,0x00000000f4000000)
  from space 98304K, 4% used [0x00000000fa000000,0x00000000fa4537a8,0x0000000100000000)
  to   space 98304K, 0% used [0x00000000f4000000,0x00000000f4000000,0x00000000fa000000)
 ParOldGen       total 1310720K, used 1106583K [0x0000000080000000, 0x00000000d0000000, 0x00000000d0000000)
  object space 1310720K, 84% used [0x0000000080000000,0x00000000c38a5f10,0x00000000d0000000)
 Metaspace       used 247254K, capacity 251640K, committed 251904K, reserved 743424K
  class space    used 23852K, capacity 24743K, committed 24832K, reserved 516096K
2025-05-14T19:16:47.539+0900: 3818.826: [GC (Allocation Failure) [PSYoungGen: 594253K->4431K(688128K)] 1700837K->1111134K(1998848K), 0.0122476 secs] [Times: user=0.04 sys=0.00, real=0.01 secs] 
Heap after GC invocations=151 (full 2):
 PSYoungGen      total 688128K, used 4431K [0x00000000d0000000, 0x0000000100000000, 0x0000000100000000)
  eden space 589824K, 0% used [0x00000000d0000000,0x00000000d0000000,0x00000000f4000000)
  from space 98304K, 4% used [0x00000000f4000000,0x00000000f4453c90,0x00000000fa000000)
  to   space 98304K, 0% used [0x00000000fa000000,0x00000000fa000000,0x0000000100000000)
 ParOldGen       total 1310720K, used 1106703K [0x0000000080000000, 0x00000000d0000000, 0x00000000d0000000)
  object space 1310720K, 84% used [0x0000000080000000,0x00000000c38c3f30,0x00000000d0000000)
 Metaspace       used 247254K, capacity 251640K, committed 251904K, reserved 743424K
  class space    used 23852K, capacity 24743K, committed 24832K, reserved 516096K
}
{Heap before GC invocations=152 (full 2):
 PSYoungGen      total 688128K, used 594255K [0x00000000d0000000, 0x0000000100000000, 0x0000000100000000)
  eden space 589824K, 100% used [0x00000000d0000000,0x00000000f4000000,0x00000000f4000000)
  from space 98304K, 4% used [0x00000000f4000000,0x00000000f4453c90,0x00000000fa000000)
  to   space 98304K, 0% used [0x00000000fa000000,0x00000000fa000000,0x0000000100000000)
 ParOldGen       total 1310720K, used 1106703K [0x0000000080000000, 0x00000000d0000000, 0x00000000d0000000)
  object space 1310720K, 84% used [0x0000000080000000,0x00000000c38c3f30,0x00000000d0000000)
 Metaspace       used 247261K, capacity 251640K, committed 251904K, reserved 743424K
  class space    used 23852K, capacity 24743K, committed 24832K, reserved 516096K
2025-05-14T19:17:46.698+0900: 3877.985: [GC (Allocation Failure) [PSYoungGen: 594255K->4551K(688128K)] 1700958K->1111303K(1998848K), 0.0123195 secs] [Times: user=0.02 sys=0.00, real=0.02 secs] 
Heap after GC invocations=152 (full 2):
 PSYoungGen      total 688128K, used 4551K [0x00000000d0000000, 0x0000000100000000, 0x0000000100000000)
  eden space 589824K, 0% used [0x00000000d0000000,0x00000000d0000000,0x00000000f4000000)
  from space 98304K, 4% used [0x00000000fa000000,0x00000000fa471fd0,0x0000000100000000)
  to   space 98304K, 0% used [0x00000000f4000000,0x00000000f4000000,0x00000000fa000000)
 ParOldGen       total 1310720K, used 1106751K [0x0000000080000000, 0x00000000d0000000, 0x00000000d0000000)
  object space 1310720K, 84% used [0x0000000080000000,0x00000000c38cff30,0x00000000d0000000)
 Metaspace       used 247261K, capacity 251640K, committed 251904K, reserved 743424K
  class space    used 23852K, capacity 24743K, committed 24832K, reserved 516096K
}
{Heap before GC invocations=153 (full 2):
 PSYoungGen      total 688128K, used 594375K [0x00000000d0000000, 0x0000000100000000, 0x0000000100000000)
  eden space 589824K, 100% used [0x00000000d0000000,0x00000000f4000000,0x00000000f4000000)
  from space 98304K, 4% used [0x00000000fa000000,0x00000000fa471fd0,0x0000000100000000)
  to   space 98304K, 0% used [0x00000000f4000000,0x00000000f4000000,0x00000000fa000000)
 ParOldGen       total 1310720K, used 1106751K [0x0000000080000000, 0x00000000d0000000, 0x00000000d0000000)
  object space 1310720K, 84% used [0x0000000080000000,0x00000000c38cff30,0x00000000d0000000)
 Metaspace       used 247395K, capacity 251838K, committed 252160K, reserved 743424K
  class space    used 23861K, capacity 24746K, committed 24832K, reserved 516096K
2025-05-14T19:18:46.801+0900: 3938.088: [GC (Allocation Failure) [PSYoungGen: 594375K->4870K(688128K)] 1701127K->1111738K(1998848K), 0.0121321 secs] [Times: user=0.03 sys=0.00, real=0.01 secs] 
Heap after GC invocations=153 (full 2):
 PSYoungGen      total 688128K, used 4870K [0x00000000d0000000, 0x0000000100000000, 0x0000000100000000)
  eden space 589824K, 0% used [0x00000000d0000000,0x00000000d0000000,0x00000000f4000000)
  from space 98304K, 4% used [0x00000000f4000000,0x00000000f44c1b00,0x00000000fa000000)
  to   space 98304K, 0% used [0x00000000fa000000,0x00000000fa000000,0x0000000100000000)
 ParOldGen       total 1310720K, used 1106867K [0x0000000080000000, 0x00000000d0000000, 0x00000000d0000000)
  object space 1310720K, 84% used [0x0000000080000000,0x00000000c38ece90,0x00000000d0000000)
 Metaspace       used 247395K, capacity 251838K, committed 252160K, reserved 743424K
  class space    used 23861K, capacity 24746K, committed 24832K, reserved 516096K
}
{Heap before GC invocations=154 (full 2):
 PSYoungGen      total 688128K, used 594694K [0x00000000d0000000, 0x0000000100000000, 0x0000000100000000)
  eden space 589824K, 100% used [0x00000000d0000000,0x00000000f4000000,0x00000000f4000000)
  from space 98304K, 4% used [0x00000000f4000000,0x00000000f44c1b00,0x00000000fa000000)
  to   space 98304K, 0% used [0x00000000fa000000,0x00000000fa000000,0x0000000100000000)
 ParOldGen       total 1310720K, used 1106867K [0x0000000080000000, 0x00000000d0000000, 0x00000000d0000000)
  object space 1310720K, 84% used [0x0000000080000000,0x00000000c38ece90,0x00000000d0000000)
 Metaspace       used 247411K, capacity 251838K, committed 252160K, reserved 743424K
  class space    used 23861K, capacity 24746K, committed 24832K, reserved 516096K
2025-05-14T19:19:47.472+0900: 3998.759: [GC (Allocation Failure) [PSYoungGen: 594694K->4636K(688128K)] 1701562K->1111663K(1998848K), 0.0119975 secs] [Times: user=0.03 sys=0.00, real=0.01 secs] 
Heap after GC invocations=154 (full 2):
 PSYoungGen      total 688128K, used 4636K [0x00000000d0000000, 0x0000000100000000, 0x0000000100000000)
  eden space 589824K, 0% used [0x00000000d0000000,0x00000000d0000000,0x00000000f4000000)
  from space 98304K, 4% used [0x00000000fa000000,0x00000000fa4872c8,0x0000000100000000)
  to   space 98304K, 0% used [0x00000000f4000000,0x00000000f4000000,0x00000000fa000000)
 ParOldGen       total 1310720K, used 1107027K [0x0000000080000000, 0x00000000d0000000, 0x00000000d0000000)
  object space 1310720K, 84% used [0x0000000080000000,0x00000000c3914c20,0x00000000d0000000)
 Metaspace       used 247411K, capacity 251838K, committed 252160K, reserved 743424K
  class space    used 23861K, capacity 24746K, committed 24832K, reserved 516096K
}
{Heap before GC invocations=155 (full 2):
 PSYoungGen      total 688128K, used 594460K [0x00000000d0000000, 0x0000000100000000, 0x0000000100000000)
  eden space 589824K, 100% used [0x00000000d0000000,0x00000000f4000000,0x00000000f4000000)
  from space 98304K, 4% used [0x00000000fa000000,0x00000000fa4872c8,0x0000000100000000)
  to   space 98304K, 0% used [0x00000000f4000000,0x00000000f4000000,0x00000000fa000000)
 ParOldGen       total 1310720K, used 1107027K [0x0000000080000000, 0x00000000d0000000, 0x00000000d0000000)
  object space 1310720K, 84% used [0x0000000080000000,0x00000000c3914c20,0x00000000d0000000)
 Metaspace       used 247502K, capacity 251908K, committed 252160K, reserved 743424K
  class space    used 23862K, capacity 24747K, committed 24832K, reserved 516096K
2025-05-14T19:20:46.426+0900: 4057.713: [GC (Allocation Failure) [PSYoungGen: 594460K->4781K(688128K)] 1701487K->1111848K(1998848K), 0.0122192 secs] [Times: user=0.03 sys=0.00, real=0.01 secs] 
Heap after GC invocations=155 (full 2):
 PSYoungGen      total 688128K, used 4781K [0x00000000d0000000, 0x0000000100000000, 0x0000000100000000)
  eden space 589824K, 0% used [0x00000000d0000000,0x00000000d0000000,0x00000000f4000000)
  from space 98304K, 4% used [0x00000000f4000000,0x00000000f44ab788,0x00000000fa000000)
  to   space 98304K, 0% used [0x00000000fa000000,0x00000000fa000000,0x0000000100000000)
 ParOldGen       total 1310720K, used 1107067K [0x0000000080000000, 0x00000000d0000000, 0x00000000d0000000)
  object space 1310720K, 84% used [0x0000000080000000,0x00000000c391ec20,0x00000000d0000000)
 Metaspace       used 247502K, capacity 251908K, committed 252160K, reserved 743424K
  class space    used 23862K, capacity 24747K, committed 24832K, reserved 516096K
}
{Heap before GC invocations=156 (full 2):
 PSYoungGen      total 688128K, used 594605K [0x00000000d0000000, 0x0000000100000000, 0x0000000100000000)
  eden space 589824K, 100% used [0x00000000d0000000,0x00000000f4000000,0x00000000f4000000)
  from space 98304K, 4% used [0x00000000f4000000,0x00000000f44ab788,0x00000000fa000000)
  to   space 98304K, 0% used [0x00000000fa000000,0x00000000fa000000,0x0000000100000000)
 ParOldGen       total 1310720K, used 1107067K [0x0000000080000000, 0x00000000d0000000, 0x00000000d0000000)
  object space 1310720K, 84% used [0x0000000080000000,0x00000000c391ec20,0x00000000d0000000)
 Metaspace       used 247503K, capacity 251908K, committed 252160K, reserved 743424K
  class space    used 23862K, capacity 24747K, committed 24832K, reserved 516096K
2025-05-14T19:21:48.738+0900: 4120.025: [GC (Allocation Failure) [PSYoungGen: 594605K->3857K(688128K)] 1701672K->1111743K(1998848K), 0.0115635 secs] [Times: user=0.03 sys=0.00, real=0.02 secs] 
Heap after GC invocations=156 (full 2):
 PSYoungGen      total 688128K, used 3857K [0x00000000d0000000, 0x0000000100000000, 0x0000000100000000)
  eden space 589824K, 0% used [0x00000000d0000000,0x00000000d0000000,0x00000000f4000000)
  from space 98304K, 3% used [0x00000000fa000000,0x00000000fa3c4448,0x0000000100000000)
  to   space 98304K, 0% used [0x00000000f4000000,0x00000000f4000000,0x00000000fa000000)
 ParOldGen       total 1310720K, used 1107886K [0x0000000080000000, 0x00000000d0000000, 0x00000000d0000000)
  object space 1310720K, 84% used [0x0000000080000000,0x00000000c39eb8c8,0x00000000d0000000)
 Metaspace       used 247503K, capacity 251908K, committed 252160K, reserved 743424K
  class space    used 23862K, capacity 24747K, committed 24832K, reserved 516096K
}
{Heap before GC invocations=157 (full 2):
 PSYoungGen      total 688128K, used 593681K [0x00000000d0000000, 0x0000000100000000, 0x0000000100000000)
  eden space 589824K, 100% used [0x00000000d0000000,0x00000000f4000000,0x00000000f4000000)
  from space 98304K, 3% used [0x00000000fa000000,0x00000000fa3c4448,0x0000000100000000)
  to   space 98304K, 0% used [0x00000000f4000000,0x00000000f4000000,0x00000000fa000000)
 ParOldGen       total 1310720K, used 1107886K [0x0000000080000000, 0x00000000d0000000, 0x00000000d0000000)
  object space 1310720K, 84% used [0x0000000080000000,0x00000000c39eb8c8,0x00000000d0000000)
 Metaspace       used 247521K, capacity 251908K, committed 252160K, reserved 743424K
  class space    used 23862K, capacity 24747K, committed 24832K, reserved 516096K
2025-05-14T19:22:48.806+0900: 4180.093: [GC (Allocation Failure) [PSYoungGen: 593681K->3840K(688128K)] 1701567K->1111782K(1998848K), 0.0125449 secs] [Times: user=0.03 sys=0.00, real=0.01 secs] 
Heap after GC invocations=157 (full 2):
 PSYoungGen      total 688128K, used 3840K [0x00000000d0000000, 0x0000000100000000, 0x0000000100000000)
  eden space 589824K, 0% used [0x00000000d0000000,0x00000000d0000000,0x00000000f4000000)
  from space 98304K, 3% used [0x00000000f4000000,0x00000000f43c0020,0x00000000fa000000)
  to   space 98304K, 0% used [0x00000000fa000000,0x00000000fa000000,0x0000000100000000)
 ParOldGen       total 1310720K, used 1107942K [0x0000000080000000, 0x00000000d0000000, 0x00000000d0000000)
  object space 1310720K, 84% used [0x0000000080000000,0x00000000c39f9858,0x00000000d0000000)
 Metaspace       used 247521K, capacity 251908K, committed 252160K, reserved 743424K
  class space    used 23862K, capacity 24747K, committed 24832K, reserved 516096K
}
{Heap before GC invocations=158 (full 2):
 PSYoungGen      total 688128K, used 593664K [0x00000000d0000000, 0x0000000100000000, 0x0000000100000000)
  eden space 589824K, 100% used [0x00000000d0000000,0x00000000f4000000,0x00000000f4000000)
  from space 98304K, 3% used [0x00000000f4000000,0x00000000f43c0020,0x00000000fa000000)
  to   space 98304K, 0% used [0x00000000fa000000,0x00000000fa000000,0x0000000100000000)
 ParOldGen       total 1310720K, used 1107942K [0x0000000080000000, 0x00000000d0000000, 0x00000000d0000000)
  object space 1310720K, 84% used [0x0000000080000000,0x00000000c39f9858,0x00000000d0000000)
 Metaspace       used 247670K, capacity 252104K, committed 252416K, reserved 745472K
  class space    used 23862K, capacity 24747K, committed 24832K, reserved 516096K
2025-05-14T19:23:44.917+0900: 4236.204: [GC (Allocation Failure) [PSYoungGen: 593664K->3531K(688128K)] 1701606K->1111843K(1998848K), 0.0120508 secs] [Times: user=0.03 sys=0.00, real=0.02 secs] 
Heap after GC invocations=158 (full 2):
 PSYoungGen      total 688128K, used 3531K [0x00000000d0000000, 0x0000000100000000, 0x0000000100000000)
  eden space 589824K, 0% used [0x00000000d0000000,0x00000000d0000000,0x00000000f4000000)
  from space 98304K, 3% used [0x00000000fa000000,0x00000000fa372cb0,0x0000000100000000)
  to   space 98304K, 0% used [0x00000000f4000000,0x00000000f4000000,0x00000000fa000000)
 ParOldGen       total 1310720K, used 1108312K [0x0000000080000000, 0x00000000d0000000, 0x00000000d0000000)
  object space 1310720K, 84% used [0x0000000080000000,0x00000000c3a56310,0x00000000d0000000)
 Metaspace       used 247670K, capacity 252104K, committed 252416K, reserved 745472K
  class space    used 23862K, capacity 24747K, committed 24832K, reserved 516096K
}
{Heap before GC invocations=159 (full 2):
 PSYoungGen      total 688128K, used 593355K [0x00000000d0000000, 0x0000000100000000, 0x0000000100000000)
  eden space 589824K, 100% used [0x00000000d0000000,0x00000000f4000000,0x00000000f4000000)
  from space 98304K, 3% used [0x00000000fa000000,0x00000000fa372cb0,0x0000000100000000)
  to   space 98304K, 0% used [0x00000000f4000000,0x00000000f4000000,0x00000000fa000000)
 ParOldGen       total 1310720K, used 1108312K [0x0000000080000000, 0x00000000d0000000, 0x00000000d0000000)
  object space 1310720K, 84% used [0x0000000080000000,0x00000000c3a56310,0x00000000d0000000)
 Metaspace       used 247707K, capacity 252168K, committed 252416K, reserved 745472K
  class space    used 23862K, capacity 24747K, committed 24832K, reserved 516096K
2025-05-14T19:24:46.088+0900: 4297.375: [GC (Allocation Failure) [PSYoungGen: 593355K->3683K(688128K)] 1701667K->1112028K(1998848K), 0.0121824 secs] [Times: user=0.03 sys=0.00, real=0.02 secs] 
Heap after GC invocations=159 (full 2):
 PSYoungGen      total 688128K, used 3683K [0x00000000d0000000, 0x0000000100000000, 0x0000000100000000)
  eden space 589824K, 0% used [0x00000000d0000000,0x00000000d0000000,0x00000000f4000000)
  from space 98304K, 3% used [0x00000000f4000000,0x00000000f4398d48,0x00000000fa000000)
  to   space 98304K, 0% used [0x00000000fa000000,0x00000000fa000000,0x0000000100000000)
 ParOldGen       total 1310720K, used 1108344K [0x0000000080000000, 0x00000000d0000000, 0x00000000d0000000)
  object space 1310720K, 84% used [0x0000000080000000,0x00000000c3a5e310,0x00000000d0000000)
 Metaspace       used 247707K, capacity 252168K, committed 252416K, reserved 745472K
  class space    used 23862K, capacity 24747K, committed 24832K, reserved 516096K
}
{Heap before GC invocations=160 (full 2):
 PSYoungGen      total 688128K, used 593507K [0x00000000d0000000, 0x0000000100000000, 0x0000000100000000)
  eden space 589824K, 100% used [0x00000000d0000000,0x00000000f4000000,0x00000000f4000000)
  from space 98304K, 3% used [0x00000000f4000000,0x00000000f4398d48,0x00000000fa000000)
  to   space 98304K, 0% used [0x00000000fa000000,0x00000000fa000000,0x0000000100000000)
 ParOldGen       total 1310720K, used 1108344K [0x0000000080000000, 0x00000000d0000000, 0x00000000d0000000)
  object space 1310720K, 84% used [0x0000000080000000,0x00000000c3a5e310,0x00000000d0000000)
 Metaspace       used 247714K, capacity 252168K, committed 252416K, reserved 745472K
  class space    used 23862K, capacity 24747K, committed 24832K, reserved 516096K
2025-05-14T19:25:47.273+0900: 4358.560: [GC (Allocation Failure) [PSYoungGen: 593507K->3684K(688128K)] 1701852K->1112069K(1998848K), 0.0126337 secs] [Times: user=0.03 sys=0.00, real=0.01 secs] 
Heap after GC invocations=160 (full 2):
 PSYoungGen      total 688128K, used 3684K [0x00000000d0000000, 0x0000000100000000, 0x0000000100000000)
  eden space 589824K, 0% used [0x00000000d0000000,0x00000000d0000000,0x00000000f4000000)
  from space 98304K, 3% used [0x00000000fa000000,0x00000000fa3991a0,0x0000000100000000)
  to   space 98304K, 0% used [0x00000000f4000000,0x00000000f4000000,0x00000000fa000000)
 ParOldGen       total 1310720K, used 1108384K [0x0000000080000000, 0x00000000d0000000, 0x00000000d0000000)
  object space 1310720K, 84% used [0x0000000080000000,0x00000000c3a68310,0x00000000d0000000)
 Metaspace       used 247714K, capacity 252168K, committed 252416K, reserved 745472K
  class space    used 23862K, capacity 24747K, committed 24832K, reserved 516096K
}
{Heap before GC invocations=161 (full 2):
 PSYoungGen      total 688128K, used 593508K [0x00000000d0000000, 0x0000000100000000, 0x0000000100000000)
  eden space 589824K, 100% used [0x00000000d0000000,0x00000000f4000000,0x00000000f4000000)
  from space 98304K, 3% used [0x00000000fa000000,0x00000000fa3991a0,0x0000000100000000)
  to   space 98304K, 0% used [0x00000000f4000000,0x00000000f4000000,0x00000000fa000000)
 ParOldGen       total 1310720K, used 1108384K [0x0000000080000000, 0x00000000d0000000, 0x00000000d0000000)
  object space 1310720K, 84% used [0x0000000080000000,0x00000000c3a68310,0x00000000d0000000)
 Metaspace       used 247723K, capacity 252180K, committed 252416K, reserved 745472K
  class space    used 23863K, capacity 24749K, committed 24832K, reserved 516096K
2025-05-14T19:26:48.395+0900: 4419.682: [GC (Allocation Failure) [PSYoungGen: 593508K->3637K(688128K)] 1701893K->1112099K(1998848K), 0.0132774 secs] [Times: user=0.03 sys=0.00, real=0.01 secs] 
Heap after GC invocations=161 (full 2):
 PSYoungGen      total 688128K, used 3637K [0x00000000d0000000, 0x0000000100000000, 0x0000000100000000)
  eden space 589824K, 0% used [0x00000000d0000000,0x00000000d0000000,0x00000000f4000000)
  from space 98304K, 3% used [0x00000000f4000000,0x00000000f438d530,0x00000000fa000000)
  to   space 98304K, 0% used [0x00000000fa000000,0x00000000fa000000,0x0000000100000000)
 ParOldGen       total 1310720K, used 1108461K [0x0000000080000000, 0x00000000d0000000, 0x00000000d0000000)
  object space 1310720K, 84% used [0x0000000080000000,0x00000000c3a7b6d8,0x00000000d0000000)
 Metaspace       used 247723K, capacity 252180K, committed 252416K, reserved 745472K
  class space    used 23863K, capacity 24749K, committed 24832K, reserved 516096K
}
{Heap before GC invocations=162 (full 2):
 PSYoungGen      total 688128K, used 593461K [0x00000000d0000000, 0x0000000100000000, 0x0000000100000000)
  eden space 589824K, 100% used [0x00000000d0000000,0x00000000f4000000,0x00000000f4000000)
  from space 98304K, 3% used [0x00000000f4000000,0x00000000f438d530,0x00000000fa000000)
  to   space 98304K, 0% used [0x00000000fa000000,0x00000000fa000000,0x0000000100000000)
 ParOldGen       total 1310720K, used 1108461K [0x0000000080000000, 0x00000000d0000000, 0x00000000d0000000)
  object space 1310720K, 84% used [0x0000000080000000,0x00000000c3a7b6d8,0x00000000d0000000)
 Metaspace       used 247724K, capacity 252180K, committed 252416K, reserved 745472K
  class space    used 23863K, capacity 24749K, committed 24832K, reserved 516096K
2025-05-14T19:27:49.617+0900: 4480.904: [GC (Allocation Failure) [PSYoungGen: 593461K->3509K(688128K)] 1701923K->1112126K(1998848K), 0.0116416 secs] [Times: user=0.03 sys=0.00, real=0.02 secs] 
Heap after GC invocations=162 (full 2):
 PSYoungGen      total 688128K, used 3509K [0x00000000d0000000, 0x0000000100000000, 0x0000000100000000)
  eden space 589824K, 0% used [0x00000000d0000000,0x00000000d0000000,0x00000000f4000000)
  from space 98304K, 3% used [0x00000000fa000000,0x00000000fa36d4b0,0x0000000100000000)
  to   space 98304K, 0% used [0x00000000f4000000,0x00000000f4000000,0x00000000fa000000)
 ParOldGen       total 1310720K, used 1108617K [0x0000000080000000, 0x00000000d0000000, 0x00000000d0000000)
  object space 1310720K, 84% used [0x0000000080000000,0x00000000c3aa26f0,0x00000000d0000000)
 Metaspace       used 247724K, capacity 252180K, committed 252416K, reserved 745472K
  class space    used 23863K, capacity 24749K, committed 24832K, reserved 516096K
}
{Heap before GC invocations=163 (full 2):
 PSYoungGen      total 688128K, used 593333K [0x00000000d0000000, 0x0000000100000000, 0x0000000100000000)
  eden space 589824K, 100% used [0x00000000d0000000,0x00000000f4000000,0x00000000f4000000)
  from space 98304K, 3% used [0x00000000fa000000,0x00000000fa36d4b0,0x0000000100000000)
  to   space 98304K, 0% used [0x00000000f4000000,0x00000000f4000000,0x00000000fa000000)
 ParOldGen       total 1310720K, used 1108617K [0x0000000080000000, 0x00000000d0000000, 0x00000000d0000000)
  object space 1310720K, 84% used [0x0000000080000000,0x00000000c3aa26f0,0x00000000d0000000)
 Metaspace       used 247726K, capacity 252180K, committed 252416K, reserved 745472K
  class space    used 23863K, capacity 24749K, committed 24832K, reserved 516096K
2025-05-14T19:28:51.477+0900: 4542.764: [GC (Allocation Failure) [PSYoungGen: 593333K->2467K(688128K)] 1701950K->1112685K(1998848K), 0.0135054 secs] [Times: user=0.03 sys=0.00, real=0.02 secs] 
Heap after GC invocations=163 (full 2):
 PSYoungGen      total 688128K, used 2467K [0x00000000d0000000, 0x0000000100000000, 0x0000000100000000)
  eden space 589824K, 0% used [0x00000000d0000000,0x00000000d0000000,0x00000000f4000000)
  from space 98304K, 2% used [0x00000000f4000000,0x00000000f4268ce8,0x00000000fa000000)
  to   space 98304K, 0% used [0x00000000fa000000,0x00000000fa000000,0x0000000100000000)
 ParOldGen       total 1310720K, used 1110218K [0x0000000080000000, 0x00000000d0000000, 0x00000000d0000000)
  object space 1310720K, 84% used [0x0000000080000000,0x00000000c3c32948,0x00000000d0000000)
 Metaspace       used 247726K, capacity 252180K, committed 252416K, reserved 745472K
  class space    used 23863K, capacity 24749K, committed 24832K, reserved 516096K
}
{Heap before GC invocations=164 (full 2):
 PSYoungGen      total 688128K, used 592291K [0x00000000d0000000, 0x0000000100000000, 0x0000000100000000)
  eden space 589824K, 100% used [0x00000000d0000000,0x00000000f4000000,0x00000000f4000000)
  from space 98304K, 2% used [0x00000000f4000000,0x00000000f4268ce8,0x00000000fa000000)
  to   space 98304K, 0% used [0x00000000fa000000,0x00000000fa000000,0x0000000100000000)
 ParOldGen       total 1310720K, used 1110218K [0x0000000080000000, 0x00000000d0000000, 0x00000000d0000000)
  object space 1310720K, 84% used [0x0000000080000000,0x00000000c3c32948,0x00000000d0000000)
 Metaspace       used 247769K, capacity 252180K, committed 252416K, reserved 745472K
  class space    used 23863K, capacity 24749K, committed 24832K, reserved 516096K
2025-05-14T19:29:52.128+0900: 4603.415: [GC (Allocation Failure) [PSYoungGen: 592291K->2469K(688128K)] 1702509K->1112843K(1998848K), 0.0115355 secs] [Times: user=0.03 sys=0.00, real=0.02 secs] 
Heap after GC invocations=164 (full 2):
 PSYoungGen      total 688128K, used 2469K [0x00000000d0000000, 0x0000000100000000, 0x0000000100000000)
  eden space 589824K, 0% used [0x00000000d0000000,0x00000000d0000000,0x00000000f4000000)
  from space 98304K, 2% used [0x00000000fa000000,0x00000000fa269648,0x0000000100000000)
  to   space 98304K, 0% used [0x00000000f4000000,0x00000000f4000000,0x00000000fa000000)
 ParOldGen       total 1310720K, used 1110374K [0x0000000080000000, 0x00000000d0000000, 0x00000000d0000000)
  object space 1310720K, 84% used [0x0000000080000000,0x00000000c3c59868,0x00000000d0000000)
 Metaspace       used 247769K, capacity 252180K, committed 252416K, reserved 745472K
  class space    used 23863K, capacity 24749K, committed 24832K, reserved 516096K
}
{Heap before GC invocations=165 (full 2):
 PSYoungGen      total 688128K, used 592293K [0x00000000d0000000, 0x0000000100000000, 0x0000000100000000)
  eden space 589824K, 100% used [0x00000000d0000000,0x00000000f4000000,0x00000000f4000000)
  from space 98304K, 2% used [0x00000000fa000000,0x00000000fa269648,0x0000000100000000)
  to   space 98304K, 0% used [0x00000000f4000000,0x00000000f4000000,0x00000000fa000000)
 ParOldGen       total 1310720K, used 1110374K [0x0000000080000000, 0x00000000d0000000, 0x00000000d0000000)
  object space 1310720K, 84% used [0x0000000080000000,0x00000000c3c59868,0x00000000d0000000)
 Metaspace       used 247777K, capacity 252244K, committed 252416K, reserved 745472K
  class space    used 23863K, capacity 24749K, committed 24832K, reserved 516096K
2025-05-14T19:30:53.229+0900: 4664.516: [GC (Allocation Failure) [PSYoungGen: 592293K->2341K(688128K)] 1702667K->1112771K(1998848K), 0.0114771 secs] [Times: user=0.03 sys=0.00, real=0.01 secs] 
Heap after GC invocations=165 (full 2):
 PSYoungGen      total 688128K, used 2341K [0x00000000d0000000, 0x0000000100000000, 0x0000000100000000)
  eden space 589824K, 0% used [0x00000000d0000000,0x00000000d0000000,0x00000000f4000000)
  from space 98304K, 2% used [0x00000000f4000000,0x00000000f4249628,0x00000000fa000000)
  to   space 98304K, 0% used [0x00000000fa000000,0x00000000fa000000,0x0000000100000000)
 ParOldGen       total 1310720K, used 1110430K [0x0000000080000000, 0x00000000d0000000, 0x00000000d0000000)
  object space 1310720K, 84% used [0x0000000080000000,0x00000000c3c67878,0x00000000d0000000)
 Metaspace       used 247777K, capacity 252244K, committed 252416K, reserved 745472K
  class space    used 23863K, capacity 24749K, committed 24832K, reserved 516096K
}
{Heap before GC invocations=166 (full 2):
 PSYoungGen      total 688128K, used 592165K [0x00000000d0000000, 0x0000000100000000, 0x0000000100000000)
  eden space 589824K, 100% used [0x00000000d0000000,0x00000000f4000000,0x00000000f4000000)
  from space 98304K, 2% used [0x00000000f4000000,0x00000000f4249628,0x00000000fa000000)
  to   space 98304K, 0% used [0x00000000fa000000,0x00000000fa000000,0x0000000100000000)
 ParOldGen       total 1310720K, used 1110430K [0x0000000080000000, 0x00000000d0000000, 0x00000000d0000000)
  object space 1310720K, 84% used [0x0000000080000000,0x00000000c3c67878,0x00000000d0000000)
 Metaspace       used 247811K, capacity 252244K, committed 252416K, reserved 745472K
  class space    used 23863K, capacity 24749K, committed 24832K, reserved 516096K
2025-05-14T19:31:54.459+0900: 4725.747: [GC (Allocation Failure) [PSYoungGen: 592165K->2451K(688128K)] 1702595K->1112905K(1998848K), 0.0134981 secs] [Times: user=0.03 sys=0.00, real=0.01 secs] 
Heap after GC invocations=166 (full 2):
 PSYoungGen      total 688128K, used 2451K [0x00000000d0000000, 0x0000000100000000, 0x0000000100000000)
  eden space 589824K, 0% used [0x00000000d0000000,0x00000000d0000000,0x00000000f4000000)
  from space 98304K, 2% used [0x00000000fa000000,0x00000000fa264cd8,0x0000000100000000)
  to   space 98304K, 0% used [0x00000000f4000000,0x00000000f4000000,0x00000000fa000000)
 ParOldGen       total 1310720K, used 1110454K [0x0000000080000000, 0x00000000d0000000, 0x00000000d0000000)
  object space 1310720K, 84% used [0x0000000080000000,0x00000000c3c6d878,0x00000000d0000000)
 Metaspace       used 247811K, capacity 252244K, committed 252416K, reserved 745472K
  class space    used 23863K, capacity 24749K, committed 24832K, reserved 516096K
}
{Heap before GC invocations=167 (full 2):
 PSYoungGen      total 688128K, used 592275K [0x00000000d0000000, 0x0000000100000000, 0x0000000100000000)
  eden space 589824K, 100% used [0x00000000d0000000,0x00000000f4000000,0x00000000f4000000)
  from space 98304K, 2% used [0x00000000fa000000,0x00000000fa264cd8,0x0000000100000000)
  to   space 98304K, 0% used [0x00000000f4000000,0x00000000f4000000,0x00000000fa000000)
 ParOldGen       total 1310720K, used 1110454K [0x0000000080000000, 0x00000000d0000000, 0x00000000d0000000)
  object space 1310720K, 84% used [0x0000000080000000,0x00000000c3c6d878,0x00000000d0000000)
 Metaspace       used 247864K, capacity 252316K, committed 252416K, reserved 745472K
  class space    used 23870K, capacity 24761K, committed 24832K, reserved 516096K
2025-05-14T19:32:57.591+0900: 4788.878: [GC (Allocation Failure) [PSYoungGen: 592275K->2291K(688128K)] 1702729K->1112841K(1998848K), 0.0114180 secs] [Times: user=0.03 sys=0.00, real=0.01 secs] 
Heap after GC invocations=167 (full 2):
 PSYoungGen      total 688128K, used 2291K [0x00000000d0000000, 0x0000000100000000, 0x0000000100000000)
  eden space 589824K, 0% used [0x00000000d0000000,0x00000000d0000000,0x00000000f4000000)
  from space 98304K, 2% used [0x00000000f4000000,0x00000000f423ccd8,0x00000000fa000000)
  to   space 98304K, 0% used [0x00000000fa000000,0x00000000fa000000,0x0000000100000000)
 ParOldGen       total 1310720K, used 1110549K [0x0000000080000000, 0x00000000d0000000, 0x00000000d0000000)
  object space 1310720K, 84% used [0x0000000080000000,0x00000000c3c85798,0x00000000d0000000)
 Metaspace       used 247864K, capacity 252316K, committed 252416K, reserved 745472K
  class space    used 23870K, capacity 24761K, committed 24832K, reserved 516096K
}
{Heap before GC invocations=168 (full 2):
 PSYoungGen      total 688128K, used 592115K [0x00000000d0000000, 0x0000000100000000, 0x0000000100000000)
  eden space 589824K, 100% used [0x00000000d0000000,0x00000000f4000000,0x00000000f4000000)
  from space 98304K, 2% used [0x00000000f4000000,0x00000000f423ccd8,0x00000000fa000000)
  to   space 98304K, 0% used [0x00000000fa000000,0x00000000fa000000,0x0000000100000000)
 ParOldGen       total 1310720K, used 1110549K [0x0000000080000000, 0x00000000d0000000, 0x00000000d0000000)
  object space 1310720K, 84% used [0x0000000080000000,0x00000000c3c85798,0x00000000d0000000)
 Metaspace       used 247891K, capacity 252334K, committed 252416K, reserved 745472K
  class space    used 23871K, capacity 24764K, committed 24832K, reserved 516096K
2025-05-14T19:33:55.758+0900: 4847.045: [GC (Allocation Failure) [PSYoungGen: 592115K->2482K(688128K)] 1702665K->1113243K(1998848K), 0.0126841 secs] [Times: user=0.03 sys=0.00, real=0.02 secs] 
Heap after GC invocations=168 (full 2):
 PSYoungGen      total 688128K, used 2482K [0x00000000d0000000, 0x0000000100000000, 0x0000000100000000)
  eden space 589824K, 0% used [0x00000000d0000000,0x00000000d0000000,0x00000000f4000000)
  from space 98304K, 2% used [0x00000000fa000000,0x00000000fa26c8b0,0x0000000100000000)
  to   space 98304K, 0% used [0x00000000f4000000,0x00000000f4000000,0x00000000fa000000)
 ParOldGen       total 1310720K, used 1110760K [0x0000000080000000, 0x00000000d0000000, 0x00000000d0000000)
  object space 1310720K, 84% used [0x0000000080000000,0x00000000c3cba3e8,0x00000000d0000000)
 Metaspace       used 247891K, capacity 252334K, committed 252416K, reserved 745472K
  class space    used 23871K, capacity 24764K, committed 24832K, reserved 516096K
}
{Heap before GC invocations=169 (full 2):
 PSYoungGen      total 688128K, used 592306K [0x00000000d0000000, 0x0000000100000000, 0x0000000100000000)
  eden space 589824K, 100% used [0x00000000d0000000,0x00000000f4000000,0x00000000f4000000)
  from space 98304K, 2% used [0x00000000fa000000,0x00000000fa26c8b0,0x0000000100000000)
  to   space 98304K, 0% used [0x00000000f4000000,0x00000000f4000000,0x00000000fa000000)
 ParOldGen       total 1310720K, used 1110760K [0x0000000080000000, 0x00000000d0000000, 0x00000000d0000000)
  object space 1310720K, 84% used [0x0000000080000000,0x00000000c3cba3e8,0x00000000d0000000)
 Metaspace       used 248019K, capacity 252410K, committed 252672K, reserved 745472K
  class space    used 23873K, capacity 24766K, committed 24832K, reserved 516096K
2025-05-14T19:34:52.870+0900: 4904.158: [GC (Allocation Failure) [PSYoungGen: 592306K->4103K(688128K)] 1703067K->1114920K(1998848K), 0.0118430 secs] [Times: user=0.03 sys=0.00, real=0.01 secs] 
Heap after GC invocations=169 (full 2):
 PSYoungGen      total 688128K, used 4103K [0x00000000d0000000, 0x0000000100000000, 0x0000000100000000)
  eden space 589824K, 0% used [0x00000000d0000000,0x00000000d0000000,0x00000000f4000000)
  from space 98304K, 4% used [0x00000000f4000000,0x00000000f4401fe0,0x00000000fa000000)
  to   space 98304K, 0% used [0x00000000fa000000,0x00000000fa000000,0x0000000100000000)
 ParOldGen       total 1310720K, used 1110816K [0x0000000080000000, 0x00000000d0000000, 0x00000000d0000000)
  object space 1310720K, 84% used [0x0000000080000000,0x00000000c3cc8288,0x00000000d0000000)
 Metaspace       used 248019K, capacity 252410K, committed 252672K, reserved 745472K
  class space    used 23873K, capacity 24766K, committed 24832K, reserved 516096K
}
{Heap before GC invocations=170 (full 2):
 PSYoungGen      total 688128K, used 593927K [0x00000000d0000000, 0x0000000100000000, 0x0000000100000000)
  eden space 589824K, 100% used [0x00000000d0000000,0x00000000f4000000,0x00000000f4000000)
  from space 98304K, 4% used [0x00000000f4000000,0x00000000f4401fe0,0x00000000fa000000)
  to   space 98304K, 0% used [0x00000000fa000000,0x00000000fa000000,0x0000000100000000)
 ParOldGen       total 1310720K, used 1110816K [0x0000000080000000, 0x00000000d0000000, 0x00000000d0000000)
  object space 1310720K, 84% used [0x0000000080000000,0x00000000c3cc8288,0x00000000d0000000)
 Metaspace       used 248035K, capacity 252428K, committed 252672K, reserved 745472K
  class space    used 23874K, capacity 24769K, committed 24832K, reserved 516096K
2025-05-14T19:35:53.053+0900: 4964.340: [GC (Allocation Failure) [PSYoungGen: 593927K->4269K(688128K)] 1704744K->1115213K(1998848K), 0.0122841 secs] [Times: user=0.03 sys=0.00, real=0.01 secs] 
Heap after GC invocations=170 (full 2):
 PSYoungGen      total 688128K, used 4269K [0x00000000d0000000, 0x0000000100000000, 0x0000000100000000)
  eden space 589824K, 0% used [0x00000000d0000000,0x00000000d0000000,0x00000000f4000000)
  from space 98304K, 4% used [0x00000000fa000000,0x00000000fa42b490,0x0000000100000000)
  to   space 98304K, 0% used [0x00000000f4000000,0x00000000f4000000,0x00000000fa000000)
 ParOldGen       total 1310720K, used 1110944K [0x0000000080000000, 0x00000000d0000000, 0x00000000d0000000)
  object space 1310720K, 84% used [0x0000000080000000,0x00000000c3ce8048,0x00000000d0000000)
 Metaspace       used 248035K, capacity 252428K, committed 252672K, reserved 745472K
  class space    used 23874K, capacity 24769K, committed 24832K, reserved 516096K
}
{Heap before GC invocations=171 (full 2):
 PSYoungGen      total 688128K, used 594093K [0x00000000d0000000, 0x0000000100000000, 0x0000000100000000)
  eden space 589824K, 100% used [0x00000000d0000000,0x00000000f4000000,0x00000000f4000000)
  from space 98304K, 4% used [0x00000000fa000000,0x00000000fa42b490,0x0000000100000000)
  to   space 98304K, 0% used [0x00000000f4000000,0x00000000f4000000,0x00000000fa000000)
 ParOldGen       total 1310720K, used 1110944K [0x0000000080000000, 0x00000000d0000000, 0x00000000d0000000)
  object space 1310720K, 84% used [0x0000000080000000,0x00000000c3ce8048,0x00000000d0000000)
 Metaspace       used 248035K, capacity 252428K, committed 252672K, reserved 745472K
  class space    used 23874K, capacity 24769K, committed 24832K, reserved 516096K
2025-05-14T19:36:54.312+0900: 5025.599: [GC (Allocation Failure) [PSYoungGen: 594093K->4099K(688128K)] 1705037K->1115059K(1998848K), 0.0116995 secs] [Times: user=0.03 sys=0.00, real=0.01 secs] 
Heap after GC invocations=171 (full 2):
 PSYoungGen      total 688128K, used 4099K [0x00000000d0000000, 0x0000000100000000, 0x0000000100000000)
  eden space 589824K, 0% used [0x00000000d0000000,0x00000000d0000000,0x00000000f4000000)
  from space 98304K, 4% used [0x00000000f4000000,0x00000000f4400d18,0x00000000fa000000)
  to   space 98304K, 0% used [0x00000000fa000000,0x00000000fa000000,0x0000000100000000)
 ParOldGen       total 1310720K, used 1110960K [0x0000000080000000, 0x00000000d0000000, 0x00000000d0000000)
  object space 1310720K, 84% used [0x0000000080000000,0x00000000c3cec048,0x00000000d0000000)
 Metaspace       used 248035K, capacity 252428K, committed 252672K, reserved 745472K
  class space    used 23874K, capacity 24769K, committed 24832K, reserved 516096K
}
{Heap before GC invocations=172 (full 2):
 PSYoungGen      total 688128K, used 593923K [0x00000000d0000000, 0x0000000100000000, 0x0000000100000000)
  eden space 589824K, 100% used [0x00000000d0000000,0x00000000f4000000,0x00000000f4000000)
  from space 98304K, 4% used [0x00000000f4000000,0x00000000f4400d18,0x00000000fa000000)
  to   space 98304K, 0% used [0x00000000fa000000,0x00000000fa000000,0x0000000100000000)
 ParOldGen       total 1310720K, used 1110960K [0x0000000080000000, 0x00000000d0000000, 0x00000000d0000000)
  object space 1310720K, 84% used [0x0000000080000000,0x00000000c3cec048,0x00000000d0000000)
 Metaspace       used 248040K, capacity 252428K, committed 252672K, reserved 745472K
  class space    used 23875K, capacity 24769K, committed 24832K, reserved 516096K
2025-05-14T19:37:54.873+0900: 5086.160: [GC (Allocation Failure) [PSYoungGen: 593923K->4339K(688128K)] 1704883K->1115359K(1998848K), 0.0121935 secs] [Times: user=0.03 sys=0.00, real=0.01 secs] 
Heap after GC invocations=172 (full 2):
 PSYoungGen      total 688128K, used 4339K [0x00000000d0000000, 0x0000000100000000, 0x0000000100000000)
  eden space 589824K, 0% used [0x00000000d0000000,0x00000000d0000000,0x00000000f4000000)
  from space 98304K, 4% used [0x00000000fa000000,0x00000000fa43cd38,0x0000000100000000)
  to   space 98304K, 0% used [0x00000000f4000000,0x00000000f4000000,0x00000000fa000000)
 ParOldGen       total 1310720K, used 1111019K [0x0000000080000000, 0x00000000d0000000, 0x00000000d0000000)
  object space 1310720K, 84% used [0x0000000080000000,0x00000000c3cfafa8,0x00000000d0000000)
 Metaspace       used 248040K, capacity 252428K, committed 252672K, reserved 745472K
  class space    used 23875K, capacity 24769K, committed 24832K, reserved 516096K
}
{Heap before GC invocations=173 (full 2):
 PSYoungGen      total 688128K, used 594163K [0x00000000d0000000, 0x0000000100000000, 0x0000000100000000)
  eden space 589824K, 100% used [0x00000000d0000000,0x00000000f4000000,0x00000000f4000000)
  from space 98304K, 4% used [0x00000000fa000000,0x00000000fa43cd38,0x0000000100000000)
  to   space 98304K, 0% used [0x00000000f4000000,0x00000000f4000000,0x00000000fa000000)
 ParOldGen       total 1310720K, used 1111019K [0x0000000080000000, 0x00000000d0000000, 0x00000000d0000000)
  object space 1310720K, 84% used [0x0000000080000000,0x00000000c3cfafa8,0x00000000d0000000)
 Metaspace       used 248057K, capacity 252458K, committed 252672K, reserved 745472K
  class space    used 23877K, capacity 24774K, committed 24832K, reserved 516096K
2025-05-14T19:38:56.405+0900: 5147.692: [GC (Allocation Failure) [PSYoungGen: 594163K->3945K(688128K)] 1705183K->1115405K(1998848K), 0.0118476 secs] [Times: user=0.03 sys=0.00, real=0.01 secs] 
Heap after GC invocations=173 (full 2):
 PSYoungGen      total 688128K, used 3945K [0x00000000d0000000, 0x0000000100000000, 0x0000000100000000)
  eden space 589824K, 0% used [0x00000000d0000000,0x00000000d0000000,0x00000000f4000000)
  from space 98304K, 4% used [0x00000000f4000000,0x00000000f43da500,0x00000000fa000000)
  to   space 98304K, 0% used [0x00000000fa000000,0x00000000fa000000,0x0000000100000000)
 ParOldGen       total 1310720K, used 1111459K [0x0000000080000000, 0x00000000d0000000, 0x00000000d0000000)
  object space 1310720K, 84% used [0x0000000080000000,0x00000000c3d68f70,0x00000000d0000000)
 Metaspace       used 248057K, capacity 252458K, committed 252672K, reserved 745472K
  class space    used 23877K, capacity 24774K, committed 24832K, reserved 516096K
}
{Heap before GC invocations=174 (full 2):
 PSYoungGen      total 688128K, used 593769K [0x00000000d0000000, 0x0000000100000000, 0x0000000100000000)
  eden space 589824K, 100% used [0x00000000d0000000,0x00000000f4000000,0x00000000f4000000)
  from space 98304K, 4% used [0x00000000f4000000,0x00000000f43da500,0x00000000fa000000)
  to   space 98304K, 0% used [0x00000000fa000000,0x00000000fa000000,0x0000000100000000)
 ParOldGen       total 1310720K, used 1111459K [0x0000000080000000, 0x00000000d0000000, 0x00000000d0000000)
  object space 1310720K, 84% used [0x0000000080000000,0x00000000c3d68f70,0x00000000d0000000)
 Metaspace       used 248064K, capacity 252458K, committed 252672K, reserved 745472K
  class space    used 23877K, capacity 24774K, committed 24832K, reserved 516096K
2025-05-14T19:39:56.780+0900: 5208.067: [GC (Allocation Failure) [PSYoungGen: 593769K->3712K(688128K)] 1705229K->1115378K(1998848K), 0.0120696 secs] [Times: user=0.03 sys=0.00, real=0.01 secs] 
Heap after GC invocations=174 (full 2):
 PSYoungGen      total 688128K, used 3712K [0x00000000d0000000, 0x0000000100000000, 0x0000000100000000)
  eden space 589824K, 0% used [0x00000000d0000000,0x00000000d0000000,0x00000000f4000000)
  from space 98304K, 3% used [0x00000000fa000000,0x00000000fa3a0060,0x0000000100000000)
  to   space 98304K, 0% used [0x00000000f4000000,0x00000000f4000000,0x00000000fa000000)
 ParOldGen       total 1310720K, used 1111666K [0x0000000080000000, 0x00000000d0000000, 0x00000000d0000000)
  object space 1310720K, 84% used [0x0000000080000000,0x00000000c3d9cab0,0x00000000d0000000)
 Metaspace       used 248064K, capacity 252458K, committed 252672K, reserved 745472K
  class space    used 23877K, capacity 24774K, committed 24832K, reserved 516096K
}
{Heap before GC invocations=175 (full 2):
 PSYoungGen      total 688128K, used 593536K [0x00000000d0000000, 0x0000000100000000, 0x0000000100000000)
  eden space 589824K, 100% used [0x00000000d0000000,0x00000000f4000000,0x00000000f4000000)
  from space 98304K, 3% used [0x00000000fa000000,0x00000000fa3a0060,0x0000000100000000)
  to   space 98304K, 0% used [0x00000000f4000000,0x00000000f4000000,0x00000000fa000000)
 ParOldGen       total 1310720K, used 1111666K [0x0000000080000000, 0x00000000d0000000, 0x00000000d0000000)
  object space 1310720K, 84% used [0x0000000080000000,0x00000000c3d9cab0,0x00000000d0000000)
 Metaspace       used 248080K, capacity 252522K, committed 252672K, reserved 745472K
  class space    used 23877K, capacity 24774K, committed 24832K, reserved 516096K
2025-05-14T19:40:58.004+0900: 5269.291: [GC (Allocation Failure) [PSYoungGen: 593536K->3408K(688128K)] 1705202K->1115122K(1998848K), 0.0121882 secs] [Times: user=0.03 sys=0.00, real=0.01 secs] 
Heap after GC invocations=175 (full 2):
 PSYoungGen      total 688128K, used 3408K [0x00000000d0000000, 0x0000000100000000, 0x0000000100000000)
  eden space 589824K, 0% used [0x00000000d0000000,0x00000000d0000000,0x00000000f4000000)
  from space 98304K, 3% used [0x00000000f4000000,0x00000000f4354050,0x00000000fa000000)
  to   space 98304K, 0% used [0x00000000fa000000,0x00000000fa000000,0x0000000100000000)
 ParOldGen       total 1310720K, used 1111714K [0x0000000080000000, 0x00000000d0000000, 0x00000000d0000000)
  object space 1310720K, 84% used [0x0000000080000000,0x00000000c3da8950,0x00000000d0000000)
 Metaspace       used 248080K, capacity 252522K, committed 252672K, reserved 745472K
  class space    used 23877K, capacity 24774K, committed 24832K, reserved 516096K
}
{Heap before GC invocations=176 (full 2):
 PSYoungGen      total 688128K, used 593232K [0x00000000d0000000, 0x0000000100000000, 0x0000000100000000)
  eden space 589824K, 100% used [0x00000000d0000000,0x00000000f4000000,0x00000000f4000000)
  from space 98304K, 3% used [0x00000000f4000000,0x00000000f4354050,0x00000000fa000000)
  to   space 98304K, 0% used [0x00000000fa000000,0x00000000fa000000,0x0000000100000000)
 ParOldGen       total 1310720K, used 1111714K [0x0000000080000000, 0x00000000d0000000, 0x00000000d0000000)
  object space 1310720K, 84% used [0x0000000080000000,0x00000000c3da8950,0x00000000d0000000)
 Metaspace       used 248376K, capacity 252860K, committed 252928K, reserved 745472K
  class space    used 23905K, capacity 24817K, committed 24832K, reserved 516096K
2025-05-14T19:41:57.144+0900: 5328.431: [GC (Allocation Failure) [PSYoungGen: 593232K->5361K(688128K)] 1704946K->1117107K(1998848K), 0.0125483 secs] [Times: user=0.03 sys=0.00, real=0.01 secs] 
Heap after GC invocations=176 (full 2):
 PSYoungGen      total 688128K, used 5361K [0x00000000d0000000, 0x0000000100000000, 0x0000000100000000)
  eden space 589824K, 0% used [0x00000000d0000000,0x00000000d0000000,0x00000000f4000000)
  from space 98304K, 5% used [0x00000000fa000000,0x00000000fa53c450,0x0000000100000000)
  to   space 98304K, 0% used [0x00000000f4000000,0x00000000f4000000,0x00000000fa000000)
 ParOldGen       total 1310720K, used 1111746K [0x0000000080000000, 0x00000000d0000000, 0x00000000d0000000)
  object space 1310720K, 84% used [0x0000000080000000,0x00000000c3db0950,0x00000000d0000000)
 Metaspace       used 248376K, capacity 252860K, committed 252928K, reserved 745472K
  class space    used 23905K, capacity 24817K, committed 24832K, reserved 516096K
}
{Heap before GC invocations=177 (full 2):
 PSYoungGen      total 688128K, used 595185K [0x00000000d0000000, 0x0000000100000000, 0x0000000100000000)
  eden space 589824K, 100% used [0x00000000d0000000,0x00000000f4000000,0x00000000f4000000)
  from space 98304K, 5% used [0x00000000fa000000,0x00000000fa53c450,0x0000000100000000)
  to   space 98304K, 0% used [0x00000000f4000000,0x00000000f4000000,0x00000000fa000000)
 ParOldGen       total 1310720K, used 1111746K [0x0000000080000000, 0x00000000d0000000, 0x00000000d0000000)
  object space 1310720K, 84% used [0x0000000080000000,0x00000000c3db0950,0x00000000d0000000)
 Metaspace       used 248380K, capacity 252860K, committed 252928K, reserved 745472K
  class space    used 23905K, capacity 24817K, committed 24832K, reserved 516096K
2025-05-14T19:42:54.248+0900: 5385.535: [GC (Allocation Failure) [PSYoungGen: 595185K->5794K(688128K)] 1706931K->1117565K(1998848K), 0.0143423 secs] [Times: user=0.03 sys=0.00, real=0.02 secs] 
Heap after GC invocations=177 (full 2):
 PSYoungGen      total 688128K, used 5794K [0x00000000d0000000, 0x0000000100000000, 0x0000000100000000)
  eden space 589824K, 0% used [0x00000000d0000000,0x00000000d0000000,0x00000000f4000000)
  from space 98304K, 5% used [0x00000000f4000000,0x00000000f45a8b58,0x00000000fa000000)
  to   space 98304K, 0% used [0x00000000fa000000,0x00000000fa000000,0x0000000100000000)
 ParOldGen       total 1310720K, used 1111770K [0x0000000080000000, 0x00000000d0000000, 0x00000000d0000000)
  object space 1310720K, 84% used [0x0000000080000000,0x00000000c3db6950,0x00000000d0000000)
 Metaspace       used 248380K, capacity 252860K, committed 252928K, reserved 745472K
  class space    used 23905K, capacity 24817K, committed 24832K, reserved 516096K
}
{Heap before GC invocations=178 (full 2):
 PSYoungGen      total 688128K, used 595618K [0x00000000d0000000, 0x0000000100000000, 0x0000000100000000)
  eden space 589824K, 100% used [0x00000000d0000000,0x00000000f4000000,0x00000000f4000000)
  from space 98304K, 5% used [0x00000000f4000000,0x00000000f45a8b58,0x00000000fa000000)
  to   space 98304K, 0% used [0x00000000fa000000,0x00000000fa000000,0x0000000100000000)
 ParOldGen       total 1310720K, used 1111770K [0x0000000080000000, 0x00000000d0000000, 0x00000000d0000000)
  object space 1310720K, 84% used [0x0000000080000000,0x00000000c3db6950,0x00000000d0000000)
 Metaspace       used 248396K, capacity 252924K, committed 253184K, reserved 745472K
  class space    used 23905K, capacity 24817K, committed 24832K, reserved 516096K
2025-05-14T19:43:53.409+0900: 5444.696: [GC (Allocation Failure) [PSYoungGen: 595618K->6739K(688128K)] 1707389K->1118549K(1998848K), 0.0124712 secs] [Times: user=0.04 sys=0.00, real=0.01 secs] 
Heap after GC invocations=178 (full 2):
 PSYoungGen      total 688128K, used 6739K [0x00000000d0000000, 0x0000000100000000, 0x0000000100000000)
  eden space 589824K, 0% used [0x00000000d0000000,0x00000000d0000000,0x00000000f4000000)
  from space 98304K, 6% used [0x00000000fa000000,0x00000000fa694c38,0x0000000100000000)
  to   space 98304K, 0% used [0x00000000f4000000,0x00000000f4000000,0x00000000fa000000)
 ParOldGen       total 1310720K, used 1111809K [0x0000000080000000, 0x00000000d0000000, 0x00000000d0000000)
  object space 1310720K, 84% used [0x0000000080000000,0x00000000c3dc07f0,0x00000000d0000000)
 Metaspace       used 248396K, capacity 252924K, committed 253184K, reserved 745472K
  class space    used 23905K, capacity 24817K, committed 24832K, reserved 516096K
}
{Heap before GC invocations=179 (full 2):
 PSYoungGen      total 688128K, used 596563K [0x00000000d0000000, 0x0000000100000000, 0x0000000100000000)
  eden space 589824K, 100% used [0x00000000d0000000,0x00000000f4000000,0x00000000f4000000)
  from space 98304K, 6% used [0x00000000fa000000,0x00000000fa694c38,0x0000000100000000)
  to   space 98304K, 0% used [0x00000000f4000000,0x00000000f4000000,0x00000000fa000000)
 ParOldGen       total 1310720K, used 1111809K [0x0000000080000000, 0x00000000d0000000, 0x00000000d0000000)
  object space 1310720K, 84% used [0x0000000080000000,0x00000000c3dc07f0,0x00000000d0000000)
 Metaspace       used 248453K, capacity 252988K, committed 253184K, reserved 745472K
  class space    used 23905K, capacity 24817K, committed 24832K, reserved 516096K
2025-05-14T19:44:51.500+0900: 5502.787: [GC (Allocation Failure) [PSYoungGen: 596563K->7123K(688128K)] 1708373K->1118972K(1998848K), 0.0144381 secs] [Times: user=0.03 sys=0.00, real=0.01 secs] 
Heap after GC invocations=179 (full 2):
 PSYoungGen      total 688128K, used 7123K [0x00000000d0000000, 0x0000000100000000, 0x0000000100000000)
  eden space 589824K, 0% used [0x00000000d0000000,0x00000000d0000000,0x00000000f4000000)
  from space 98304K, 7% used [0x00000000f4000000,0x00000000f46f4c48,0x00000000fa000000)
  to   space 98304K, 0% used [0x00000000fa000000,0x00000000fa000000,0x0000000100000000)
 ParOldGen       total 1310720K, used 1111849K [0x0000000080000000, 0x00000000d0000000, 0x00000000d0000000)
  object space 1310720K, 84% used [0x0000000080000000,0x00000000c3dca690,0x00000000d0000000)
 Metaspace       used 248453K, capacity 252988K, committed 253184K, reserved 745472K
  class space    used 23905K, capacity 24817K, committed 24832K, reserved 516096K
}
{Heap before GC invocations=180 (full 2):
 PSYoungGen      total 688128K, used 596947K [0x00000000d0000000, 0x0000000100000000, 0x0000000100000000)
  eden space 589824K, 100% used [0x00000000d0000000,0x00000000f4000000,0x00000000f4000000)
  from space 98304K, 7% used [0x00000000f4000000,0x00000000f46f4c48,0x00000000fa000000)
  to   space 98304K, 0% used [0x00000000fa000000,0x00000000fa000000,0x0000000100000000)
 ParOldGen       total 1310720K, used 1111849K [0x0000000080000000, 0x00000000d0000000, 0x00000000d0000000)
  object space 1310720K, 84% used [0x0000000080000000,0x00000000c3dca690,0x00000000d0000000)
 Metaspace       used 248460K, capacity 252988K, committed 253184K, reserved 745472K
  class space    used 23905K, capacity 24817K, committed 24832K, reserved 516096K
2025-05-14T19:45:53.823+0900: 5565.110: [GC (Allocation Failure) [PSYoungGen: 596947K->7123K(688128K)] 1708796K->1119004K(1998848K), 0.0123103 secs] [Times: user=0.03 sys=0.00, real=0.01 secs] 
Heap after GC invocations=180 (full 2):
 PSYoungGen      total 688128K, used 7123K [0x00000000d0000000, 0x0000000100000000, 0x0000000100000000)
  eden space 589824K, 0% used [0x00000000d0000000,0x00000000d0000000,0x00000000f4000000)
  from space 98304K, 7% used [0x00000000fa000000,0x00000000fa6f4c58,0x0000000100000000)
  to   space 98304K, 0% used [0x00000000f4000000,0x00000000f4000000,0x00000000fa000000)
 ParOldGen       total 1310720K, used 1111881K [0x0000000080000000, 0x00000000d0000000, 0x00000000d0000000)
  object space 1310720K, 84% used [0x0000000080000000,0x00000000c3dd2690,0x00000000d0000000)
 Metaspace       used 248460K, capacity 252988K, committed 253184K, reserved 745472K
  class space    used 23905K, capacity 24817K, committed 24832K, reserved 516096K
}
{Heap before GC invocations=181 (full 2):
 PSYoungGen      total 688128K, used 596947K [0x00000000d0000000, 0x0000000100000000, 0x0000000100000000)
  eden space 589824K, 100% used [0x00000000d0000000,0x00000000f4000000,0x00000000f4000000)
  from space 98304K, 7% used [0x00000000fa000000,0x00000000fa6f4c58,0x0000000100000000)
  to   space 98304K, 0% used [0x00000000f4000000,0x00000000f4000000,0x00000000fa000000)
 ParOldGen       total 1310720K, used 1111881K [0x0000000080000000, 0x00000000d0000000, 0x00000000d0000000)
  object space 1310720K, 84% used [0x0000000080000000,0x00000000c3dd2690,0x00000000d0000000)
 Metaspace       used 248467K, capacity 252992K, committed 253184K, reserved 745472K
  class space    used 23905K, capacity 24817K, committed 24832K, reserved 516096K
2025-05-14T19:46:55.994+0900: 5627.281: [GC (Allocation Failure) [PSYoungGen: 596947K->7059K(688128K)] 1708828K->1119008K(1998848K), 0.0201741 secs] [Times: user=0.05 sys=0.00, real=0.02 secs] 
Heap after GC invocations=181 (full 2):
 PSYoungGen      total 688128K, used 7059K [0x00000000d0000000, 0x0000000100000000, 0x0000000100000000)
  eden space 589824K, 0% used [0x00000000d0000000,0x00000000d0000000,0x00000000f4000000)
  from space 98304K, 7% used [0x00000000f4000000,0x00000000f46e4c58,0x00000000fa000000)
  to   space 98304K, 0% used [0x00000000fa000000,0x00000000fa000000,0x0000000100000000)
 ParOldGen       total 1310720K, used 1111949K [0x0000000080000000, 0x00000000d0000000, 0x00000000d0000000)
  object space 1310720K, 84% used [0x0000000080000000,0x00000000c3de3610,0x00000000d0000000)
 Metaspace       used 248467K, capacity 252992K, committed 253184K, reserved 745472K
  class space    used 23905K, capacity 24817K, committed 24832K, reserved 516096K
}
{Heap before GC invocations=182 (full 2):
 PSYoungGen      total 688128K, used 596883K [0x00000000d0000000, 0x0000000100000000, 0x0000000100000000)
  eden space 589824K, 100% used [0x00000000d0000000,0x00000000f4000000,0x00000000f4000000)
  from space 98304K, 7% used [0x00000000f4000000,0x00000000f46e4c58,0x00000000fa000000)
  to   space 98304K, 0% used [0x00000000fa000000,0x00000000fa000000,0x0000000100000000)
 ParOldGen       total 1310720K, used 1111949K [0x0000000080000000, 0x00000000d0000000, 0x00000000d0000000)
  object space 1310720K, 84% used [0x0000000080000000,0x00000000c3de3610,0x00000000d0000000)
 Metaspace       used 248468K, capacity 252992K, committed 253184K, reserved 745472K
  class space    used 23905K, capacity 24817K, committed 24832K, reserved 516096K
2025-05-14T19:47:58.275+0900: 5689.562: [GC (Allocation Failure) [PSYoungGen: 596883K->7059K(688128K)] 1708832K->1119040K(1998848K), 0.0138041 secs] [Times: user=0.03 sys=0.00, real=0.01 secs] 
Heap after GC invocations=182 (full 2):
 PSYoungGen      total 688128K, used 7059K [0x00000000d0000000, 0x0000000100000000, 0x0000000100000000)
  eden space 589824K, 0% used [0x00000000d0000000,0x00000000d0000000,0x00000000f4000000)
  from space 98304K, 7% used [0x00000000fa000000,0x00000000fa6e4c58,0x0000000100000000)
  to   space 98304K, 0% used [0x00000000f4000000,0x00000000f4000000,0x00000000fa000000)
 ParOldGen       total 1310720K, used 1111981K [0x0000000080000000, 0x00000000d0000000, 0x00000000d0000000)
  object space 1310720K, 84% used [0x0000000080000000,0x00000000c3deb610,0x00000000d0000000)
 Metaspace       used 248468K, capacity 252992K, committed 253184K, reserved 745472K
  class space    used 23905K, capacity 24817K, committed 24832K, reserved 516096K
}
{Heap before GC invocations=183 (full 2):
 PSYoungGen      total 688128K, used 596883K [0x00000000d0000000, 0x0000000100000000, 0x0000000100000000)
  eden space 589824K, 100% used [0x00000000d0000000,0x00000000f4000000,0x00000000f4000000)
  from space 98304K, 7% used [0x00000000fa000000,0x00000000fa6e4c58,0x0000000100000000)
  to   space 98304K, 0% used [0x00000000f4000000,0x00000000f4000000,0x00000000fa000000)
 ParOldGen       total 1310720K, used 1111981K [0x0000000080000000, 0x00000000d0000000, 0x00000000d0000000)
  object space 1310720K, 84% used [0x0000000080000000,0x00000000c3deb610,0x00000000d0000000)
 Metaspace       used 248468K, capacity 252992K, committed 253184K, reserved 745472K
  class space    used 23905K, capacity 24817K, committed 24832K, reserved 516096K
2025-05-14T19:49:00.224+0900: 5751.511: [GC (Allocation Failure) [PSYoungGen: 596883K->6963K(688128K)] 1708864K->1119052K(1998848K), 0.0124103 secs] [Times: user=0.03 sys=0.00, real=0.01 secs] 
Heap after GC invocations=183 (full 2):
 PSYoungGen      total 688128K, used 6963K [0x00000000d0000000, 0x0000000100000000, 0x0000000100000000)
  eden space 589824K, 0% used [0x00000000d0000000,0x00000000d0000000,0x00000000f4000000)
  from space 98304K, 7% used [0x00000000f4000000,0x00000000f46ccc58,0x00000000fa000000)
  to   space 98304K, 0% used [0x00000000fa000000,0x00000000fa000000,0x0000000100000000)
 ParOldGen       total 1310720K, used 1112089K [0x0000000080000000, 0x00000000d0000000, 0x00000000d0000000)
  object space 1310720K, 84% used [0x0000000080000000,0x00000000c3e06450,0x00000000d0000000)
 Metaspace       used 248468K, capacity 252992K, committed 253184K, reserved 745472K
  class space    used 23905K, capacity 24817K, committed 24832K, reserved 516096K
}
{Heap before GC invocations=184 (full 2):
 PSYoungGen      total 688128K, used 596787K [0x00000000d0000000, 0x0000000100000000, 0x0000000100000000)
  eden space 589824K, 100% used [0x00000000d0000000,0x00000000f4000000,0x00000000f4000000)
  from space 98304K, 7% used [0x00000000f4000000,0x00000000f46ccc58,0x00000000fa000000)
  to   space 98304K, 0% used [0x00000000fa000000,0x00000000fa000000,0x0000000100000000)
 ParOldGen       total 1310720K, used 1112089K [0x0000000080000000, 0x00000000d0000000, 0x00000000d0000000)
  object space 1310720K, 84% used [0x0000000080000000,0x00000000c3e06450,0x00000000d0000000)
 Metaspace       used 248475K, capacity 252992K, committed 253184K, reserved 745472K
  class space    used 23905K, capacity 24817K, committed 24832K, reserved 516096K
2025-05-14T19:50:02.349+0900: 5813.637: [GC (Allocation Failure) [PSYoungGen: 596787K->5107K(688128K)] 1708876K->1120364K(1998848K), 0.0136109 secs] [Times: user=0.03 sys=0.00, real=0.01 secs] 
Heap after GC invocations=184 (full 2):
 PSYoungGen      total 688128K, used 5107K [0x00000000d0000000, 0x0000000100000000, 0x0000000100000000)
  eden space 589824K, 0% used [0x00000000d0000000,0x00000000d0000000,0x00000000f4000000)
  from space 98304K, 5% used [0x00000000fa000000,0x00000000fa4fcc58,0x0000000100000000)
  to   space 98304K, 0% used [0x00000000f4000000,0x00000000f4000000,0x00000000fa000000)
 ParOldGen       total 1310720K, used 1115256K [0x0000000080000000, 0x00000000d0000000, 0x00000000d0000000)
  object space 1310720K, 85% used [0x0000000080000000,0x00000000c411e3d0,0x00000000d0000000)
 Metaspace       used 248475K, capacity 252992K, committed 253184K, reserved 745472K
  class space    used 23905K, capacity 24817K, committed 24832K, reserved 516096K
}
{Heap before GC invocations=185 (full 2):
 PSYoungGen      total 688128K, used 594931K [0x00000000d0000000, 0x0000000100000000, 0x0000000100000000)
  eden space 589824K, 100% used [0x00000000d0000000,0x00000000f4000000,0x00000000f4000000)
  from space 98304K, 5% used [0x00000000fa000000,0x00000000fa4fcc58,0x0000000100000000)
  to   space 98304K, 0% used [0x00000000f4000000,0x00000000f4000000,0x00000000fa000000)
 ParOldGen       total 1310720K, used 1115256K [0x0000000080000000, 0x00000000d0000000, 0x00000000d0000000)
  object space 1310720K, 85% used [0x0000000080000000,0x00000000c411e3d0,0x00000000d0000000)
 Metaspace       used 248490K, capacity 252996K, committed 253184K, reserved 745472K
  class space    used 23905K, capacity 24817K, committed 24832K, reserved 516096K
2025-05-14T19:51:03.539+0900: 5874.826: [GC (Allocation Failure) [PSYoungGen: 594931K->4963K(688128K)] 1710188K->1120441K(1998848K), 0.0119973 secs] [Times: user=0.03 sys=0.00, real=0.01 secs] 
Heap after GC invocations=185 (full 2):
 PSYoungGen      total 688128K, used 4963K [0x00000000d0000000, 0x0000000100000000, 0x0000000100000000)
  eden space 589824K, 0% used [0x00000000d0000000,0x00000000d0000000,0x00000000f4000000)
  from space 98304K, 5% used [0x00000000f4000000,0x00000000f44d8c58,0x00000000fa000000)
  to   space 98304K, 0% used [0x00000000fa000000,0x00000000fa000000,0x0000000100000000)
 ParOldGen       total 1310720K, used 1115478K [0x0000000080000000, 0x00000000d0000000, 0x00000000d0000000)
  object space 1310720K, 85% used [0x0000000080000000,0x00000000c41558f0,0x00000000d0000000)
 Metaspace       used 248490K, capacity 252996K, committed 253184K, reserved 745472K
  class space    used 23905K, capacity 24817K, committed 24832K, reserved 516096K
}
{Heap before GC invocations=186 (full 2):
 PSYoungGen      total 688128K, used 594787K [0x00000000d0000000, 0x0000000100000000, 0x0000000100000000)
  eden space 589824K, 100% used [0x00000000d0000000,0x00000000f4000000,0x00000000f4000000)
  from space 98304K, 5% used [0x00000000f4000000,0x00000000f44d8c58,0x00000000fa000000)
  to   space 98304K, 0% used [0x00000000fa000000,0x00000000fa000000,0x0000000100000000)
 ParOldGen       total 1310720K, used 1115478K [0x0000000080000000, 0x00000000d0000000, 0x00000000d0000000)
  object space 1310720K, 85% used [0x0000000080000000,0x00000000c41558f0,0x00000000d0000000)
 Metaspace       used 248529K, capacity 253072K, committed 253184K, reserved 745472K
  class space    used 23906K, capacity 24819K, committed 24832K, reserved 516096K
2025-05-14T19:52:03.691+0900: 5934.978: [GC (Allocation Failure) [PSYoungGen: 594787K->4963K(688128K)] 1710265K->1120473K(1998848K), 0.0122459 secs] [Times: user=0.03 sys=0.00, real=0.01 secs] 
Heap after GC invocations=186 (full 2):
 PSYoungGen      total 688128K, used 4963K [0x00000000d0000000, 0x0000000100000000, 0x0000000100000000)
  eden space 589824K, 0% used [0x00000000d0000000,0x00000000d0000000,0x00000000f4000000)
  from space 98304K, 5% used [0x00000000fa000000,0x00000000fa4d8c48,0x0000000100000000)
  to   space 98304K, 0% used [0x00000000f4000000,0x00000000f4000000,0x00000000fa000000)
 ParOldGen       total 1310720K, used 1115510K [0x0000000080000000, 0x00000000d0000000, 0x00000000d0000000)
  object space 1310720K, 85% used [0x0000000080000000,0x00000000c415d8f0,0x00000000d0000000)
 Metaspace       used 248529K, capacity 253072K, committed 253184K, reserved 745472K
  class space    used 23906K, capacity 24819K, committed 24832K, reserved 516096K
}
{Heap before GC invocations=187 (full 2):
 PSYoungGen      total 688128K, used 594787K [0x00000000d0000000, 0x0000000100000000, 0x0000000100000000)
  eden space 589824K, 100% used [0x00000000d0000000,0x00000000f4000000,0x00000000f4000000)
  from space 98304K, 5% used [0x00000000fa000000,0x00000000fa4d8c48,0x0000000100000000)
  to   space 98304K, 0% used [0x00000000f4000000,0x00000000f4000000,0x00000000fa000000)
 ParOldGen       total 1310720K, used 1115510K [0x0000000080000000, 0x00000000d0000000, 0x00000000d0000000)
  object space 1310720K, 85% used [0x0000000080000000,0x00000000c415d8f0,0x00000000d0000000)
 Metaspace       used 248534K, capacity 253072K, committed 253184K, reserved 745472K
  class space    used 23906K, capacity 24819K, committed 24832K, reserved 516096K
2025-05-14T19:53:05.242+0900: 5996.529: [GC (Allocation Failure) [PSYoungGen: 594787K->5099K(688128K)] 1710297K->1120681K(1998848K), 0.0121361 secs] [Times: user=0.03 sys=0.00, real=0.01 secs] 
Heap after GC invocations=187 (full 2):
 PSYoungGen      total 688128K, used 5099K [0x00000000d0000000, 0x0000000100000000, 0x0000000100000000)
  eden space 589824K, 0% used [0x00000000d0000000,0x00000000d0000000,0x00000000f4000000)
  from space 98304K, 5% used [0x00000000f4000000,0x00000000f44facf8,0x00000000fa000000)
  to   space 98304K, 0% used [0x00000000fa000000,0x00000000fa000000,0x0000000100000000)
 ParOldGen       total 1310720K, used 1115582K [0x0000000080000000, 0x00000000d0000000, 0x00000000d0000000)
  object space 1310720K, 85% used [0x0000000080000000,0x00000000c416f910,0x00000000d0000000)
 Metaspace       used 248534K, capacity 253072K, committed 253184K, reserved 745472K
  class space    used 23906K, capacity 24819K, committed 24832K, reserved 516096K
}
{Heap before GC invocations=188 (full 2):
 PSYoungGen      total 688128K, used 594923K [0x00000000d0000000, 0x0000000100000000, 0x0000000100000000)
  eden space 589824K, 100% used [0x00000000d0000000,0x00000000f4000000,0x00000000f4000000)
  from space 98304K, 5% used [0x00000000f4000000,0x00000000f44facf8,0x00000000fa000000)
  to   space 98304K, 0% used [0x00000000fa000000,0x00000000fa000000,0x0000000100000000)
 ParOldGen       total 1310720K, used 1115582K [0x0000000080000000, 0x00000000d0000000, 0x00000000d0000000)
  object space 1310720K, 85% used [0x0000000080000000,0x00000000c416f910,0x00000000d0000000)
 Metaspace       used 248559K, capacity 253136K, committed 253184K, reserved 745472K
  class space    used 23906K, capacity 24819K, committed 24832K, reserved 516096K
2025-05-14T19:54:06.273+0900: 6057.560: [GC (Allocation Failure) [PSYoungGen: 594923K->5179K(688128K)] 1710505K->1120801K(1998848K), 0.0122105 secs] [Times: user=0.03 sys=0.00, real=0.01 secs] 
Heap after GC invocations=188 (full 2):
 PSYoungGen      total 688128K, used 5179K [0x00000000d0000000, 0x0000000100000000, 0x0000000100000000)
  eden space 589824K, 0% used [0x00000000d0000000,0x00000000d0000000,0x00000000f4000000)
  from space 98304K, 5% used [0x00000000fa000000,0x00000000fa50ed88,0x0000000100000000)
  to   space 98304K, 0% used [0x00000000f4000000,0x00000000f4000000,0x00000000fa000000)
 ParOldGen       total 1310720K, used 1115622K [0x0000000080000000, 0x00000000d0000000, 0x00000000d0000000)
  object space 1310720K, 85% used [0x0000000080000000,0x00000000c4179910,0x00000000d0000000)
 Metaspace       used 248559K, capacity 253136K, committed 253184K, reserved 745472K
  class space    used 23906K, capacity 24819K, committed 24832K, reserved 516096K
}
{Heap before GC invocations=189 (full 2):
 PSYoungGen      total 688128K, used 595003K [0x00000000d0000000, 0x0000000100000000, 0x0000000100000000)
  eden space 589824K, 100% used [0x00000000d0000000,0x00000000f4000000,0x00000000f4000000)
  from space 98304K, 5% used [0x00000000fa000000,0x00000000fa50ed88,0x0000000100000000)
  to   space 98304K, 0% used [0x00000000f4000000,0x00000000f4000000,0x00000000fa000000)
 ParOldGen       total 1310720K, used 1115622K [0x0000000080000000, 0x00000000d0000000, 0x00000000d0000000)
  object space 1310720K, 85% used [0x0000000080000000,0x00000000c4179910,0x00000000d0000000)
 Metaspace       used 248565K, capacity 253136K, committed 253184K, reserved 745472K
  class space    used 23906K, capacity 24819K, committed 24832K, reserved 516096K
2025-05-14T19:55:08.247+0900: 6119.534: [GC (Allocation Failure) [PSYoungGen: 595003K->5131K(688128K)] 1710625K->1120825K(1998848K), 0.0121772 secs] [Times: user=0.03 sys=0.00, real=0.02 secs] 
Heap after GC invocations=189 (full 2):
 PSYoungGen      total 688128K, used 5131K [0x00000000d0000000, 0x0000000100000000, 0x0000000100000000)
  eden space 589824K, 0% used [0x00000000d0000000,0x00000000d0000000,0x00000000f4000000)
  from space 98304K, 5% used [0x00000000f4000000,0x00000000f4502d78,0x00000000fa000000)
  to   space 98304K, 0% used [0x00000000fa000000,0x00000000fa000000,0x0000000100000000)
 ParOldGen       total 1310720K, used 1115694K [0x0000000080000000, 0x00000000d0000000, 0x00000000d0000000)
  object space 1310720K, 85% used [0x0000000080000000,0x00000000c418ba80,0x00000000d0000000)
 Metaspace       used 248565K, capacity 253136K, committed 253184K, reserved 745472K
  class space    used 23906K, capacity 24819K, committed 24832K, reserved 516096K
}
{Heap before GC invocations=190 (full 2):
 PSYoungGen      total 688128K, used 594955K [0x00000000d0000000, 0x0000000100000000, 0x0000000100000000)
  eden space 589824K, 100% used [0x00000000d0000000,0x00000000f4000000,0x00000000f4000000)
  from space 98304K, 5% used [0x00000000f4000000,0x00000000f4502d78,0x00000000fa000000)
  to   space 98304K, 0% used [0x00000000fa000000,0x00000000fa000000,0x0000000100000000)
 ParOldGen       total 1310720K, used 1115694K [0x0000000080000000, 0x00000000d0000000, 0x00000000d0000000)
  object space 1310720K, 85% used [0x0000000080000000,0x00000000c418ba80,0x00000000d0000000)
 Metaspace       used 248566K, capacity 253136K, committed 253184K, reserved 745472K
  class space    used 23906K, capacity 24819K, committed 24832K, reserved 516096K
2025-05-14T19:56:08.445+0900: 6179.732: [GC (Allocation Failure) [PSYoungGen: 594955K->5227K(688128K)] 1710649K->1120950K(1998848K), 0.0235543 secs] [Times: user=0.03 sys=0.00, real=0.03 secs] 
Heap after GC invocations=190 (full 2):
 PSYoungGen      total 688128K, used 5227K [0x00000000d0000000, 0x0000000100000000, 0x0000000100000000)
  eden space 589824K, 0% used [0x00000000d0000000,0x00000000d0000000,0x00000000f4000000)
  from space 98304K, 5% used [0x00000000fa000000,0x00000000fa51ad78,0x0000000100000000)
  to   space 98304K, 0% used [0x00000000f4000000,0x00000000f4000000,0x00000000fa000000)
 ParOldGen       total 1310720K, used 1115722K [0x0000000080000000, 0x00000000d0000000, 0x00000000d0000000)
  object space 1310720K, 85% used [0x0000000080000000,0x00000000c4192a90,0x00000000d0000000)
 Metaspace       used 248566K, capacity 253136K, committed 253184K, reserved 745472K
  class space    used 23906K, capacity 24819K, committed 24832K, reserved 516096K
}
{Heap before GC invocations=191 (full 2):
 PSYoungGen      total 688128K, used 595051K [0x00000000d0000000, 0x0000000100000000, 0x0000000100000000)
  eden space 589824K, 100% used [0x00000000d0000000,0x00000000f4000000,0x00000000f4000000)
  from space 98304K, 5% used [0x00000000fa000000,0x00000000fa51ad78,0x0000000100000000)
  to   space 98304K, 0% used [0x00000000f4000000,0x00000000f4000000,0x00000000fa000000)
 ParOldGen       total 1310720K, used 1115722K [0x0000000080000000, 0x00000000d0000000, 0x00000000d0000000)
  object space 1310720K, 85% used [0x0000000080000000,0x00000000c4192a90,0x00000000d0000000)
 Metaspace       used 248566K, capacity 253136K, committed 253184K, reserved 745472K
  class space    used 23906K, capacity 24819K, committed 24832K, reserved 516096K
2025-05-14T19:57:10.662+0900: 6241.949: [GC (Allocation Failure) [PSYoungGen: 595051K->3266K(688128K)] 1710774K->1120980K(1998848K), 0.0120348 secs] [Times: user=0.03 sys=0.00, real=0.01 secs] 
Heap after GC invocations=191 (full 2):
 PSYoungGen      total 688128K, used 3266K [0x00000000d0000000, 0x0000000100000000, 0x0000000100000000)
  eden space 589824K, 0% used [0x00000000d0000000,0x00000000d0000000,0x00000000f4000000)
  from space 98304K, 3% used [0x00000000f4000000,0x00000000f4330b08,0x00000000fa000000)
  to   space 98304K, 0% used [0x00000000fa000000,0x00000000fa000000,0x0000000100000000)
 ParOldGen       total 1310720K, used 1117713K [0x0000000080000000, 0x00000000d0000000, 0x00000000d0000000)
  object space 1310720K, 85% used [0x0000000080000000,0x00000000c43846e0,0x00000000d0000000)
 Metaspace       used 248566K, capacity 253136K, committed 253184K, reserved 745472K
  class space    used 23906K, capacity 24819K, committed 24832K, reserved 516096K
}
{Heap before GC invocations=192 (full 2):
 PSYoungGen      total 688128K, used 593090K [0x00000000d0000000, 0x0000000100000000, 0x0000000100000000)
  eden space 589824K, 100% used [0x00000000d0000000,0x00000000f4000000,0x00000000f4000000)
  from space 98304K, 3% used [0x00000000f4000000,0x00000000f4330b08,0x00000000fa000000)
  to   space 98304K, 0% used [0x00000000fa000000,0x00000000fa000000,0x0000000100000000)
 ParOldGen       total 1310720K, used 1117713K [0x0000000080000000, 0x00000000d0000000, 0x00000000d0000000)
  object space 1310720K, 85% used [0x0000000080000000,0x00000000c43846e0,0x00000000d0000000)
 Metaspace       used 248566K, capacity 253136K, committed 253184K, reserved 745472K
  class space    used 23906K, capacity 24819K, committed 24832K, reserved 516096K
2025-05-14T19:58:12.792+0900: 6304.079: [GC (Allocation Failure) [PSYoungGen: 593090K->2680K(688128K)] 1710804K->1121016K(1998848K), 0.0117317 secs] [Times: user=0.03 sys=0.00, real=0.01 secs] 
Heap after GC invocations=192 (full 2):
 PSYoungGen      total 688128K, used 2680K [0x00000000d0000000, 0x0000000100000000, 0x0000000100000000)
  eden space 589824K, 0% used [0x00000000d0000000,0x00000000d0000000,0x00000000f4000000)
  from space 98304K, 2% used [0x00000000fa000000,0x00000000fa29e290,0x0000000100000000)
  to   space 98304K, 0% used [0x00000000f4000000,0x00000000f4000000,0x00000000fa000000)
 ParOldGen       total 1310720K, used 1118336K [0x0000000080000000, 0x00000000d0000000, 0x00000000d0000000)
  object space 1310720K, 85% used [0x0000000080000000,0x00000000c4420098,0x00000000d0000000)
 Metaspace       used 248566K, capacity 253136K, committed 253184K, reserved 745472K
  class space    used 23906K, capacity 24819K, committed 24832K, reserved 516096K
}
{Heap before GC invocations=193 (full 2):
 PSYoungGen      total 688128K, used 592504K [0x00000000d0000000, 0x0000000100000000, 0x0000000100000000)
  eden space 589824K, 100% used [0x00000000d0000000,0x00000000f4000000,0x00000000f4000000)
  from space 98304K, 2% used [0x00000000fa000000,0x00000000fa29e290,0x0000000100000000)
  to   space 98304K, 0% used [0x00000000f4000000,0x00000000f4000000,0x00000000fa000000)
 ParOldGen       total 1310720K, used 1118336K [0x0000000080000000, 0x00000000d0000000, 0x00000000d0000000)
  object space 1310720K, 85% used [0x0000000080000000,0x00000000c4420098,0x00000000d0000000)
 Metaspace       used 248574K, capacity 253136K, committed 253184K, reserved 745472K
  class space    used 23906K, capacity 24819K, committed 24832K, reserved 516096K
2025-05-14T19:59:13.979+0900: 6365.266: [GC (Allocation Failure) [PSYoungGen: 592504K->2065K(688128K)] 1710840K->1121040K(1998848K), 0.0113426 secs] [Times: user=0.03 sys=0.00, real=0.01 secs] 
Heap after GC invocations=193 (full 2):
 PSYoungGen      total 688128K, used 2065K [0x00000000d0000000, 0x0000000100000000, 0x0000000100000000)
  eden space 589824K, 0% used [0x00000000d0000000,0x00000000d0000000,0x00000000f4000000)
  from space 98304K, 2% used [0x00000000f4000000,0x00000000f4204590,0x00000000fa000000)
  to   space 98304K, 0% used [0x00000000fa000000,0x00000000fa000000,0x0000000100000000)
 ParOldGen       total 1310720K, used 1118975K [0x0000000080000000, 0x00000000d0000000, 0x00000000d0000000)
  object space 1310720K, 85% used [0x0000000080000000,0x00000000c44bfdf8,0x00000000d0000000)
 Metaspace       used 248574K, capacity 253136K, committed 253184K, reserved 745472K
  class space    used 23906K, capacity 24819K, committed 24832K, reserved 516096K
}
{Heap before GC invocations=194 (full 2):
 PSYoungGen      total 688128K, used 591889K [0x00000000d0000000, 0x0000000100000000, 0x0000000100000000)
  eden space 589824K, 100% used [0x00000000d0000000,0x00000000f4000000,0x00000000f4000000)
  from space 98304K, 2% used [0x00000000f4000000,0x00000000f4204590,0x00000000fa000000)
  to   space 98304K, 0% used [0x00000000fa000000,0x00000000fa000000,0x0000000100000000)
 ParOldGen       total 1310720K, used 1118975K [0x0000000080000000, 0x00000000d0000000, 0x00000000d0000000)
  object space 1310720K, 85% used [0x0000000080000000,0x00000000c44bfdf8,0x00000000d0000000)
 Metaspace       used 248584K, capacity 253136K, committed 253184K, reserved 745472K
  class space    used 23907K, capacity 24819K, committed 24832K, reserved 516096K
2025-05-14T20:00:16.188+0900: 6427.475: [GC (Allocation Failure) [PSYoungGen: 591889K->1937K(688128K)] 1710864K->1121060K(1998848K), 0.0122260 secs] [Times: user=0.03 sys=0.00, real=0.02 secs] 
Heap after GC invocations=194 (full 2):
 PSYoungGen      total 688128K, used 1937K [0x00000000d0000000, 0x0000000100000000, 0x0000000100000000)
  eden space 589824K, 0% used [0x00000000d0000000,0x00000000d0000000,0x00000000f4000000)
  from space 98304K, 1% used [0x00000000fa000000,0x00000000fa1e4580,0x0000000100000000)
  to   space 98304K, 0% used [0x00000000f4000000,0x00000000f4000000,0x00000000fa000000)
 ParOldGen       total 1310720K, used 1119123K [0x0000000080000000, 0x00000000d0000000, 0x00000000d0000000)
  object space 1310720K, 85% used [0x0000000080000000,0x00000000c44e4e28,0x00000000d0000000)
 Metaspace       used 248584K, capacity 253136K, committed 253184K, reserved 745472K
  class space    used 23907K, capacity 24819K, committed 24832K, reserved 516096K
}
{Heap before GC invocations=195 (full 2):
 PSYoungGen      total 688128K, used 591761K [0x00000000d0000000, 0x0000000100000000, 0x0000000100000000)
  eden space 589824K, 100% used [0x00000000d0000000,0x00000000f4000000,0x00000000f4000000)
  from space 98304K, 1% used [0x00000000fa000000,0x00000000fa1e4580,0x0000000100000000)
  to   space 98304K, 0% used [0x00000000f4000000,0x00000000f4000000,0x00000000fa000000)
 ParOldGen       total 1310720K, used 1119123K [0x0000000080000000, 0x00000000d0000000, 0x00000000d0000000)
  object space 1310720K, 85% used [0x0000000080000000,0x00000000c44e4e28,0x00000000d0000000)
 Metaspace       used 248584K, capacity 253136K, committed 253184K, reserved 745472K
  class space    used 23907K, capacity 24819K, committed 24832K, reserved 516096K
2025-05-14T20:01:17.389+0900: 6488.676: [GC (Allocation Failure) [PSYoungGen: 591761K->1905K(688128K)] 1710884K->1121092K(1998848K), 0.0114491 secs] [Times: user=0.03 sys=0.00, real=0.01 secs] 
Heap after GC invocations=195 (full 2):
 PSYoungGen      total 688128K, used 1905K [0x00000000d0000000, 0x0000000100000000, 0x0000000100000000)
  eden space 589824K, 0% used [0x00000000d0000000,0x00000000d0000000,0x00000000f4000000)
  from space 98304K, 1% used [0x00000000f4000000,0x00000000f41dc570,0x00000000fa000000)
  to   space 98304K, 0% used [0x00000000fa000000,0x00000000fa000000,0x0000000100000000)
 ParOldGen       total 1310720K, used 1119187K [0x0000000080000000, 0x00000000d0000000, 0x00000000d0000000)
  object space 1310720K, 85% used [0x0000000080000000,0x00000000c44f4e38,0x00000000d0000000)
 Metaspace       used 248584K, capacity 253136K, committed 253184K, reserved 745472K
  class space    used 23907K, capacity 24819K, committed 24832K, reserved 516096K
}
{Heap before GC invocations=196 (full 2):
 PSYoungGen      total 688128K, used 591729K [0x00000000d0000000, 0x0000000100000000, 0x0000000100000000)
  eden space 589824K, 100% used [0x00000000d0000000,0x00000000f4000000,0x00000000f4000000)
  from space 98304K, 1% used [0x00000000f4000000,0x00000000f41dc570,0x00000000fa000000)
  to   space 98304K, 0% used [0x00000000fa000000,0x00000000fa000000,0x0000000100000000)
 ParOldGen       total 1310720K, used 1119187K [0x0000000080000000, 0x00000000d0000000, 0x00000000d0000000)
  object space 1310720K, 85% used [0x0000000080000000,0x00000000c44f4e38,0x00000000d0000000)
 Metaspace       used 248604K, capacity 253196K, committed 253440K, reserved 745472K
  class space    used 23912K, capacity 24829K, committed 24832K, reserved 516096K
2025-05-14T20:02:15.591+0900: 6546.878: [GC (Allocation Failure) [PSYoungGen: 591729K->2018K(688128K)] 1710916K->1121229K(1998848K), 0.0117280 secs] [Times: user=0.03 sys=0.00, real=0.01 secs] 
Heap after GC invocations=196 (full 2):
 PSYoungGen      total 688128K, used 2018K [0x00000000d0000000, 0x0000000100000000, 0x0000000100000000)
  eden space 589824K, 0% used [0x00000000d0000000,0x00000000d0000000,0x00000000f4000000)
  from space 98304K, 2% used [0x00000000fa000000,0x00000000fa1f89b8,0x0000000100000000)
  to   space 98304K, 0% used [0x00000000f4000000,0x00000000f4000000,0x00000000fa000000)
 ParOldGen       total 1310720K, used 1119211K [0x0000000080000000, 0x00000000d0000000, 0x00000000d0000000)
  object space 1310720K, 85% used [0x0000000080000000,0x00000000c44fae38,0x00000000d0000000)
 Metaspace       used 248604K, capacity 253196K, committed 253440K, reserved 745472K
  class space    used 23912K, capacity 24829K, committed 24832K, reserved 516096K
}
{Heap before GC invocations=197 (full 2):
 PSYoungGen      total 688128K, used 591842K [0x00000000d0000000, 0x0000000100000000, 0x0000000100000000)
  eden space 589824K, 100% used [0x00000000d0000000,0x00000000f4000000,0x00000000f4000000)
  from space 98304K, 2% used [0x00000000fa000000,0x00000000fa1f89b8,0x0000000100000000)
  to   space 98304K, 0% used [0x00000000f4000000,0x00000000f4000000,0x00000000fa000000)
 ParOldGen       total 1310720K, used 1119211K [0x0000000080000000, 0x00000000d0000000, 0x00000000d0000000)
  object space 1310720K, 85% used [0x0000000080000000,0x00000000c44fae38,0x00000000d0000000)
 Metaspace       used 248613K, capacity 253196K, committed 253440K, reserved 745472K
  class space    used 23912K, capacity 24829K, committed 24832K, reserved 516096K
2025-05-14T20:03:15.618+0900: 6606.905: [GC (Allocation Failure) [PSYoungGen: 591842K->2236K(688128K)] 1711053K->1121471K(1998848K), 0.0118619 secs] [Times: user=0.03 sys=0.00, real=0.02 secs] 
Heap after GC invocations=197 (full 2):
 PSYoungGen      total 688128K, used 2236K [0x00000000d0000000, 0x0000000100000000, 0x0000000100000000)
  eden space 589824K, 0% used [0x00000000d0000000,0x00000000d0000000,0x00000000f4000000)
  from space 98304K, 2% used [0x00000000f4000000,0x00000000f422f0c0,0x00000000fa000000)
  to   space 98304K, 0% used [0x00000000fa000000,0x00000000fa000000,0x0000000100000000)
 ParOldGen       total 1310720K, used 1119235K [0x0000000080000000, 0x00000000d0000000, 0x00000000d0000000)
  object space 1310720K, 85% used [0x0000000080000000,0x00000000c4500e38,0x00000000d0000000)
 Metaspace       used 248613K, capacity 253196K, committed 253440K, reserved 745472K
  class space    used 23912K, capacity 24829K, committed 24832K, reserved 516096K
}
{Heap before GC invocations=198 (full 2):
 PSYoungGen      total 688128K, used 592060K [0x00000000d0000000, 0x0000000100000000, 0x0000000100000000)
  eden space 589824K, 100% used [0x00000000d0000000,0x00000000f4000000,0x00000000f4000000)
  from space 98304K, 2% used [0x00000000f4000000,0x00000000f422f0c0,0x00000000fa000000)
  to   space 98304K, 0% used [0x00000000fa000000,0x00000000fa000000,0x0000000100000000)
 ParOldGen       total 1310720K, used 1119235K [0x0000000080000000, 0x00000000d0000000, 0x00000000d0000000)
  object space 1310720K, 85% used [0x0000000080000000,0x00000000c4500e38,0x00000000d0000000)
 Metaspace       used 248616K, capacity 253196K, committed 253440K, reserved 745472K
  class space    used 23912K, capacity 24829K, committed 24832K, reserved 516096K
2025-05-14T20:04:15.808+0900: 6667.095: [GC (Allocation Failure) [PSYoungGen: 592060K->2537K(688128K)] 1711295K->1121780K(1998848K), 0.0123557 secs] [Times: user=0.02 sys=0.00, real=0.02 secs] 
Heap after GC invocations=198 (full 2):
 PSYoungGen      total 688128K, used 2537K [0x00000000d0000000, 0x0000000100000000, 0x0000000100000000)
  eden space 589824K, 0% used [0x00000000d0000000,0x00000000d0000000,0x00000000f4000000)
  from space 98304K, 2% used [0x00000000fa000000,0x00000000fa27a570,0x0000000100000000)
  to   space 98304K, 0% used [0x00000000f4000000,0x00000000f4000000,0x00000000fa000000)
 ParOldGen       total 1310720K, used 1119243K [0x0000000080000000, 0x00000000d0000000, 0x00000000d0000000)
  object space 1310720K, 85% used [0x0000000080000000,0x00000000c4502e38,0x00000000d0000000)
 Metaspace       used 248616K, capacity 253196K, committed 253440K, reserved 745472K
  class space    used 23912K, capacity 24829K, committed 24832K, reserved 516096K
}
{Heap before GC invocations=199 (full 2):
 PSYoungGen      total 688128K, used 592361K [0x00000000d0000000, 0x0000000100000000, 0x0000000100000000)
  eden space 589824K, 100% used [0x00000000d0000000,0x00000000f4000000,0x00000000f4000000)
  from space 98304K, 2% used [0x00000000fa000000,0x00000000fa27a570,0x0000000100000000)
  to   space 98304K, 0% used [0x00000000f4000000,0x00000000f4000000,0x00000000fa000000)
 ParOldGen       total 1310720K, used 1119243K [0x0000000080000000, 0x00000000d0000000, 0x00000000d0000000)
  object space 1310720K, 85% used [0x0000000080000000,0x00000000c4502e38,0x00000000d0000000)
 Metaspace       used 248616K, capacity 253196K, committed 253440K, reserved 745472K
  class space    used 23912K, capacity 24829K, committed 24832K, reserved 516096K
2025-05-14T20:05:17.995+0900: 6729.282: [GC (Allocation Failure) [PSYoungGen: 592361K->2487K(688128K)] 1711604K->1121754K(1998848K), 0.0122111 secs] [Times: user=0.03 sys=0.00, real=0.01 secs] 
Heap after GC invocations=199 (full 2):
 PSYoungGen      total 688128K, used 2487K [0x00000000d0000000, 0x0000000100000000, 0x0000000100000000)
  eden space 589824K, 0% used [0x00000000d0000000,0x00000000d0000000,0x00000000f4000000)
  from space 98304K, 2% used [0x00000000f4000000,0x00000000f426dc90,0x00000000fa000000)
  to   space 98304K, 0% used [0x00000000fa000000,0x00000000fa000000,0x0000000100000000)
 ParOldGen       total 1310720K, used 1119267K [0x0000000080000000, 0x00000000d0000000, 0x00000000d0000000)
  object space 1310720K, 85% used [0x0000000080000000,0x00000000c4508e38,0x00000000d0000000)
 Metaspace       used 248616K, capacity 253196K, committed 253440K, reserved 745472K
  class space    used 23912K, capacity 24829K, committed 24832K, reserved 516096K
}
{Heap before GC invocations=200 (full 2):
 PSYoungGen      total 688128K, used 592311K [0x00000000d0000000, 0x0000000100000000, 0x0000000100000000)
  eden space 589824K, 100% used [0x00000000d0000000,0x00000000f4000000,0x00000000f4000000)
  from space 98304K, 2% used [0x00000000f4000000,0x00000000f426dc90,0x00000000fa000000)
  to   space 98304K, 0% used [0x00000000fa000000,0x00000000fa000000,0x0000000100000000)
 ParOldGen       total 1310720K, used 1119267K [0x0000000080000000, 0x00000000d0000000, 0x00000000d0000000)
  object space 1310720K, 85% used [0x0000000080000000,0x00000000c4508e38,0x00000000d0000000)
 Metaspace       used 248635K, capacity 253208K, committed 253440K, reserved 745472K
  class space    used 23913K, capacity 24831K, committed 24832K, reserved 516096K
2025-05-14T20:06:14.089+0900: 6785.376: [GC (Allocation Failure) [PSYoungGen: 592311K->2586K(688128K)] 1711578K->1121886K(1998848K), 0.0119830 secs] [Times: user=0.03 sys=0.00, real=0.01 secs] 
Heap after GC invocations=200 (full 2):
 PSYoungGen      total 688128K, used 2586K [0x00000000d0000000, 0x0000000100000000, 0x0000000100000000)
  eden space 589824K, 0% used [0x00000000d0000000,0x00000000d0000000,0x00000000f4000000)
  from space 98304K, 2% used [0x00000000fa000000,0x00000000fa286a68,0x0000000100000000)
  to   space 98304K, 0% used [0x00000000f4000000,0x00000000f4000000,0x00000000fa000000)
 ParOldGen       total 1310720K, used 1119299K [0x0000000080000000, 0x00000000d0000000, 0x00000000d0000000)
  object space 1310720K, 85% used [0x0000000080000000,0x00000000c4510e38,0x00000000d0000000)
 Metaspace       used 248635K, capacity 253208K, committed 253440K, reserved 745472K
  class space    used 23913K, capacity 24831K, committed 24832K, reserved 516096K
}
{Heap before GC invocations=201 (full 2):
 PSYoungGen      total 688128K, used 592410K [0x00000000d0000000, 0x0000000100000000, 0x0000000100000000)
  eden space 589824K, 100% used [0x00000000d0000000,0x00000000f4000000,0x00000000f4000000)
  from space 98304K, 2% used [0x00000000fa000000,0x00000000fa286a68,0x0000000100000000)
  to   space 98304K, 0% used [0x00000000f4000000,0x00000000f4000000,0x00000000fa000000)
 ParOldGen       total 1310720K, used 1119299K [0x0000000080000000, 0x00000000d0000000, 0x00000000d0000000)
  object space 1310720K, 85% used [0x0000000080000000,0x00000000c4510e38,0x00000000d0000000)
 Metaspace       used 248643K, capacity 253214K, committed 253440K, reserved 745472K
  class space    used 23914K, capacity 24832K, committed 24832K, reserved 516096K
2025-05-14T20:07:16.269+0900: 6847.556: [GC (Allocation Failure) [PSYoungGen: 592410K->2256K(688128K)] 1711710K->1121826K(1998848K), 0.0115065 secs] [Times: user=0.03 sys=0.00, real=0.01 secs] 
Heap after GC invocations=201 (full 2):
 PSYoungGen      total 688128K, used 2256K [0x00000000d0000000, 0x0000000100000000, 0x0000000100000000)
  eden space 589824K, 0% used [0x00000000d0000000,0x00000000d0000000,0x00000000f4000000)
  from space 98304K, 2% used [0x00000000f4000000,0x00000000f4234220,0x00000000fa000000)
  to   space 98304K, 0% used [0x00000000fa000000,0x00000000fa000000,0x0000000100000000)
 ParOldGen       total 1310720K, used 1119570K [0x0000000080000000, 0x00000000d0000000, 0x00000000d0000000)
  object space 1310720K, 85% used [0x0000000080000000,0x00000000c45548a8,0x00000000d0000000)
 Metaspace       used 248643K, capacity 253214K, committed 253440K, reserved 745472K
  class space    used 23914K, capacity 24832K, committed 24832K, reserved 516096K
}
{Heap before GC invocations=202 (full 2):
 PSYoungGen      total 688128K, used 592080K [0x00000000d0000000, 0x0000000100000000, 0x0000000100000000)
  eden space 589824K, 100% used [0x00000000d0000000,0x00000000f4000000,0x00000000f4000000)
  from space 98304K, 2% used [0x00000000f4000000,0x00000000f4234220,0x00000000fa000000)
  to   space 98304K, 0% used [0x00000000fa000000,0x00000000fa000000,0x0000000100000000)
 ParOldGen       total 1310720K, used 1119570K [0x0000000080000000, 0x00000000d0000000, 0x00000000d0000000)
  object space 1310720K, 85% used [0x0000000080000000,0x00000000c45548a8,0x00000000d0000000)
 Metaspace       used 248645K, capacity 253214K, committed 253440K, reserved 745472K
  class space    used 23914K, capacity 24832K, committed 24832K, reserved 516096K
2025-05-14T20:08:17.542+0900: 6908.829: [GC (Allocation Failure) [PSYoungGen: 592080K->2008K(688128K)] 1711650K->1121778K(1998848K), 0.0115295 secs] [Times: user=0.03 sys=0.01, real=0.01 secs] 
Heap after GC invocations=202 (full 2):
 PSYoungGen      total 688128K, used 2008K [0x00000000d0000000, 0x0000000100000000, 0x0000000100000000)
  eden space 589824K, 0% used [0x00000000d0000000,0x00000000d0000000,0x00000000f4000000)
  from space 98304K, 2% used [0x00000000fa000000,0x00000000fa1f6150,0x0000000100000000)
  to   space 98304K, 0% used [0x00000000f4000000,0x00000000f4000000,0x00000000fa000000)
 ParOldGen       total 1310720K, used 1119770K [0x0000000080000000, 0x00000000d0000000, 0x00000000d0000000)
  object space 1310720K, 85% used [0x0000000080000000,0x00000000c4586858,0x00000000d0000000)
 Metaspace       used 248645K, capacity 253214K, committed 253440K, reserved 745472K
  class space    used 23914K, capacity 24832K, committed 24832K, reserved 516096K
}
{Heap before GC invocations=203 (full 2):
 PSYoungGen      total 688128K, used 591832K [0x00000000d0000000, 0x0000000100000000, 0x0000000100000000)
  eden space 589824K, 100% used [0x00000000d0000000,0x00000000f4000000,0x00000000f4000000)
  from space 98304K, 2% used [0x00000000fa000000,0x00000000fa1f6150,0x0000000100000000)
  to   space 98304K, 0% used [0x00000000f4000000,0x00000000f4000000,0x00000000fa000000)
 ParOldGen       total 1310720K, used 1119770K [0x0000000080000000, 0x00000000d0000000, 0x00000000d0000000)
  object space 1310720K, 85% used [0x0000000080000000,0x00000000c4586858,0x00000000d0000000)
 Metaspace       used 248661K, capacity 253256K, committed 253568K, reserved 745472K
  class space    used 23918K, capacity 24839K, committed 24960K, reserved 516096K
2025-05-14T20:09:17.674+0900: 6968.961: [GC (Allocation Failure) [PSYoungGen: 591832K->2104K(688128K)] 1711602K->1121961K(1998848K), 0.0116586 secs] [Times: user=0.03 sys=0.00, real=0.01 secs] 
Heap after GC invocations=203 (full 2):
 PSYoungGen      total 688128K, used 2104K [0x00000000d0000000, 0x0000000100000000, 0x0000000100000000)
  eden space 589824K, 0% used [0x00000000d0000000,0x00000000d0000000,0x00000000f4000000)
  from space 98304K, 2% used [0x00000000f4000000,0x00000000f420e048,0x00000000fa000000)
  to   space 98304K, 0% used [0x00000000fa000000,0x00000000fa000000,0x0000000100000000)
 ParOldGen       total 1310720K, used 1119857K [0x0000000080000000, 0x00000000d0000000, 0x00000000d0000000)
  object space 1310720K, 85% used [0x0000000080000000,0x00000000c459c708,0x00000000d0000000)
 Metaspace       used 248661K, capacity 253256K, committed 253568K, reserved 745472K
  class space    used 23918K, capacity 24839K, committed 24960K, reserved 516096K
}
{Heap before GC invocations=204 (full 2):
 PSYoungGen      total 688128K, used 591928K [0x00000000d0000000, 0x0000000100000000, 0x0000000100000000)
  eden space 589824K, 100% used [0x00000000d0000000,0x00000000f4000000,0x00000000f4000000)
  from space 98304K, 2% used [0x00000000f4000000,0x00000000f420e048,0x00000000fa000000)
  to   space 98304K, 0% used [0x00000000fa000000,0x00000000fa000000,0x0000000100000000)
 ParOldGen       total 1310720K, used 1119857K [0x0000000080000000, 0x00000000d0000000, 0x00000000d0000000)
  object space 1310720K, 85% used [0x0000000080000000,0x00000000c459c708,0x00000000d0000000)
 Metaspace       used 248669K, capacity 253320K, committed 253568K, reserved 745472K
  class space    used 23918K, capacity 24839K, committed 24960K, reserved 516096K
2025-05-14T20:10:19.071+0900: 7030.358: [GC (Allocation Failure) [PSYoungGen: 591928K->2383K(688128K)] 1711785K->1122265K(1998848K), 0.0115807 secs] [Times: user=0.04 sys=0.00, real=0.01 secs] 
Heap after GC invocations=204 (full 2):
 PSYoungGen      total 688128K, used 2383K [0x00000000d0000000, 0x0000000100000000, 0x0000000100000000)
  eden space 589824K, 0% used [0x00000000d0000000,0x00000000d0000000,0x00000000f4000000)
  from space 98304K, 2% used [0x00000000fa000000,0x00000000fa253cf8,0x0000000100000000)
  to   space 98304K, 0% used [0x00000000f4000000,0x00000000f4000000,0x00000000fa000000)
 ParOldGen       total 1310720K, used 1119881K [0x0000000080000000, 0x00000000d0000000, 0x00000000d0000000)
  object space 1310720K, 85% used [0x0000000080000000,0x00000000c45a2708,0x00000000d0000000)
 Metaspace       used 248669K, capacity 253320K, committed 253568K, reserved 745472K
  class space    used 23918K, capacity 24839K, committed 24960K, reserved 516096K
}
{Heap before GC invocations=205 (full 2):
 PSYoungGen      total 688128K, used 592207K [0x00000000d0000000, 0x0000000100000000, 0x0000000100000000)
  eden space 589824K, 100% used [0x00000000d0000000,0x00000000f4000000,0x00000000f4000000)
  from space 98304K, 2% used [0x00000000fa000000,0x00000000fa253cf8,0x0000000100000000)
  to   space 98304K, 0% used [0x00000000f4000000,0x00000000f4000000,0x00000000fa000000)
 ParOldGen       total 1310720K, used 1119881K [0x0000000080000000, 0x00000000d0000000, 0x00000000d0000000)
  object space 1310720K, 85% used [0x0000000080000000,0x00000000c45a2708,0x00000000d0000000)
 Metaspace       used 248671K, capacity 253320K, committed 253568K, reserved 745472K
  class space    used 23918K, capacity 24839K, committed 24960K, reserved 516096K
2025-05-14T20:11:20.988+0900: 7092.275: [GC (Allocation Failure) [PSYoungGen: 592207K->2273K(688128K)] 1712089K->1122226K(1998848K), 0.0116013 secs] [Times: user=0.03 sys=0.00, real=0.02 secs] 
Heap after GC invocations=205 (full 2):
 PSYoungGen      total 688128K, used 2273K [0x00000000d0000000, 0x0000000100000000, 0x0000000100000000)
  eden space 589824K, 0% used [0x00000000d0000000,0x00000000d0000000,0x00000000f4000000)
  from space 98304K, 2% used [0x00000000f4000000,0x00000000f4238468,0x00000000fa000000)
  to   space 98304K, 0% used [0x00000000fa000000,0x00000000fa000000,0x0000000100000000)
 ParOldGen       total 1310720K, used 1119953K [0x0000000080000000, 0x00000000d0000000, 0x00000000d0000000)
  object space 1310720K, 85% used [0x0000000080000000,0x00000000c45b4698,0x00000000d0000000)
 Metaspace       used 248671K, capacity 253320K, committed 253568K, reserved 745472K
  class space    used 23918K, capacity 24839K, committed 24960K, reserved 516096K
}
{Heap before GC invocations=206 (full 2):
 PSYoungGen      total 688128K, used 592097K [0x00000000d0000000, 0x0000000100000000, 0x0000000100000000)
  eden space 589824K, 100% used [0x00000000d0000000,0x00000000f4000000,0x00000000f4000000)
  from space 98304K, 2% used [0x00000000f4000000,0x00000000f4238468,0x00000000fa000000)
  to   space 98304K, 0% used [0x00000000fa000000,0x00000000fa000000,0x0000000100000000)
 ParOldGen       total 1310720K, used 1119953K [0x0000000080000000, 0x00000000d0000000, 0x00000000d0000000)
  object space 1310720K, 85% used [0x0000000080000000,0x00000000c45b4698,0x00000000d0000000)
 Metaspace       used 248680K, capacity 253320K, committed 253568K, reserved 745472K
  class space    used 23918K, capacity 24839K, committed 24960K, reserved 516096K
2025-05-14T20:12:23.143+0900: 7154.430: [GC (Allocation Failure) [PSYoungGen: 592097K->2305K(688128K)] 1712050K->1122282K(1998848K), 0.0118038 secs] [Times: user=0.03 sys=0.00, real=0.01 secs] 
Heap after GC invocations=206 (full 2):
 PSYoungGen      total 688128K, used 2305K [0x00000000d0000000, 0x0000000100000000, 0x0000000100000000)
  eden space 589824K, 0% used [0x00000000d0000000,0x00000000d0000000,0x00000000f4000000)
  from space 98304K, 2% used [0x00000000fa000000,0x00000000fa240468,0x0000000100000000)
  to   space 98304K, 0% used [0x00000000f4000000,0x00000000f4000000,0x00000000fa000000)
 ParOldGen       total 1310720K, used 1119977K [0x0000000080000000, 0x00000000d0000000, 0x00000000d0000000)
  object space 1310720K, 85% used [0x0000000080000000,0x00000000c45ba698,0x00000000d0000000)
 Metaspace       used 248680K, capacity 253320K, committed 253568K, reserved 745472K
  class space    used 23918K, capacity 24839K, committed 24960K, reserved 516096K
}
{Heap before GC invocations=207 (full 2):
 PSYoungGen      total 688128K, used 592129K [0x00000000d0000000, 0x0000000100000000, 0x0000000100000000)
  eden space 589824K, 100% used [0x00000000d0000000,0x00000000f4000000,0x00000000f4000000)
  from space 98304K, 2% used [0x00000000fa000000,0x00000000fa240468,0x0000000100000000)
  to   space 98304K, 0% used [0x00000000f4000000,0x00000000f4000000,0x00000000fa000000)
 ParOldGen       total 1310720K, used 1119977K [0x0000000080000000, 0x00000000d0000000, 0x00000000d0000000)
  object space 1310720K, 85% used [0x0000000080000000,0x00000000c45ba698,0x00000000d0000000)
 Metaspace       used 248681K, capacity 253320K, committed 253568K, reserved 745472K
  class space    used 23918K, capacity 24839K, committed 24960K, reserved 516096K
2025-05-14T20:13:25.337+0900: 7216.624: [GC (Allocation Failure) [PSYoungGen: 592129K->2353K(688128K)] 1712106K->1122354K(1998848K), 0.0116039 secs] [Times: user=0.03 sys=0.00, real=0.02 secs] 
Heap after GC invocations=207 (full 2):
 PSYoungGen      total 688128K, used 2353K [0x00000000d0000000, 0x0000000100000000, 0x0000000100000000)
  eden space 589824K, 0% used [0x00000000d0000000,0x00000000d0000000,0x00000000f4000000)
  from space 98304K, 2% used [0x00000000f4000000,0x00000000f424c4d8,0x00000000fa000000)
  to   space 98304K, 0% used [0x00000000fa000000,0x00000000fa000000,0x0000000100000000)
 ParOldGen       total 1310720K, used 1120001K [0x0000000080000000, 0x00000000d0000000, 0x00000000d0000000)
  object space 1310720K, 85% used [0x0000000080000000,0x00000000c45c0698,0x00000000d0000000)
 Metaspace       used 248681K, capacity 253320K, committed 253568K, reserved 745472K
  class space    used 23918K, capacity 24839K, committed 24960K, reserved 516096K
}
{Heap before GC invocations=208 (full 2):
 PSYoungGen      total 688128K, used 592177K [0x00000000d0000000, 0x0000000100000000, 0x0000000100000000)
  eden space 589824K, 100% used [0x00000000d0000000,0x00000000f4000000,0x00000000f4000000)
  from space 98304K, 2% used [0x00000000f4000000,0x00000000f424c4d8,0x00000000fa000000)
  to   space 98304K, 0% used [0x00000000fa000000,0x00000000fa000000,0x0000000100000000)
 ParOldGen       total 1310720K, used 1120001K [0x0000000080000000, 0x00000000d0000000, 0x00000000d0000000)
  object space 1310720K, 85% used [0x0000000080000000,0x00000000c45c0698,0x00000000d0000000)
 Metaspace       used 248686K, capacity 253320K, committed 253568K, reserved 745472K
  class space    used 23918K, capacity 24839K, committed 24960K, reserved 516096K
2025-05-14T20:14:27.549+0900: 7278.836: [GC (Allocation Failure) [PSYoungGen: 592177K->2353K(688128K)] 1712178K->1122402K(1998848K), 0.0114251 secs] [Times: user=0.03 sys=0.00, real=0.01 secs] 
Heap after GC invocations=208 (full 2):
 PSYoungGen      total 688128K, used 2353K [0x00000000d0000000, 0x0000000100000000, 0x0000000100000000)
  eden space 589824K, 0% used [0x00000000d0000000,0x00000000d0000000,0x00000000f4000000)
  from space 98304K, 2% used [0x00000000fa000000,0x00000000fa24c4f8,0x0000000100000000)
  to   space 98304K, 0% used [0x00000000f4000000,0x00000000f4000000,0x00000000fa000000)
 ParOldGen       total 1310720K, used 1120049K [0x0000000080000000, 0x00000000d0000000, 0x00000000d0000000)
  object space 1310720K, 85% used [0x0000000080000000,0x00000000c45cc538,0x00000000d0000000)
 Metaspace       used 248686K, capacity 253320K, committed 253568K, reserved 745472K
  class space    used 23918K, capacity 24839K, committed 24960K, reserved 516096K
}
{Heap before GC invocations=209 (full 2):
 PSYoungGen      total 688128K, used 592177K [0x00000000d0000000, 0x0000000100000000, 0x0000000100000000)
  eden space 589824K, 100% used [0x00000000d0000000,0x00000000f4000000,0x00000000f4000000)
  from space 98304K, 2% used [0x00000000fa000000,0x00000000fa24c4f8,0x0000000100000000)
  to   space 98304K, 0% used [0x00000000f4000000,0x00000000f4000000,0x00000000fa000000)
 ParOldGen       total 1310720K, used 1120049K [0x0000000080000000, 0x00000000d0000000, 0x00000000d0000000)
  object space 1310720K, 85% used [0x0000000080000000,0x00000000c45cc538,0x00000000d0000000)
 Metaspace       used 248687K, capacity 253320K, committed 253568K, reserved 745472K
  class space    used 23918K, capacity 24839K, committed 24960K, reserved 516096K
2025-05-14T20:15:29.748+0900: 7341.036: [GC (Allocation Failure) [PSYoungGen: 592177K->2303K(688128K)] 1712226K->1122376K(1998848K), 0.0119726 secs] [Times: user=0.02 sys=0.00, real=0.01 secs] 
Heap after GC invocations=209 (full 2):
 PSYoungGen      total 688128K, used 2303K [0x00000000d0000000, 0x0000000100000000, 0x0000000100000000)
  eden space 589824K, 0% used [0x00000000d0000000,0x00000000d0000000,0x00000000f4000000)
  from space 98304K, 2% used [0x00000000f4000000,0x00000000f423fca8,0x00000000fa000000)
  to   space 98304K, 0% used [0x00000000fa000000,0x00000000fa000000,0x0000000100000000)
 ParOldGen       total 1310720K, used 1120073K [0x0000000080000000, 0x00000000d0000000, 0x00000000d0000000)
  object space 1310720K, 85% used [0x0000000080000000,0x00000000c45d2538,0x00000000d0000000)
 Metaspace       used 248687K, capacity 253320K, committed 253568K, reserved 745472K
  class space    used 23918K, capacity 24839K, committed 24960K, reserved 516096K
}
{Heap before GC invocations=210 (full 2):
 PSYoungGen      total 688128K, used 592127K [0x00000000d0000000, 0x0000000100000000, 0x0000000100000000)
  eden space 589824K, 100% used [0x00000000d0000000,0x00000000f4000000,0x00000000f4000000)
  from space 98304K, 2% used [0x00000000f4000000,0x00000000f423fca8,0x00000000fa000000)
  to   space 98304K, 0% used [0x00000000fa000000,0x00000000fa000000,0x0000000100000000)
 ParOldGen       total 1310720K, used 1120073K [0x0000000080000000, 0x00000000d0000000, 0x00000000d0000000)
  object space 1310720K, 85% used [0x0000000080000000,0x00000000c45d2538,0x00000000d0000000)
 Metaspace       used 248688K, capacity 253320K, committed 253568K, reserved 745472K
  class space    used 23918K, capacity 24839K, committed 24960K, reserved 516096K
2025-05-14T20:16:31.975+0900: 7403.262: [GC (Allocation Failure) [PSYoungGen: 592127K->2335K(688128K)] 1712200K->1122432K(1998848K), 0.0120256 secs] [Times: user=0.03 sys=0.00, real=0.01 secs] 
Heap after GC invocations=210 (full 2):
 PSYoungGen      total 688128K, used 2335K [0x00000000d0000000, 0x0000000100000000, 0x0000000100000000)
  eden space 589824K, 0% used [0x00000000d0000000,0x00000000d0000000,0x00000000f4000000)
  from space 98304K, 2% used [0x00000000fa000000,0x00000000fa247d08,0x0000000100000000)
  to   space 98304K, 0% used [0x00000000f4000000,0x00000000f4000000,0x00000000fa000000)
 ParOldGen       total 1310720K, used 1120097K [0x0000000080000000, 0x00000000d0000000, 0x00000000d0000000)
  object space 1310720K, 85% used [0x0000000080000000,0x00000000c45d8538,0x00000000d0000000)
 Metaspace       used 248688K, capacity 253320K, committed 253568K, reserved 745472K
  class space    used 23918K, capacity 24839K, committed 24960K, reserved 516096K
}
{Heap before GC invocations=211 (full 2):
 PSYoungGen      total 688128K, used 592159K [0x00000000d0000000, 0x0000000100000000, 0x0000000100000000)
  eden space 589824K, 100% used [0x00000000d0000000,0x00000000f4000000,0x00000000f4000000)
  from space 98304K, 2% used [0x00000000fa000000,0x00000000fa247d08,0x0000000100000000)
  to   space 98304K, 0% used [0x00000000f4000000,0x00000000f4000000,0x00000000fa000000)
 ParOldGen       total 1310720K, used 1120097K [0x0000000080000000, 0x00000000d0000000, 0x00000000d0000000)
  object space 1310720K, 85% used [0x0000000080000000,0x00000000c45d8538,0x00000000d0000000)
 Metaspace       used 248700K, capacity 253384K, committed 253568K, reserved 745472K
  class space    used 23918K, capacity 24839K, committed 24960K, reserved 516096K
2025-05-14T20:17:33.146+0900: 7464.433: [GC (Allocation Failure) [PSYoungGen: 592159K->2579K(688128K)] 1712256K->1122809K(1998848K), 0.0116679 secs] [Times: user=0.03 sys=0.00, real=0.01 secs] 
Heap after GC invocations=211 (full 2):
 PSYoungGen      total 688128K, used 2579K [0x00000000d0000000, 0x0000000100000000, 0x0000000100000000)
  eden space 589824K, 0% used [0x00000000d0000000,0x00000000d0000000,0x00000000f4000000)
  from space 98304K, 2% used [0x00000000f4000000,0x00000000f4284ce8,0x00000000fa000000)
  to   space 98304K, 0% used [0x00000000fa000000,0x00000000fa000000,0x0000000100000000)
 ParOldGen       total 1310720K, used 1120229K [0x0000000080000000, 0x00000000d0000000, 0x00000000d0000000)
  object space 1310720K, 85% used [0x0000000080000000,0x00000000c45f97d8,0x00000000d0000000)
 Metaspace       used 248700K, capacity 253384K, committed 253568K, reserved 745472K
  class space    used 23918K, capacity 24839K, committed 24960K, reserved 516096K
}
{Heap before GC invocations=212 (full 2):
 PSYoungGen      total 688128K, used 592403K [0x00000000d0000000, 0x0000000100000000, 0x0000000100000000)
  eden space 589824K, 100% used [0x00000000d0000000,0x00000000f4000000,0x00000000f4000000)
  from space 98304K, 2% used [0x00000000f4000000,0x00000000f4284ce8,0x00000000fa000000)
  to   space 98304K, 0% used [0x00000000fa000000,0x00000000fa000000,0x0000000100000000)
 ParOldGen       total 1310720K, used 1120229K [0x0000000080000000, 0x00000000d0000000, 0x00000000d0000000)
  object space 1310720K, 85% used [0x0000000080000000,0x00000000c45f97d8,0x00000000d0000000)
 Metaspace       used 248710K, capacity 253384K, committed 253568K, reserved 745472K
  class space    used 23918K, capacity 24839K, committed 24960K, reserved 516096K
2025-05-14T20:18:35.332+0900: 7526.619: [GC (Allocation Failure) [PSYoungGen: 592403K->2241K(688128K)] 1712633K->1122688K(1998848K), 0.0119623 secs] [Times: user=0.02 sys=0.00, real=0.01 secs] 
Heap after GC invocations=212 (full 2):
 PSYoungGen      total 688128K, used 2241K [0x00000000d0000000, 0x0000000100000000, 0x0000000100000000)
  eden space 589824K, 0% used [0x00000000d0000000,0x00000000d0000000,0x00000000f4000000)
  from space 98304K, 2% used [0x00000000fa000000,0x00000000fa2304f8,0x0000000100000000)
  to   space 98304K, 0% used [0x00000000f4000000,0x00000000f4000000,0x00000000fa000000)
 ParOldGen       total 1310720K, used 1120447K [0x0000000080000000, 0x00000000d0000000, 0x00000000d0000000)
  object space 1310720K, 85% used [0x0000000080000000,0x00000000c462fd28,0x00000000d0000000)
 Metaspace       used 248710K, capacity 253384K, committed 253568K, reserved 745472K
  class space    used 23918K, capacity 24839K, committed 24960K, reserved 516096K
}
{Heap before GC invocations=213 (full 2):
 PSYoungGen      total 688128K, used 592065K [0x00000000d0000000, 0x0000000100000000, 0x0000000100000000)
  eden space 589824K, 100% used [0x00000000d0000000,0x00000000f4000000,0x00000000f4000000)
  from space 98304K, 2% used [0x00000000fa000000,0x00000000fa2304f8,0x0000000100000000)
  to   space 98304K, 0% used [0x00000000f4000000,0x00000000f4000000,0x00000000fa000000)
 ParOldGen       total 1310720K, used 1120447K [0x0000000080000000, 0x00000000d0000000, 0x00000000d0000000)
  object space 1310720K, 85% used [0x0000000080000000,0x00000000c462fd28,0x00000000d0000000)
 Metaspace       used 248720K, capacity 253384K, committed 253568K, reserved 745472K
  class space    used 23918K, capacity 24839K, committed 24960K, reserved 516096K
2025-05-14T20:19:36.515+0900: 7587.802: [GC (Allocation Failure) [PSYoungGen: 592065K->2256K(688128K)] 1712512K->1122753K(1998848K), 0.0119064 secs] [Times: user=0.02 sys=0.00, real=0.01 secs] 
Heap after GC invocations=213 (full 2):
 PSYoungGen      total 688128K, used 2256K [0x00000000d0000000, 0x0000000100000000, 0x0000000100000000)
  eden space 589824K, 0% used [0x00000000d0000000,0x00000000d0000000,0x00000000f4000000)
  from space 98304K, 2% used [0x00000000f4000000,0x00000000f42343f8,0x00000000fa000000)
  to   space 98304K, 0% used [0x00000000fa000000,0x00000000fa000000,0x0000000100000000)
 ParOldGen       total 1310720K, used 1120496K [0x0000000080000000, 0x00000000d0000000, 0x00000000d0000000)
  object space 1310720K, 85% used [0x0000000080000000,0x00000000c463c338,0x00000000d0000000)
 Metaspace       used 248720K, capacity 253384K, committed 253568K, reserved 745472K
  class space    used 23918K, capacity 24839K, committed 24960K, reserved 516096K
}
{Heap before GC invocations=214 (full 2):
 PSYoungGen      total 688128K, used 592080K [0x00000000d0000000, 0x0000000100000000, 0x0000000100000000)
  eden space 589824K, 100% used [0x00000000d0000000,0x00000000f4000000,0x00000000f4000000)
  from space 98304K, 2% used [0x00000000f4000000,0x00000000f42343f8,0x00000000fa000000)
  to   space 98304K, 0% used [0x00000000fa000000,0x00000000fa000000,0x0000000100000000)
 ParOldGen       total 1310720K, used 1120496K [0x0000000080000000, 0x00000000d0000000, 0x00000000d0000000)
  object space 1310720K, 85% used [0x0000000080000000,0x00000000c463c338,0x00000000d0000000)
 Metaspace       used 248733K, capacity 253390K, committed 253568K, reserved 745472K
  class space    used 23918K, capacity 24840K, committed 24960K, reserved 516096K
2025-05-14T20:20:37.688+0900: 7648.975: [GC (Allocation Failure) [PSYoungGen: 592080K->2096K(688128K)] 1712577K->1122665K(1998848K), 0.0118417 secs] [Times: user=0.03 sys=0.00, real=0.02 secs] 
Heap after GC invocations=214 (full 2):
 PSYoungGen      total 688128K, used 2096K [0x00000000d0000000, 0x0000000100000000, 0x0000000100000000)
  eden space 589824K, 0% used [0x00000000d0000000,0x00000000d0000000,0x00000000f4000000)
  from space 98304K, 2% used [0x00000000fa000000,0x00000000fa20c3f8,0x0000000100000000)
  to   space 98304K, 0% used [0x00000000f4000000,0x00000000f4000000,0x00000000fa000000)
 ParOldGen       total 1310720K, used 1120568K [0x0000000080000000, 0x00000000d0000000, 0x00000000d0000000)
  object space 1310720K, 85% used [0x0000000080000000,0x00000000c464e338,0x00000000d0000000)
 Metaspace       used 248733K, capacity 253390K, committed 253568K, reserved 745472K
  class space    used 23918K, capacity 24840K, committed 24960K, reserved 516096K
}
{Heap before GC invocations=215 (full 2):
 PSYoungGen      total 688128K, used 591920K [0x00000000d0000000, 0x0000000100000000, 0x0000000100000000)
  eden space 589824K, 100% used [0x00000000d0000000,0x00000000f4000000,0x00000000f4000000)
  from space 98304K, 2% used [0x00000000fa000000,0x00000000fa20c3f8,0x0000000100000000)
  to   space 98304K, 0% used [0x00000000f4000000,0x00000000f4000000,0x00000000fa000000)
 ParOldGen       total 1310720K, used 1120568K [0x0000000080000000, 0x00000000d0000000, 0x00000000d0000000)
  object space 1310720K, 85% used [0x0000000080000000,0x00000000c464e338,0x00000000d0000000)
 Metaspace       used 248813K, capacity 253390K, committed 253568K, reserved 745472K
  class space    used 23920K, capacity 24840K, committed 24960K, reserved 516096K
2025-05-14T20:21:36.028+0900: 7707.315: [GC (Allocation Failure) [PSYoungGen: 591920K->1926K(688128K)] 1712489K->1122820K(1998848K), 0.0123028 secs] [Times: user=0.03 sys=0.00, real=0.02 secs] 
Heap after GC invocations=215 (full 2):
 PSYoungGen      total 688128K, used 1926K [0x00000000d0000000, 0x0000000100000000, 0x0000000100000000)
  eden space 589824K, 0% used [0x00000000d0000000,0x00000000d0000000,0x00000000f4000000)
  from space 98304K, 1% used [0x00000000f4000000,0x00000000f41e1b58,0x00000000fa000000)
  to   space 98304K, 0% used [0x00000000fa000000,0x00000000fa000000,0x0000000100000000)
 ParOldGen       total 1310720K, used 1120893K [0x0000000080000000, 0x00000000d0000000, 0x00000000d0000000)
  object space 1310720K, 85% used [0x0000000080000000,0x00000000c469f4f8,0x00000000d0000000)
 Metaspace       used 248813K, capacity 253390K, committed 253568K, reserved 745472K
  class space    used 23920K, capacity 24840K, committed 24960K, reserved 516096K
}
{Heap before GC invocations=216 (full 2):
 PSYoungGen      total 688128K, used 591750K [0x00000000d0000000, 0x0000000100000000, 0x0000000100000000)
  eden space 589824K, 100% used [0x00000000d0000000,0x00000000f4000000,0x00000000f4000000)
  from space 98304K, 1% used [0x00000000f4000000,0x00000000f41e1b58,0x00000000fa000000)
  to   space 98304K, 0% used [0x00000000fa000000,0x00000000fa000000,0x0000000100000000)
 ParOldGen       total 1310720K, used 1120893K [0x0000000080000000, 0x00000000d0000000, 0x00000000d0000000)
  object space 1310720K, 85% used [0x0000000080000000,0x00000000c469f4f8,0x00000000d0000000)
 Metaspace       used 248846K, capacity 253472K, committed 253824K, reserved 745472K
  class space    used 23921K, capacity 24843K, committed 24960K, reserved 516096K
2025-05-14T20:22:37.298+0900: 7768.586: [GC (Allocation Failure) [PSYoungGen: 591750K->2775K(688128K)] 1712644K->1123713K(1998848K), 0.0126109 secs] [Times: user=0.03 sys=0.00, real=0.01 secs] 
Heap after GC invocations=216 (full 2):
 PSYoungGen      total 688128K, used 2775K [0x00000000d0000000, 0x0000000100000000, 0x0000000100000000)
  eden space 589824K, 0% used [0x00000000d0000000,0x00000000d0000000,0x00000000f4000000)
  from space 98304K, 2% used [0x00000000fa000000,0x00000000fa2b5f68,0x0000000100000000)
  to   space 98304K, 0% used [0x00000000f4000000,0x00000000f4000000,0x00000000fa000000)
 ParOldGen       total 1310720K, used 1120937K [0x0000000080000000, 0x00000000d0000000, 0x00000000d0000000)
  object space 1310720K, 85% used [0x0000000080000000,0x00000000c46aa518,0x00000000d0000000)
 Metaspace       used 248846K, capacity 253472K, committed 253824K, reserved 745472K
  class space    used 23921K, capacity 24843K, committed 24960K, reserved 516096K
}
{Heap before GC invocations=217 (full 2):
 PSYoungGen      total 688128K, used 592599K [0x00000000d0000000, 0x0000000100000000, 0x0000000100000000)
  eden space 589824K, 100% used [0x00000000d0000000,0x00000000f4000000,0x00000000f4000000)
  from space 98304K, 2% used [0x00000000fa000000,0x00000000fa2b5f68,0x0000000100000000)
  to   space 98304K, 0% used [0x00000000f4000000,0x00000000f4000000,0x00000000fa000000)
 ParOldGen       total 1310720K, used 1120937K [0x0000000080000000, 0x00000000d0000000, 0x00000000d0000000)
  object space 1310720K, 85% used [0x0000000080000000,0x00000000c46aa518,0x00000000d0000000)
 Metaspace       used 248876K, capacity 253478K, committed 253824K, reserved 745472K
  class space    used 23922K, capacity 24844K, committed 24960K, reserved 516096K
2025-05-14T20:23:39.188+0900: 7830.475: [GC (Allocation Failure) [PSYoungGen: 592599K->2757K(688128K)] 1713537K->1123718K(1998848K), 0.0140387 secs] [Times: user=0.03 sys=0.00, real=0.02 secs] 
Heap after GC invocations=217 (full 2):
 PSYoungGen      total 688128K, used 2757K [0x00000000d0000000, 0x0000000100000000, 0x0000000100000000)
  eden space 589824K, 0% used [0x00000000d0000000,0x00000000d0000000,0x00000000f4000000)
  from space 98304K, 2% used [0x00000000f4000000,0x00000000f42b1688,0x00000000fa000000)
  to   space 98304K, 0% used [0x00000000fa000000,0x00000000fa000000,0x0000000100000000)
 ParOldGen       total 1310720K, used 1120961K [0x0000000080000000, 0x00000000d0000000, 0x00000000d0000000)
  object space 1310720K, 85% used [0x0000000080000000,0x00000000c46b0518,0x00000000d0000000)
 Metaspace       used 248876K, capacity 253478K, committed 253824K, reserved 745472K
  class space    used 23922K, capacity 24844K, committed 24960K, reserved 516096K
}
{Heap before GC invocations=218 (full 2):
 PSYoungGen      total 688128K, used 592581K [0x00000000d0000000, 0x0000000100000000, 0x0000000100000000)
  eden space 589824K, 100% used [0x00000000d0000000,0x00000000f4000000,0x00000000f4000000)
  from space 98304K, 2% used [0x00000000f4000000,0x00000000f42b1688,0x00000000fa000000)
  to   space 98304K, 0% used [0x00000000fa000000,0x00000000fa000000,0x0000000100000000)
 ParOldGen       total 1310720K, used 1120961K [0x0000000080000000, 0x00000000d0000000, 0x00000000d0000000)
  object space 1310720K, 85% used [0x0000000080000000,0x00000000c46b0518,0x00000000d0000000)
 Metaspace       used 248890K, capacity 253478K, committed 253824K, reserved 745472K
  class space    used 23922K, capacity 24844K, committed 24960K, reserved 516096K
2025-05-14T20:24:41.376+0900: 7892.663: [GC (Allocation Failure) [PSYoungGen: 592581K->2314K(688128K)] 1713542K->1123778K(1998848K), 0.0117168 secs] [Times: user=0.04 sys=0.00, real=0.01 secs] 
Heap after GC invocations=218 (full 2):
 PSYoungGen      total 688128K, used 2314K [0x00000000d0000000, 0x0000000100000000, 0x0000000100000000)
  eden space 589824K, 0% used [0x00000000d0000000,0x00000000d0000000,0x00000000f4000000)
  from space 98304K, 2% used [0x00000000fa000000,0x00000000fa2428a0,0x0000000100000000)
  to   space 98304K, 0% used [0x00000000f4000000,0x00000000f4000000,0x00000000fa000000)
 ParOldGen       total 1310720K, used 1121464K [0x0000000080000000, 0x00000000d0000000, 0x00000000d0000000)
  object space 1310720K, 85% used [0x0000000080000000,0x00000000c472e108,0x00000000d0000000)
 Metaspace       used 248890K, capacity 253478K, committed 253824K, reserved 745472K
  class space    used 23922K, capacity 24844K, committed 24960K, reserved 516096K
}
{Heap before GC invocations=219 (full 2):
 PSYoungGen      total 688128K, used 592138K [0x00000000d0000000, 0x0000000100000000, 0x0000000100000000)
  eden space 589824K, 100% used [0x00000000d0000000,0x00000000f4000000,0x00000000f4000000)
  from space 98304K, 2% used [0x00000000fa000000,0x00000000fa2428a0,0x0000000100000000)
  to   space 98304K, 0% used [0x00000000f4000000,0x00000000f4000000,0x00000000fa000000)
 ParOldGen       total 1310720K, used 1121464K [0x0000000080000000, 0x00000000d0000000, 0x00000000d0000000)
  object space 1310720K, 85% used [0x0000000080000000,0x00000000c472e108,0x00000000d0000000)
 Metaspace       used 248892K, capacity 253478K, committed 253824K, reserved 745472K
  class space    used 23922K, capacity 24844K, committed 24960K, reserved 516096K
2025-05-14T20:25:39.492+0900: 7950.779: [GC (Allocation Failure) [PSYoungGen: 592138K->2060K(688128K)] 1713602K->1123799K(1998848K), 0.0122194 secs] [Times: user=0.03 sys=0.00, real=0.01 secs] 
Heap after GC invocations=219 (full 2):
 PSYoungGen      total 688128K, used 2060K [0x00000000d0000000, 0x0000000100000000, 0x0000000100000000)
  eden space 589824K, 0% used [0x00000000d0000000,0x00000000d0000000,0x00000000f4000000)
  from space 98304K, 2% used [0x00000000f4000000,0x00000000f4203198,0x00000000fa000000)
  to   space 98304K, 0% used [0x00000000fa000000,0x00000000fa000000,0x0000000100000000)
 ParOldGen       total 1310720K, used 1121739K [0x0000000080000000, 0x00000000d0000000, 0x00000000d0000000)
  object space 1310720K, 85% used [0x0000000080000000,0x00000000c4772c08,0x00000000d0000000)
 Metaspace       used 248892K, capacity 253478K, committed 253824K, reserved 745472K
  class space    used 23922K, capacity 24844K, committed 24960K, reserved 516096K
}
{Heap before GC invocations=220 (full 2):
 PSYoungGen      total 688128K, used 591884K [0x00000000d0000000, 0x0000000100000000, 0x0000000100000000)
  eden space 589824K, 100% used [0x00000000d0000000,0x00000000f4000000,0x00000000f4000000)
  from space 98304K, 2% used [0x00000000f4000000,0x00000000f4203198,0x00000000fa000000)
  to   space 98304K, 0% used [0x00000000fa000000,0x00000000fa000000,0x0000000100000000)
 ParOldGen       total 1310720K, used 1121739K [0x0000000080000000, 0x00000000d0000000, 0x00000000d0000000)
  object space 1310720K, 85% used [0x0000000080000000,0x00000000c4772c08,0x00000000d0000000)
 Metaspace       used 248911K, capacity 253478K, committed 253824K, reserved 745472K
  class space    used 23922K, capacity 24844K, committed 24960K, reserved 516096K
2025-05-14T20:26:39.659+0900: 8010.946: [GC (Allocation Failure) [PSYoungGen: 591884K->2150K(688128K)] 1713623K->1123913K(1998848K), 0.0126844 secs] [Times: user=0.03 sys=0.00, real=0.01 secs] 
Heap after GC invocations=220 (full 2):
 PSYoungGen      total 688128K, used 2150K [0x00000000d0000000, 0x0000000100000000, 0x0000000100000000)
  eden space 589824K, 0% used [0x00000000d0000000,0x00000000d0000000,0x00000000f4000000)
  from space 98304K, 2% used [0x00000000fa000000,0x00000000fa219920,0x0000000100000000)
  to   space 98304K, 0% used [0x00000000f4000000,0x00000000f4000000,0x00000000fa000000)
 ParOldGen       total 1310720K, used 1121763K [0x0000000080000000, 0x00000000d0000000, 0x00000000d0000000)
  object space 1310720K, 85% used [0x0000000080000000,0x00000000c4778c08,0x00000000d0000000)
 Metaspace       used 248911K, capacity 253478K, committed 253824K, reserved 745472K
  class space    used 23922K, capacity 24844K, committed 24960K, reserved 516096K
}
{Heap before GC invocations=221 (full 2):
 PSYoungGen      total 688128K, used 591974K [0x00000000d0000000, 0x0000000100000000, 0x0000000100000000)
  eden space 589824K, 100% used [0x00000000d0000000,0x00000000f4000000,0x00000000f4000000)
  from space 98304K, 2% used [0x00000000fa000000,0x00000000fa219920,0x0000000100000000)
  to   space 98304K, 0% used [0x00000000f4000000,0x00000000f4000000,0x00000000fa000000)
 ParOldGen       total 1310720K, used 1121763K [0x0000000080000000, 0x00000000d0000000, 0x00000000d0000000)
  object space 1310720K, 85% used [0x0000000080000000,0x00000000c4778c08,0x00000000d0000000)
 Metaspace       used 248926K, capacity 253542K, committed 253824K, reserved 745472K
  class space    used 23922K, capacity 24844K, committed 24960K, reserved 516096K
2025-05-14T20:27:39.854+0900: 8071.142: [GC (Allocation Failure) [PSYoungGen: 591974K->2121K(688128K)] 1713737K->1123916K(1998848K), 0.0120624 secs] [Times: user=0.03 sys=0.00, real=0.01 secs] 
Heap after GC invocations=221 (full 2):
 PSYoungGen      total 688128K, used 2121K [0x00000000d0000000, 0x0000000100000000, 0x0000000100000000)
  eden space 589824K, 0% used [0x00000000d0000000,0x00000000d0000000,0x00000000f4000000)
  from space 98304K, 2% used [0x00000000f4000000,0x00000000f42127c8,0x00000000fa000000)
  to   space 98304K, 0% used [0x00000000fa000000,0x00000000fa000000,0x0000000100000000)
 ParOldGen       total 1310720K, used 1121795K [0x0000000080000000, 0x00000000d0000000, 0x00000000d0000000)
  object space 1310720K, 85% used [0x0000000080000000,0x00000000c4780c08,0x00000000d0000000)
 Metaspace       used 248926K, capacity 253542K, committed 253824K, reserved 745472K
  class space    used 23922K, capacity 24844K, committed 24960K, reserved 516096K
}
{Heap before GC invocations=222 (full 2):
 PSYoungGen      total 688128K, used 591945K [0x00000000d0000000, 0x0000000100000000, 0x0000000100000000)
  eden space 589824K, 100% used [0x00000000d0000000,0x00000000f4000000,0x00000000f4000000)
  from space 98304K, 2% used [0x00000000f4000000,0x00000000f42127c8,0x00000000fa000000)
  to   space 98304K, 0% used [0x00000000fa000000,0x00000000fa000000,0x0000000100000000)
 ParOldGen       total 1310720K, used 1121795K [0x0000000080000000, 0x00000000d0000000, 0x00000000d0000000)
  object space 1310720K, 85% used [0x0000000080000000,0x00000000c4780c08,0x00000000d0000000)
 Metaspace       used 248926K, capacity 253542K, committed 253824K, reserved 745472K
  class space    used 23922K, capacity 24844K, committed 24960K, reserved 516096K
2025-05-14T20:28:42.051+0900: 8133.338: [GC (Allocation Failure) [PSYoungGen: 591945K->2000K(688128K)] 1713740K->1123811K(1998848K), 0.0119389 secs] [Times: user=0.03 sys=0.00, real=0.01 secs] 
Heap after GC invocations=222 (full 2):
 PSYoungGen      total 688128K, used 2000K [0x00000000d0000000, 0x0000000100000000, 0x0000000100000000)
  eden space 589824K, 0% used [0x00000000d0000000,0x00000000d0000000,0x00000000f4000000)
  from space 98304K, 2% used [0x00000000fa000000,0x00000000fa1f4010,0x0000000100000000)
  to   space 98304K, 0% used [0x00000000f4000000,0x00000000f4000000,0x00000000fa000000)
 ParOldGen       total 1310720K, used 1121811K [0x0000000080000000, 0x00000000d0000000, 0x00000000d0000000)
  object space 1310720K, 85% used [0x0000000080000000,0x00000000c4784c08,0x00000000d0000000)
 Metaspace       used 248926K, capacity 253542K, committed 253824K, reserved 745472K
  class space    used 23922K, capacity 24844K, committed 24960K, reserved 516096K
}
{Heap before GC invocations=223 (full 2):
 PSYoungGen      total 688128K, used 591824K [0x00000000d0000000, 0x0000000100000000, 0x0000000100000000)
  eden space 589824K, 100% used [0x00000000d0000000,0x00000000f4000000,0x00000000f4000000)
  from space 98304K, 2% used [0x00000000fa000000,0x00000000fa1f4010,0x0000000100000000)
  to   space 98304K, 0% used [0x00000000f4000000,0x00000000f4000000,0x00000000fa000000)
 ParOldGen       total 1310720K, used 1121811K [0x0000000080000000, 0x00000000d0000000, 0x00000000d0000000)
  object space 1310720K, 85% used [0x0000000080000000,0x00000000c4784c08,0x00000000d0000000)
 Metaspace       used 248944K, capacity 253548K, committed 253824K, reserved 745472K
  class space    used 23923K, capacity 24845K, committed 24960K, reserved 516096K
2025-05-14T20:29:43.228+0900: 8194.515: [GC (Allocation Failure) [PSYoungGen: 591824K->2112K(688128K)] 1713635K->1123955K(1998848K), 0.0115612 secs] [Times: user=0.03 sys=0.00, real=0.02 secs] 
Heap after GC invocations=223 (full 2):
 PSYoungGen      total 688128K, used 2112K [0x00000000d0000000, 0x0000000100000000, 0x0000000100000000)
  eden space 589824K, 0% used [0x00000000d0000000,0x00000000d0000000,0x00000000f4000000)
  from space 98304K, 2% used [0x00000000f4000000,0x00000000f42101a0,0x00000000fa000000)
  to   space 98304K, 0% used [0x00000000fa000000,0x00000000fa000000,0x0000000100000000)
 ParOldGen       total 1310720K, used 1121843K [0x0000000080000000, 0x00000000d0000000, 0x00000000d0000000)
  object space 1310720K, 85% used [0x0000000080000000,0x00000000c478cc08,0x00000000d0000000)
 Metaspace       used 248944K, capacity 253548K, committed 253824K, reserved 745472K
  class space    used 23923K, capacity 24845K, committed 24960K, reserved 516096K
}
{Heap before GC invocations=224 (full 2):
 PSYoungGen      total 688128K, used 591936K [0x00000000d0000000, 0x0000000100000000, 0x0000000100000000)
  eden space 589824K, 100% used [0x00000000d0000000,0x00000000f4000000,0x00000000f4000000)
  from space 98304K, 2% used [0x00000000f4000000,0x00000000f42101a0,0x00000000fa000000)
  to   space 98304K, 0% used [0x00000000fa000000,0x00000000fa000000,0x0000000100000000)
 ParOldGen       total 1310720K, used 1121843K [0x0000000080000000, 0x00000000d0000000, 0x00000000d0000000)
  object space 1310720K, 85% used [0x0000000080000000,0x00000000c478cc08,0x00000000d0000000)
 Metaspace       used 248945K, capacity 253548K, committed 253824K, reserved 745472K
  class space    used 23923K, capacity 24845K, committed 24960K, reserved 516096K
2025-05-14T20:30:45.425+0900: 8256.712: [GC (Allocation Failure) [PSYoungGen: 591936K->2176K(688128K)] 1713779K->1124051K(1998848K), 0.0114445 secs] [Times: user=0.03 sys=0.00, real=0.01 secs] 
Heap after GC invocations=224 (full 2):
 PSYoungGen      total 688128K, used 2176K [0x00000000d0000000, 0x0000000100000000, 0x0000000100000000)
  eden space 589824K, 0% used [0x00000000d0000000,0x00000000d0000000,0x00000000f4000000)
  from space 98304K, 2% used [0x00000000fa000000,0x00000000fa2201a0,0x0000000100000000)
  to   space 98304K, 0% used [0x00000000f4000000,0x00000000f4000000,0x00000000fa000000)
 ParOldGen       total 1310720K, used 1121875K [0x0000000080000000, 0x00000000d0000000, 0x00000000d0000000)
  object space 1310720K, 85% used [0x0000000080000000,0x00000000c4794c08,0x00000000d0000000)
 Metaspace       used 248945K, capacity 253548K, committed 253824K, reserved 745472K
  class space    used 23923K, capacity 24845K, committed 24960K, reserved 516096K
}
{Heap before GC invocations=225 (full 2):
 PSYoungGen      total 688128K, used 592000K [0x00000000d0000000, 0x0000000100000000, 0x0000000100000000)
  eden space 589824K, 100% used [0x00000000d0000000,0x00000000f4000000,0x00000000f4000000)
  from space 98304K, 2% used [0x00000000fa000000,0x00000000fa2201a0,0x0000000100000000)
  to   space 98304K, 0% used [0x00000000f4000000,0x00000000f4000000,0x00000000fa000000)
 ParOldGen       total 1310720K, used 1121875K [0x0000000080000000, 0x00000000d0000000, 0x00000000d0000000)
  object space 1310720K, 85% used [0x0000000080000000,0x00000000c4794c08,0x00000000d0000000)
 Metaspace       used 248949K, capacity 253548K, committed 253824K, reserved 745472K
  class space    used 23923K, capacity 24845K, committed 24960K, reserved 516096K
2025-05-14T20:31:46.586+0900: 8317.873: [GC (Allocation Failure) [PSYoungGen: 592000K->2595K(688128K)] 1713875K->1124494K(1998848K), 0.0119331 secs] [Times: user=0.04 sys=0.00, real=0.01 secs] 
Heap after GC invocations=225 (full 2):
 PSYoungGen      total 688128K, used 2595K [0x00000000d0000000, 0x0000000100000000, 0x0000000100000000)
  eden space 589824K, 0% used [0x00000000d0000000,0x00000000d0000000,0x00000000f4000000)
  from space 98304K, 2% used [0x00000000f4000000,0x00000000f4288c48,0x00000000fa000000)
  to   space 98304K, 0% used [0x00000000fa000000,0x00000000fa000000,0x0000000100000000)
 ParOldGen       total 1310720K, used 1121899K [0x0000000080000000, 0x00000000d0000000, 0x00000000d0000000)
  object space 1310720K, 85% used [0x0000000080000000,0x00000000c479ac08,0x00000000d0000000)
 Metaspace       used 248949K, capacity 253548K, committed 253824K, reserved 745472K
  class space    used 23923K, capacity 24845K, committed 24960K, reserved 516096K
}
{Heap before GC invocations=226 (full 2):
 PSYoungGen      total 688128K, used 592419K [0x00000000d0000000, 0x0000000100000000, 0x0000000100000000)
  eden space 589824K, 100% used [0x00000000d0000000,0x00000000f4000000,0x00000000f4000000)
  from space 98304K, 2% used [0x00000000f4000000,0x00000000f4288c48,0x00000000fa000000)
  to   space 98304K, 0% used [0x00000000fa000000,0x00000000fa000000,0x0000000100000000)
 ParOldGen       total 1310720K, used 1121899K [0x0000000080000000, 0x00000000d0000000, 0x00000000d0000000)
  object space 1310720K, 85% used [0x0000000080000000,0x00000000c479ac08,0x00000000d0000000)
 Metaspace       used 248966K, capacity 253548K, committed 253824K, reserved 745472K
  class space    used 23923K, capacity 24845K, committed 24960K, reserved 516096K
2025-05-14T20:32:46.764+0900: 8378.051: [GC (Allocation Failure) [PSYoungGen: 592419K->2467K(688128K)] 1714318K->1124398K(1998848K), 0.0115181 secs] [Times: user=0.03 sys=0.00, real=0.01 secs] 
Heap after GC invocations=226 (full 2):
 PSYoungGen      total 688128K, used 2467K [0x00000000d0000000, 0x0000000100000000, 0x0000000100000000)
  eden space 589824K, 0% used [0x00000000d0000000,0x00000000d0000000,0x00000000f4000000)
  from space 98304K, 2% used [0x00000000fa000000,0x00000000fa268d28,0x0000000100000000)
  to   space 98304K, 0% used [0x00000000f4000000,0x00000000f4000000,0x00000000fa000000)
 ParOldGen       total 1310720K, used 1121931K [0x0000000080000000, 0x00000000d0000000, 0x00000000d0000000)
  object space 1310720K, 85% used [0x0000000080000000,0x00000000c47a2c08,0x00000000d0000000)
 Metaspace       used 248966K, capacity 253548K, committed 253824K, reserved 745472K
  class space    used 23923K, capacity 24845K, committed 24960K, reserved 516096K
}
{Heap before GC invocations=227 (full 2):
 PSYoungGen      total 688128K, used 592291K [0x00000000d0000000, 0x0000000100000000, 0x0000000100000000)
  eden space 589824K, 100% used [0x00000000d0000000,0x00000000f4000000,0x00000000f4000000)
  from space 98304K, 2% used [0x00000000fa000000,0x00000000fa268d28,0x0000000100000000)
  to   space 98304K, 0% used [0x00000000f4000000,0x00000000f4000000,0x00000000fa000000)
 ParOldGen       total 1310720K, used 1121931K [0x0000000080000000, 0x00000000d0000000, 0x00000000d0000000)
  object space 1310720K, 85% used [0x0000000080000000,0x00000000c47a2c08,0x00000000d0000000)
 Metaspace       used 248980K, capacity 253548K, committed 253824K, reserved 745472K
  class space    used 23923K, capacity 24845K, committed 24960K, reserved 516096K
2025-05-14T20:33:48.134+0900: 8439.421: [GC (Allocation Failure) [PSYoungGen: 592291K->2588K(688128K)] 1714222K->1124552K(1998848K), 0.0122644 secs] [Times: user=0.03 sys=0.00, real=0.01 secs] 
Heap after GC invocations=227 (full 2):
 PSYoungGen      total 688128K, used 2588K [0x00000000d0000000, 0x0000000100000000, 0x0000000100000000)
  eden space 589824K, 0% used [0x00000000d0000000,0x00000000d0000000,0x00000000f4000000)
  from space 98304K, 2% used [0x00000000f4000000,0x00000000f42873f8,0x00000000fa000000)
  to   space 98304K, 0% used [0x00000000fa000000,0x00000000fa000000,0x0000000100000000)
 ParOldGen       total 1310720K, used 1121963K [0x0000000080000000, 0x00000000d0000000, 0x00000000d0000000)
  object space 1310720K, 85% used [0x0000000080000000,0x00000000c47aac08,0x00000000d0000000)
 Metaspace       used 248980K, capacity 253548K, committed 253824K, reserved 745472K
  class space    used 23923K, capacity 24845K, committed 24960K, reserved 516096K
}
{Heap before GC invocations=228 (full 2):
 PSYoungGen      total 688128K, used 592412K [0x00000000d0000000, 0x0000000100000000, 0x0000000100000000)
  eden space 589824K, 100% used [0x00000000d0000000,0x00000000f4000000,0x00000000f4000000)
  from space 98304K, 2% used [0x00000000f4000000,0x00000000f42873f8,0x00000000fa000000)
  to   space 98304K, 0% used [0x00000000fa000000,0x00000000fa000000,0x0000000100000000)
 ParOldGen       total 1310720K, used 1121963K [0x0000000080000000, 0x00000000d0000000, 0x00000000d0000000)
  object space 1310720K, 85% used [0x0000000080000000,0x00000000c47aac08,0x00000000d0000000)
 Metaspace       used 248981K, capacity 253548K, committed 253824K, reserved 745472K
  class space    used 23923K, capacity 24845K, committed 24960K, reserved 516096K
2025-05-14T20:34:51.111+0900: 8502.399: [GC (Allocation Failure) [PSYoungGen: 592412K->2573K(688128K)] 1714376K->1124564K(1998848K), 0.0119379 secs] [Times: user=0.03 sys=0.00, real=0.01 secs] 
Heap after GC invocations=228 (full 2):
 PSYoungGen      total 688128K, used 2573K [0x00000000d0000000, 0x0000000100000000, 0x0000000100000000)
  eden space 589824K, 0% used [0x00000000d0000000,0x00000000d0000000,0x00000000f4000000)
  from space 98304K, 2% used [0x00000000fa000000,0x00000000fa283408,0x0000000100000000)
  to   space 98304K, 0% used [0x00000000f4000000,0x00000000f4000000,0x00000000fa000000)
 ParOldGen       total 1310720K, used 1121991K [0x0000000080000000, 0x00000000d0000000, 0x00000000d0000000)
  object space 1310720K, 85% used [0x0000000080000000,0x00000000c47b1c18,0x00000000d0000000)
 Metaspace       used 248981K, capacity 253548K, committed 253824K, reserved 745472K
  class space    used 23923K, capacity 24845K, committed 24960K, reserved 516096K
}
{Heap before GC invocations=229 (full 2):
 PSYoungGen      total 688128K, used 592397K [0x00000000d0000000, 0x0000000100000000, 0x0000000100000000)
  eden space 589824K, 100% used [0x00000000d0000000,0x00000000f4000000,0x00000000f4000000)
  from space 98304K, 2% used [0x00000000fa000000,0x00000000fa283408,0x0000000100000000)
  to   space 98304K, 0% used [0x00000000f4000000,0x00000000f4000000,0x00000000fa000000)
 ParOldGen       total 1310720K, used 1121991K [0x0000000080000000, 0x00000000d0000000, 0x00000000d0000000)
  object space 1310720K, 85% used [0x0000000080000000,0x00000000c47b1c18,0x00000000d0000000)
 Metaspace       used 248981K, capacity 253548K, committed 253824K, reserved 745472K
  class space    used 23923K, capacity 24845K, committed 24960K, reserved 516096K
2025-05-14T20:35:52.314+0900: 8563.601: [GC (Allocation Failure) [PSYoungGen: 592397K->2556K(688128K)] 1714388K->1124607K(1998848K), 0.0126839 secs] [Times: user=0.03 sys=0.00, real=0.01 secs] 
Heap after GC invocations=229 (full 2):
 PSYoungGen      total 688128K, used 2556K [0x00000000d0000000, 0x0000000100000000, 0x0000000100000000)
  eden space 589824K, 0% used [0x00000000d0000000,0x00000000d0000000,0x00000000f4000000)
  from space 98304K, 2% used [0x00000000f4000000,0x00000000f427f3f8,0x00000000fa000000)
  to   space 98304K, 0% used [0x00000000fa000000,0x00000000fa000000,0x0000000100000000)
 ParOldGen       total 1310720K, used 1122050K [0x0000000080000000, 0x00000000d0000000, 0x00000000d0000000)
  object space 1310720K, 85% used [0x0000000080000000,0x00000000c47c0ad8,0x00000000d0000000)
 Metaspace       used 248981K, capacity 253548K, committed 253824K, reserved 745472K
  class space    used 23923K, capacity 24845K, committed 24960K, reserved 516096K
}
{Heap before GC invocations=230 (full 2):
 PSYoungGen      total 688128K, used 592380K [0x00000000d0000000, 0x0000000100000000, 0x0000000100000000)
  eden space 589824K, 100% used [0x00000000d0000000,0x00000000f4000000,0x00000000f4000000)
  from space 98304K, 2% used [0x00000000f4000000,0x00000000f427f3f8,0x00000000fa000000)
  to   space 98304K, 0% used [0x00000000fa000000,0x00000000fa000000,0x0000000100000000)
 ParOldGen       total 1310720K, used 1122050K [0x0000000080000000, 0x00000000d0000000, 0x00000000d0000000)
  object space 1310720K, 85% used [0x0000000080000000,0x00000000c47c0ad8,0x00000000d0000000)
 Metaspace       used 248981K, capacity 253548K, committed 253824K, reserved 745472K
  class space    used 23923K, capacity 24845K, committed 24960K, reserved 516096K
2025-05-14T20:36:54.735+0900: 8626.022: [GC (Allocation Failure) [PSYoungGen: 592380K->2444K(688128K)] 1714431K->1124632K(1998848K), 0.0119990 secs] [Times: user=0.03 sys=0.00, real=0.01 secs] 
Heap after GC invocations=230 (full 2):
 PSYoungGen      total 688128K, used 2444K [0x00000000d0000000, 0x0000000100000000, 0x0000000100000000)
  eden space 589824K, 0% used [0x00000000d0000000,0x00000000d0000000,0x00000000f4000000)
  from space 98304K, 2% used [0x00000000fa000000,0x00000000fa2633e8,0x0000000100000000)
  to   space 98304K, 0% used [0x00000000f4000000,0x00000000f4000000,0x00000000fa000000)
 ParOldGen       total 1310720K, used 1122187K [0x0000000080000000, 0x00000000d0000000, 0x00000000d0000000)
  object space 1310720K, 85% used [0x0000000080000000,0x00000000c47e2f28,0x00000000d0000000)
 Metaspace       used 248981K, capacity 253548K, committed 253824K, reserved 745472K
  class space    used 23923K, capacity 24845K, committed 24960K, reserved 516096K
}
{Heap before GC invocations=231 (full 2):
 PSYoungGen      total 688128K, used 592268K [0x00000000d0000000, 0x0000000100000000, 0x0000000100000000)
  eden space 589824K, 100% used [0x00000000d0000000,0x00000000f4000000,0x00000000f4000000)
  from space 98304K, 2% used [0x00000000fa000000,0x00000000fa2633e8,0x0000000100000000)
  to   space 98304K, 0% used [0x00000000f4000000,0x00000000f4000000,0x00000000fa000000)
 ParOldGen       total 1310720K, used 1122187K [0x0000000080000000, 0x00000000d0000000, 0x00000000d0000000)
  object space 1310720K, 85% used [0x0000000080000000,0x00000000c47e2f28,0x00000000d0000000)
 Metaspace       used 249007K, capacity 253584K, committed 253824K, reserved 745472K
  class space    used 23926K, capacity 24851K, committed 24960K, reserved 516096K
2025-05-14T20:37:56.054+0900: 8687.341: [GC (Allocation Failure) [PSYoungGen: 592268K->2012K(688128K)] 1714456K->1124819K(1998848K), 0.0117433 secs] [Times: user=0.04 sys=0.00, real=0.01 secs] 
Heap after GC invocations=231 (full 2):
 PSYoungGen      total 688128K, used 2012K [0x00000000d0000000, 0x0000000100000000, 0x0000000100000000)
  eden space 589824K, 0% used [0x00000000d0000000,0x00000000d0000000,0x00000000f4000000)
  from space 98304K, 2% used [0x00000000f4000000,0x00000000f41f73f8,0x00000000fa000000)
  to   space 98304K, 0% used [0x00000000fa000000,0x00000000fa000000,0x0000000100000000)
 ParOldGen       total 1310720K, used 1122806K [0x0000000080000000, 0x00000000d0000000, 0x00000000d0000000)
  object space 1310720K, 85% used [0x0000000080000000,0x00000000c487d978,0x00000000d0000000)
 Metaspace       used 249007K, capacity 253584K, committed 253824K, reserved 745472K
  class space    used 23926K, capacity 24851K, committed 24960K, reserved 516096K
}
{Heap before GC invocations=232 (full 2):
 PSYoungGen      total 688128K, used 591836K [0x00000000d0000000, 0x0000000100000000, 0x0000000100000000)
  eden space 589824K, 100% used [0x00000000d0000000,0x00000000f4000000,0x00000000f4000000)
  from space 98304K, 2% used [0x00000000f4000000,0x00000000f41f73f8,0x00000000fa000000)
  to   space 98304K, 0% used [0x00000000fa000000,0x00000000fa000000,0x0000000100000000)
 ParOldGen       total 1310720K, used 1122806K [0x0000000080000000, 0x00000000d0000000, 0x00000000d0000000)
  object space 1310720K, 85% used [0x0000000080000000,0x00000000c487d978,0x00000000d0000000)
 Metaspace       used 249015K, capacity 253584K, committed 253824K, reserved 745472K
  class space    used 23926K, capacity 24851K, committed 24960K, reserved 516096K
2025-05-14T20:38:57.854+0900: 8749.141: [GC (Allocation Failure) [PSYoungGen: 591836K->2032K(688128K)] 1714643K->1124862K(1998848K), 0.0120004 secs] [Times: user=0.02 sys=0.00, real=0.01 secs] 
Heap after GC invocations=232 (full 2):
 PSYoungGen      total 688128K, used 2032K [0x00000000d0000000, 0x0000000100000000, 0x0000000100000000)
  eden space 589824K, 0% used [0x00000000d0000000,0x00000000d0000000,0x00000000f4000000)
  from space 98304K, 2% used [0x00000000fa000000,0x00000000fa1fc1b0,0x0000000100000000)
  to   space 98304K, 0% used [0x00000000f4000000,0x00000000f4000000,0x00000000fa000000)
 ParOldGen       total 1310720K, used 1122830K [0x0000000080000000, 0x00000000d0000000, 0x00000000d0000000)
  object space 1310720K, 85% used [0x0000000080000000,0x00000000c4883978,0x00000000d0000000)
 Metaspace       used 249015K, capacity 253584K, committed 253824K, reserved 745472K
  class space    used 23926K, capacity 24851K, committed 24960K, reserved 516096K
}
{Heap before GC invocations=233 (full 2):
 PSYoungGen      total 688128K, used 591856K [0x00000000d0000000, 0x0000000100000000, 0x0000000100000000)
  eden space 589824K, 100% used [0x00000000d0000000,0x00000000f4000000,0x00000000f4000000)
  from space 98304K, 2% used [0x00000000fa000000,0x00000000fa1fc1b0,0x0000000100000000)
  to   space 98304K, 0% used [0x00000000f4000000,0x00000000f4000000,0x00000000fa000000)
 ParOldGen       total 1310720K, used 1122830K [0x0000000080000000, 0x00000000d0000000, 0x00000000d0000000)
  object space 1310720K, 85% used [0x0000000080000000,0x00000000c4883978,0x00000000d0000000)
 Metaspace       used 249015K, capacity 253584K, committed 253824K, reserved 745472K
  class space    used 23926K, capacity 24851K, committed 24960K, reserved 516096K
2025-05-14T20:40:00.062+0900: 8811.349: [GC (Allocation Failure) [PSYoungGen: 591856K->1997K(688128K)] 1714686K->1124851K(1998848K), 0.0130585 secs] [Times: user=0.03 sys=0.00, real=0.01 secs] 
Heap after GC invocations=233 (full 2):
 PSYoungGen      total 688128K, used 1997K [0x00000000d0000000, 0x0000000100000000, 0x0000000100000000)
  eden space 589824K, 0% used [0x00000000d0000000,0x00000000d0000000,0x00000000f4000000)
  from space 98304K, 2% used [0x00000000f4000000,0x00000000f41f34a8,0x00000000fa000000)
  to   space 98304K, 0% used [0x00000000fa000000,0x00000000fa000000,0x0000000100000000)
 ParOldGen       total 1310720K, used 1122854K [0x0000000080000000, 0x00000000d0000000, 0x00000000d0000000)
  object space 1310720K, 85% used [0x0000000080000000,0x00000000c4889978,0x00000000d0000000)
 Metaspace       used 249015K, capacity 253584K, committed 253824K, reserved 745472K
  class space    used 23926K, capacity 24851K, committed 24960K, reserved 516096K
}
{Heap before GC invocations=234 (full 2):
 PSYoungGen      total 688128K, used 591821K [0x00000000d0000000, 0x0000000100000000, 0x0000000100000000)
  eden space 589824K, 100% used [0x00000000d0000000,0x00000000f4000000,0x00000000f4000000)
  from space 98304K, 2% used [0x00000000f4000000,0x00000000f41f34a8,0x00000000fa000000)
  to   space 98304K, 0% used [0x00000000fa000000,0x00000000fa000000,0x0000000100000000)
 ParOldGen       total 1310720K, used 1122854K [0x0000000080000000, 0x00000000d0000000, 0x00000000d0000000)
  object space 1310720K, 85% used [0x0000000080000000,0x00000000c4889978,0x00000000d0000000)
 Metaspace       used 249016K, capacity 253584K, committed 253824K, reserved 745472K
  class space    used 23926K, capacity 24851K, committed 24960K, reserved 516096K
2025-05-14T20:41:01.281+0900: 8872.569: [GC (Allocation Failure) [PSYoungGen: 591821K->1901K(688128K)] 1714675K->1124927K(1998848K), 0.0115186 secs] [Times: user=0.03 sys=0.00, real=0.01 secs] 
Heap after GC invocations=234 (full 2):
 PSYoungGen      total 688128K, used 1901K [0x00000000d0000000, 0x0000000100000000, 0x0000000100000000)
  eden space 589824K, 0% used [0x00000000d0000000,0x00000000d0000000,0x00000000f4000000)
  from space 98304K, 1% used [0x00000000fa000000,0x00000000fa1db4a0,0x0000000100000000)
  to   space 98304K, 0% used [0x00000000f4000000,0x00000000f4000000,0x00000000fa000000)
 ParOldGen       total 1310720K, used 1123026K [0x0000000080000000, 0x00000000d0000000, 0x00000000d0000000)
  object space 1310720K, 85% used [0x0000000080000000,0x00000000c48b49a8,0x00000000d0000000)
 Metaspace       used 249016K, capacity 253584K, committed 253824K, reserved 745472K
  class space    used 23926K, capacity 24851K, committed 24960K, reserved 516096K
}
{Heap before GC invocations=235 (full 2):
 PSYoungGen      total 688128K, used 591725K [0x00000000d0000000, 0x0000000100000000, 0x0000000100000000)
  eden space 589824K, 100% used [0x00000000d0000000,0x00000000f4000000,0x00000000f4000000)
  from space 98304K, 1% used [0x00000000fa000000,0x00000000fa1db4a0,0x0000000100000000)
  to   space 98304K, 0% used [0x00000000f4000000,0x00000000f4000000,0x00000000fa000000)
 ParOldGen       total 1310720K, used 1123026K [0x0000000080000000, 0x00000000d0000000, 0x00000000d0000000)
  object space 1310720K, 85% used [0x0000000080000000,0x00000000c48b49a8,0x00000000d0000000)
 Metaspace       used 249024K, capacity 253584K, committed 253824K, reserved 745472K
  class space    used 23926K, capacity 24851K, committed 24960K, reserved 516096K
2025-05-14T20:42:03.415+0900: 8934.702: [GC (Allocation Failure) [PSYoungGen: 591725K->1824K(688128K)] 1714751K->1125014K(1998848K), 0.0115134 secs] [Times: user=0.03 sys=0.00, real=0.01 secs] 
Heap after GC invocations=235 (full 2):
 PSYoungGen      total 688128K, used 1824K [0x00000000d0000000, 0x0000000100000000, 0x0000000100000000)
  eden space 589824K, 0% used [0x00000000d0000000,0x00000000d0000000,0x00000000f4000000)
  from space 98304K, 1% used [0x00000000f4000000,0x00000000f41c81c0,0x00000000fa000000)
  to   space 98304K, 0% used [0x00000000fa000000,0x00000000fa000000,0x0000000100000000)
 ParOldGen       total 1310720K, used 1123190K [0x0000000080000000, 0x00000000d0000000, 0x00000000d0000000)
  object space 1310720K, 85% used [0x0000000080000000,0x00000000c48dd908,0x00000000d0000000)
 Metaspace       used 249024K, capacity 253584K, committed 253824K, reserved 745472K
  class space    used 23926K, capacity 24851K, committed 24960K, reserved 516096K
}
{Heap before GC invocations=236 (full 2):
 PSYoungGen      total 688128K, used 591648K [0x00000000d0000000, 0x0000000100000000, 0x0000000100000000)
  eden space 589824K, 100% used [0x00000000d0000000,0x00000000f4000000,0x00000000f4000000)
  from space 98304K, 1% used [0x00000000f4000000,0x00000000f41c81c0,0x00000000fa000000)
  to   space 98304K, 0% used [0x00000000fa000000,0x00000000fa000000,0x0000000100000000)
 ParOldGen       total 1310720K, used 1123190K [0x0000000080000000, 0x00000000d0000000, 0x00000000d0000000)
  object space 1310720K, 85% used [0x0000000080000000,0x00000000c48dd908,0x00000000d0000000)
 Metaspace       used 249037K, capacity 253648K, committed 253824K, reserved 745472K
  class space    used 23926K, capacity 24851K, committed 24960K, reserved 516096K
2025-05-14T20:43:04.687+0900: 8995.974: [GC (Allocation Failure) [PSYoungGen: 591648K->1779K(688128K)] 1714838K->1125045K(1998848K), 0.0121256 secs] [Times: user=0.03 sys=0.00, real=0.02 secs] 
Heap after GC invocations=236 (full 2):
 PSYoungGen      total 688128K, used 1779K [0x00000000d0000000, 0x0000000100000000, 0x0000000100000000)
  eden space 589824K, 0% used [0x00000000d0000000,0x00000000d0000000,0x00000000f4000000)
  from space 98304K, 1% used [0x00000000fa000000,0x00000000fa1bcd78,0x0000000100000000)
  to   space 98304K, 0% used [0x00000000f4000000,0x00000000f4000000,0x00000000fa000000)
 ParOldGen       total 1310720K, used 1123266K [0x0000000080000000, 0x00000000d0000000, 0x00000000d0000000)
  object space 1310720K, 85% used [0x0000000080000000,0x00000000c48f0888,0x00000000d0000000)
 Metaspace       used 249037K, capacity 253648K, committed 253824K, reserved 745472K
  class space    used 23926K, capacity 24851K, committed 24960K, reserved 516096K
}
{Heap before GC invocations=237 (full 2):
 PSYoungGen      total 688128K, used 591603K [0x00000000d0000000, 0x0000000100000000, 0x0000000100000000)
  eden space 589824K, 100% used [0x00000000d0000000,0x00000000f4000000,0x00000000f4000000)
  from space 98304K, 1% used [0x00000000fa000000,0x00000000fa1bcd78,0x0000000100000000)
  to   space 98304K, 0% used [0x00000000f4000000,0x00000000f4000000,0x00000000fa000000)
 ParOldGen       total 1310720K, used 1123266K [0x0000000080000000, 0x00000000d0000000, 0x00000000d0000000)
  object space 1310720K, 85% used [0x0000000080000000,0x00000000c48f0888,0x00000000d0000000)
 Metaspace       used 249037K, capacity 253648K, committed 253824K, reserved 745472K
  class space    used 23926K, capacity 24851K, committed 24960K, reserved 516096K
2025-05-14T20:44:05.761+0900: 9057.048: [GC (Allocation Failure) [PSYoungGen: 591603K->2125K(688128K)] 1714869K->1125447K(1998848K), 0.0121625 secs] [Times: user=0.03 sys=0.00, real=0.01 secs] 
Heap after GC invocations=237 (full 2):
 PSYoungGen      total 688128K, used 2125K [0x00000000d0000000, 0x0000000100000000, 0x0000000100000000)
  eden space 589824K, 0% used [0x00000000d0000000,0x00000000d0000000,0x00000000f4000000)
  from space 98304K, 2% used [0x00000000f4000000,0x00000000f42135c8,0x00000000fa000000)
  to   space 98304K, 0% used [0x00000000fa000000,0x00000000fa000000,0x0000000100000000)
 ParOldGen       total 1310720K, used 1123322K [0x0000000080000000, 0x00000000d0000000, 0x00000000d0000000)
  object space 1310720K, 85% used [0x0000000080000000,0x00000000c48fe888,0x00000000d0000000)
 Metaspace       used 249037K, capacity 253648K, committed 253824K, reserved 745472K
  class space    used 23926K, capacity 24851K, committed 24960K, reserved 516096K
}
{Heap before GC invocations=238 (full 2):
 PSYoungGen      total 688128K, used 591949K [0x00000000d0000000, 0x0000000100000000, 0x0000000100000000)
  eden space 589824K, 100% used [0x00000000d0000000,0x00000000f4000000,0x00000000f4000000)
  from space 98304K, 2% used [0x00000000f4000000,0x00000000f42135c8,0x00000000fa000000)
  to   space 98304K, 0% used [0x00000000fa000000,0x00000000fa000000,0x0000000100000000)
 ParOldGen       total 1310720K, used 1123322K [0x0000000080000000, 0x00000000d0000000, 0x00000000d0000000)
  object space 1310720K, 85% used [0x0000000080000000,0x00000000c48fe888,0x00000000d0000000)
 Metaspace       used 249038K, capacity 253648K, committed 253824K, reserved 745472K
  class space    used 23926K, capacity 24851K, committed 24960K, reserved 516096K
2025-05-14T20:45:06.950+0900: 9118.237: [GC (Allocation Failure) [PSYoungGen: 591949K->1970K(688128K)] 1715271K->1125391K(1998848K), 0.0116263 secs] [Times: user=0.03 sys=0.00, real=0.01 secs] 
Heap after GC invocations=238 (full 2):
 PSYoungGen      total 688128K, used 1970K [0x00000000d0000000, 0x0000000100000000, 0x0000000100000000)
  eden space 589824K, 0% used [0x00000000d0000000,0x00000000d0000000,0x00000000f4000000)
  from space 98304K, 2% used [0x00000000fa000000,0x00000000fa1ec960,0x0000000100000000)
  to   space 98304K, 0% used [0x00000000f4000000,0x00000000f4000000,0x00000000fa000000)
 ParOldGen       total 1310720K, used 1123421K [0x0000000080000000, 0x00000000d0000000, 0x00000000d0000000)
  object space 1310720K, 85% used [0x0000000080000000,0x00000000c49175b0,0x00000000d0000000)
 Metaspace       used 249038K, capacity 253648K, committed 253824K, reserved 745472K
  class space    used 23926K, capacity 24851K, committed 24960K, reserved 516096K
}
{Heap before GC invocations=239 (full 2):
 PSYoungGen      total 688128K, used 591794K [0x00000000d0000000, 0x0000000100000000, 0x0000000100000000)
  eden space 589824K, 100% used [0x00000000d0000000,0x00000000f4000000,0x00000000f4000000)
  from space 98304K, 2% used [0x00000000fa000000,0x00000000fa1ec960,0x0000000100000000)
  to   space 98304K, 0% used [0x00000000f4000000,0x00000000f4000000,0x00000000fa000000)
 ParOldGen       total 1310720K, used 1123421K [0x0000000080000000, 0x00000000d0000000, 0x00000000d0000000)
  object space 1310720K, 85% used [0x0000000080000000,0x00000000c49175b0,0x00000000d0000000)
 Metaspace       used 249038K, capacity 253648K, committed 253824K, reserved 745472K
  class space    used 23926K, capacity 24851K, committed 24960K, reserved 516096K
2025-05-14T20:46:09.376+0900: 9180.663: [GC (Allocation Failure) [PSYoungGen: 591794K->2002K(688128K)] 1715215K->1125487K(1998848K), 0.0111647 secs] [Times: user=0.03 sys=0.00, real=0.01 secs] 
Heap after GC invocations=239 (full 2):
 PSYoungGen      total 688128K, used 2002K [0x00000000d0000000, 0x0000000100000000, 0x0000000100000000)
  eden space 589824K, 0% used [0x00000000d0000000,0x00000000d0000000,0x00000000f4000000)
  from space 98304K, 2% used [0x00000000f4000000,0x00000000f41f4960,0x00000000fa000000)
  to   space 98304K, 0% used [0x00000000fa000000,0x00000000fa000000,0x0000000100000000)
 ParOldGen       total 1310720K, used 1123485K [0x0000000080000000, 0x00000000d0000000, 0x00000000d0000000)
  object space 1310720K, 85% used [0x0000000080000000,0x00000000c49275b0,0x00000000d0000000)
 Metaspace       used 249038K, capacity 253648K, committed 253824K, reserved 745472K
  class space    used 23926K, capacity 24851K, committed 24960K, reserved 516096K
}
{Heap before GC invocations=240 (full 2):
 PSYoungGen      total 688128K, used 591826K [0x00000000d0000000, 0x0000000100000000, 0x0000000100000000)
  eden space 589824K, 100% used [0x00000000d0000000,0x00000000f4000000,0x00000000f4000000)
  from space 98304K, 2% used [0x00000000f4000000,0x00000000f41f4960,0x00000000fa000000)
  to   space 98304K, 0% used [0x00000000fa000000,0x00000000fa000000,0x0000000100000000)
 ParOldGen       total 1310720K, used 1123485K [0x0000000080000000, 0x00000000d0000000, 0x00000000d0000000)
  object space 1310720K, 85% used [0x0000000080000000,0x00000000c49275b0,0x00000000d0000000)
 Metaspace       used 249038K, capacity 253648K, committed 253824K, reserved 745472K
  class space    used 23926K, capacity 24851K, committed 24960K, reserved 516096K
2025-05-14T20:47:11.351+0900: 9242.638: [GC (Allocation Failure) [PSYoungGen: 591826K->1890K(688128K)] 1715311K->1125572K(1998848K), 0.0116492 secs] [Times: user=0.03 sys=0.00, real=0.01 secs] 
Heap after GC invocations=240 (full 2):
 PSYoungGen      total 688128K, used 1890K [0x00000000d0000000, 0x0000000100000000, 0x0000000100000000)
  eden space 589824K, 0% used [0x00000000d0000000,0x00000000d0000000,0x00000000f4000000)
  from space 98304K, 1% used [0x00000000fa000000,0x00000000fa1d88f0,0x0000000100000000)
  to   space 98304K, 0% used [0x00000000f4000000,0x00000000f4000000,0x00000000fa000000)
 ParOldGen       total 1310720K, used 1123682K [0x0000000080000000, 0x00000000d0000000, 0x00000000d0000000)
  object space 1310720K, 85% used [0x0000000080000000,0x00000000c4958b00,0x00000000d0000000)
 Metaspace       used 249038K, capacity 253648K, committed 253824K, reserved 745472K
  class space    used 23926K, capacity 24851K, committed 24960K, reserved 516096K
}
{Heap before GC invocations=241 (full 2):
 PSYoungGen      total 688128K, used 591714K [0x00000000d0000000, 0x0000000100000000, 0x0000000100000000)
  eden space 589824K, 100% used [0x00000000d0000000,0x00000000f4000000,0x00000000f4000000)
  from space 98304K, 1% used [0x00000000fa000000,0x00000000fa1d88f0,0x0000000100000000)
  to   space 98304K, 0% used [0x00000000f4000000,0x00000000f4000000,0x00000000fa000000)
 ParOldGen       total 1310720K, used 1123682K [0x0000000080000000, 0x00000000d0000000, 0x00000000d0000000)
  object space 1310720K, 85% used [0x0000000080000000,0x00000000c4958b00,0x00000000d0000000)
 Metaspace       used 249041K, capacity 253654K, committed 253824K, reserved 745472K
  class space    used 23927K, capacity 24852K, committed 24960K, reserved 516096K
2025-05-14T20:48:13.542+0900: 9304.829: [GC (Allocation Failure) [PSYoungGen: 591714K->1906K(688128K)] 1715396K->1125704K(1998848K), 0.0112929 secs] [Times: user=0.03 sys=0.00, real=0.01 secs] 
Heap after GC invocations=241 (full 2):
 PSYoungGen      total 688128K, used 1906K [0x00000000d0000000, 0x0000000100000000, 0x0000000100000000)
  eden space 589824K, 0% used [0x00000000d0000000,0x00000000d0000000,0x00000000f4000000)
  from space 98304K, 1% used [0x00000000f4000000,0x00000000f41dc900,0x00000000fa000000)
  to   space 98304K, 0% used [0x00000000fa000000,0x00000000fa000000,0x0000000100000000)
 ParOldGen       total 1310720K, used 1123798K [0x0000000080000000, 0x00000000d0000000, 0x00000000d0000000)
  object space 1310720K, 85% used [0x0000000080000000,0x00000000c49759b0,0x00000000d0000000)
 Metaspace       used 249041K, capacity 253654K, committed 253824K, reserved 745472K
  class space    used 23927K, capacity 24852K, committed 24960K, reserved 516096K
}
{Heap before GC invocations=242 (full 2):
 PSYoungGen      total 688128K, used 591730K [0x00000000d0000000, 0x0000000100000000, 0x0000000100000000)
  eden space 589824K, 100% used [0x00000000d0000000,0x00000000f4000000,0x00000000f4000000)
  from space 98304K, 1% used [0x00000000f4000000,0x00000000f41dc900,0x00000000fa000000)
  to   space 98304K, 0% used [0x00000000fa000000,0x00000000fa000000,0x0000000100000000)
 ParOldGen       total 1310720K, used 1123798K [0x0000000080000000, 0x00000000d0000000, 0x00000000d0000000)
  object space 1310720K, 85% used [0x0000000080000000,0x00000000c49759b0,0x00000000d0000000)
 Metaspace       used 249067K, capacity 253654K, committed 253824K, reserved 745472K
  class space    used 23927K, capacity 24852K, committed 24960K, reserved 516096K
2025-05-14T20:49:12.770+0900: 9364.057: [GC (Allocation Failure) [PSYoungGen: 591730K->2074K(688128K)] 1715528K->1125916K(1998848K), 0.0117036 secs] [Times: user=0.03 sys=0.00, real=0.01 secs] 
Heap after GC invocations=242 (full 2):
 PSYoungGen      total 688128K, used 2074K [0x00000000d0000000, 0x0000000100000000, 0x0000000100000000)
  eden space 589824K, 0% used [0x00000000d0000000,0x00000000d0000000,0x00000000f4000000)
  from space 98304K, 2% used [0x00000000fa000000,0x00000000fa206848,0x0000000100000000)
  to   space 98304K, 0% used [0x00000000f4000000,0x00000000f4000000,0x00000000fa000000)
 ParOldGen       total 1310720K, used 1123842K [0x0000000080000000, 0x00000000d0000000, 0x00000000d0000000)
  object space 1310720K, 85% used [0x0000000080000000,0x00000000c49809d0,0x00000000d0000000)
 Metaspace       used 249067K, capacity 253654K, committed 253824K, reserved 745472K
  class space    used 23927K, capacity 24852K, committed 24960K, reserved 516096K
}
{Heap before GC invocations=243 (full 2):
 PSYoungGen      total 688128K, used 591898K [0x00000000d0000000, 0x0000000100000000, 0x0000000100000000)
  eden space 589824K, 100% used [0x00000000d0000000,0x00000000f4000000,0x00000000f4000000)
  from space 98304K, 2% used [0x00000000fa000000,0x00000000fa206848,0x0000000100000000)
  to   space 98304K, 0% used [0x00000000f4000000,0x00000000f4000000,0x00000000fa000000)
 ParOldGen       total 1310720K, used 1123842K [0x0000000080000000, 0x00000000d0000000, 0x00000000d0000000)
  object space 1310720K, 85% used [0x0000000080000000,0x00000000c49809d0,0x00000000d0000000)
 Metaspace       used 249069K, capacity 253718K, committed 254080K, reserved 745472K
  class space    used 23927K, capacity 24852K, committed 24960K, reserved 516096K
2025-05-14T20:50:13.906+0900: 9425.193: [GC (Allocation Failure) [PSYoungGen: 591898K->2010K(688128K)] 1715740K->1125884K(1998848K), 0.0114562 secs] [Times: user=0.02 sys=0.00, real=0.01 secs] 
Heap after GC invocations=243 (full 2):
 PSYoungGen      total 688128K, used 2010K [0x00000000d0000000, 0x0000000100000000, 0x0000000100000000)
  eden space 589824K, 0% used [0x00000000d0000000,0x00000000d0000000,0x00000000f4000000)
  from space 98304K, 2% used [0x00000000f4000000,0x00000000f41f6848,0x00000000fa000000)
  to   space 98304K, 0% used [0x00000000fa000000,0x00000000fa000000,0x0000000100000000)
 ParOldGen       total 1310720K, used 1123874K [0x0000000080000000, 0x00000000d0000000, 0x00000000d0000000)
  object space 1310720K, 85% used [0x0000000080000000,0x00000000c49889d0,0x00000000d0000000)
 Metaspace       used 249069K, capacity 253718K, committed 254080K, reserved 745472K
  class space    used 23927K, capacity 24852K, committed 24960K, reserved 516096K
}
{Heap before GC invocations=244 (full 2):
 PSYoungGen      total 688128K, used 591834K [0x00000000d0000000, 0x0000000100000000, 0x0000000100000000)
  eden space 589824K, 100% used [0x00000000d0000000,0x00000000f4000000,0x00000000f4000000)
  from space 98304K, 2% used [0x00000000f4000000,0x00000000f41f6848,0x00000000fa000000)
  to   space 98304K, 0% used [0x00000000fa000000,0x00000000fa000000,0x0000000100000000)
 ParOldGen       total 1310720K, used 1123874K [0x0000000080000000, 0x00000000d0000000, 0x00000000d0000000)
  object space 1310720K, 85% used [0x0000000080000000,0x00000000c49889d0,0x00000000d0000000)
 Metaspace       used 249073K, capacity 253718K, committed 254080K, reserved 745472K
  class space    used 23927K, capacity 24852K, committed 24960K, reserved 516096K
2025-05-14T20:51:17.077+0900: 9488.364: [GC (Allocation Failure) [PSYoungGen: 591834K->1866K(688128K)] 1715708K->1125804K(1998848K), 0.0116571 secs] [Times: user=0.03 sys=0.01, real=0.02 secs] 
Heap after GC invocations=244 (full 2):
 PSYoungGen      total 688128K, used 1866K [0x00000000d0000000, 0x0000000100000000, 0x0000000100000000)
  eden space 589824K, 0% used [0x00000000d0000000,0x00000000d0000000,0x00000000f4000000)
  from space 98304K, 1% used [0x00000000fa000000,0x00000000fa1d2858,0x0000000100000000)
  to   space 98304K, 0% used [0x00000000f4000000,0x00000000f4000000,0x00000000fa000000)
 ParOldGen       total 1310720K, used 1123938K [0x0000000080000000, 0x00000000d0000000, 0x00000000d0000000)
  object space 1310720K, 85% used [0x0000000080000000,0x00000000c49989d0,0x00000000d0000000)
 Metaspace       used 249073K, capacity 253718K, committed 254080K, reserved 745472K
  class space    used 23927K, capacity 24852K, committed 24960K, reserved 516096K
}
{Heap before GC invocations=245 (full 2):
 PSYoungGen      total 688128K, used 591690K [0x00000000d0000000, 0x0000000100000000, 0x0000000100000000)
  eden space 589824K, 100% used [0x00000000d0000000,0x00000000f4000000,0x00000000f4000000)
  from space 98304K, 1% used [0x00000000fa000000,0x00000000fa1d2858,0x0000000100000000)
  to   space 98304K, 0% used [0x00000000f4000000,0x00000000f4000000,0x00000000fa000000)
 ParOldGen       total 1310720K, used 1123938K [0x0000000080000000, 0x00000000d0000000, 0x00000000d0000000)
  object space 1310720K, 85% used [0x0000000080000000,0x00000000c49989d0,0x00000000d0000000)
 Metaspace       used 249077K, capacity 253724K, committed 254080K, reserved 745472K
  class space    used 23928K, capacity 24853K, committed 24960K, reserved 516096K
2025-05-14T20:52:17.423+0900: 9548.710: [GC (Allocation Failure) [PSYoungGen: 591690K->2577K(688128K)] 1715628K->1126547K(1998848K), 0.0130790 secs] [Times: user=0.02 sys=0.00, real=0.01 secs] 
Heap after GC invocations=245 (full 2):
 PSYoungGen      total 688128K, used 2577K [0x00000000d0000000, 0x0000000100000000, 0x0000000100000000)
  eden space 589824K, 0% used [0x00000000d0000000,0x00000000d0000000,0x00000000f4000000)
  from space 98304K, 2% used [0x00000000f4000000,0x00000000f4284410,0x00000000fa000000)
  to   space 98304K, 0% used [0x00000000fa000000,0x00000000fa000000,0x0000000100000000)
 ParOldGen       total 1310720K, used 1123970K [0x0000000080000000, 0x00000000d0000000, 0x00000000d0000000)
  object space 1310720K, 85% used [0x0000000080000000,0x00000000c49a09d0,0x00000000d0000000)
 Metaspace       used 249077K, capacity 253724K, committed 254080K, reserved 745472K
  class space    used 23928K, capacity 24853K, committed 24960K, reserved 516096K
}
{Heap before GC invocations=246 (full 2):
 PSYoungGen      total 688128K, used 592401K [0x00000000d0000000, 0x0000000100000000, 0x0000000100000000)
  eden space 589824K, 100% used [0x00000000d0000000,0x00000000f4000000,0x00000000f4000000)
  from space 98304K, 2% used [0x00000000f4000000,0x00000000f4284410,0x00000000fa000000)
  to   space 98304K, 0% used [0x00000000fa000000,0x00000000fa000000,0x0000000100000000)
 ParOldGen       total 1310720K, used 1123970K [0x0000000080000000, 0x00000000d0000000, 0x00000000d0000000)
  object space 1310720K, 85% used [0x0000000080000000,0x00000000c49a09d0,0x00000000d0000000)
 Metaspace       used 249077K, capacity 253724K, committed 254080K, reserved 745472K
  class space    used 23928K, capacity 24853K, committed 24960K, reserved 516096K
2025-05-14T20:53:19.433+0900: 9610.720: [GC (Allocation Failure) [PSYoungGen: 592401K->2465K(688128K)] 1716371K->1126619K(1998848K), 0.0119420 secs] [Times: user=0.02 sys=0.00, real=0.01 secs] 
Heap after GC invocations=246 (full 2):
 PSYoungGen      total 688128K, used 2465K [0x00000000d0000000, 0x0000000100000000, 0x0000000100000000)
  eden space 589824K, 0% used [0x00000000d0000000,0x00000000d0000000,0x00000000f4000000)
  from space 98304K, 2% used [0x00000000fa000000,0x00000000fa268420,0x0000000100000000)
  to   space 98304K, 0% used [0x00000000f4000000,0x00000000f4000000,0x00000000fa000000)
 ParOldGen       total 1310720K, used 1124154K [0x0000000080000000, 0x00000000d0000000, 0x00000000d0000000)
  object space 1310720K, 85% used [0x0000000080000000,0x00000000c49ce920,0x00000000d0000000)
 Metaspace       used 249077K, capacity 253724K, committed 254080K, reserved 745472K
  class space    used 23928K, capacity 24853K, committed 24960K, reserved 516096K
}
{Heap before GC invocations=247 (full 2):
 PSYoungGen      total 688128K, used 592289K [0x00000000d0000000, 0x0000000100000000, 0x0000000100000000)
  eden space 589824K, 100% used [0x00000000d0000000,0x00000000f4000000,0x00000000f4000000)
  from space 98304K, 2% used [0x00000000fa000000,0x00000000fa268420,0x0000000100000000)
  to   space 98304K, 0% used [0x00000000f4000000,0x00000000f4000000,0x00000000fa000000)
 ParOldGen       total 1310720K, used 1124154K [0x0000000080000000, 0x00000000d0000000, 0x00000000d0000000)
  object space 1310720K, 85% used [0x0000000080000000,0x00000000c49ce920,0x00000000d0000000)
 Metaspace       used 249078K, capacity 253724K, committed 254080K, reserved 745472K
  class space    used 23928K, capacity 24853K, committed 24960K, reserved 516096K
2025-05-14T20:54:21.695+0900: 9672.982: [GC (Allocation Failure) [PSYoungGen: 592289K->2321K(688128K)] 1716443K->1126699K(1998848K), 0.0114587 secs] [Times: user=0.03 sys=0.01, real=0.01 secs] 
Heap after GC invocations=247 (full 2):
 PSYoungGen      total 688128K, used 2321K [0x00000000d0000000, 0x0000000100000000, 0x0000000100000000)
  eden space 589824K, 0% used [0x00000000d0000000,0x00000000d0000000,0x00000000f4000000)
  from space 98304K, 2% used [0x00000000f4000000,0x00000000f4244410,0x00000000fa000000)
  to   space 98304K, 0% used [0x00000000fa000000,0x00000000fa000000,0x0000000100000000)
 ParOldGen       total 1310720K, used 1124378K [0x0000000080000000, 0x00000000d0000000, 0x00000000d0000000)
  object space 1310720K, 85% used [0x0000000080000000,0x00000000c4a06870,0x00000000d0000000)
 Metaspace       used 249078K, capacity 253724K, committed 254080K, reserved 745472K
  class space    used 23928K, capacity 24853K, committed 24960K, reserved 516096K
}
{Heap before GC invocations=248 (full 2):
 PSYoungGen      total 688128K, used 592145K [0x00000000d0000000, 0x0000000100000000, 0x0000000100000000)
  eden space 589824K, 100% used [0x00000000d0000000,0x00000000f4000000,0x00000000f4000000)
  from space 98304K, 2% used [0x00000000f4000000,0x00000000f4244410,0x00000000fa000000)
  to   space 98304K, 0% used [0x00000000fa000000,0x00000000fa000000,0x0000000100000000)
 ParOldGen       total 1310720K, used 1124378K [0x0000000080000000, 0x00000000d0000000, 0x00000000d0000000)
  object space 1310720K, 85% used [0x0000000080000000,0x00000000c4a06870,0x00000000d0000000)
 Metaspace       used 249093K, capacity 253724K, committed 254080K, reserved 745472K
  class space    used 23928K, capacity 24853K, committed 24960K, reserved 516096K
2025-05-14T20:55:22.859+0900: 9734.146: [GC (Allocation Failure) [PSYoungGen: 592145K->2366K(688128K)] 1716523K->1126768K(1998848K), 0.0118952 secs] [Times: user=0.03 sys=0.00, real=0.01 secs] 
Heap after GC invocations=248 (full 2):
 PSYoungGen      total 688128K, used 2366K [0x00000000d0000000, 0x0000000100000000, 0x0000000100000000)
  eden space 589824K, 0% used [0x00000000d0000000,0x00000000d0000000,0x00000000f4000000)
  from space 98304K, 2% used [0x00000000fa000000,0x00000000fa24fb50,0x0000000100000000)
  to   space 98304K, 0% used [0x00000000f4000000,0x00000000f4000000,0x00000000fa000000)
 ParOldGen       total 1310720K, used 1124402K [0x0000000080000000, 0x00000000d0000000, 0x00000000d0000000)
  object space 1310720K, 85% used [0x0000000080000000,0x00000000c4a0c870,0x00000000d0000000)
 Metaspace       used 249093K, capacity 253724K, committed 254080K, reserved 745472K
  class space    used 23928K, capacity 24853K, committed 24960K, reserved 516096K
}
{Heap before GC invocations=249 (full 2):
 PSYoungGen      total 688128K, used 592190K [0x00000000d0000000, 0x0000000100000000, 0x0000000100000000)
  eden space 589824K, 100% used [0x00000000d0000000,0x00000000f4000000,0x00000000f4000000)
  from space 98304K, 2% used [0x00000000fa000000,0x00000000fa24fb50,0x0000000100000000)
  to   space 98304K, 0% used [0x00000000f4000000,0x00000000f4000000,0x00000000fa000000)
 ParOldGen       total 1310720K, used 1124402K [0x0000000080000000, 0x00000000d0000000, 0x00000000d0000000)
  object space 1310720K, 85% used [0x0000000080000000,0x00000000c4a0c870,0x00000000d0000000)
 Metaspace       used 249096K, capacity 253724K, committed 254080K, reserved 745472K
  class space    used 23928K, capacity 24853K, committed 24960K, reserved 516096K
2025-05-14T20:56:23.937+0900: 9795.224: [GC (Allocation Failure) [PSYoungGen: 592190K->2321K(688128K)] 1716592K->1126772K(1998848K), 0.0195292 secs] [Times: user=0.03 sys=0.00, real=0.02 secs] 
Heap after GC invocations=249 (full 2):
 PSYoungGen      total 688128K, used 2321K [0x00000000d0000000, 0x0000000100000000, 0x0000000100000000)
  eden space 589824K, 0% used [0x00000000d0000000,0x00000000d0000000,0x00000000f4000000)
  from space 98304K, 2% used [0x00000000f4000000,0x00000000f4244430,0x00000000fa000000)
  to   space 98304K, 0% used [0x00000000fa000000,0x00000000fa000000,0x0000000100000000)
 ParOldGen       total 1310720K, used 1124451K [0x0000000080000000, 0x00000000d0000000, 0x00000000d0000000)
  object space 1310720K, 85% used [0x0000000080000000,0x00000000c4a18e90,0x00000000d0000000)
 Metaspace       used 249096K, capacity 253724K, committed 254080K, reserved 745472K
  class space    used 23928K, capacity 24853K, committed 24960K, reserved 516096K
}
{Heap before GC invocations=250 (full 2):
 PSYoungGen      total 688128K, used 592145K [0x00000000d0000000, 0x0000000100000000, 0x0000000100000000)
  eden space 589824K, 100% used [0x00000000d0000000,0x00000000f4000000,0x00000000f4000000)
  from space 98304K, 2% used [0x00000000f4000000,0x00000000f4244430,0x00000000fa000000)
  to   space 98304K, 0% used [0x00000000fa000000,0x00000000fa000000,0x0000000100000000)
 ParOldGen       total 1310720K, used 1124451K [0x0000000080000000, 0x00000000d0000000, 0x00000000d0000000)
  object space 1310720K, 85% used [0x0000000080000000,0x00000000c4a18e90,0x00000000d0000000)
 Metaspace       used 249097K, capacity 253724K, committed 254080K, reserved 745472K
  class space    used 23928K, capacity 24853K, committed 24960K, reserved 516096K
2025-05-14T20:57:25.144+0900: 9856.431: [GC (Allocation Failure) [PSYoungGen: 592145K->2366K(688128K)] 1716596K->1126850K(1998848K), 0.0115804 secs] [Times: user=0.03 sys=0.00, real=0.01 secs] 
Heap after GC invocations=250 (full 2):
 PSYoungGen      total 688128K, used 2366K [0x00000000d0000000, 0x0000000100000000, 0x0000000100000000)
  eden space 589824K, 0% used [0x00000000d0000000,0x00000000d0000000,0x00000000f4000000)
  from space 98304K, 2% used [0x00000000fa000000,0x00000000fa24fb50,0x0000000100000000)
  to   space 98304K, 0% used [0x00000000f4000000,0x00000000f4000000,0x00000000fa000000)
 ParOldGen       total 1310720K, used 1124483K [0x0000000080000000, 0x00000000d0000000, 0x00000000d0000000)
  object space 1310720K, 85% used [0x0000000080000000,0x00000000c4a20e90,0x00000000d0000000)
 Metaspace       used 249097K, capacity 253724K, committed 254080K, reserved 745472K
  class space    used 23928K, capacity 24853K, committed 24960K, reserved 516096K
}
{Heap before GC invocations=251 (full 2):
 PSYoungGen      total 688128K, used 592190K [0x00000000d0000000, 0x0000000100000000, 0x0000000100000000)
  eden space 589824K, 100% used [0x00000000d0000000,0x00000000f4000000,0x00000000f4000000)
  from space 98304K, 2% used [0x00000000fa000000,0x00000000fa24fb50,0x0000000100000000)
  to   space 98304K, 0% used [0x00000000f4000000,0x00000000f4000000,0x00000000fa000000)
 ParOldGen       total 1310720K, used 1124483K [0x0000000080000000, 0x00000000d0000000, 0x00000000d0000000)
  object space 1310720K, 85% used [0x0000000080000000,0x00000000c4a20e90,0x00000000d0000000)
 Metaspace       used 249097K, capacity 253724K, committed 254080K, reserved 745472K
  class space    used 23928K, capacity 24853K, committed 24960K, reserved 516096K
2025-05-14T20:58:27.437+0900: 9918.724: [GC (Allocation Failure) [PSYoungGen: 592190K->2385K(688128K)] 1716674K->1126924K(1998848K), 0.0114785 secs] [Times: user=0.03 sys=0.00, real=0.02 secs] 
Heap after GC invocations=251 (full 2):
 PSYoungGen      total 688128K, used 2385K [0x00000000d0000000, 0x0000000100000000, 0x0000000100000000)
  eden space 589824K, 0% used [0x00000000d0000000,0x00000000d0000000,0x00000000f4000000)
  from space 98304K, 2% used [0x00000000f4000000,0x00000000f4254430,0x00000000fa000000)
  to   space 98304K, 0% used [0x00000000fa000000,0x00000000fa000000,0x0000000100000000)
 ParOldGen       total 1310720K, used 1124539K [0x0000000080000000, 0x00000000d0000000, 0x00000000d0000000)
  object space 1310720K, 85% used [0x0000000080000000,0x00000000c4a2eeb0,0x00000000d0000000)
 Metaspace       used 249097K, capacity 253724K, committed 254080K, reserved 745472K
  class space    used 23928K, capacity 24853K, committed 24960K, reserved 516096K
}
{Heap before GC invocations=252 (full 2):
 PSYoungGen      total 688128K, used 592209K [0x00000000d0000000, 0x0000000100000000, 0x0000000100000000)
  eden space 589824K, 100% used [0x00000000d0000000,0x00000000f4000000,0x00000000f4000000)
  from space 98304K, 2% used [0x00000000f4000000,0x00000000f4254430,0x00000000fa000000)
  to   space 98304K, 0% used [0x00000000fa000000,0x00000000fa000000,0x0000000100000000)
 ParOldGen       total 1310720K, used 1124539K [0x0000000080000000, 0x00000000d0000000, 0x00000000d0000000)
  object space 1310720K, 85% used [0x0000000080000000,0x00000000c4a2eeb0,0x00000000d0000000)
 Metaspace       used 249109K, capacity 253788K, committed 254080K, reserved 745472K
  class space    used 23928K, capacity 24853K, committed 24960K, reserved 516096K
2025-05-14T20:59:26.437+0900: 9977.724: [GC (Allocation Failure) [PSYoungGen: 592209K->2080K(688128K)] 1716748K->1126799K(1998848K), 0.0118370 secs] [Times: user=0.02 sys=0.00, real=0.02 secs] 
Heap after GC invocations=252 (full 2):
 PSYoungGen      total 688128K, used 2080K [0x00000000d0000000, 0x0000000100000000, 0x0000000100000000)
  eden space 589824K, 0% used [0x00000000d0000000,0x00000000d0000000,0x00000000f4000000)
  from space 98304K, 2% used [0x00000000fa000000,0x00000000fa208020,0x0000000100000000)
  to   space 98304K, 0% used [0x00000000f4000000,0x00000000f4000000,0x00000000fa000000)
 ParOldGen       total 1310720K, used 1124719K [0x0000000080000000, 0x00000000d0000000, 0x00000000d0000000)
  object space 1310720K, 85% used [0x0000000080000000,0x00000000c4a5bc40,0x00000000d0000000)
 Metaspace       used 249109K, capacity 253788K, committed 254080K, reserved 745472K
  class space    used 23928K, capacity 24853K, committed 24960K, reserved 516096K
}
{Heap before GC invocations=253 (full 2):
 PSYoungGen      total 688128K, used 591904K [0x00000000d0000000, 0x0000000100000000, 0x0000000100000000)
  eden space 589824K, 100% used [0x00000000d0000000,0x00000000f4000000,0x00000000f4000000)
  from space 98304K, 2% used [0x00000000fa000000,0x00000000fa208020,0x0000000100000000)
  to   space 98304K, 0% used [0x00000000f4000000,0x00000000f4000000,0x00000000fa000000)
 ParOldGen       total 1310720K, used 1124719K [0x0000000080000000, 0x00000000d0000000, 0x00000000d0000000)
  object space 1310720K, 85% used [0x0000000080000000,0x00000000c4a5bc40,0x00000000d0000000)
 Metaspace       used 249109K, capacity 253788K, committed 254080K, reserved 745472K
  class space    used 23928K, capacity 24853K, committed 24960K, reserved 516096K
2025-05-14T21:00:27.902+0900: 10039.189: [GC (Allocation Failure) [PSYoungGen: 591904K->2016K(688128K)] 1716623K->1126787K(1998848K), 0.0114833 secs] [Times: user=0.03 sys=0.00, real=0.01 secs] 
Heap after GC invocations=253 (full 2):
 PSYoungGen      total 688128K, used 2016K [0x00000000d0000000, 0x0000000100000000, 0x0000000100000000)
  eden space 589824K, 0% used [0x00000000d0000000,0x00000000d0000000,0x00000000f4000000)
  from space 98304K, 2% used [0x00000000f4000000,0x00000000f41f8000,0x00000000fa000000)
  to   space 98304K, 0% used [0x00000000fa000000,0x00000000fa000000,0x0000000100000000)
 ParOldGen       total 1310720K, used 1124771K [0x0000000080000000, 0x00000000d0000000, 0x00000000d0000000)
  object space 1310720K, 85% used [0x0000000080000000,0x00000000c4a68c50,0x00000000d0000000)
 Metaspace       used 249109K, capacity 253788K, committed 254080K, reserved 745472K
  class space    used 23928K, capacity 24853K, committed 24960K, reserved 516096K
}
{Heap before GC invocations=254 (full 2):
 PSYoungGen      total 688128K, used 591840K [0x00000000d0000000, 0x0000000100000000, 0x0000000100000000)
  eden space 589824K, 100% used [0x00000000d0000000,0x00000000f4000000,0x00000000f4000000)
  from space 98304K, 2% used [0x00000000f4000000,0x00000000f41f8000,0x00000000fa000000)
  to   space 98304K, 0% used [0x00000000fa000000,0x00000000fa000000,0x0000000100000000)
 ParOldGen       total 1310720K, used 1124771K [0x0000000080000000, 0x00000000d0000000, 0x00000000d0000000)
  object space 1310720K, 85% used [0x0000000080000000,0x00000000c4a68c50,0x00000000d0000000)
 Metaspace       used 249114K, capacity 253794K, committed 254080K, reserved 745472K
  class space    used 23929K, capacity 24854K, committed 24960K, reserved 516096K
2025-05-14T21:01:28.874+0900: 10100.161: [GC (Allocation Failure) [PSYoungGen: 591840K->2224K(688128K)] 1716611K->1127043K(1998848K), 0.0116598 secs] [Times: user=0.03 sys=0.00, real=0.01 secs] 
Heap after GC invocations=254 (full 2):
 PSYoungGen      total 688128K, used 2224K [0x00000000d0000000, 0x0000000100000000, 0x0000000100000000)
  eden space 589824K, 0% used [0x00000000d0000000,0x00000000d0000000,0x00000000f4000000)
  from space 98304K, 2% used [0x00000000fa000000,0x00000000fa22c070,0x0000000100000000)
  to   space 98304K, 0% used [0x00000000f4000000,0x00000000f4000000,0x00000000fa000000)
 ParOldGen       total 1310720K, used 1124819K [0x0000000080000000, 0x00000000d0000000, 0x00000000d0000000)
  object space 1310720K, 85% used [0x0000000080000000,0x00000000c4a74c50,0x00000000d0000000)
 Metaspace       used 249114K, capacity 253794K, committed 254080K, reserved 745472K
  class space    used 23929K, capacity 24854K, committed 24960K, reserved 516096K
}
{Heap before GC invocations=255 (full 2):
 PSYoungGen      total 688128K, used 592048K [0x00000000d0000000, 0x0000000100000000, 0x0000000100000000)
  eden space 589824K, 100% used [0x00000000d0000000,0x00000000f4000000,0x00000000f4000000)
  from space 98304K, 2% used [0x00000000fa000000,0x00000000fa22c070,0x0000000100000000)
  to   space 98304K, 0% used [0x00000000f4000000,0x00000000f4000000,0x00000000fa000000)
 ParOldGen       total 1310720K, used 1124819K [0x0000000080000000, 0x00000000d0000000, 0x00000000d0000000)
  object space 1310720K, 85% used [0x0000000080000000,0x00000000c4a74c50,0x00000000d0000000)
 Metaspace       used 249114K, capacity 253794K, committed 254080K, reserved 745472K
  class space    used 23929K, capacity 24854K, committed 24960K, reserved 516096K
2025-05-14T21:02:29.926+0900: 10161.213: [GC (Allocation Failure) [PSYoungGen: 592048K->2450K(688128K)] 1716867K->1127317K(1998848K), 0.0119390 secs] [Times: user=0.03 sys=0.00, real=0.01 secs] 
Heap after GC invocations=255 (full 2):
 PSYoungGen      total 688128K, used 2450K [0x00000000d0000000, 0x0000000100000000, 0x0000000100000000)
  eden space 589824K, 0% used [0x00000000d0000000,0x00000000d0000000,0x00000000f4000000)
  from space 98304K, 2% used [0x00000000f4000000,0x00000000f4264900,0x00000000fa000000)
  to   space 98304K, 0% used [0x00000000fa000000,0x00000000fa000000,0x0000000100000000)
 ParOldGen       total 1310720K, used 1124867K [0x0000000080000000, 0x00000000d0000000, 0x00000000d0000000)
  object space 1310720K, 85% used [0x0000000080000000,0x00000000c4a80c50,0x00000000d0000000)
 Metaspace       used 249114K, capacity 253794K, committed 254080K, reserved 745472K
  class space    used 23929K, capacity 24854K, committed 24960K, reserved 516096K
}
{Heap before GC invocations=256 (full 2):
 PSYoungGen      total 688128K, used 592274K [0x00000000d0000000, 0x0000000100000000, 0x0000000100000000)
  eden space 589824K, 100% used [0x00000000d0000000,0x00000000f4000000,0x00000000f4000000)
  from space 98304K, 2% used [0x00000000f4000000,0x00000000f4264900,0x00000000fa000000)
  to   space 98304K, 0% used [0x00000000fa000000,0x00000000fa000000,0x0000000100000000)
 ParOldGen       total 1310720K, used 1124867K [0x0000000080000000, 0x00000000d0000000, 0x00000000d0000000)
  object space 1310720K, 85% used [0x0000000080000000,0x00000000c4a80c50,0x00000000d0000000)
 Metaspace       used 249115K, capacity 253794K, committed 254080K, reserved 745472K
  class space    used 23929K, capacity 24854K, committed 24960K, reserved 516096K
2025-05-14T21:03:33.140+0900: 10224.427: [GC (Allocation Failure) [PSYoungGen: 592274K->2450K(688128K)] 1717141K->1127413K(1998848K), 0.0115977 secs] [Times: user=0.03 sys=0.00, real=0.01 secs] 
Heap after GC invocations=256 (full 2):
 PSYoungGen      total 688128K, used 2450K [0x00000000d0000000, 0x0000000100000000, 0x0000000100000000)
  eden space 589824K, 0% used [0x00000000d0000000,0x00000000d0000000,0x00000000f4000000)
  from space 98304K, 2% used [0x00000000fa000000,0x00000000fa264900,0x0000000100000000)
  to   space 98304K, 0% used [0x00000000f4000000,0x00000000f4000000,0x00000000fa000000)
 ParOldGen       total 1310720K, used 1124963K [0x0000000080000000, 0x00000000d0000000, 0x00000000d0000000)
  object space 1310720K, 85% used [0x0000000080000000,0x00000000c4a98c50,0x00000000d0000000)
 Metaspace       used 249115K, capacity 253794K, committed 254080K, reserved 745472K
  class space    used 23929K, capacity 24854K, committed 24960K, reserved 516096K
}
{Heap before GC invocations=257 (full 2):
 PSYoungGen      total 688128K, used 592274K [0x00000000d0000000, 0x0000000100000000, 0x0000000100000000)
  eden space 589824K, 100% used [0x00000000d0000000,0x00000000f4000000,0x00000000f4000000)
  from space 98304K, 2% used [0x00000000fa000000,0x00000000fa264900,0x0000000100000000)
  to   space 98304K, 0% used [0x00000000f4000000,0x00000000f4000000,0x00000000fa000000)
 ParOldGen       total 1310720K, used 1124963K [0x0000000080000000, 0x00000000d0000000, 0x00000000d0000000)
  object space 1310720K, 85% used [0x0000000080000000,0x00000000c4a98c50,0x00000000d0000000)
 Metaspace       used 249117K, capacity 253794K, committed 254080K, reserved 745472K
  class space    used 23929K, capacity 24854K, committed 24960K, reserved 516096K
2025-05-14T21:04:34.685+0900: 10285.972: [GC (Allocation Failure) [PSYoungGen: 592274K->2402K(688128K)] 1717237K->1127477K(1998848K), 0.0121782 secs] [Times: user=0.03 sys=0.00, real=0.01 secs] 
Heap after GC invocations=257 (full 2):
 PSYoungGen      total 688128K, used 2402K [0x00000000d0000000, 0x0000000100000000, 0x0000000100000000)
  eden space 589824K, 0% used [0x00000000d0000000,0x00000000d0000000,0x00000000f4000000)
  from space 98304K, 2% used [0x00000000f4000000,0x00000000f4258910,0x00000000fa000000)
  to   space 98304K, 0% used [0x00000000fa000000,0x00000000fa000000,0x0000000100000000)
 ParOldGen       total 1310720K, used 1125074K [0x0000000080000000, 0x00000000d0000000, 0x00000000d0000000)
  object space 1310720K, 85% used [0x0000000080000000,0x00000000c4ab4bd0,0x00000000d0000000)
 Metaspace       used 249117K, capacity 253794K, committed 254080K, reserved 745472K
  class space    used 23929K, capacity 24854K, committed 24960K, reserved 516096K
}
{Heap before GC invocations=258 (full 2):
 PSYoungGen      total 688128K, used 592226K [0x00000000d0000000, 0x0000000100000000, 0x0000000100000000)
  eden space 589824K, 100% used [0x00000000d0000000,0x00000000f4000000,0x00000000f4000000)
  from space 98304K, 2% used [0x00000000f4000000,0x00000000f4258910,0x00000000fa000000)
  to   space 98304K, 0% used [0x00000000fa000000,0x00000000fa000000,0x0000000100000000)
 ParOldGen       total 1310720K, used 1125074K [0x0000000080000000, 0x00000000d0000000, 0x00000000d0000000)
  object space 1310720K, 85% used [0x0000000080000000,0x00000000c4ab4bd0,0x00000000d0000000)
 Metaspace       used 249119K, capacity 253794K, committed 254080K, reserved 745472K
  class space    used 23929K, capacity 24854K, committed 24960K, reserved 516096K
2025-05-14T21:05:36.740+0900: 10348.028: [GC (Allocation Failure) [PSYoungGen: 592226K->2370K(688128K)] 1717301K->1127533K(1998848K), 0.0120987 secs] [Times: user=0.03 sys=0.00, real=0.01 secs] 
Heap after GC invocations=258 (full 2):
 PSYoungGen      total 688128K, used 2370K [0x00000000d0000000, 0x0000000100000000, 0x0000000100000000)
  eden space 589824K, 0% used [0x00000000d0000000,0x00000000d0000000,0x00000000f4000000)
  from space 98304K, 2% used [0x00000000fa000000,0x00000000fa250910,0x0000000100000000)
  to   space 98304K, 0% used [0x00000000f4000000,0x00000000f4000000,0x00000000fa000000)
 ParOldGen       total 1310720K, used 1125162K [0x0000000080000000, 0x00000000d0000000, 0x00000000d0000000)
  object space 1310720K, 85% used [0x0000000080000000,0x00000000c4acabd0,0x00000000d0000000)
 Metaspace       used 249119K, capacity 253794K, committed 254080K, reserved 745472K
  class space    used 23929K, capacity 24854K, committed 24960K, reserved 516096K
}
{Heap before GC invocations=259 (full 2):
 PSYoungGen      total 688128K, used 592194K [0x00000000d0000000, 0x0000000100000000, 0x0000000100000000)
  eden space 589824K, 100% used [0x00000000d0000000,0x00000000f4000000,0x00000000f4000000)
  from space 98304K, 2% used [0x00000000fa000000,0x00000000fa250910,0x0000000100000000)
  to   space 98304K, 0% used [0x00000000f4000000,0x00000000f4000000,0x00000000fa000000)
 ParOldGen       total 1310720K, used 1125162K [0x0000000080000000, 0x00000000d0000000, 0x00000000d0000000)
  object space 1310720K, 85% used [0x0000000080000000,0x00000000c4acabd0,0x00000000d0000000)
 Metaspace       used 249154K, capacity 253858K, committed 254080K, reserved 745472K
  class space    used 23929K, capacity 24854K, committed 24960K, reserved 516096K
2025-05-14T21:06:38.736+0900: 10410.023: [GC (Allocation Failure) [PSYoungGen: 592194K->2402K(688128K)] 1717357K->1127573K(1998848K), 0.0123999 secs] [Times: user=0.03 sys=0.00, real=0.02 secs] 
Heap after GC invocations=259 (full 2):
 PSYoungGen      total 688128K, used 2402K [0x00000000d0000000, 0x0000000100000000, 0x0000000100000000)
  eden space 589824K, 0% used [0x00000000d0000000,0x00000000d0000000,0x00000000f4000000)
  from space 98304K, 2% used [0x00000000f4000000,0x00000000f42588f0,0x00000000fa000000)
  to   space 98304K, 0% used [0x00000000fa000000,0x00000000fa000000,0x0000000100000000)
 ParOldGen       total 1310720K, used 1125170K [0x0000000080000000, 0x00000000d0000000, 0x00000000d0000000)
  object space 1310720K, 85% used [0x0000000080000000,0x00000000c4accbd0,0x00000000d0000000)
 Metaspace       used 249154K, capacity 253858K, committed 254080K, reserved 745472K
  class space    used 23929K, capacity 24854K, committed 24960K, reserved 516096K
}
{Heap before GC invocations=260 (full 2):
 PSYoungGen      total 688128K, used 592226K [0x00000000d0000000, 0x0000000100000000, 0x0000000100000000)
  eden space 589824K, 100% used [0x00000000d0000000,0x00000000f4000000,0x00000000f4000000)
  from space 98304K, 2% used [0x00000000f4000000,0x00000000f42588f0,0x00000000fa000000)
  to   space 98304K, 0% used [0x00000000fa000000,0x00000000fa000000,0x0000000100000000)
 ParOldGen       total 1310720K, used 1125170K [0x0000000080000000, 0x00000000d0000000, 0x00000000d0000000)
  object space 1310720K, 85% used [0x0000000080000000,0x00000000c4accbd0,0x00000000d0000000)
 Metaspace       used 249154K, capacity 253858K, committed 254080K, reserved 745472K
  class space    used 23929K, capacity 24854K, committed 24960K, reserved 516096K
2025-05-14T21:07:40.955+0900: 10472.242: [GC (Allocation Failure) [PSYoungGen: 592226K->2002K(688128K)] 1717397K->1127631K(1998848K), 0.0116855 secs] [Times: user=0.03 sys=0.00, real=0.01 secs] 
Heap after GC invocations=260 (full 2):
 PSYoungGen      total 688128K, used 2002K [0x00000000d0000000, 0x0000000100000000, 0x0000000100000000)
  eden space 589824K, 0% used [0x00000000d0000000,0x00000000d0000000,0x00000000f4000000)
  from space 98304K, 2% used [0x00000000fa000000,0x00000000fa1f48e0,0x0000000100000000)
  to   space 98304K, 0% used [0x00000000f4000000,0x00000000f4000000,0x00000000fa000000)
 ParOldGen       total 1310720K, used 1125629K [0x0000000080000000, 0x00000000d0000000, 0x00000000d0000000)
  object space 1310720K, 85% used [0x0000000080000000,0x00000000c4b3f620,0x00000000d0000000)
 Metaspace       used 249154K, capacity 253858K, committed 254080K, reserved 745472K
  class space    used 23929K, capacity 24854K, committed 24960K, reserved 516096K
}
{Heap before GC invocations=261 (full 2):
 PSYoungGen      total 688128K, used 591826K [0x00000000d0000000, 0x0000000100000000, 0x0000000100000000)
  eden space 589824K, 100% used [0x00000000d0000000,0x00000000f4000000,0x00000000f4000000)
  from space 98304K, 2% used [0x00000000fa000000,0x00000000fa1f48e0,0x0000000100000000)
  to   space 98304K, 0% used [0x00000000f4000000,0x00000000f4000000,0x00000000fa000000)
 ParOldGen       total 1310720K, used 1125629K [0x0000000080000000, 0x00000000d0000000, 0x00000000d0000000)
  object space 1310720K, 85% used [0x0000000080000000,0x00000000c4b3f620,0x00000000d0000000)
 Metaspace       used 249155K, capacity 253858K, committed 254080K, reserved 745472K
  class space    used 23929K, capacity 24854K, committed 24960K, reserved 516096K
2025-05-14T21:08:43.155+0900: 10534.442: [GC (Allocation Failure) [PSYoungGen: 591826K->2016K(688128K)] 1717455K->1127709K(1998848K), 0.0114798 secs] [Times: user=0.03 sys=0.00, real=0.01 secs] 
Heap after GC invocations=261 (full 2):
 PSYoungGen      total 688128K, used 2016K [0x00000000d0000000, 0x0000000100000000, 0x0000000100000000)
  eden space 589824K, 0% used [0x00000000d0000000,0x00000000d0000000,0x00000000f4000000)
  from space 98304K, 2% used [0x00000000f4000000,0x00000000f41f8020,0x00000000fa000000)
  to   space 98304K, 0% used [0x00000000fa000000,0x00000000fa000000,0x0000000100000000)
 ParOldGen       total 1310720K, used 1125693K [0x0000000080000000, 0x00000000d0000000, 0x00000000d0000000)
  object space 1310720K, 85% used [0x0000000080000000,0x00000000c4b4f620,0x00000000d0000000)
 Metaspace       used 249155K, capacity 253858K, committed 254080K, reserved 745472K
  class space    used 23929K, capacity 24854K, committed 24960K, reserved 516096K
}
{Heap before GC invocations=262 (full 2):
 PSYoungGen      total 688128K, used 591840K [0x00000000d0000000, 0x0000000100000000, 0x0000000100000000)
  eden space 589824K, 100% used [0x00000000d0000000,0x00000000f4000000,0x00000000f4000000)
  from space 98304K, 2% used [0x00000000f4000000,0x00000000f41f8020,0x00000000fa000000)
  to   space 98304K, 0% used [0x00000000fa000000,0x00000000fa000000,0x0000000100000000)
 ParOldGen       total 1310720K, used 1125693K [0x0000000080000000, 0x00000000d0000000, 0x00000000d0000000)
  object space 1310720K, 85% used [0x0000000080000000,0x00000000c4b4f620,0x00000000d0000000)
 Metaspace       used 249157K, capacity 253858K, committed 254080K, reserved 745472K
  class space    used 23929K, capacity 24854K, committed 24960K, reserved 516096K
2025-05-14T21:09:45.387+0900: 10596.674: [GC (Allocation Failure) [PSYoungGen: 591840K->2034K(688128K)] 1717533K->1127775K(1998848K), 0.0112554 secs] [Times: user=0.03 sys=0.00, real=0.02 secs] 
Heap after GC invocations=262 (full 2):
 PSYoungGen      total 688128K, used 2034K [0x00000000d0000000, 0x0000000100000000, 0x0000000100000000)
  eden space 589824K, 0% used [0x00000000d0000000,0x00000000d0000000,0x00000000f4000000)
  from space 98304K, 2% used [0x00000000fa000000,0x00000000fa1fc900,0x0000000100000000)
  to   space 98304K, 0% used [0x00000000f4000000,0x00000000f4000000,0x00000000fa000000)
 ParOldGen       total 1310720K, used 1125741K [0x0000000080000000, 0x00000000d0000000, 0x00000000d0000000)
  object space 1310720K, 85% used [0x0000000080000000,0x00000000c4b5b620,0x00000000d0000000)
 Metaspace       used 249157K, capacity 253858K, committed 254080K, reserved 745472K
  class space    used 23929K, capacity 24854K, committed 24960K, reserved 516096K
}
{Heap before GC invocations=263 (full 2):
 PSYoungGen      total 688128K, used 591858K [0x00000000d0000000, 0x0000000100000000, 0x0000000100000000)
  eden space 589824K, 100% used [0x00000000d0000000,0x00000000f4000000,0x00000000f4000000)
  from space 98304K, 2% used [0x00000000fa000000,0x00000000fa1fc900,0x0000000100000000)
  to   space 98304K, 0% used [0x00000000f4000000,0x00000000f4000000,0x00000000fa000000)
 ParOldGen       total 1310720K, used 1125741K [0x0000000080000000, 0x00000000d0000000, 0x00000000d0000000)
  object space 1310720K, 85% used [0x0000000080000000,0x00000000c4b5b620,0x00000000d0000000)
 Metaspace       used 249179K, capacity 253864K, committed 254080K, reserved 745472K
  class space    used 23929K, capacity 24855K, committed 24960K, reserved 516096K
2025-05-14T21:10:44.963+0900: 10656.250: [GC (Allocation Failure) [PSYoungGen: 591858K->2422K(688128K)] 1717599K->1128232K(1998848K), 0.0119882 secs] [Times: user=0.03 sys=0.00, real=0.01 secs] 
Heap after GC invocations=263 (full 2):
 PSYoungGen      total 688128K, used 2422K [0x00000000d0000000, 0x0000000100000000, 0x0000000100000000)
  eden space 589824K, 0% used [0x00000000d0000000,0x00000000d0000000,0x00000000f4000000)
  from space 98304K, 2% used [0x00000000f4000000,0x00000000f425db48,0x00000000fa000000)
  to   space 98304K, 0% used [0x00000000fa000000,0x00000000fa000000,0x0000000100000000)
 ParOldGen       total 1310720K, used 1125809K [0x0000000080000000, 0x00000000d0000000, 0x00000000d0000000)
  object space 1310720K, 85% used [0x0000000080000000,0x00000000c4b6c630,0x00000000d0000000)
 Metaspace       used 249179K, capacity 253864K, committed 254080K, reserved 745472K
  class space    used 23929K, capacity 24855K, committed 24960K, reserved 516096K
}
{Heap before GC invocations=264 (full 2):
 PSYoungGen      total 688128K, used 592246K [0x00000000d0000000, 0x0000000100000000, 0x0000000100000000)
  eden space 589824K, 100% used [0x00000000d0000000,0x00000000f4000000,0x00000000f4000000)
  from space 98304K, 2% used [0x00000000f4000000,0x00000000f425db48,0x00000000fa000000)
  to   space 98304K, 0% used [0x00000000fa000000,0x00000000fa000000,0x0000000100000000)
 ParOldGen       total 1310720K, used 1125809K [0x0000000080000000, 0x00000000d0000000, 0x00000000d0000000)
  object space 1310720K, 85% used [0x0000000080000000,0x00000000c4b6c630,0x00000000d0000000)
 Metaspace       used 249180K, capacity 253864K, committed 254080K, reserved 745472K
  class space    used 23929K, capacity 24855K, committed 24960K, reserved 516096K
2025-05-14T21:11:45.707+0900: 10716.994: [GC (Allocation Failure) [PSYoungGen: 592246K->2384K(688128K)] 1718056K->1128249K(1998848K), 0.0115147 secs] [Times: user=0.03 sys=0.00, real=0.02 secs] 
Heap after GC invocations=264 (full 2):
 PSYoungGen      total 688128K, used 2384K [0x00000000d0000000, 0x0000000100000000, 0x0000000100000000)
  eden space 589824K, 0% used [0x00000000d0000000,0x00000000d0000000,0x00000000f4000000)
  from space 98304K, 2% used [0x00000000fa000000,0x00000000fa254008,0x0000000100000000)
  to   space 98304K, 0% used [0x00000000f4000000,0x00000000f4000000,0x00000000fa000000)
 ParOldGen       total 1310720K, used 1125865K [0x0000000080000000, 0x00000000d0000000, 0x00000000d0000000)
  object space 1310720K, 85% used [0x0000000080000000,0x00000000c4b7a630,0x00000000d0000000)
 Metaspace       used 249180K, capacity 253864K, committed 254080K, reserved 745472K
  class space    used 23929K, capacity 24855K, committed 24960K, reserved 516096K
}
{Heap before GC invocations=265 (full 2):
 PSYoungGen      total 688128K, used 592208K [0x00000000d0000000, 0x0000000100000000, 0x0000000100000000)
  eden space 589824K, 100% used [0x00000000d0000000,0x00000000f4000000,0x00000000f4000000)
  from space 98304K, 2% used [0x00000000fa000000,0x00000000fa254008,0x0000000100000000)
  to   space 98304K, 0% used [0x00000000f4000000,0x00000000f4000000,0x00000000fa000000)
 ParOldGen       total 1310720K, used 1125865K [0x0000000080000000, 0x00000000d0000000, 0x00000000d0000000)
  object space 1310720K, 85% used [0x0000000080000000,0x00000000c4b7a630,0x00000000d0000000)
 Metaspace       used 249191K, capacity 253876K, committed 254080K, reserved 745472K
  class space    used 23930K, capacity 24857K, committed 24960K, reserved 516096K
2025-05-14T21:12:41.808+0900: 10773.095: [GC (Allocation Failure) [PSYoungGen: 592208K->2626K(688128K)] 1718073K->1128555K(1998848K), 0.0122134 secs] [Times: user=0.03 sys=0.00, real=0.02 secs] 
Heap after GC invocations=265 (full 2):
 PSYoungGen      total 688128K, used 2626K [0x00000000d0000000, 0x0000000100000000, 0x0000000100000000)
  eden space 589824K, 0% used [0x00000000d0000000,0x00000000d0000000,0x00000000f4000000)
  from space 98304K, 2% used [0x00000000f4000000,0x00000000f4290988,0x00000000fa000000)
  to   space 98304K, 0% used [0x00000000fa000000,0x00000000fa000000,0x0000000100000000)
 ParOldGen       total 1310720K, used 1125929K [0x0000000080000000, 0x00000000d0000000, 0x00000000d0000000)
  object space 1310720K, 85% used [0x0000000080000000,0x00000000c4b8a630,0x00000000d0000000)
 Metaspace       used 249191K, capacity 253876K, committed 254080K, reserved 745472K
  class space    used 23930K, capacity 24857K, committed 24960K, reserved 516096K
}
{Heap before GC invocations=266 (full 2):
 PSYoungGen      total 688128K, used 592450K [0x00000000d0000000, 0x0000000100000000, 0x0000000100000000)
  eden space 589824K, 100% used [0x00000000d0000000,0x00000000f4000000,0x00000000f4000000)
  from space 98304K, 2% used [0x00000000f4000000,0x00000000f4290988,0x00000000fa000000)
  to   space 98304K, 0% used [0x00000000fa000000,0x00000000fa000000,0x0000000100000000)
 ParOldGen       total 1310720K, used 1125929K [0x0000000080000000, 0x00000000d0000000, 0x00000000d0000000)
  object space 1310720K, 85% used [0x0000000080000000,0x00000000c4b8a630,0x00000000d0000000)
 Metaspace       used 249193K, capacity 253876K, committed 254080K, reserved 745472K
  class space    used 23930K, capacity 24857K, committed 24960K, reserved 516096K
2025-05-14T21:13:42.638+0900: 10833.925: [GC (Allocation Failure) [PSYoungGen: 592450K->2579K(688128K)] 1718379K->1128540K(1998848K), 0.0119447 secs] [Times: user=0.03 sys=0.00, real=0.02 secs] 
Heap after GC invocations=266 (full 2):
 PSYoungGen      total 688128K, used 2579K [0x00000000d0000000, 0x0000000100000000, 0x0000000100000000)
  eden space 589824K, 0% used [0x00000000d0000000,0x00000000d0000000,0x00000000f4000000)
  from space 98304K, 2% used [0x00000000fa000000,0x00000000fa284d58,0x0000000100000000)
  to   space 98304K, 0% used [0x00000000f4000000,0x00000000f4000000,0x00000000fa000000)
 ParOldGen       total 1310720K, used 1125961K [0x0000000080000000, 0x00000000d0000000, 0x00000000d0000000)
  object space 1310720K, 85% used [0x0000000080000000,0x00000000c4b92630,0x00000000d0000000)
 Metaspace       used 249193K, capacity 253876K, committed 254080K, reserved 745472K
  class space    used 23930K, capacity 24857K, committed 24960K, reserved 516096K
}
{Heap before GC invocations=267 (full 2):
 PSYoungGen      total 688128K, used 592403K [0x00000000d0000000, 0x0000000100000000, 0x0000000100000000)
  eden space 589824K, 100% used [0x00000000d0000000,0x00000000f4000000,0x00000000f4000000)
  from space 98304K, 2% used [0x00000000fa000000,0x00000000fa284d58,0x0000000100000000)
  to   space 98304K, 0% used [0x00000000f4000000,0x00000000f4000000,0x00000000fa000000)
 ParOldGen       total 1310720K, used 1125961K [0x0000000080000000, 0x00000000d0000000, 0x00000000d0000000)
  object space 1310720K, 85% used [0x0000000080000000,0x00000000c4b92630,0x00000000d0000000)
 Metaspace       used 249200K, capacity 253882K, committed 254080K, reserved 745472K
  class space    used 23931K, capacity 24858K, committed 24960K, reserved 516096K
2025-05-14T21:14:43.164+0900: 10894.451: [GC (Allocation Failure) [PSYoungGen: 592403K->2978K(688128K)] 1718364K->1129063K(1998848K), 0.0115637 secs] [Times: user=0.03 sys=0.00, real=0.01 secs] 
Heap after GC invocations=267 (full 2):
 PSYoungGen      total 688128K, used 2978K [0x00000000d0000000, 0x0000000100000000, 0x0000000100000000)
  eden space 589824K, 0% used [0x00000000d0000000,0x00000000d0000000,0x00000000f4000000)
  from space 98304K, 3% used [0x00000000f4000000,0x00000000f42e8a68,0x00000000fa000000)
  to   space 98304K, 0% used [0x00000000fa000000,0x00000000fa000000,0x0000000100000000)
 ParOldGen       total 1310720K, used 1126085K [0x0000000080000000, 0x00000000d0000000, 0x00000000d0000000)
  object space 1310720K, 85% used [0x0000000080000000,0x00000000c4bb1590,0x00000000d0000000)
 Metaspace       used 249200K, capacity 253882K, committed 254080K, reserved 745472K
  class space    used 23931K, capacity 24858K, committed 24960K, reserved 516096K
}
{Heap before GC invocations=268 (full 2):
 PSYoungGen      total 688128K, used 592802K [0x00000000d0000000, 0x0000000100000000, 0x0000000100000000)
  eden space 589824K, 100% used [0x00000000d0000000,0x00000000f4000000,0x00000000f4000000)
  from space 98304K, 3% used [0x00000000f4000000,0x00000000f42e8a68,0x00000000fa000000)
  to   space 98304K, 0% used [0x00000000fa000000,0x00000000fa000000,0x0000000100000000)
 ParOldGen       total 1310720K, used 1126085K [0x0000000080000000, 0x00000000d0000000, 0x00000000d0000000)
  object space 1310720K, 85% used [0x0000000080000000,0x00000000c4bb1590,0x00000000d0000000)
 Metaspace       used 249217K, capacity 253946K, committed 254080K, reserved 745472K
  class space    used 23931K, capacity 24858K, committed 24960K, reserved 516096K
2025-05-14T21:15:43.355+0900: 10954.642: [GC (Allocation Failure) [PSYoungGen: 592802K->3039K(688128K)] 1718887K->1129185K(1998848K), 0.0116695 secs] [Times: user=0.03 sys=0.00, real=0.01 secs] 
Heap after GC invocations=268 (full 2):
 PSYoungGen      total 688128K, used 3039K [0x00000000d0000000, 0x0000000100000000, 0x0000000100000000)
  eden space 589824K, 0% used [0x00000000d0000000,0x00000000d0000000,0x00000000f4000000)
  from space 98304K, 3% used [0x00000000fa000000,0x00000000fa2f7ea0,0x0000000100000000)
  to   space 98304K, 0% used [0x00000000f4000000,0x00000000f4000000,0x00000000fa000000)
 ParOldGen       total 1310720K, used 1126145K [0x0000000080000000, 0x00000000d0000000, 0x00000000d0000000)
  object space 1310720K, 85% used [0x0000000080000000,0x00000000c4bc05a0,0x00000000d0000000)
 Metaspace       used 249217K, capacity 253946K, committed 254080K, reserved 745472K
  class space    used 23931K, capacity 24858K, committed 24960K, reserved 516096K
}
{Heap before GC invocations=269 (full 2):
 PSYoungGen      total 688128K, used 592863K [0x00000000d0000000, 0x0000000100000000, 0x0000000100000000)
  eden space 589824K, 100% used [0x00000000d0000000,0x00000000f4000000,0x00000000f4000000)
  from space 98304K, 3% used [0x00000000fa000000,0x00000000fa2f7ea0,0x0000000100000000)
  to   space 98304K, 0% used [0x00000000f4000000,0x00000000f4000000,0x00000000fa000000)
 ParOldGen       total 1310720K, used 1126145K [0x0000000080000000, 0x00000000d0000000, 0x00000000d0000000)
  object space 1310720K, 85% used [0x0000000080000000,0x00000000c4bc05a0,0x00000000d0000000)
 Metaspace       used 249224K, capacity 253946K, committed 254080K, reserved 745472K
  class space    used 23931K, capacity 24858K, committed 24960K, reserved 516096K
2025-05-14T21:16:42.485+0900: 11013.772: [GC (Allocation Failure) [PSYoungGen: 592863K->2712K(688128K)] 1719009K->1129001K(1998848K), 0.0117086 secs] [Times: user=0.03 sys=0.00, real=0.01 secs] 
Heap after GC invocations=269 (full 2):
 PSYoungGen      total 688128K, used 2712K [0x00000000d0000000, 0x0000000100000000, 0x0000000100000000)
  eden space 589824K, 0% used [0x00000000d0000000,0x00000000d0000000,0x00000000f4000000)
  from space 98304K, 2% used [0x00000000f4000000,0x00000000f42a6158,0x00000000fa000000)
  to   space 98304K, 0% used [0x00000000fa000000,0x00000000fa000000,0x0000000100000000)
 ParOldGen       total 1310720K, used 1126289K [0x0000000080000000, 0x00000000d0000000, 0x00000000d0000000)
  object space 1310720K, 85% used [0x0000000080000000,0x00000000c4be4600,0x00000000d0000000)
 Metaspace       used 249224K, capacity 253946K, committed 254080K, reserved 745472K
  class space    used 23931K, capacity 24858K, committed 24960K, reserved 516096K
}
{Heap before GC invocations=270 (full 2):
 PSYoungGen      total 688128K, used 592536K [0x00000000d0000000, 0x0000000100000000, 0x0000000100000000)
  eden space 589824K, 100% used [0x00000000d0000000,0x00000000f4000000,0x00000000f4000000)
  from space 98304K, 2% used [0x00000000f4000000,0x00000000f42a6158,0x00000000fa000000)
  to   space 98304K, 0% used [0x00000000fa000000,0x00000000fa000000,0x0000000100000000)
 ParOldGen       total 1310720K, used 1126289K [0x0000000080000000, 0x00000000d0000000, 0x00000000d0000000)
  object space 1310720K, 85% used [0x0000000080000000,0x00000000c4be4600,0x00000000d0000000)
 Metaspace       used 249225K, capacity 253946K, committed 254080K, reserved 745472K
  class space    used 23932K, capacity 24858K, committed 24960K, reserved 516096K
2025-05-14T21:17:43.653+0900: 11074.940: [GC (Allocation Failure) [PSYoungGen: 592536K->2715K(688128K)] 1718825K->1129073K(1998848K), 0.0114642 secs] [Times: user=0.03 sys=0.00, real=0.01 secs] 
Heap after GC invocations=270 (full 2):
 PSYoungGen      total 688128K, used 2715K [0x00000000d0000000, 0x0000000100000000, 0x0000000100000000)
  eden space 589824K, 0% used [0x00000000d0000000,0x00000000d0000000,0x00000000f4000000)
  from space 98304K, 2% used [0x00000000fa000000,0x00000000fa2a6e20,0x0000000100000000)
  to   space 98304K, 0% used [0x00000000f4000000,0x00000000f4000000,0x00000000fa000000)
 ParOldGen       total 1310720K, used 1126357K [0x0000000080000000, 0x00000000d0000000, 0x00000000d0000000)
  object space 1310720K, 85% used [0x0000000080000000,0x00000000c4bf5610,0x00000000d0000000)
 Metaspace       used 249225K, capacity 253946K, committed 254080K, reserved 745472K
  class space    used 23932K, capacity 24858K, committed 24960K, reserved 516096K
}
{Heap before GC invocations=271 (full 2):
 PSYoungGen      total 688128K, used 592539K [0x00000000d0000000, 0x0000000100000000, 0x0000000100000000)
  eden space 589824K, 100% used [0x00000000d0000000,0x00000000f4000000,0x00000000f4000000)
  from space 98304K, 2% used [0x00000000fa000000,0x00000000fa2a6e20,0x0000000100000000)
  to   space 98304K, 0% used [0x00000000f4000000,0x00000000f4000000,0x00000000fa000000)
 ParOldGen       total 1310720K, used 1126357K [0x0000000080000000, 0x00000000d0000000, 0x00000000d0000000)
  object space 1310720K, 85% used [0x0000000080000000,0x00000000c4bf5610,0x00000000d0000000)
 Metaspace       used 249230K, capacity 253946K, committed 254080K, reserved 745472K
  class space    used 23932K, capacity 24858K, committed 24960K, reserved 516096K
2025-05-14T21:18:45.825+0900: 11137.112: [GC (Allocation Failure) [PSYoungGen: 592539K->2774K(688128K)] 1718897K->1129179K(1998848K), 0.0116879 secs] [Times: user=0.03 sys=0.00, real=0.01 secs] 
Heap after GC invocations=271 (full 2):
 PSYoungGen      total 688128K, used 2774K [0x00000000d0000000, 0x0000000100000000, 0x0000000100000000)
  eden space 589824K, 0% used [0x00000000d0000000,0x00000000d0000000,0x00000000f4000000)
  from space 98304K, 2% used [0x00000000f4000000,0x00000000f42b59a0,0x00000000fa000000)
  to   space 98304K, 0% used [0x00000000fa000000,0x00000000fa000000,0x0000000100000000)
 ParOldGen       total 1310720K, used 1126405K [0x0000000080000000, 0x00000000d0000000, 0x00000000d0000000)
  object space 1310720K, 85% used [0x0000000080000000,0x00000000c4c01610,0x00000000d0000000)
 Metaspace       used 249230K, capacity 253946K, committed 254080K, reserved 745472K
  class space    used 23932K, capacity 24858K, committed 24960K, reserved 516096K
}
{Heap before GC invocations=272 (full 2):
 PSYoungGen      total 688128K, used 592598K [0x00000000d0000000, 0x0000000100000000, 0x0000000100000000)
  eden space 589824K, 100% used [0x00000000d0000000,0x00000000f4000000,0x00000000f4000000)
  from space 98304K, 2% used [0x00000000f4000000,0x00000000f42b59a0,0x00000000fa000000)
  to   space 98304K, 0% used [0x00000000fa000000,0x00000000fa000000,0x0000000100000000)
 ParOldGen       total 1310720K, used 1126405K [0x0000000080000000, 0x00000000d0000000, 0x00000000d0000000)
  object space 1310720K, 85% used [0x0000000080000000,0x00000000c4c01610,0x00000000d0000000)
 Metaspace       used 249231K, capacity 253950K, committed 254080K, reserved 745472K
  class space    used 23932K, capacity 24858K, committed 24960K, reserved 516096K
2025-05-14T21:19:47.007+0900: 11198.294: [GC (Allocation Failure) [PSYoungGen: 592598K->2967K(688128K)] 1719003K->1129428K(1998848K), 0.0118098 secs] [Times: user=0.03 sys=0.00, real=0.02 secs] 
Heap after GC invocations=272 (full 2):
 PSYoungGen      total 688128K, used 2967K [0x00000000d0000000, 0x0000000100000000, 0x0000000100000000)
  eden space 589824K, 0% used [0x00000000d0000000,0x00000000d0000000,0x00000000f4000000)
  from space 98304K, 3% used [0x00000000fa000000,0x00000000fa2e5c88,0x0000000100000000)
  to   space 98304K, 0% used [0x00000000f4000000,0x00000000f4000000,0x00000000fa000000)
 ParOldGen       total 1310720K, used 1126461K [0x0000000080000000, 0x00000000d0000000, 0x00000000d0000000)
  object space 1310720K, 85% used [0x0000000080000000,0x00000000c4c0f610,0x00000000d0000000)
 Metaspace       used 249231K, capacity 253950K, committed 254080K, reserved 745472K
  class space    used 23932K, capacity 24858K, committed 24960K, reserved 516096K
}
{Heap before GC invocations=273 (full 2):
 PSYoungGen      total 688128K, used 592791K [0x00000000d0000000, 0x0000000100000000, 0x0000000100000000)
  eden space 589824K, 100% used [0x00000000d0000000,0x00000000f4000000,0x00000000f4000000)
  from space 98304K, 3% used [0x00000000fa000000,0x00000000fa2e5c88,0x0000000100000000)
  to   space 98304K, 0% used [0x00000000f4000000,0x00000000f4000000,0x00000000fa000000)
 ParOldGen       total 1310720K, used 1126461K [0x0000000080000000, 0x00000000d0000000, 0x00000000d0000000)
  object space 1310720K, 85% used [0x0000000080000000,0x00000000c4c0f610,0x00000000d0000000)
 Metaspace       used 249231K, capacity 253950K, committed 254080K, reserved 745472K
  class space    used 23932K, capacity 24858K, committed 24960K, reserved 516096K
2025-05-14T21:20:50.207+0900: 11261.494: [GC (Allocation Failure) [PSYoungGen: 592791K->2951K(688128K)] 1719252K->1129452K(1998848K), 0.0117614 secs] [Times: user=0.03 sys=0.00, real=0.02 secs] 
Heap after GC invocations=273 (full 2):
 PSYoungGen      total 688128K, used 2951K [0x00000000d0000000, 0x0000000100000000, 0x0000000100000000)
  eden space 589824K, 0% used [0x00000000d0000000,0x00000000d0000000,0x00000000f4000000)
  from space 98304K, 3% used [0x00000000f4000000,0x00000000f42e1c98,0x00000000fa000000)
  to   space 98304K, 0% used [0x00000000fa000000,0x00000000fa000000,0x0000000100000000)
 ParOldGen       total 1310720K, used 1126501K [0x0000000080000000, 0x00000000d0000000, 0x00000000d0000000)
  object space 1310720K, 85% used [0x0000000080000000,0x00000000c4c19610,0x00000000d0000000)
 Metaspace       used 249231K, capacity 253950K, committed 254080K, reserved 745472K
  class space    used 23932K, capacity 24858K, committed 24960K, reserved 516096K
}
{Heap before GC invocations=274 (full 2):
 PSYoungGen      total 688128K, used 592775K [0x00000000d0000000, 0x0000000100000000, 0x0000000100000000)
  eden space 589824K, 100% used [0x00000000d0000000,0x00000000f4000000,0x00000000f4000000)
  from space 98304K, 3% used [0x00000000f4000000,0x00000000f42e1c98,0x00000000fa000000)
  to   space 98304K, 0% used [0x00000000fa000000,0x00000000fa000000,0x0000000100000000)
 ParOldGen       total 1310720K, used 1126501K [0x0000000080000000, 0x00000000d0000000, 0x00000000d0000000)
  object space 1310720K, 85% used [0x0000000080000000,0x00000000c4c19610,0x00000000d0000000)
 Metaspace       used 249231K, capacity 253950K, committed 254080K, reserved 745472K
  class space    used 23932K, capacity 24858K, committed 24960K, reserved 516096K
2025-05-14T21:21:49.356+0900: 11320.643: [GC (Allocation Failure) [PSYoungGen: 592775K->3057K(688128K)] 1719276K->1129638K(1998848K), 0.0120051 secs] [Times: user=0.03 sys=0.00, real=0.02 secs] 
Heap after GC invocations=274 (full 2):
 PSYoungGen      total 688128K, used 3057K [0x00000000d0000000, 0x0000000100000000, 0x0000000100000000)
  eden space 589824K, 0% used [0x00000000d0000000,0x00000000d0000000,0x00000000f4000000)
  from space 98304K, 3% used [0x00000000fa000000,0x00000000fa2fc4f0,0x0000000100000000)
  to   space 98304K, 0% used [0x00000000f4000000,0x00000000f4000000,0x00000000fa000000)
 ParOldGen       total 1310720K, used 1126581K [0x0000000080000000, 0x00000000d0000000, 0x00000000d0000000)
  object space 1310720K, 85% used [0x0000000080000000,0x00000000c4c2d560,0x00000000d0000000)
 Metaspace       used 249231K, capacity 253950K, committed 254080K, reserved 745472K
  class space    used 23932K, capacity 24858K, committed 24960K, reserved 516096K
}
{Heap before GC invocations=275 (full 2):
 PSYoungGen      total 688128K, used 592881K [0x00000000d0000000, 0x0000000100000000, 0x0000000100000000)
  eden space 589824K, 100% used [0x00000000d0000000,0x00000000f4000000,0x00000000f4000000)
  from space 98304K, 3% used [0x00000000fa000000,0x00000000fa2fc4f0,0x0000000100000000)
  to   space 98304K, 0% used [0x00000000f4000000,0x00000000f4000000,0x00000000fa000000)
 ParOldGen       total 1310720K, used 1126581K [0x0000000080000000, 0x00000000d0000000, 0x00000000d0000000)
  object space 1310720K, 85% used [0x0000000080000000,0x00000000c4c2d560,0x00000000d0000000)
 Metaspace       used 249233K, capacity 253950K, committed 254080K, reserved 745472K
  class space    used 23932K, capacity 24858K, committed 24960K, reserved 516096K
2025-05-14T21:22:51.590+0900: 11382.877: [GC (Allocation Failure) [PSYoungGen: 592881K->3057K(688128K)] 1719462K->1129686K(1998848K), 0.0117318 secs] [Times: user=0.03 sys=0.00, real=0.01 secs] 
Heap after GC invocations=275 (full 2):
 PSYoungGen      total 688128K, used 3057K [0x00000000d0000000, 0x0000000100000000, 0x0000000100000000)
  eden space 589824K, 0% used [0x00000000d0000000,0x00000000d0000000,0x00000000f4000000)
  from space 98304K, 3% used [0x00000000f4000000,0x00000000f42fc4f0,0x00000000fa000000)
  to   space 98304K, 0% used [0x00000000fa000000,0x00000000fa000000,0x0000000100000000)
 ParOldGen       total 1310720K, used 1126629K [0x0000000080000000, 0x00000000d0000000, 0x00000000d0000000)
  object space 1310720K, 85% used [0x0000000080000000,0x00000000c4c39560,0x00000000d0000000)
 Metaspace       used 249233K, capacity 253950K, committed 254080K, reserved 745472K
  class space    used 23932K, capacity 24858K, committed 24960K, reserved 516096K
}
{Heap before GC invocations=276 (full 2):
 PSYoungGen      total 688128K, used 592881K [0x00000000d0000000, 0x0000000100000000, 0x0000000100000000)
  eden space 589824K, 100% used [0x00000000d0000000,0x00000000f4000000,0x00000000f4000000)
  from space 98304K, 3% used [0x00000000f4000000,0x00000000f42fc4f0,0x00000000fa000000)
  to   space 98304K, 0% used [0x00000000fa000000,0x00000000fa000000,0x0000000100000000)
 ParOldGen       total 1310720K, used 1126629K [0x0000000080000000, 0x00000000d0000000, 0x00000000d0000000)
  object space 1310720K, 85% used [0x0000000080000000,0x00000000c4c39560,0x00000000d0000000)
 Metaspace       used 249251K, capacity 253950K, committed 254080K, reserved 745472K
  class space    used 23932K, capacity 24858K, committed 24960K, reserved 516096K
2025-05-14T21:23:53.773+0900: 11445.060: [GC (Allocation Failure) [PSYoungGen: 592881K->2824K(688128K)] 1719510K->1129501K(1998848K), 0.0118778 secs] [Times: user=0.02 sys=0.00, real=0.01 secs] 
Heap after GC invocations=276 (full 2):
 PSYoungGen      total 688128K, used 2824K [0x00000000d0000000, 0x0000000100000000, 0x0000000100000000)
  eden space 589824K, 0% used [0x00000000d0000000,0x00000000d0000000,0x00000000f4000000)
  from space 98304K, 2% used [0x00000000fa000000,0x00000000fa2c2168,0x0000000100000000)
  to   space 98304K, 0% used [0x00000000f4000000,0x00000000f4000000,0x00000000fa000000)
 ParOldGen       total 1310720K, used 1126677K [0x0000000080000000, 0x00000000d0000000, 0x00000000d0000000)
  object space 1310720K, 85% used [0x0000000080000000,0x00000000c4c45560,0x00000000d0000000)
 Metaspace       used 249251K, capacity 253950K, committed 254080K, reserved 745472K
  class space    used 23932K, capacity 24858K, committed 24960K, reserved 516096K
}
{Heap before GC invocations=277 (full 2):
 PSYoungGen      total 688128K, used 592648K [0x00000000d0000000, 0x0000000100000000, 0x0000000100000000)
  eden space 589824K, 100% used [0x00000000d0000000,0x00000000f4000000,0x00000000f4000000)
  from space 98304K, 2% used [0x00000000fa000000,0x00000000fa2c2168,0x0000000100000000)
  to   space 98304K, 0% used [0x00000000f4000000,0x00000000f4000000,0x00000000fa000000)
 ParOldGen       total 1310720K, used 1126677K [0x0000000080000000, 0x00000000d0000000, 0x00000000d0000000)
  object space 1310720K, 85% used [0x0000000080000000,0x00000000c4c45560,0x00000000d0000000)
 Metaspace       used 249254K, capacity 253950K, committed 254080K, reserved 745472K
  class space    used 23932K, capacity 24858K, committed 24960K, reserved 516096K
2025-05-14T21:24:55.072+0900: 11506.359: [GC (Allocation Failure) [PSYoungGen: 592648K->2760K(688128K)] 1719325K->1129477K(1998848K), 0.0113421 secs] [Times: user=0.03 sys=0.00, real=0.01 secs] 
Heap after GC invocations=277 (full 2):
 PSYoungGen      total 688128K, used 2760K [0x00000000d0000000, 0x0000000100000000, 0x0000000100000000)
  eden space 589824K, 0% used [0x00000000d0000000,0x00000000d0000000,0x00000000f4000000)
  from space 98304K, 2% used [0x00000000f4000000,0x00000000f42b2168,0x00000000fa000000)
  to   space 98304K, 0% used [0x00000000fa000000,0x00000000fa000000,0x0000000100000000)
 ParOldGen       total 1310720K, used 1126717K [0x0000000080000000, 0x00000000d0000000, 0x00000000d0000000)
  object space 1310720K, 85% used [0x0000000080000000,0x00000000c4c4f560,0x00000000d0000000)
 Metaspace       used 249254K, capacity 253950K, committed 254080K, reserved 745472K
  class space    used 23932K, capacity 24858K, committed 24960K, reserved 516096K
}
{Heap before GC invocations=278 (full 2):
 PSYoungGen      total 688128K, used 592584K [0x00000000d0000000, 0x0000000100000000, 0x0000000100000000)
  eden space 589824K, 100% used [0x00000000d0000000,0x00000000f4000000,0x00000000f4000000)
  from space 98304K, 2% used [0x00000000f4000000,0x00000000f42b2168,0x00000000fa000000)
  to   space 98304K, 0% used [0x00000000fa000000,0x00000000fa000000,0x0000000100000000)
 ParOldGen       total 1310720K, used 1126717K [0x0000000080000000, 0x00000000d0000000, 0x00000000d0000000)
  object space 1310720K, 85% used [0x0000000080000000,0x00000000c4c4f560,0x00000000d0000000)
 Metaspace       used 249260K, capacity 253950K, committed 254080K, reserved 745472K
  class space    used 23932K, capacity 24858K, committed 24960K, reserved 516096K
2025-05-14T21:25:57.376+0900: 11568.663: [GC (Allocation Failure) [PSYoungGen: 592584K->2646K(688128K)] 1719301K->1129539K(1998848K), 0.0113300 secs] [Times: user=0.03 sys=0.00, real=0.01 secs] 
Heap after GC invocations=278 (full 2):
 PSYoungGen      total 688128K, used 2646K [0x00000000d0000000, 0x0000000100000000, 0x0000000100000000)
  eden space 589824K, 0% used [0x00000000d0000000,0x00000000d0000000,0x00000000f4000000)
  from space 98304K, 2% used [0x00000000fa000000,0x00000000fa295a00,0x0000000100000000)
  to   space 98304K, 0% used [0x00000000f4000000,0x00000000f4000000,0x00000000fa000000)
 ParOldGen       total 1310720K, used 1126892K [0x0000000080000000, 0x00000000d0000000, 0x00000000d0000000)
  object space 1310720K, 85% used [0x0000000080000000,0x00000000c4c7b2e0,0x00000000d0000000)
 Metaspace       used 249260K, capacity 253950K, committed 254080K, reserved 745472K
  class space    used 23932K, capacity 24858K, committed 24960K, reserved 516096K
}
{Heap before GC invocations=279 (full 2):
 PSYoungGen      total 688128K, used 592470K [0x00000000d0000000, 0x0000000100000000, 0x0000000100000000)
  eden space 589824K, 100% used [0x00000000d0000000,0x00000000f4000000,0x00000000f4000000)
  from space 98304K, 2% used [0x00000000fa000000,0x00000000fa295a00,0x0000000100000000)
  to   space 98304K, 0% used [0x00000000f4000000,0x00000000f4000000,0x00000000fa000000)
 ParOldGen       total 1310720K, used 1126892K [0x0000000080000000, 0x00000000d0000000, 0x00000000d0000000)
  object space 1310720K, 85% used [0x0000000080000000,0x00000000c4c7b2e0,0x00000000d0000000)
 Metaspace       used 249261K, capacity 253950K, committed 254080K, reserved 745472K
  class space    used 23932K, capacity 24858K, committed 24960K, reserved 516096K
2025-05-14T21:26:59.536+0900: 11630.823: [GC (Allocation Failure) [PSYoungGen: 592470K->2582K(688128K)] 1719363K->1129630K(1998848K), 0.0116213 secs] [Times: user=0.03 sys=0.00, real=0.01 secs] 
Heap after GC invocations=279 (full 2):
 PSYoungGen      total 688128K, used 2582K [0x00000000d0000000, 0x0000000100000000, 0x0000000100000000)
  eden space 589824K, 0% used [0x00000000d0000000,0x00000000d0000000,0x00000000f4000000)
  from space 98304K, 2% used [0x00000000f4000000,0x00000000f4285a00,0x00000000fa000000)
  to   space 98304K, 0% used [0x00000000fa000000,0x00000000fa000000,0x0000000100000000)
 ParOldGen       total 1310720K, used 1127048K [0x0000000080000000, 0x00000000d0000000, 0x00000000d0000000)
  object space 1310720K, 85% used [0x0000000080000000,0x00000000c4ca20e0,0x00000000d0000000)
 Metaspace       used 249261K, capacity 253950K, committed 254080K, reserved 745472K
  class space    used 23932K, capacity 24858K, committed 24960K, reserved 516096K
}
{Heap before GC invocations=280 (full 2):
 PSYoungGen      total 688128K, used 592396K [0x00000000d0000000, 0x0000000100000000, 0x0000000100000000)
  eden space 589824K, 99% used [0x00000000d0000000,0x00000000f3ffd650,0x00000000f4000000)
  from space 98304K, 2% used [0x00000000f4000000,0x00000000f4285a00,0x00000000fa000000)
  to   space 98304K, 0% used [0x00000000fa000000,0x00000000fa000000,0x0000000100000000)
 ParOldGen       total 1310720K, used 1127048K [0x0000000080000000, 0x00000000d0000000, 0x00000000d0000000)
  object space 1310720K, 85% used [0x0000000080000000,0x00000000c4ca20e0,0x00000000d0000000)
 Metaspace       used 249276K, capacity 253950K, committed 254080K, reserved 745472K
  class space    used 23932K, capacity 24858K, committed 24960K, reserved 516096K
2025-05-14T21:28:01.065+0900: 11692.352: [GC (Allocation Failure) [PSYoungGen: 592396K->2315K(688128K)] 1719444K->1129752K(1998848K), 0.0135968 secs] [Times: user=0.03 sys=0.00, real=0.02 secs] 
Heap after GC invocations=280 (full 2):
 PSYoungGen      total 688128K, used 2315K [0x00000000d0000000, 0x0000000100000000, 0x0000000100000000)
  eden space 589824K, 0% used [0x00000000d0000000,0x00000000d0000000,0x00000000f4000000)
  from space 98304K, 2% used [0x00000000fa000000,0x00000000fa242fe8,0x0000000100000000)
  to   space 98304K, 0% used [0x00000000f4000000,0x00000000f4000000,0x00000000fa000000)
 ParOldGen       total 1310720K, used 1127436K [0x0000000080000000, 0x00000000d0000000, 0x00000000d0000000)
  object space 1310720K, 86% used [0x0000000080000000,0x00000000c4d033b0,0x00000000d0000000)
 Metaspace       used 249276K, capacity 253950K, committed 254080K, reserved 745472K
  class space    used 23932K, capacity 24858K, committed 24960K, reserved 516096K
}
{Heap before GC invocations=281 (full 2):
 PSYoungGen      total 688128K, used 592139K [0x00000000d0000000, 0x0000000100000000, 0x0000000100000000)
  eden space 589824K, 100% used [0x00000000d0000000,0x00000000f4000000,0x00000000f4000000)
  from space 98304K, 2% used [0x00000000fa000000,0x00000000fa242fe8,0x0000000100000000)
  to   space 98304K, 0% used [0x00000000f4000000,0x00000000f4000000,0x00000000fa000000)
 ParOldGen       total 1310720K, used 1127436K [0x0000000080000000, 0x00000000d0000000, 0x00000000d0000000)
  object space 1310720K, 86% used [0x0000000080000000,0x00000000c4d033b0,0x00000000d0000000)
 Metaspace       used 249278K, capacity 253950K, committed 254080K, reserved 745472K
  class space    used 23932K, capacity 24858K, committed 24960K, reserved 516096K
2025-05-14T21:29:01.297+0900: 11752.584: [GC (Allocation Failure) [PSYoungGen: 592139K->2370K(688128K)] 1719576K->1129835K(1998848K), 0.0127998 secs] [Times: user=0.03 sys=0.00, real=0.02 secs] 
Heap after GC invocations=281 (full 2):
 PSYoungGen      total 688128K, used 2370K [0x00000000d0000000, 0x0000000100000000, 0x0000000100000000)
  eden space 589824K, 0% used [0x00000000d0000000,0x00000000d0000000,0x00000000f4000000)
  from space 98304K, 2% used [0x00000000f4000000,0x00000000f4250950,0x00000000fa000000)
  to   space 98304K, 0% used [0x00000000fa000000,0x00000000fa000000,0x0000000100000000)
 ParOldGen       total 1310720K, used 1127464K [0x0000000080000000, 0x00000000d0000000, 0x00000000d0000000)
  object space 1310720K, 86% used [0x0000000080000000,0x00000000c4d0a3c0,0x00000000d0000000)
 Metaspace       used 249278K, capacity 253950K, committed 254080K, reserved 745472K
  class space    used 23932K, capacity 24858K, committed 24960K, reserved 516096K
}
{Heap before GC invocations=282 (full 2):
 PSYoungGen      total 688128K, used 592194K [0x00000000d0000000, 0x0000000100000000, 0x0000000100000000)
  eden space 589824K, 100% used [0x00000000d0000000,0x00000000f4000000,0x00000000f4000000)
  from space 98304K, 2% used [0x00000000f4000000,0x00000000f4250950,0x00000000fa000000)
  to   space 98304K, 0% used [0x00000000fa000000,0x00000000fa000000,0x0000000100000000)
 ParOldGen       total 1310720K, used 1127464K [0x0000000080000000, 0x00000000d0000000, 0x00000000d0000000)
  object space 1310720K, 86% used [0x0000000080000000,0x00000000c4d0a3c0,0x00000000d0000000)
 Metaspace       used 249280K, capacity 253950K, committed 254080K, reserved 745472K
  class space    used 23932K, capacity 24858K, committed 24960K, reserved 516096K
2025-05-14T21:30:01.894+0900: 11813.181: [GC (Allocation Failure) [PSYoungGen: 592194K->1802K(688128K)] 1719659K->1129379K(1998848K), 0.0140918 secs] [Times: user=0.03 sys=0.01, real=0.01 secs] 
Heap after GC invocations=282 (full 2):
 PSYoungGen      total 688128K, used 1802K [0x00000000d0000000, 0x0000000100000000, 0x0000000100000000)
  eden space 589824K, 0% used [0x00000000d0000000,0x00000000d0000000,0x00000000f4000000)
  from space 98304K, 1% used [0x00000000fa000000,0x00000000fa1c2858,0x0000000100000000)
  to   space 98304K, 0% used [0x00000000f4000000,0x00000000f4000000,0x00000000fa000000)
 ParOldGen       total 1310720K, used 1127576K [0x0000000080000000, 0x00000000d0000000, 0x00000000d0000000)
  object space 1310720K, 86% used [0x0000000080000000,0x00000000c4d263e0,0x00000000d0000000)
 Metaspace       used 249280K, capacity 253950K, committed 254080K, reserved 745472K
  class space    used 23932K, capacity 24858K, committed 24960K, reserved 516096K
}
{Heap before GC invocations=283 (full 2):
 PSYoungGen      total 688128K, used 591626K [0x00000000d0000000, 0x0000000100000000, 0x0000000100000000)
  eden space 589824K, 100% used [0x00000000d0000000,0x00000000f4000000,0x00000000f4000000)
  from space 98304K, 1% used [0x00000000fa000000,0x00000000fa1c2858,0x0000000100000000)
  to   space 98304K, 0% used [0x00000000f4000000,0x00000000f4000000,0x00000000fa000000)
 ParOldGen       total 1310720K, used 1127576K [0x0000000080000000, 0x00000000d0000000, 0x00000000d0000000)
  object space 1310720K, 86% used [0x0000000080000000,0x00000000c4d263e0,0x00000000d0000000)
 Metaspace       used 249283K, capacity 253950K, committed 254080K, reserved 745472K
  class space    used 23932K, capacity 24858K, committed 24960K, reserved 516096K
2025-05-14T21:31:02.120+0900: 11873.407: [GC (Allocation Failure) [PSYoungGen: 591626K->1712K(688128K)] 1719203K->1129368K(1998848K), 0.0120046 secs] [Times: user=0.03 sys=0.00, real=0.01 secs] 
Heap after GC invocations=283 (full 2):
 PSYoungGen      total 688128K, used 1712K [0x00000000d0000000, 0x0000000100000000, 0x0000000100000000)
  eden space 589824K, 0% used [0x00000000d0000000,0x00000000d0000000,0x00000000f4000000)
  from space 98304K, 1% used [0x00000000f4000000,0x00000000f41ac1e8,0x00000000fa000000)
  to   space 98304K, 0% used [0x00000000fa000000,0x00000000fa000000,0x0000000100000000)
 ParOldGen       total 1310720K, used 1127656K [0x0000000080000000, 0x00000000d0000000, 0x00000000d0000000)
  object space 1310720K, 86% used [0x0000000080000000,0x00000000c4d3a1f0,0x00000000d0000000)
 Metaspace       used 249283K, capacity 253950K, committed 254080K, reserved 745472K
  class space    used 23932K, capacity 24858K, committed 24960K, reserved 516096K
}
{Heap before GC invocations=284 (full 2):
 PSYoungGen      total 688128K, used 591536K [0x00000000d0000000, 0x0000000100000000, 0x0000000100000000)
  eden space 589824K, 100% used [0x00000000d0000000,0x00000000f4000000,0x00000000f4000000)
  from space 98304K, 1% used [0x00000000f4000000,0x00000000f41ac1e8,0x00000000fa000000)
  to   space 98304K, 0% used [0x00000000fa000000,0x00000000fa000000,0x0000000100000000)
 ParOldGen       total 1310720K, used 1127656K [0x0000000080000000, 0x00000000d0000000, 0x00000000d0000000)
  object space 1310720K, 86% used [0x0000000080000000,0x00000000c4d3a1f0,0x00000000d0000000)
 Metaspace       used 249284K, capacity 253950K, committed 254080K, reserved 745472K
  class space    used 23932K, capacity 24858K, committed 24960K, reserved 516096K
2025-05-14T21:32:04.332+0900: 11935.619: [GC (Allocation Failure) [PSYoungGen: 591536K->1664K(688128K)] 1719192K->1129461K(1998848K), 0.0142514 secs] [Times: user=0.03 sys=0.00, real=0.01 secs] 
Heap after GC invocations=284 (full 2):
 PSYoungGen      total 688128K, used 1664K [0x00000000d0000000, 0x0000000100000000, 0x0000000100000000)
  eden space 589824K, 0% used [0x00000000d0000000,0x00000000d0000000,0x00000000f4000000)
  from space 98304K, 1% used [0x00000000fa000000,0x00000000fa1a0000,0x0000000100000000)
  to   space 98304K, 0% used [0x00000000f4000000,0x00000000f4000000,0x00000000fa000000)
 ParOldGen       total 1310720K, used 1127797K [0x0000000080000000, 0x00000000d0000000, 0x00000000d0000000)
  object space 1310720K, 86% used [0x0000000080000000,0x00000000c4d5d508,0x00000000d0000000)
 Metaspace       used 249284K, capacity 253950K, committed 254080K, reserved 745472K
  class space    used 23932K, capacity 24858K, committed 24960K, reserved 516096K
}
{Heap before GC invocations=285 (full 2):
 PSYoungGen      total 688128K, used 591488K [0x00000000d0000000, 0x0000000100000000, 0x0000000100000000)
  eden space 589824K, 100% used [0x00000000d0000000,0x00000000f4000000,0x00000000f4000000)
  from space 98304K, 1% used [0x00000000fa000000,0x00000000fa1a0000,0x0000000100000000)
  to   space 98304K, 0% used [0x00000000f4000000,0x00000000f4000000,0x00000000fa000000)
 ParOldGen       total 1310720K, used 1127797K [0x0000000080000000, 0x00000000d0000000, 0x00000000d0000000)
  object space 1310720K, 86% used [0x0000000080000000,0x00000000c4d5d508,0x00000000d0000000)
 Metaspace       used 249286K, capacity 253950K, committed 254080K, reserved 745472K
  class space    used 23932K, capacity 24858K, committed 24960K, reserved 516096K
2025-05-14T21:33:05.457+0900: 11996.744: [GC (Allocation Failure) [PSYoungGen: 591488K->2144K(688128K)] 1719285K->1130001K(1998848K), 0.0116446 secs] [Times: user=0.03 sys=0.00, real=0.01 secs] 
Heap after GC invocations=285 (full 2):
 PSYoungGen      total 688128K, used 2144K [0x00000000d0000000, 0x0000000100000000, 0x0000000100000000)
  eden space 589824K, 0% used [0x00000000d0000000,0x00000000d0000000,0x00000000f4000000)
  from space 98304K, 2% used [0x00000000f4000000,0x00000000f4218000,0x00000000fa000000)
  to   space 98304K, 0% used [0x00000000fa000000,0x00000000fa000000,0x0000000100000000)
 ParOldGen       total 1310720K, used 1127857K [0x0000000080000000, 0x00000000d0000000, 0x00000000d0000000)
  object space 1310720K, 86% used [0x0000000080000000,0x00000000c4d6c518,0x00000000d0000000)
 Metaspace       used 249286K, capacity 253950K, committed 254080K, reserved 745472K
  class space    used 23932K, capacity 24858K, committed 24960K, reserved 516096K
}
{Heap before GC invocations=286 (full 2):
 PSYoungGen      total 688128K, used 591968K [0x00000000d0000000, 0x0000000100000000, 0x0000000100000000)
  eden space 589824K, 100% used [0x00000000d0000000,0x00000000f4000000,0x00000000f4000000)
  from space 98304K, 2% used [0x00000000f4000000,0x00000000f4218000,0x00000000fa000000)
  to   space 98304K, 0% used [0x00000000fa000000,0x00000000fa000000,0x0000000100000000)
 ParOldGen       total 1310720K, used 1127857K [0x0000000080000000, 0x00000000d0000000, 0x00000000d0000000)
  object space 1310720K, 86% used [0x0000000080000000,0x00000000c4d6c518,0x00000000d0000000)
 Metaspace       used 249288K, capacity 253950K, committed 254080K, reserved 745472K
  class space    used 23932K, capacity 24858K, committed 24960K, reserved 516096K
2025-05-14T21:34:07.661+0900: 12058.948: [GC (Allocation Failure) [PSYoungGen: 591968K->2080K(688128K)] 1719825K->1129993K(1998848K), 0.0117342 secs] [Times: user=0.03 sys=0.00, real=0.01 secs] 
Heap after GC invocations=286 (full 2):
 PSYoungGen      total 688128K, used 2080K [0x00000000d0000000, 0x0000000100000000, 0x0000000100000000)
  eden space 589824K, 0% used [0x00000000d0000000,0x00000000d0000000,0x00000000f4000000)
  from space 98304K, 2% used [0x00000000fa000000,0x00000000fa208000,0x0000000100000000)
  to   space 98304K, 0% used [0x00000000f4000000,0x00000000f4000000,0x00000000fa000000)
 ParOldGen       total 1310720K, used 1127913K [0x0000000080000000, 0x00000000d0000000, 0x00000000d0000000)
  object space 1310720K, 86% used [0x0000000080000000,0x00000000c4d7a518,0x00000000d0000000)
 Metaspace       used 249288K, capacity 253950K, committed 254080K, reserved 745472K
  class space    used 23932K, capacity 24858K, committed 24960K, reserved 516096K
}
{Heap before GC invocations=287 (full 2):
 PSYoungGen      total 688128K, used 591904K [0x00000000d0000000, 0x0000000100000000, 0x0000000100000000)
  eden space 589824K, 100% used [0x00000000d0000000,0x00000000f4000000,0x00000000f4000000)
  from space 98304K, 2% used [0x00000000fa000000,0x00000000fa208000,0x0000000100000000)
  to   space 98304K, 0% used [0x00000000f4000000,0x00000000f4000000,0x00000000fa000000)
 ParOldGen       total 1310720K, used 1127913K [0x0000000080000000, 0x00000000d0000000, 0x00000000d0000000)
  object space 1310720K, 86% used [0x0000000080000000,0x00000000c4d7a518,0x00000000d0000000)
 Metaspace       used 249290K, capacity 253950K, committed 254080K, reserved 745472K
  class space    used 23932K, capacity 24858K, committed 24960K, reserved 516096K
2025-05-14T21:35:09.911+0900: 12121.198: [GC (Allocation Failure) [PSYoungGen: 591904K->2048K(688128K)] 1719817K->1130073K(1998848K), 0.0119383 secs] [Times: user=0.03 sys=0.01, real=0.01 secs] 
Heap after GC invocations=287 (full 2):
 PSYoungGen      total 688128K, used 2048K [0x00000000d0000000, 0x0000000100000000, 0x0000000100000000)
  eden space 589824K, 0% used [0x00000000d0000000,0x00000000d0000000,0x00000000f4000000)
  from space 98304K, 2% used [0x00000000f4000000,0x00000000f4200000,0x00000000fa000000)
  to   space 98304K, 0% used [0x00000000fa000000,0x00000000fa000000,0x0000000100000000)
 ParOldGen       total 1310720K, used 1128025K [0x0000000080000000, 0x00000000d0000000, 0x00000000d0000000)
  object space 1310720K, 86% used [0x0000000080000000,0x00000000c4d96548,0x00000000d0000000)
 Metaspace       used 249290K, capacity 253950K, committed 254080K, reserved 745472K
  class space    used 23932K, capacity 24858K, committed 24960K, reserved 516096K
}
{Heap before GC invocations=288 (full 2):
 PSYoungGen      total 688128K, used 591872K [0x00000000d0000000, 0x0000000100000000, 0x0000000100000000)
  eden space 589824K, 100% used [0x00000000d0000000,0x00000000f4000000,0x00000000f4000000)
  from space 98304K, 2% used [0x00000000f4000000,0x00000000f4200000,0x00000000fa000000)
  to   space 98304K, 0% used [0x00000000fa000000,0x00000000fa000000,0x0000000100000000)
 ParOldGen       total 1310720K, used 1128025K [0x0000000080000000, 0x00000000d0000000, 0x00000000d0000000)
  object space 1310720K, 86% used [0x0000000080000000,0x00000000c4d96548,0x00000000d0000000)
 Metaspace       used 249290K, capacity 253950K, committed 254080K, reserved 745472K
  class space    used 23932K, capacity 24858K, committed 24960K, reserved 516096K
2025-05-14T21:36:12.100+0900: 12183.387: [GC (Allocation Failure) [PSYoungGen: 591872K->2016K(688128K)] 1719897K->1130081K(1998848K), 0.0112330 secs] [Times: user=0.03 sys=0.00, real=0.01 secs] 
Heap after GC invocations=288 (full 2):
 PSYoungGen      total 688128K, used 2016K [0x00000000d0000000, 0x0000000100000000, 0x0000000100000000)
  eden space 589824K, 0% used [0x00000000d0000000,0x00000000d0000000,0x00000000f4000000)
  from space 98304K, 2% used [0x00000000fa000000,0x00000000fa1f8000,0x0000000100000000)
  to   space 98304K, 0% used [0x00000000f4000000,0x00000000f4000000,0x00000000fa000000)
 ParOldGen       total 1310720K, used 1128065K [0x0000000080000000, 0x00000000d0000000, 0x00000000d0000000)
  object space 1310720K, 86% used [0x0000000080000000,0x00000000c4da0548,0x00000000d0000000)
 Metaspace       used 249290K, capacity 253950K, committed 254080K, reserved 745472K
  class space    used 23932K, capacity 24858K, committed 24960K, reserved 516096K
}
{Heap before GC invocations=289 (full 2):
 PSYoungGen      total 688128K, used 591840K [0x00000000d0000000, 0x0000000100000000, 0x0000000100000000)
  eden space 589824K, 100% used [0x00000000d0000000,0x00000000f4000000,0x00000000f4000000)
  from space 98304K, 2% used [0x00000000fa000000,0x00000000fa1f8000,0x0000000100000000)
  to   space 98304K, 0% used [0x00000000f4000000,0x00000000f4000000,0x00000000fa000000)
 ParOldGen       total 1310720K, used 1128065K [0x0000000080000000, 0x00000000d0000000, 0x00000000d0000000)
  object space 1310720K, 86% used [0x0000000080000000,0x00000000c4da0548,0x00000000d0000000)
 Metaspace       used 249290K, capacity 253950K, committed 254080K, reserved 745472K
  class space    used 23932K, capacity 24858K, committed 24960K, reserved 516096K
2025-05-14T21:37:14.476+0900: 12245.763: [GC (Allocation Failure) [PSYoungGen: 591840K->1920K(688128K)] 1719905K->1130201K(1998848K), 0.0118581 secs] [Times: user=0.03 sys=0.00, real=0.01 secs] 
Heap after GC invocations=289 (full 2):
 PSYoungGen      total 688128K, used 1920K [0x00000000d0000000, 0x0000000100000000, 0x0000000100000000)
  eden space 589824K, 0% used [0x00000000d0000000,0x00000000d0000000,0x00000000f4000000)
  from space 98304K, 1% used [0x00000000f4000000,0x00000000f41e0020,0x00000000fa000000)
  to   space 98304K, 0% used [0x00000000fa000000,0x00000000fa000000,0x0000000100000000)
 ParOldGen       total 1310720K, used 1128281K [0x0000000080000000, 0x00000000d0000000, 0x00000000d0000000)
  object space 1310720K, 86% used [0x0000000080000000,0x00000000c4dd6548,0x00000000d0000000)
 Metaspace       used 249290K, capacity 253950K, committed 254080K, reserved 745472K
  class space    used 23932K, capacity 24858K, committed 24960K, reserved 516096K
}
{Heap before GC invocations=290 (full 2):
 PSYoungGen      total 688128K, used 591744K [0x00000000d0000000, 0x0000000100000000, 0x0000000100000000)
  eden space 589824K, 100% used [0x00000000d0000000,0x00000000f4000000,0x00000000f4000000)
  from space 98304K, 1% used [0x00000000f4000000,0x00000000f41e0020,0x00000000fa000000)
  to   space 98304K, 0% used [0x00000000fa000000,0x00000000fa000000,0x0000000100000000)
 ParOldGen       total 1310720K, used 1128281K [0x0000000080000000, 0x00000000d0000000, 0x00000000d0000000)
  object space 1310720K, 86% used [0x0000000080000000,0x00000000c4dd6548,0x00000000d0000000)
 Metaspace       used 249292K, capacity 253950K, committed 254080K, reserved 745472K
  class space    used 23932K, capacity 24858K, committed 24960K, reserved 516096K
2025-05-14T21:38:16.507+0900: 12307.794: [GC (Allocation Failure) [PSYoungGen: 591744K->1856K(688128K)] 1720025K->1130169K(1998848K), 0.0151614 secs] [Times: user=0.03 sys=0.00, real=0.02 secs] 
Heap after GC invocations=290 (full 2):
 PSYoungGen      total 688128K, used 1856K [0x00000000d0000000, 0x0000000100000000, 0x0000000100000000)
  eden space 589824K, 0% used [0x00000000d0000000,0x00000000d0000000,0x00000000f4000000)
  from space 98304K, 1% used [0x00000000fa000000,0x00000000fa1d0020,0x0000000100000000)
  to   space 98304K, 0% used [0x00000000f4000000,0x00000000f4000000,0x00000000fa000000)
 ParOldGen       total 1310720K, used 1128313K [0x0000000080000000, 0x00000000d0000000, 0x00000000d0000000)
  object space 1310720K, 86% used [0x0000000080000000,0x00000000c4dde548,0x00000000d0000000)
 Metaspace       used 249292K, capacity 253950K, committed 254080K, reserved 745472K
  class space    used 23932K, capacity 24858K, committed 24960K, reserved 516096K
}
{Heap before GC invocations=291 (full 2):
 PSYoungGen      total 688128K, used 591680K [0x00000000d0000000, 0x0000000100000000, 0x0000000100000000)
  eden space 589824K, 100% used [0x00000000d0000000,0x00000000f4000000,0x00000000f4000000)
  from space 98304K, 1% used [0x00000000fa000000,0x00000000fa1d0020,0x0000000100000000)
  to   space 98304K, 0% used [0x00000000f4000000,0x00000000f4000000,0x00000000fa000000)
 ParOldGen       total 1310720K, used 1128313K [0x0000000080000000, 0x00000000d0000000, 0x00000000d0000000)
  object space 1310720K, 86% used [0x0000000080000000,0x00000000c4dde548,0x00000000d0000000)
 Metaspace       used 249293K, capacity 253950K, committed 254080K, reserved 745472K
  class space    used 23932K, capacity 24858K, committed 24960K, reserved 516096K
2025-05-14T21:39:19.645+0900: 12370.932: [GC (Allocation Failure) [PSYoungGen: 591680K->1840K(688128K)] 1719993K->1130329K(1998848K), 0.0115279 secs] [Times: user=0.02 sys=0.00, real=0.01 secs] 
Heap after GC invocations=291 (full 2):
 PSYoungGen      total 688128K, used 1840K [0x00000000d0000000, 0x0000000100000000, 0x0000000100000000)
  eden space 589824K, 0% used [0x00000000d0000000,0x00000000d0000000,0x00000000f4000000)
  from space 98304K, 1% used [0x00000000f4000000,0x00000000f41cc030,0x00000000fa000000)
  to   space 98304K, 0% used [0x00000000fa000000,0x00000000fa000000,0x0000000100000000)
 ParOldGen       total 1310720K, used 1128488K [0x0000000080000000, 0x00000000d0000000, 0x00000000d0000000)
  object space 1310720K, 86% used [0x0000000080000000,0x00000000c4e0a3e8,0x00000000d0000000)
 Metaspace       used 249293K, capacity 253950K, committed 254080K, reserved 745472K
  class space    used 23932K, capacity 24858K, committed 24960K, reserved 516096K
}
{Heap before GC invocations=292 (full 2):
 PSYoungGen      total 688128K, used 591664K [0x00000000d0000000, 0x0000000100000000, 0x0000000100000000)
  eden space 589824K, 100% used [0x00000000d0000000,0x00000000f4000000,0x00000000f4000000)
  from space 98304K, 1% used [0x00000000f4000000,0x00000000f41cc030,0x00000000fa000000)
  to   space 98304K, 0% used [0x00000000fa000000,0x00000000fa000000,0x0000000100000000)
 ParOldGen       total 1310720K, used 1128488K [0x0000000080000000, 0x00000000d0000000, 0x00000000d0000000)
  object space 1310720K, 86% used [0x0000000080000000,0x00000000c4e0a3e8,0x00000000d0000000)
 Metaspace       used 249294K, capacity 253950K, committed 254080K, reserved 745472K
  class space    used 23932K, capacity 24858K, committed 24960K, reserved 516096K
2025-05-14T21:40:21.843+0900: 12433.130: [GC (Allocation Failure) [PSYoungGen: 591664K->1872K(688128K)] 1720153K->1130385K(1998848K), 0.0115834 secs] [Times: user=0.03 sys=0.00, real=0.01 secs] 
Heap after GC invocations=292 (full 2):
 PSYoungGen      total 688128K, used 1872K [0x00000000d0000000, 0x0000000100000000, 0x0000000100000000)
  eden space 589824K, 0% used [0x00000000d0000000,0x00000000d0000000,0x00000000f4000000)
  from space 98304K, 1% used [0x00000000fa000000,0x00000000fa1d4030,0x0000000100000000)
  to   space 98304K, 0% used [0x00000000f4000000,0x00000000f4000000,0x00000000fa000000)
 ParOldGen       total 1310720K, used 1128512K [0x0000000080000000, 0x00000000d0000000, 0x00000000d0000000)
  object space 1310720K, 86% used [0x0000000080000000,0x00000000c4e103e8,0x00000000d0000000)
 Metaspace       used 249294K, capacity 253950K, committed 254080K, reserved 745472K
  class space    used 23932K, capacity 24858K, committed 24960K, reserved 516096K
}
{Heap before GC invocations=293 (full 2):
 PSYoungGen      total 688128K, used 591696K [0x00000000d0000000, 0x0000000100000000, 0x0000000100000000)
  eden space 589824K, 100% used [0x00000000d0000000,0x00000000f4000000,0x00000000f4000000)
  from space 98304K, 1% used [0x00000000fa000000,0x00000000fa1d4030,0x0000000100000000)
  to   space 98304K, 0% used [0x00000000f4000000,0x00000000f4000000,0x00000000fa000000)
 ParOldGen       total 1310720K, used 1128512K [0x0000000080000000, 0x00000000d0000000, 0x00000000d0000000)
  object space 1310720K, 86% used [0x0000000080000000,0x00000000c4e103e8,0x00000000d0000000)
 Metaspace       used 249295K, capacity 253950K, committed 254080K, reserved 745472K
  class space    used 23932K, capacity 24858K, committed 24960K, reserved 516096K
2025-05-14T21:41:22.118+0900: 12493.405: [GC (Allocation Failure) [PSYoungGen: 591696K->2009K(688128K)] 1720209K->1130554K(1998848K), 0.0114581 secs] [Times: user=0.03 sys=0.00, real=0.02 secs] 
Heap after GC invocations=293 (full 2):
 PSYoungGen      total 688128K, used 2009K [0x00000000d0000000, 0x0000000100000000, 0x0000000100000000)
  eden space 589824K, 0% used [0x00000000d0000000,0x00000000d0000000,0x00000000f4000000)
  from space 98304K, 2% used [0x00000000f4000000,0x00000000f41f64b0,0x00000000fa000000)
  to   space 98304K, 0% used [0x00000000fa000000,0x00000000fa000000,0x0000000100000000)
 ParOldGen       total 1310720K, used 1128544K [0x0000000080000000, 0x00000000d0000000, 0x00000000d0000000)
  object space 1310720K, 86% used [0x0000000080000000,0x00000000c4e183e8,0x00000000d0000000)
 Metaspace       used 249295K, capacity 253950K, committed 254080K, reserved 745472K
  class space    used 23932K, capacity 24858K, committed 24960K, reserved 516096K
}
{Heap before GC invocations=294 (full 2):
 PSYoungGen      total 688128K, used 591833K [0x00000000d0000000, 0x0000000100000000, 0x0000000100000000)
  eden space 589824K, 100% used [0x00000000d0000000,0x00000000f4000000,0x00000000f4000000)
  from space 98304K, 2% used [0x00000000f4000000,0x00000000f41f64b0,0x00000000fa000000)
  to   space 98304K, 0% used [0x00000000fa000000,0x00000000fa000000,0x0000000100000000)
 ParOldGen       total 1310720K, used 1128544K [0x0000000080000000, 0x00000000d0000000, 0x00000000d0000000)
  object space 1310720K, 86% used [0x0000000080000000,0x00000000c4e183e8,0x00000000d0000000)
 Metaspace       used 249298K, capacity 254014K, committed 254336K, reserved 745472K
  class space    used 23932K, capacity 24858K, committed 24960K, reserved 516096K
2025-05-14T21:42:24.199+0900: 12555.486: [GC (Allocation Failure) [PSYoungGen: 591833K->1929K(688128K)] 1720378K->1130514K(1998848K), 0.0123198 secs] [Times: user=0.03 sys=0.00, real=0.01 secs] 
Heap after GC invocations=294 (full 2):
 PSYoungGen      total 688128K, used 1929K [0x00000000d0000000, 0x0000000100000000, 0x0000000100000000)
  eden space 589824K, 0% used [0x00000000d0000000,0x00000000d0000000,0x00000000f4000000)
  from space 98304K, 1% used [0x00000000fa000000,0x00000000fa1e24a0,0x0000000100000000)
  to   space 98304K, 0% used [0x00000000f4000000,0x00000000f4000000,0x00000000fa000000)
 ParOldGen       total 1310720K, used 1128584K [0x0000000080000000, 0x00000000d0000000, 0x00000000d0000000)
  object space 1310720K, 86% used [0x0000000080000000,0x00000000c4e223e8,0x00000000d0000000)
 Metaspace       used 249298K, capacity 254014K, committed 254336K, reserved 745472K
  class space    used 23932K, capacity 24858K, committed 24960K, reserved 516096K
}
{Heap before GC invocations=295 (full 2):
 PSYoungGen      total 688128K, used 591753K [0x00000000d0000000, 0x0000000100000000, 0x0000000100000000)
  eden space 589824K, 100% used [0x00000000d0000000,0x00000000f4000000,0x00000000f4000000)
  from space 98304K, 1% used [0x00000000fa000000,0x00000000fa1e24a0,0x0000000100000000)
  to   space 98304K, 0% used [0x00000000f4000000,0x00000000f4000000,0x00000000fa000000)
 ParOldGen       total 1310720K, used 1128584K [0x0000000080000000, 0x00000000d0000000, 0x00000000d0000000)
  object space 1310720K, 86% used [0x0000000080000000,0x00000000c4e223e8,0x00000000d0000000)
 Metaspace       used 249299K, capacity 254014K, committed 254336K, reserved 745472K
  class space    used 23932K, capacity 24858K, committed 24960K, reserved 516096K
2025-05-14T21:43:25.373+0900: 12616.660: [GC (Allocation Failure) [PSYoungGen: 591753K->1939K(688128K)] 1720338K->1130572K(1998848K), 0.0114862 secs] [Times: user=0.03 sys=0.00, real=0.01 secs] 
Heap after GC invocations=295 (full 2):
 PSYoungGen      total 688128K, used 1939K [0x00000000d0000000, 0x0000000100000000, 0x0000000100000000)
  eden space 589824K, 0% used [0x00000000d0000000,0x00000000d0000000,0x00000000f4000000)
  from space 98304K, 1% used [0x00000000f4000000,0x00000000f41e4db0,0x00000000fa000000)
  to   space 98304K, 0% used [0x00000000fa000000,0x00000000fa000000,0x0000000100000000)
 ParOldGen       total 1310720K, used 1128632K [0x0000000080000000, 0x00000000d0000000, 0x00000000d0000000)
  object space 1310720K, 86% used [0x0000000080000000,0x00000000c4e2e3e8,0x00000000d0000000)
 Metaspace       used 249299K, capacity 254014K, committed 254336K, reserved 745472K
  class space    used 23932K, capacity 24858K, committed 24960K, reserved 516096K
}
{Heap before GC invocations=296 (full 2):
 PSYoungGen      total 688128K, used 591763K [0x00000000d0000000, 0x0000000100000000, 0x0000000100000000)
  eden space 589824K, 100% used [0x00000000d0000000,0x00000000f4000000,0x00000000f4000000)
  from space 98304K, 1% used [0x00000000f4000000,0x00000000f41e4db0,0x00000000fa000000)
  to   space 98304K, 0% used [0x00000000fa000000,0x00000000fa000000,0x0000000100000000)
 ParOldGen       total 1310720K, used 1128632K [0x0000000080000000, 0x00000000d0000000, 0x00000000d0000000)
  object space 1310720K, 86% used [0x0000000080000000,0x00000000c4e2e3e8,0x00000000d0000000)
 Metaspace       used 249307K, capacity 254014K, committed 254336K, reserved 745472K
  class space    used 23932K, capacity 24858K, committed 24960K, reserved 516096K
2025-05-14T21:44:27.568+0900: 12678.856: [GC (Allocation Failure) [PSYoungGen: 591763K->2156K(688128K)] 1720396K->1130865K(1998848K), 0.0121147 secs] [Times: user=0.03 sys=0.00, real=0.01 secs] 
Heap after GC invocations=296 (full 2):
 PSYoungGen      total 688128K, used 2156K [0x00000000d0000000, 0x0000000100000000, 0x0000000100000000)
  eden space 589824K, 0% used [0x00000000d0000000,0x00000000d0000000,0x00000000f4000000)
  from space 98304K, 2% used [0x00000000fa000000,0x00000000fa21b220,0x0000000100000000)
  to   space 98304K, 0% used [0x00000000f4000000,0x00000000f4000000,0x00000000fa000000)
 ParOldGen       total 1310720K, used 1128708K [0x0000000080000000, 0x00000000d0000000, 0x00000000d0000000)
  object space 1310720K, 86% used [0x0000000080000000,0x00000000c4e413f8,0x00000000d0000000)
 Metaspace       used 249307K, capacity 254014K, committed 254336K, reserved 745472K
  class space    used 23932K, capacity 24858K, committed 24960K, reserved 516096K
}
{Heap before GC invocations=297 (full 2):
 PSYoungGen      total 688128K, used 591980K [0x00000000d0000000, 0x0000000100000000, 0x0000000100000000)
  eden space 589824K, 100% used [0x00000000d0000000,0x00000000f4000000,0x00000000f4000000)
  from space 98304K, 2% used [0x00000000fa000000,0x00000000fa21b220,0x0000000100000000)
  to   space 98304K, 0% used [0x00000000f4000000,0x00000000f4000000,0x00000000fa000000)
 ParOldGen       total 1310720K, used 1128708K [0x0000000080000000, 0x00000000d0000000, 0x00000000d0000000)
  object space 1310720K, 86% used [0x0000000080000000,0x00000000c4e413f8,0x00000000d0000000)
 Metaspace       used 249313K, capacity 254026K, committed 254336K, reserved 745472K
  class space    used 23933K, capacity 24860K, committed 24960K, reserved 516096K
2025-05-14T21:45:29.785+0900: 12741.072: [GC (Allocation Failure) [PSYoungGen: 591980K->2125K(688128K)] 1720689K->1130906K(1998848K), 0.0136185 secs] [Times: user=0.03 sys=0.00, real=0.02 secs] 
Heap after GC invocations=297 (full 2):
 PSYoungGen      total 688128K, used 2125K [0x00000000d0000000, 0x0000000100000000, 0x0000000100000000)
  eden space 589824K, 0% used [0x00000000d0000000,0x00000000d0000000,0x00000000f4000000)
  from space 98304K, 2% used [0x00000000f4000000,0x00000000f4213678,0x00000000fa000000)
  to   space 98304K, 0% used [0x00000000fa000000,0x00000000fa000000,0x0000000100000000)
 ParOldGen       total 1310720K, used 1128780K [0x0000000080000000, 0x00000000d0000000, 0x00000000d0000000)
  object space 1310720K, 86% used [0x0000000080000000,0x00000000c4e533f8,0x00000000d0000000)
 Metaspace       used 249313K, capacity 254026K, committed 254336K, reserved 745472K
  class space    used 23933K, capacity 24860K, committed 24960K, reserved 516096K
}
{Heap before GC invocations=298 (full 2):
 PSYoungGen      total 688128K, used 591949K [0x00000000d0000000, 0x0000000100000000, 0x0000000100000000)
  eden space 589824K, 100% used [0x00000000d0000000,0x00000000f4000000,0x00000000f4000000)
  from space 98304K, 2% used [0x00000000f4000000,0x00000000f4213678,0x00000000fa000000)
  to   space 98304K, 0% used [0x00000000fa000000,0x00000000fa000000,0x0000000100000000)
 ParOldGen       total 1310720K, used 1128780K [0x0000000080000000, 0x00000000d0000000, 0x00000000d0000000)
  object space 1310720K, 86% used [0x0000000080000000,0x00000000c4e533f8,0x00000000d0000000)
 Metaspace       used 249313K, capacity 254026K, committed 254336K, reserved 745472K
  class space    used 23933K, capacity 24860K, committed 24960K, reserved 516096K
2025-05-14T21:46:32.008+0900: 12803.295: [GC (Allocation Failure) [PSYoungGen: 591949K->2093K(688128K)] 1720730K->1130958K(1998848K), 0.0116920 secs] [Times: user=0.03 sys=0.00, real=0.02 secs] 
Heap after GC invocations=298 (full 2):
 PSYoungGen      total 688128K, used 2093K [0x00000000d0000000, 0x0000000100000000, 0x0000000100000000)
  eden space 589824K, 0% used [0x00000000d0000000,0x00000000d0000000,0x00000000f4000000)
  from space 98304K, 2% used [0x00000000fa000000,0x00000000fa20b678,0x0000000100000000)
  to   space 98304K, 0% used [0x00000000f4000000,0x00000000f4000000,0x00000000fa000000)
 ParOldGen       total 1310720K, used 1128865K [0x0000000080000000, 0x00000000d0000000, 0x00000000d0000000)
  object space 1310720K, 86% used [0x0000000080000000,0x00000000c4e68408,0x00000000d0000000)
 Metaspace       used 249313K, capacity 254026K, committed 254336K, reserved 745472K
  class space    used 23933K, capacity 24860K, committed 24960K, reserved 516096K
}
{Heap before GC invocations=299 (full 2):
 PSYoungGen      total 688128K, used 591917K [0x00000000d0000000, 0x0000000100000000, 0x0000000100000000)
  eden space 589824K, 100% used [0x00000000d0000000,0x00000000f4000000,0x00000000f4000000)
  from space 98304K, 2% used [0x00000000fa000000,0x00000000fa20b678,0x0000000100000000)
  to   space 98304K, 0% used [0x00000000f4000000,0x00000000f4000000,0x00000000fa000000)
 ParOldGen       total 1310720K, used 1128865K [0x0000000080000000, 0x00000000d0000000, 0x00000000d0000000)
  object space 1310720K, 86% used [0x0000000080000000,0x00000000c4e68408,0x00000000d0000000)
 Metaspace       used 249314K, capacity 254026K, committed 254336K, reserved 745472K
  class space    used 23933K, capacity 24860K, committed 24960K, reserved 516096K
2025-05-14T21:47:34.244+0900: 12865.531: [GC (Allocation Failure) [PSYoungGen: 591917K->2093K(688128K)] 1720782K->1130998K(1998848K), 0.0114113 secs] [Times: user=0.03 sys=0.00, real=0.01 secs] 
Heap after GC invocations=299 (full 2):
 PSYoungGen      total 688128K, used 2093K [0x00000000d0000000, 0x0000000100000000, 0x0000000100000000)
  eden space 589824K, 0% used [0x00000000d0000000,0x00000000d0000000,0x00000000f4000000)
  from space 98304K, 2% used [0x00000000f4000000,0x00000000f420b678,0x00000000fa000000)
  to   space 98304K, 0% used [0x00000000fa000000,0x00000000fa000000,0x0000000100000000)
 ParOldGen       total 1310720K, used 1128905K [0x0000000080000000, 0x00000000d0000000, 0x00000000d0000000)
  object space 1310720K, 86% used [0x0000000080000000,0x00000000c4e72408,0x00000000d0000000)
 Metaspace       used 249314K, capacity 254026K, committed 254336K, reserved 745472K
  class space    used 23933K, capacity 24860K, committed 24960K, reserved 516096K
}
{Heap before GC invocations=300 (full 2):
 PSYoungGen      total 688128K, used 591917K [0x00000000d0000000, 0x0000000100000000, 0x0000000100000000)
  eden space 589824K, 100% used [0x00000000d0000000,0x00000000f4000000,0x00000000f4000000)
  from space 98304K, 2% used [0x00000000f4000000,0x00000000f420b678,0x00000000fa000000)
  to   space 98304K, 0% used [0x00000000fa000000,0x00000000fa000000,0x0000000100000000)
 ParOldGen       total 1310720K, used 1128905K [0x0000000080000000, 0x00000000d0000000, 0x00000000d0000000)
  object space 1310720K, 86% used [0x0000000080000000,0x00000000c4e72408,0x00000000d0000000)
 Metaspace       used 249315K, capacity 254026K, committed 254336K, reserved 745472K
  class space    used 23933K, capacity 24860K, committed 24960K, reserved 516096K
2025-05-14T21:48:34.364+0900: 12925.651: [GC (Allocation Failure) [PSYoungGen: 591917K->1805K(688128K)] 1720822K->1131236K(1998848K), 0.0115104 secs] [Times: user=0.04 sys=0.00, real=0.01 secs] 
Heap after GC invocations=300 (full 2):
 PSYoungGen      total 688128K, used 1805K [0x00000000d0000000, 0x0000000100000000, 0x0000000100000000)
  eden space 589824K, 0% used [0x00000000d0000000,0x00000000d0000000,0x00000000f4000000)
  from space 98304K, 1% used [0x00000000fa000000,0x00000000fa1c35d8,0x0000000100000000)
  to   space 98304K, 0% used [0x00000000f4000000,0x00000000f4000000,0x00000000fa000000)
 ParOldGen       total 1310720K, used 1129431K [0x0000000080000000, 0x00000000d0000000, 0x00000000d0000000)
  object space 1310720K, 86% used [0x0000000080000000,0x00000000c4ef5d08,0x00000000d0000000)
 Metaspace       used 249315K, capacity 254026K, committed 254336K, reserved 745472K
  class space    used 23933K, capacity 24860K, committed 24960K, reserved 516096K
}
{Heap before GC invocations=301 (full 2):
 PSYoungGen      total 688128K, used 591629K [0x00000000d0000000, 0x0000000100000000, 0x0000000100000000)
  eden space 589824K, 100% used [0x00000000d0000000,0x00000000f4000000,0x00000000f4000000)
  from space 98304K, 1% used [0x00000000fa000000,0x00000000fa1c35d8,0x0000000100000000)
  to   space 98304K, 0% used [0x00000000f4000000,0x00000000f4000000,0x00000000fa000000)
 ParOldGen       total 1310720K, used 1129431K [0x0000000080000000, 0x00000000d0000000, 0x00000000d0000000)
  object space 1310720K, 86% used [0x0000000080000000,0x00000000c4ef5d08,0x00000000d0000000)
 Metaspace       used 249320K, capacity 254026K, committed 254336K, reserved 745472K
  class space    used 23933K, capacity 24860K, committed 24960K, reserved 516096K
2025-05-14T21:49:31.633+0900: 12982.920: [GC (Allocation Failure) [PSYoungGen: 591629K->1933K(688128K)] 1721060K->1131396K(1998848K), 0.0118075 secs] [Times: user=0.03 sys=0.00, real=0.01 secs] 
Heap after GC invocations=301 (full 2):
 PSYoungGen      total 688128K, used 1933K [0x00000000d0000000, 0x0000000100000000, 0x0000000100000000)
  eden space 589824K, 0% used [0x00000000d0000000,0x00000000d0000000,0x00000000f4000000)
  from space 98304K, 1% used [0x00000000f4000000,0x00000000f41e35d8,0x00000000fa000000)
  to   space 98304K, 0% used [0x00000000fa000000,0x00000000fa000000,0x0000000100000000)
 ParOldGen       total 1310720K, used 1129463K [0x0000000080000000, 0x00000000d0000000, 0x00000000d0000000)
  object space 1310720K, 86% used [0x0000000080000000,0x00000000c4efdd08,0x00000000d0000000)
 Metaspace       used 249320K, capacity 254026K, committed 254336K, reserved 745472K
  class space    used 23933K, capacity 24860K, committed 24960K, reserved 516096K
}
{Heap before GC invocations=302 (full 2):
 PSYoungGen      total 688128K, used 591757K [0x00000000d0000000, 0x0000000100000000, 0x0000000100000000)
  eden space 589824K, 100% used [0x00000000d0000000,0x00000000f4000000,0x00000000f4000000)
  from space 98304K, 1% used [0x00000000f4000000,0x00000000f41e35d8,0x00000000fa000000)
  to   space 98304K, 0% used [0x00000000fa000000,0x00000000fa000000,0x0000000100000000)
 ParOldGen       total 1310720K, used 1129463K [0x0000000080000000, 0x00000000d0000000, 0x00000000d0000000)
  object space 1310720K, 86% used [0x0000000080000000,0x00000000c4efdd08,0x00000000d0000000)
 Metaspace       used 249320K, capacity 254026K, committed 254336K, reserved 745472K
  class space    used 23933K, capacity 24860K, committed 24960K, reserved 516096K
2025-05-14T21:50:32.659+0900: 13043.947: [GC (Allocation Failure) [PSYoungGen: 591757K->1939K(688128K)] 1721220K->1131458K(1998848K), 0.0114746 secs] [Times: user=0.03 sys=0.00, real=0.01 secs] 
Heap after GC invocations=302 (full 2):
 PSYoungGen      total 688128K, used 1939K [0x00000000d0000000, 0x0000000100000000, 0x0000000100000000)
  eden space 589824K, 0% used [0x00000000d0000000,0x00000000d0000000,0x00000000f4000000)
  from space 98304K, 1% used [0x00000000fa000000,0x00000000fa1e4d90,0x0000000100000000)
  to   space 98304K, 0% used [0x00000000f4000000,0x00000000f4000000,0x00000000fa000000)
 ParOldGen       total 1310720K, used 1129519K [0x0000000080000000, 0x00000000d0000000, 0x00000000d0000000)
  object space 1310720K, 86% used [0x0000000080000000,0x00000000c4f0bd08,0x00000000d0000000)
 Metaspace       used 249320K, capacity 254026K, committed 254336K, reserved 745472K
  class space    used 23933K, capacity 24860K, committed 24960K, reserved 516096K
}
{Heap before GC invocations=303 (full 2):
 PSYoungGen      total 688128K, used 591763K [0x00000000d0000000, 0x0000000100000000, 0x0000000100000000)
  eden space 589824K, 100% used [0x00000000d0000000,0x00000000f4000000,0x00000000f4000000)
  from space 98304K, 1% used [0x00000000fa000000,0x00000000fa1e4d90,0x0000000100000000)
  to   space 98304K, 0% used [0x00000000f4000000,0x00000000f4000000,0x00000000fa000000)
 ParOldGen       total 1310720K, used 1129519K [0x0000000080000000, 0x00000000d0000000, 0x00000000d0000000)
  object space 1310720K, 86% used [0x0000000080000000,0x00000000c4f0bd08,0x00000000d0000000)
 Metaspace       used 249320K, capacity 254026K, committed 254336K, reserved 745472K
  class space    used 23933K, capacity 24860K, committed 24960K, reserved 516096K
2025-05-14T21:51:32.803+0900: 13104.090: [GC (Allocation Failure) [PSYoungGen: 591763K->1981K(688128K)] 1721282K->1131532K(1998848K), 0.0142668 secs] [Times: user=0.03 sys=0.00, real=0.01 secs] 
Heap after GC invocations=303 (full 2):
 PSYoungGen      total 688128K, used 1981K [0x00000000d0000000, 0x0000000100000000, 0x0000000100000000)
  eden space 589824K, 0% used [0x00000000d0000000,0x00000000d0000000,0x00000000f4000000)
  from space 98304K, 2% used [0x00000000f4000000,0x00000000f41ef5e8,0x00000000fa000000)
  to   space 98304K, 0% used [0x00000000fa000000,0x00000000fa000000,0x0000000100000000)
 ParOldGen       total 1310720K, used 1129551K [0x0000000080000000, 0x00000000d0000000, 0x00000000d0000000)
  object space 1310720K, 86% used [0x0000000080000000,0x00000000c4f13d08,0x00000000d0000000)
 Metaspace       used 249320K, capacity 254026K, committed 254336K, reserved 745472K
  class space    used 23933K, capacity 24860K, committed 24960K, reserved 516096K
}
{Heap before GC invocations=304 (full 2):
 PSYoungGen      total 688128K, used 591805K [0x00000000d0000000, 0x0000000100000000, 0x0000000100000000)
  eden space 589824K, 100% used [0x00000000d0000000,0x00000000f4000000,0x00000000f4000000)
  from space 98304K, 2% used [0x00000000f4000000,0x00000000f41ef5e8,0x00000000fa000000)
  to   space 98304K, 0% used [0x00000000fa000000,0x00000000fa000000,0x0000000100000000)
 ParOldGen       total 1310720K, used 1129551K [0x0000000080000000, 0x00000000d0000000, 0x00000000d0000000)
  object space 1310720K, 86% used [0x0000000080000000,0x00000000c4f13d08,0x00000000d0000000)
 Metaspace       used 249321K, capacity 254026K, committed 254336K, reserved 745472K
  class space    used 23933K, capacity 24860K, committed 24960K, reserved 516096K
2025-05-14T21:52:33.639+0900: 13164.926: [GC (Allocation Failure) [PSYoungGen: 591805K->1902K(688128K)] 1721356K->1131501K(1998848K), 0.0240228 secs] [Times: user=0.03 sys=0.00, real=0.02 secs] 
Heap after GC invocations=304 (full 2):
 PSYoungGen      total 688128K, used 1902K [0x00000000d0000000, 0x0000000100000000, 0x0000000100000000)
  eden space 589824K, 0% used [0x00000000d0000000,0x00000000d0000000,0x00000000f4000000)
  from space 98304K, 1% used [0x00000000fa000000,0x00000000fa1dba30,0x0000000100000000)
  to   space 98304K, 0% used [0x00000000f4000000,0x00000000f4000000,0x00000000fa000000)
 ParOldGen       total 1310720K, used 1129599K [0x0000000080000000, 0x00000000d0000000, 0x00000000d0000000)
  object space 1310720K, 86% used [0x0000000080000000,0x00000000c4f1fd08,0x00000000d0000000)
 Metaspace       used 249321K, capacity 254026K, committed 254336K, reserved 745472K
  class space    used 23933K, capacity 24860K, committed 24960K, reserved 516096K
}
{Heap before GC invocations=305 (full 2):
 PSYoungGen      total 688128K, used 591726K [0x00000000d0000000, 0x0000000100000000, 0x0000000100000000)
  eden space 589824K, 100% used [0x00000000d0000000,0x00000000f4000000,0x00000000f4000000)
  from space 98304K, 1% used [0x00000000fa000000,0x00000000fa1dba30,0x0000000100000000)
  to   space 98304K, 0% used [0x00000000f4000000,0x00000000f4000000,0x00000000fa000000)
 ParOldGen       total 1310720K, used 1129599K [0x0000000080000000, 0x00000000d0000000, 0x00000000d0000000)
  object space 1310720K, 86% used [0x0000000080000000,0x00000000c4f1fd08,0x00000000d0000000)
 Metaspace       used 249323K, capacity 254026K, committed 254336K, reserved 745472K
  class space    used 23933K, capacity 24860K, committed 24960K, reserved 516096K
2025-05-14T21:53:31.291+0900: 13222.578: [GC (Allocation Failure) [PSYoungGen: 591726K->2094K(688128K)] 1721325K->1131733K(1998848K), 0.0116591 secs] [Times: user=0.03 sys=0.00, real=0.01 secs] 
Heap after GC invocations=305 (full 2):
 PSYoungGen      total 688128K, used 2094K [0x00000000d0000000, 0x0000000100000000, 0x0000000100000000)
  eden space 589824K, 0% used [0x00000000d0000000,0x00000000d0000000,0x00000000f4000000)
  from space 98304K, 2% used [0x00000000f4000000,0x00000000f420ba50,0x00000000fa000000)
  to   space 98304K, 0% used [0x00000000fa000000,0x00000000fa000000,0x0000000100000000)
 ParOldGen       total 1310720K, used 1129639K [0x0000000080000000, 0x00000000d0000000, 0x00000000d0000000)
  object space 1310720K, 86% used [0x0000000080000000,0x00000000c4f29d08,0x00000000d0000000)
 Metaspace       used 249323K, capacity 254026K, committed 254336K, reserved 745472K
  class space    used 23933K, capacity 24860K, committed 24960K, reserved 516096K
}
{Heap before GC invocations=306 (full 2):
 PSYoungGen      total 688128K, used 591918K [0x00000000d0000000, 0x0000000100000000, 0x0000000100000000)
  eden space 589824K, 100% used [0x00000000d0000000,0x00000000f4000000,0x00000000f4000000)
  from space 98304K, 2% used [0x00000000f4000000,0x00000000f420ba50,0x00000000fa000000)
  to   space 98304K, 0% used [0x00000000fa000000,0x00000000fa000000,0x0000000100000000)
 ParOldGen       total 1310720K, used 1129639K [0x0000000080000000, 0x00000000d0000000, 0x00000000d0000000)
  object space 1310720K, 86% used [0x0000000080000000,0x00000000c4f29d08,0x00000000d0000000)
 Metaspace       used 249324K, capacity 254026K, committed 254336K, reserved 745472K
  class space    used 23933K, capacity 24860K, committed 24960K, reserved 516096K
2025-05-14T21:54:31.309+0900: 13282.596: [GC (Allocation Failure) [PSYoungGen: 591918K->2269K(688128K)] 1721557K->1131956K(1998848K), 0.0113428 secs] [Times: user=0.03 sys=0.00, real=0.01 secs] 
Heap after GC invocations=306 (full 2):
 PSYoungGen      total 688128K, used 2269K [0x00000000d0000000, 0x0000000100000000, 0x0000000100000000)
  eden space 589824K, 0% used [0x00000000d0000000,0x00000000d0000000,0x00000000f4000000)
  from space 98304K, 2% used [0x00000000fa000000,0x00000000fa237668,0x0000000100000000)
  to   space 98304K, 0% used [0x00000000f4000000,0x00000000f4000000,0x00000000fa000000)
 ParOldGen       total 1310720K, used 1129687K [0x0000000080000000, 0x00000000d0000000, 0x00000000d0000000)
  object space 1310720K, 86% used [0x0000000080000000,0x00000000c4f35d08,0x00000000d0000000)
 Metaspace       used 249324K, capacity 254026K, committed 254336K, reserved 745472K
  class space    used 23933K, capacity 24860K, committed 24960K, reserved 516096K
}
{Heap before GC invocations=307 (full 2):
 PSYoungGen      total 688128K, used 592093K [0x00000000d0000000, 0x0000000100000000, 0x0000000100000000)
  eden space 589824K, 100% used [0x00000000d0000000,0x00000000f4000000,0x00000000f4000000)
  from space 98304K, 2% used [0x00000000fa000000,0x00000000fa237668,0x0000000100000000)
  to   space 98304K, 0% used [0x00000000f4000000,0x00000000f4000000,0x00000000fa000000)
 ParOldGen       total 1310720K, used 1129687K [0x0000000080000000, 0x00000000d0000000, 0x00000000d0000000)
  object space 1310720K, 86% used [0x0000000080000000,0x00000000c4f35d08,0x00000000d0000000)
 Metaspace       used 249334K, capacity 254026K, committed 254336K, reserved 745472K
  class space    used 23933K, capacity 24860K, committed 24960K, reserved 516096K
2025-05-14T21:55:32.447+0900: 13343.734: [GC (Allocation Failure) [PSYoungGen: 592093K->2317K(688128K)] 1721780K->1132060K(1998848K), 0.0116536 secs] [Times: user=0.03 sys=0.00, real=0.02 secs] 
Heap after GC invocations=307 (full 2):
 PSYoungGen      total 688128K, used 2317K [0x00000000d0000000, 0x0000000100000000, 0x0000000100000000)
  eden space 589824K, 0% used [0x00000000d0000000,0x00000000d0000000,0x00000000f4000000)
  from space 98304K, 2% used [0x00000000f4000000,0x00000000f4243678,0x00000000fa000000)
  to   space 98304K, 0% used [0x00000000fa000000,0x00000000fa000000,0x0000000100000000)
 ParOldGen       total 1310720K, used 1129743K [0x0000000080000000, 0x00000000d0000000, 0x00000000d0000000)
  object space 1310720K, 86% used [0x0000000080000000,0x00000000c4f43d08,0x00000000d0000000)
 Metaspace       used 249334K, capacity 254026K, committed 254336K, reserved 745472K
  class space    used 23933K, capacity 24860K, committed 24960K, reserved 516096K
}
{Heap before GC invocations=308 (full 2):
 PSYoungGen      total 688128K, used 592141K [0x00000000d0000000, 0x0000000100000000, 0x0000000100000000)
  eden space 589824K, 100% used [0x00000000d0000000,0x00000000f4000000,0x00000000f4000000)
  from space 98304K, 2% used [0x00000000f4000000,0x00000000f4243678,0x00000000fa000000)
  to   space 98304K, 0% used [0x00000000fa000000,0x00000000fa000000,0x0000000100000000)
 ParOldGen       total 1310720K, used 1129743K [0x0000000080000000, 0x00000000d0000000, 0x00000000d0000000)
  object space 1310720K, 86% used [0x0000000080000000,0x00000000c4f43d08,0x00000000d0000000)
 Metaspace       used 249334K, capacity 254026K, committed 254336K, reserved 745472K
  class space    used 23933K, capacity 24860K, committed 24960K, reserved 516096K
2025-05-14T21:56:33.583+0900: 13404.870: [GC (Allocation Failure) [PSYoungGen: 592141K->2324K(688128K)] 1721884K->1132231K(1998848K), 0.0117260 secs] [Times: user=0.04 sys=0.00, real=0.01 secs] 
Heap after GC invocations=308 (full 2):
 PSYoungGen      total 688128K, used 2324K [0x00000000d0000000, 0x0000000100000000, 0x0000000100000000)
  eden space 589824K, 0% used [0x00000000d0000000,0x00000000d0000000,0x00000000f4000000)
  from space 98304K, 2% used [0x00000000fa000000,0x00000000fa2451e8,0x0000000100000000)
  to   space 98304K, 0% used [0x00000000f4000000,0x00000000f4000000,0x00000000fa000000)
 ParOldGen       total 1310720K, used 1129907K [0x0000000080000000, 0x00000000d0000000, 0x00000000d0000000)
  object space 1310720K, 86% used [0x0000000080000000,0x00000000c4f6cd28,0x00000000d0000000)
 Metaspace       used 249334K, capacity 254026K, committed 254336K, reserved 745472K
  class space    used 23933K, capacity 24860K, committed 24960K, reserved 516096K
}
{Heap before GC invocations=309 (full 2):
 PSYoungGen      total 688128K, used 592148K [0x00000000d0000000, 0x0000000100000000, 0x0000000100000000)
  eden space 589824K, 100% used [0x00000000d0000000,0x00000000f4000000,0x00000000f4000000)
  from space 98304K, 2% used [0x00000000fa000000,0x00000000fa2451e8,0x0000000100000000)
  to   space 98304K, 0% used [0x00000000f4000000,0x00000000f4000000,0x00000000fa000000)
 ParOldGen       total 1310720K, used 1129907K [0x0000000080000000, 0x00000000d0000000, 0x00000000d0000000)
  object space 1310720K, 86% used [0x0000000080000000,0x00000000c4f6cd28,0x00000000d0000000)
 Metaspace       used 249336K, capacity 254026K, committed 254336K, reserved 745472K
  class space    used 23934K, capacity 24860K, committed 24960K, reserved 516096K
2025-05-14T21:57:28.885+0900: 13460.172: [GC (Allocation Failure) [PSYoungGen: 592148K->2291K(688128K)] 1722055K->1132360K(1998848K), 0.0119296 secs] [Times: user=0.03 sys=0.00, real=0.01 secs] 
Heap after GC invocations=309 (full 2):
 PSYoungGen      total 688128K, used 2291K [0x00000000d0000000, 0x0000000100000000, 0x0000000100000000)
  eden space 589824K, 0% used [0x00000000d0000000,0x00000000d0000000,0x00000000f4000000)
  from space 98304K, 2% used [0x00000000f4000000,0x00000000f423cf88,0x00000000fa000000)
  to   space 98304K, 0% used [0x00000000fa000000,0x00000000fa000000,0x0000000100000000)
 ParOldGen       total 1310720K, used 1130068K [0x0000000080000000, 0x00000000d0000000, 0x00000000d0000000)
  object space 1310720K, 86% used [0x0000000080000000,0x00000000c4f95268,0x00000000d0000000)
 Metaspace       used 249336K, capacity 254026K, committed 254336K, reserved 745472K
  class space    used 23934K, capacity 24860K, committed 24960K, reserved 516096K
}
{Heap before GC invocations=310 (full 2):
 PSYoungGen      total 688128K, used 592108K [0x00000000d0000000, 0x0000000100000000, 0x0000000100000000)
  eden space 589824K, 99% used [0x00000000d0000000,0x00000000f3ffe170,0x00000000f4000000)
  from space 98304K, 2% used [0x00000000f4000000,0x00000000f423cf88,0x00000000fa000000)
  to   space 98304K, 0% used [0x00000000fa000000,0x00000000fa000000,0x0000000100000000)
 ParOldGen       total 1310720K, used 1130068K [0x0000000080000000, 0x00000000d0000000, 0x00000000d0000000)
  object space 1310720K, 86% used [0x0000000080000000,0x00000000c4f95268,0x00000000d0000000)
 Metaspace       used 249343K, capacity 254026K, committed 254336K, reserved 745472K
  class space    used 23934K, capacity 24860K, committed 24960K, reserved 516096K
2025-05-14T21:58:29.125+0900: 13520.412: [GC (Allocation Failure) [PSYoungGen: 592108K->2529K(688128K)] 1722176K->1132814K(1998848K), 0.0117161 secs] [Times: user=0.03 sys=0.00, real=0.01 secs] 
Heap after GC invocations=310 (full 2):
 PSYoungGen      total 688128K, used 2529K [0x00000000d0000000, 0x0000000100000000, 0x0000000100000000)
  eden space 589824K, 0% used [0x00000000d0000000,0x00000000d0000000,0x00000000f4000000)
  from space 98304K, 2% used [0x00000000fa000000,0x00000000fa278420,0x0000000100000000)
  to   space 98304K, 0% used [0x00000000f4000000,0x00000000f4000000,0x00000000fa000000)
 ParOldGen       total 1310720K, used 1130285K [0x0000000080000000, 0x00000000d0000000, 0x00000000d0000000)
  object space 1310720K, 86% used [0x0000000080000000,0x00000000c4fcb7a8,0x00000000d0000000)
 Metaspace       used 249343K, capacity 254026K, committed 254336K, reserved 745472K
  class space    used 23934K, capacity 24860K, committed 24960K, reserved 516096K
}
{Heap before GC invocations=311 (full 2):
 PSYoungGen      total 688128K, used 592353K [0x00000000d0000000, 0x0000000100000000, 0x0000000100000000)
  eden space 589824K, 100% used [0x00000000d0000000,0x00000000f4000000,0x00000000f4000000)
  from space 98304K, 2% used [0x00000000fa000000,0x00000000fa278420,0x0000000100000000)
  to   space 98304K, 0% used [0x00000000f4000000,0x00000000f4000000,0x00000000fa000000)
 ParOldGen       total 1310720K, used 1130285K [0x0000000080000000, 0x00000000d0000000, 0x00000000d0000000)
  object space 1310720K, 86% used [0x0000000080000000,0x00000000c4fcb7a8,0x00000000d0000000)
 Metaspace       used 249343K, capacity 254026K, committed 254336K, reserved 745472K
  class space    used 23934K, capacity 24860K, committed 24960K, reserved 516096K
2025-05-14T21:59:31.002+0900: 13582.289: [GC (Allocation Failure) [PSYoungGen: 592353K->1970K(688128K)] 1722638K->1132387K(1998848K), 0.0133467 secs] [Times: user=0.03 sys=0.00, real=0.01 secs] 
Heap after GC invocations=311 (full 2):
 PSYoungGen      total 688128K, used 1970K [0x00000000d0000000, 0x0000000100000000, 0x0000000100000000)
  eden space 589824K, 0% used [0x00000000d0000000,0x00000000d0000000,0x00000000f4000000)
  from space 98304K, 2% used [0x00000000f4000000,0x00000000f41ec8e0,0x00000000fa000000)
  to   space 98304K, 0% used [0x00000000fa000000,0x00000000fa000000,0x0000000100000000)
 ParOldGen       total 1310720K, used 1130417K [0x0000000080000000, 0x00000000d0000000, 0x00000000d0000000)
  object space 1310720K, 86% used [0x0000000080000000,0x00000000c4fec4b8,0x00000000d0000000)
 Metaspace       used 249343K, capacity 254026K, committed 254336K, reserved 745472K
  class space    used 23934K, capacity 24860K, committed 24960K, reserved 516096K
}
{Heap before GC invocations=312 (full 2):
 PSYoungGen      total 688128K, used 591794K [0x00000000d0000000, 0x0000000100000000, 0x0000000100000000)
  eden space 589824K, 100% used [0x00000000d0000000,0x00000000f4000000,0x00000000f4000000)
  from space 98304K, 2% used [0x00000000f4000000,0x00000000f41ec8e0,0x00000000fa000000)
  to   space 98304K, 0% used [0x00000000fa000000,0x00000000fa000000,0x0000000100000000)
 ParOldGen       total 1310720K, used 1130417K [0x0000000080000000, 0x00000000d0000000, 0x00000000d0000000)
  object space 1310720K, 86% used [0x0000000080000000,0x00000000c4fec4b8,0x00000000d0000000)
 Metaspace       used 249351K, capacity 254026K, committed 254336K, reserved 745472K
  class space    used 23934K, capacity 24860K, committed 24960K, reserved 516096K
2025-05-14T22:00:31.320+0900: 13642.607: [GC (Allocation Failure) [PSYoungGen: 591794K->1881K(688128K)] 1722211K->1132347K(1998848K), 0.0116290 secs] [Times: user=0.03 sys=0.00, real=0.01 secs] 
Heap after GC invocations=312 (full 2):
 PSYoungGen      total 688128K, used 1881K [0x00000000d0000000, 0x0000000100000000, 0x0000000100000000)
  eden space 589824K, 0% used [0x00000000d0000000,0x00000000d0000000,0x00000000f4000000)
  from space 98304K, 1% used [0x00000000fa000000,0x00000000fa1d67c8,0x0000000100000000)
  to   space 98304K, 0% used [0x00000000f4000000,0x00000000f4000000,0x00000000fa000000)
 ParOldGen       total 1310720K, used 1130465K [0x0000000080000000, 0x00000000d0000000, 0x00000000d0000000)
  object space 1310720K, 86% used [0x0000000080000000,0x00000000c4ff84b8,0x00000000d0000000)
 Metaspace       used 249351K, capacity 254026K, committed 254336K, reserved 745472K
  class space    used 23934K, capacity 24860K, committed 24960K, reserved 516096K
}
{Heap before GC invocations=313 (full 2):
 PSYoungGen      total 688128K, used 591705K [0x00000000d0000000, 0x0000000100000000, 0x0000000100000000)
  eden space 589824K, 100% used [0x00000000d0000000,0x00000000f4000000,0x00000000f4000000)
  from space 98304K, 1% used [0x00000000fa000000,0x00000000fa1d67c8,0x0000000100000000)
  to   space 98304K, 0% used [0x00000000f4000000,0x00000000f4000000,0x00000000fa000000)
 ParOldGen       total 1310720K, used 1130465K [0x0000000080000000, 0x00000000d0000000, 0x00000000d0000000)
  object space 1310720K, 86% used [0x0000000080000000,0x00000000c4ff84b8,0x00000000d0000000)
 Metaspace       used 249353K, capacity 254026K, committed 254336K, reserved 745472K
  class space    used 23934K, capacity 24860K, committed 24960K, reserved 516096K
2025-05-14T22:01:33.382+0900: 13704.669: [GC (Allocation Failure) [PSYoungGen: 591705K->1952K(688128K)] 1722171K->1132457K(1998848K), 0.0112765 secs] [Times: user=0.03 sys=0.00, real=0.01 secs] 
Heap after GC invocations=313 (full 2):
 PSYoungGen      total 688128K, used 1952K [0x00000000d0000000, 0x0000000100000000, 0x0000000100000000)
  eden space 589824K, 0% used [0x00000000d0000000,0x00000000d0000000,0x00000000f4000000)
  from space 98304K, 1% used [0x00000000f4000000,0x00000000f41e8000,0x00000000fa000000)
  to   space 98304K, 0% used [0x00000000fa000000,0x00000000fa000000,0x0000000100000000)
 ParOldGen       total 1310720K, used 1130505K [0x0000000080000000, 0x00000000d0000000, 0x00000000d0000000)
  object space 1310720K, 86% used [0x0000000080000000,0x00000000c50024b8,0x00000000d0000000)
 Metaspace       used 249353K, capacity 254026K, committed 254336K, reserved 745472K
  class space    used 23934K, capacity 24860K, committed 24960K, reserved 516096K
}
{Heap before GC invocations=314 (full 2):
 PSYoungGen      total 688128K, used 591776K [0x00000000d0000000, 0x0000000100000000, 0x0000000100000000)
  eden space 589824K, 100% used [0x00000000d0000000,0x00000000f4000000,0x00000000f4000000)
  from space 98304K, 1% used [0x00000000f4000000,0x00000000f41e8000,0x00000000fa000000)
  to   space 98304K, 0% used [0x00000000fa000000,0x00000000fa000000,0x0000000100000000)
 ParOldGen       total 1310720K, used 1130505K [0x0000000080000000, 0x00000000d0000000, 0x00000000d0000000)
  object space 1310720K, 86% used [0x0000000080000000,0x00000000c50024b8,0x00000000d0000000)
 Metaspace       used 249360K, capacity 254026K, committed 254336K, reserved 745472K
  class space    used 23934K, capacity 24860K, committed 24960K, reserved 516096K
2025-05-14T22:02:29.480+0900: 13760.767: [GC (Allocation Failure) [PSYoungGen: 591776K->5894K(688128K)] 1722281K->1136416K(1998848K), 0.0124017 secs] [Times: user=0.03 sys=0.00, real=0.01 secs] 
Heap after GC invocations=314 (full 2):
 PSYoungGen      total 688128K, used 5894K [0x00000000d0000000, 0x0000000100000000, 0x0000000100000000)
  eden space 589824K, 0% used [0x00000000d0000000,0x00000000d0000000,0x00000000f4000000)
  from space 98304K, 5% used [0x00000000fa000000,0x00000000fa5c1bc8,0x0000000100000000)
  to   space 98304K, 0% used [0x00000000f4000000,0x00000000f4000000,0x00000000fa000000)
 ParOldGen       total 1310720K, used 1130521K [0x0000000080000000, 0x00000000d0000000, 0x00000000d0000000)
  object space 1310720K, 86% used [0x0000000080000000,0x00000000c50064b8,0x00000000d0000000)
 Metaspace       used 249360K, capacity 254026K, committed 254336K, reserved 745472K
  class space    used 23934K, capacity 24860K, committed 24960K, reserved 516096K
}
{Heap before GC invocations=315 (full 2):
 PSYoungGen      total 688128K, used 595718K [0x00000000d0000000, 0x0000000100000000, 0x0000000100000000)
  eden space 589824K, 100% used [0x00000000d0000000,0x00000000f4000000,0x00000000f4000000)
  from space 98304K, 5% used [0x00000000fa000000,0x00000000fa5c1bc8,0x0000000100000000)
  to   space 98304K, 0% used [0x00000000f4000000,0x00000000f4000000,0x00000000fa000000)
 ParOldGen       total 1310720K, used 1130521K [0x0000000080000000, 0x00000000d0000000, 0x00000000d0000000)
  object space 1310720K, 86% used [0x0000000080000000,0x00000000c50064b8,0x00000000d0000000)
 Metaspace       used 249369K, capacity 254026K, committed 254336K, reserved 745472K
  class space    used 23934K, capacity 24860K, committed 24960K, reserved 516096K
2025-05-14T22:03:23.664+0900: 13814.951: [GC (Allocation Failure) [PSYoungGen: 595718K->11106K(688128K)] 1726240K->1141651K(1998848K), 0.0119711 secs] [Times: user=0.04 sys=0.00, real=0.01 secs] 
Heap after GC invocations=315 (full 2):
 PSYoungGen      total 688128K, used 11106K [0x00000000d0000000, 0x0000000100000000, 0x0000000100000000)
  eden space 589824K, 0% used [0x00000000d0000000,0x00000000d0000000,0x00000000f4000000)
  from space 98304K, 11% used [0x00000000f4000000,0x00000000f4ad8820,0x00000000fa000000)
  to   space 98304K, 0% used [0x00000000fa000000,0x00000000fa000000,0x0000000100000000)
 ParOldGen       total 1310720K, used 1130545K [0x0000000080000000, 0x00000000d0000000, 0x00000000d0000000)
  object space 1310720K, 86% used [0x0000000080000000,0x00000000c500c4b8,0x00000000d0000000)
 Metaspace       used 249369K, capacity 254026K, committed 254336K, reserved 745472K
  class space    used 23934K, capacity 24860K, committed 24960K, reserved 516096K
}
{Heap before GC invocations=316 (full 2):
 PSYoungGen      total 688128K, used 600930K [0x00000000d0000000, 0x0000000100000000, 0x0000000100000000)
  eden space 589824K, 100% used [0x00000000d0000000,0x00000000f4000000,0x00000000f4000000)
  from space 98304K, 11% used [0x00000000f4000000,0x00000000f4ad8820,0x00000000fa000000)
  to   space 98304K, 0% used [0x00000000fa000000,0x00000000fa000000,0x0000000100000000)
 ParOldGen       total 1310720K, used 1130545K [0x0000000080000000, 0x00000000d0000000, 0x00000000d0000000)
  object space 1310720K, 86% used [0x0000000080000000,0x00000000c500c4b8,0x00000000d0000000)
 Metaspace       used 249377K, capacity 254038K, committed 254336K, reserved 745472K
  class space    used 23935K, capacity 24862K, committed 24960K, reserved 516096K
2025-05-14T22:04:23.660+0900: 13874.947: [GC (Allocation Failure) [PSYoungGen: 600930K->10912K(688128K)] 1731475K->1141485K(1998848K), 0.0120757 secs] [Times: user=0.03 sys=0.00, real=0.01 secs] 
Heap after GC invocations=316 (full 2):
 PSYoungGen      total 688128K, used 10912K [0x00000000d0000000, 0x0000000100000000, 0x0000000100000000)
  eden space 589824K, 0% used [0x00000000d0000000,0x00000000d0000000,0x00000000f4000000)
  from space 98304K, 11% used [0x00000000fa000000,0x00000000faaa8080,0x0000000100000000)
  to   space 98304K, 0% used [0x00000000f4000000,0x00000000f4000000,0x00000000fa000000)
 ParOldGen       total 1310720K, used 1130573K [0x0000000080000000, 0x00000000d0000000, 0x00000000d0000000)
  object space 1310720K, 86% used [0x0000000080000000,0x00000000c50134c8,0x00000000d0000000)
 Metaspace       used 249377K, capacity 254038K, committed 254336K, reserved 745472K
  class space    used 23935K, capacity 24862K, committed 24960K, reserved 516096K
}
{Heap before GC invocations=317 (full 2):
 PSYoungGen      total 688128K, used 600736K [0x00000000d0000000, 0x0000000100000000, 0x0000000100000000)
  eden space 589824K, 100% used [0x00000000d0000000,0x00000000f4000000,0x00000000f4000000)
  from space 98304K, 11% used [0x00000000fa000000,0x00000000faaa8080,0x0000000100000000)
  to   space 98304K, 0% used [0x00000000f4000000,0x00000000f4000000,0x00000000fa000000)
 ParOldGen       total 1310720K, used 1130573K [0x0000000080000000, 0x00000000d0000000, 0x00000000d0000000)
  object space 1310720K, 86% used [0x0000000080000000,0x00000000c50134c8,0x00000000d0000000)
 Metaspace       used 249391K, capacity 254038K, committed 254336K, reserved 745472K
  class space    used 23935K, capacity 24862K, committed 24960K, reserved 516096K
2025-05-14T22:05:21.763+0900: 13933.051: [GC (Allocation Failure) [PSYoungGen: 600736K->11381K(688128K)] 1731309K->1141966K(1998848K), 0.0119872 secs] [Times: user=0.03 sys=0.00, real=0.01 secs] 
Heap after GC invocations=317 (full 2):
 PSYoungGen      total 688128K, used 11381K [0x00000000d0000000, 0x0000000100000000, 0x0000000100000000)
  eden space 589824K, 0% used [0x00000000d0000000,0x00000000d0000000,0x00000000f4000000)
  from space 98304K, 11% used [0x00000000f4000000,0x00000000f4b1d720,0x00000000fa000000)
  to   space 98304K, 0% used [0x00000000fa000000,0x00000000fa000000,0x0000000100000000)
 ParOldGen       total 1310720K, used 1130585K [0x0000000080000000, 0x00000000d0000000, 0x00000000d0000000)
  object space 1310720K, 86% used [0x0000000080000000,0x00000000c50164d8,0x00000000d0000000)
 Metaspace       used 249391K, capacity 254038K, committed 254336K, reserved 745472K
  class space    used 23935K, capacity 24862K, committed 24960K, reserved 516096K
}
{Heap before GC invocations=318 (full 2):
 PSYoungGen      total 688128K, used 601205K [0x00000000d0000000, 0x0000000100000000, 0x0000000100000000)
  eden space 589824K, 100% used [0x00000000d0000000,0x00000000f4000000,0x00000000f4000000)
  from space 98304K, 11% used [0x00000000f4000000,0x00000000f4b1d720,0x00000000fa000000)
  to   space 98304K, 0% used [0x00000000fa000000,0x00000000fa000000,0x0000000100000000)
 ParOldGen       total 1310720K, used 1130585K [0x0000000080000000, 0x00000000d0000000, 0x00000000d0000000)
  object space 1310720K, 86% used [0x0000000080000000,0x00000000c50164d8,0x00000000d0000000)
 Metaspace       used 249414K, capacity 254114K, committed 254336K, reserved 745472K
  class space    used 23936K, capacity 24864K, committed 24960K, reserved 516096K
2025-05-14T22:06:18.850+0900: 13990.137: [GC (Allocation Failure) [PSYoungGen: 601205K->11674K(688128K)] 1731790K->1142295K(1998848K), 0.0125736 secs] [Times: user=0.03 sys=0.00, real=0.01 secs] 
Heap after GC invocations=318 (full 2):
 PSYoungGen      total 688128K, used 11674K [0x00000000d0000000, 0x0000000100000000, 0x0000000100000000)
  eden space 589824K, 0% used [0x00000000d0000000,0x00000000d0000000,0x00000000f4000000)
  from space 98304K, 11% used [0x00000000fa000000,0x00000000fab66868,0x0000000100000000)
  to   space 98304K, 0% used [0x00000000f4000000,0x00000000f4000000,0x00000000fa000000)
 ParOldGen       total 1310720K, used 1130621K [0x0000000080000000, 0x00000000d0000000, 0x00000000d0000000)
  object space 1310720K, 86% used [0x0000000080000000,0x00000000c501f4f8,0x00000000d0000000)
 Metaspace       used 249414K, capacity 254114K, committed 254336K, reserved 745472K
  class space    used 23936K, capacity 24864K, committed 24960K, reserved 516096K
}
{Heap before GC invocations=319 (full 2):
 PSYoungGen      total 688128K, used 601498K [0x00000000d0000000, 0x0000000100000000, 0x0000000100000000)
  eden space 589824K, 100% used [0x00000000d0000000,0x00000000f4000000,0x00000000f4000000)
  from space 98304K, 11% used [0x00000000fa000000,0x00000000fab66868,0x0000000100000000)
  to   space 98304K, 0% used [0x00000000f4000000,0x00000000f4000000,0x00000000fa000000)
 ParOldGen       total 1310720K, used 1130621K [0x0000000080000000, 0x00000000d0000000, 0x00000000d0000000)
  object space 1310720K, 86% used [0x0000000080000000,0x00000000c501f4f8,0x00000000d0000000)
 Metaspace       used 249425K, capacity 254120K, committed 254336K, reserved 745472K
  class space    used 23936K, capacity 24865K, committed 24960K, reserved 516096K
2025-05-14T22:07:17.978+0900: 14049.265: [GC (Allocation Failure) [PSYoungGen: 601498K->11232K(688128K)] 1732119K->1141889K(1998848K), 0.0131450 secs] [Times: user=0.04 sys=0.00, real=0.02 secs] 
Heap after GC invocations=319 (full 2):
 PSYoungGen      total 688128K, used 11232K [0x00000000d0000000, 0x0000000100000000, 0x0000000100000000)
  eden space 589824K, 0% used [0x00000000d0000000,0x00000000d0000000,0x00000000f4000000)
  from space 98304K, 11% used [0x00000000f4000000,0x00000000f4af8000,0x00000000fa000000)
  to   space 98304K, 0% used [0x00000000fa000000,0x00000000fa000000,0x0000000100000000)
 ParOldGen       total 1310720K, used 1130657K [0x0000000080000000, 0x00000000d0000000, 0x00000000d0000000)
  object space 1310720K, 86% used [0x0000000080000000,0x00000000c5028508,0x00000000d0000000)
 Metaspace       used 249425K, capacity 254120K, committed 254336K, reserved 745472K
  class space    used 23936K, capacity 24865K, committed 24960K, reserved 516096K
}
{Heap before GC invocations=320 (full 2):
 PSYoungGen      total 688128K, used 601056K [0x00000000d0000000, 0x0000000100000000, 0x0000000100000000)
  eden space 589824K, 100% used [0x00000000d0000000,0x00000000f4000000,0x00000000f4000000)
  from space 98304K, 11% used [0x00000000f4000000,0x00000000f4af8000,0x00000000fa000000)
  to   space 98304K, 0% used [0x00000000fa000000,0x00000000fa000000,0x0000000100000000)
 ParOldGen       total 1310720K, used 1130657K [0x0000000080000000, 0x00000000d0000000, 0x00000000d0000000)
  object space 1310720K, 86% used [0x0000000080000000,0x00000000c5028508,0x00000000d0000000)
 Metaspace       used 249441K, capacity 254148K, committed 254336K, reserved 745472K
  class space    used 23939K, capacity 24869K, committed 24960K, reserved 516096K
2025-05-14T22:08:14.109+0900: 14105.396: [GC (Allocation Failure) [PSYoungGen: 601056K->11258K(688128K)] 1731713K->1141947K(1998848K), 0.0132164 secs] [Times: user=0.04 sys=0.00, real=0.01 secs] 
Heap after GC invocations=320 (full 2):
 PSYoungGen      total 688128K, used 11258K [0x00000000d0000000, 0x0000000100000000, 0x0000000100000000)
  eden space 589824K, 0% used [0x00000000d0000000,0x00000000d0000000,0x00000000f4000000)
  from space 98304K, 11% used [0x00000000fa000000,0x00000000faafe868,0x0000000100000000)
  to   space 98304K, 0% used [0x00000000f4000000,0x00000000f4000000,0x00000000fa000000)
 ParOldGen       total 1310720K, used 1130689K [0x0000000080000000, 0x00000000d0000000, 0x00000000d0000000)
  object space 1310720K, 86% used [0x0000000080000000,0x00000000c5030508,0x00000000d0000000)
 Metaspace       used 249441K, capacity 254148K, committed 254336K, reserved 745472K
  class space    used 23939K, capacity 24869K, committed 24960K, reserved 516096K
}
{Heap before GC invocations=321 (full 2):
 PSYoungGen      total 688128K, used 601082K [0x00000000d0000000, 0x0000000100000000, 0x0000000100000000)
  eden space 589824K, 100% used [0x00000000d0000000,0x00000000f4000000,0x00000000f4000000)
  from space 98304K, 11% used [0x00000000fa000000,0x00000000faafe868,0x0000000100000000)
  to   space 98304K, 0% used [0x00000000f4000000,0x00000000f4000000,0x00000000fa000000)
 ParOldGen       total 1310720K, used 1130689K [0x0000000080000000, 0x00000000d0000000, 0x00000000d0000000)
  object space 1310720K, 86% used [0x0000000080000000,0x00000000c5030508,0x00000000d0000000)
 Metaspace       used 249450K, capacity 254160K, committed 254336K, reserved 745472K
  class space    used 23940K, capacity 24871K, committed 24960K, reserved 516096K
2025-05-14T22:09:13.278+0900: 14164.565: [GC (Allocation Failure) [PSYoungGen: 601082K->10816K(688128K)] 1731771K->1141609K(1998848K), 0.0124761 secs] [Times: user=0.04 sys=0.00, real=0.02 secs] 
Heap after GC invocations=321 (full 2):
 PSYoungGen      total 688128K, used 10816K [0x00000000d0000000, 0x0000000100000000, 0x0000000100000000)
  eden space 589824K, 0% used [0x00000000d0000000,0x00000000d0000000,0x00000000f4000000)
  from space 98304K, 11% used [0x00000000f4000000,0x00000000f4a90020,0x00000000fa000000)
  to   space 98304K, 0% used [0x00000000fa000000,0x00000000fa000000,0x0000000100000000)
 ParOldGen       total 1310720K, used 1130793K [0x0000000080000000, 0x00000000d0000000, 0x00000000d0000000)
  object space 1310720K, 86% used [0x0000000080000000,0x00000000c504a558,0x00000000d0000000)
 Metaspace       used 249450K, capacity 254160K, committed 254336K, reserved 745472K
  class space    used 23940K, capacity 24871K, committed 24960K, reserved 516096K
}
{Heap before GC invocations=322 (full 2):
 PSYoungGen      total 688128K, used 600640K [0x00000000d0000000, 0x0000000100000000, 0x0000000100000000)
  eden space 589824K, 100% used [0x00000000d0000000,0x00000000f4000000,0x00000000f4000000)
  from space 98304K, 11% used [0x00000000f4000000,0x00000000f4a90020,0x00000000fa000000)
  to   space 98304K, 0% used [0x00000000fa000000,0x00000000fa000000,0x0000000100000000)
 ParOldGen       total 1310720K, used 1130793K [0x0000000080000000, 0x00000000d0000000, 0x00000000d0000000)
  object space 1310720K, 86% used [0x0000000080000000,0x00000000c504a558,0x00000000d0000000)
 Metaspace       used 249454K, capacity 254172K, committed 254336K, reserved 745472K
  class space    used 23941K, capacity 24873K, committed 24960K, reserved 516096K
2025-05-14T22:10:13.413+0900: 14224.700: [GC (Allocation Failure) [PSYoungGen: 600640K->10814K(688128K)] 1731433K->1141647K(1998848K), 0.0124206 secs] [Times: user=0.03 sys=0.00, real=0.01 secs] 
Heap after GC invocations=322 (full 2):
 PSYoungGen      total 688128K, used 10814K [0x00000000d0000000, 0x0000000100000000, 0x0000000100000000)
  eden space 589824K, 0% used [0x00000000d0000000,0x00000000d0000000,0x00000000f4000000)
  from space 98304K, 11% used [0x00000000fa000000,0x00000000faa8f8a0,0x0000000100000000)
  to   space 98304K, 0% used [0x00000000f4000000,0x00000000f4000000,0x00000000fa000000)
 ParOldGen       total 1310720K, used 1130833K [0x0000000080000000, 0x00000000d0000000, 0x00000000d0000000)
  object space 1310720K, 86% used [0x0000000080000000,0x00000000c50544a8,0x00000000d0000000)
 Metaspace       used 249454K, capacity 254172K, committed 254336K, reserved 745472K
  class space    used 23941K, capacity 24873K, committed 24960K, reserved 516096K
}
{Heap before GC invocations=323 (full 2):
 PSYoungGen      total 688128K, used 600638K [0x00000000d0000000, 0x0000000100000000, 0x0000000100000000)
  eden space 589824K, 100% used [0x00000000d0000000,0x00000000f4000000,0x00000000f4000000)
  from space 98304K, 11% used [0x00000000fa000000,0x00000000faa8f8a0,0x0000000100000000)
  to   space 98304K, 0% used [0x00000000f4000000,0x00000000f4000000,0x00000000fa000000)
 ParOldGen       total 1310720K, used 1130833K [0x0000000080000000, 0x00000000d0000000, 0x00000000d0000000)
  object space 1310720K, 86% used [0x0000000080000000,0x00000000c50544a8,0x00000000d0000000)
 Metaspace       used 249455K, capacity 254172K, committed 254336K, reserved 745472K
  class space    used 23941K, capacity 24873K, committed 24960K, reserved 516096K
2025-05-14T22:11:15.621+0900: 14286.908: [GC (Allocation Failure) [PSYoungGen: 600638K->10782K(688128K)] 1731471K->1141635K(1998848K), 0.0123722 secs] [Times: user=0.04 sys=0.00, real=0.01 secs] 
Heap after GC invocations=323 (full 2):
 PSYoungGen      total 688128K, used 10782K [0x00000000d0000000, 0x0000000100000000, 0x0000000100000000)
  eden space 589824K, 0% used [0x00000000d0000000,0x00000000d0000000,0x00000000f4000000)
  from space 98304K, 10% used [0x00000000f4000000,0x00000000f4a878a0,0x00000000fa000000)
  to   space 98304K, 0% used [0x00000000fa000000,0x00000000fa000000,0x0000000100000000)
 ParOldGen       total 1310720K, used 1130853K [0x0000000080000000, 0x00000000d0000000, 0x00000000d0000000)
  object space 1310720K, 86% used [0x0000000080000000,0x00000000c50594b8,0x00000000d0000000)
 Metaspace       used 249455K, capacity 254172K, committed 254336K, reserved 745472K
  class space    used 23941K, capacity 24873K, committed 24960K, reserved 516096K
}
{Heap before GC invocations=324 (full 2):
 PSYoungGen      total 688128K, used 600606K [0x00000000d0000000, 0x0000000100000000, 0x0000000100000000)
  eden space 589824K, 100% used [0x00000000d0000000,0x00000000f4000000,0x00000000f4000000)
  from space 98304K, 10% used [0x00000000f4000000,0x00000000f4a878a0,0x00000000fa000000)
  to   space 98304K, 0% used [0x00000000fa000000,0x00000000fa000000,0x0000000100000000)
 ParOldGen       total 1310720K, used 1130853K [0x0000000080000000, 0x00000000d0000000, 0x00000000d0000000)
  object space 1310720K, 86% used [0x0000000080000000,0x00000000c50594b8,0x00000000d0000000)
 Metaspace       used 249457K, capacity 254172K, committed 254336K, reserved 745472K
  class space    used 23941K, capacity 24873K, committed 24960K, reserved 516096K
2025-05-14T22:12:17.843+0900: 14349.130: [GC (Allocation Failure) [PSYoungGen: 600606K->10750K(688128K)] 1731459K->1141687K(1998848K), 0.0127878 secs] [Times: user=0.03 sys=0.00, real=0.01 secs] 
Heap after GC invocations=324 (full 2):
 PSYoungGen      total 688128K, used 10750K [0x00000000d0000000, 0x0000000100000000, 0x0000000100000000)
  eden space 589824K, 0% used [0x00000000d0000000,0x00000000d0000000,0x00000000f4000000)
  from space 98304K, 10% used [0x00000000fa000000,0x00000000faa7f8a0,0x0000000100000000)
  to   space 98304K, 0% used [0x00000000f4000000,0x00000000f4000000,0x00000000fa000000)
 ParOldGen       total 1310720K, used 1130936K [0x0000000080000000, 0x00000000d0000000, 0x00000000d0000000)
  object space 1310720K, 86% used [0x0000000080000000,0x00000000c506e368,0x00000000d0000000)
 Metaspace       used 249457K, capacity 254172K, committed 254336K, reserved 745472K
  class space    used 23941K, capacity 24873K, committed 24960K, reserved 516096K
}
{Heap before GC invocations=325 (full 2):
 PSYoungGen      total 688128K, used 600574K [0x00000000d0000000, 0x0000000100000000, 0x0000000100000000)
  eden space 589824K, 100% used [0x00000000d0000000,0x00000000f4000000,0x00000000f4000000)
  from space 98304K, 10% used [0x00000000fa000000,0x00000000faa7f8a0,0x0000000100000000)
  to   space 98304K, 0% used [0x00000000f4000000,0x00000000f4000000,0x00000000fa000000)
 ParOldGen       total 1310720K, used 1130936K [0x0000000080000000, 0x00000000d0000000, 0x00000000d0000000)
  object space 1310720K, 86% used [0x0000000080000000,0x00000000c506e368,0x00000000d0000000)
 Metaspace       used 249461K, capacity 254172K, committed 254336K, reserved 745472K
  class space    used 23941K, capacity 24873K, committed 24960K, reserved 516096K
2025-05-14T22:13:20.089+0900: 14411.376: [GC (Allocation Failure) [PSYoungGen: 600574K->10766K(688128K)] 1731511K->1141727K(1998848K), 0.0122921 secs] [Times: user=0.03 sys=0.00, real=0.01 secs] 
Heap after GC invocations=325 (full 2):
 PSYoungGen      total 688128K, used 10766K [0x00000000d0000000, 0x0000000100000000, 0x0000000100000000)
  eden space 589824K, 0% used [0x00000000d0000000,0x00000000d0000000,0x00000000f4000000)
  from space 98304K, 10% used [0x00000000f4000000,0x00000000f4a838b0,0x00000000fa000000)
  to   space 98304K, 0% used [0x00000000fa000000,0x00000000fa000000,0x0000000100000000)
 ParOldGen       total 1310720K, used 1130960K [0x0000000080000000, 0x00000000d0000000, 0x00000000d0000000)
  object space 1310720K, 86% used [0x0000000080000000,0x00000000c5074368,0x00000000d0000000)
 Metaspace       used 249461K, capacity 254172K, committed 254336K, reserved 745472K
  class space    used 23941K, capacity 24873K, committed 24960K, reserved 516096K
}
{Heap before GC invocations=326 (full 2):
 PSYoungGen      total 688128K, used 600590K [0x00000000d0000000, 0x0000000100000000, 0x0000000100000000)
  eden space 589824K, 100% used [0x00000000d0000000,0x00000000f4000000,0x00000000f4000000)
  from space 98304K, 10% used [0x00000000f4000000,0x00000000f4a838b0,0x00000000fa000000)
  to   space 98304K, 0% used [0x00000000fa000000,0x00000000fa000000,0x0000000100000000)
 ParOldGen       total 1310720K, used 1130960K [0x0000000080000000, 0x00000000d0000000, 0x00000000d0000000)
  object space 1310720K, 86% used [0x0000000080000000,0x00000000c5074368,0x00000000d0000000)
 Metaspace       used 249464K, capacity 254172K, committed 254336K, reserved 745472K
  class space    used 23941K, capacity 24873K, committed 24960K, reserved 516096K
2025-05-14T22:14:21.308+0900: 14472.595: [GC (Allocation Failure) [PSYoungGen: 600590K->10734K(688128K)] 1731551K->1141711K(1998848K), 0.0127755 secs] [Times: user=0.04 sys=0.00, real=0.02 secs] 
Heap after GC invocations=326 (full 2):
 PSYoungGen      total 688128K, used 10734K [0x00000000d0000000, 0x0000000100000000, 0x0000000100000000)
  eden space 589824K, 0% used [0x00000000d0000000,0x00000000d0000000,0x00000000f4000000)
  from space 98304K, 10% used [0x00000000fa000000,0x00000000faa7b8b0,0x0000000100000000)
  to   space 98304K, 0% used [0x00000000f4000000,0x00000000f4000000,0x00000000fa000000)
 ParOldGen       total 1310720K, used 1130976K [0x0000000080000000, 0x00000000d0000000, 0x00000000d0000000)
  object space 1310720K, 86% used [0x0000000080000000,0x00000000c5078368,0x00000000d0000000)
 Metaspace       used 249464K, capacity 254172K, committed 254336K, reserved 745472K
  class space    used 23941K, capacity 24873K, committed 24960K, reserved 516096K
}
{Heap before GC invocations=327 (full 2):
 PSYoungGen      total 688128K, used 600558K [0x00000000d0000000, 0x0000000100000000, 0x0000000100000000)
  eden space 589824K, 100% used [0x00000000d0000000,0x00000000f4000000,0x00000000f4000000)
  from space 98304K, 10% used [0x00000000fa000000,0x00000000faa7b8b0,0x0000000100000000)
  to   space 98304K, 0% used [0x00000000f4000000,0x00000000f4000000,0x00000000fa000000)
 ParOldGen       total 1310720K, used 1130976K [0x0000000080000000, 0x00000000d0000000, 0x00000000d0000000)
  object space 1310720K, 86% used [0x0000000080000000,0x00000000c5078368,0x00000000d0000000)
 Metaspace       used 249464K, capacity 254172K, committed 254336K, reserved 745472K
  class space    used 23941K, capacity 24873K, committed 24960K, reserved 516096K
2025-05-14T22:15:23.635+0900: 14534.922: [GC (Allocation Failure) [PSYoungGen: 600558K->10686K(688128K)] 1731535K->1141702K(1998848K), 0.0122575 secs] [Times: user=0.03 sys=0.00, real=0.01 secs] 
Heap after GC invocations=327 (full 2):
 PSYoungGen      total 688128K, used 10686K [0x00000000d0000000, 0x0000000100000000, 0x0000000100000000)
  eden space 589824K, 0% used [0x00000000d0000000,0x00000000d0000000,0x00000000f4000000)
  from space 98304K, 10% used [0x00000000f4000000,0x00000000f4a6f8a0,0x00000000fa000000)
  to   space 98304K, 0% used [0x00000000fa000000,0x00000000fa000000,0x0000000100000000)
 ParOldGen       total 1310720K, used 1131016K [0x0000000080000000, 0x00000000d0000000, 0x00000000d0000000)
  object space 1310720K, 86% used [0x0000000080000000,0x00000000c50822b8,0x00000000d0000000)
 Metaspace       used 249464K, capacity 254172K, committed 254336K, reserved 745472K
  class space    used 23941K, capacity 24873K, committed 24960K, reserved 516096K
}
{Heap before GC invocations=328 (full 2):
 PSYoungGen      total 688128K, used 600510K [0x00000000d0000000, 0x0000000100000000, 0x0000000100000000)
  eden space 589824K, 100% used [0x00000000d0000000,0x00000000f4000000,0x00000000f4000000)
  from space 98304K, 10% used [0x00000000f4000000,0x00000000f4a6f8a0,0x00000000fa000000)
  to   space 98304K, 0% used [0x00000000fa000000,0x00000000fa000000,0x0000000100000000)
 ParOldGen       total 1310720K, used 1131016K [0x0000000080000000, 0x00000000d0000000, 0x00000000d0000000)
  object space 1310720K, 86% used [0x0000000080000000,0x00000000c50822b8,0x00000000d0000000)
 Metaspace       used 249465K, capacity 254172K, committed 254336K, reserved 745472K
  class space    used 23941K, capacity 24873K, committed 24960K, reserved 516096K
2025-05-14T22:16:25.712+0900: 14596.999: [GC (Allocation Failure) [PSYoungGen: 600510K->10782K(688128K)] 1731526K->1141830K(1998848K), 0.0126448 secs] [Times: user=0.03 sys=0.00, real=0.01 secs] 
Heap after GC invocations=328 (full 2):
 PSYoungGen      total 688128K, used 10782K [0x00000000d0000000, 0x0000000100000000, 0x0000000100000000)
  eden space 589824K, 0% used [0x00000000d0000000,0x00000000d0000000,0x00000000f4000000)
  from space 98304K, 10% used [0x00000000fa000000,0x00000000faa878c0,0x0000000100000000)
  to   space 98304K, 0% used [0x00000000f4000000,0x00000000f4000000,0x00000000fa000000)
 ParOldGen       total 1310720K, used 1131048K [0x0000000080000000, 0x00000000d0000000, 0x00000000d0000000)
  object space 1310720K, 86% used [0x0000000080000000,0x00000000c508a2b8,0x00000000d0000000)
 Metaspace       used 249465K, capacity 254172K, committed 254336K, reserved 745472K
  class space    used 23941K, capacity 24873K, committed 24960K, reserved 516096K
}
{Heap before GC invocations=329 (full 2):
 PSYoungGen      total 688128K, used 600606K [0x00000000d0000000, 0x0000000100000000, 0x0000000100000000)
  eden space 589824K, 100% used [0x00000000d0000000,0x00000000f4000000,0x00000000f4000000)
  from space 98304K, 10% used [0x00000000fa000000,0x00000000faa878c0,0x0000000100000000)
  to   space 98304K, 0% used [0x00000000f4000000,0x00000000f4000000,0x00000000fa000000)
 ParOldGen       total 1310720K, used 1131048K [0x0000000080000000, 0x00000000d0000000, 0x00000000d0000000)
  object space 1310720K, 86% used [0x0000000080000000,0x00000000c508a2b8,0x00000000d0000000)
 Metaspace       used 249468K, capacity 254172K, committed 254336K, reserved 745472K
  class space    used 23941K, capacity 24873K, committed 24960K, reserved 516096K
2025-05-14T22:17:27.865+0900: 14659.152: [GC (Allocation Failure) [PSYoungGen: 600606K->10606K(688128K)] 1731654K->1141722K(1998848K), 0.0131702 secs] [Times: user=0.03 sys=0.00, real=0.01 secs] 
Heap after GC invocations=329 (full 2):
 PSYoungGen      total 688128K, used 10606K [0x00000000d0000000, 0x0000000100000000, 0x0000000100000000)
  eden space 589824K, 0% used [0x00000000d0000000,0x00000000d0000000,0x00000000f4000000)
  from space 98304K, 10% used [0x00000000f4000000,0x00000000f4a5b8b0,0x00000000fa000000)
  to   space 98304K, 0% used [0x00000000fa000000,0x00000000fa000000,0x0000000100000000)
 ParOldGen       total 1310720K, used 1131116K [0x0000000080000000, 0x00000000d0000000, 0x00000000d0000000)
  object space 1310720K, 86% used [0x0000000080000000,0x00000000c509b2f8,0x00000000d0000000)
 Metaspace       used 249468K, capacity 254172K, committed 254336K, reserved 745472K
  class space    used 23941K, capacity 24873K, committed 24960K, reserved 516096K
}
{Heap before GC invocations=330 (full 2):
 PSYoungGen      total 688128K, used 600430K [0x00000000d0000000, 0x0000000100000000, 0x0000000100000000)
  eden space 589824K, 100% used [0x00000000d0000000,0x00000000f4000000,0x00000000f4000000)
  from space 98304K, 10% used [0x00000000f4000000,0x00000000f4a5b8b0,0x00000000fa000000)
  to   space 98304K, 0% used [0x00000000fa000000,0x00000000fa000000,0x0000000100000000)
 ParOldGen       total 1310720K, used 1131116K [0x0000000080000000, 0x00000000d0000000, 0x00000000d0000000)
  object space 1310720K, 86% used [0x0000000080000000,0x00000000c509b2f8,0x00000000d0000000)
 Metaspace       used 249472K, capacity 254172K, committed 254336K, reserved 745472K
  class space    used 23941K, capacity 24873K, committed 24960K, reserved 516096K
2025-05-14T22:18:30.243+0900: 14721.530: [GC (Allocation Failure) [PSYoungGen: 600430K->1774K(688128K)] 1731546K->1148358K(1998848K), 0.0123022 secs] [Times: user=0.03 sys=0.00, real=0.01 secs] 
Heap after GC invocations=330 (full 2):
 PSYoungGen      total 688128K, used 1774K [0x00000000d0000000, 0x0000000100000000, 0x0000000100000000)
  eden space 589824K, 0% used [0x00000000d0000000,0x00000000d0000000,0x00000000f4000000)
  from space 98304K, 1% used [0x00000000fa000000,0x00000000fa1bb8b0,0x0000000100000000)
  to   space 98304K, 0% used [0x00000000f4000000,0x00000000f4000000,0x00000000fa000000)
 ParOldGen       total 1310720K, used 1146584K [0x0000000080000000, 0x00000000d0000000, 0x00000000d0000000)
  object space 1310720K, 87% used [0x0000000080000000,0x00000000c5fb6208,0x00000000d0000000)
 Metaspace       used 249472K, capacity 254172K, committed 254336K, reserved 745472K
  class space    used 23941K, capacity 24873K, committed 24960K, reserved 516096K
}
{Heap before GC invocations=331 (full 2):
 PSYoungGen      total 688128K, used 591598K [0x00000000d0000000, 0x0000000100000000, 0x0000000100000000)
  eden space 589824K, 100% used [0x00000000d0000000,0x00000000f4000000,0x00000000f4000000)
  from space 98304K, 1% used [0x00000000fa000000,0x00000000fa1bb8b0,0x0000000100000000)
  to   space 98304K, 0% used [0x00000000f4000000,0x00000000f4000000,0x00000000fa000000)
 ParOldGen       total 1310720K, used 1146584K [0x0000000080000000, 0x00000000d0000000, 0x00000000d0000000)
  object space 1310720K, 87% used [0x0000000080000000,0x00000000c5fb6208,0x00000000d0000000)
 Metaspace       used 249481K, capacity 254172K, committed 254336K, reserved 745472K
  class space    used 23941K, capacity 24873K, committed 24960K, reserved 516096K
2025-05-14T22:19:32.349+0900: 14783.636: [GC (Allocation Failure) [PSYoungGen: 591598K->1806K(688128K)] 1738182K->1148426K(1998848K), 0.0121322 secs] [Times: user=0.03 sys=0.00, real=0.01 secs] 
Heap after GC invocations=331 (full 2):
 PSYoungGen      total 688128K, used 1806K [0x00000000d0000000, 0x0000000100000000, 0x0000000100000000)
  eden space 589824K, 0% used [0x00000000d0000000,0x00000000d0000000,0x00000000f4000000)
  from space 98304K, 1% used [0x00000000f4000000,0x00000000f41c38b0,0x00000000fa000000)
  to   space 98304K, 0% used [0x00000000fa000000,0x00000000fa000000,0x0000000100000000)
 ParOldGen       total 1310720K, used 1146620K [0x0000000080000000, 0x00000000d0000000, 0x00000000d0000000)
  object space 1310720K, 87% used [0x0000000080000000,0x00000000c5fbf218,0x00000000d0000000)
 Metaspace       used 249481K, capacity 254172K, committed 254336K, reserved 745472K
  class space    used 23941K, capacity 24873K, committed 24960K, reserved 516096K
}
{Heap before GC invocations=332 (full 2):
 PSYoungGen      total 688128K, used 591630K [0x00000000d0000000, 0x0000000100000000, 0x0000000100000000)
  eden space 589824K, 100% used [0x00000000d0000000,0x00000000f4000000,0x00000000f4000000)
  from space 98304K, 1% used [0x00000000f4000000,0x00000000f41c38b0,0x00000000fa000000)
  to   space 98304K, 0% used [0x00000000fa000000,0x00000000fa000000,0x0000000100000000)
 ParOldGen       total 1310720K, used 1146620K [0x0000000080000000, 0x00000000d0000000, 0x00000000d0000000)
  object space 1310720K, 87% used [0x0000000080000000,0x00000000c5fbf218,0x00000000d0000000)
 Metaspace       used 249482K, capacity 254172K, committed 254336K, reserved 745472K
  class space    used 23941K, capacity 24873K, committed 24960K, reserved 516096K
2025-05-14T22:20:33.474+0900: 14844.761: [GC (Allocation Failure) [PSYoungGen: 591630K->1566K(688128K)] 1738250K->1148402K(1998848K), 0.0113840 secs] [Times: user=0.03 sys=0.00, real=0.01 secs] 
Heap after GC invocations=332 (full 2):
 PSYoungGen      total 688128K, used 1566K [0x00000000d0000000, 0x0000000100000000, 0x0000000100000000)
  eden space 589824K, 0% used [0x00000000d0000000,0x00000000d0000000,0x00000000f4000000)
  from space 98304K, 1% used [0x00000000fa000000,0x00000000fa1878a0,0x0000000100000000)
  to   space 98304K, 0% used [0x00000000f4000000,0x00000000f4000000,0x00000000fa000000)
 ParOldGen       total 1310720K, used 1146836K [0x0000000080000000, 0x00000000d0000000, 0x00000000d0000000)
  object space 1310720K, 87% used [0x0000000080000000,0x00000000c5ff5180,0x00000000d0000000)
 Metaspace       used 249482K, capacity 254172K, committed 254336K, reserved 745472K
  class space    used 23941K, capacity 24873K, committed 24960K, reserved 516096K
}
{Heap before GC invocations=333 (full 2):
 PSYoungGen      total 688128K, used 591390K [0x00000000d0000000, 0x0000000100000000, 0x0000000100000000)
  eden space 589824K, 100% used [0x00000000d0000000,0x00000000f4000000,0x00000000f4000000)
  from space 98304K, 1% used [0x00000000fa000000,0x00000000fa1878a0,0x0000000100000000)
  to   space 98304K, 0% used [0x00000000f4000000,0x00000000f4000000,0x00000000fa000000)
 ParOldGen       total 1310720K, used 1146836K [0x0000000080000000, 0x00000000d0000000, 0x00000000d0000000)
  object space 1310720K, 87% used [0x0000000080000000,0x00000000c5ff5180,0x00000000d0000000)
 Metaspace       used 249494K, capacity 254172K, committed 254336K, reserved 745472K
  class space    used 23941K, capacity 24873K, committed 24960K, reserved 516096K
2025-05-14T22:21:35.689+0900: 14906.976: [GC (Allocation Failure) [PSYoungGen: 591390K->1246K(688128K)] 1738226K->1148435K(1998848K), 0.0119506 secs] [Times: user=0.03 sys=0.00, real=0.01 secs] 
Heap after GC invocations=333 (full 2):
 PSYoungGen      total 688128K, used 1246K [0x00000000d0000000, 0x0000000100000000, 0x0000000100000000)
  eden space 589824K, 0% used [0x00000000d0000000,0x00000000d0000000,0x00000000f4000000)
  from space 98304K, 1% used [0x00000000f4000000,0x00000000f41378a0,0x00000000fa000000)
  to   space 98304K, 0% used [0x00000000fa000000,0x00000000fa000000,0x0000000100000000)
 ParOldGen       total 1310720K, used 1147189K [0x0000000080000000, 0x00000000d0000000, 0x00000000d0000000)
  object space 1310720K, 87% used [0x0000000080000000,0x00000000c604d630,0x00000000d0000000)
 Metaspace       used 249494K, capacity 254172K, committed 254336K, reserved 745472K
  class space    used 23941K, capacity 24873K, committed 24960K, reserved 516096K
}
{Heap before GC invocations=334 (full 2):
 PSYoungGen      total 688128K, used 591070K [0x00000000d0000000, 0x0000000100000000, 0x0000000100000000)
  eden space 589824K, 100% used [0x00000000d0000000,0x00000000f4000000,0x00000000f4000000)
  from space 98304K, 1% used [0x00000000f4000000,0x00000000f41378a0,0x00000000fa000000)
  to   space 98304K, 0% used [0x00000000fa000000,0x00000000fa000000,0x0000000100000000)
 ParOldGen       total 1310720K, used 1147189K [0x0000000080000000, 0x00000000d0000000, 0x00000000d0000000)
  object space 1310720K, 87% used [0x0000000080000000,0x00000000c604d630,0x00000000d0000000)
 Metaspace       used 249496K, capacity 254172K, committed 254336K, reserved 745472K
  class space    used 23941K, capacity 24873K, committed 24960K, reserved 516096K
2025-05-14T22:22:37.881+0900: 14969.168: [GC (Allocation Failure) [PSYoungGen: 591070K->1257K(688128K)] 1738259K->1148574K(1998848K), 0.0149981 secs] [Times: user=0.03 sys=0.00, real=0.01 secs] 
Heap after GC invocations=334 (full 2):
 PSYoungGen      total 688128K, used 1257K [0x00000000d0000000, 0x0000000100000000, 0x0000000100000000)
  eden space 589824K, 0% used [0x00000000d0000000,0x00000000d0000000,0x00000000f4000000)
  from space 98304K, 1% used [0x00000000fa000000,0x00000000fa13a4a0,0x0000000100000000)
  to   space 98304K, 0% used [0x00000000f4000000,0x00000000f4000000,0x00000000fa000000)
 ParOldGen       total 1310720K, used 1147317K [0x0000000080000000, 0x00000000d0000000, 0x00000000d0000000)
  object space 1310720K, 87% used [0x0000000080000000,0x00000000c606d688,0x00000000d0000000)
 Metaspace       used 249496K, capacity 254172K, committed 254336K, reserved 745472K
  class space    used 23941K, capacity 24873K, committed 24960K, reserved 516096K
}
{Heap before GC invocations=335 (full 2):
 PSYoungGen      total 688128K, used 591081K [0x00000000d0000000, 0x0000000100000000, 0x0000000100000000)
  eden space 589824K, 100% used [0x00000000d0000000,0x00000000f4000000,0x00000000f4000000)
  from space 98304K, 1% used [0x00000000fa000000,0x00000000fa13a4a0,0x0000000100000000)
  to   space 98304K, 0% used [0x00000000f4000000,0x00000000f4000000,0x00000000fa000000)
 ParOldGen       total 1310720K, used 1147317K [0x0000000080000000, 0x00000000d0000000, 0x00000000d0000000)
  object space 1310720K, 87% used [0x0000000080000000,0x00000000c606d688,0x00000000d0000000)
 Metaspace       used 249504K, capacity 254172K, committed 254336K, reserved 745472K
  class space    used 23941K, capacity 24873K, committed 24960K, reserved 516096K
2025-05-14T22:23:40.071+0900: 15031.358: [GC (Allocation Failure) [PSYoungGen: 591081K->1145K(688128K)] 1738398K->1148594K(1998848K), 0.0115978 secs] [Times: user=0.03 sys=0.00, real=0.01 secs] 
Heap after GC invocations=335 (full 2):
 PSYoungGen      total 688128K, used 1145K [0x00000000d0000000, 0x0000000100000000, 0x0000000100000000)
  eden space 589824K, 0% used [0x00000000d0000000,0x00000000d0000000,0x00000000f4000000)
  from space 98304K, 1% used [0x00000000f4000000,0x00000000f411e4b0,0x00000000fa000000)
  to   space 98304K, 0% used [0x00000000fa000000,0x00000000fa000000,0x0000000100000000)
 ParOldGen       total 1310720K, used 1147449K [0x0000000080000000, 0x00000000d0000000, 0x00000000d0000000)
  object space 1310720K, 87% used [0x0000000080000000,0x00000000c608e508,0x00000000d0000000)
 Metaspace       used 249504K, capacity 254172K, committed 254336K, reserved 745472K
  class space    used 23941K, capacity 24873K, committed 24960K, reserved 516096K
}
{Heap before GC invocations=336 (full 2):
 PSYoungGen      total 688128K, used 590969K [0x00000000d0000000, 0x0000000100000000, 0x0000000100000000)
  eden space 589824K, 100% used [0x00000000d0000000,0x00000000f4000000,0x00000000f4000000)
  from space 98304K, 1% used [0x00000000f4000000,0x00000000f411e4b0,0x00000000fa000000)
  to   space 98304K, 0% used [0x00000000fa000000,0x00000000fa000000,0x0000000100000000)
 ParOldGen       total 1310720K, used 1147449K [0x0000000080000000, 0x00000000d0000000, 0x00000000d0000000)
  object space 1310720K, 87% used [0x0000000080000000,0x00000000c608e508,0x00000000d0000000)
 Metaspace       used 249521K, capacity 254172K, committed 254336K, reserved 745472K
  class space    used 23941K, capacity 24873K, committed 24960K, reserved 516096K
2025-05-14T22:24:40.224+0900: 15091.511: [GC (Allocation Failure) [PSYoungGen: 590969K->1353K(688128K)] 1738418K->1148843K(1998848K), 0.0122010 secs] [Times: user=0.03 sys=0.00, real=0.01 secs] 
Heap after GC invocations=336 (full 2):
 PSYoungGen      total 688128K, used 1353K [0x00000000d0000000, 0x0000000100000000, 0x0000000100000000)
  eden space 589824K, 0% used [0x00000000d0000000,0x00000000d0000000,0x00000000f4000000)
  from space 98304K, 1% used [0x00000000fa000000,0x00000000fa152740,0x0000000100000000)
  to   space 98304K, 0% used [0x00000000f4000000,0x00000000f4000000,0x00000000fa000000)
 ParOldGen       total 1310720K, used 1147489K [0x0000000080000000, 0x00000000d0000000, 0x00000000d0000000)
  object space 1310720K, 87% used [0x0000000080000000,0x00000000c6098528,0x00000000d0000000)
 Metaspace       used 249521K, capacity 254172K, committed 254336K, reserved 745472K
  class space    used 23941K, capacity 24873K, committed 24960K, reserved 516096K
}
{Heap before GC invocations=337 (full 2):
 PSYoungGen      total 688128K, used 591177K [0x00000000d0000000, 0x0000000100000000, 0x0000000100000000)
  eden space 589824K, 100% used [0x00000000d0000000,0x00000000f4000000,0x00000000f4000000)
  from space 98304K, 1% used [0x00000000fa000000,0x00000000fa152740,0x0000000100000000)
  to   space 98304K, 0% used [0x00000000f4000000,0x00000000f4000000,0x00000000fa000000)
 ParOldGen       total 1310720K, used 1147489K [0x0000000080000000, 0x00000000d0000000, 0x00000000d0000000)
  object space 1310720K, 87% used [0x0000000080000000,0x00000000c6098528,0x00000000d0000000)
 Metaspace       used 249549K, capacity 254248K, committed 254336K, reserved 745472K
  class space    used 23942K, capacity 24875K, committed 24960K, reserved 516096K
2025-05-14T22:25:39.392+0900: 15150.679: [GC (Allocation Failure) [PSYoungGen: 591177K->1024K(688128K)] 1738667K->1148545K(1998848K), 0.0123544 secs] [Times: user=0.02 sys=0.00, real=0.01 secs] 
Heap after GC invocations=337 (full 2):
 PSYoungGen      total 688128K, used 1024K [0x00000000d0000000, 0x0000000100000000, 0x0000000100000000)
  eden space 589824K, 0% used [0x00000000d0000000,0x00000000d0000000,0x00000000f4000000)
  from space 98304K, 1% used [0x00000000f4000000,0x00000000f4100000,0x00000000fa000000)
  to   space 98304K, 0% used [0x00000000fa000000,0x00000000fa000000,0x0000000100000000)
 ParOldGen       total 1310720K, used 1147521K [0x0000000080000000, 0x00000000d0000000, 0x00000000d0000000)
  object space 1310720K, 87% used [0x0000000080000000,0x00000000c60a0548,0x00000000d0000000)
 Metaspace       used 249549K, capacity 254248K, committed 254336K, reserved 745472K
  class space    used 23942K, capacity 24875K, committed 24960K, reserved 516096K
}
{Heap before GC invocations=338 (full 2):
 PSYoungGen      total 688128K, used 590848K [0x00000000d0000000, 0x0000000100000000, 0x0000000100000000)
  eden space 589824K, 100% used [0x00000000d0000000,0x00000000f4000000,0x00000000f4000000)
  from space 98304K, 1% used [0x00000000f4000000,0x00000000f4100000,0x00000000fa000000)
  to   space 98304K, 0% used [0x00000000fa000000,0x00000000fa000000,0x0000000100000000)
 ParOldGen       total 1310720K, used 1147521K [0x0000000080000000, 0x00000000d0000000, 0x00000000d0000000)
  object space 1310720K, 87% used [0x0000000080000000,0x00000000c60a0548,0x00000000d0000000)
 Metaspace       used 249554K, capacity 254248K, committed 254336K, reserved 745472K
  class space    used 23942K, capacity 24875K, committed 24960K, reserved 516096K
2025-05-14T22:26:40.531+0900: 15211.818: [GC (Allocation Failure) [PSYoungGen: 590848K->1568K(688128K)] 1738369K->1149105K(1998848K), 0.0114507 secs] [Times: user=0.03 sys=0.00, real=0.01 secs] 
Heap after GC invocations=338 (full 2):
 PSYoungGen      total 688128K, used 1568K [0x00000000d0000000, 0x0000000100000000, 0x0000000100000000)
  eden space 589824K, 0% used [0x00000000d0000000,0x00000000d0000000,0x00000000f4000000)
  from space 98304K, 1% used [0x00000000fa000000,0x00000000fa188000,0x0000000100000000)
  to   space 98304K, 0% used [0x00000000f4000000,0x00000000f4000000,0x00000000fa000000)
 ParOldGen       total 1310720K, used 1147537K [0x0000000080000000, 0x00000000d0000000, 0x00000000d0000000)
  object space 1310720K, 87% used [0x0000000080000000,0x00000000c60a4548,0x00000000d0000000)
 Metaspace       used 249554K, capacity 254248K, committed 254336K, reserved 745472K
  class space    used 23942K, capacity 24875K, committed 24960K, reserved 516096K
}
{Heap before GC invocations=339 (full 2):
 PSYoungGen      total 688128K, used 591392K [0x00000000d0000000, 0x0000000100000000, 0x0000000100000000)
  eden space 589824K, 100% used [0x00000000d0000000,0x00000000f4000000,0x00000000f4000000)
  from space 98304K, 1% used [0x00000000fa000000,0x00000000fa188000,0x0000000100000000)
  to   space 98304K, 0% used [0x00000000f4000000,0x00000000f4000000,0x00000000fa000000)
 ParOldGen       total 1310720K, used 1147537K [0x0000000080000000, 0x00000000d0000000, 0x00000000d0000000)
  object space 1310720K, 87% used [0x0000000080000000,0x00000000c60a4548,0x00000000d0000000)
 Metaspace       used 249561K, capacity 254248K, committed 254336K, reserved 745472K
  class space    used 23942K, capacity 24875K, committed 24960K, reserved 516096K
2025-05-14T22:27:41.780+0900: 15273.067: [GC (Allocation Failure) [PSYoungGen: 591392K->1618K(688128K)] 1738929K->1149179K(1998848K), 0.0113211 secs] [Times: user=0.03 sys=0.00, real=0.01 secs] 
Heap after GC invocations=339 (full 2):
 PSYoungGen      total 688128K, used 1618K [0x00000000d0000000, 0x0000000100000000, 0x0000000100000000)
  eden space 589824K, 0% used [0x00000000d0000000,0x00000000d0000000,0x00000000f4000000)
  from space 98304K, 1% used [0x00000000f4000000,0x00000000f4194900,0x00000000fa000000)
  to   space 98304K, 0% used [0x00000000fa000000,0x00000000fa000000,0x0000000100000000)
 ParOldGen       total 1310720K, used 1147561K [0x0000000080000000, 0x00000000d0000000, 0x00000000d0000000)
  object space 1310720K, 87% used [0x0000000080000000,0x00000000c60aa548,0x00000000d0000000)
 Metaspace       used 249561K, capacity 254248K, committed 254336K, reserved 745472K
  class space    used 23942K, capacity 24875K, committed 24960K, reserved 516096K
}
{Heap before GC invocations=340 (full 2):
 PSYoungGen      total 688128K, used 591442K [0x00000000d0000000, 0x0000000100000000, 0x0000000100000000)
  eden space 589824K, 100% used [0x00000000d0000000,0x00000000f4000000,0x00000000f4000000)
  from space 98304K, 1% used [0x00000000f4000000,0x00000000f4194900,0x00000000fa000000)
  to   space 98304K, 0% used [0x00000000fa000000,0x00000000fa000000,0x0000000100000000)
 ParOldGen       total 1310720K, used 1147561K [0x0000000080000000, 0x00000000d0000000, 0x00000000d0000000)
  object space 1310720K, 87% used [0x0000000080000000,0x00000000c60aa548,0x00000000d0000000)
 Metaspace       used 249582K, capacity 254248K, committed 254336K, reserved 745472K
  class space    used 23942K, capacity 24875K, committed 24960K, reserved 516096K
2025-05-14T22:28:43.870+0900: 15335.157: [GC (Allocation Failure) [PSYoungGen: 591442K->1586K(688128K)] 1739003K->1149171K(1998848K), 0.0115899 secs] [Times: user=0.03 sys=0.00, real=0.01 secs] 
Heap after GC invocations=340 (full 2):
 PSYoungGen      total 688128K, used 1586K [0x00000000d0000000, 0x0000000100000000, 0x0000000100000000)
  eden space 589824K, 0% used [0x00000000d0000000,0x00000000d0000000,0x00000000f4000000)
  from space 98304K, 1% used [0x00000000fa000000,0x00000000fa18c900,0x0000000100000000)
  to   space 98304K, 0% used [0x00000000f4000000,0x00000000f4000000,0x00000000fa000000)
 ParOldGen       total 1310720K, used 1147585K [0x0000000080000000, 0x00000000d0000000, 0x00000000d0000000)
  object space 1310720K, 87% used [0x0000000080000000,0x00000000c60b0548,0x00000000d0000000)
 Metaspace       used 249582K, capacity 254248K, committed 254336K, reserved 745472K
  class space    used 23942K, capacity 24875K, committed 24960K, reserved 516096K
}
{Heap before GC invocations=341 (full 2):
 PSYoungGen      total 688128K, used 591410K [0x00000000d0000000, 0x0000000100000000, 0x0000000100000000)
  eden space 589824K, 100% used [0x00000000d0000000,0x00000000f4000000,0x00000000f4000000)
  from space 98304K, 1% used [0x00000000fa000000,0x00000000fa18c900,0x0000000100000000)
  to   space 98304K, 0% used [0x00000000f4000000,0x00000000f4000000,0x00000000fa000000)
 ParOldGen       total 1310720K, used 1147585K [0x0000000080000000, 0x00000000d0000000, 0x00000000d0000000)
  object space 1310720K, 87% used [0x0000000080000000,0x00000000c60b0548,0x00000000d0000000)
 Metaspace       used 249599K, capacity 254248K, committed 254336K, reserved 745472K
  class space    used 23942K, capacity 24875K, committed 24960K, reserved 516096K
2025-05-14T22:29:45.078+0900: 15396.365: [GC (Allocation Failure) [PSYoungGen: 591410K->1801K(688128K)] 1738995K->1149402K(1998848K), 0.0113428 secs] [Times: user=0.03 sys=0.00, real=0.02 secs] 
Heap after GC invocations=341 (full 2):
 PSYoungGen      total 688128K, used 1801K [0x00000000d0000000, 0x0000000100000000, 0x0000000100000000)
  eden space 589824K, 0% used [0x00000000d0000000,0x00000000d0000000,0x00000000f4000000)
  from space 98304K, 1% used [0x00000000f4000000,0x00000000f41c24a0,0x00000000fa000000)
  to   space 98304K, 0% used [0x00000000fa000000,0x00000000fa000000,0x0000000100000000)
 ParOldGen       total 1310720K, used 1147601K [0x0000000080000000, 0x00000000d0000000, 0x00000000d0000000)
  object space 1310720K, 87% used [0x0000000080000000,0x00000000c60b4548,0x00000000d0000000)
 Metaspace       used 249599K, capacity 254248K, committed 254336K, reserved 745472K
  class space    used 23942K, capacity 24875K, committed 24960K, reserved 516096K
}
{Heap before GC invocations=342 (full 2):
 PSYoungGen      total 688128K, used 591625K [0x00000000d0000000, 0x0000000100000000, 0x0000000100000000)
  eden space 589824K, 100% used [0x00000000d0000000,0x00000000f4000000,0x00000000f4000000)
  from space 98304K, 1% used [0x00000000f4000000,0x00000000f41c24a0,0x00000000fa000000)
  to   space 98304K, 0% used [0x00000000fa000000,0x00000000fa000000,0x0000000100000000)
 ParOldGen       total 1310720K, used 1147601K [0x0000000080000000, 0x00000000d0000000, 0x00000000d0000000)
  object space 1310720K, 87% used [0x0000000080000000,0x00000000c60b4548,0x00000000d0000000)
 Metaspace       used 249618K, capacity 254248K, committed 254336K, reserved 745472K
  class space    used 23942K, capacity 24875K, committed 24960K, reserved 516096K
2025-05-14T22:30:48.260+0900: 15459.547: [GC (Allocation Failure) [PSYoungGen: 591625K->1753K(688128K)] 1739226K->1149354K(1998848K), 0.0116733 secs] [Times: user=0.03 sys=0.00, real=0.01 secs] 
Heap after GC invocations=342 (full 2):
 PSYoungGen      total 688128K, used 1753K [0x00000000d0000000, 0x0000000100000000, 0x0000000100000000)
  eden space 589824K, 0% used [0x00000000d0000000,0x00000000d0000000,0x00000000f4000000)
  from space 98304K, 1% used [0x00000000fa000000,0x00000000fa1b6490,0x0000000100000000)
  to   space 98304K, 0% used [0x00000000f4000000,0x00000000f4000000,0x00000000fa000000)
 ParOldGen       total 1310720K, used 1147601K [0x0000000080000000, 0x00000000d0000000, 0x00000000d0000000)
  object space 1310720K, 87% used [0x0000000080000000,0x00000000c60b4548,0x00000000d0000000)
 Metaspace       used 249618K, capacity 254248K, committed 254336K, reserved 745472K
  class space    used 23942K, capacity 24875K, committed 24960K, reserved 516096K
}
{Heap before GC invocations=343 (full 2):
 PSYoungGen      total 688128K, used 591577K [0x00000000d0000000, 0x0000000100000000, 0x0000000100000000)
  eden space 589824K, 100% used [0x00000000d0000000,0x00000000f4000000,0x00000000f4000000)
  from space 98304K, 1% used [0x00000000fa000000,0x00000000fa1b6490,0x0000000100000000)
  to   space 98304K, 0% used [0x00000000f4000000,0x00000000f4000000,0x00000000fa000000)
 ParOldGen       total 1310720K, used 1147601K [0x0000000080000000, 0x00000000d0000000, 0x00000000d0000000)
  object space 1310720K, 87% used [0x0000000080000000,0x00000000c60b4548,0x00000000d0000000)
 Metaspace       used 249691K, capacity 254312K, committed 254592K, reserved 747520K
  class space    used 23942K, capacity 24875K, committed 24960K, reserved 516096K
2025-05-14T22:31:49.576+0900: 15520.863: [GC (Allocation Failure) [PSYoungGen: 591577K->1785K(688128K)] 1739178K->1149394K(1998848K), 0.0114287 secs] [Times: user=0.03 sys=0.00, real=0.01 secs] 
Heap after GC invocations=343 (full 2):
 PSYoungGen      total 688128K, used 1785K [0x00000000d0000000, 0x0000000100000000, 0x0000000100000000)
  eden space 589824K, 0% used [0x00000000d0000000,0x00000000d0000000,0x00000000f4000000)
  from space 98304K, 1% used [0x00000000f4000000,0x00000000f41be4b0,0x00000000fa000000)
  to   space 98304K, 0% used [0x00000000fa000000,0x00000000fa000000,0x0000000100000000)
 ParOldGen       total 1310720K, used 1147609K [0x0000000080000000, 0x00000000d0000000, 0x00000000d0000000)
  object space 1310720K, 87% used [0x0000000080000000,0x00000000c60b6548,0x00000000d0000000)
 Metaspace       used 249691K, capacity 254312K, committed 254592K, reserved 747520K
  class space    used 23942K, capacity 24875K, committed 24960K, reserved 516096K
}
{Heap before GC invocations=344 (full 2):
 PSYoungGen      total 688128K, used 591609K [0x00000000d0000000, 0x0000000100000000, 0x0000000100000000)
  eden space 589824K, 100% used [0x00000000d0000000,0x00000000f4000000,0x00000000f4000000)
  from space 98304K, 1% used [0x00000000f4000000,0x00000000f41be4b0,0x00000000fa000000)
  to   space 98304K, 0% used [0x00000000fa000000,0x00000000fa000000,0x0000000100000000)
 ParOldGen       total 1310720K, used 1147609K [0x0000000080000000, 0x00000000d0000000, 0x00000000d0000000)
  object space 1310720K, 87% used [0x0000000080000000,0x00000000c60b6548,0x00000000d0000000)
 Metaspace       used 249694K, capacity 254312K, committed 254592K, reserved 747520K
  class space    used 23942K, capacity 24875K, committed 24960K, reserved 516096K
2025-05-14T22:32:51.661+0900: 15582.948: [GC (Allocation Failure) [PSYoungGen: 591609K->1753K(688128K)] 1739218K->1149370K(1998848K), 0.0116782 secs] [Times: user=0.02 sys=0.00, real=0.01 secs] 
Heap after GC invocations=344 (full 2):
 PSYoungGen      total 688128K, used 1753K [0x00000000d0000000, 0x0000000100000000, 0x0000000100000000)
  eden space 589824K, 0% used [0x00000000d0000000,0x00000000d0000000,0x00000000f4000000)
  from space 98304K, 1% used [0x00000000fa000000,0x00000000fa1b64b0,0x0000000100000000)
  to   space 98304K, 0% used [0x00000000f4000000,0x00000000f4000000,0x00000000fa000000)
 ParOldGen       total 1310720K, used 1147617K [0x0000000080000000, 0x00000000d0000000, 0x00000000d0000000)
  object space 1310720K, 87% used [0x0000000080000000,0x00000000c60b8548,0x00000000d0000000)
 Metaspace       used 249694K, capacity 254312K, committed 254592K, reserved 747520K
  class space    used 23942K, capacity 24875K, committed 24960K, reserved 516096K
}
{Heap before GC invocations=345 (full 2):
 PSYoungGen      total 688128K, used 591577K [0x00000000d0000000, 0x0000000100000000, 0x0000000100000000)
  eden space 589824K, 100% used [0x00000000d0000000,0x00000000f4000000,0x00000000f4000000)
  from space 98304K, 1% used [0x00000000fa000000,0x00000000fa1b64b0,0x0000000100000000)
  to   space 98304K, 0% used [0x00000000f4000000,0x00000000f4000000,0x00000000fa000000)
 ParOldGen       total 1310720K, used 1147617K [0x0000000080000000, 0x00000000d0000000, 0x00000000d0000000)
  object space 1310720K, 87% used [0x0000000080000000,0x00000000c60b8548,0x00000000d0000000)
 Metaspace       used 249695K, capacity 254312K, committed 254592K, reserved 747520K
  class space    used 23942K, capacity 24875K, committed 24960K, reserved 516096K
2025-05-14T22:33:53.866+0900: 15645.153: [GC (Allocation Failure) [PSYoungGen: 591577K->1769K(688128K)] 1739194K->1149394K(1998848K), 0.0113685 secs] [Times: user=0.03 sys=0.00, real=0.01 secs] 
Heap after GC invocations=345 (full 2):
 PSYoungGen      total 688128K, used 1769K [0x00000000d0000000, 0x0000000100000000, 0x0000000100000000)
  eden space 589824K, 0% used [0x00000000d0000000,0x00000000d0000000,0x00000000f4000000)
  from space 98304K, 1% used [0x00000000f4000000,0x00000000f41ba4a0,0x00000000fa000000)
  to   space 98304K, 0% used [0x00000000fa000000,0x00000000fa000000,0x0000000100000000)
 ParOldGen       total 1310720K, used 1147625K [0x0000000080000000, 0x00000000d0000000, 0x00000000d0000000)
  object space 1310720K, 87% used [0x0000000080000000,0x00000000c60ba548,0x00000000d0000000)
 Metaspace       used 249695K, capacity 254312K, committed 254592K, reserved 747520K
  class space    used 23942K, capacity 24875K, committed 24960K, reserved 516096K
}
{Heap before GC invocations=346 (full 2):
 PSYoungGen      total 688128K, used 591593K [0x00000000d0000000, 0x0000000100000000, 0x0000000100000000)
  eden space 589824K, 100% used [0x00000000d0000000,0x00000000f4000000,0x00000000f4000000)
  from space 98304K, 1% used [0x00000000f4000000,0x00000000f41ba4a0,0x00000000fa000000)
  to   space 98304K, 0% used [0x00000000fa000000,0x00000000fa000000,0x0000000100000000)
 ParOldGen       total 1310720K, used 1147625K [0x0000000080000000, 0x00000000d0000000, 0x00000000d0000000)
  object space 1310720K, 87% used [0x0000000080000000,0x00000000c60ba548,0x00000000d0000000)
 Metaspace       used 249696K, capacity 254312K, committed 254592K, reserved 747520K
  class space    used 23942K, capacity 24875K, committed 24960K, reserved 516096K
2025-05-14T22:34:55.420+0900: 15706.707: [GC (Allocation Failure) [PSYoungGen: 591593K->1769K(688128K)] 1739218K->1149410K(1998848K), 0.0118300 secs] [Times: user=0.03 sys=0.00, real=0.01 secs] 
Heap after GC invocations=346 (full 2):
 PSYoungGen      total 688128K, used 1769K [0x00000000d0000000, 0x0000000100000000, 0x0000000100000000)
  eden space 589824K, 0% used [0x00000000d0000000,0x00000000d0000000,0x00000000f4000000)
  from space 98304K, 1% used [0x00000000fa000000,0x00000000fa1ba4a0,0x0000000100000000)
  to   space 98304K, 0% used [0x00000000f4000000,0x00000000f4000000,0x00000000fa000000)
 ParOldGen       total 1310720K, used 1147641K [0x0000000080000000, 0x00000000d0000000, 0x00000000d0000000)
  object space 1310720K, 87% used [0x0000000080000000,0x00000000c60be548,0x00000000d0000000)
 Metaspace       used 249696K, capacity 254312K, committed 254592K, reserved 747520K
  class space    used 23942K, capacity 24875K, committed 24960K, reserved 516096K
}
{Heap before GC invocations=347 (full 2):
 PSYoungGen      total 688128K, used 591593K [0x00000000d0000000, 0x0000000100000000, 0x0000000100000000)
  eden space 589824K, 100% used [0x00000000d0000000,0x00000000f4000000,0x00000000f4000000)
  from space 98304K, 1% used [0x00000000fa000000,0x00000000fa1ba4a0,0x0000000100000000)
  to   space 98304K, 0% used [0x00000000f4000000,0x00000000f4000000,0x00000000fa000000)
 ParOldGen       total 1310720K, used 1147641K [0x0000000080000000, 0x00000000d0000000, 0x00000000d0000000)
  object space 1310720K, 87% used [0x0000000080000000,0x00000000c60be548,0x00000000d0000000)
 Metaspace       used 249698K, capacity 254312K, committed 254592K, reserved 747520K
  class space    used 23942K, capacity 24875K, committed 24960K, reserved 516096K
2025-05-14T22:35:57.277+0900: 15768.564: [GC (Allocation Failure) [PSYoungGen: 591593K->1753K(688128K)] 1739234K->1149422K(1998848K), 0.0122555 secs] [Times: user=0.03 sys=0.00, real=0.02 secs] 
Heap after GC invocations=347 (full 2):
 PSYoungGen      total 688128K, used 1753K [0x00000000d0000000, 0x0000000100000000, 0x0000000100000000)
  eden space 589824K, 0% used [0x00000000d0000000,0x00000000d0000000,0x00000000f4000000)
  from space 98304K, 1% used [0x00000000f4000000,0x00000000f41b6490,0x00000000fa000000)
  to   space 98304K, 0% used [0x00000000fa000000,0x00000000fa000000,0x0000000100000000)
 ParOldGen       total 1310720K, used 1147669K [0x0000000080000000, 0x00000000d0000000, 0x00000000d0000000)
  object space 1310720K, 87% used [0x0000000080000000,0x00000000c60c5558,0x00000000d0000000)
 Metaspace       used 249698K, capacity 254312K, committed 254592K, reserved 747520K
  class space    used 23942K, capacity 24875K, committed 24960K, reserved 516096K
}
{Heap before GC invocations=348 (full 2):
 PSYoungGen      total 688128K, used 591577K [0x00000000d0000000, 0x0000000100000000, 0x0000000100000000)
  eden space 589824K, 100% used [0x00000000d0000000,0x00000000f4000000,0x00000000f4000000)
  from space 98304K, 1% used [0x00000000f4000000,0x00000000f41b6490,0x00000000fa000000)
  to   space 98304K, 0% used [0x00000000fa000000,0x00000000fa000000,0x0000000100000000)
 ParOldGen       total 1310720K, used 1147669K [0x0000000080000000, 0x00000000d0000000, 0x00000000d0000000)
  object space 1310720K, 87% used [0x0000000080000000,0x00000000c60c5558,0x00000000d0000000)
 Metaspace       used 249740K, capacity 254408K, committed 254592K, reserved 747520K
  class space    used 23947K, capacity 24907K, committed 24960K, reserved 516096K
2025-05-14T22:36:57.412+0900: 15828.699: [GC (Allocation Failure) [PSYoungGen: 591577K->1817K(688128K)] 1739246K->1149502K(1998848K), 0.0135150 secs] [Times: user=0.03 sys=0.00, real=0.01 secs] 
Heap after GC invocations=348 (full 2):
 PSYoungGen      total 688128K, used 1817K [0x00000000d0000000, 0x0000000100000000, 0x0000000100000000)
  eden space 589824K, 0% used [0x00000000d0000000,0x00000000d0000000,0x00000000f4000000)
  from space 98304K, 1% used [0x00000000fa000000,0x00000000fa1c6490,0x0000000100000000)
  to   space 98304K, 0% used [0x00000000f4000000,0x00000000f4000000,0x00000000fa000000)
 ParOldGen       total 1310720K, used 1147685K [0x0000000080000000, 0x00000000d0000000, 0x00000000d0000000)
  object space 1310720K, 87% used [0x0000000080000000,0x00000000c60c9558,0x00000000d0000000)
 Metaspace       used 249740K, capacity 254408K, committed 254592K, reserved 747520K
  class space    used 23947K, capacity 24907K, committed 24960K, reserved 516096K
}
{Heap before GC invocations=349 (full 2):
 PSYoungGen      total 688128K, used 591641K [0x00000000d0000000, 0x0000000100000000, 0x0000000100000000)
  eden space 589824K, 100% used [0x00000000d0000000,0x00000000f4000000,0x00000000f4000000)
  from space 98304K, 1% used [0x00000000fa000000,0x00000000fa1c6490,0x0000000100000000)
  to   space 98304K, 0% used [0x00000000f4000000,0x00000000f4000000,0x00000000fa000000)
 ParOldGen       total 1310720K, used 1147685K [0x0000000080000000, 0x00000000d0000000, 0x00000000d0000000)
  object space 1310720K, 87% used [0x0000000080000000,0x00000000c60c9558,0x00000000d0000000)
 Metaspace       used 249748K, capacity 254472K, committed 254592K, reserved 747520K
  class space    used 23947K, capacity 24907K, committed 24960K, reserved 516096K
2025-05-14T22:37:56.574+0900: 15887.861: [GC (Allocation Failure) [PSYoungGen: 591641K->1744K(688128K)] 1739326K->1149461K(1998848K), 0.0120829 secs] [Times: user=0.03 sys=0.00, real=0.01 secs] 
Heap after GC invocations=349 (full 2):
 PSYoungGen      total 688128K, used 1744K [0x00000000d0000000, 0x0000000100000000, 0x0000000100000000)
  eden space 589824K, 0% used [0x00000000d0000000,0x00000000d0000000,0x00000000f4000000)
  from space 98304K, 1% used [0x00000000f4000000,0x00000000f41b4208,0x00000000fa000000)
  to   space 98304K, 0% used [0x00000000fa000000,0x00000000fa000000,0x0000000100000000)
 ParOldGen       total 1310720K, used 1147717K [0x0000000080000000, 0x00000000d0000000, 0x00000000d0000000)
  object space 1310720K, 87% used [0x0000000080000000,0x00000000c60d1558,0x00000000d0000000)
 Metaspace       used 249748K, capacity 254472K, committed 254592K, reserved 747520K
  class space    used 23947K, capacity 24907K, committed 24960K, reserved 516096K
}
{Heap before GC invocations=350 (full 2):
 PSYoungGen      total 688128K, used 591568K [0x00000000d0000000, 0x0000000100000000, 0x0000000100000000)
  eden space 589824K, 100% used [0x00000000d0000000,0x00000000f4000000,0x00000000f4000000)
  from space 98304K, 1% used [0x00000000f4000000,0x00000000f41b4208,0x00000000fa000000)
  to   space 98304K, 0% used [0x00000000fa000000,0x00000000fa000000,0x0000000100000000)
 ParOldGen       total 1310720K, used 1147717K [0x0000000080000000, 0x00000000d0000000, 0x00000000d0000000)
  object space 1310720K, 87% used [0x0000000080000000,0x00000000c60d1558,0x00000000d0000000)
 Metaspace       used 249753K, capacity 254472K, committed 254592K, reserved 747520K
  class space    used 23947K, capacity 24907K, committed 24960K, reserved 516096K
2025-05-14T22:38:54.712+0900: 15945.999: [GC (Allocation Failure) [PSYoungGen: 591568K->2064K(688128K)] 1739285K->1149797K(1998848K), 0.0125100 secs] [Times: user=0.03 sys=0.00, real=0.01 secs] 
Heap after GC invocations=350 (full 2):
 PSYoungGen      total 688128K, used 2064K [0x00000000d0000000, 0x0000000100000000, 0x0000000100000000)
  eden space 589824K, 0% used [0x00000000d0000000,0x00000000d0000000,0x00000000f4000000)
  from space 98304K, 2% used [0x00000000fa000000,0x00000000fa204070,0x0000000100000000)
  to   space 98304K, 0% used [0x00000000f4000000,0x00000000f4000000,0x00000000fa000000)
 ParOldGen       total 1310720K, used 1147733K [0x0000000080000000, 0x00000000d0000000, 0x00000000d0000000)
  object space 1310720K, 87% used [0x0000000080000000,0x00000000c60d5558,0x00000000d0000000)
 Metaspace       used 249753K, capacity 254472K, committed 254592K, reserved 747520K
  class space    used 23947K, capacity 24907K, committed 24960K, reserved 516096K
}
{Heap before GC invocations=351 (full 2):
 PSYoungGen      total 688128K, used 591888K [0x00000000d0000000, 0x0000000100000000, 0x0000000100000000)
  eden space 589824K, 100% used [0x00000000d0000000,0x00000000f4000000,0x00000000f4000000)
  from space 98304K, 2% used [0x00000000fa000000,0x00000000fa204070,0x0000000100000000)
  to   space 98304K, 0% used [0x00000000f4000000,0x00000000f4000000,0x00000000fa000000)
 ParOldGen       total 1310720K, used 1147733K [0x0000000080000000, 0x00000000d0000000, 0x00000000d0000000)
  object space 1310720K, 87% used [0x0000000080000000,0x00000000c60d5558,0x00000000d0000000)
 Metaspace       used 249759K, capacity 254472K, committed 254592K, reserved 747520K
  class space    used 23947K, capacity 24907K, committed 24960K, reserved 516096K
2025-05-14T22:39:53.880+0900: 16005.168: [GC (Allocation Failure) [PSYoungGen: 591888K->2176K(688128K)] 1739621K->1149981K(1998848K), 0.0117539 secs] [Times: user=0.03 sys=0.00, real=0.01 secs] 
Heap after GC invocations=351 (full 2):
 PSYoungGen      total 688128K, used 2176K [0x00000000d0000000, 0x0000000100000000, 0x0000000100000000)
  eden space 589824K, 0% used [0x00000000d0000000,0x00000000d0000000,0x00000000f4000000)
  from space 98304K, 2% used [0x00000000f4000000,0x00000000f4220278,0x00000000fa000000)
  to   space 98304K, 0% used [0x00000000fa000000,0x00000000fa000000,0x0000000100000000)
 ParOldGen       total 1310720K, used 1147804K [0x0000000080000000, 0x00000000d0000000, 0x00000000d0000000)
  object space 1310720K, 87% used [0x0000000080000000,0x00000000c60e71e8,0x00000000d0000000)
 Metaspace       used 249759K, capacity 254472K, committed 254592K, reserved 747520K
  class space    used 23947K, capacity 24907K, committed 24960K, reserved 516096K
}
{Heap before GC invocations=352 (full 2):
 PSYoungGen      total 688128K, used 592000K [0x00000000d0000000, 0x0000000100000000, 0x0000000100000000)
  eden space 589824K, 100% used [0x00000000d0000000,0x00000000f4000000,0x00000000f4000000)
  from space 98304K, 2% used [0x00000000f4000000,0x00000000f4220278,0x00000000fa000000)
  to   space 98304K, 0% used [0x00000000fa000000,0x00000000fa000000,0x0000000100000000)
 ParOldGen       total 1310720K, used 1147804K [0x0000000080000000, 0x00000000d0000000, 0x00000000d0000000)
  object space 1310720K, 87% used [0x0000000080000000,0x00000000c60e71e8,0x00000000d0000000)
 Metaspace       used 249760K, capacity 254472K, committed 254592K, reserved 747520K
  class space    used 23947K, capacity 24907K, committed 24960K, reserved 516096K
2025-05-14T22:40:53.198+0900: 16064.485: [GC (Allocation Failure) [PSYoungGen: 592000K->2112K(688128K)] 1739805K->1149953K(1998848K), 0.0120117 secs] [Times: user=0.02 sys=0.00, real=0.02 secs] 
Heap after GC invocations=352 (full 2):
 PSYoungGen      total 688128K, used 2112K [0x00000000d0000000, 0x0000000100000000, 0x0000000100000000)
  eden space 589824K, 0% used [0x00000000d0000000,0x00000000d0000000,0x00000000f4000000)
  from space 98304K, 2% used [0x00000000fa000000,0x00000000fa210258,0x0000000100000000)
  to   space 98304K, 0% used [0x00000000f4000000,0x00000000f4000000,0x00000000fa000000)
 ParOldGen       total 1310720K, used 1147840K [0x0000000080000000, 0x00000000d0000000, 0x00000000d0000000)
  object space 1310720K, 87% used [0x0000000080000000,0x00000000c60f01f8,0x00000000d0000000)
 Metaspace       used 249760K, capacity 254472K, committed 254592K, reserved 747520K
  class space    used 23947K, capacity 24907K, committed 24960K, reserved 516096K
}
{Heap before GC invocations=353 (full 2):
 PSYoungGen      total 688128K, used 591936K [0x00000000d0000000, 0x0000000100000000, 0x0000000100000000)
  eden space 589824K, 100% used [0x00000000d0000000,0x00000000f4000000,0x00000000f4000000)
  from space 98304K, 2% used [0x00000000fa000000,0x00000000fa210258,0x0000000100000000)
  to   space 98304K, 0% used [0x00000000f4000000,0x00000000f4000000,0x00000000fa000000)
 ParOldGen       total 1310720K, used 1147840K [0x0000000080000000, 0x00000000d0000000, 0x00000000d0000000)
  object space 1310720K, 87% used [0x0000000080000000,0x00000000c60f01f8,0x00000000d0000000)
 Metaspace       used 249775K, capacity 254472K, committed 254592K, reserved 747520K
  class space    used 23947K, capacity 24907K, committed 24960K, reserved 516096K
2025-05-14T22:41:52.228+0900: 16123.515: [GC (Allocation Failure) [PSYoungGen: 591936K->1840K(688128K)] 1739777K->1150063K(1998848K), 0.0125972 secs] [Times: user=0.03 sys=0.00, real=0.02 secs] 
Heap after GC invocations=353 (full 2):
 PSYoungGen      total 688128K, used 1840K [0x00000000d0000000, 0x0000000100000000, 0x0000000100000000)
  eden space 589824K, 0% used [0x00000000d0000000,0x00000000d0000000,0x00000000f4000000)
  from space 98304K, 1% used [0x00000000f4000000,0x00000000f41cc208,0x00000000fa000000)
  to   space 98304K, 0% used [0x00000000fa000000,0x00000000fa000000,0x0000000100000000)
 ParOldGen       total 1310720K, used 1148223K [0x0000000080000000, 0x00000000d0000000, 0x00000000d0000000)
  object space 1310720K, 87% used [0x0000000080000000,0x00000000c614fc58,0x00000000d0000000)
 Metaspace       used 249775K, capacity 254472K, committed 254592K, reserved 747520K
  class space    used 23947K, capacity 24907K, committed 24960K, reserved 516096K
}
{Heap before GC invocations=354 (full 2):
 PSYoungGen      total 688128K, used 591664K [0x00000000d0000000, 0x0000000100000000, 0x0000000100000000)
  eden space 589824K, 100% used [0x00000000d0000000,0x00000000f4000000,0x00000000f4000000)
  from space 98304K, 1% used [0x00000000f4000000,0x00000000f41cc208,0x00000000fa000000)
  to   space 98304K, 0% used [0x00000000fa000000,0x00000000fa000000,0x0000000100000000)
 ParOldGen       total 1310720K, used 1148223K [0x0000000080000000, 0x00000000d0000000, 0x00000000d0000000)
  object space 1310720K, 87% used [0x0000000080000000,0x00000000c614fc58,0x00000000d0000000)
 Metaspace       used 249800K, capacity 254490K, committed 254592K, reserved 747520K
  class space    used 23949K, capacity 24910K, committed 24960K, reserved 516096K
2025-05-14T22:42:52.352+0900: 16183.639: [GC (Allocation Failure) [PSYoungGen: 591664K->1728K(688128K)] 1739887K->1149975K(1998848K), 0.0121634 secs] [Times: user=0.03 sys=0.00, real=0.01 secs] 
Heap after GC invocations=354 (full 2):
 PSYoungGen      total 688128K, used 1728K [0x00000000d0000000, 0x0000000100000000, 0x0000000100000000)
  eden space 589824K, 0% used [0x00000000d0000000,0x00000000d0000000,0x00000000f4000000)
  from space 98304K, 1% used [0x00000000fa000000,0x00000000fa1b0080,0x0000000100000000)
  to   space 98304K, 0% used [0x00000000f4000000,0x00000000f4000000,0x00000000fa000000)
 ParOldGen       total 1310720K, used 1148247K [0x0000000080000000, 0x00000000d0000000, 0x00000000d0000000)
  object space 1310720K, 87% used [0x0000000080000000,0x00000000c6155c58,0x00000000d0000000)
 Metaspace       used 249800K, capacity 254490K, committed 254592K, reserved 747520K
  class space    used 23949K, capacity 24910K, committed 24960K, reserved 516096K
}
{Heap before GC invocations=355 (full 2):
 PSYoungGen      total 688128K, used 591552K [0x00000000d0000000, 0x0000000100000000, 0x0000000100000000)
  eden space 589824K, 100% used [0x00000000d0000000,0x00000000f4000000,0x00000000f4000000)
  from space 98304K, 1% used [0x00000000fa000000,0x00000000fa1b0080,0x0000000100000000)
  to   space 98304K, 0% used [0x00000000f4000000,0x00000000f4000000,0x00000000fa000000)
 ParOldGen       total 1310720K, used 1148247K [0x0000000080000000, 0x00000000d0000000, 0x00000000d0000000)
  object space 1310720K, 87% used [0x0000000080000000,0x00000000c6155c58,0x00000000d0000000)
 Metaspace       used 249817K, capacity 254490K, committed 254592K, reserved 747520K
  class space    used 23949K, capacity 24910K, committed 24960K, reserved 516096K
2025-05-14T22:43:50.627+0900: 16241.914: [GC (Allocation Failure) [PSYoungGen: 591552K->1952K(688128K)] 1739799K->1150215K(1998848K), 0.0122760 secs] [Times: user=0.04 sys=0.00, real=0.02 secs] 
Heap after GC invocations=355 (full 2):
 PSYoungGen      total 688128K, used 1952K [0x00000000d0000000, 0x0000000100000000, 0x0000000100000000)
  eden space 589824K, 0% used [0x00000000d0000000,0x00000000d0000000,0x00000000f4000000)
  from space 98304K, 1% used [0x00000000f4000000,0x00000000f41e8020,0x00000000fa000000)
  to   space 98304K, 0% used [0x00000000fa000000,0x00000000fa000000,0x0000000100000000)
 ParOldGen       total 1310720K, used 1148263K [0x0000000080000000, 0x00000000d0000000, 0x00000000d0000000)
  object space 1310720K, 87% used [0x0000000080000000,0x00000000c6159c58,0x00000000d0000000)
 Metaspace       used 249817K, capacity 254490K, committed 254592K, reserved 747520K
  class space    used 23949K, capacity 24910K, committed 24960K, reserved 516096K
}
{Heap before GC invocations=356 (full 2):
 PSYoungGen      total 688128K, used 591776K [0x00000000d0000000, 0x0000000100000000, 0x0000000100000000)
  eden space 589824K, 100% used [0x00000000d0000000,0x00000000f4000000,0x00000000f4000000)
  from space 98304K, 1% used [0x00000000f4000000,0x00000000f41e8020,0x00000000fa000000)
  to   space 98304K, 0% used [0x00000000fa000000,0x00000000fa000000,0x0000000100000000)
 ParOldGen       total 1310720K, used 1148263K [0x0000000080000000, 0x00000000d0000000, 0x00000000d0000000)
  object space 1310720K, 87% used [0x0000000080000000,0x00000000c6159c58,0x00000000d0000000)
 Metaspace       used 249835K, capacity 254514K, committed 254592K, reserved 747520K
  class space    used 23951K, capacity 24914K, committed 24960K, reserved 516096K
2025-05-14T22:44:49.601+0900: 16300.888: [GC (Allocation Failure) [PSYoungGen: 591776K->2048K(688128K)] 1740039K->1150452K(1998848K), 0.0119914 secs] [Times: user=0.02 sys=0.00, real=0.01 secs] 
Heap after GC invocations=356 (full 2):
 PSYoungGen      total 688128K, used 2048K [0x00000000d0000000, 0x0000000100000000, 0x0000000100000000)
  eden space 589824K, 0% used [0x00000000d0000000,0x00000000d0000000,0x00000000f4000000)
  from space 98304K, 2% used [0x00000000fa000000,0x00000000fa200020,0x0000000100000000)
  to   space 98304K, 0% used [0x00000000f4000000,0x00000000f4000000,0x00000000fa000000)
 ParOldGen       total 1310720K, used 1148404K [0x0000000080000000, 0x00000000d0000000, 0x00000000d0000000)
  object space 1310720K, 87% used [0x0000000080000000,0x00000000c617d2a0,0x00000000d0000000)
 Metaspace       used 249835K, capacity 254514K, committed 254592K, reserved 747520K
  class space    used 23951K, capacity 24914K, committed 24960K, reserved 516096K
}
{Heap before GC invocations=357 (full 2):
 PSYoungGen      total 688128K, used 591872K [0x00000000d0000000, 0x0000000100000000, 0x0000000100000000)
  eden space 589824K, 100% used [0x00000000d0000000,0x00000000f4000000,0x00000000f4000000)
  from space 98304K, 2% used [0x00000000fa000000,0x00000000fa200020,0x0000000100000000)
  to   space 98304K, 0% used [0x00000000f4000000,0x00000000f4000000,0x00000000fa000000)
 ParOldGen       total 1310720K, used 1148404K [0x0000000080000000, 0x00000000d0000000, 0x00000000d0000000)
  object space 1310720K, 87% used [0x0000000080000000,0x00000000c617d2a0,0x00000000d0000000)
 Metaspace       used 249857K, capacity 254526K, committed 254592K, reserved 747520K
  class space    used 23952K, capacity 24916K, committed 24960K, reserved 516096K
2025-05-14T22:45:47.835+0900: 16359.123: [GC (Allocation Failure) [PSYoungGen: 591872K->2409K(688128K)] 1740276K->1150838K(1998848K), 0.0124317 secs] [Times: user=0.03 sys=0.00, real=0.01 secs] 
Heap after GC invocations=357 (full 2):
 PSYoungGen      total 688128K, used 2409K [0x00000000d0000000, 0x0000000100000000, 0x0000000100000000)
  eden space 589824K, 0% used [0x00000000d0000000,0x00000000d0000000,0x00000000f4000000)
  from space 98304K, 2% used [0x00000000f4000000,0x00000000f425a678,0x00000000fa000000)
  to   space 98304K, 0% used [0x00000000fa000000,0x00000000fa000000,0x0000000100000000)
 ParOldGen       total 1310720K, used 1148428K [0x0000000080000000, 0x00000000d0000000, 0x00000000d0000000)
  object space 1310720K, 87% used [0x0000000080000000,0x00000000c61832a0,0x00000000d0000000)
 Metaspace       used 249857K, capacity 254526K, committed 254592K, reserved 747520K
  class space    used 23952K, capacity 24916K, committed 24960K, reserved 516096K
}
{Heap before GC invocations=358 (full 2):
 PSYoungGen      total 688128K, used 592233K [0x00000000d0000000, 0x0000000100000000, 0x0000000100000000)
  eden space 589824K, 100% used [0x00000000d0000000,0x00000000f4000000,0x00000000f4000000)
  from space 98304K, 2% used [0x00000000f4000000,0x00000000f425a678,0x00000000fa000000)
  to   space 98304K, 0% used [0x00000000fa000000,0x00000000fa000000,0x0000000100000000)
 ParOldGen       total 1310720K, used 1148428K [0x0000000080000000, 0x00000000d0000000, 0x00000000d0000000)
  object space 1310720K, 87% used [0x0000000080000000,0x00000000c61832a0,0x00000000d0000000)
 Metaspace       used 249877K, capacity 254590K, committed 254848K, reserved 747520K
  class space    used 23952K, capacity 24916K, committed 24960K, reserved 516096K
2025-05-14T22:46:46.956+0900: 16418.243: [GC (Allocation Failure) [PSYoungGen: 592233K->2320K(688128K)] 1740662K->1150757K(1998848K), 0.0119068 secs] [Times: user=0.02 sys=0.00, real=0.01 secs] 
Heap after GC invocations=358 (full 2):
 PSYoungGen      total 688128K, used 2320K [0x00000000d0000000, 0x0000000100000000, 0x0000000100000000)
  eden space 589824K, 0% used [0x00000000d0000000,0x00000000d0000000,0x00000000f4000000)
  from space 98304K, 2% used [0x00000000fa000000,0x00000000fa244268,0x0000000100000000)
  to   space 98304K, 0% used [0x00000000f4000000,0x00000000f4000000,0x00000000fa000000)
 ParOldGen       total 1310720K, used 1148436K [0x0000000080000000, 0x00000000d0000000, 0x00000000d0000000)
  object space 1310720K, 87% used [0x0000000080000000,0x00000000c61852a0,0x00000000d0000000)
 Metaspace       used 249877K, capacity 254590K, committed 254848K, reserved 747520K
  class space    used 23952K, capacity 24916K, committed 24960K, reserved 516096K
}
{Heap before GC invocations=359 (full 2):
 PSYoungGen      total 688128K, used 592144K [0x00000000d0000000, 0x0000000100000000, 0x0000000100000000)
  eden space 589824K, 100% used [0x00000000d0000000,0x00000000f4000000,0x00000000f4000000)
  from space 98304K, 2% used [0x00000000fa000000,0x00000000fa244268,0x0000000100000000)
  to   space 98304K, 0% used [0x00000000f4000000,0x00000000f4000000,0x00000000fa000000)
 ParOldGen       total 1310720K, used 1148436K [0x0000000080000000, 0x00000000d0000000, 0x00000000d0000000)
  object space 1310720K, 87% used [0x0000000080000000,0x00000000c61852a0,0x00000000d0000000)
 Metaspace       used 249884K, capacity 254590K, committed 254848K, reserved 747520K
  class space    used 23952K, capacity 24916K, committed 24960K, reserved 516096K
2025-05-14T22:47:45.999+0900: 16477.286: [GC (Allocation Failure) [PSYoungGen: 592144K->2256K(688128K)] 1740581K->1150700K(1998848K), 0.0118992 secs] [Times: user=0.02 sys=0.00, real=0.01 secs] 
Heap after GC invocations=359 (full 2):
 PSYoungGen      total 688128K, used 2256K [0x00000000d0000000, 0x0000000100000000, 0x0000000100000000)
  eden space 589824K, 0% used [0x00000000d0000000,0x00000000d0000000,0x00000000f4000000)
  from space 98304K, 2% used [0x00000000f4000000,0x00000000f4234070,0x00000000fa000000)
  to   space 98304K, 0% used [0x00000000fa000000,0x00000000fa000000,0x0000000100000000)
 ParOldGen       total 1310720K, used 1148444K [0x0000000080000000, 0x00000000d0000000, 0x00000000d0000000)
  object space 1310720K, 87% used [0x0000000080000000,0x00000000c61872a0,0x00000000d0000000)
 Metaspace       used 249884K, capacity 254590K, committed 254848K, reserved 747520K
  class space    used 23952K, capacity 24916K, committed 24960K, reserved 516096K
}
{Heap before GC invocations=360 (full 2):
 PSYoungGen      total 688128K, used 592080K [0x00000000d0000000, 0x0000000100000000, 0x0000000100000000)
  eden space 589824K, 100% used [0x00000000d0000000,0x00000000f4000000,0x00000000f4000000)
  from space 98304K, 2% used [0x00000000f4000000,0x00000000f4234070,0x00000000fa000000)
  to   space 98304K, 0% used [0x00000000fa000000,0x00000000fa000000,0x0000000100000000)
 ParOldGen       total 1310720K, used 1148444K [0x0000000080000000, 0x00000000d0000000, 0x00000000d0000000)
  object space 1310720K, 87% used [0x0000000080000000,0x00000000c61872a0,0x00000000d0000000)
 Metaspace       used 249896K, capacity 254590K, committed 254848K, reserved 747520K
  class space    used 23952K, capacity 24916K, committed 24960K, reserved 516096K
2025-05-14T22:48:45.174+0900: 16536.461: [GC (Allocation Failure) [PSYoungGen: 592080K->2288K(688128K)] 1740524K->1150765K(1998848K), 0.0136453 secs] [Times: user=0.03 sys=0.00, real=0.01 secs] 
Heap after GC invocations=360 (full 2):
 PSYoungGen      total 688128K, used 2288K [0x00000000d0000000, 0x0000000100000000, 0x0000000100000000)
  eden space 589824K, 0% used [0x00000000d0000000,0x00000000d0000000,0x00000000f4000000)
  from space 98304K, 2% used [0x00000000fa000000,0x00000000fa23c268,0x0000000100000000)
  to   space 98304K, 0% used [0x00000000f4000000,0x00000000f4000000,0x00000000fa000000)
 ParOldGen       total 1310720K, used 1148476K [0x0000000080000000, 0x00000000d0000000, 0x00000000d0000000)
  object space 1310720K, 87% used [0x0000000080000000,0x00000000c618f2a0,0x00000000d0000000)
 Metaspace       used 249896K, capacity 254590K, committed 254848K, reserved 747520K
  class space    used 23952K, capacity 24916K, committed 24960K, reserved 516096K
}
{Heap before GC invocations=361 (full 2):
 PSYoungGen      total 688128K, used 592112K [0x00000000d0000000, 0x0000000100000000, 0x0000000100000000)
  eden space 589824K, 100% used [0x00000000d0000000,0x00000000f4000000,0x00000000f4000000)
  from space 98304K, 2% used [0x00000000fa000000,0x00000000fa23c268,0x0000000100000000)
  to   space 98304K, 0% used [0x00000000f4000000,0x00000000f4000000,0x00000000fa000000)
 ParOldGen       total 1310720K, used 1148476K [0x0000000080000000, 0x00000000d0000000, 0x00000000d0000000)
  object space 1310720K, 87% used [0x0000000080000000,0x00000000c618f2a0,0x00000000d0000000)
 Metaspace       used 249897K, capacity 254590K, committed 254848K, reserved 747520K
  class space    used 23952K, capacity 24916K, committed 24960K, reserved 516096K
2025-05-14T22:49:45.896+0900: 16597.183: [GC (Allocation Failure) [PSYoungGen: 592112K->2254K(688128K)] 1740589K->1150754K(1998848K), 0.0120712 secs] [Times: user=0.04 sys=0.00, real=0.01 secs] 
Heap after GC invocations=361 (full 2):
 PSYoungGen      total 688128K, used 2254K [0x00000000d0000000, 0x0000000100000000, 0x0000000100000000)
  eden space 589824K, 0% used [0x00000000d0000000,0x00000000d0000000,0x00000000f4000000)
  from space 98304K, 2% used [0x00000000f4000000,0x00000000f4233910,0x00000000fa000000)
  to   space 98304K, 0% used [0x00000000fa000000,0x00000000fa000000,0x0000000100000000)
 ParOldGen       total 1310720K, used 1148500K [0x0000000080000000, 0x00000000d0000000, 0x00000000d0000000)
  object space 1310720K, 87% used [0x0000000080000000,0x00000000c61951f0,0x00000000d0000000)
 Metaspace       used 249897K, capacity 254590K, committed 254848K, reserved 747520K
  class space    used 23952K, capacity 24916K, committed 24960K, reserved 516096K
}
{Heap before GC invocations=362 (full 2):
 PSYoungGen      total 688128K, used 592078K [0x00000000d0000000, 0x0000000100000000, 0x0000000100000000)
  eden space 589824K, 100% used [0x00000000d0000000,0x00000000f4000000,0x00000000f4000000)
  from space 98304K, 2% used [0x00000000f4000000,0x00000000f4233910,0x00000000fa000000)
  to   space 98304K, 0% used [0x00000000fa000000,0x00000000fa000000,0x0000000100000000)
 ParOldGen       total 1310720K, used 1148500K [0x0000000080000000, 0x00000000d0000000, 0x00000000d0000000)
  object space 1310720K, 87% used [0x0000000080000000,0x00000000c61951f0,0x00000000d0000000)
 Metaspace       used 249897K, capacity 254590K, committed 254848K, reserved 747520K
  class space    used 23952K, capacity 24916K, committed 24960K, reserved 516096K
2025-05-14T22:50:46.462+0900: 16657.749: [GC (Allocation Failure) [PSYoungGen: 592078K->2222K(688128K)] 1740578K->1150738K(1998848K), 0.0121934 secs] [Times: user=0.04 sys=0.00, real=0.01 secs] 
Heap after GC invocations=362 (full 2):
 PSYoungGen      total 688128K, used 2222K [0x00000000d0000000, 0x0000000100000000, 0x0000000100000000)
  eden space 589824K, 0% used [0x00000000d0000000,0x00000000d0000000,0x00000000f4000000)
  from space 98304K, 2% used [0x00000000fa000000,0x00000000fa22b930,0x0000000100000000)
  to   space 98304K, 0% used [0x00000000f4000000,0x00000000f4000000,0x00000000fa000000)
 ParOldGen       total 1310720K, used 1148516K [0x0000000080000000, 0x00000000d0000000, 0x00000000d0000000)
  object space 1310720K, 87% used [0x0000000080000000,0x00000000c61991f0,0x00000000d0000000)
 Metaspace       used 249897K, capacity 254590K, committed 254848K, reserved 747520K
  class space    used 23952K, capacity 24916K, committed 24960K, reserved 516096K
}
{Heap before GC invocations=363 (full 2):
 PSYoungGen      total 688128K, used 592046K [0x00000000d0000000, 0x0000000100000000, 0x0000000100000000)
  eden space 589824K, 100% used [0x00000000d0000000,0x00000000f4000000,0x00000000f4000000)
  from space 98304K, 2% used [0x00000000fa000000,0x00000000fa22b930,0x0000000100000000)
  to   space 98304K, 0% used [0x00000000f4000000,0x00000000f4000000,0x00000000fa000000)
 ParOldGen       total 1310720K, used 1148516K [0x0000000080000000, 0x00000000d0000000, 0x00000000d0000000)
  object space 1310720K, 87% used [0x0000000080000000,0x00000000c61991f0,0x00000000d0000000)
 Metaspace       used 249897K, capacity 254590K, committed 254848K, reserved 747520K
  class space    used 23952K, capacity 24916K, committed 24960K, reserved 516096K
2025-05-14T22:51:44.610+0900: 16715.897: [GC (Allocation Failure) [PSYoungGen: 592046K->2222K(688128K)] 1740562K->1150790K(1998848K), 0.0119099 secs] [Times: user=0.03 sys=0.00, real=0.01 secs] 
Heap after GC invocations=363 (full 2):
 PSYoungGen      total 688128K, used 2222K [0x00000000d0000000, 0x0000000100000000, 0x0000000100000000)
  eden space 589824K, 0% used [0x00000000d0000000,0x00000000d0000000,0x00000000f4000000)
  from space 98304K, 2% used [0x00000000f4000000,0x00000000f422b910,0x00000000fa000000)
  to   space 98304K, 0% used [0x00000000fa000000,0x00000000fa000000,0x0000000100000000)
 ParOldGen       total 1310720K, used 1148568K [0x0000000080000000, 0x00000000d0000000, 0x00000000d0000000)
  object space 1310720K, 87% used [0x0000000080000000,0x00000000c61a6230,0x00000000d0000000)
 Metaspace       used 249897K, capacity 254590K, committed 254848K, reserved 747520K
  class space    used 23952K, capacity 24916K, committed 24960K, reserved 516096K
}
{Heap before GC invocations=364 (full 2):
 PSYoungGen      total 688128K, used 592046K [0x00000000d0000000, 0x0000000100000000, 0x0000000100000000)
  eden space 589824K, 100% used [0x00000000d0000000,0x00000000f4000000,0x00000000f4000000)
  from space 98304K, 2% used [0x00000000f4000000,0x00000000f422b910,0x00000000fa000000)
  to   space 98304K, 0% used [0x00000000fa000000,0x00000000fa000000,0x0000000100000000)
 ParOldGen       total 1310720K, used 1148568K [0x0000000080000000, 0x00000000d0000000, 0x00000000d0000000)
  object space 1310720K, 87% used [0x0000000080000000,0x00000000c61a6230,0x00000000d0000000)
 Metaspace       used 249903K, capacity 254602K, committed 254848K, reserved 747520K
  class space    used 23954K, capacity 24918K, committed 24960K, reserved 516096K
2025-05-14T22:52:43.743+0900: 16775.030: [GC (Allocation Failure) [PSYoungGen: 592046K->2222K(688128K)] 1740614K->1150850K(1998848K), 0.0123894 secs] [Times: user=0.03 sys=0.00, real=0.01 secs] 
Heap after GC invocations=364 (full 2):
 PSYoungGen      total 688128K, used 2222K [0x00000000d0000000, 0x0000000100000000, 0x0000000100000000)
  eden space 589824K, 0% used [0x00000000d0000000,0x00000000d0000000,0x00000000f4000000)
  from space 98304K, 2% used [0x00000000fa000000,0x00000000fa22b910,0x0000000100000000)
  to   space 98304K, 0% used [0x00000000f4000000,0x00000000f4000000,0x00000000fa000000)
 ParOldGen       total 1310720K, used 1148628K [0x0000000080000000, 0x00000000d0000000, 0x00000000d0000000)
  object space 1310720K, 87% used [0x0000000080000000,0x00000000c61b5270,0x00000000d0000000)
 Metaspace       used 249903K, capacity 254602K, committed 254848K, reserved 747520K
  class space    used 23954K, capacity 24918K, committed 24960K, reserved 516096K
}
{Heap before GC invocations=365 (full 2):
 PSYoungGen      total 688128K, used 592046K [0x00000000d0000000, 0x0000000100000000, 0x0000000100000000)
  eden space 589824K, 100% used [0x00000000d0000000,0x00000000f4000000,0x00000000f4000000)
  from space 98304K, 2% used [0x00000000fa000000,0x00000000fa22b910,0x0000000100000000)
  to   space 98304K, 0% used [0x00000000f4000000,0x00000000f4000000,0x00000000fa000000)
 ParOldGen       total 1310720K, used 1148628K [0x0000000080000000, 0x00000000d0000000, 0x00000000d0000000)
  object space 1310720K, 87% used [0x0000000080000000,0x00000000c61b5270,0x00000000d0000000)
 Metaspace       used 249903K, capacity 254602K, committed 254848K, reserved 747520K
  class space    used 23954K, capacity 24918K, committed 24960K, reserved 516096K
2025-05-14T22:53:41.886+0900: 16833.173: [GC (Allocation Failure) [PSYoungGen: 592046K->1936K(688128K)] 1740674K->1150805K(1998848K), 0.0117013 secs] [Times: user=0.03 sys=0.00, real=0.01 secs] 
Heap after GC invocations=365 (full 2):
 PSYoungGen      total 688128K, used 1936K [0x00000000d0000000, 0x0000000100000000, 0x0000000100000000)
  eden space 589824K, 0% used [0x00000000d0000000,0x00000000d0000000,0x00000000f4000000)
  from space 98304K, 1% used [0x00000000f4000000,0x00000000f41e4010,0x00000000fa000000)
  to   space 98304K, 0% used [0x00000000fa000000,0x00000000fa000000,0x0000000100000000)
 ParOldGen       total 1310720K, used 1148869K [0x0000000080000000, 0x00000000d0000000, 0x00000000d0000000)
  object space 1310720K, 87% used [0x0000000080000000,0x00000000c61f1540,0x00000000d0000000)
 Metaspace       used 249903K, capacity 254602K, committed 254848K, reserved 747520K
  class space    used 23954K, capacity 24918K, committed 24960K, reserved 516096K
}
{Heap before GC invocations=366 (full 2):
 PSYoungGen      total 688128K, used 591760K [0x00000000d0000000, 0x0000000100000000, 0x0000000100000000)
  eden space 589824K, 100% used [0x00000000d0000000,0x00000000f4000000,0x00000000f4000000)
  from space 98304K, 1% used [0x00000000f4000000,0x00000000f41e4010,0x00000000fa000000)
  to   space 98304K, 0% used [0x00000000fa000000,0x00000000fa000000,0x0000000100000000)
 ParOldGen       total 1310720K, used 1148869K [0x0000000080000000, 0x00000000d0000000, 0x00000000d0000000)
  object space 1310720K, 87% used [0x0000000080000000,0x00000000c61f1540,0x00000000d0000000)
 Metaspace       used 249906K, capacity 254602K, committed 254848K, reserved 747520K
  class space    used 23954K, capacity 24918K, committed 24960K, reserved 516096K
2025-05-14T22:54:42.155+0900: 16893.442: [GC (Allocation Failure) [PSYoungGen: 591760K->1776K(688128K)] 1740629K->1150697K(1998848K), 0.0116981 secs] [Times: user=0.03 sys=0.00, real=0.01 secs] 
Heap after GC invocations=366 (full 2):
 PSYoungGen      total 688128K, used 1776K [0x00000000d0000000, 0x0000000100000000, 0x0000000100000000)
  eden space 589824K, 0% used [0x00000000d0000000,0x00000000d0000000,0x00000000f4000000)
  from space 98304K, 1% used [0x00000000fa000000,0x00000000fa1bc010,0x0000000100000000)
  to   space 98304K, 0% used [0x00000000f4000000,0x00000000f4000000,0x00000000fa000000)
 ParOldGen       total 1310720K, used 1148921K [0x0000000080000000, 0x00000000d0000000, 0x00000000d0000000)
  object space 1310720K, 87% used [0x0000000080000000,0x00000000c61fe580,0x00000000d0000000)
 Metaspace       used 249906K, capacity 254602K, committed 254848K, reserved 747520K
  class space    used 23954K, capacity 24918K, committed 24960K, reserved 516096K
}
{Heap before GC invocations=367 (full 2):
 PSYoungGen      total 688128K, used 591600K [0x00000000d0000000, 0x0000000100000000, 0x0000000100000000)
  eden space 589824K, 100% used [0x00000000d0000000,0x00000000f4000000,0x00000000f4000000)
  from space 98304K, 1% used [0x00000000fa000000,0x00000000fa1bc010,0x0000000100000000)
  to   space 98304K, 0% used [0x00000000f4000000,0x00000000f4000000,0x00000000fa000000)
 ParOldGen       total 1310720K, used 1148921K [0x0000000080000000, 0x00000000d0000000, 0x00000000d0000000)
  object space 1310720K, 87% used [0x0000000080000000,0x00000000c61fe580,0x00000000d0000000)
 Metaspace       used 249909K, capacity 254602K, committed 254848K, reserved 747520K
  class space    used 23954K, capacity 24918K, committed 24960K, reserved 516096K
2025-05-14T22:55:43.173+0900: 16954.460: [GC (Allocation Failure) [PSYoungGen: 591600K->1856K(688128K)] 1740521K->1150813K(1998848K), 0.0117521 secs] [Times: user=0.03 sys=0.00, real=0.01 secs] 
Heap after GC invocations=367 (full 2):
 PSYoungGen      total 688128K, used 1856K [0x00000000d0000000, 0x0000000100000000, 0x0000000100000000)
  eden space 589824K, 0% used [0x00000000d0000000,0x00000000d0000000,0x00000000f4000000)
  from space 98304K, 1% used [0x00000000f4000000,0x00000000f41d0000,0x00000000fa000000)
  to   space 98304K, 0% used [0x00000000fa000000,0x00000000fa000000,0x0000000100000000)
 ParOldGen       total 1310720K, used 1148957K [0x0000000080000000, 0x00000000d0000000, 0x00000000d0000000)
  object space 1310720K, 87% used [0x0000000080000000,0x00000000c62074e0,0x00000000d0000000)
 Metaspace       used 249909K, capacity 254602K, committed 254848K, reserved 747520K
  class space    used 23954K, capacity 24918K, committed 24960K, reserved 516096K
}
{Heap before GC invocations=368 (full 2):
 PSYoungGen      total 688128K, used 591680K [0x00000000d0000000, 0x0000000100000000, 0x0000000100000000)
  eden space 589824K, 100% used [0x00000000d0000000,0x00000000f4000000,0x00000000f4000000)
  from space 98304K, 1% used [0x00000000f4000000,0x00000000f41d0000,0x00000000fa000000)
  to   space 98304K, 0% used [0x00000000fa000000,0x00000000fa000000,0x0000000100000000)
 ParOldGen       total 1310720K, used 1148957K [0x0000000080000000, 0x00000000d0000000, 0x00000000d0000000)
  object space 1310720K, 87% used [0x0000000080000000,0x00000000c62074e0,0x00000000d0000000)
 Metaspace       used 249909K, capacity 254602K, committed 254848K, reserved 747520K
  class space    used 23954K, capacity 24918K, committed 24960K, reserved 516096K
2025-05-14T22:56:45.866+0900: 17017.153: [GC (Allocation Failure) [PSYoungGen: 591680K->1760K(688128K)] 1740637K->1150749K(1998848K), 0.0113813 secs] [Times: user=0.03 sys=0.00, real=0.01 secs] 
Heap after GC invocations=368 (full 2):
 PSYoungGen      total 688128K, used 1760K [0x00000000d0000000, 0x0000000100000000, 0x0000000100000000)
  eden space 589824K, 0% used [0x00000000d0000000,0x00000000d0000000,0x00000000f4000000)
  from space 98304K, 1% used [0x00000000fa000000,0x00000000fa1b8000,0x0000000100000000)
  to   space 98304K, 0% used [0x00000000f4000000,0x00000000f4000000,0x00000000fa000000)
 ParOldGen       total 1310720K, used 1148989K [0x0000000080000000, 0x00000000d0000000, 0x00000000d0000000)
  object space 1310720K, 87% used [0x0000000080000000,0x00000000c620f4e0,0x00000000d0000000)
 Metaspace       used 249909K, capacity 254602K, committed 254848K, reserved 747520K
  class space    used 23954K, capacity 24918K, committed 24960K, reserved 516096K
}
{Heap before GC invocations=369 (full 2):
 PSYoungGen      total 688128K, used 591584K [0x00000000d0000000, 0x0000000100000000, 0x0000000100000000)
  eden space 589824K, 100% used [0x00000000d0000000,0x00000000f4000000,0x00000000f4000000)
  from space 98304K, 1% used [0x00000000fa000000,0x00000000fa1b8000,0x0000000100000000)
  to   space 98304K, 0% used [0x00000000f4000000,0x00000000f4000000,0x00000000fa000000)
 ParOldGen       total 1310720K, used 1148989K [0x0000000080000000, 0x00000000d0000000, 0x00000000d0000000)
  object space 1310720K, 87% used [0x0000000080000000,0x00000000c620f4e0,0x00000000d0000000)
 Metaspace       used 249909K, capacity 254602K, committed 254848K, reserved 747520K
  class space    used 23954K, capacity 24918K, committed 24960K, reserved 516096K
2025-05-14T22:57:46.743+0900: 17078.030: [GC (Allocation Failure) [PSYoungGen: 591584K->2081K(688128K)] 1740573K->1151138K(1998848K), 0.0120003 secs] [Times: user=0.02 sys=0.00, real=0.01 secs] 
Heap after GC invocations=369 (full 2):
 PSYoungGen      total 688128K, used 2081K [0x00000000d0000000, 0x0000000100000000, 0x0000000100000000)
  eden space 589824K, 0% used [0x00000000d0000000,0x00000000d0000000,0x00000000f4000000)
  from space 98304K, 2% used [0x00000000f4000000,0x00000000f4208420,0x00000000fa000000)
  to   space 98304K, 0% used [0x00000000fa000000,0x00000000fa000000,0x0000000100000000)
 ParOldGen       total 1310720K, used 1149057K [0x0000000080000000, 0x00000000d0000000, 0x00000000d0000000)
  object space 1310720K, 87% used [0x0000000080000000,0x00000000c6220460,0x00000000d0000000)
 Metaspace       used 249909K, capacity 254602K, committed 254848K, reserved 747520K
  class space    used 23954K, capacity 24918K, committed 24960K, reserved 516096K
}
{Heap before GC invocations=370 (full 2):
 PSYoungGen      total 688128K, used 591905K [0x00000000d0000000, 0x0000000100000000, 0x0000000100000000)
  eden space 589824K, 100% used [0x00000000d0000000,0x00000000f4000000,0x00000000f4000000)
  from space 98304K, 2% used [0x00000000f4000000,0x00000000f4208420,0x00000000fa000000)
  to   space 98304K, 0% used [0x00000000fa000000,0x00000000fa000000,0x0000000100000000)
 ParOldGen       total 1310720K, used 1149057K [0x0000000080000000, 0x00000000d0000000, 0x00000000d0000000)
  object space 1310720K, 87% used [0x0000000080000000,0x00000000c6220460,0x00000000d0000000)
 Metaspace       used 249911K, capacity 254602K, committed 254848K, reserved 747520K
  class space    used 23954K, capacity 24918K, committed 24960K, reserved 516096K
2025-05-14T22:58:48.762+0900: 17140.049: [GC (Allocation Failure) [PSYoungGen: 591905K->1857K(688128K)] 1740962K->1151138K(1998848K), 0.0118628 secs] [Times: user=0.04 sys=0.00, real=0.01 secs] 
Heap after GC invocations=370 (full 2):
 PSYoungGen      total 688128K, used 1857K [0x00000000d0000000, 0x0000000100000000, 0x0000000100000000)
  eden space 589824K, 0% used [0x00000000d0000000,0x00000000d0000000,0x00000000f4000000)
  from space 98304K, 1% used [0x00000000fa000000,0x00000000fa1d0420,0x0000000100000000)
  to   space 98304K, 0% used [0x00000000f4000000,0x00000000f4000000,0x00000000fa000000)
 ParOldGen       total 1310720K, used 1149281K [0x0000000080000000, 0x00000000d0000000, 0x00000000d0000000)
  object space 1310720K, 87% used [0x0000000080000000,0x00000000c62584e8,0x00000000d0000000)
 Metaspace       used 249911K, capacity 254602K, committed 254848K, reserved 747520K
  class space    used 23954K, capacity 24918K, committed 24960K, reserved 516096K
}
{Heap before GC invocations=371 (full 2):
 PSYoungGen      total 688128K, used 591681K [0x00000000d0000000, 0x0000000100000000, 0x0000000100000000)
  eden space 589824K, 100% used [0x00000000d0000000,0x00000000f4000000,0x00000000f4000000)
  from space 98304K, 1% used [0x00000000fa000000,0x00000000fa1d0420,0x0000000100000000)
  to   space 98304K, 0% used [0x00000000f4000000,0x00000000f4000000,0x00000000fa000000)
 ParOldGen       total 1310720K, used 1149281K [0x0000000080000000, 0x00000000d0000000, 0x00000000d0000000)
  object space 1310720K, 87% used [0x0000000080000000,0x00000000c62584e8,0x00000000d0000000)
 Metaspace       used 249914K, capacity 254602K, committed 254848K, reserved 747520K
  class space    used 23954K, capacity 24918K, committed 24960K, reserved 516096K
2025-05-14T22:59:50.916+0900: 17202.203: [GC (Allocation Failure) [PSYoungGen: 591681K->1777K(688128K)] 1740962K->1151165K(1998848K), 0.0116094 secs] [Times: user=0.03 sys=0.00, real=0.01 secs] 
Heap after GC invocations=371 (full 2):
 PSYoungGen      total 688128K, used 1777K [0x00000000d0000000, 0x0000000100000000, 0x0000000100000000)
  eden space 589824K, 0% used [0x00000000d0000000,0x00000000d0000000,0x00000000f4000000)
  from space 98304K, 1% used [0x00000000f4000000,0x00000000f41bc410,0x00000000fa000000)
  to   space 98304K, 0% used [0x00000000fa000000,0x00000000fa000000,0x0000000100000000)
 ParOldGen       total 1310720K, used 1149388K [0x0000000080000000, 0x00000000d0000000, 0x00000000d0000000)
  object space 1310720K, 87% used [0x0000000080000000,0x00000000c6273288,0x00000000d0000000)
 Metaspace       used 249914K, capacity 254602K, committed 254848K, reserved 747520K
  class space    used 23954K, capacity 24918K, committed 24960K, reserved 516096K
}
{Heap before GC invocations=372 (full 2):
 PSYoungGen      total 688128K, used 591601K [0x00000000d0000000, 0x0000000100000000, 0x0000000100000000)
  eden space 589824K, 100% used [0x00000000d0000000,0x00000000f4000000,0x00000000f4000000)
  from space 98304K, 1% used [0x00000000f4000000,0x00000000f41bc410,0x00000000fa000000)
  to   space 98304K, 0% used [0x00000000fa000000,0x00000000fa000000,0x0000000100000000)
 ParOldGen       total 1310720K, used 1149388K [0x0000000080000000, 0x00000000d0000000, 0x00000000d0000000)
  object space 1310720K, 87% used [0x0000000080000000,0x00000000c6273288,0x00000000d0000000)
 Metaspace       used 249914K, capacity 254602K, committed 254848K, reserved 747520K
  class space    used 23954K, capacity 24918K, committed 24960K, reserved 516096K
2025-05-14T23:00:53.120+0900: 17264.407: [GC (Allocation Failure) [PSYoungGen: 591601K->1426K(688128K)] 1740989K->1150998K(1998848K), 0.0115694 secs] [Times: user=0.03 sys=0.00, real=0.01 secs] 
Heap after GC invocations=372 (full 2):
 PSYoungGen      total 688128K, used 1426K [0x00000000d0000000, 0x0000000100000000, 0x0000000100000000)
  eden space 589824K, 0% used [0x00000000d0000000,0x00000000d0000000,0x00000000f4000000)
  from space 98304K, 1% used [0x00000000fa000000,0x00000000fa1648e0,0x0000000100000000)
  to   space 98304K, 0% used [0x00000000f4000000,0x00000000f4000000,0x00000000fa000000)
 ParOldGen       total 1310720K, used 1149571K [0x0000000080000000, 0x00000000d0000000, 0x00000000d0000000)
  object space 1310720K, 87% used [0x0000000080000000,0x00000000c62a0f58,0x00000000d0000000)
 Metaspace       used 249914K, capacity 254602K, committed 254848K, reserved 747520K
  class space    used 23954K, capacity 24918K, committed 24960K, reserved 516096K
}
{Heap before GC invocations=373 (full 2):
 PSYoungGen      total 688128K, used 591250K [0x00000000d0000000, 0x0000000100000000, 0x0000000100000000)
  eden space 589824K, 100% used [0x00000000d0000000,0x00000000f4000000,0x00000000f4000000)
  from space 98304K, 1% used [0x00000000fa000000,0x00000000fa1648e0,0x0000000100000000)
  to   space 98304K, 0% used [0x00000000f4000000,0x00000000f4000000,0x00000000fa000000)
 ParOldGen       total 1310720K, used 1149571K [0x0000000080000000, 0x00000000d0000000, 0x00000000d0000000)
  object space 1310720K, 87% used [0x0000000080000000,0x00000000c62a0f58,0x00000000d0000000)
 Metaspace       used 249926K, capacity 254614K, committed 254848K, reserved 747520K
  class space    used 23955K, capacity 24920K, committed 24960K, reserved 516096K
2025-05-14T23:01:55.329+0900: 17326.616: [GC (Allocation Failure) [PSYoungGen: 591250K->1456K(688128K)] 1740822K->1151099K(1998848K), 0.0117420 secs] [Times: user=0.03 sys=0.00, real=0.01 secs] 
Heap after GC invocations=373 (full 2):
 PSYoungGen      total 688128K, used 1456K [0x00000000d0000000, 0x0000000100000000, 0x0000000100000000)
  eden space 589824K, 0% used [0x00000000d0000000,0x00000000d0000000,0x00000000f4000000)
  from space 98304K, 1% used [0x00000000f4000000,0x00000000f416c010,0x00000000fa000000)
  to   space 98304K, 0% used [0x00000000fa000000,0x00000000fa000000,0x0000000100000000)
 ParOldGen       total 1310720K, used 1149643K [0x0000000080000000, 0x00000000d0000000, 0x00000000d0000000)
  object space 1310720K, 87% used [0x0000000080000000,0x00000000c62b2e48,0x00000000d0000000)
 Metaspace       used 249926K, capacity 254614K, committed 254848K, reserved 747520K
  class space    used 23955K, capacity 24920K, committed 24960K, reserved 516096K
}
{Heap before GC invocations=374 (full 2):
 PSYoungGen      total 688128K, used 591280K [0x00000000d0000000, 0x0000000100000000, 0x0000000100000000)
  eden space 589824K, 100% used [0x00000000d0000000,0x00000000f4000000,0x00000000f4000000)
  from space 98304K, 1% used [0x00000000f4000000,0x00000000f416c010,0x00000000fa000000)
  to   space 98304K, 0% used [0x00000000fa000000,0x00000000fa000000,0x0000000100000000)
 ParOldGen       total 1310720K, used 1149643K [0x0000000080000000, 0x00000000d0000000, 0x00000000d0000000)
  object space 1310720K, 87% used [0x0000000080000000,0x00000000c62b2e48,0x00000000d0000000)
 Metaspace       used 249926K, capacity 254614K, committed 254848K, reserved 747520K
  class space    used 23955K, capacity 24920K, committed 24960K, reserved 516096K
2025-05-14T23:02:56.512+0900: 17387.799: [GC (Allocation Failure) [PSYoungGen: 591280K->1362K(688128K)] 1740923K->1151089K(1998848K), 0.0123255 secs] [Times: user=0.02 sys=0.00, real=0.01 secs] 
Heap after GC invocations=374 (full 2):
 PSYoungGen      total 688128K, used 1362K [0x00000000d0000000, 0x0000000100000000, 0x0000000100000000)
  eden space 589824K, 0% used [0x00000000d0000000,0x00000000d0000000,0x00000000f4000000)
  from space 98304K, 1% used [0x00000000fa000000,0x00000000fa1548e0,0x0000000100000000)
  to   space 98304K, 0% used [0x00000000f4000000,0x00000000f4000000,0x00000000fa000000)
 ParOldGen       total 1310720K, used 1149727K [0x0000000080000000, 0x00000000d0000000, 0x00000000d0000000)
  object space 1310720K, 87% used [0x0000000080000000,0x00000000c62c7eb8,0x00000000d0000000)
 Metaspace       used 249926K, capacity 254614K, committed 254848K, reserved 747520K
  class space    used 23955K, capacity 24920K, committed 24960K, reserved 516096K
}
{Heap before GC invocations=375 (full 2):
 PSYoungGen      total 688128K, used 591186K [0x00000000d0000000, 0x0000000100000000, 0x0000000100000000)
  eden space 589824K, 100% used [0x00000000d0000000,0x00000000f4000000,0x00000000f4000000)
  from space 98304K, 1% used [0x00000000fa000000,0x00000000fa1548e0,0x0000000100000000)
  to   space 98304K, 0% used [0x00000000f4000000,0x00000000f4000000,0x00000000fa000000)
 ParOldGen       total 1310720K, used 1149727K [0x0000000080000000, 0x00000000d0000000, 0x00000000d0000000)
  object space 1310720K, 87% used [0x0000000080000000,0x00000000c62c7eb8,0x00000000d0000000)
 Metaspace       used 249927K, capacity 254614K, committed 254848K, reserved 747520K
  class space    used 23955K, capacity 24920K, committed 24960K, reserved 516096K
2025-05-14T23:03:58.730+0900: 17450.017: [GC (Allocation Failure) [PSYoungGen: 591186K->1362K(688128K)] 1740913K->1151137K(1998848K), 0.0114903 secs] [Times: user=0.03 sys=0.00, real=0.01 secs] 
Heap after GC invocations=375 (full 2):
 PSYoungGen      total 688128K, used 1362K [0x00000000d0000000, 0x0000000100000000, 0x0000000100000000)
  eden space 589824K, 0% used [0x00000000d0000000,0x00000000d0000000,0x00000000f4000000)
  from space 98304K, 1% used [0x00000000f4000000,0x00000000f41548e0,0x00000000fa000000)
  to   space 98304K, 0% used [0x00000000fa000000,0x00000000fa000000,0x0000000100000000)
 ParOldGen       total 1310720K, used 1149775K [0x0000000080000000, 0x00000000d0000000, 0x00000000d0000000)
  object space 1310720K, 87% used [0x0000000080000000,0x00000000c62d3e08,0x00000000d0000000)
 Metaspace       used 249927K, capacity 254614K, committed 254848K, reserved 747520K
  class space    used 23955K, capacity 24920K, committed 24960K, reserved 516096K
}
{Heap before GC invocations=376 (full 2):
 PSYoungGen      total 688128K, used 591186K [0x00000000d0000000, 0x0000000100000000, 0x0000000100000000)
  eden space 589824K, 100% used [0x00000000d0000000,0x00000000f4000000,0x00000000f4000000)
  from space 98304K, 1% used [0x00000000f4000000,0x00000000f41548e0,0x00000000fa000000)
  to   space 98304K, 0% used [0x00000000fa000000,0x00000000fa000000,0x0000000100000000)
 ParOldGen       total 1310720K, used 1149775K [0x0000000080000000, 0x00000000d0000000, 0x00000000d0000000)
  object space 1310720K, 87% used [0x0000000080000000,0x00000000c62d3e08,0x00000000d0000000)
 Metaspace       used 249927K, capacity 254614K, committed 254848K, reserved 747520K
  class space    used 23955K, capacity 24920K, committed 24960K, reserved 516096K
2025-05-14T23:05:00.928+0900: 17512.215: [GC (Allocation Failure) [PSYoungGen: 591186K->1298K(688128K)] 1740961K->1151121K(1998848K), 0.0117795 secs] [Times: user=0.03 sys=0.00, real=0.02 secs] 
Heap after GC invocations=376 (full 2):
 PSYoungGen      total 688128K, used 1298K [0x00000000d0000000, 0x0000000100000000, 0x0000000100000000)
  eden space 589824K, 0% used [0x00000000d0000000,0x00000000d0000000,0x00000000f4000000)
  from space 98304K, 1% used [0x00000000fa000000,0x00000000fa1448e0,0x0000000100000000)
  to   space 98304K, 0% used [0x00000000f4000000,0x00000000f4000000,0x00000000fa000000)
 ParOldGen       total 1310720K, used 1149823K [0x0000000080000000, 0x00000000d0000000, 0x00000000d0000000)
  object space 1310720K, 87% used [0x0000000080000000,0x00000000c62dfe28,0x00000000d0000000)
 Metaspace       used 249927K, capacity 254614K, committed 254848K, reserved 747520K
  class space    used 23955K, capacity 24920K, committed 24960K, reserved 516096K
}
{Heap before GC invocations=377 (full 2):
 PSYoungGen      total 688128K, used 591122K [0x00000000d0000000, 0x0000000100000000, 0x0000000100000000)
  eden space 589824K, 100% used [0x00000000d0000000,0x00000000f4000000,0x00000000f4000000)
  from space 98304K, 1% used [0x00000000fa000000,0x00000000fa1448e0,0x0000000100000000)
  to   space 98304K, 0% used [0x00000000f4000000,0x00000000f4000000,0x00000000fa000000)
 ParOldGen       total 1310720K, used 1149823K [0x0000000080000000, 0x00000000d0000000, 0x00000000d0000000)
  object space 1310720K, 87% used [0x0000000080000000,0x00000000c62dfe28,0x00000000d0000000)
 Metaspace       used 249938K, capacity 254614K, committed 254848K, reserved 747520K
  class space    used 23956K, capacity 24920K, committed 24960K, reserved 516096K
2025-05-14T23:06:02.693+0900: 17573.980: [GC (Allocation Failure) [PSYoungGen: 591122K->1356K(688128K)] 1740945K->1151223K(1998848K), 0.0116864 secs] [Times: user=0.03 sys=0.00, real=0.01 secs] 
Heap after GC invocations=377 (full 2):
 PSYoungGen      total 688128K, used 1356K [0x00000000d0000000, 0x0000000100000000, 0x0000000100000000)
  eden space 589824K, 0% used [0x00000000d0000000,0x00000000d0000000,0x00000000f4000000)
  from space 98304K, 1% used [0x00000000f4000000,0x00000000f4153078,0x00000000fa000000)
  to   space 98304K, 0% used [0x00000000fa000000,0x00000000fa000000,0x0000000100000000)
 ParOldGen       total 1310720K, used 1149867K [0x0000000080000000, 0x00000000d0000000, 0x00000000d0000000)
  object space 1310720K, 87% used [0x0000000080000000,0x00000000c62eae38,0x00000000d0000000)
 Metaspace       used 249938K, capacity 254614K, committed 254848K, reserved 747520K
  class space    used 23956K, capacity 24920K, committed 24960K, reserved 516096K
}
{Heap before GC invocations=378 (full 2):
 PSYoungGen      total 688128K, used 591180K [0x00000000d0000000, 0x0000000100000000, 0x0000000100000000)
  eden space 589824K, 100% used [0x00000000d0000000,0x00000000f4000000,0x00000000f4000000)
  from space 98304K, 1% used [0x00000000f4000000,0x00000000f4153078,0x00000000fa000000)
  to   space 98304K, 0% used [0x00000000fa000000,0x00000000fa000000,0x0000000100000000)
 ParOldGen       total 1310720K, used 1149867K [0x0000000080000000, 0x00000000d0000000, 0x00000000d0000000)
  object space 1310720K, 87% used [0x0000000080000000,0x00000000c62eae38,0x00000000d0000000)
 Metaspace       used 249938K, capacity 254614K, committed 254848K, reserved 747520K
  class space    used 23956K, capacity 24920K, committed 24960K, reserved 516096K
2025-05-14T23:07:04.426+0900: 17635.713: [GC (Allocation Failure) [PSYoungGen: 591180K->1298K(688128K)] 1741047K->1151201K(1998848K), 0.0114516 secs] [Times: user=0.03 sys=0.00, real=0.01 secs] 
Heap after GC invocations=378 (full 2):
 PSYoungGen      total 688128K, used 1298K [0x00000000d0000000, 0x0000000100000000, 0x0000000100000000)
  eden space 589824K, 0% used [0x00000000d0000000,0x00000000d0000000,0x00000000f4000000)
  from space 98304K, 1% used [0x00000000fa000000,0x00000000fa1448e0,0x0000000100000000)
  to   space 98304K, 0% used [0x00000000f4000000,0x00000000f4000000,0x00000000fa000000)
 ParOldGen       total 1310720K, used 1149903K [0x0000000080000000, 0x00000000d0000000, 0x00000000d0000000)
  object space 1310720K, 87% used [0x0000000080000000,0x00000000c62f3e48,0x00000000d0000000)
 Metaspace       used 249938K, capacity 254614K, committed 254848K, reserved 747520K
  class space    used 23956K, capacity 24920K, committed 24960K, reserved 516096K
}
{Heap before GC invocations=379 (full 2):
 PSYoungGen      total 688128K, used 591122K [0x00000000d0000000, 0x0000000100000000, 0x0000000100000000)
  eden space 589824K, 100% used [0x00000000d0000000,0x00000000f4000000,0x00000000f4000000)
  from space 98304K, 1% used [0x00000000fa000000,0x00000000fa1448e0,0x0000000100000000)
  to   space 98304K, 0% used [0x00000000f4000000,0x00000000f4000000,0x00000000fa000000)
 ParOldGen       total 1310720K, used 1149903K [0x0000000080000000, 0x00000000d0000000, 0x00000000d0000000)
  object space 1310720K, 87% used [0x0000000080000000,0x00000000c62f3e48,0x00000000d0000000)
 Metaspace       used 249938K, capacity 254614K, committed 254848K, reserved 747520K
  class space    used 23956K, capacity 24920K, committed 24960K, reserved 516096K
2025-05-14T23:08:06.528+0900: 17697.815: [GC (Allocation Failure) [PSYoungGen: 591122K->1266K(688128K)] 1741025K->1151217K(1998848K), 0.0121792 secs] [Times: user=0.03 sys=0.00, real=0.02 secs] 
Heap after GC invocations=379 (full 2):
 PSYoungGen      total 688128K, used 1266K [0x00000000d0000000, 0x0000000100000000, 0x0000000100000000)
  eden space 589824K, 0% used [0x00000000d0000000,0x00000000d0000000,0x00000000f4000000)
  from space 98304K, 1% used [0x00000000f4000000,0x00000000f413c8e0,0x00000000fa000000)
  to   space 98304K, 0% used [0x00000000fa000000,0x00000000fa000000,0x0000000100000000)
 ParOldGen       total 1310720K, used 1149951K [0x0000000080000000, 0x00000000d0000000, 0x00000000d0000000)
  object space 1310720K, 87% used [0x0000000080000000,0x00000000c62ffe88,0x00000000d0000000)
 Metaspace       used 249938K, capacity 254614K, committed 254848K, reserved 747520K
  class space    used 23956K, capacity 24920K, committed 24960K, reserved 516096K
}
{Heap before GC invocations=380 (full 2):
 PSYoungGen      total 688128K, used 591090K [0x00000000d0000000, 0x0000000100000000, 0x0000000100000000)
  eden space 589824K, 100% used [0x00000000d0000000,0x00000000f4000000,0x00000000f4000000)
  from space 98304K, 1% used [0x00000000f4000000,0x00000000f413c8e0,0x00000000fa000000)
  to   space 98304K, 0% used [0x00000000fa000000,0x00000000fa000000,0x0000000100000000)
 ParOldGen       total 1310720K, used 1149951K [0x0000000080000000, 0x00000000d0000000, 0x00000000d0000000)
  object space 1310720K, 87% used [0x0000000080000000,0x00000000c62ffe88,0x00000000d0000000)
 Metaspace       used 249943K, capacity 254614K, committed 254848K, reserved 747520K
  class space    used 23956K, capacity 24920K, committed 24960K, reserved 516096K
2025-05-14T23:09:08.700+0900: 17759.987: [GC (Allocation Failure) [PSYoungGen: 591090K->1234K(688128K)] 1741041K->1151241K(1998848K), 0.0116105 secs] [Times: user=0.03 sys=0.00, real=0.01 secs] 
Heap after GC invocations=380 (full 2):
 PSYoungGen      total 688128K, used 1234K [0x00000000d0000000, 0x0000000100000000, 0x0000000100000000)
  eden space 589824K, 0% used [0x00000000d0000000,0x00000000d0000000,0x00000000f4000000)
  from space 98304K, 1% used [0x00000000fa000000,0x00000000fa1348e0,0x0000000100000000)
  to   space 98304K, 0% used [0x00000000f4000000,0x00000000f4000000,0x00000000fa000000)
 ParOldGen       total 1310720K, used 1150007K [0x0000000080000000, 0x00000000d0000000, 0x00000000d0000000)
  object space 1310720K, 87% used [0x0000000080000000,0x00000000c630deb8,0x00000000d0000000)
 Metaspace       used 249943K, capacity 254614K, committed 254848K, reserved 747520K
  class space    used 23956K, capacity 24920K, committed 24960K, reserved 516096K
}
{Heap before GC invocations=381 (full 2):
 PSYoungGen      total 688128K, used 591058K [0x00000000d0000000, 0x0000000100000000, 0x0000000100000000)
  eden space 589824K, 100% used [0x00000000d0000000,0x00000000f4000000,0x00000000f4000000)
  from space 98304K, 1% used [0x00000000fa000000,0x00000000fa1348e0,0x0000000100000000)
  to   space 98304K, 0% used [0x00000000f4000000,0x00000000f4000000,0x00000000fa000000)
 ParOldGen       total 1310720K, used 1150007K [0x0000000080000000, 0x00000000d0000000, 0x00000000d0000000)
  object space 1310720K, 87% used [0x0000000080000000,0x00000000c630deb8,0x00000000d0000000)
 Metaspace       used 249948K, capacity 254614K, committed 254848K, reserved 747520K
  class space    used 23956K, capacity 24920K, committed 24960K, reserved 516096K
2025-05-14T23:10:10.989+0900: 17822.276: [GC (Allocation Failure) [PSYoungGen: 591058K->1202K(688128K)] 1741065K->1151241K(1998848K), 0.0124927 secs] [Times: user=0.03 sys=0.00, real=0.01 secs] 
Heap after GC invocations=381 (full 2):
 PSYoungGen      total 688128K, used 1202K [0x00000000d0000000, 0x0000000100000000, 0x0000000100000000)
  eden space 589824K, 0% used [0x00000000d0000000,0x00000000d0000000,0x00000000f4000000)
  from space 98304K, 1% used [0x00000000f4000000,0x00000000f412c8e0,0x00000000fa000000)
  to   space 98304K, 0% used [0x00000000fa000000,0x00000000fa000000,0x0000000100000000)
 ParOldGen       total 1310720K, used 1150039K [0x0000000080000000, 0x00000000d0000000, 0x00000000d0000000)
  object space 1310720K, 87% used [0x0000000080000000,0x00000000c6315eb8,0x00000000d0000000)
 Metaspace       used 249948K, capacity 254614K, committed 254848K, reserved 747520K
  class space    used 23956K, capacity 24920K, committed 24960K, reserved 516096K
}
{Heap before GC invocations=382 (full 2):
 PSYoungGen      total 688128K, used 591026K [0x00000000d0000000, 0x0000000100000000, 0x0000000100000000)
  eden space 589824K, 100% used [0x00000000d0000000,0x00000000f4000000,0x00000000f4000000)
  from space 98304K, 1% used [0x00000000f4000000,0x00000000f412c8e0,0x00000000fa000000)
  to   space 98304K, 0% used [0x00000000fa000000,0x00000000fa000000,0x0000000100000000)
 ParOldGen       total 1310720K, used 1150039K [0x0000000080000000, 0x00000000d0000000, 0x00000000d0000000)
  object space 1310720K, 87% used [0x0000000080000000,0x00000000c6315eb8,0x00000000d0000000)
 Metaspace       used 249948K, capacity 254614K, committed 254848K, reserved 747520K
  class space    used 23956K, capacity 24920K, committed 24960K, reserved 516096K
2025-05-14T23:11:12.043+0900: 17883.330: [GC (Allocation Failure) [PSYoungGen: 591026K->1154K(688128K)] 1741065K->1151241K(1998848K), 0.0122144 secs] [Times: user=0.02 sys=0.00, real=0.01 secs] 
Heap after GC invocations=382 (full 2):
 PSYoungGen      total 688128K, used 1154K [0x00000000d0000000, 0x0000000100000000, 0x0000000100000000)
  eden space 589824K, 0% used [0x00000000d0000000,0x00000000d0000000,0x00000000f4000000)
  from space 98304K, 1% used [0x00000000fa000000,0x00000000fa1208f0,0x0000000100000000)
  to   space 98304K, 0% used [0x00000000f4000000,0x00000000f4000000,0x00000000fa000000)
 ParOldGen       total 1310720K, used 1150087K [0x0000000080000000, 0x00000000d0000000, 0x00000000d0000000)
  object space 1310720K, 87% used [0x0000000080000000,0x00000000c6321ca8,0x00000000d0000000)
 Metaspace       used 249948K, capacity 254614K, committed 254848K, reserved 747520K
  class space    used 23956K, capacity 24920K, committed 24960K, reserved 516096K
}
{Heap before GC invocations=383 (full 2):
 PSYoungGen      total 688128K, used 590978K [0x00000000d0000000, 0x0000000100000000, 0x0000000100000000)
  eden space 589824K, 100% used [0x00000000d0000000,0x00000000f4000000,0x00000000f4000000)
  from space 98304K, 1% used [0x00000000fa000000,0x00000000fa1208f0,0x0000000100000000)
  to   space 98304K, 0% used [0x00000000f4000000,0x00000000f4000000,0x00000000fa000000)
 ParOldGen       total 1310720K, used 1150087K [0x0000000080000000, 0x00000000d0000000, 0x00000000d0000000)
  object space 1310720K, 87% used [0x0000000080000000,0x00000000c6321ca8,0x00000000d0000000)
 Metaspace       used 249948K, capacity 254614K, committed 254848K, reserved 747520K
  class space    used 23956K, capacity 24920K, committed 24960K, reserved 516096K
2025-05-14T23:12:14.736+0900: 17946.023: [GC (Allocation Failure) [PSYoungGen: 590978K->1202K(688128K)] 1741065K->1151289K(1998848K), 0.0120983 secs] [Times: user=0.03 sys=0.00, real=0.01 secs] 
Heap after GC invocations=383 (full 2):
 PSYoungGen      total 688128K, used 1202K [0x00000000d0000000, 0x0000000100000000, 0x0000000100000000)
  eden space 589824K, 0% used [0x00000000d0000000,0x00000000d0000000,0x00000000f4000000)
  from space 98304K, 1% used [0x00000000f4000000,0x00000000f412c8e0,0x00000000fa000000)
  to   space 98304K, 0% used [0x00000000fa000000,0x00000000fa000000,0x0000000100000000)
 ParOldGen       total 1310720K, used 1150087K [0x0000000080000000, 0x00000000d0000000, 0x00000000d0000000)
  object space 1310720K, 87% used [0x0000000080000000,0x00000000c6321ca8,0x00000000d0000000)
 Metaspace       used 249948K, capacity 254614K, committed 254848K, reserved 747520K
  class space    used 23956K, capacity 24920K, committed 24960K, reserved 516096K
}
{Heap before GC invocations=384 (full 2):
 PSYoungGen      total 688128K, used 591026K [0x00000000d0000000, 0x0000000100000000, 0x0000000100000000)
  eden space 589824K, 100% used [0x00000000d0000000,0x00000000f4000000,0x00000000f4000000)
  from space 98304K, 1% used [0x00000000f4000000,0x00000000f412c8e0,0x00000000fa000000)
  to   space 98304K, 0% used [0x00000000fa000000,0x00000000fa000000,0x0000000100000000)
 ParOldGen       total 1310720K, used 1150087K [0x0000000080000000, 0x00000000d0000000, 0x00000000d0000000)
  object space 1310720K, 87% used [0x0000000080000000,0x00000000c6321ca8,0x00000000d0000000)
 Metaspace       used 249948K, capacity 254614K, committed 254848K, reserved 747520K
  class space    used 23956K, capacity 24920K, committed 24960K, reserved 516096K
2025-05-14T23:13:16.456+0900: 18007.743: [GC (Allocation Failure) [PSYoungGen: 591026K->1170K(688128K)] 1741113K->1151305K(1998848K), 0.0115611 secs] [Times: user=0.03 sys=0.00, real=0.01 secs] 
Heap after GC invocations=384 (full 2):
 PSYoungGen      total 688128K, used 1170K [0x00000000d0000000, 0x0000000100000000, 0x0000000100000000)
  eden space 589824K, 0% used [0x00000000d0000000,0x00000000d0000000,0x00000000f4000000)
  from space 98304K, 1% used [0x00000000fa000000,0x00000000fa1248e0,0x0000000100000000)
  to   space 98304K, 0% used [0x00000000f4000000,0x00000000f4000000,0x00000000fa000000)
 ParOldGen       total 1310720K, used 1150134K [0x0000000080000000, 0x00000000d0000000, 0x00000000d0000000)
  object space 1310720K, 87% used [0x0000000080000000,0x00000000c632db48,0x00000000d0000000)
 Metaspace       used 249948K, capacity 254614K, committed 254848K, reserved 747520K
  class space    used 23956K, capacity 24920K, committed 24960K, reserved 516096K
}
{Heap before GC invocations=385 (full 2):
 PSYoungGen      total 688128K, used 590994K [0x00000000d0000000, 0x0000000100000000, 0x0000000100000000)
  eden space 589824K, 100% used [0x00000000d0000000,0x00000000f4000000,0x00000000f4000000)
  from space 98304K, 1% used [0x00000000fa000000,0x00000000fa1248e0,0x0000000100000000)
  to   space 98304K, 0% used [0x00000000f4000000,0x00000000f4000000,0x00000000fa000000)
 ParOldGen       total 1310720K, used 1150134K [0x0000000080000000, 0x00000000d0000000, 0x00000000d0000000)
  object space 1310720K, 87% used [0x0000000080000000,0x00000000c632db48,0x00000000d0000000)
 Metaspace       used 249949K, capacity 254614K, committed 254848K, reserved 747520K
  class space    used 23956K, capacity 24920K, committed 24960K, reserved 516096K
2025-05-14T23:14:18.609+0900: 18069.896: [GC (Allocation Failure) [PSYoungGen: 590994K->1170K(688128K)] 1741129K->1151321K(1998848K), 0.0121317 secs] [Times: user=0.03 sys=0.00, real=0.01 secs] 
Heap after GC invocations=385 (full 2):
 PSYoungGen      total 688128K, used 1170K [0x00000000d0000000, 0x0000000100000000, 0x0000000100000000)
  eden space 589824K, 0% used [0x00000000d0000000,0x00000000d0000000,0x00000000f4000000)
  from space 98304K, 1% used [0x00000000f4000000,0x00000000f41248e0,0x00000000fa000000)
  to   space 98304K, 0% used [0x00000000fa000000,0x00000000fa000000,0x0000000100000000)
 ParOldGen       total 1310720K, used 1150150K [0x0000000080000000, 0x00000000d0000000, 0x00000000d0000000)
  object space 1310720K, 87% used [0x0000000080000000,0x00000000c6331b48,0x00000000d0000000)
 Metaspace       used 249949K, capacity 254614K, committed 254848K, reserved 747520K
  class space    used 23956K, capacity 24920K, committed 24960K, reserved 516096K
}
{Heap before GC invocations=386 (full 2):
 PSYoungGen      total 688128K, used 590994K [0x00000000d0000000, 0x0000000100000000, 0x0000000100000000)
  eden space 589824K, 100% used [0x00000000d0000000,0x00000000f4000000,0x00000000f4000000)
  from space 98304K, 1% used [0x00000000f4000000,0x00000000f41248e0,0x00000000fa000000)
  to   space 98304K, 0% used [0x00000000fa000000,0x00000000fa000000,0x0000000100000000)
 ParOldGen       total 1310720K, used 1150150K [0x0000000080000000, 0x00000000d0000000, 0x00000000d0000000)
  object space 1310720K, 87% used [0x0000000080000000,0x00000000c6331b48,0x00000000d0000000)
 Metaspace       used 249949K, capacity 254614K, committed 254848K, reserved 747520K
  class space    used 23956K, capacity 24920K, committed 24960K, reserved 516096K
2025-05-14T23:15:20.782+0900: 18132.069: [GC (Allocation Failure) [PSYoungGen: 590994K->1138K(688128K)] 1741145K->1151320K(1998848K), 0.0114407 secs] [Times: user=0.03 sys=0.00, real=0.01 secs] 
Heap after GC invocations=386 (full 2):
 PSYoungGen      total 688128K, used 1138K [0x00000000d0000000, 0x0000000100000000, 0x0000000100000000)
  eden space 589824K, 0% used [0x00000000d0000000,0x00000000d0000000,0x00000000f4000000)
  from space 98304K, 1% used [0x00000000fa000000,0x00000000fa11c8e0,0x0000000100000000)
  to   space 98304K, 0% used [0x00000000f4000000,0x00000000f4000000,0x00000000fa000000)
 ParOldGen       total 1310720K, used 1150182K [0x0000000080000000, 0x00000000d0000000, 0x00000000d0000000)
  object space 1310720K, 87% used [0x0000000080000000,0x00000000c6339a98,0x00000000d0000000)
 Metaspace       used 249949K, capacity 254614K, committed 254848K, reserved 747520K
  class space    used 23956K, capacity 24920K, committed 24960K, reserved 516096K
}
{Heap before GC invocations=387 (full 2):
 PSYoungGen      total 688128K, used 590962K [0x00000000d0000000, 0x0000000100000000, 0x0000000100000000)
  eden space 589824K, 100% used [0x00000000d0000000,0x00000000f4000000,0x00000000f4000000)
  from space 98304K, 1% used [0x00000000fa000000,0x00000000fa11c8e0,0x0000000100000000)
  to   space 98304K, 0% used [0x00000000f4000000,0x00000000f4000000,0x00000000fa000000)
 ParOldGen       total 1310720K, used 1150182K [0x0000000080000000, 0x00000000d0000000, 0x00000000d0000000)
  object space 1310720K, 87% used [0x0000000080000000,0x00000000c6339a98,0x00000000d0000000)
 Metaspace       used 249949K, capacity 254614K, committed 254848K, reserved 747520K
  class space    used 23956K, capacity 24920K, committed 24960K, reserved 516096K
2025-05-14T23:16:22.971+0900: 18194.259: [GC (Allocation Failure) [PSYoungGen: 590962K->1138K(688128K)] 1741144K->1151352K(1998848K), 0.0114309 secs] [Times: user=0.03 sys=0.00, real=0.01 secs] 
Heap after GC invocations=387 (full 2):
 PSYoungGen      total 688128K, used 1138K [0x00000000d0000000, 0x0000000100000000, 0x0000000100000000)
  eden space 589824K, 0% used [0x00000000d0000000,0x00000000d0000000,0x00000000f4000000)
  from space 98304K, 1% used [0x00000000f4000000,0x00000000f411c8e0,0x00000000fa000000)
  to   space 98304K, 0% used [0x00000000fa000000,0x00000000fa000000,0x0000000100000000)
 ParOldGen       total 1310720K, used 1150214K [0x0000000080000000, 0x00000000d0000000, 0x00000000d0000000)
  object space 1310720K, 87% used [0x0000000080000000,0x00000000c6341a98,0x00000000d0000000)
 Metaspace       used 249949K, capacity 254614K, committed 254848K, reserved 747520K
  class space    used 23956K, capacity 24920K, committed 24960K, reserved 516096K
}
{Heap before GC invocations=388 (full 2):
 PSYoungGen      total 688128K, used 590962K [0x00000000d0000000, 0x0000000100000000, 0x0000000100000000)
  eden space 589824K, 100% used [0x00000000d0000000,0x00000000f4000000,0x00000000f4000000)
  from space 98304K, 1% used [0x00000000f4000000,0x00000000f411c8e0,0x00000000fa000000)
  to   space 98304K, 0% used [0x00000000fa000000,0x00000000fa000000,0x0000000100000000)
 ParOldGen       total 1310720K, used 1150214K [0x0000000080000000, 0x00000000d0000000, 0x00000000d0000000)
  object space 1310720K, 87% used [0x0000000080000000,0x00000000c6341a98,0x00000000d0000000)
 Metaspace       used 249949K, capacity 254614K, committed 254848K, reserved 747520K
  class space    used 23956K, capacity 24920K, committed 24960K, reserved 516096K
2025-05-14T23:17:26.158+0900: 18257.445: [GC (Allocation Failure) [PSYoungGen: 590962K->1088K(688128K)] 1741176K->1151374K(1998848K), 0.0110584 secs] [Times: user=0.03 sys=0.00, real=0.02 secs] 
Heap after GC invocations=388 (full 2):
 PSYoungGen      total 688128K, used 1088K [0x00000000d0000000, 0x0000000100000000, 0x0000000100000000)
  eden space 589824K, 0% used [0x00000000d0000000,0x00000000d0000000,0x00000000f4000000)
  from space 98304K, 1% used [0x00000000fa000000,0x00000000fa110000,0x0000000100000000)
  to   space 98304K, 0% used [0x00000000f4000000,0x00000000f4000000,0x00000000fa000000)
 ParOldGen       total 1310720K, used 1150286K [0x0000000080000000, 0x00000000d0000000, 0x00000000d0000000)
  object space 1310720K, 87% used [0x0000000080000000,0x00000000c6353a98,0x00000000d0000000)
 Metaspace       used 249949K, capacity 254614K, committed 254848K, reserved 747520K
  class space    used 23956K, capacity 24920K, committed 24960K, reserved 516096K
}
{Heap before GC invocations=389 (full 2):
 PSYoungGen      total 688128K, used 590912K [0x00000000d0000000, 0x0000000100000000, 0x0000000100000000)
  eden space 589824K, 100% used [0x00000000d0000000,0x00000000f4000000,0x00000000f4000000)
  from space 98304K, 1% used [0x00000000fa000000,0x00000000fa110000,0x0000000100000000)
  to   space 98304K, 0% used [0x00000000f4000000,0x00000000f4000000,0x00000000fa000000)
 ParOldGen       total 1310720K, used 1150286K [0x0000000080000000, 0x00000000d0000000, 0x00000000d0000000)
  object space 1310720K, 87% used [0x0000000080000000,0x00000000c6353a98,0x00000000d0000000)
 Metaspace       used 249949K, capacity 254614K, committed 254848K, reserved 747520K
  class space    used 23956K, capacity 24920K, committed 24960K, reserved 516096K
2025-05-14T23:18:28.345+0900: 18319.632: [GC (Allocation Failure) [PSYoungGen: 590912K->672K(688128K)] 1741198K->1151431K(1998848K), 0.0115136 secs] [Times: user=0.03 sys=0.00, real=0.01 secs] 
Heap after GC invocations=389 (full 2):
 PSYoungGen      total 688128K, used 672K [0x00000000d0000000, 0x0000000100000000, 0x0000000100000000)
  eden space 589824K, 0% used [0x00000000d0000000,0x00000000d0000000,0x00000000f4000000)
  from space 98304K, 0% used [0x00000000f4000000,0x00000000f40a8000,0x00000000fa000000)
  to   space 98304K, 0% used [0x00000000fa000000,0x00000000fa000000,0x0000000100000000)
 ParOldGen       total 1310720K, used 1150759K [0x0000000080000000, 0x00000000d0000000, 0x00000000d0000000)
  object space 1310720K, 87% used [0x0000000080000000,0x00000000c63c9d88,0x00000000d0000000)
 Metaspace       used 249949K, capacity 254614K, committed 254848K, reserved 747520K
  class space    used 23956K, capacity 24920K, committed 24960K, reserved 516096K
}
{Heap before GC invocations=390 (full 2):
 PSYoungGen      total 688128K, used 590496K [0x00000000d0000000, 0x0000000100000000, 0x0000000100000000)
  eden space 589824K, 100% used [0x00000000d0000000,0x00000000f4000000,0x00000000f4000000)
  from space 98304K, 0% used [0x00000000f4000000,0x00000000f40a8000,0x00000000fa000000)
  to   space 98304K, 0% used [0x00000000fa000000,0x00000000fa000000,0x0000000100000000)
 ParOldGen       total 1310720K, used 1150759K [0x0000000080000000, 0x00000000d0000000, 0x00000000d0000000)
  object space 1310720K, 87% used [0x0000000080000000,0x00000000c63c9d88,0x00000000d0000000)
 Metaspace       used 249949K, capacity 254614K, committed 254848K, reserved 747520K
  class space    used 23956K, capacity 24920K, committed 24960K, reserved 516096K
2025-05-14T23:19:30.580+0900: 18381.867: [GC (Allocation Failure) [PSYoungGen: 590496K->672K(688128K)] 1741255K->1151455K(1998848K), 0.0114963 secs] [Times: user=0.03 sys=0.00, real=0.01 secs] 
Heap after GC invocations=390 (full 2):
 PSYoungGen      total 688128K, used 672K [0x00000000d0000000, 0x0000000100000000, 0x0000000100000000)
  eden space 589824K, 0% used [0x00000000d0000000,0x00000000d0000000,0x00000000f4000000)
  from space 98304K, 0% used [0x00000000fa000000,0x00000000fa0a8000,0x0000000100000000)
  to   space 98304K, 0% used [0x00000000f4000000,0x00000000f4000000,0x00000000fa000000)
 ParOldGen       total 1310720K, used 1150783K [0x0000000080000000, 0x00000000d0000000, 0x00000000d0000000)
  object space 1310720K, 87% used [0x0000000080000000,0x00000000c63cfd88,0x00000000d0000000)
 Metaspace       used 249949K, capacity 254614K, committed 254848K, reserved 747520K
  class space    used 23956K, capacity 24920K, committed 24960K, reserved 516096K
}
{Heap before GC invocations=391 (full 2):
 PSYoungGen      total 688128K, used 590496K [0x00000000d0000000, 0x0000000100000000, 0x0000000100000000)
  eden space 589824K, 100% used [0x00000000d0000000,0x00000000f4000000,0x00000000f4000000)
  from space 98304K, 0% used [0x00000000fa000000,0x00000000fa0a8000,0x0000000100000000)
  to   space 98304K, 0% used [0x00000000f4000000,0x00000000f4000000,0x00000000fa000000)
 ParOldGen       total 1310720K, used 1150783K [0x0000000080000000, 0x00000000d0000000, 0x00000000d0000000)
  object space 1310720K, 87% used [0x0000000080000000,0x00000000c63cfd88,0x00000000d0000000)
 Metaspace       used 249949K, capacity 254614K, committed 254848K, reserved 747520K
  class space    used 23956K, capacity 24920K, committed 24960K, reserved 516096K
2025-05-14T23:20:32.777+0900: 18444.064: [GC (Allocation Failure) [PSYoungGen: 590496K->640K(688128K)] 1741279K->1151447K(1998848K), 0.0112470 secs] [Times: user=0.03 sys=0.00, real=0.01 secs] 
Heap after GC invocations=391 (full 2):
 PSYoungGen      total 688128K, used 640K [0x00000000d0000000, 0x0000000100000000, 0x0000000100000000)
  eden space 589824K, 0% used [0x00000000d0000000,0x00000000d0000000,0x00000000f4000000)
  from space 98304K, 0% used [0x00000000f4000000,0x00000000f40a0000,0x00000000fa000000)
  to   space 98304K, 0% used [0x00000000fa000000,0x00000000fa000000,0x0000000100000000)
 ParOldGen       total 1310720K, used 1150807K [0x0000000080000000, 0x00000000d0000000, 0x00000000d0000000)
  object space 1310720K, 87% used [0x0000000080000000,0x00000000c63d5d88,0x00000000d0000000)
 Metaspace       used 249949K, capacity 254614K, committed 254848K, reserved 747520K
  class space    used 23956K, capacity 24920K, committed 24960K, reserved 516096K
}
{Heap before GC invocations=392 (full 2):
 PSYoungGen      total 688128K, used 590464K [0x00000000d0000000, 0x0000000100000000, 0x0000000100000000)
  eden space 589824K, 100% used [0x00000000d0000000,0x00000000f4000000,0x00000000f4000000)
  from space 98304K, 0% used [0x00000000f4000000,0x00000000f40a0000,0x00000000fa000000)
  to   space 98304K, 0% used [0x00000000fa000000,0x00000000fa000000,0x0000000100000000)
 ParOldGen       total 1310720K, used 1150807K [0x0000000080000000, 0x00000000d0000000, 0x00000000d0000000)
  object space 1310720K, 87% used [0x0000000080000000,0x00000000c63d5d88,0x00000000d0000000)
 Metaspace       used 249949K, capacity 254614K, committed 254848K, reserved 747520K
  class space    used 23956K, capacity 24920K, committed 24960K, reserved 516096K
2025-05-14T23:21:35.917+0900: 18507.204: [GC (Allocation Failure) [PSYoungGen: 590464K->640K(688128K)] 1741271K->1151483K(1998848K), 0.0113927 secs] [Times: user=0.02 sys=0.00, real=0.01 secs] 
Heap after GC invocations=392 (full 2):
 PSYoungGen      total 688128K, used 640K [0x00000000d0000000, 0x0000000100000000, 0x0000000100000000)
  eden space 589824K, 0% used [0x00000000d0000000,0x00000000d0000000,0x00000000f4000000)
  from space 98304K, 0% used [0x00000000fa000000,0x00000000fa0a0000,0x0000000100000000)
  to   space 98304K, 0% used [0x00000000f4000000,0x00000000f4000000,0x00000000fa000000)
 ParOldGen       total 1310720K, used 1150843K [0x0000000080000000, 0x00000000d0000000, 0x00000000d0000000)
  object space 1310720K, 87% used [0x0000000080000000,0x00000000c63ded98,0x00000000d0000000)
 Metaspace       used 249949K, capacity 254614K, committed 254848K, reserved 747520K
  class space    used 23956K, capacity 24920K, committed 24960K, reserved 516096K
}
{Heap before GC invocations=393 (full 2):
 PSYoungGen      total 688128K, used 590464K [0x00000000d0000000, 0x0000000100000000, 0x0000000100000000)
  eden space 589824K, 100% used [0x00000000d0000000,0x00000000f4000000,0x00000000f4000000)
  from space 98304K, 0% used [0x00000000fa000000,0x00000000fa0a0000,0x0000000100000000)
  to   space 98304K, 0% used [0x00000000f4000000,0x00000000f4000000,0x00000000fa000000)
 ParOldGen       total 1310720K, used 1150843K [0x0000000080000000, 0x00000000d0000000, 0x00000000d0000000)
  object space 1310720K, 87% used [0x0000000080000000,0x00000000c63ded98,0x00000000d0000000)
 Metaspace       used 249949K, capacity 254614K, committed 254848K, reserved 747520K
  class space    used 23956K, capacity 24920K, committed 24960K, reserved 516096K
2025-05-14T23:22:37.206+0900: 18568.493: [GC (Allocation Failure) [PSYoungGen: 590464K->672K(688128K)] 1741307K->1151531K(1998848K), 0.0113190 secs] [Times: user=0.03 sys=0.00, real=0.01 secs] 
Heap after GC invocations=393 (full 2):
 PSYoungGen      total 688128K, used 672K [0x00000000d0000000, 0x0000000100000000, 0x0000000100000000)
  eden space 589824K, 0% used [0x00000000d0000000,0x00000000d0000000,0x00000000f4000000)
  from space 98304K, 0% used [0x00000000f4000000,0x00000000f40a8000,0x00000000fa000000)
  to   space 98304K, 0% used [0x00000000fa000000,0x00000000fa000000,0x0000000100000000)
 ParOldGen       total 1310720K, used 1150859K [0x0000000080000000, 0x00000000d0000000, 0x00000000d0000000)
  object space 1310720K, 87% used [0x0000000080000000,0x00000000c63e2d98,0x00000000d0000000)
 Metaspace       used 249949K, capacity 254614K, committed 254848K, reserved 747520K
  class space    used 23956K, capacity 24920K, committed 24960K, reserved 516096K
}
{Heap before GC invocations=394 (full 2):
 PSYoungGen      total 688128K, used 590496K [0x00000000d0000000, 0x0000000100000000, 0x0000000100000000)
  eden space 589824K, 100% used [0x00000000d0000000,0x00000000f4000000,0x00000000f4000000)
  from space 98304K, 0% used [0x00000000f4000000,0x00000000f40a8000,0x00000000fa000000)
  to   space 98304K, 0% used [0x00000000fa000000,0x00000000fa000000,0x0000000100000000)
 ParOldGen       total 1310720K, used 1150859K [0x0000000080000000, 0x00000000d0000000, 0x00000000d0000000)
  object space 1310720K, 87% used [0x0000000080000000,0x00000000c63e2d98,0x00000000d0000000)
 Metaspace       used 249949K, capacity 254614K, committed 254848K, reserved 747520K
  class space    used 23956K, capacity 24920K, committed 24960K, reserved 516096K
2025-05-14T23:23:40.376+0900: 18631.663: [GC (Allocation Failure) [PSYoungGen: 590496K->624K(688128K)] 1741355K->1151499K(1998848K), 0.0198536 secs] [Times: user=0.05 sys=0.00, real=0.02 secs] 
Heap after GC invocations=394 (full 2):
 PSYoungGen      total 688128K, used 624K [0x00000000d0000000, 0x0000000100000000, 0x0000000100000000)
  eden space 589824K, 0% used [0x00000000d0000000,0x00000000d0000000,0x00000000f4000000)
  from space 98304K, 0% used [0x00000000fa000000,0x00000000fa09c010,0x0000000100000000)
  to   space 98304K, 0% used [0x00000000f4000000,0x00000000f4000000,0x00000000fa000000)
 ParOldGen       total 1310720K, used 1150875K [0x0000000080000000, 0x00000000d0000000, 0x00000000d0000000)
  object space 1310720K, 87% used [0x0000000080000000,0x00000000c63e6d98,0x00000000d0000000)
 Metaspace       used 249949K, capacity 254614K, committed 254848K, reserved 747520K
  class space    used 23956K, capacity 24920K, committed 24960K, reserved 516096K
}
{Heap before GC invocations=395 (full 2):
 PSYoungGen      total 688128K, used 590448K [0x00000000d0000000, 0x0000000100000000, 0x0000000100000000)
  eden space 589824K, 100% used [0x00000000d0000000,0x00000000f4000000,0x00000000f4000000)
  from space 98304K, 0% used [0x00000000fa000000,0x00000000fa09c010,0x0000000100000000)
  to   space 98304K, 0% used [0x00000000f4000000,0x00000000f4000000,0x00000000fa000000)
 ParOldGen       total 1310720K, used 1150875K [0x0000000080000000, 0x00000000d0000000, 0x00000000d0000000)
  object space 1310720K, 87% used [0x0000000080000000,0x00000000c63e6d98,0x00000000d0000000)
 Metaspace       used 249949K, capacity 254614K, committed 254848K, reserved 747520K
  class space    used 23956K, capacity 24920K, committed 24960K, reserved 516096K
2025-05-14T23:24:42.569+0900: 18693.856: [GC (Allocation Failure) [PSYoungGen: 590448K->624K(688128K)] 1741323K->1151539K(1998848K), 0.0111465 secs] [Times: user=0.03 sys=0.00, real=0.01 secs] 
Heap after GC invocations=395 (full 2):
 PSYoungGen      total 688128K, used 624K [0x00000000d0000000, 0x0000000100000000, 0x0000000100000000)
  eden space 589824K, 0% used [0x00000000d0000000,0x00000000d0000000,0x00000000f4000000)
  from space 98304K, 0% used [0x00000000f4000000,0x00000000f409c010,0x00000000fa000000)
  to   space 98304K, 0% used [0x00000000fa000000,0x00000000fa000000,0x0000000100000000)
 ParOldGen       total 1310720K, used 1150915K [0x0000000080000000, 0x00000000d0000000, 0x00000000d0000000)
  object space 1310720K, 87% used [0x0000000080000000,0x00000000c63f0d98,0x00000000d0000000)
 Metaspace       used 249949K, capacity 254614K, committed 254848K, reserved 747520K
  class space    used 23956K, capacity 24920K, committed 24960K, reserved 516096K
}
{Heap before GC invocations=396 (full 2):
 PSYoungGen      total 688128K, used 590448K [0x00000000d0000000, 0x0000000100000000, 0x0000000100000000)
  eden space 589824K, 100% used [0x00000000d0000000,0x00000000f4000000,0x00000000f4000000)
  from space 98304K, 0% used [0x00000000f4000000,0x00000000f409c010,0x00000000fa000000)
  to   space 98304K, 0% used [0x00000000fa000000,0x00000000fa000000,0x0000000100000000)
 ParOldGen       total 1310720K, used 1150915K [0x0000000080000000, 0x00000000d0000000, 0x00000000d0000000)
  object space 1310720K, 87% used [0x0000000080000000,0x00000000c63f0d98,0x00000000d0000000)
 Metaspace       used 249949K, capacity 254614K, committed 254848K, reserved 747520K
  class space    used 23956K, capacity 24920K, committed 24960K, reserved 516096K
2025-05-14T23:25:43.807+0900: 18755.094: [GC (Allocation Failure) [PSYoungGen: 590448K->624K(688128K)] 1741363K->1151555K(1998848K), 0.0112151 secs] [Times: user=0.03 sys=0.00, real=0.02 secs] 
Heap after GC invocations=396 (full 2):
 PSYoungGen      total 688128K, used 624K [0x00000000d0000000, 0x0000000100000000, 0x0000000100000000)
  eden space 589824K, 0% used [0x00000000d0000000,0x00000000d0000000,0x00000000f4000000)
  from space 98304K, 0% used [0x00000000fa000000,0x00000000fa09c010,0x0000000100000000)
  to   space 98304K, 0% used [0x00000000f4000000,0x00000000f4000000,0x00000000fa000000)
 ParOldGen       total 1310720K, used 1150931K [0x0000000080000000, 0x00000000d0000000, 0x00000000d0000000)
  object space 1310720K, 87% used [0x0000000080000000,0x00000000c63f4d98,0x00000000d0000000)
 Metaspace       used 249949K, capacity 254614K, committed 254848K, reserved 747520K
  class space    used 23956K, capacity 24920K, committed 24960K, reserved 516096K
}
{Heap before GC invocations=397 (full 2):
 PSYoungGen      total 688128K, used 590448K [0x00000000d0000000, 0x0000000100000000, 0x0000000100000000)
  eden space 589824K, 100% used [0x00000000d0000000,0x00000000f4000000,0x00000000f4000000)
  from space 98304K, 0% used [0x00000000fa000000,0x00000000fa09c010,0x0000000100000000)
  to   space 98304K, 0% used [0x00000000f4000000,0x00000000f4000000,0x00000000fa000000)
 ParOldGen       total 1310720K, used 1150931K [0x0000000080000000, 0x00000000d0000000, 0x00000000d0000000)
  object space 1310720K, 87% used [0x0000000080000000,0x00000000c63f4d98,0x00000000d0000000)
 Metaspace       used 249955K, capacity 254620K, committed 254848K, reserved 747520K
  class space    used 23957K, capacity 24921K, committed 24960K, reserved 516096K
2025-05-14T23:26:45.962+0900: 18817.249: [GC (Allocation Failure) [PSYoungGen: 590448K->672K(688128K)] 1741379K->1151639K(1998848K), 0.0113166 secs] [Times: user=0.03 sys=0.00, real=0.01 secs] 
Heap after GC invocations=397 (full 2):
 PSYoungGen      total 688128K, used 672K [0x00000000d0000000, 0x0000000100000000, 0x0000000100000000)
  eden space 589824K, 0% used [0x00000000d0000000,0x00000000d0000000,0x00000000f4000000)
  from space 98304K, 0% used [0x00000000f4000000,0x00000000f40a8000,0x00000000fa000000)
  to   space 98304K, 0% used [0x00000000fa000000,0x00000000fa000000,0x0000000100000000)
 ParOldGen       total 1310720K, used 1150967K [0x0000000080000000, 0x00000000d0000000, 0x00000000d0000000)
  object space 1310720K, 87% used [0x0000000080000000,0x00000000c63fdda8,0x00000000d0000000)
 Metaspace       used 249955K, capacity 254620K, committed 254848K, reserved 747520K
  class space    used 23957K, capacity 24921K, committed 24960K, reserved 516096K
}
{Heap before GC invocations=398 (full 2):
 PSYoungGen      total 688128K, used 590496K [0x00000000d0000000, 0x0000000100000000, 0x0000000100000000)
  eden space 589824K, 100% used [0x00000000d0000000,0x00000000f4000000,0x00000000f4000000)
  from space 98304K, 0% used [0x00000000f4000000,0x00000000f40a8000,0x00000000fa000000)
  to   space 98304K, 0% used [0x00000000fa000000,0x00000000fa000000,0x0000000100000000)
 ParOldGen       total 1310720K, used 1150967K [0x0000000080000000, 0x00000000d0000000, 0x00000000d0000000)
  object space 1310720K, 87% used [0x0000000080000000,0x00000000c63fdda8,0x00000000d0000000)
 Metaspace       used 249956K, capacity 254620K, committed 254848K, reserved 747520K
  class space    used 23957K, capacity 24921K, committed 24960K, reserved 516096K
2025-05-14T23:27:48.114+0900: 18879.401: [GC (Allocation Failure) [PSYoungGen: 590496K->640K(688128K)] 1741463K->1151631K(1998848K), 0.0112494 secs] [Times: user=0.03 sys=0.00, real=0.01 secs] 
Heap after GC invocations=398 (full 2):
 PSYoungGen      total 688128K, used 640K [0x00000000d0000000, 0x0000000100000000, 0x0000000100000000)
  eden space 589824K, 0% used [0x00000000d0000000,0x00000000d0000000,0x00000000f4000000)
  from space 98304K, 0% used [0x00000000fa000000,0x00000000fa0a0000,0x0000000100000000)
  to   space 98304K, 0% used [0x00000000f4000000,0x00000000f4000000,0x00000000fa000000)
 ParOldGen       total 1310720K, used 1150991K [0x0000000080000000, 0x00000000d0000000, 0x00000000d0000000)
  object space 1310720K, 87% used [0x0000000080000000,0x00000000c6403da8,0x00000000d0000000)
 Metaspace       used 249956K, capacity 254620K, committed 254848K, reserved 747520K
  class space    used 23957K, capacity 24921K, committed 24960K, reserved 516096K
}
{Heap before GC invocations=399 (full 2):
 PSYoungGen      total 688128K, used 590464K [0x00000000d0000000, 0x0000000100000000, 0x0000000100000000)
  eden space 589824K, 100% used [0x00000000d0000000,0x00000000f4000000,0x00000000f4000000)
  from space 98304K, 0% used [0x00000000fa000000,0x00000000fa0a0000,0x0000000100000000)
  to   space 98304K, 0% used [0x00000000f4000000,0x00000000f4000000,0x00000000fa000000)
 ParOldGen       total 1310720K, used 1150991K [0x0000000080000000, 0x00000000d0000000, 0x00000000d0000000)
  object space 1310720K, 87% used [0x0000000080000000,0x00000000c6403da8,0x00000000d0000000)
 Metaspace       used 249957K, capacity 254620K, committed 254848K, reserved 747520K
  class space    used 23957K, capacity 24921K, committed 24960K, reserved 516096K
2025-05-14T23:28:49.513+0900: 18940.800: [GC (Allocation Failure) [PSYoungGen: 590464K->733K(688128K)] 1741455K->1151741K(1998848K), 0.0113949 secs] [Times: user=0.03 sys=0.00, real=0.01 secs] 
Heap after GC invocations=399 (full 2):
 PSYoungGen      total 688128K, used 733K [0x00000000d0000000, 0x0000000100000000, 0x0000000100000000)
  eden space 589824K, 0% used [0x00000000d0000000,0x00000000d0000000,0x00000000f4000000)
  from space 98304K, 0% used [0x00000000f4000000,0x00000000f40b77f0,0x00000000fa000000)
  to   space 98304K, 0% used [0x00000000fa000000,0x00000000fa000000,0x0000000100000000)
 ParOldGen       total 1310720K, used 1151007K [0x0000000080000000, 0x00000000d0000000, 0x00000000d0000000)
  object space 1310720K, 87% used [0x0000000080000000,0x00000000c6407da8,0x00000000d0000000)
 Metaspace       used 249957K, capacity 254620K, committed 254848K, reserved 747520K
  class space    used 23957K, capacity 24921K, committed 24960K, reserved 516096K
}
{Heap before GC invocations=400 (full 2):
 PSYoungGen      total 688128K, used 590557K [0x00000000d0000000, 0x0000000100000000, 0x0000000100000000)
  eden space 589824K, 100% used [0x00000000d0000000,0x00000000f4000000,0x00000000f4000000)
  from space 98304K, 0% used [0x00000000f4000000,0x00000000f40b77f0,0x00000000fa000000)
  to   space 98304K, 0% used [0x00000000fa000000,0x00000000fa000000,0x0000000100000000)
 ParOldGen       total 1310720K, used 1151007K [0x0000000080000000, 0x00000000d0000000, 0x00000000d0000000)
  object space 1310720K, 87% used [0x0000000080000000,0x00000000c6407da8,0x00000000d0000000)
 Metaspace       used 249957K, capacity 254620K, committed 254848K, reserved 747520K
  class space    used 23957K, capacity 24921K, committed 24960K, reserved 516096K
2025-05-14T23:29:51.485+0900: 19002.772: [GC (Allocation Failure) [PSYoungGen: 590557K->672K(688128K)] 1741565K->1151703K(1998848K), 0.0115321 secs] [Times: user=0.03 sys=0.00, real=0.01 secs] 
Heap after GC invocations=400 (full 2):
 PSYoungGen      total 688128K, used 672K [0x00000000d0000000, 0x0000000100000000, 0x0000000100000000)
  eden space 589824K, 0% used [0x00000000d0000000,0x00000000d0000000,0x00000000f4000000)
  from space 98304K, 0% used [0x00000000fa000000,0x00000000fa0a8020,0x0000000100000000)
  to   space 98304K, 0% used [0x00000000f4000000,0x00000000f4000000,0x00000000fa000000)
 ParOldGen       total 1310720K, used 1151031K [0x0000000080000000, 0x00000000d0000000, 0x00000000d0000000)
  object space 1310720K, 87% used [0x0000000080000000,0x00000000c640dda8,0x00000000d0000000)
 Metaspace       used 249957K, capacity 254620K, committed 254848K, reserved 747520K
  class space    used 23957K, capacity 24921K, committed 24960K, reserved 516096K
}
{Heap before GC invocations=401 (full 2):
 PSYoungGen      total 688128K, used 590496K [0x00000000d0000000, 0x0000000100000000, 0x0000000100000000)
  eden space 589824K, 100% used [0x00000000d0000000,0x00000000f4000000,0x00000000f4000000)
  from space 98304K, 0% used [0x00000000fa000000,0x00000000fa0a8020,0x0000000100000000)
  to   space 98304K, 0% used [0x00000000f4000000,0x00000000f4000000,0x00000000fa000000)
 ParOldGen       total 1310720K, used 1151031K [0x0000000080000000, 0x00000000d0000000, 0x00000000d0000000)
  object space 1310720K, 87% used [0x0000000080000000,0x00000000c640dda8,0x00000000d0000000)
 Metaspace       used 249957K, capacity 254620K, committed 254848K, reserved 747520K
  class space    used 23957K, capacity 24921K, committed 24960K, reserved 516096K
2025-05-14T23:30:53.837+0900: 19065.124: [GC (Allocation Failure) [PSYoungGen: 590496K->704K(688128K)] 1741527K->1151751K(1998848K), 0.0122949 secs] [Times: user=0.04 sys=0.00, real=0.02 secs] 
Heap after GC invocations=401 (full 2):
 PSYoungGen      total 688128K, used 704K [0x00000000d0000000, 0x0000000100000000, 0x0000000100000000)
  eden space 589824K, 0% used [0x00000000d0000000,0x00000000d0000000,0x00000000f4000000)
  from space 98304K, 0% used [0x00000000f4000000,0x00000000f40b0020,0x00000000fa000000)
  to   space 98304K, 0% used [0x00000000fa000000,0x00000000fa000000,0x0000000100000000)
 ParOldGen       total 1310720K, used 1151047K [0x0000000080000000, 0x00000000d0000000, 0x00000000d0000000)
  object space 1310720K, 87% used [0x0000000080000000,0x00000000c6411da8,0x00000000d0000000)
 Metaspace       used 249957K, capacity 254620K, committed 254848K, reserved 747520K
  class space    used 23957K, capacity 24921K, committed 24960K, reserved 516096K
}
{Heap before GC invocations=402 (full 2):
 PSYoungGen      total 688128K, used 590528K [0x00000000d0000000, 0x0000000100000000, 0x0000000100000000)
  eden space 589824K, 100% used [0x00000000d0000000,0x00000000f4000000,0x00000000f4000000)
  from space 98304K, 0% used [0x00000000f4000000,0x00000000f40b0020,0x00000000fa000000)
  to   space 98304K, 0% used [0x00000000fa000000,0x00000000fa000000,0x0000000100000000)
 ParOldGen       total 1310720K, used 1151047K [0x0000000080000000, 0x00000000d0000000, 0x00000000d0000000)
  object space 1310720K, 87% used [0x0000000080000000,0x00000000c6411da8,0x00000000d0000000)
 Metaspace       used 249957K, capacity 254620K, committed 254848K, reserved 747520K
  class space    used 23957K, capacity 24921K, committed 24960K, reserved 516096K
2025-05-14T23:31:55.872+0900: 19127.159: [GC (Allocation Failure) [PSYoungGen: 590528K->704K(688128K)] 1741575K->1151775K(1998848K), 0.0115733 secs] [Times: user=0.03 sys=0.00, real=0.01 secs] 
Heap after GC invocations=402 (full 2):
 PSYoungGen      total 688128K, used 704K [0x00000000d0000000, 0x0000000100000000, 0x0000000100000000)
  eden space 589824K, 0% used [0x00000000d0000000,0x00000000d0000000,0x00000000f4000000)
  from space 98304K, 0% used [0x00000000fa000000,0x00000000fa0b0020,0x0000000100000000)
  to   space 98304K, 0% used [0x00000000f4000000,0x00000000f4000000,0x00000000fa000000)
 ParOldGen       total 1310720K, used 1151071K [0x0000000080000000, 0x00000000d0000000, 0x00000000d0000000)
  object space 1310720K, 87% used [0x0000000080000000,0x00000000c6417da8,0x00000000d0000000)
 Metaspace       used 249957K, capacity 254620K, committed 254848K, reserved 747520K
  class space    used 23957K, capacity 24921K, committed 24960K, reserved 516096K
}
{Heap before GC invocations=403 (full 2):
 PSYoungGen      total 688128K, used 590528K [0x00000000d0000000, 0x0000000100000000, 0x0000000100000000)
  eden space 589824K, 100% used [0x00000000d0000000,0x00000000f4000000,0x00000000f4000000)
  from space 98304K, 0% used [0x00000000fa000000,0x00000000fa0b0020,0x0000000100000000)
  to   space 98304K, 0% used [0x00000000f4000000,0x00000000f4000000,0x00000000fa000000)
 ParOldGen       total 1310720K, used 1151071K [0x0000000080000000, 0x00000000d0000000, 0x00000000d0000000)
  object space 1310720K, 87% used [0x0000000080000000,0x00000000c6417da8,0x00000000d0000000)
 Metaspace       used 249957K, capacity 254620K, committed 254848K, reserved 747520K
  class space    used 23957K, capacity 24921K, committed 24960K, reserved 516096K
2025-05-14T23:32:58.099+0900: 19189.386: [GC (Allocation Failure) [PSYoungGen: 590528K->704K(688128K)] 1741599K->1151799K(1998848K), 0.0113623 secs] [Times: user=0.03 sys=0.00, real=0.01 secs] 
Heap after GC invocations=403 (full 2):
 PSYoungGen      total 688128K, used 704K [0x00000000d0000000, 0x0000000100000000, 0x0000000100000000)
  eden space 589824K, 0% used [0x00000000d0000000,0x00000000d0000000,0x00000000f4000000)
  from space 98304K, 0% used [0x00000000f4000000,0x00000000f40b0020,0x00000000fa000000)
  to   space 98304K, 0% used [0x00000000fa000000,0x00000000fa000000,0x0000000100000000)
 ParOldGen       total 1310720K, used 1151095K [0x0000000080000000, 0x00000000d0000000, 0x00000000d0000000)
  object space 1310720K, 87% used [0x0000000080000000,0x00000000c641dda8,0x00000000d0000000)
 Metaspace       used 249957K, capacity 254620K, committed 254848K, reserved 747520K
  class space    used 23957K, capacity 24921K, committed 24960K, reserved 516096K
}
{Heap before GC invocations=404 (full 2):
 PSYoungGen      total 688128K, used 590528K [0x00000000d0000000, 0x0000000100000000, 0x0000000100000000)
  eden space 589824K, 100% used [0x00000000d0000000,0x00000000f4000000,0x00000000f4000000)
  from space 98304K, 0% used [0x00000000f4000000,0x00000000f40b0020,0x00000000fa000000)
  to   space 98304K, 0% used [0x00000000fa000000,0x00000000fa000000,0x0000000100000000)
 ParOldGen       total 1310720K, used 1151095K [0x0000000080000000, 0x00000000d0000000, 0x00000000d0000000)
  object space 1310720K, 87% used [0x0000000080000000,0x00000000c641dda8,0x00000000d0000000)
 Metaspace       used 249957K, capacity 254620K, committed 254848K, reserved 747520K
  class space    used 23957K, capacity 24921K, committed 24960K, reserved 516096K
2025-05-14T23:33:59.278+0900: 19250.565: [GC (Allocation Failure) [PSYoungGen: 590528K->640K(688128K)] 1741623K->1151743K(1998848K), 0.0113974 secs] [Times: user=0.03 sys=0.00, real=0.02 secs] 
Heap after GC invocations=404 (full 2):
 PSYoungGen      total 688128K, used 640K [0x00000000d0000000, 0x0000000100000000, 0x0000000100000000)
  eden space 589824K, 0% used [0x00000000d0000000,0x00000000d0000000,0x00000000f4000000)
  from space 98304K, 0% used [0x00000000fa000000,0x00000000fa0a0000,0x0000000100000000)
  to   space 98304K, 0% used [0x00000000f4000000,0x00000000f4000000,0x00000000fa000000)
 ParOldGen       total 1310720K, used 1151103K [0x0000000080000000, 0x00000000d0000000, 0x00000000d0000000)
  object space 1310720K, 87% used [0x0000000080000000,0x00000000c641fda8,0x00000000d0000000)
 Metaspace       used 249957K, capacity 254620K, committed 254848K, reserved 747520K
  class space    used 23957K, capacity 24921K, committed 24960K, reserved 516096K
}
{Heap before GC invocations=405 (full 2):
 PSYoungGen      total 688128K, used 590464K [0x00000000d0000000, 0x0000000100000000, 0x0000000100000000)
  eden space 589824K, 100% used [0x00000000d0000000,0x00000000f4000000,0x00000000f4000000)
  from space 98304K, 0% used [0x00000000fa000000,0x00000000fa0a0000,0x0000000100000000)
  to   space 98304K, 0% used [0x00000000f4000000,0x00000000f4000000,0x00000000fa000000)
 ParOldGen       total 1310720K, used 1151103K [0x0000000080000000, 0x00000000d0000000, 0x00000000d0000000)
  object space 1310720K, 87% used [0x0000000080000000,0x00000000c641fda8,0x00000000d0000000)
 Metaspace       used 249957K, capacity 254620K, committed 254848K, reserved 747520K
  class space    used 23957K, capacity 24921K, committed 24960K, reserved 516096K
2025-05-14T23:35:01.361+0900: 19312.648: [GC (Allocation Failure) [PSYoungGen: 590464K->749K(688128K)] 1741567K->1151877K(1998848K), 0.0113663 secs] [Times: user=0.03 sys=0.00, real=0.01 secs] 
Heap after GC invocations=405 (full 2):
 PSYoungGen      total 688128K, used 749K [0x00000000d0000000, 0x0000000100000000, 0x0000000100000000)
  eden space 589824K, 0% used [0x00000000d0000000,0x00000000d0000000,0x00000000f4000000)
  from space 98304K, 0% used [0x00000000f4000000,0x00000000f40bb7e0,0x00000000fa000000)
  to   space 98304K, 0% used [0x00000000fa000000,0x00000000fa000000,0x0000000100000000)
 ParOldGen       total 1310720K, used 1151127K [0x0000000080000000, 0x00000000d0000000, 0x00000000d0000000)
  object space 1310720K, 87% used [0x0000000080000000,0x00000000c6425da8,0x00000000d0000000)
 Metaspace       used 249957K, capacity 254620K, committed 254848K, reserved 747520K
  class space    used 23957K, capacity 24921K, committed 24960K, reserved 516096K
}
{Heap before GC invocations=406 (full 2):
 PSYoungGen      total 688128K, used 590573K [0x00000000d0000000, 0x0000000100000000, 0x0000000100000000)
  eden space 589824K, 100% used [0x00000000d0000000,0x00000000f4000000,0x00000000f4000000)
  from space 98304K, 0% used [0x00000000f4000000,0x00000000f40bb7e0,0x00000000fa000000)
  to   space 98304K, 0% used [0x00000000fa000000,0x00000000fa000000,0x0000000100000000)
 ParOldGen       total 1310720K, used 1151127K [0x0000000080000000, 0x00000000d0000000, 0x00000000d0000000)
  object space 1310720K, 87% used [0x0000000080000000,0x00000000c6425da8,0x00000000d0000000)
 Metaspace       used 249963K, capacity 254620K, committed 254848K, reserved 747520K
  class space    used 23957K, capacity 24921K, committed 24960K, reserved 516096K
2025-05-14T23:36:01.957+0900: 19373.244: [GC (Allocation Failure) [PSYoungGen: 590573K->802K(688128K)] 1741701K->1151937K(1998848K), 0.0116035 secs] [Times: user=0.03 sys=0.00, real=0.02 secs] 
Heap after GC invocations=406 (full 2):
 PSYoungGen      total 688128K, used 802K [0x00000000d0000000, 0x0000000100000000, 0x0000000100000000)
  eden space 589824K, 0% used [0x00000000d0000000,0x00000000d0000000,0x00000000f4000000)
  from space 98304K, 0% used [0x00000000fa000000,0x00000000fa0c8960,0x0000000100000000)
  to   space 98304K, 0% used [0x00000000f4000000,0x00000000f4000000,0x00000000fa000000)
 ParOldGen       total 1310720K, used 1151135K [0x0000000080000000, 0x00000000d0000000, 0x00000000d0000000)
  object space 1310720K, 87% used [0x0000000080000000,0x00000000c6427da8,0x00000000d0000000)
 Metaspace       used 249963K, capacity 254620K, committed 254848K, reserved 747520K
  class space    used 23957K, capacity 24921K, committed 24960K, reserved 516096K
}
{Heap before GC invocations=407 (full 2):
 PSYoungGen      total 688128K, used 590626K [0x00000000d0000000, 0x0000000100000000, 0x0000000100000000)
  eden space 589824K, 100% used [0x00000000d0000000,0x00000000f4000000,0x00000000f4000000)
  from space 98304K, 0% used [0x00000000fa000000,0x00000000fa0c8960,0x0000000100000000)
  to   space 98304K, 0% used [0x00000000f4000000,0x00000000f4000000,0x00000000fa000000)
 ParOldGen       total 1310720K, used 1151135K [0x0000000080000000, 0x00000000d0000000, 0x00000000d0000000)
  object space 1310720K, 87% used [0x0000000080000000,0x00000000c6427da8,0x00000000d0000000)
 Metaspace       used 249965K, capacity 254620K, committed 254848K, reserved 747520K
  class space    used 23957K, capacity 24921K, committed 24960K, reserved 516096K
2025-05-14T23:37:01.815+0900: 19433.102: [GC (Allocation Failure) [PSYoungGen: 590626K->1070K(688128K)] 1741761K->1152229K(1998848K), 0.0113082 secs] [Times: user=0.03 sys=0.00, real=0.01 secs] 
Heap after GC invocations=407 (full 2):
 PSYoungGen      total 688128K, used 1070K [0x00000000d0000000, 0x0000000100000000, 0x0000000100000000)
  eden space 589824K, 0% used [0x00000000d0000000,0x00000000d0000000,0x00000000f4000000)
  from space 98304K, 1% used [0x00000000f4000000,0x00000000f410b8b0,0x00000000fa000000)
  to   space 98304K, 0% used [0x00000000fa000000,0x00000000fa000000,0x0000000100000000)
 ParOldGen       total 1310720K, used 1151159K [0x0000000080000000, 0x00000000d0000000, 0x00000000d0000000)
  object space 1310720K, 87% used [0x0000000080000000,0x00000000c642dda8,0x00000000d0000000)
 Metaspace       used 249965K, capacity 254620K, committed 254848K, reserved 747520K
  class space    used 23957K, capacity 24921K, committed 24960K, reserved 516096K
}
{Heap before GC invocations=408 (full 2):
 PSYoungGen      total 688128K, used 590894K [0x00000000d0000000, 0x0000000100000000, 0x0000000100000000)
  eden space 589824K, 100% used [0x00000000d0000000,0x00000000f4000000,0x00000000f4000000)
  from space 98304K, 1% used [0x00000000f4000000,0x00000000f410b8b0,0x00000000fa000000)
  to   space 98304K, 0% used [0x00000000fa000000,0x00000000fa000000,0x0000000100000000)
 ParOldGen       total 1310720K, used 1151159K [0x0000000080000000, 0x00000000d0000000, 0x00000000d0000000)
  object space 1310720K, 87% used [0x0000000080000000,0x00000000c642dda8,0x00000000d0000000)
 Metaspace       used 249985K, capacity 254684K, committed 254848K, reserved 747520K
  class space    used 23957K, capacity 24921K, committed 24960K, reserved 516096K
2025-05-14T23:37:59.766+0900: 19491.053: [GC (Allocation Failure) [PSYoungGen: 590894K->1402K(688128K)] 1742053K->1152569K(1998848K), 0.0116180 secs] [Times: user=0.03 sys=0.00, real=0.01 secs] 
Heap after GC invocations=408 (full 2):
 PSYoungGen      total 688128K, used 1402K [0x00000000d0000000, 0x0000000100000000, 0x0000000100000000)
  eden space 589824K, 0% used [0x00000000d0000000,0x00000000d0000000,0x00000000f4000000)
  from space 98304K, 1% used [0x00000000fa000000,0x00000000fa15e868,0x0000000100000000)
  to   space 98304K, 0% used [0x00000000f4000000,0x00000000f4000000,0x00000000fa000000)
 ParOldGen       total 1310720K, used 1151167K [0x0000000080000000, 0x00000000d0000000, 0x00000000d0000000)
  object space 1310720K, 87% used [0x0000000080000000,0x00000000c642fda8,0x00000000d0000000)
 Metaspace       used 249985K, capacity 254684K, committed 254848K, reserved 747520K
  class space    used 23957K, capacity 24921K, committed 24960K, reserved 516096K
}
{Heap before GC invocations=409 (full 2):
 PSYoungGen      total 688128K, used 591226K [0x00000000d0000000, 0x0000000100000000, 0x0000000100000000)
  eden space 589824K, 100% used [0x00000000d0000000,0x00000000f4000000,0x00000000f4000000)
  from space 98304K, 1% used [0x00000000fa000000,0x00000000fa15e868,0x0000000100000000)
  to   space 98304K, 0% used [0x00000000f4000000,0x00000000f4000000,0x00000000fa000000)
 ParOldGen       total 1310720K, used 1151167K [0x0000000080000000, 0x00000000d0000000, 0x00000000d0000000)
  object space 1310720K, 87% used [0x0000000080000000,0x00000000c642fda8,0x00000000d0000000)
 Metaspace       used 249985K, capacity 254684K, committed 254848K, reserved 747520K
  class space    used 23957K, capacity 24921K, committed 24960K, reserved 516096K
2025-05-14T23:39:01.951+0900: 19553.238: [GC (Allocation Failure) [PSYoungGen: 591226K->1386K(688128K)] 1742393K->1152577K(1998848K), 0.0113794 secs] [Times: user=0.03 sys=0.00, real=0.01 secs] 
Heap after GC invocations=409 (full 2):
 PSYoungGen      total 688128K, used 1386K [0x00000000d0000000, 0x0000000100000000, 0x0000000100000000)
  eden space 589824K, 0% used [0x00000000d0000000,0x00000000d0000000,0x00000000f4000000)
  from space 98304K, 1% used [0x00000000f4000000,0x00000000f415a878,0x00000000fa000000)
  to   space 98304K, 0% used [0x00000000fa000000,0x00000000fa000000,0x0000000100000000)
 ParOldGen       total 1310720K, used 1151191K [0x0000000080000000, 0x00000000d0000000, 0x00000000d0000000)
  object space 1310720K, 87% used [0x0000000080000000,0x00000000c6435da8,0x00000000d0000000)
 Metaspace       used 249985K, capacity 254684K, committed 254848K, reserved 747520K
  class space    used 23957K, capacity 24921K, committed 24960K, reserved 516096K
}
{Heap before GC invocations=410 (full 2):
 PSYoungGen      total 688128K, used 591210K [0x00000000d0000000, 0x0000000100000000, 0x0000000100000000)
  eden space 589824K, 100% used [0x00000000d0000000,0x00000000f4000000,0x00000000f4000000)
  from space 98304K, 1% used [0x00000000f4000000,0x00000000f415a878,0x00000000fa000000)
  to   space 98304K, 0% used [0x00000000fa000000,0x00000000fa000000,0x0000000100000000)
 ParOldGen       total 1310720K, used 1151191K [0x0000000080000000, 0x00000000d0000000, 0x00000000d0000000)
  object space 1310720K, 87% used [0x0000000080000000,0x00000000c6435da8,0x00000000d0000000)
 Metaspace       used 249986K, capacity 254684K, committed 254848K, reserved 747520K
  class space    used 23957K, capacity 24921K, committed 24960K, reserved 516096K
2025-05-14T23:40:04.137+0900: 19615.424: [GC (Allocation Failure) [PSYoungGen: 591210K->1370K(688128K)] 1742401K->1152585K(1998848K), 0.0113609 secs] [Times: user=0.03 sys=0.00, real=0.02 secs] 
Heap after GC invocations=410 (full 2):
 PSYoungGen      total 688128K, used 1370K [0x00000000d0000000, 0x0000000100000000, 0x0000000100000000)
  eden space 589824K, 0% used [0x00000000d0000000,0x00000000d0000000,0x00000000f4000000)
  from space 98304K, 1% used [0x00000000fa000000,0x00000000fa156868,0x0000000100000000)
  to   space 98304K, 0% used [0x00000000f4000000,0x00000000f4000000,0x00000000fa000000)
 ParOldGen       total 1310720K, used 1151215K [0x0000000080000000, 0x00000000d0000000, 0x00000000d0000000)
  object space 1310720K, 87% used [0x0000000080000000,0x00000000c643bda8,0x00000000d0000000)
 Metaspace       used 249986K, capacity 254684K, committed 254848K, reserved 747520K
  class space    used 23957K, capacity 24921K, committed 24960K, reserved 516096K
}
{Heap before GC invocations=411 (full 2):
 PSYoungGen      total 688128K, used 591194K [0x00000000d0000000, 0x0000000100000000, 0x0000000100000000)
  eden space 589824K, 100% used [0x00000000d0000000,0x00000000f4000000,0x00000000f4000000)
  from space 98304K, 1% used [0x00000000fa000000,0x00000000fa156868,0x0000000100000000)
  to   space 98304K, 0% used [0x00000000f4000000,0x00000000f4000000,0x00000000fa000000)
 ParOldGen       total 1310720K, used 1151215K [0x0000000080000000, 0x00000000d0000000, 0x00000000d0000000)
  object space 1310720K, 87% used [0x0000000080000000,0x00000000c643bda8,0x00000000d0000000)
 Metaspace       used 249989K, capacity 254684K, committed 254848K, reserved 747520K
  class space    used 23957K, capacity 24921K, committed 24960K, reserved 516096K
2025-05-14T23:41:06.706+0900: 19677.993: [GC (Allocation Failure) [PSYoungGen: 591194K->1370K(688128K)] 1742409K->1152609K(1998848K), 0.0114592 secs] [Times: user=0.03 sys=0.00, real=0.01 secs] 
Heap after GC invocations=411 (full 2):
 PSYoungGen      total 688128K, used 1370K [0x00000000d0000000, 0x0000000100000000, 0x0000000100000000)
  eden space 589824K, 0% used [0x00000000d0000000,0x00000000d0000000,0x00000000f4000000)
  from space 98304K, 1% used [0x00000000f4000000,0x00000000f4156868,0x00000000fa000000)
  to   space 98304K, 0% used [0x00000000fa000000,0x00000000fa000000,0x0000000100000000)
 ParOldGen       total 1310720K, used 1151239K [0x0000000080000000, 0x00000000d0000000, 0x00000000d0000000)
  object space 1310720K, 87% used [0x0000000080000000,0x00000000c6441da8,0x00000000d0000000)
 Metaspace       used 249989K, capacity 254684K, committed 254848K, reserved 747520K
  class space    used 23957K, capacity 24921K, committed 24960K, reserved 516096K
}
{Heap before GC invocations=412 (full 2):
 PSYoungGen      total 688128K, used 591194K [0x00000000d0000000, 0x0000000100000000, 0x0000000100000000)
  eden space 589824K, 100% used [0x00000000d0000000,0x00000000f4000000,0x00000000f4000000)
  from space 98304K, 1% used [0x00000000f4000000,0x00000000f4156868,0x00000000fa000000)
  to   space 98304K, 0% used [0x00000000fa000000,0x00000000fa000000,0x0000000100000000)
 ParOldGen       total 1310720K, used 1151239K [0x0000000080000000, 0x00000000d0000000, 0x00000000d0000000)
  object space 1310720K, 87% used [0x0000000080000000,0x00000000c6441da8,0x00000000d0000000)
 Metaspace       used 249989K, capacity 254684K, committed 254848K, reserved 747520K
  class space    used 23957K, capacity 24921K, committed 24960K, reserved 516096K
2025-05-14T23:42:08.592+0900: 19739.879: [GC (Allocation Failure) [PSYoungGen: 591194K->1370K(688128K)] 1742433K->1152641K(1998848K), 0.0112804 secs] [Times: user=0.03 sys=0.00, real=0.01 secs] 
Heap after GC invocations=412 (full 2):
 PSYoungGen      total 688128K, used 1370K [0x00000000d0000000, 0x0000000100000000, 0x0000000100000000)
  eden space 589824K, 0% used [0x00000000d0000000,0x00000000d0000000,0x00000000f4000000)
  from space 98304K, 1% used [0x00000000fa000000,0x00000000fa156868,0x0000000100000000)
  to   space 98304K, 0% used [0x00000000f4000000,0x00000000f4000000,0x00000000fa000000)
 ParOldGen       total 1310720K, used 1151271K [0x0000000080000000, 0x00000000d0000000, 0x00000000d0000000)
  object space 1310720K, 87% used [0x0000000080000000,0x00000000c6449da8,0x00000000d0000000)
 Metaspace       used 249989K, capacity 254684K, committed 254848K, reserved 747520K
  class space    used 23957K, capacity 24921K, committed 24960K, reserved 516096K
}
{Heap before GC invocations=413 (full 2):
 PSYoungGen      total 688128K, used 591194K [0x00000000d0000000, 0x0000000100000000, 0x0000000100000000)
  eden space 589824K, 100% used [0x00000000d0000000,0x00000000f4000000,0x00000000f4000000)
  from space 98304K, 1% used [0x00000000fa000000,0x00000000fa156868,0x0000000100000000)
  to   space 98304K, 0% used [0x00000000f4000000,0x00000000f4000000,0x00000000fa000000)
 ParOldGen       total 1310720K, used 1151271K [0x0000000080000000, 0x00000000d0000000, 0x00000000d0000000)
  object space 1310720K, 87% used [0x0000000080000000,0x00000000c6449da8,0x00000000d0000000)
 Metaspace       used 249989K, capacity 254684K, committed 254848K, reserved 747520K
  class space    used 23957K, capacity 24921K, committed 24960K, reserved 516096K
2025-05-14T23:43:10.707+0900: 19801.995: [GC (Allocation Failure) [PSYoungGen: 591194K->1354K(688128K)] 1742465K->1152649K(1998848K), 0.0119019 secs] [Times: user=0.03 sys=0.00, real=0.02 secs] 
Heap after GC invocations=413 (full 2):
 PSYoungGen      total 688128K, used 1354K [0x00000000d0000000, 0x0000000100000000, 0x0000000100000000)
  eden space 589824K, 0% used [0x00000000d0000000,0x00000000d0000000,0x00000000f4000000)
  from space 98304K, 1% used [0x00000000f4000000,0x00000000f4152878,0x00000000fa000000)
  to   space 98304K, 0% used [0x00000000fa000000,0x00000000fa000000,0x0000000100000000)
 ParOldGen       total 1310720K, used 1151295K [0x0000000080000000, 0x00000000d0000000, 0x00000000d0000000)
  object space 1310720K, 87% used [0x0000000080000000,0x00000000c644fda8,0x00000000d0000000)
 Metaspace       used 249989K, capacity 254684K, committed 254848K, reserved 747520K
  class space    used 23957K, capacity 24921K, committed 24960K, reserved 516096K
}
{Heap before GC invocations=414 (full 2):
 PSYoungGen      total 688128K, used 591178K [0x00000000d0000000, 0x0000000100000000, 0x0000000100000000)
  eden space 589824K, 100% used [0x00000000d0000000,0x00000000f4000000,0x00000000f4000000)
  from space 98304K, 1% used [0x00000000f4000000,0x00000000f4152878,0x00000000fa000000)
  to   space 98304K, 0% used [0x00000000fa000000,0x00000000fa000000,0x0000000100000000)
 ParOldGen       total 1310720K, used 1151295K [0x0000000080000000, 0x00000000d0000000, 0x00000000d0000000)
  object space 1310720K, 87% used [0x0000000080000000,0x00000000c644fda8,0x00000000d0000000)
 Metaspace       used 249993K, capacity 254696K, committed 254848K, reserved 747520K
  class space    used 23958K, capacity 24923K, committed 24960K, reserved 516096K
2025-05-14T23:44:11.840+0900: 19863.127: [GC (Allocation Failure) [PSYoungGen: 591178K->1468K(688128K)] 1742473K->1152795K(1998848K), 0.0121515 secs] [Times: user=0.03 sys=0.00, real=0.01 secs] 
Heap after GC invocations=414 (full 2):
 PSYoungGen      total 688128K, used 1468K [0x00000000d0000000, 0x0000000100000000, 0x0000000100000000)
  eden space 589824K, 0% used [0x00000000d0000000,0x00000000d0000000,0x00000000f4000000)
  from space 98304K, 1% used [0x00000000fa000000,0x00000000fa16f008,0x0000000100000000)
  to   space 98304K, 0% used [0x00000000f4000000,0x00000000f4000000,0x00000000fa000000)
 ParOldGen       total 1310720K, used 1151327K [0x0000000080000000, 0x00000000d0000000, 0x00000000d0000000)
  object space 1310720K, 87% used [0x0000000080000000,0x00000000c6457da8,0x00000000d0000000)
 Metaspace       used 249993K, capacity 254696K, committed 254848K, reserved 747520K
  class space    used 23958K, capacity 24923K, committed 24960K, reserved 516096K
}
{Heap before GC invocations=415 (full 2):
 PSYoungGen      total 688128K, used 591292K [0x00000000d0000000, 0x0000000100000000, 0x0000000100000000)
  eden space 589824K, 100% used [0x00000000d0000000,0x00000000f4000000,0x00000000f4000000)
  from space 98304K, 1% used [0x00000000fa000000,0x00000000fa16f008,0x0000000100000000)
  to   space 98304K, 0% used [0x00000000f4000000,0x00000000f4000000,0x00000000fa000000)
 ParOldGen       total 1310720K, used 1151327K [0x0000000080000000, 0x00000000d0000000, 0x00000000d0000000)
  object space 1310720K, 87% used [0x0000000080000000,0x00000000c6457da8,0x00000000d0000000)
 Metaspace       used 249997K, capacity 254696K, committed 254848K, reserved 747520K
  class space    used 23958K, capacity 24923K, committed 24960K, reserved 516096K
2025-05-14T23:45:12.022+0900: 19923.309: [GC (Allocation Failure) [PSYoungGen: 591292K->1857K(688128K)] 1742619K->1153208K(1998848K), 0.0116680 secs] [Times: user=0.03 sys=0.00, real=0.01 secs] 
Heap after GC invocations=415 (full 2):
 PSYoungGen      total 688128K, used 1857K [0x00000000d0000000, 0x0000000100000000, 0x0000000100000000)
  eden space 589824K, 0% used [0x00000000d0000000,0x00000000d0000000,0x00000000f4000000)
  from space 98304K, 1% used [0x00000000f4000000,0x00000000f41d0420,0x00000000fa000000)
  to   space 98304K, 0% used [0x00000000fa000000,0x00000000fa000000,0x0000000100000000)
 ParOldGen       total 1310720K, used 1151351K [0x0000000080000000, 0x00000000d0000000, 0x00000000d0000000)
  object space 1310720K, 87% used [0x0000000080000000,0x00000000c645dda8,0x00000000d0000000)
 Metaspace       used 249997K, capacity 254696K, committed 254848K, reserved 747520K
  class space    used 23958K, capacity 24923K, committed 24960K, reserved 516096K
}
{Heap before GC invocations=416 (full 2):
 PSYoungGen      total 688128K, used 591681K [0x00000000d0000000, 0x0000000100000000, 0x0000000100000000)
  eden space 589824K, 100% used [0x00000000d0000000,0x00000000f4000000,0x00000000f4000000)
  from space 98304K, 1% used [0x00000000f4000000,0x00000000f41d0420,0x00000000fa000000)
  to   space 98304K, 0% used [0x00000000fa000000,0x00000000fa000000,0x0000000100000000)
 ParOldGen       total 1310720K, used 1151351K [0x0000000080000000, 0x00000000d0000000, 0x00000000d0000000)
  object space 1310720K, 87% used [0x0000000080000000,0x00000000c645dda8,0x00000000d0000000)
 Metaspace       used 249998K, capacity 254696K, committed 254848K, reserved 747520K
  class space    used 23958K, capacity 24923K, committed 24960K, reserved 516096K
2025-05-14T23:46:14.192+0900: 19985.479: [GC (Allocation Failure) [PSYoungGen: 591681K->1904K(688128K)] 1743032K->1153272K(1998848K), 0.0115962 secs] [Times: user=0.03 sys=0.00, real=0.01 secs] 
Heap after GC invocations=416 (full 2):
 PSYoungGen      total 688128K, used 1904K [0x00000000d0000000, 0x0000000100000000, 0x0000000100000000)
  eden space 589824K, 0% used [0x00000000d0000000,0x00000000d0000000,0x00000000f4000000)
  from space 98304K, 1% used [0x00000000fa000000,0x00000000fa1dc2e0,0x0000000100000000)
  to   space 98304K, 0% used [0x00000000f4000000,0x00000000f4000000,0x00000000fa000000)
 ParOldGen       total 1310720K, used 1151367K [0x0000000080000000, 0x00000000d0000000, 0x00000000d0000000)
  object space 1310720K, 87% used [0x0000000080000000,0x00000000c6461da8,0x00000000d0000000)
 Metaspace       used 249998K, capacity 254696K, committed 254848K, reserved 747520K
  class space    used 23958K, capacity 24923K, committed 24960K, reserved 516096K
}
{Heap before GC invocations=417 (full 2):
 PSYoungGen      total 688128K, used 591728K [0x00000000d0000000, 0x0000000100000000, 0x0000000100000000)
  eden space 589824K, 100% used [0x00000000d0000000,0x00000000f4000000,0x00000000f4000000)
  from space 98304K, 1% used [0x00000000fa000000,0x00000000fa1dc2e0,0x0000000100000000)
  to   space 98304K, 0% used [0x00000000f4000000,0x00000000f4000000,0x00000000fa000000)
 ParOldGen       total 1310720K, used 1151367K [0x0000000080000000, 0x00000000d0000000, 0x00000000d0000000)
  object space 1310720K, 87% used [0x0000000080000000,0x00000000c6461da8,0x00000000d0000000)
 Metaspace       used 249998K, capacity 254696K, committed 254848K, reserved 747520K
  class space    used 23958K, capacity 24923K, committed 24960K, reserved 516096K
2025-05-14T23:47:16.502+0900: 20047.789: [GC (Allocation Failure) [PSYoungGen: 591728K->1904K(688128K)] 1743096K->1153288K(1998848K), 0.0118164 secs] [Times: user=0.03 sys=0.00, real=0.01 secs] 
Heap after GC invocations=417 (full 2):
 PSYoungGen      total 688128K, used 1904K [0x00000000d0000000, 0x0000000100000000, 0x0000000100000000)
  eden space 589824K, 0% used [0x00000000d0000000,0x00000000d0000000,0x00000000f4000000)
  from space 98304K, 1% used [0x00000000f4000000,0x00000000f41dc2e0,0x00000000fa000000)
  to   space 98304K, 0% used [0x00000000fa000000,0x00000000fa000000,0x0000000100000000)
 ParOldGen       total 1310720K, used 1151383K [0x0000000080000000, 0x00000000d0000000, 0x00000000d0000000)
  object space 1310720K, 87% used [0x0000000080000000,0x00000000c6465da8,0x00000000d0000000)
 Metaspace       used 249998K, capacity 254696K, committed 254848K, reserved 747520K
  class space    used 23958K, capacity 24923K, committed 24960K, reserved 516096K
}
{Heap before GC invocations=418 (full 2):
 PSYoungGen      total 688128K, used 591728K [0x00000000d0000000, 0x0000000100000000, 0x0000000100000000)
  eden space 589824K, 100% used [0x00000000d0000000,0x00000000f4000000,0x00000000f4000000)
  from space 98304K, 1% used [0x00000000f4000000,0x00000000f41dc2e0,0x00000000fa000000)
  to   space 98304K, 0% used [0x00000000fa000000,0x00000000fa000000,0x0000000100000000)
 ParOldGen       total 1310720K, used 1151383K [0x0000000080000000, 0x00000000d0000000, 0x00000000d0000000)
  object space 1310720K, 87% used [0x0000000080000000,0x00000000c6465da8,0x00000000d0000000)
 Metaspace       used 249998K, capacity 254696K, committed 254848K, reserved 747520K
  class space    used 23958K, capacity 24923K, committed 24960K, reserved 516096K
2025-05-14T23:48:18.538+0900: 20109.825: [GC (Allocation Failure) [PSYoungGen: 591728K->1746K(688128K)] 1743112K->1153137K(1998848K), 0.0125444 secs] [Times: user=0.02 sys=0.01, real=0.02 secs] 
Heap after GC invocations=418 (full 2):
 PSYoungGen      total 688128K, used 1746K [0x00000000d0000000, 0x0000000100000000, 0x0000000100000000)
  eden space 589824K, 0% used [0x00000000d0000000,0x00000000d0000000,0x00000000f4000000)
  from space 98304K, 1% used [0x00000000fa000000,0x00000000fa1b4900,0x0000000100000000)
  to   space 98304K, 0% used [0x00000000f4000000,0x00000000f4000000,0x00000000fa000000)
 ParOldGen       total 1310720K, used 1151391K [0x0000000080000000, 0x00000000d0000000, 0x00000000d0000000)
  object space 1310720K, 87% used [0x0000000080000000,0x00000000c6467da8,0x00000000d0000000)
 Metaspace       used 249998K, capacity 254696K, committed 254848K, reserved 747520K
  class space    used 23958K, capacity 24923K, committed 24960K, reserved 516096K
}
{Heap before GC invocations=419 (full 2):
 PSYoungGen      total 688128K, used 591570K [0x00000000d0000000, 0x0000000100000000, 0x0000000100000000)
  eden space 589824K, 100% used [0x00000000d0000000,0x00000000f4000000,0x00000000f4000000)
  from space 98304K, 1% used [0x00000000fa000000,0x00000000fa1b4900,0x0000000100000000)
  to   space 98304K, 0% used [0x00000000f4000000,0x00000000f4000000,0x00000000fa000000)
 ParOldGen       total 1310720K, used 1151391K [0x0000000080000000, 0x00000000d0000000, 0x00000000d0000000)
  object space 1310720K, 87% used [0x0000000080000000,0x00000000c6467da8,0x00000000d0000000)
 Metaspace       used 249998K, capacity 254696K, committed 254848K, reserved 747520K
  class space    used 23958K, capacity 24923K, committed 24960K, reserved 516096K
2025-05-14T23:49:20.760+0900: 20172.047: [GC (Allocation Failure) [PSYoungGen: 591570K->1698K(688128K)] 1742961K->1153121K(1998848K), 0.0113224 secs] [Times: user=0.03 sys=0.00, real=0.01 secs] 
Heap after GC invocations=419 (full 2):
 PSYoungGen      total 688128K, used 1698K [0x00000000d0000000, 0x0000000100000000, 0x0000000100000000)
  eden space 589824K, 0% used [0x00000000d0000000,0x00000000d0000000,0x00000000f4000000)
  from space 98304K, 1% used [0x00000000f4000000,0x00000000f41a88f0,0x00000000fa000000)
  to   space 98304K, 0% used [0x00000000fa000000,0x00000000fa000000,0x0000000100000000)
 ParOldGen       total 1310720K, used 1151423K [0x0000000080000000, 0x00000000d0000000, 0x00000000d0000000)
  object space 1310720K, 87% used [0x0000000080000000,0x00000000c646fda8,0x00000000d0000000)
 Metaspace       used 249998K, capacity 254696K, committed 254848K, reserved 747520K
  class space    used 23958K, capacity 24923K, committed 24960K, reserved 516096K
}
{Heap before GC invocations=420 (full 2):
 PSYoungGen      total 688128K, used 591522K [0x00000000d0000000, 0x0000000100000000, 0x0000000100000000)
  eden space 589824K, 100% used [0x00000000d0000000,0x00000000f4000000,0x00000000f4000000)
  from space 98304K, 1% used [0x00000000f4000000,0x00000000f41a88f0,0x00000000fa000000)
  to   space 98304K, 0% used [0x00000000fa000000,0x00000000fa000000,0x0000000100000000)
 ParOldGen       total 1310720K, used 1151423K [0x0000000080000000, 0x00000000d0000000, 0x00000000d0000000)
  object space 1310720K, 87% used [0x0000000080000000,0x00000000c646fda8,0x00000000d0000000)
 Metaspace       used 249998K, capacity 254696K, committed 254848K, reserved 747520K
  class space    used 23958K, capacity 24923K, committed 24960K, reserved 516096K
2025-05-14T23:50:22.985+0900: 20234.272: [GC (Allocation Failure) [PSYoungGen: 591522K->1745K(688128K)] 1742945K->1153193K(1998848K), 0.0118882 secs] [Times: user=0.03 sys=0.00, real=0.01 secs] 
Heap after GC invocations=420 (full 2):
 PSYoungGen      total 688128K, used 1745K [0x00000000d0000000, 0x0000000100000000, 0x0000000100000000)
  eden space 589824K, 0% used [0x00000000d0000000,0x00000000d0000000,0x00000000f4000000)
  from space 98304K, 1% used [0x00000000fa000000,0x00000000fa1b47d0,0x0000000100000000)
  to   space 98304K, 0% used [0x00000000f4000000,0x00000000f4000000,0x00000000fa000000)
 ParOldGen       total 1310720K, used 1151447K [0x0000000080000000, 0x00000000d0000000, 0x00000000d0000000)
  object space 1310720K, 87% used [0x0000000080000000,0x00000000c6475da8,0x00000000d0000000)
 Metaspace       used 249998K, capacity 254696K, committed 254848K, reserved 747520K
  class space    used 23958K, capacity 24923K, committed 24960K, reserved 516096K
}
{Heap before GC invocations=421 (full 2):
 PSYoungGen      total 688128K, used 591569K [0x00000000d0000000, 0x0000000100000000, 0x0000000100000000)
  eden space 589824K, 100% used [0x00000000d0000000,0x00000000f4000000,0x00000000f4000000)
  from space 98304K, 1% used [0x00000000fa000000,0x00000000fa1b47d0,0x0000000100000000)
  to   space 98304K, 0% used [0x00000000f4000000,0x00000000f4000000,0x00000000fa000000)
 ParOldGen       total 1310720K, used 1151447K [0x0000000080000000, 0x00000000d0000000, 0x00000000d0000000)
  object space 1310720K, 87% used [0x0000000080000000,0x00000000c6475da8,0x00000000d0000000)
 Metaspace       used 249998K, capacity 254696K, committed 254848K, reserved 747520K
  class space    used 23958K, capacity 24923K, committed 24960K, reserved 516096K
2025-05-14T23:51:25.175+0900: 20296.462: [GC (Allocation Failure) [PSYoungGen: 591569K->1665K(688128K)] 1743017K->1153153K(1998848K), 0.0116649 secs] [Times: user=0.03 sys=0.00, real=0.01 secs] 
Heap after GC invocations=421 (full 2):
 PSYoungGen      total 688128K, used 1665K [0x00000000d0000000, 0x0000000100000000, 0x0000000100000000)
  eden space 589824K, 0% used [0x00000000d0000000,0x00000000d0000000,0x00000000f4000000)
  from space 98304K, 1% used [0x00000000f4000000,0x00000000f41a07c0,0x00000000fa000000)
  to   space 98304K, 0% used [0x00000000fa000000,0x00000000fa000000,0x0000000100000000)
 ParOldGen       total 1310720K, used 1151487K [0x0000000080000000, 0x00000000d0000000, 0x00000000d0000000)
  object space 1310720K, 87% used [0x0000000080000000,0x00000000c647fcf8,0x00000000d0000000)
 Metaspace       used 249998K, capacity 254696K, committed 254848K, reserved 747520K
  class space    used 23958K, capacity 24923K, committed 24960K, reserved 516096K
}
{Heap before GC invocations=422 (full 2):
 PSYoungGen      total 688128K, used 591489K [0x00000000d0000000, 0x0000000100000000, 0x0000000100000000)
  eden space 589824K, 100% used [0x00000000d0000000,0x00000000f4000000,0x00000000f4000000)
  from space 98304K, 1% used [0x00000000f4000000,0x00000000f41a07c0,0x00000000fa000000)
  to   space 98304K, 0% used [0x00000000fa000000,0x00000000fa000000,0x0000000100000000)
 ParOldGen       total 1310720K, used 1151487K [0x0000000080000000, 0x00000000d0000000, 0x00000000d0000000)
  object space 1310720K, 87% used [0x0000000080000000,0x00000000c647fcf8,0x00000000d0000000)
 Metaspace       used 249998K, capacity 254696K, committed 254848K, reserved 747520K
  class space    used 23958K, capacity 24923K, committed 24960K, reserved 516096K
2025-05-14T23:52:27.371+0900: 20358.658: [GC (Allocation Failure) [PSYoungGen: 591489K->1633K(688128K)] 1742977K->1153172K(1998848K), 0.0116996 secs] [Times: user=0.03 sys=0.00, real=0.01 secs] 
Heap after GC invocations=422 (full 2):
 PSYoungGen      total 688128K, used 1633K [0x00000000d0000000, 0x0000000100000000, 0x0000000100000000)
  eden space 589824K, 0% used [0x00000000d0000000,0x00000000d0000000,0x00000000f4000000)
  from space 98304K, 1% used [0x00000000fa000000,0x00000000fa1987c0,0x0000000100000000)
  to   space 98304K, 0% used [0x00000000f4000000,0x00000000f4000000,0x00000000fa000000)
 ParOldGen       total 1310720K, used 1151538K [0x0000000080000000, 0x00000000d0000000, 0x00000000d0000000)
  object space 1310720K, 87% used [0x0000000080000000,0x00000000c648cba8,0x00000000d0000000)
 Metaspace       used 249998K, capacity 254696K, committed 254848K, reserved 747520K
  class space    used 23958K, capacity 24923K, committed 24960K, reserved 516096K
}
{Heap before GC invocations=423 (full 2):
 PSYoungGen      total 688128K, used 591457K [0x00000000d0000000, 0x0000000100000000, 0x0000000100000000)
  eden space 589824K, 100% used [0x00000000d0000000,0x00000000f4000000,0x00000000f4000000)
  from space 98304K, 1% used [0x00000000fa000000,0x00000000fa1987c0,0x0000000100000000)
  to   space 98304K, 0% used [0x00000000f4000000,0x00000000f4000000,0x00000000fa000000)
 ParOldGen       total 1310720K, used 1151538K [0x0000000080000000, 0x00000000d0000000, 0x00000000d0000000)
  object space 1310720K, 87% used [0x0000000080000000,0x00000000c648cba8,0x00000000d0000000)
 Metaspace       used 249998K, capacity 254696K, committed 254848K, reserved 747520K
  class space    used 23958K, capacity 24923K, committed 24960K, reserved 516096K
2025-05-14T23:53:30.562+0900: 20421.849: [GC (Allocation Failure) [PSYoungGen: 591457K->1505K(688128K)] 1742996K->1153252K(1998848K), 0.0113720 secs] [Times: user=0.03 sys=0.00, real=0.01 secs] 
Heap after GC invocations=423 (full 2):
 PSYoungGen      total 688128K, used 1505K [0x00000000d0000000, 0x0000000100000000, 0x0000000100000000)
  eden space 589824K, 0% used [0x00000000d0000000,0x00000000d0000000,0x00000000f4000000)
  from space 98304K, 1% used [0x00000000f4000000,0x00000000f41787c0,0x00000000fa000000)
  to   space 98304K, 0% used [0x00000000fa000000,0x00000000fa000000,0x0000000100000000)
 ParOldGen       total 1310720K, used 1151746K [0x0000000080000000, 0x00000000d0000000, 0x00000000d0000000)
  object space 1310720K, 87% used [0x0000000080000000,0x00000000c64c0bc8,0x00000000d0000000)
 Metaspace       used 249998K, capacity 254696K, committed 254848K, reserved 747520K
  class space    used 23958K, capacity 24923K, committed 24960K, reserved 516096K
}
{Heap before GC invocations=424 (full 2):
 PSYoungGen      total 688128K, used 591329K [0x00000000d0000000, 0x0000000100000000, 0x0000000100000000)
  eden space 589824K, 100% used [0x00000000d0000000,0x00000000f4000000,0x00000000f4000000)
  from space 98304K, 1% used [0x00000000f4000000,0x00000000f41787c0,0x00000000fa000000)
  to   space 98304K, 0% used [0x00000000fa000000,0x00000000fa000000,0x0000000100000000)
 ParOldGen       total 1310720K, used 1151746K [0x0000000080000000, 0x00000000d0000000, 0x00000000d0000000)
  object space 1310720K, 87% used [0x0000000080000000,0x00000000c64c0bc8,0x00000000d0000000)
 Metaspace       used 249999K, capacity 254696K, committed 254848K, reserved 747520K
  class space    used 23958K, capacity 24923K, committed 24960K, reserved 516096K
2025-05-14T23:54:32.751+0900: 20484.038: [GC (Allocation Failure) [PSYoungGen: 591329K->1473K(688128K)] 1743076K->1153236K(1998848K), 0.0113521 secs] [Times: user=0.03 sys=0.00, real=0.01 secs] 
Heap after GC invocations=424 (full 2):
 PSYoungGen      total 688128K, used 1473K [0x00000000d0000000, 0x0000000100000000, 0x0000000100000000)
  eden space 589824K, 0% used [0x00000000d0000000,0x00000000d0000000,0x00000000f4000000)
  from space 98304K, 1% used [0x00000000fa000000,0x00000000fa1707c0,0x0000000100000000)
  to   space 98304K, 0% used [0x00000000f4000000,0x00000000f4000000,0x00000000fa000000)
 ParOldGen       total 1310720K, used 1151762K [0x0000000080000000, 0x00000000d0000000, 0x00000000d0000000)
  object space 1310720K, 87% used [0x0000000080000000,0x00000000c64c4bc8,0x00000000d0000000)
 Metaspace       used 249999K, capacity 254696K, committed 254848K, reserved 747520K
  class space    used 23958K, capacity 24923K, committed 24960K, reserved 516096K
}
{Heap before GC invocations=425 (full 2):
 PSYoungGen      total 688128K, used 591297K [0x00000000d0000000, 0x0000000100000000, 0x0000000100000000)
  eden space 589824K, 100% used [0x00000000d0000000,0x00000000f4000000,0x00000000f4000000)
  from space 98304K, 1% used [0x00000000fa000000,0x00000000fa1707c0,0x0000000100000000)
  to   space 98304K, 0% used [0x00000000f4000000,0x00000000f4000000,0x00000000fa000000)
 ParOldGen       total 1310720K, used 1151762K [0x0000000080000000, 0x00000000d0000000, 0x00000000d0000000)
  object space 1310720K, 87% used [0x0000000080000000,0x00000000c64c4bc8,0x00000000d0000000)
 Metaspace       used 250005K, capacity 254696K, committed 254848K, reserved 747520K
  class space    used 23958K, capacity 24923K, committed 24960K, reserved 516096K
2025-05-14T23:55:34.967+0900: 20546.254: [GC (Allocation Failure) [PSYoungGen: 591297K->1441K(688128K)] 1743060K->1153228K(1998848K), 0.0121626 secs] [Times: user=0.03 sys=0.00, real=0.02 secs] 
Heap after GC invocations=425 (full 2):
 PSYoungGen      total 688128K, used 1441K [0x00000000d0000000, 0x0000000100000000, 0x0000000100000000)
  eden space 589824K, 0% used [0x00000000d0000000,0x00000000d0000000,0x00000000f4000000)
  from space 98304K, 1% used [0x00000000f4000000,0x00000000f41687c0,0x00000000fa000000)
  to   space 98304K, 0% used [0x00000000fa000000,0x00000000fa000000,0x0000000100000000)
 ParOldGen       total 1310720K, used 1151786K [0x0000000080000000, 0x00000000d0000000, 0x00000000d0000000)
  object space 1310720K, 87% used [0x0000000080000000,0x00000000c64cabc8,0x00000000d0000000)
 Metaspace       used 250005K, capacity 254696K, committed 254848K, reserved 747520K
  class space    used 23958K, capacity 24923K, committed 24960K, reserved 516096K
}
{Heap before GC invocations=426 (full 2):
 PSYoungGen      total 688128K, used 591265K [0x00000000d0000000, 0x0000000100000000, 0x0000000100000000)
  eden space 589824K, 100% used [0x00000000d0000000,0x00000000f4000000,0x00000000f4000000)
  from space 98304K, 1% used [0x00000000f4000000,0x00000000f41687c0,0x00000000fa000000)
  to   space 98304K, 0% used [0x00000000fa000000,0x00000000fa000000,0x0000000100000000)
 ParOldGen       total 1310720K, used 1151786K [0x0000000080000000, 0x00000000d0000000, 0x00000000d0000000)
  object space 1310720K, 87% used [0x0000000080000000,0x00000000c64cabc8,0x00000000d0000000)
 Metaspace       used 250005K, capacity 254696K, committed 254848K, reserved 747520K
  class space    used 23958K, capacity 24923K, committed 24960K, reserved 516096K
2025-05-14T23:56:37.171+0900: 20608.458: [GC (Allocation Failure) [PSYoungGen: 591265K->1473K(688128K)] 1743052K->1153268K(1998848K), 0.0117442 secs] [Times: user=0.03 sys=0.00, real=0.01 secs] 
Heap after GC invocations=426 (full 2):
 PSYoungGen      total 688128K, used 1473K [0x00000000d0000000, 0x0000000100000000, 0x0000000100000000)
  eden space 589824K, 0% used [0x00000000d0000000,0x00000000d0000000,0x00000000f4000000)
  from space 98304K, 1% used [0x00000000fa000000,0x00000000fa1707c0,0x0000000100000000)
  to   space 98304K, 0% used [0x00000000f4000000,0x00000000f4000000,0x00000000fa000000)
 ParOldGen       total 1310720K, used 1151794K [0x0000000080000000, 0x00000000d0000000, 0x00000000d0000000)
  object space 1310720K, 87% used [0x0000000080000000,0x00000000c64ccbc8,0x00000000d0000000)
 Metaspace       used 250005K, capacity 254696K, committed 254848K, reserved 747520K
  class space    used 23958K, capacity 24923K, committed 24960K, reserved 516096K
}
{Heap before GC invocations=427 (full 2):
 PSYoungGen      total 688128K, used 591297K [0x00000000d0000000, 0x0000000100000000, 0x0000000100000000)
  eden space 589824K, 100% used [0x00000000d0000000,0x00000000f4000000,0x00000000f4000000)
  from space 98304K, 1% used [0x00000000fa000000,0x00000000fa1707c0,0x0000000100000000)
  to   space 98304K, 0% used [0x00000000f4000000,0x00000000f4000000,0x00000000fa000000)
 ParOldGen       total 1310720K, used 1151794K [0x0000000080000000, 0x00000000d0000000, 0x00000000d0000000)
  object space 1310720K, 87% used [0x0000000080000000,0x00000000c64ccbc8,0x00000000d0000000)
 Metaspace       used 250017K, capacity 254696K, committed 254848K, reserved 747520K
  class space    used 23958K, capacity 24923K, committed 24960K, reserved 516096K
2025-05-14T23:57:40.376+0900: 20671.663: [GC (Allocation Failure) [PSYoungGen: 591297K->1473K(688128K)] 1743092K->1153284K(1998848K), 0.0114349 secs] [Times: user=0.03 sys=0.00, real=0.01 secs] 
Heap after GC invocations=427 (full 2):
 PSYoungGen      total 688128K, used 1473K [0x00000000d0000000, 0x0000000100000000, 0x0000000100000000)
  eden space 589824K, 0% used [0x00000000d0000000,0x00000000d0000000,0x00000000f4000000)
  from space 98304K, 1% used [0x00000000f4000000,0x00000000f41707c0,0x00000000fa000000)
  to   space 98304K, 0% used [0x00000000fa000000,0x00000000fa000000,0x0000000100000000)
 ParOldGen       total 1310720K, used 1151810K [0x0000000080000000, 0x00000000d0000000, 0x00000000d0000000)
  object space 1310720K, 87% used [0x0000000080000000,0x00000000c64d0bc8,0x00000000d0000000)
 Metaspace       used 250017K, capacity 254696K, committed 254848K, reserved 747520K
  class space    used 23958K, capacity 24923K, committed 24960K, reserved 516096K
}
{Heap before GC invocations=428 (full 2):
 PSYoungGen      total 688128K, used 591297K [0x00000000d0000000, 0x0000000100000000, 0x0000000100000000)
  eden space 589824K, 100% used [0x00000000d0000000,0x00000000f4000000,0x00000000f4000000)
  from space 98304K, 1% used [0x00000000f4000000,0x00000000f41707c0,0x00000000fa000000)
  to   space 98304K, 0% used [0x00000000fa000000,0x00000000fa000000,0x0000000100000000)
 ParOldGen       total 1310720K, used 1151810K [0x0000000080000000, 0x00000000d0000000, 0x00000000d0000000)
  object space 1310720K, 87% used [0x0000000080000000,0x00000000c64d0bc8,0x00000000d0000000)
 Metaspace       used 250017K, capacity 254696K, committed 254848K, reserved 747520K
  class space    used 23958K, capacity 24923K, committed 24960K, reserved 516096K
2025-05-14T23:58:42.601+0900: 20733.888: [GC (Allocation Failure) [PSYoungGen: 591297K->1457K(688128K)] 1743108K->1153276K(1998848K), 0.0119867 secs] [Times: user=0.03 sys=0.00, real=0.01 secs] 
Heap after GC invocations=428 (full 2):
 PSYoungGen      total 688128K, used 1457K [0x00000000d0000000, 0x0000000100000000, 0x0000000100000000)
  eden space 589824K, 0% used [0x00000000d0000000,0x00000000d0000000,0x00000000f4000000)
  from space 98304K, 1% used [0x00000000fa000000,0x00000000fa16c7b0,0x0000000100000000)
  to   space 98304K, 0% used [0x00000000f4000000,0x00000000f4000000,0x00000000fa000000)
 ParOldGen       total 1310720K, used 1151818K [0x0000000080000000, 0x00000000d0000000, 0x00000000d0000000)
  object space 1310720K, 87% used [0x0000000080000000,0x00000000c64d2bc8,0x00000000d0000000)
 Metaspace       used 250017K, capacity 254696K, committed 254848K, reserved 747520K
  class space    used 23958K, capacity 24923K, committed 24960K, reserved 516096K
}
{Heap before GC invocations=429 (full 2):
 PSYoungGen      total 688128K, used 591281K [0x00000000d0000000, 0x0000000100000000, 0x0000000100000000)
  eden space 589824K, 100% used [0x00000000d0000000,0x00000000f4000000,0x00000000f4000000)
  from space 98304K, 1% used [0x00000000fa000000,0x00000000fa16c7b0,0x0000000100000000)
  to   space 98304K, 0% used [0x00000000f4000000,0x00000000f4000000,0x00000000fa000000)
 ParOldGen       total 1310720K, used 1151818K [0x0000000080000000, 0x00000000d0000000, 0x00000000d0000000)
  object space 1310720K, 87% used [0x0000000080000000,0x00000000c64d2bc8,0x00000000d0000000)
 Metaspace       used 250027K, capacity 254696K, committed 254848K, reserved 747520K
  class space    used 23959K, capacity 24923K, committed 24960K, reserved 516096K
2025-05-14T23:59:43.847+0900: 20795.134: [GC (Allocation Failure) [PSYoungGen: 591281K->1312K(688128K)] 1743100K->1153275K(1998848K), 0.0115051 secs] [Times: user=0.03 sys=0.00, real=0.02 secs] 
Heap after GC invocations=429 (full 2):
 PSYoungGen      total 688128K, used 1312K [0x00000000d0000000, 0x0000000100000000, 0x0000000100000000)
  eden space 589824K, 0% used [0x00000000d0000000,0x00000000d0000000,0x00000000f4000000)
  from space 98304K, 1% used [0x00000000f4000000,0x00000000f4148000,0x00000000fa000000)
  to   space 98304K, 0% used [0x00000000fa000000,0x00000000fa000000,0x0000000100000000)
 ParOldGen       total 1310720K, used 1151963K [0x0000000080000000, 0x00000000d0000000, 0x00000000d0000000)
  object space 1310720K, 87% used [0x0000000080000000,0x00000000c64f6e40,0x00000000d0000000)
 Metaspace       used 250027K, capacity 254696K, committed 254848K, reserved 747520K
  class space    used 23959K, capacity 24923K, committed 24960K, reserved 516096K
}
{Heap before GC invocations=430 (full 2):
 PSYoungGen      total 688128K, used 591136K [0x00000000d0000000, 0x0000000100000000, 0x0000000100000000)
  eden space 589824K, 100% used [0x00000000d0000000,0x00000000f4000000,0x00000000f4000000)
  from space 98304K, 1% used [0x00000000f4000000,0x00000000f4148000,0x00000000fa000000)
  to   space 98304K, 0% used [0x00000000fa000000,0x00000000fa000000,0x0000000100000000)
 ParOldGen       total 1310720K, used 1151963K [0x0000000080000000, 0x00000000d0000000, 0x00000000d0000000)
  object space 1310720K, 87% used [0x0000000080000000,0x00000000c64f6e40,0x00000000d0000000)
 Metaspace       used 250027K, capacity 254696K, committed 254848K, reserved 747520K
  class space    used 23959K, capacity 24923K, committed 24960K, reserved 516096K
2025-05-15T00:00:46.049+0900: 20857.336: [GC (Allocation Failure) [PSYoungGen: 591136K->720K(688128K)] 1743099K->1153353K(1998848K), 0.0113825 secs] [Times: user=0.02 sys=0.00, real=0.01 secs] 
Heap after GC invocations=430 (full 2):
 PSYoungGen      total 688128K, used 720K [0x00000000d0000000, 0x0000000100000000, 0x0000000100000000)
  eden space 589824K, 0% used [0x00000000d0000000,0x00000000d0000000,0x00000000f4000000)
  from space 98304K, 0% used [0x00000000fa000000,0x00000000fa0b4010,0x0000000100000000)
  to   space 98304K, 0% used [0x00000000f4000000,0x00000000f4000000,0x00000000fa000000)
 ParOldGen       total 1310720K, used 1152633K [0x0000000080000000, 0x00000000d0000000, 0x00000000d0000000)
  object space 1310720K, 87% used [0x0000000080000000,0x00000000c659e788,0x00000000d0000000)
 Metaspace       used 250027K, capacity 254696K, committed 254848K, reserved 747520K
  class space    used 23959K, capacity 24923K, committed 24960K, reserved 516096K
}
{Heap before GC invocations=431 (full 2):
 PSYoungGen      total 688128K, used 590544K [0x00000000d0000000, 0x0000000100000000, 0x0000000100000000)
  eden space 589824K, 100% used [0x00000000d0000000,0x00000000f4000000,0x00000000f4000000)
  from space 98304K, 0% used [0x00000000fa000000,0x00000000fa0b4010,0x0000000100000000)
  to   space 98304K, 0% used [0x00000000f4000000,0x00000000f4000000,0x00000000fa000000)
 ParOldGen       total 1310720K, used 1152633K [0x0000000080000000, 0x00000000d0000000, 0x00000000d0000000)
  object space 1310720K, 87% used [0x0000000080000000,0x00000000c659e788,0x00000000d0000000)
 Metaspace       used 250029K, capacity 254696K, committed 254848K, reserved 747520K
  class space    used 23959K, capacity 24923K, committed 24960K, reserved 516096K
2025-05-15T00:01:49.258+0900: 20920.545: [GC (Allocation Failure) [PSYoungGen: 590544K->736K(688128K)] 1743177K->1153393K(1998848K), 0.0114991 secs] [Times: user=0.03 sys=0.00, real=0.02 secs] 
Heap after GC invocations=431 (full 2):
 PSYoungGen      total 688128K, used 736K [0x00000000d0000000, 0x0000000100000000, 0x0000000100000000)
  eden space 589824K, 0% used [0x00000000d0000000,0x00000000d0000000,0x00000000f4000000)
  from space 98304K, 0% used [0x00000000f4000000,0x00000000f40b8000,0x00000000fa000000)
  to   space 98304K, 0% used [0x00000000fa000000,0x00000000fa000000,0x0000000100000000)
 ParOldGen       total 1310720K, used 1152657K [0x0000000080000000, 0x00000000d0000000, 0x00000000d0000000)
  object space 1310720K, 87% used [0x0000000080000000,0x00000000c65a4788,0x00000000d0000000)
 Metaspace       used 250029K, capacity 254696K, committed 254848K, reserved 747520K
  class space    used 23959K, capacity 24923K, committed 24960K, reserved 516096K
}
{Heap before GC invocations=432 (full 2):
 PSYoungGen      total 688128K, used 590560K [0x00000000d0000000, 0x0000000100000000, 0x0000000100000000)
  eden space 589824K, 100% used [0x00000000d0000000,0x00000000f4000000,0x00000000f4000000)
  from space 98304K, 0% used [0x00000000f4000000,0x00000000f40b8000,0x00000000fa000000)
  to   space 98304K, 0% used [0x00000000fa000000,0x00000000fa000000,0x0000000100000000)
 ParOldGen       total 1310720K, used 1152657K [0x0000000080000000, 0x00000000d0000000, 0x00000000d0000000)
  object space 1310720K, 87% used [0x0000000080000000,0x00000000c65a4788,0x00000000d0000000)
 Metaspace       used 250029K, capacity 254696K, committed 254848K, reserved 747520K
  class space    used 23959K, capacity 24923K, committed 24960K, reserved 516096K
2025-05-15T00:02:51.503+0900: 20982.790: [GC (Allocation Failure) [PSYoungGen: 590560K->704K(688128K)] 1743217K->1153377K(1998848K), 0.0118256 secs] [Times: user=0.03 sys=0.00, real=0.01 secs] 
Heap after GC invocations=432 (full 2):
 PSYoungGen      total 688128K, used 704K [0x00000000d0000000, 0x0000000100000000, 0x0000000100000000)
  eden space 589824K, 0% used [0x00000000d0000000,0x00000000d0000000,0x00000000f4000000)
  from space 98304K, 0% used [0x00000000fa000000,0x00000000fa0b0000,0x0000000100000000)
  to   space 98304K, 0% used [0x00000000f4000000,0x00000000f4000000,0x00000000fa000000)
 ParOldGen       total 1310720K, used 1152673K [0x0000000080000000, 0x00000000d0000000, 0x00000000d0000000)
  object space 1310720K, 87% used [0x0000000080000000,0x00000000c65a8788,0x00000000d0000000)
 Metaspace       used 250029K, capacity 254696K, committed 254848K, reserved 747520K
  class space    used 23959K, capacity 24923K, committed 24960K, reserved 516096K
}
{Heap before GC invocations=433 (full 2):
 PSYoungGen      total 688128K, used 590528K [0x00000000d0000000, 0x0000000100000000, 0x0000000100000000)
  eden space 589824K, 100% used [0x00000000d0000000,0x00000000f4000000,0x00000000f4000000)
  from space 98304K, 0% used [0x00000000fa000000,0x00000000fa0b0000,0x0000000100000000)
  to   space 98304K, 0% used [0x00000000f4000000,0x00000000f4000000,0x00000000fa000000)
 ParOldGen       total 1310720K, used 1152673K [0x0000000080000000, 0x00000000d0000000, 0x00000000d0000000)
  object space 1310720K, 87% used [0x0000000080000000,0x00000000c65a8788,0x00000000d0000000)
 Metaspace       used 250029K, capacity 254696K, committed 254848K, reserved 747520K
  class space    used 23959K, capacity 24923K, committed 24960K, reserved 516096K
2025-05-15T00:03:53.714+0900: 21045.001: [GC (Allocation Failure) [PSYoungGen: 590528K->640K(688128K)] 1743201K->1153425K(1998848K), 0.0169393 secs] [Times: user=0.04 sys=0.00, real=0.02 secs] 
Heap after GC invocations=433 (full 2):
 PSYoungGen      total 688128K, used 640K [0x00000000d0000000, 0x0000000100000000, 0x0000000100000000)
  eden space 589824K, 0% used [0x00000000d0000000,0x00000000d0000000,0x00000000f4000000)
  from space 98304K, 0% used [0x00000000f4000000,0x00000000f40a0000,0x00000000fa000000)
  to   space 98304K, 0% used [0x00000000fa000000,0x00000000fa000000,0x0000000100000000)
 ParOldGen       total 1310720K, used 1152785K [0x0000000080000000, 0x00000000d0000000, 0x00000000d0000000)
  object space 1310720K, 87% used [0x0000000080000000,0x00000000c65c4798,0x00000000d0000000)
 Metaspace       used 250029K, capacity 254696K, committed 254848K, reserved 747520K
  class space    used 23959K, capacity 24923K, committed 24960K, reserved 516096K
}
{Heap before GC invocations=434 (full 2):
 PSYoungGen      total 688128K, used 590464K [0x00000000d0000000, 0x0000000100000000, 0x0000000100000000)
  eden space 589824K, 100% used [0x00000000d0000000,0x00000000f4000000,0x00000000f4000000)
  from space 98304K, 0% used [0x00000000f4000000,0x00000000f40a0000,0x00000000fa000000)
  to   space 98304K, 0% used [0x00000000fa000000,0x00000000fa000000,0x0000000100000000)
 ParOldGen       total 1310720K, used 1152785K [0x0000000080000000, 0x00000000d0000000, 0x00000000d0000000)
  object space 1310720K, 87% used [0x0000000080000000,0x00000000c65c4798,0x00000000d0000000)
 Metaspace       used 250029K, capacity 254696K, committed 254848K, reserved 747520K
  class space    used 23959K, capacity 24923K, committed 24960K, reserved 516096K
2025-05-15T00:04:56.061+0900: 21107.348: [GC (Allocation Failure) [PSYoungGen: 590464K->640K(688128K)] 1743249K->1153457K(1998848K), 0.0166425 secs] [Times: user=0.04 sys=0.00, real=0.01 secs] 
Heap after GC invocations=434 (full 2):
 PSYoungGen      total 688128K, used 640K [0x00000000d0000000, 0x0000000100000000, 0x0000000100000000)
  eden space 589824K, 0% used [0x00000000d0000000,0x00000000d0000000,0x00000000f4000000)
  from space 98304K, 0% used [0x00000000fa000000,0x00000000fa0a0000,0x0000000100000000)
  to   space 98304K, 0% used [0x00000000f4000000,0x00000000f4000000,0x00000000fa000000)
 ParOldGen       total 1310720K, used 1152817K [0x0000000080000000, 0x00000000d0000000, 0x00000000d0000000)
  object space 1310720K, 87% used [0x0000000080000000,0x00000000c65cc798,0x00000000d0000000)
 Metaspace       used 250029K, capacity 254696K, committed 254848K, reserved 747520K
  class space    used 23959K, capacity 24923K, committed 24960K, reserved 516096K
}
{Heap before GC invocations=435 (full 2):
 PSYoungGen      total 688128K, used 590464K [0x00000000d0000000, 0x0000000100000000, 0x0000000100000000)
  eden space 589824K, 100% used [0x00000000d0000000,0x00000000f4000000,0x00000000f4000000)
  from space 98304K, 0% used [0x00000000fa000000,0x00000000fa0a0000,0x0000000100000000)
  to   space 98304K, 0% used [0x00000000f4000000,0x00000000f4000000,0x00000000fa000000)
 ParOldGen       total 1310720K, used 1152817K [0x0000000080000000, 0x00000000d0000000, 0x00000000d0000000)
  object space 1310720K, 87% used [0x0000000080000000,0x00000000c65cc798,0x00000000d0000000)
 Metaspace       used 250029K, capacity 254696K, committed 254848K, reserved 747520K
  class space    used 23959K, capacity 24923K, committed 24960K, reserved 516096K
2025-05-15T00:05:58.755+0900: 21170.042: [GC (Allocation Failure) [PSYoungGen: 590464K->640K(688128K)] 1743281K->1153473K(1998848K), 0.0169325 secs] [Times: user=0.05 sys=0.00, real=0.02 secs] 
Heap after GC invocations=435 (full 2):
 PSYoungGen      total 688128K, used 640K [0x00000000d0000000, 0x0000000100000000, 0x0000000100000000)
  eden space 589824K, 0% used [0x00000000d0000000,0x00000000d0000000,0x00000000f4000000)
  from space 98304K, 0% used [0x00000000f4000000,0x00000000f40a0000,0x00000000fa000000)
  to   space 98304K, 0% used [0x00000000fa000000,0x00000000fa000000,0x0000000100000000)
 ParOldGen       total 1310720K, used 1152833K [0x0000000080000000, 0x00000000d0000000, 0x00000000d0000000)
  object space 1310720K, 87% used [0x0000000080000000,0x00000000c65d0798,0x00000000d0000000)
 Metaspace       used 250029K, capacity 254696K, committed 254848K, reserved 747520K
  class space    used 23959K, capacity 24923K, committed 24960K, reserved 516096K
}
{Heap before GC invocations=436 (full 2):
 PSYoungGen      total 688128K, used 590464K [0x00000000d0000000, 0x0000000100000000, 0x0000000100000000)
  eden space 589824K, 100% used [0x00000000d0000000,0x00000000f4000000,0x00000000f4000000)
  from space 98304K, 0% used [0x00000000f4000000,0x00000000f40a0000,0x00000000fa000000)
  to   space 98304K, 0% used [0x00000000fa000000,0x00000000fa000000,0x0000000100000000)
 ParOldGen       total 1310720K, used 1152833K [0x0000000080000000, 0x00000000d0000000, 0x00000000d0000000)
  object space 1310720K, 87% used [0x0000000080000000,0x00000000c65d0798,0x00000000d0000000)
 Metaspace       used 250112K, capacity 254856K, committed 255104K, reserved 747520K
  class space    used 23971K, capacity 24955K, committed 24960K, reserved 516096K
2025-05-15T00:06:59.639+0900: 21230.926: [GC (Allocation Failure) [PSYoungGen: 590464K->1240K(688128K)] 1743297K->1154106K(1998848K), 0.0194958 secs] [Times: user=0.04 sys=0.00, real=0.02 secs] 
Heap after GC invocations=436 (full 2):
 PSYoungGen      total 688128K, used 1240K [0x00000000d0000000, 0x0000000100000000, 0x0000000100000000)
  eden space 589824K, 0% used [0x00000000d0000000,0x00000000d0000000,0x00000000f4000000)
  from space 98304K, 1% used [0x00000000fa000000,0x00000000fa136150,0x0000000100000000)
  to   space 98304K, 0% used [0x00000000f4000000,0x00000000f4000000,0x00000000fa000000)
 ParOldGen       total 1310720K, used 1152865K [0x0000000080000000, 0x00000000d0000000, 0x00000000d0000000)
  object space 1310720K, 87% used [0x0000000080000000,0x00000000c65d8798,0x00000000d0000000)
 Metaspace       used 250112K, capacity 254856K, committed 255104K, reserved 747520K
  class space    used 23971K, capacity 24955K, committed 24960K, reserved 516096K
}
{Heap before GC invocations=437 (full 2):
 PSYoungGen      total 688128K, used 591064K [0x00000000d0000000, 0x0000000100000000, 0x0000000100000000)
  eden space 589824K, 100% used [0x00000000d0000000,0x00000000f4000000,0x00000000f4000000)
  from space 98304K, 1% used [0x00000000fa000000,0x00000000fa136150,0x0000000100000000)
  to   space 98304K, 0% used [0x00000000f4000000,0x00000000f4000000,0x00000000fa000000)
 ParOldGen       total 1310720K, used 1152865K [0x0000000080000000, 0x00000000d0000000, 0x00000000d0000000)
  object space 1310720K, 87% used [0x0000000080000000,0x00000000c65d8798,0x00000000d0000000)
 Metaspace       used 250116K, capacity 254856K, committed 255104K, reserved 747520K
  class space    used 23971K, capacity 24955K, committed 24960K, reserved 516096K
2025-05-15T00:08:01.114+0900: 21292.401: [GC (Allocation Failure) [PSYoungGen: 591064K->1192K(688128K)] 1743930K->1154082K(1998848K), 0.0166700 secs] [Times: user=0.03 sys=0.00, real=0.02 secs] 
Heap after GC invocations=437 (full 2):
 PSYoungGen      total 688128K, used 1192K [0x00000000d0000000, 0x0000000100000000, 0x0000000100000000)
  eden space 589824K, 0% used [0x00000000d0000000,0x00000000d0000000,0x00000000f4000000)
  from space 98304K, 1% used [0x00000000f4000000,0x00000000f412a160,0x00000000fa000000)
  to   space 98304K, 0% used [0x00000000fa000000,0x00000000fa000000,0x0000000100000000)
 ParOldGen       total 1310720K, used 1152889K [0x0000000080000000, 0x00000000d0000000, 0x00000000d0000000)
  object space 1310720K, 87% used [0x0000000080000000,0x00000000c65de798,0x00000000d0000000)
 Metaspace       used 250116K, capacity 254856K, committed 255104K, reserved 747520K
  class space    used 23971K, capacity 24955K, committed 24960K, reserved 516096K
}
{Heap before GC invocations=438 (full 2):
 PSYoungGen      total 688128K, used 591016K [0x00000000d0000000, 0x0000000100000000, 0x0000000100000000)
  eden space 589824K, 100% used [0x00000000d0000000,0x00000000f4000000,0x00000000f4000000)
  from space 98304K, 1% used [0x00000000f4000000,0x00000000f412a160,0x00000000fa000000)
  to   space 98304K, 0% used [0x00000000fa000000,0x00000000fa000000,0x0000000100000000)
 ParOldGen       total 1310720K, used 1152889K [0x0000000080000000, 0x00000000d0000000, 0x00000000d0000000)
  object space 1310720K, 87% used [0x0000000080000000,0x00000000c65de798,0x00000000d0000000)
 Metaspace       used 250116K, capacity 254856K, committed 255104K, reserved 747520K
  class space    used 23971K, capacity 24955K, committed 24960K, reserved 516096K
2025-05-15T00:09:03.281+0900: 21354.568: [GC (Allocation Failure) [PSYoungGen: 591016K->1112K(688128K)] 1743906K->1154018K(1998848K), 0.0230501 secs] [Times: user=0.04 sys=0.00, real=0.02 secs] 
Heap after GC invocations=438 (full 2):
 PSYoungGen      total 688128K, used 1112K [0x00000000d0000000, 0x0000000100000000, 0x0000000100000000)
  eden space 589824K, 0% used [0x00000000d0000000,0x00000000d0000000,0x00000000f4000000)
  from space 98304K, 1% used [0x00000000fa000000,0x00000000fa116150,0x0000000100000000)
  to   space 98304K, 0% used [0x00000000f4000000,0x00000000f4000000,0x00000000fa000000)
 ParOldGen       total 1310720K, used 1152905K [0x0000000080000000, 0x00000000d0000000, 0x00000000d0000000)
  object space 1310720K, 87% used [0x0000000080000000,0x00000000c65e2798,0x00000000d0000000)
 Metaspace       used 250116K, capacity 254856K, committed 255104K, reserved 747520K
  class space    used 23971K, capacity 24955K, committed 24960K, reserved 516096K
}
{Heap before GC invocations=439 (full 2):
 PSYoungGen      total 688128K, used 590936K [0x00000000d0000000, 0x0000000100000000, 0x0000000100000000)
  eden space 589824K, 100% used [0x00000000d0000000,0x00000000f4000000,0x00000000f4000000)
  from space 98304K, 1% used [0x00000000fa000000,0x00000000fa116150,0x0000000100000000)
  to   space 98304K, 0% used [0x00000000f4000000,0x00000000f4000000,0x00000000fa000000)
 ParOldGen       total 1310720K, used 1152905K [0x0000000080000000, 0x00000000d0000000, 0x00000000d0000000)
  object space 1310720K, 87% used [0x0000000080000000,0x00000000c65e2798,0x00000000d0000000)
 Metaspace       used 250119K, capacity 254856K, committed 255104K, reserved 747520K
  class space    used 23971K, capacity 24955K, committed 24960K, reserved 516096K
2025-05-15T00:10:05.656+0900: 21416.943: [GC (Allocation Failure) [PSYoungGen: 590936K->1144K(688128K)] 1743842K->1154066K(1998848K), 0.0181640 secs] [Times: user=0.04 sys=0.01, real=0.02 secs] 
Heap after GC invocations=439 (full 2):
 PSYoungGen      total 688128K, used 1144K [0x00000000d0000000, 0x0000000100000000, 0x0000000100000000)
  eden space 589824K, 0% used [0x00000000d0000000,0x00000000d0000000,0x00000000f4000000)
  from space 98304K, 1% used [0x00000000f4000000,0x00000000f411e150,0x00000000fa000000)
  to   space 98304K, 0% used [0x00000000fa000000,0x00000000fa000000,0x0000000100000000)
 ParOldGen       total 1310720K, used 1152921K [0x0000000080000000, 0x00000000d0000000, 0x00000000d0000000)
  object space 1310720K, 87% used [0x0000000080000000,0x00000000c65e6798,0x00000000d0000000)
 Metaspace       used 250119K, capacity 254856K, committed 255104K, reserved 747520K
  class space    used 23971K, capacity 24955K, committed 24960K, reserved 516096K
}
{Heap before GC invocations=440 (full 2):
 PSYoungGen      total 688128K, used 590968K [0x00000000d0000000, 0x0000000100000000, 0x0000000100000000)
  eden space 589824K, 100% used [0x00000000d0000000,0x00000000f4000000,0x00000000f4000000)
  from space 98304K, 1% used [0x00000000f4000000,0x00000000f411e150,0x00000000fa000000)
  to   space 98304K, 0% used [0x00000000fa000000,0x00000000fa000000,0x0000000100000000)
 ParOldGen       total 1310720K, used 1152921K [0x0000000080000000, 0x00000000d0000000, 0x00000000d0000000)
  object space 1310720K, 87% used [0x0000000080000000,0x00000000c65e6798,0x00000000d0000000)
 Metaspace       used 250120K, capacity 254856K, committed 255104K, reserved 747520K
  class space    used 23971K, capacity 24955K, committed 24960K, reserved 516096K
2025-05-15T00:11:08.142+0900: 21479.429: [GC (Allocation Failure) [PSYoungGen: 590968K->1208K(688128K)] 1743890K->1154162K(1998848K), 0.0169881 secs] [Times: user=0.03 sys=0.00, real=0.02 secs] 
Heap after GC invocations=440 (full 2):
 PSYoungGen      total 688128K, used 1208K [0x00000000d0000000, 0x0000000100000000, 0x0000000100000000)
  eden space 589824K, 0% used [0x00000000d0000000,0x00000000d0000000,0x00000000f4000000)
  from space 98304K, 1% used [0x00000000fa000000,0x00000000fa12e150,0x0000000100000000)
  to   space 98304K, 0% used [0x00000000f4000000,0x00000000f4000000,0x00000000fa000000)
 ParOldGen       total 1310720K, used 1152953K [0x0000000080000000, 0x00000000d0000000, 0x00000000d0000000)
  object space 1310720K, 87% used [0x0000000080000000,0x00000000c65ee798,0x00000000d0000000)
 Metaspace       used 250120K, capacity 254856K, committed 255104K, reserved 747520K
  class space    used 23971K, capacity 24955K, committed 24960K, reserved 516096K
}
{Heap before GC invocations=441 (full 2):
 PSYoungGen      total 688128K, used 591032K [0x00000000d0000000, 0x0000000100000000, 0x0000000100000000)
  eden space 589824K, 100% used [0x00000000d0000000,0x00000000f4000000,0x00000000f4000000)
  from space 98304K, 1% used [0x00000000fa000000,0x00000000fa12e150,0x0000000100000000)
  to   space 98304K, 0% used [0x00000000f4000000,0x00000000f4000000,0x00000000fa000000)
 ParOldGen       total 1310720K, used 1152953K [0x0000000080000000, 0x00000000d0000000, 0x00000000d0000000)
  object space 1310720K, 87% used [0x0000000080000000,0x00000000c65ee798,0x00000000d0000000)
 Metaspace       used 250122K, capacity 254856K, committed 255104K, reserved 747520K
  class space    used 23971K, capacity 24955K, committed 24960K, reserved 516096K
2025-05-15T00:12:10.336+0900: 21541.623: [GC (Allocation Failure) [PSYoungGen: 591032K->1176K(688128K)] 1743986K->1154146K(1998848K), 0.0169521 secs] [Times: user=0.04 sys=0.00, real=0.02 secs] 
Heap after GC invocations=441 (full 2):
 PSYoungGen      total 688128K, used 1176K [0x00000000d0000000, 0x0000000100000000, 0x0000000100000000)
  eden space 589824K, 0% used [0x00000000d0000000,0x00000000d0000000,0x00000000f4000000)
  from space 98304K, 1% used [0x00000000f4000000,0x00000000f4126150,0x00000000fa000000)
  to   space 98304K, 0% used [0x00000000fa000000,0x00000000fa000000,0x0000000100000000)
 ParOldGen       total 1310720K, used 1152969K [0x0000000080000000, 0x00000000d0000000, 0x00000000d0000000)
  object space 1310720K, 87% used [0x0000000080000000,0x00000000c65f2798,0x00000000d0000000)
 Metaspace       used 250122K, capacity 254856K, committed 255104K, reserved 747520K
  class space    used 23971K, capacity 24955K, committed 24960K, reserved 516096K
}
{Heap before GC invocations=442 (full 2):
 PSYoungGen      total 688128K, used 591000K [0x00000000d0000000, 0x0000000100000000, 0x0000000100000000)
  eden space 589824K, 100% used [0x00000000d0000000,0x00000000f4000000,0x00000000f4000000)
  from space 98304K, 1% used [0x00000000f4000000,0x00000000f4126150,0x00000000fa000000)
  to   space 98304K, 0% used [0x00000000fa000000,0x00000000fa000000,0x0000000100000000)
 ParOldGen       total 1310720K, used 1152969K [0x0000000080000000, 0x00000000d0000000, 0x00000000d0000000)
  object space 1310720K, 87% used [0x0000000080000000,0x00000000c65f2798,0x00000000d0000000)
 Metaspace       used 250133K, capacity 254880K, committed 255104K, reserved 747520K
  class space    used 23973K, capacity 24959K, committed 24960K, reserved 516096K
2025-05-15T00:13:10.522+0900: 21601.809: [GC (Allocation Failure) [PSYoungGen: 591000K->1336K(688128K)] 1743970K->1154322K(1998848K), 0.0163735 secs] [Times: user=0.04 sys=0.00, real=0.01 secs] 
Heap after GC invocations=442 (full 2):
 PSYoungGen      total 688128K, used 1336K [0x00000000d0000000, 0x0000000100000000, 0x0000000100000000)
  eden space 589824K, 0% used [0x00000000d0000000,0x00000000d0000000,0x00000000f4000000)
  from space 98304K, 1% used [0x00000000fa000000,0x00000000fa14e150,0x0000000100000000)
  to   space 98304K, 0% used [0x00000000f4000000,0x00000000f4000000,0x00000000fa000000)
 ParOldGen       total 1310720K, used 1152985K [0x0000000080000000, 0x00000000d0000000, 0x00000000d0000000)
  object space 1310720K, 87% used [0x0000000080000000,0x00000000c65f6798,0x00000000d0000000)
 Metaspace       used 250133K, capacity 254880K, committed 255104K, reserved 747520K
  class space    used 23973K, capacity 24959K, committed 24960K, reserved 516096K
}
{Heap before GC invocations=443 (full 2):
 PSYoungGen      total 688128K, used 591160K [0x00000000d0000000, 0x0000000100000000, 0x0000000100000000)
  eden space 589824K, 100% used [0x00000000d0000000,0x00000000f4000000,0x00000000f4000000)
  from space 98304K, 1% used [0x00000000fa000000,0x00000000fa14e150,0x0000000100000000)
  to   space 98304K, 0% used [0x00000000f4000000,0x00000000f4000000,0x00000000fa000000)
 ParOldGen       total 1310720K, used 1152985K [0x0000000080000000, 0x00000000d0000000, 0x00000000d0000000)
  object space 1310720K, 87% used [0x0000000080000000,0x00000000c65f6798,0x00000000d0000000)
 Metaspace       used 250133K, capacity 254880K, committed 255104K, reserved 747520K
  class space    used 23973K, capacity 24959K, committed 24960K, reserved 516096K
2025-05-15T00:14:12.835+0900: 21664.122: [GC (Allocation Failure) [PSYoungGen: 591160K->1336K(688128K)] 1744146K->1154338K(1998848K), 0.0161234 secs] [Times: user=0.03 sys=0.00, real=0.02 secs] 
Heap after GC invocations=443 (full 2):
 PSYoungGen      total 688128K, used 1336K [0x00000000d0000000, 0x0000000100000000, 0x0000000100000000)
  eden space 589824K, 0% used [0x00000000d0000000,0x00000000d0000000,0x00000000f4000000)
  from space 98304K, 1% used [0x00000000f4000000,0x00000000f414e150,0x00000000fa000000)
  to   space 98304K, 0% used [0x00000000fa000000,0x00000000fa000000,0x0000000100000000)
 ParOldGen       total 1310720K, used 1153001K [0x0000000080000000, 0x00000000d0000000, 0x00000000d0000000)
  object space 1310720K, 87% used [0x0000000080000000,0x00000000c65fa798,0x00000000d0000000)
 Metaspace       used 250133K, capacity 254880K, committed 255104K, reserved 747520K
  class space    used 23973K, capacity 24959K, committed 24960K, reserved 516096K
}
{Heap before GC invocations=444 (full 2):
 PSYoungGen      total 688128K, used 591160K [0x00000000d0000000, 0x0000000100000000, 0x0000000100000000)
  eden space 589824K, 100% used [0x00000000d0000000,0x00000000f4000000,0x00000000f4000000)
  from space 98304K, 1% used [0x00000000f4000000,0x00000000f414e150,0x00000000fa000000)
  to   space 98304K, 0% used [0x00000000fa000000,0x00000000fa000000,0x0000000100000000)
 ParOldGen       total 1310720K, used 1153001K [0x0000000080000000, 0x00000000d0000000, 0x00000000d0000000)
  object space 1310720K, 87% used [0x0000000080000000,0x00000000c65fa798,0x00000000d0000000)
 Metaspace       used 250134K, capacity 254884K, committed 255104K, reserved 747520K
  class space    used 23973K, capacity 24959K, committed 24960K, reserved 516096K
2025-05-15T00:15:11.182+0900: 21722.470: [GC (Allocation Failure) [PSYoungGen: 591160K->1778K(688128K)] 1744162K->1154812K(1998848K), 0.0161914 secs] [Times: user=0.05 sys=0.00, real=0.02 secs] 
Heap after GC invocations=444 (full 2):
 PSYoungGen      total 688128K, used 1778K [0x00000000d0000000, 0x0000000100000000, 0x0000000100000000)
  eden space 589824K, 0% used [0x00000000d0000000,0x00000000d0000000,0x00000000f4000000)
  from space 98304K, 1% used [0x00000000fa000000,0x00000000fa1bc998,0x0000000100000000)
  to   space 98304K, 0% used [0x00000000f4000000,0x00000000f4000000,0x00000000fa000000)
 ParOldGen       total 1310720K, used 1153033K [0x0000000080000000, 0x00000000d0000000, 0x00000000d0000000)
  object space 1310720K, 87% used [0x0000000080000000,0x00000000c6602798,0x00000000d0000000)
 Metaspace       used 250134K, capacity 254884K, committed 255104K, reserved 747520K
  class space    used 23973K, capacity 24959K, committed 24960K, reserved 516096K
}
{Heap before GC invocations=445 (full 2):
 PSYoungGen      total 688128K, used 591602K [0x00000000d0000000, 0x0000000100000000, 0x0000000100000000)
  eden space 589824K, 100% used [0x00000000d0000000,0x00000000f4000000,0x00000000f4000000)
  from space 98304K, 1% used [0x00000000fa000000,0x00000000fa1bc998,0x0000000100000000)
  to   space 98304K, 0% used [0x00000000f4000000,0x00000000f4000000,0x00000000fa000000)
 ParOldGen       total 1310720K, used 1153033K [0x0000000080000000, 0x00000000d0000000, 0x00000000d0000000)
  object space 1310720K, 87% used [0x0000000080000000,0x00000000c6602798,0x00000000d0000000)
 Metaspace       used 250134K, capacity 254884K, committed 255104K, reserved 747520K
  class space    used 23973K, capacity 24959K, committed 24960K, reserved 516096K
2025-05-15T00:16:12.325+0900: 21783.612: [GC (Allocation Failure) [PSYoungGen: 591602K->1873K(688128K)] 1744636K->1154947K(1998848K), 0.0166923 secs] [Times: user=0.04 sys=0.00, real=0.02 secs] 
Heap after GC invocations=445 (full 2):
 PSYoungGen      total 688128K, used 1873K [0x00000000d0000000, 0x0000000100000000, 0x0000000100000000)
  eden space 589824K, 0% used [0x00000000d0000000,0x00000000d0000000,0x00000000f4000000)
  from space 98304K, 1% used [0x00000000f4000000,0x00000000f41d45e0,0x00000000fa000000)
  to   space 98304K, 0% used [0x00000000fa000000,0x00000000fa000000,0x0000000100000000)
 ParOldGen       total 1310720K, used 1153073K [0x0000000080000000, 0x00000000d0000000, 0x00000000d0000000)
  object space 1310720K, 87% used [0x0000000080000000,0x00000000c660c7a8,0x00000000d0000000)
 Metaspace       used 250134K, capacity 254884K, committed 255104K, reserved 747520K
  class space    used 23973K, capacity 24959K, committed 24960K, reserved 516096K
}
{Heap before GC invocations=446 (full 2):
 PSYoungGen      total 688128K, used 591697K [0x00000000d0000000, 0x0000000100000000, 0x0000000100000000)
  eden space 589824K, 100% used [0x00000000d0000000,0x00000000f4000000,0x00000000f4000000)
  from space 98304K, 1% used [0x00000000f4000000,0x00000000f41d45e0,0x00000000fa000000)
  to   space 98304K, 0% used [0x00000000fa000000,0x00000000fa000000,0x0000000100000000)
 ParOldGen       total 1310720K, used 1153073K [0x0000000080000000, 0x00000000d0000000, 0x00000000d0000000)
  object space 1310720K, 87% used [0x0000000080000000,0x00000000c660c7a8,0x00000000d0000000)
 Metaspace       used 250134K, capacity 254884K, committed 255104K, reserved 747520K
  class space    used 23973K, capacity 24959K, committed 24960K, reserved 516096K
2025-05-15T00:17:14.621+0900: 21845.908: [GC (Allocation Failure) [PSYoungGen: 591697K->1793K(688128K)] 1744771K->1154891K(1998848K), 0.0157165 secs] [Times: user=0.04 sys=0.01, real=0.01 secs] 
Heap after GC invocations=446 (full 2):
 PSYoungGen      total 688128K, used 1793K [0x00000000d0000000, 0x0000000100000000, 0x0000000100000000)
  eden space 589824K, 0% used [0x00000000d0000000,0x00000000d0000000,0x00000000f4000000)
  from space 98304K, 1% used [0x00000000fa000000,0x00000000fa1c05f0,0x0000000100000000)
  to   space 98304K, 0% used [0x00000000f4000000,0x00000000f4000000,0x00000000fa000000)
 ParOldGen       total 1310720K, used 1153097K [0x0000000080000000, 0x00000000d0000000, 0x00000000d0000000)
  object space 1310720K, 87% used [0x0000000080000000,0x00000000c66127a8,0x00000000d0000000)
 Metaspace       used 250134K, capacity 254884K, committed 255104K, reserved 747520K
  class space    used 23973K, capacity 24959K, committed 24960K, reserved 516096K
}
{Heap before GC invocations=447 (full 2):
 PSYoungGen      total 688128K, used 591617K [0x00000000d0000000, 0x0000000100000000, 0x0000000100000000)
  eden space 589824K, 100% used [0x00000000d0000000,0x00000000f4000000,0x00000000f4000000)
  from space 98304K, 1% used [0x00000000fa000000,0x00000000fa1c05f0,0x0000000100000000)
  to   space 98304K, 0% used [0x00000000f4000000,0x00000000f4000000,0x00000000fa000000)
 ParOldGen       total 1310720K, used 1153097K [0x0000000080000000, 0x00000000d0000000, 0x00000000d0000000)
  object space 1310720K, 87% used [0x0000000080000000,0x00000000c66127a8,0x00000000d0000000)
 Metaspace       used 250134K, capacity 254884K, committed 255104K, reserved 747520K
  class space    used 23973K, capacity 24959K, committed 24960K, reserved 516096K
2025-05-15T00:18:16.082+0900: 21907.369: [GC (Allocation Failure) [PSYoungGen: 591617K->1825K(688128K)] 1744715K->1154939K(1998848K), 0.0157529 secs] [Times: user=0.04 sys=0.00, real=0.01 secs] 
Heap after GC invocations=447 (full 2):
 PSYoungGen      total 688128K, used 1825K [0x00000000d0000000, 0x0000000100000000, 0x0000000100000000)
  eden space 589824K, 0% used [0x00000000d0000000,0x00000000d0000000,0x00000000f4000000)
  from space 98304K, 1% used [0x00000000f4000000,0x00000000f41c85f0,0x00000000fa000000)
  to   space 98304K, 0% used [0x00000000fa000000,0x00000000fa000000,0x0000000100000000)
 ParOldGen       total 1310720K, used 1153113K [0x0000000080000000, 0x00000000d0000000, 0x00000000d0000000)
  object space 1310720K, 87% used [0x0000000080000000,0x00000000c66167a8,0x00000000d0000000)
 Metaspace       used 250134K, capacity 254884K, committed 255104K, reserved 747520K
  class space    used 23973K, capacity 24959K, committed 24960K, reserved 516096K
}
{Heap before GC invocations=448 (full 2):
 PSYoungGen      total 688128K, used 591649K [0x00000000d0000000, 0x0000000100000000, 0x0000000100000000)
  eden space 589824K, 100% used [0x00000000d0000000,0x00000000f4000000,0x00000000f4000000)
  from space 98304K, 1% used [0x00000000f4000000,0x00000000f41c85f0,0x00000000fa000000)
  to   space 98304K, 0% used [0x00000000fa000000,0x00000000fa000000,0x0000000100000000)
 ParOldGen       total 1310720K, used 1153113K [0x0000000080000000, 0x00000000d0000000, 0x00000000d0000000)
  object space 1310720K, 87% used [0x0000000080000000,0x00000000c66167a8,0x00000000d0000000)
 Metaspace       used 250134K, capacity 254884K, committed 255104K, reserved 747520K
  class space    used 23973K, capacity 24959K, committed 24960K, reserved 516096K
2025-05-15T00:19:19.182+0900: 21970.470: [GC (Allocation Failure) [PSYoungGen: 591649K->1809K(688128K)] 1744763K->1154931K(1998848K), 0.0162703 secs] [Times: user=0.04 sys=0.00, real=0.02 secs] 
Heap after GC invocations=448 (full 2):
 PSYoungGen      total 688128K, used 1809K [0x00000000d0000000, 0x0000000100000000, 0x0000000100000000)
  eden space 589824K, 0% used [0x00000000d0000000,0x00000000d0000000,0x00000000f4000000)
  from space 98304K, 1% used [0x00000000fa000000,0x00000000fa1c4600,0x0000000100000000)
  to   space 98304K, 0% used [0x00000000f4000000,0x00000000f4000000,0x00000000fa000000)
 ParOldGen       total 1310720K, used 1153121K [0x0000000080000000, 0x00000000d0000000, 0x00000000d0000000)
  object space 1310720K, 87% used [0x0000000080000000,0x00000000c66187a8,0x00000000d0000000)
 Metaspace       used 250134K, capacity 254884K, committed 255104K, reserved 747520K
  class space    used 23973K, capacity 24959K, committed 24960K, reserved 516096K
}
{Heap before GC invocations=449 (full 2):
 PSYoungGen      total 688128K, used 591633K [0x00000000d0000000, 0x0000000100000000, 0x0000000100000000)
  eden space 589824K, 100% used [0x00000000d0000000,0x00000000f4000000,0x00000000f4000000)
  from space 98304K, 1% used [0x00000000fa000000,0x00000000fa1c4600,0x0000000100000000)
  to   space 98304K, 0% used [0x00000000f4000000,0x00000000f4000000,0x00000000fa000000)
 ParOldGen       total 1310720K, used 1153121K [0x0000000080000000, 0x00000000d0000000, 0x00000000d0000000)
  object space 1310720K, 87% used [0x0000000080000000,0x00000000c66187a8,0x00000000d0000000)
 Metaspace       used 250161K, capacity 254948K, committed 255104K, reserved 747520K
  class space    used 23973K, capacity 24959K, committed 24960K, reserved 516096K
2025-05-15T00:20:20.982+0900: 22032.269: [GC (Allocation Failure) [PSYoungGen: 591633K->1777K(688128K)] 1744755K->1154923K(1998848K), 0.0178747 secs] [Times: user=0.03 sys=0.00, real=0.02 secs] 
Heap after GC invocations=449 (full 2):
 PSYoungGen      total 688128K, used 1777K [0x00000000d0000000, 0x0000000100000000, 0x0000000100000000)
  eden space 589824K, 0% used [0x00000000d0000000,0x00000000d0000000,0x00000000f4000000)
  from space 98304K, 1% used [0x00000000f4000000,0x00000000f41bc600,0x00000000fa000000)
  to   space 98304K, 0% used [0x00000000fa000000,0x00000000fa000000,0x0000000100000000)
 ParOldGen       total 1310720K, used 1153145K [0x0000000080000000, 0x00000000d0000000, 0x00000000d0000000)
  object space 1310720K, 87% used [0x0000000080000000,0x00000000c661e7a8,0x00000000d0000000)
 Metaspace       used 250161K, capacity 254948K, committed 255104K, reserved 747520K
  class space    used 23973K, capacity 24959K, committed 24960K, reserved 516096K
}
{Heap before GC invocations=450 (full 2):
 PSYoungGen      total 688128K, used 591601K [0x00000000d0000000, 0x0000000100000000, 0x0000000100000000)
  eden space 589824K, 100% used [0x00000000d0000000,0x00000000f4000000,0x00000000f4000000)
  from space 98304K, 1% used [0x00000000f4000000,0x00000000f41bc600,0x00000000fa000000)
  to   space 98304K, 0% used [0x00000000fa000000,0x00000000fa000000,0x0000000100000000)
 ParOldGen       total 1310720K, used 1153145K [0x0000000080000000, 0x00000000d0000000, 0x00000000d0000000)
  object space 1310720K, 87% used [0x0000000080000000,0x00000000c661e7a8,0x00000000d0000000)
 Metaspace       used 250161K, capacity 254948K, committed 255104K, reserved 747520K
  class space    used 23973K, capacity 24959K, committed 24960K, reserved 516096K
2025-05-15T00:21:22.852+0900: 22094.139: [GC (Allocation Failure) [PSYoungGen: 591601K->1825K(688128K)] 1744747K->1154987K(1998848K), 0.0154214 secs] [Times: user=0.04 sys=0.00, real=0.01 secs] 
Heap after GC invocations=450 (full 2):
 PSYoungGen      total 688128K, used 1825K [0x00000000d0000000, 0x0000000100000000, 0x0000000100000000)
  eden space 589824K, 0% used [0x00000000d0000000,0x00000000d0000000,0x00000000f4000000)
  from space 98304K, 1% used [0x00000000fa000000,0x00000000fa1c85f0,0x0000000100000000)
  to   space 98304K, 0% used [0x00000000f4000000,0x00000000f4000000,0x00000000fa000000)
 ParOldGen       total 1310720K, used 1153161K [0x0000000080000000, 0x00000000d0000000, 0x00000000d0000000)
  object space 1310720K, 87% used [0x0000000080000000,0x00000000c66227a8,0x00000000d0000000)
 Metaspace       used 250161K, capacity 254948K, committed 255104K, reserved 747520K
  class space    used 23973K, capacity 24959K, committed 24960K, reserved 516096K
}
{Heap before GC invocations=451 (full 2):
 PSYoungGen      total 688128K, used 591649K [0x00000000d0000000, 0x0000000100000000, 0x0000000100000000)
  eden space 589824K, 100% used [0x00000000d0000000,0x00000000f4000000,0x00000000f4000000)
  from space 98304K, 1% used [0x00000000fa000000,0x00000000fa1c85f0,0x0000000100000000)
  to   space 98304K, 0% used [0x00000000f4000000,0x00000000f4000000,0x00000000fa000000)
 ParOldGen       total 1310720K, used 1153161K [0x0000000080000000, 0x00000000d0000000, 0x00000000d0000000)
  object space 1310720K, 87% used [0x0000000080000000,0x00000000c66227a8,0x00000000d0000000)
 Metaspace       used 250163K, capacity 254948K, committed 255104K, reserved 747520K
  class space    used 23973K, capacity 24959K, committed 24960K, reserved 516096K
2025-05-15T00:22:25.032+0900: 22156.319: [GC (Allocation Failure) [PSYoungGen: 591649K->1369K(688128K)] 1744811K->1154954K(1998848K), 0.0152836 secs] [Times: user=0.04 sys=0.00, real=0.01 secs] 
Heap after GC invocations=451 (full 2):
 PSYoungGen      total 688128K, used 1369K [0x00000000d0000000, 0x0000000100000000, 0x0000000100000000)
  eden space 589824K, 0% used [0x00000000d0000000,0x00000000d0000000,0x00000000f4000000)
  from space 98304K, 1% used [0x00000000f4000000,0x00000000f41564b0,0x00000000fa000000)
  to   space 98304K, 0% used [0x00000000fa000000,0x00000000fa000000,0x0000000100000000)
 ParOldGen       total 1310720K, used 1153585K [0x0000000080000000, 0x00000000d0000000, 0x00000000d0000000)
  object space 1310720K, 88% used [0x0000000080000000,0x00000000c668c548,0x00000000d0000000)
 Metaspace       used 250163K, capacity 254948K, committed 255104K, reserved 747520K
  class space    used 23973K, capacity 24959K, committed 24960K, reserved 516096K
}
{Heap before GC invocations=452 (full 2):
 PSYoungGen      total 688128K, used 591193K [0x00000000d0000000, 0x0000000100000000, 0x0000000100000000)
  eden space 589824K, 100% used [0x00000000d0000000,0x00000000f4000000,0x00000000f4000000)
  from space 98304K, 1% used [0x00000000f4000000,0x00000000f41564b0,0x00000000fa000000)
  to   space 98304K, 0% used [0x00000000fa000000,0x00000000fa000000,0x0000000100000000)
 ParOldGen       total 1310720K, used 1153585K [0x0000000080000000, 0x00000000d0000000, 0x00000000d0000000)
  object space 1310720K, 88% used [0x0000000080000000,0x00000000c668c548,0x00000000d0000000)
 Metaspace       used 250163K, capacity 254948K, committed 255104K, reserved 747520K
  class space    used 23973K, capacity 24959K, committed 24960K, reserved 516096K
2025-05-15T00:23:27.331+0900: 22218.618: [GC (Allocation Failure) [PSYoungGen: 591193K->1369K(688128K)] 1744778K->1154978K(1998848K), 0.0154860 secs] [Times: user=0.04 sys=0.00, real=0.01 secs] 
Heap after GC invocations=452 (full 2):
 PSYoungGen      total 688128K, used 1369K [0x00000000d0000000, 0x0000000100000000, 0x0000000100000000)
  eden space 589824K, 0% used [0x00000000d0000000,0x00000000d0000000,0x00000000f4000000)
  from space 98304K, 1% used [0x00000000fa000000,0x00000000fa1564b0,0x0000000100000000)
  to   space 98304K, 0% used [0x00000000f4000000,0x00000000f4000000,0x00000000fa000000)
 ParOldGen       total 1310720K, used 1153609K [0x0000000080000000, 0x00000000d0000000, 0x00000000d0000000)
  object space 1310720K, 88% used [0x0000000080000000,0x00000000c6692548,0x00000000d0000000)
 Metaspace       used 250163K, capacity 254948K, committed 255104K, reserved 747520K
  class space    used 23973K, capacity 24959K, committed 24960K, reserved 516096K
}
{Heap before GC invocations=453 (full 2):
 PSYoungGen      total 688128K, used 591193K [0x00000000d0000000, 0x0000000100000000, 0x0000000100000000)
  eden space 589824K, 100% used [0x00000000d0000000,0x00000000f4000000,0x00000000f4000000)
  from space 98304K, 1% used [0x00000000fa000000,0x00000000fa1564b0,0x0000000100000000)
  to   space 98304K, 0% used [0x00000000f4000000,0x00000000f4000000,0x00000000fa000000)
 ParOldGen       total 1310720K, used 1153609K [0x0000000080000000, 0x00000000d0000000, 0x00000000d0000000)
  object space 1310720K, 88% used [0x0000000080000000,0x00000000c6692548,0x00000000d0000000)
 Metaspace       used 250166K, capacity 254948K, committed 255104K, reserved 747520K
  class space    used 23973K, capacity 24959K, committed 24960K, reserved 516096K
2025-05-15T00:24:29.961+0900: 22281.248: [GC (Allocation Failure) [PSYoungGen: 591193K->1401K(688128K)] 1744802K->1155026K(1998848K), 0.0303278 secs] [Times: user=0.08 sys=0.00, real=0.03 secs] 
Heap after GC invocations=453 (full 2):
 PSYoungGen      total 688128K, used 1401K [0x00000000d0000000, 0x0000000100000000, 0x0000000100000000)
  eden space 589824K, 0% used [0x00000000d0000000,0x00000000d0000000,0x00000000f4000000)
  from space 98304K, 1% used [0x00000000f4000000,0x00000000f415e4b0,0x00000000fa000000)
  to   space 98304K, 0% used [0x00000000fa000000,0x00000000fa000000,0x0000000100000000)
 ParOldGen       total 1310720K, used 1153625K [0x0000000080000000, 0x00000000d0000000, 0x00000000d0000000)
  object space 1310720K, 88% used [0x0000000080000000,0x00000000c6696548,0x00000000d0000000)
 Metaspace       used 250166K, capacity 254948K, committed 255104K, reserved 747520K
  class space    used 23973K, capacity 24959K, committed 24960K, reserved 516096K
}
{Heap before GC invocations=454 (full 2):
 PSYoungGen      total 688128K, used 591225K [0x00000000d0000000, 0x0000000100000000, 0x0000000100000000)
  eden space 589824K, 100% used [0x00000000d0000000,0x00000000f4000000,0x00000000f4000000)
  from space 98304K, 1% used [0x00000000f4000000,0x00000000f415e4b0,0x00000000fa000000)
  to   space 98304K, 0% used [0x00000000fa000000,0x00000000fa000000,0x0000000100000000)
 ParOldGen       total 1310720K, used 1153625K [0x0000000080000000, 0x00000000d0000000, 0x00000000d0000000)
  object space 1310720K, 88% used [0x0000000080000000,0x00000000c6696548,0x00000000d0000000)
 Metaspace       used 250171K, capacity 254948K, committed 255104K, reserved 747520K
  class space    used 23973K, capacity 24959K, committed 24960K, reserved 516096K
2025-05-15T00:25:31.820+0900: 22343.107: [GC (Allocation Failure) [PSYoungGen: 591225K->1369K(688128K)] 1744850K->1155010K(1998848K), 0.0154667 secs] [Times: user=0.04 sys=0.00, real=0.01 secs] 
Heap after GC invocations=454 (full 2):
 PSYoungGen      total 688128K, used 1369K [0x00000000d0000000, 0x0000000100000000, 0x0000000100000000)
  eden space 589824K, 0% used [0x00000000d0000000,0x00000000d0000000,0x00000000f4000000)
  from space 98304K, 1% used [0x00000000fa000000,0x00000000fa1564b0,0x0000000100000000)
  to   space 98304K, 0% used [0x00000000f4000000,0x00000000f4000000,0x00000000fa000000)
 ParOldGen       total 1310720K, used 1153641K [0x0000000080000000, 0x00000000d0000000, 0x00000000d0000000)
  object space 1310720K, 88% used [0x0000000080000000,0x00000000c669a548,0x00000000d0000000)
 Metaspace       used 250171K, capacity 254948K, committed 255104K, reserved 747520K
  class space    used 23973K, capacity 24959K, committed 24960K, reserved 516096K
}
{Heap before GC invocations=455 (full 2):
 PSYoungGen      total 688128K, used 591193K [0x00000000d0000000, 0x0000000100000000, 0x0000000100000000)
  eden space 589824K, 100% used [0x00000000d0000000,0x00000000f4000000,0x00000000f4000000)
  from space 98304K, 1% used [0x00000000fa000000,0x00000000fa1564b0,0x0000000100000000)
  to   space 98304K, 0% used [0x00000000f4000000,0x00000000f4000000,0x00000000fa000000)
 ParOldGen       total 1310720K, used 1153641K [0x0000000080000000, 0x00000000d0000000, 0x00000000d0000000)
  object space 1310720K, 88% used [0x0000000080000000,0x00000000c669a548,0x00000000d0000000)
 Metaspace       used 250173K, capacity 254948K, committed 255104K, reserved 747520K
  class space    used 23973K, capacity 24959K, committed 24960K, reserved 516096K
2025-05-15T00:26:35.059+0900: 22406.346: [GC (Allocation Failure) [PSYoungGen: 591193K->1369K(688128K)] 1744834K->1155082K(1998848K), 0.0155985 secs] [Times: user=0.03 sys=0.00, real=0.01 secs] 
Heap after GC invocations=455 (full 2):
 PSYoungGen      total 688128K, used 1369K [0x00000000d0000000, 0x0000000100000000, 0x0000000100000000)
  eden space 589824K, 0% used [0x00000000d0000000,0x00000000d0000000,0x00000000f4000000)
  from space 98304K, 1% used [0x00000000f4000000,0x00000000f41564b0,0x00000000fa000000)
  to   space 98304K, 0% used [0x00000000fa000000,0x00000000fa000000,0x0000000100000000)
 ParOldGen       total 1310720K, used 1153713K [0x0000000080000000, 0x00000000d0000000, 0x00000000d0000000)
  object space 1310720K, 88% used [0x0000000080000000,0x00000000c66ac588,0x00000000d0000000)
 Metaspace       used 250173K, capacity 254948K, committed 255104K, reserved 747520K
  class space    used 23973K, capacity 24959K, committed 24960K, reserved 516096K
}
{Heap before GC invocations=456 (full 2):
 PSYoungGen      total 688128K, used 591193K [0x00000000d0000000, 0x0000000100000000, 0x0000000100000000)
  eden space 589824K, 100% used [0x00000000d0000000,0x00000000f4000000,0x00000000f4000000)
  from space 98304K, 1% used [0x00000000f4000000,0x00000000f41564b0,0x00000000fa000000)
  to   space 98304K, 0% used [0x00000000fa000000,0x00000000fa000000,0x0000000100000000)
 ParOldGen       total 1310720K, used 1153713K [0x0000000080000000, 0x00000000d0000000, 0x00000000d0000000)
  object space 1310720K, 88% used [0x0000000080000000,0x00000000c66ac588,0x00000000d0000000)
 Metaspace       used 250200K, capacity 255012K, committed 255104K, reserved 747520K
  class space    used 23973K, capacity 24959K, committed 24960K, reserved 516096K
2025-05-15T00:27:37.350+0900: 22468.637: [GC (Allocation Failure) [PSYoungGen: 591193K->1305K(688128K)] 1744906K->1155034K(1998848K), 0.0153243 secs] [Times: user=0.04 sys=0.00, real=0.01 secs] 
Heap after GC invocations=456 (full 2):
 PSYoungGen      total 688128K, used 1305K [0x00000000d0000000, 0x0000000100000000, 0x0000000100000000)
  eden space 589824K, 0% used [0x00000000d0000000,0x00000000d0000000,0x00000000f4000000)
  from space 98304K, 1% used [0x00000000fa000000,0x00000000fa1464b0,0x0000000100000000)
  to   space 98304K, 0% used [0x00000000f4000000,0x00000000f4000000,0x00000000fa000000)
 ParOldGen       total 1310720K, used 1153729K [0x0000000080000000, 0x00000000d0000000, 0x00000000d0000000)
  object space 1310720K, 88% used [0x0000000080000000,0x00000000c66b0588,0x00000000d0000000)
 Metaspace       used 250200K, capacity 255012K, committed 255104K, reserved 747520K
  class space    used 23973K, capacity 24959K, committed 24960K, reserved 516096K
}
{Heap before GC invocations=457 (full 2):
 PSYoungGen      total 688128K, used 591129K [0x00000000d0000000, 0x0000000100000000, 0x0000000100000000)
  eden space 589824K, 100% used [0x00000000d0000000,0x00000000f4000000,0x00000000f4000000)
  from space 98304K, 1% used [0x00000000fa000000,0x00000000fa1464b0,0x0000000100000000)
  to   space 98304K, 0% used [0x00000000f4000000,0x00000000f4000000,0x00000000fa000000)
 ParOldGen       total 1310720K, used 1153729K [0x0000000080000000, 0x00000000d0000000, 0x00000000d0000000)
  object space 1310720K, 88% used [0x0000000080000000,0x00000000c66b0588,0x00000000d0000000)
 Metaspace       used 250200K, capacity 255012K, committed 255104K, reserved 747520K
  class space    used 23973K, capacity 24959K, committed 24960K, reserved 516096K
2025-05-15T00:28:39.623+0900: 22530.910: [GC (Allocation Failure) [PSYoungGen: 591129K->1257K(688128K)] 1744858K->1155030K(1998848K), 0.0151039 secs] [Times: user=0.04 sys=0.00, real=0.01 secs] 
Heap after GC invocations=457 (full 2):
 PSYoungGen      total 688128K, used 1257K [0x00000000d0000000, 0x0000000100000000, 0x0000000100000000)
  eden space 589824K, 0% used [0x00000000d0000000,0x00000000d0000000,0x00000000f4000000)
  from space 98304K, 1% used [0x00000000f4000000,0x00000000f413a4c0,0x00000000fa000000)
  to   space 98304K, 0% used [0x00000000fa000000,0x00000000fa000000,0x0000000100000000)
 ParOldGen       total 1310720K, used 1153773K [0x0000000080000000, 0x00000000d0000000, 0x00000000d0000000)
  object space 1310720K, 88% used [0x0000000080000000,0x00000000c66bb4e8,0x00000000d0000000)
 Metaspace       used 250200K, capacity 255012K, committed 255104K, reserved 747520K
  class space    used 23973K, capacity 24959K, committed 24960K, reserved 516096K
}
{Heap before GC invocations=458 (full 2):
 PSYoungGen      total 688128K, used 591081K [0x00000000d0000000, 0x0000000100000000, 0x0000000100000000)
  eden space 589824K, 100% used [0x00000000d0000000,0x00000000f4000000,0x00000000f4000000)
  from space 98304K, 1% used [0x00000000f4000000,0x00000000f413a4c0,0x00000000fa000000)
  to   space 98304K, 0% used [0x00000000fa000000,0x00000000fa000000,0x0000000100000000)
 ParOldGen       total 1310720K, used 1153773K [0x0000000080000000, 0x00000000d0000000, 0x00000000d0000000)
  object space 1310720K, 88% used [0x0000000080000000,0x00000000c66bb4e8,0x00000000d0000000)
 Metaspace       used 250203K, capacity 255012K, committed 255104K, reserved 747520K
  class space    used 23973K, capacity 24959K, committed 24960K, reserved 516096K
2025-05-15T00:29:41.906+0900: 22593.193: [GC (Allocation Failure) [PSYoungGen: 591081K->1273K(688128K)] 1744854K->1155062K(1998848K), 0.0147367 secs] [Times: user=0.04 sys=0.00, real=0.02 secs] 
Heap after GC invocations=458 (full 2):
 PSYoungGen      total 688128K, used 1273K [0x00000000d0000000, 0x0000000100000000, 0x0000000100000000)
  eden space 589824K, 0% used [0x00000000d0000000,0x00000000d0000000,0x00000000f4000000)
  from space 98304K, 1% used [0x00000000fa000000,0x00000000fa13e4b0,0x0000000100000000)
  to   space 98304K, 0% used [0x00000000f4000000,0x00000000f4000000,0x00000000fa000000)
 ParOldGen       total 1310720K, used 1153789K [0x0000000080000000, 0x00000000d0000000, 0x00000000d0000000)
  object space 1310720K, 88% used [0x0000000080000000,0x00000000c66bf4e8,0x00000000d0000000)
 Metaspace       used 250203K, capacity 255012K, committed 255104K, reserved 747520K
  class space    used 23973K, capacity 24959K, committed 24960K, reserved 516096K
}
{Heap before GC invocations=459 (full 2):
 PSYoungGen      total 688128K, used 591097K [0x00000000d0000000, 0x0000000100000000, 0x0000000100000000)
  eden space 589824K, 100% used [0x00000000d0000000,0x00000000f4000000,0x00000000f4000000)
  from space 98304K, 1% used [0x00000000fa000000,0x00000000fa13e4b0,0x0000000100000000)
  to   space 98304K, 0% used [0x00000000f4000000,0x00000000f4000000,0x00000000fa000000)
 ParOldGen       total 1310720K, used 1153789K [0x0000000080000000, 0x00000000d0000000, 0x00000000d0000000)
  object space 1310720K, 88% used [0x0000000080000000,0x00000000c66bf4e8,0x00000000d0000000)
 Metaspace       used 250203K, capacity 255012K, committed 255104K, reserved 747520K
  class space    used 23973K, capacity 24959K, committed 24960K, reserved 516096K
2025-05-15T00:30:45.176+0900: 22656.463: [GC (Allocation Failure) [PSYoungGen: 591097K->1097K(688128K)] 1744886K->1155109K(1998848K), 0.0153144 secs] [Times: user=0.04 sys=0.00, real=0.02 secs] 
Heap after GC invocations=459 (full 2):
 PSYoungGen      total 688128K, used 1097K [0x00000000d0000000, 0x0000000100000000, 0x0000000100000000)
  eden space 589824K, 0% used [0x00000000d0000000,0x00000000d0000000,0x00000000f4000000)
  from space 98304K, 1% used [0x00000000f4000000,0x00000000f41124c0,0x00000000fa000000)
  to   space 98304K, 0% used [0x00000000fa000000,0x00000000fa000000,0x0000000100000000)
 ParOldGen       total 1310720K, used 1154012K [0x0000000080000000, 0x00000000d0000000, 0x00000000d0000000)
  object space 1310720K, 88% used [0x0000000080000000,0x00000000c66f7330,0x00000000d0000000)
 Metaspace       used 250203K, capacity 255012K, committed 255104K, reserved 747520K
  class space    used 23973K, capacity 24959K, committed 24960K, reserved 516096K
}
{Heap before GC invocations=460 (full 2):
 PSYoungGen      total 688128K, used 590921K [0x00000000d0000000, 0x0000000100000000, 0x0000000100000000)
  eden space 589824K, 100% used [0x00000000d0000000,0x00000000f4000000,0x00000000f4000000)
  from space 98304K, 1% used [0x00000000f4000000,0x00000000f41124c0,0x00000000fa000000)
  to   space 98304K, 0% used [0x00000000fa000000,0x00000000fa000000,0x0000000100000000)
 ParOldGen       total 1310720K, used 1154012K [0x0000000080000000, 0x00000000d0000000, 0x00000000d0000000)
  object space 1310720K, 88% used [0x0000000080000000,0x00000000c66f7330,0x00000000d0000000)
 Metaspace       used 250224K, capacity 255012K, committed 255104K, reserved 747520K
  class space    used 23981K, capacity 24959K, committed 24960K, reserved 516096K
2025-05-15T00:31:47.456+0900: 22718.743: [GC (Allocation Failure) [PSYoungGen: 590921K->672K(688128K)] 1744933K->1155097K(1998848K), 0.0154166 secs] [Times: user=0.04 sys=0.00, real=0.02 secs] 
Heap after GC invocations=460 (full 2):
 PSYoungGen      total 688128K, used 672K [0x00000000d0000000, 0x0000000100000000, 0x0000000100000000)
  eden space 589824K, 0% used [0x00000000d0000000,0x00000000d0000000,0x00000000f4000000)
  from space 98304K, 0% used [0x00000000fa000000,0x00000000fa0a8020,0x0000000100000000)
  to   space 98304K, 0% used [0x00000000f4000000,0x00000000f4000000,0x00000000fa000000)
 ParOldGen       total 1310720K, used 1154425K [0x0000000080000000, 0x00000000d0000000, 0x00000000d0000000)
  object space 1310720K, 88% used [0x0000000080000000,0x00000000c675e788,0x00000000d0000000)
 Metaspace       used 250224K, capacity 255012K, committed 255104K, reserved 747520K
  class space    used 23981K, capacity 24959K, committed 24960K, reserved 516096K
}
{Heap before GC invocations=461 (full 2):
 PSYoungGen      total 688128K, used 590496K [0x00000000d0000000, 0x0000000100000000, 0x0000000100000000)
  eden space 589824K, 100% used [0x00000000d0000000,0x00000000f4000000,0x00000000f4000000)
  from space 98304K, 0% used [0x00000000fa000000,0x00000000fa0a8020,0x0000000100000000)
  to   space 98304K, 0% used [0x00000000f4000000,0x00000000f4000000,0x00000000fa000000)
 ParOldGen       total 1310720K, used 1154425K [0x0000000080000000, 0x00000000d0000000, 0x00000000d0000000)
  object space 1310720K, 88% used [0x0000000080000000,0x00000000c675e788,0x00000000d0000000)
 Metaspace       used 250231K, capacity 255012K, committed 255104K, reserved 747520K
  class space    used 23981K, capacity 24959K, committed 24960K, reserved 516096K
2025-05-15T00:32:49.734+0900: 22781.021: [GC (Allocation Failure) [PSYoungGen: 590496K->608K(688128K)] 1744921K->1155137K(1998848K), 0.0150001 secs] [Times: user=0.04 sys=0.00, real=0.02 secs] 
Heap after GC invocations=461 (full 2):
 PSYoungGen      total 688128K, used 608K [0x00000000d0000000, 0x0000000100000000, 0x0000000100000000)
  eden space 589824K, 0% used [0x00000000d0000000,0x00000000d0000000,0x00000000f4000000)
  from space 98304K, 0% used [0x00000000f4000000,0x00000000f4098000,0x00000000fa000000)
  to   space 98304K, 0% used [0x00000000fa000000,0x00000000fa000000,0x0000000100000000)
 ParOldGen       total 1310720K, used 1154529K [0x0000000080000000, 0x00000000d0000000, 0x00000000d0000000)
  object space 1310720K, 88% used [0x0000000080000000,0x00000000c6778708,0x00000000d0000000)
 Metaspace       used 250231K, capacity 255012K, committed 255104K, reserved 747520K
  class space    used 23981K, capacity 24959K, committed 24960K, reserved 516096K
}
{Heap before GC invocations=462 (full 2):
 PSYoungGen      total 688128K, used 590432K [0x00000000d0000000, 0x0000000100000000, 0x0000000100000000)
  eden space 589824K, 100% used [0x00000000d0000000,0x00000000f4000000,0x00000000f4000000)
  from space 98304K, 0% used [0x00000000f4000000,0x00000000f4098000,0x00000000fa000000)
  to   space 98304K, 0% used [0x00000000fa000000,0x00000000fa000000,0x0000000100000000)
 ParOldGen       total 1310720K, used 1154529K [0x0000000080000000, 0x00000000d0000000, 0x00000000d0000000)
  object space 1310720K, 88% used [0x0000000080000000,0x00000000c6778708,0x00000000d0000000)
 Metaspace       used 250231K, capacity 255012K, committed 255104K, reserved 747520K
  class space    used 23981K, capacity 24959K, committed 24960K, reserved 516096K
2025-05-15T00:33:51.127+0900: 22842.414: [GC (Allocation Failure) [PSYoungGen: 590432K->608K(688128K)] 1744961K->1155153K(1998848K), 0.0153589 secs] [Times: user=0.04 sys=0.01, real=0.02 secs] 
Heap after GC invocations=462 (full 2):
 PSYoungGen      total 688128K, used 608K [0x00000000d0000000, 0x0000000100000000, 0x0000000100000000)
  eden space 589824K, 0% used [0x00000000d0000000,0x00000000d0000000,0x00000000f4000000)
  from space 98304K, 0% used [0x00000000fa000000,0x00000000fa098000,0x0000000100000000)
  to   space 98304K, 0% used [0x00000000f4000000,0x00000000f4000000,0x00000000fa000000)
 ParOldGen       total 1310720K, used 1154545K [0x0000000080000000, 0x00000000d0000000, 0x00000000d0000000)
  object space 1310720K, 88% used [0x0000000080000000,0x00000000c677c708,0x00000000d0000000)
 Metaspace       used 250231K, capacity 255012K, committed 255104K, reserved 747520K
  class space    used 23981K, capacity 24959K, committed 24960K, reserved 516096K
}
{Heap before GC invocations=463 (full 2):
 PSYoungGen      total 688128K, used 590432K [0x00000000d0000000, 0x0000000100000000, 0x0000000100000000)
  eden space 589824K, 100% used [0x00000000d0000000,0x00000000f4000000,0x00000000f4000000)
  from space 98304K, 0% used [0x00000000fa000000,0x00000000fa098000,0x0000000100000000)
  to   space 98304K, 0% used [0x00000000f4000000,0x00000000f4000000,0x00000000fa000000)
 ParOldGen       total 1310720K, used 1154545K [0x0000000080000000, 0x00000000d0000000, 0x00000000d0000000)
  object space 1310720K, 88% used [0x0000000080000000,0x00000000c677c708,0x00000000d0000000)
 Metaspace       used 250232K, capacity 255012K, committed 255104K, reserved 747520K
  class space    used 23981K, capacity 24959K, committed 24960K, reserved 516096K
2025-05-15T00:34:53.345+0900: 22904.632: [GC (Allocation Failure) [PSYoungGen: 590432K->608K(688128K)] 1744977K->1155177K(1998848K), 0.0145187 secs] [Times: user=0.04 sys=0.00, real=0.02 secs] 
Heap after GC invocations=463 (full 2):
 PSYoungGen      total 688128K, used 608K [0x00000000d0000000, 0x0000000100000000, 0x0000000100000000)
  eden space 589824K, 0% used [0x00000000d0000000,0x00000000d0000000,0x00000000f4000000)
  from space 98304K, 0% used [0x00000000f4000000,0x00000000f4098000,0x00000000fa000000)
  to   space 98304K, 0% used [0x00000000fa000000,0x00000000fa000000,0x0000000100000000)
 ParOldGen       total 1310720K, used 1154569K [0x0000000080000000, 0x00000000d0000000, 0x00000000d0000000)
  object space 1310720K, 88% used [0x0000000080000000,0x00000000c6782708,0x00000000d0000000)
 Metaspace       used 250232K, capacity 255012K, committed 255104K, reserved 747520K
  class space    used 23981K, capacity 24959K, committed 24960K, reserved 516096K
}
{Heap before GC invocations=464 (full 2):
 PSYoungGen      total 688128K, used 590432K [0x00000000d0000000, 0x0000000100000000, 0x0000000100000000)
  eden space 589824K, 100% used [0x00000000d0000000,0x00000000f4000000,0x00000000f4000000)
  from space 98304K, 0% used [0x00000000f4000000,0x00000000f4098000,0x00000000fa000000)
  to   space 98304K, 0% used [0x00000000fa000000,0x00000000fa000000,0x0000000100000000)
 ParOldGen       total 1310720K, used 1154569K [0x0000000080000000, 0x00000000d0000000, 0x00000000d0000000)
  object space 1310720K, 88% used [0x0000000080000000,0x00000000c6782708,0x00000000d0000000)
 Metaspace       used 250235K, capacity 255012K, committed 255104K, reserved 747520K
  class space    used 23981K, capacity 24959K, committed 24960K, reserved 516096K
2025-05-15T00:35:55.565+0900: 22966.852: [GC (Allocation Failure) [PSYoungGen: 590432K->640K(688128K)] 1745001K->1155225K(1998848K), 0.0144770 secs] [Times: user=0.03 sys=0.00, real=0.02 secs] 
Heap after GC invocations=464 (full 2):
 PSYoungGen      total 688128K, used 640K [0x00000000d0000000, 0x0000000100000000, 0x0000000100000000)
  eden space 589824K, 0% used [0x00000000d0000000,0x00000000d0000000,0x00000000f4000000)
  from space 98304K, 0% used [0x00000000fa000000,0x00000000fa0a0000,0x0000000100000000)
  to   space 98304K, 0% used [0x00000000f4000000,0x00000000f4000000,0x00000000fa000000)
 ParOldGen       total 1310720K, used 1154585K [0x0000000080000000, 0x00000000d0000000, 0x00000000d0000000)
  object space 1310720K, 88% used [0x0000000080000000,0x00000000c6786708,0x00000000d0000000)
 Metaspace       used 250235K, capacity 255012K, committed 255104K, reserved 747520K
  class space    used 23981K, capacity 24959K, committed 24960K, reserved 516096K
}
{Heap before GC invocations=465 (full 2):
 PSYoungGen      total 688128K, used 590464K [0x00000000d0000000, 0x0000000100000000, 0x0000000100000000)
  eden space 589824K, 100% used [0x00000000d0000000,0x00000000f4000000,0x00000000f4000000)
  from space 98304K, 0% used [0x00000000fa000000,0x00000000fa0a0000,0x0000000100000000)
  to   space 98304K, 0% used [0x00000000f4000000,0x00000000f4000000,0x00000000fa000000)
 ParOldGen       total 1310720K, used 1154585K [0x0000000080000000, 0x00000000d0000000, 0x00000000d0000000)
  object space 1310720K, 88% used [0x0000000080000000,0x00000000c6786708,0x00000000d0000000)
 Metaspace       used 250258K, capacity 255012K, committed 255104K, reserved 747520K
  class space    used 23981K, capacity 24959K, committed 24960K, reserved 516096K
2025-05-15T00:36:57.862+0900: 23029.149: [GC (Allocation Failure) [PSYoungGen: 590464K->608K(688128K)] 1745049K->1155217K(1998848K), 0.0141054 secs] [Times: user=0.04 sys=0.00, real=0.01 secs] 
Heap after GC invocations=465 (full 2):
 PSYoungGen      total 688128K, used 608K [0x00000000d0000000, 0x0000000100000000, 0x0000000100000000)
  eden space 589824K, 0% used [0x00000000d0000000,0x00000000d0000000,0x00000000f4000000)
  from space 98304K, 0% used [0x00000000f4000000,0x00000000f4098000,0x00000000fa000000)
  to   space 98304K, 0% used [0x00000000fa000000,0x00000000fa000000,0x0000000100000000)
 ParOldGen       total 1310720K, used 1154609K [0x0000000080000000, 0x00000000d0000000, 0x00000000d0000000)
  object space 1310720K, 88% used [0x0000000080000000,0x00000000c678c708,0x00000000d0000000)
 Metaspace       used 250258K, capacity 255012K, committed 255104K, reserved 747520K
  class space    used 23981K, capacity 24959K, committed 24960K, reserved 516096K
}
{Heap before GC invocations=466 (full 2):
 PSYoungGen      total 688128K, used 590432K [0x00000000d0000000, 0x0000000100000000, 0x0000000100000000)
  eden space 589824K, 100% used [0x00000000d0000000,0x00000000f4000000,0x00000000f4000000)
  from space 98304K, 0% used [0x00000000f4000000,0x00000000f4098000,0x00000000fa000000)
  to   space 98304K, 0% used [0x00000000fa000000,0x00000000fa000000,0x0000000100000000)
 ParOldGen       total 1310720K, used 1154609K [0x0000000080000000, 0x00000000d0000000, 0x00000000d0000000)
  object space 1310720K, 88% used [0x0000000080000000,0x00000000c678c708,0x00000000d0000000)
 Metaspace       used 250261K, capacity 255012K, committed 255104K, reserved 747520K
  class space    used 23981K, capacity 24959K, committed 24960K, reserved 516096K
2025-05-15T00:38:00.996+0900: 23092.283: [GC (Allocation Failure) [PSYoungGen: 590432K->608K(688128K)] 1745041K->1155249K(1998848K), 0.0150350 secs] [Times: user=0.04 sys=0.00, real=0.02 secs] 
Heap after GC invocations=466 (full 2):
 PSYoungGen      total 688128K, used 608K [0x00000000d0000000, 0x0000000100000000, 0x0000000100000000)
  eden space 589824K, 0% used [0x00000000d0000000,0x00000000d0000000,0x00000000f4000000)
  from space 98304K, 0% used [0x00000000fa000000,0x00000000fa098000,0x0000000100000000)
  to   space 98304K, 0% used [0x00000000f4000000,0x00000000f4000000,0x00000000fa000000)
 ParOldGen       total 1310720K, used 1154641K [0x0000000080000000, 0x00000000d0000000, 0x00000000d0000000)
  object space 1310720K, 88% used [0x0000000080000000,0x00000000c6794708,0x00000000d0000000)
 Metaspace       used 250261K, capacity 255012K, committed 255104K, reserved 747520K
  class space    used 23981K, capacity 24959K, committed 24960K, reserved 516096K
}
{Heap before GC invocations=467 (full 2):
 PSYoungGen      total 688128K, used 590432K [0x00000000d0000000, 0x0000000100000000, 0x0000000100000000)
  eden space 589824K, 100% used [0x00000000d0000000,0x00000000f4000000,0x00000000f4000000)
  from space 98304K, 0% used [0x00000000fa000000,0x00000000fa098000,0x0000000100000000)
  to   space 98304K, 0% used [0x00000000f4000000,0x00000000f4000000,0x00000000fa000000)
 ParOldGen       total 1310720K, used 1154641K [0x0000000080000000, 0x00000000d0000000, 0x00000000d0000000)
  object space 1310720K, 88% used [0x0000000080000000,0x00000000c6794708,0x00000000d0000000)
 Metaspace       used 250297K, capacity 255076K, committed 255104K, reserved 747520K
  class space    used 23981K, capacity 24959K, committed 24960K, reserved 516096K
2025-05-15T00:39:02.251+0900: 23153.539: [GC (Allocation Failure) [PSYoungGen: 590432K->608K(688128K)] 1745073K->1155265K(1998848K), 0.0144154 secs] [Times: user=0.03 sys=0.00, real=0.01 secs] 
Heap after GC invocations=467 (full 2):
 PSYoungGen      total 688128K, used 608K [0x00000000d0000000, 0x0000000100000000, 0x0000000100000000)
  eden space 589824K, 0% used [0x00000000d0000000,0x00000000d0000000,0x00000000f4000000)
  from space 98304K, 0% used [0x00000000f4000000,0x00000000f4098000,0x00000000fa000000)
  to   space 98304K, 0% used [0x00000000fa000000,0x00000000fa000000,0x0000000100000000)
 ParOldGen       total 1310720K, used 1154657K [0x0000000080000000, 0x00000000d0000000, 0x00000000d0000000)
  object space 1310720K, 88% used [0x0000000080000000,0x00000000c6798708,0x00000000d0000000)
 Metaspace       used 250297K, capacity 255076K, committed 255104K, reserved 747520K
  class space    used 23981K, capacity 24959K, committed 24960K, reserved 516096K
}
{Heap before GC invocations=468 (full 2):
 PSYoungGen      total 688128K, used 590432K [0x00000000d0000000, 0x0000000100000000, 0x0000000100000000)
  eden space 589824K, 100% used [0x00000000d0000000,0x00000000f4000000,0x00000000f4000000)
  from space 98304K, 0% used [0x00000000f4000000,0x00000000f4098000,0x00000000fa000000)
  to   space 98304K, 0% used [0x00000000fa000000,0x00000000fa000000,0x0000000100000000)
 ParOldGen       total 1310720K, used 1154657K [0x0000000080000000, 0x00000000d0000000, 0x00000000d0000000)
  object space 1310720K, 88% used [0x0000000080000000,0x00000000c6798708,0x00000000d0000000)
 Metaspace       used 250303K, capacity 255076K, committed 255104K, reserved 747520K
  class space    used 23981K, capacity 24959K, committed 24960K, reserved 516096K
2025-05-15T00:40:04.493+0900: 23215.780: [GC (Allocation Failure) [PSYoungGen: 590432K->608K(688128K)] 1745089K->1155297K(1998848K), 0.0141261 secs] [Times: user=0.04 sys=0.00, real=0.01 secs] 
Heap after GC invocations=468 (full 2):
 PSYoungGen      total 688128K, used 608K [0x00000000d0000000, 0x0000000100000000, 0x0000000100000000)
  eden space 589824K, 0% used [0x00000000d0000000,0x00000000d0000000,0x00000000f4000000)
  from space 98304K, 0% used [0x00000000fa000000,0x00000000fa098000,0x0000000100000000)
  to   space 98304K, 0% used [0x00000000f4000000,0x00000000f4000000,0x00000000fa000000)
 ParOldGen       total 1310720K, used 1154689K [0x0000000080000000, 0x00000000d0000000, 0x00000000d0000000)
  object space 1310720K, 88% used [0x0000000080000000,0x00000000c67a0708,0x00000000d0000000)
 Metaspace       used 250303K, capacity 255076K, committed 255104K, reserved 747520K
  class space    used 23981K, capacity 24959K, committed 24960K, reserved 516096K
}
{Heap before GC invocations=469 (full 2):
 PSYoungGen      total 688128K, used 590432K [0x00000000d0000000, 0x0000000100000000, 0x0000000100000000)
  eden space 589824K, 100% used [0x00000000d0000000,0x00000000f4000000,0x00000000f4000000)
  from space 98304K, 0% used [0x00000000fa000000,0x00000000fa098000,0x0000000100000000)
  to   space 98304K, 0% used [0x00000000f4000000,0x00000000f4000000,0x00000000fa000000)
 ParOldGen       total 1310720K, used 1154689K [0x0000000080000000, 0x00000000d0000000, 0x00000000d0000000)
  object space 1310720K, 88% used [0x0000000080000000,0x00000000c67a0708,0x00000000d0000000)
 Metaspace       used 250303K, capacity 255076K, committed 255104K, reserved 747520K
  class space    used 23981K, capacity 24959K, committed 24960K, reserved 516096K
2025-05-15T00:41:06.753+0900: 23278.040: [GC (Allocation Failure) [PSYoungGen: 590432K->576K(688128K)] 1745121K->1155281K(1998848K), 0.0155113 secs] [Times: user=0.04 sys=0.00, real=0.01 secs] 
Heap after GC invocations=469 (full 2):
 PSYoungGen      total 688128K, used 576K [0x00000000d0000000, 0x0000000100000000, 0x0000000100000000)
  eden space 589824K, 0% used [0x00000000d0000000,0x00000000d0000000,0x00000000f4000000)
  from space 98304K, 0% used [0x00000000f4000000,0x00000000f4090000,0x00000000fa000000)
  to   space 98304K, 0% used [0x00000000fa000000,0x00000000fa000000,0x0000000100000000)
 ParOldGen       total 1310720K, used 1154705K [0x0000000080000000, 0x00000000d0000000, 0x00000000d0000000)
  object space 1310720K, 88% used [0x0000000080000000,0x00000000c67a4708,0x00000000d0000000)
 Metaspace       used 250303K, capacity 255076K, committed 255104K, reserved 747520K
  class space    used 23981K, capacity 24959K, committed 24960K, reserved 516096K
}
{Heap before GC invocations=470 (full 2):
 PSYoungGen      total 688128K, used 590400K [0x00000000d0000000, 0x0000000100000000, 0x0000000100000000)
  eden space 589824K, 100% used [0x00000000d0000000,0x00000000f4000000,0x00000000f4000000)
  from space 98304K, 0% used [0x00000000f4000000,0x00000000f4090000,0x00000000fa000000)
  to   space 98304K, 0% used [0x00000000fa000000,0x00000000fa000000,0x0000000100000000)
 ParOldGen       total 1310720K, used 1154705K [0x0000000080000000, 0x00000000d0000000, 0x00000000d0000000)
  object space 1310720K, 88% used [0x0000000080000000,0x00000000c67a4708,0x00000000d0000000)
 Metaspace       used 250303K, capacity 255076K, committed 255104K, reserved 747520K
  class space    used 23981K, capacity 24959K, committed 24960K, reserved 516096K
2025-05-15T00:42:09.044+0900: 23340.331: [GC (Allocation Failure) [PSYoungGen: 590400K->608K(688128K)] 1745105K->1155329K(1998848K), 0.0142267 secs] [Times: user=0.04 sys=0.00, real=0.01 secs] 
Heap after GC invocations=470 (full 2):
 PSYoungGen      total 688128K, used 608K [0x00000000d0000000, 0x0000000100000000, 0x0000000100000000)
  eden space 589824K, 0% used [0x00000000d0000000,0x00000000d0000000,0x00000000f4000000)
  from space 98304K, 0% used [0x00000000fa000000,0x00000000fa098000,0x0000000100000000)
  to   space 98304K, 0% used [0x00000000f4000000,0x00000000f4000000,0x00000000fa000000)
 ParOldGen       total 1310720K, used 1154721K [0x0000000080000000, 0x00000000d0000000, 0x00000000d0000000)
  object space 1310720K, 88% used [0x0000000080000000,0x00000000c67a8708,0x00000000d0000000)
 Metaspace       used 250303K, capacity 255076K, committed 255104K, reserved 747520K
  class space    used 23981K, capacity 24959K, committed 24960K, reserved 516096K
}
{Heap before GC invocations=471 (full 2):
 PSYoungGen      total 688128K, used 590432K [0x00000000d0000000, 0x0000000100000000, 0x0000000100000000)
  eden space 589824K, 100% used [0x00000000d0000000,0x00000000f4000000,0x00000000f4000000)
  from space 98304K, 0% used [0x00000000fa000000,0x00000000fa098000,0x0000000100000000)
  to   space 98304K, 0% used [0x00000000f4000000,0x00000000f4000000,0x00000000fa000000)
 ParOldGen       total 1310720K, used 1154721K [0x0000000080000000, 0x00000000d0000000, 0x00000000d0000000)
  object space 1310720K, 88% used [0x0000000080000000,0x00000000c67a8708,0x00000000d0000000)
 Metaspace       used 250308K, capacity 255088K, committed 255232K, reserved 747520K
  class space    used 23982K, capacity 24961K, committed 25088K, reserved 516096K
2025-05-15T00:43:10.233+0900: 23401.520: [GC (Allocation Failure) [PSYoungGen: 590432K->1017K(688128K)] 1745153K->1155762K(1998848K), 0.0147022 secs] [Times: user=0.04 sys=0.00, real=0.01 secs] 
Heap after GC invocations=471 (full 2):
 PSYoungGen      total 688128K, used 1017K [0x00000000d0000000, 0x0000000100000000, 0x0000000100000000)
  eden space 589824K, 0% used [0x00000000d0000000,0x00000000d0000000,0x00000000f4000000)
  from space 98304K, 1% used [0x00000000f4000000,0x00000000f40fe4b0,0x00000000fa000000)
  to   space 98304K, 0% used [0x00000000fa000000,0x00000000fa000000,0x0000000100000000)
 ParOldGen       total 1310720K, used 1154745K [0x0000000080000000, 0x00000000d0000000, 0x00000000d0000000)
  object space 1310720K, 88% used [0x0000000080000000,0x00000000c67ae708,0x00000000d0000000)
 Metaspace       used 250308K, capacity 255088K, committed 255232K, reserved 747520K
  class space    used 23982K, capacity 24961K, committed 25088K, reserved 516096K
}
{Heap before GC invocations=472 (full 2):
 PSYoungGen      total 688128K, used 590841K [0x00000000d0000000, 0x0000000100000000, 0x0000000100000000)
  eden space 589824K, 100% used [0x00000000d0000000,0x00000000f4000000,0x00000000f4000000)
  from space 98304K, 1% used [0x00000000f4000000,0x00000000f40fe4b0,0x00000000fa000000)
  to   space 98304K, 0% used [0x00000000fa000000,0x00000000fa000000,0x0000000100000000)
 ParOldGen       total 1310720K, used 1154745K [0x0000000080000000, 0x00000000d0000000, 0x00000000d0000000)
  object space 1310720K, 88% used [0x0000000080000000,0x00000000c67ae708,0x00000000d0000000)
 Metaspace       used 250308K, capacity 255088K, committed 255232K, reserved 747520K
  class space    used 23982K, capacity 24961K, committed 25088K, reserved 516096K
2025-05-15T00:44:12.642+0900: 23463.929: [GC (Allocation Failure) [PSYoungGen: 590841K->1001K(688128K)] 1745586K->1155762K(1998848K), 0.0143478 secs] [Times: user=0.04 sys=0.00, real=0.01 secs] 
Heap after GC invocations=472 (full 2):
 PSYoungGen      total 688128K, used 1001K [0x00000000d0000000, 0x0000000100000000, 0x0000000100000000)
  eden space 589824K, 0% used [0x00000000d0000000,0x00000000d0000000,0x00000000f4000000)
  from space 98304K, 1% used [0x00000000fa000000,0x00000000fa0fa4a0,0x0000000100000000)
  to   space 98304K, 0% used [0x00000000f4000000,0x00000000f4000000,0x00000000fa000000)
 ParOldGen       total 1310720K, used 1154761K [0x0000000080000000, 0x00000000d0000000, 0x00000000d0000000)
  object space 1310720K, 88% used [0x0000000080000000,0x00000000c67b2708,0x00000000d0000000)
 Metaspace       used 250308K, capacity 255088K, committed 255232K, reserved 747520K
  class space    used 23982K, capacity 24961K, committed 25088K, reserved 516096K
}
{Heap before GC invocations=473 (full 2):
 PSYoungGen      total 688128K, used 590825K [0x00000000d0000000, 0x0000000100000000, 0x0000000100000000)
  eden space 589824K, 100% used [0x00000000d0000000,0x00000000f4000000,0x00000000f4000000)
  from space 98304K, 1% used [0x00000000fa000000,0x00000000fa0fa4a0,0x0000000100000000)
  to   space 98304K, 0% used [0x00000000f4000000,0x00000000f4000000,0x00000000fa000000)
 ParOldGen       total 1310720K, used 1154761K [0x0000000080000000, 0x00000000d0000000, 0x00000000d0000000)
  object space 1310720K, 88% used [0x0000000080000000,0x00000000c67b2708,0x00000000d0000000)
 Metaspace       used 250308K, capacity 255088K, committed 255232K, reserved 747520K
  class space    used 23982K, capacity 24961K, committed 25088K, reserved 516096K
2025-05-15T00:45:14.751+0900: 23526.038: [GC (Allocation Failure) [PSYoungGen: 590825K->969K(688128K)] 1745586K->1155746K(1998848K), 0.0143583 secs] [Times: user=0.04 sys=0.00, real=0.01 secs] 
Heap after GC invocations=473 (full 2):
 PSYoungGen      total 688128K, used 969K [0x00000000d0000000, 0x0000000100000000, 0x0000000100000000)
  eden space 589824K, 0% used [0x00000000d0000000,0x00000000d0000000,0x00000000f4000000)
  from space 98304K, 0% used [0x00000000f4000000,0x00000000f40f24a0,0x00000000fa000000)
  to   space 98304K, 0% used [0x00000000fa000000,0x00000000fa000000,0x0000000100000000)
 ParOldGen       total 1310720K, used 1154777K [0x0000000080000000, 0x00000000d0000000, 0x00000000d0000000)
  object space 1310720K, 88% used [0x0000000080000000,0x00000000c67b6708,0x00000000d0000000)
 Metaspace       used 250308K, capacity 255088K, committed 255232K, reserved 747520K
  class space    used 23982K, capacity 24961K, committed 25088K, reserved 516096K
}
{Heap before GC invocations=474 (full 2):
 PSYoungGen      total 688128K, used 590793K [0x00000000d0000000, 0x0000000100000000, 0x0000000100000000)
  eden space 589824K, 100% used [0x00000000d0000000,0x00000000f4000000,0x00000000f4000000)
  from space 98304K, 0% used [0x00000000f4000000,0x00000000f40f24a0,0x00000000fa000000)
  to   space 98304K, 0% used [0x00000000fa000000,0x00000000fa000000,0x0000000100000000)
 ParOldGen       total 1310720K, used 1154777K [0x0000000080000000, 0x00000000d0000000, 0x00000000d0000000)
  object space 1310720K, 88% used [0x0000000080000000,0x00000000c67b6708,0x00000000d0000000)
 Metaspace       used 250308K, capacity 255088K, committed 255232K, reserved 747520K
  class space    used 23982K, capacity 24961K, committed 25088K, reserved 516096K
2025-05-15T00:46:17.187+0900: 23588.474: [GC (Allocation Failure) [PSYoungGen: 590793K->969K(688128K)] 1745570K->1155770K(1998848K), 0.0187701 secs] [Times: user=0.04 sys=0.00, real=0.02 secs] 
Heap after GC invocations=474 (full 2):
 PSYoungGen      total 688128K, used 969K [0x00000000d0000000, 0x0000000100000000, 0x0000000100000000)
  eden space 589824K, 0% used [0x00000000d0000000,0x00000000d0000000,0x00000000f4000000)
  from space 98304K, 0% used [0x00000000fa000000,0x00000000fa0f24a0,0x0000000100000000)
  to   space 98304K, 0% used [0x00000000f4000000,0x00000000f4000000,0x00000000fa000000)
 ParOldGen       total 1310720K, used 1154801K [0x0000000080000000, 0x00000000d0000000, 0x00000000d0000000)
  object space 1310720K, 88% used [0x0000000080000000,0x00000000c67bc708,0x00000000d0000000)
 Metaspace       used 250308K, capacity 255088K, committed 255232K, reserved 747520K
  class space    used 23982K, capacity 24961K, committed 25088K, reserved 516096K
}
{Heap before GC invocations=475 (full 2):
 PSYoungGen      total 688128K, used 590793K [0x00000000d0000000, 0x0000000100000000, 0x0000000100000000)
  eden space 589824K, 100% used [0x00000000d0000000,0x00000000f4000000,0x00000000f4000000)
  from space 98304K, 0% used [0x00000000fa000000,0x00000000fa0f24a0,0x0000000100000000)
  to   space 98304K, 0% used [0x00000000f4000000,0x00000000f4000000,0x00000000fa000000)
 ParOldGen       total 1310720K, used 1154801K [0x0000000080000000, 0x00000000d0000000, 0x00000000d0000000)
  object space 1310720K, 88% used [0x0000000080000000,0x00000000c67bc708,0x00000000d0000000)
 Metaspace       used 250308K, capacity 255088K, committed 255232K, reserved 747520K
  class space    used 23982K, capacity 24961K, committed 25088K, reserved 516096K
2025-05-15T00:47:19.315+0900: 23650.602: [GC (Allocation Failure) [PSYoungGen: 590793K->969K(688128K)] 1745594K->1155794K(1998848K), 0.0149209 secs] [Times: user=0.03 sys=0.00, real=0.02 secs] 
Heap after GC invocations=475 (full 2):
 PSYoungGen      total 688128K, used 969K [0x00000000d0000000, 0x0000000100000000, 0x0000000100000000)
  eden space 589824K, 0% used [0x00000000d0000000,0x00000000d0000000,0x00000000f4000000)
  from space 98304K, 0% used [0x00000000f4000000,0x00000000f40f24a0,0x00000000fa000000)
  to   space 98304K, 0% used [0x00000000fa000000,0x00000000fa000000,0x0000000100000000)
 ParOldGen       total 1310720K, used 1154825K [0x0000000080000000, 0x00000000d0000000, 0x00000000d0000000)
  object space 1310720K, 88% used [0x0000000080000000,0x00000000c67c2708,0x00000000d0000000)
 Metaspace       used 250308K, capacity 255088K, committed 255232K, reserved 747520K
  class space    used 23982K, capacity 24961K, committed 25088K, reserved 516096K
}
{Heap before GC invocations=476 (full 2):
 PSYoungGen      total 688128K, used 590793K [0x00000000d0000000, 0x0000000100000000, 0x0000000100000000)
  eden space 589824K, 100% used [0x00000000d0000000,0x00000000f4000000,0x00000000f4000000)
  from space 98304K, 0% used [0x00000000f4000000,0x00000000f40f24a0,0x00000000fa000000)
  to   space 98304K, 0% used [0x00000000fa000000,0x00000000fa000000,0x0000000100000000)
 ParOldGen       total 1310720K, used 1154825K [0x0000000080000000, 0x00000000d0000000, 0x00000000d0000000)
  object space 1310720K, 88% used [0x0000000080000000,0x00000000c67c2708,0x00000000d0000000)
 Metaspace       used 250308K, capacity 255088K, committed 255232K, reserved 747520K
  class space    used 23982K, capacity 24961K, committed 25088K, reserved 516096K
2025-05-15T00:48:21.523+0900: 23712.810: [GC (Allocation Failure) [PSYoungGen: 590793K->969K(688128K)] 1745618K->1155818K(1998848K), 0.0142628 secs] [Times: user=0.04 sys=0.00, real=0.01 secs] 
Heap after GC invocations=476 (full 2):
 PSYoungGen      total 688128K, used 969K [0x00000000d0000000, 0x0000000100000000, 0x0000000100000000)
  eden space 589824K, 0% used [0x00000000d0000000,0x00000000d0000000,0x00000000f4000000)
  from space 98304K, 0% used [0x00000000fa000000,0x00000000fa0f24a0,0x0000000100000000)
  to   space 98304K, 0% used [0x00000000f4000000,0x00000000f4000000,0x00000000fa000000)
 ParOldGen       total 1310720K, used 1154849K [0x0000000080000000, 0x00000000d0000000, 0x00000000d0000000)
  object space 1310720K, 88% used [0x0000000080000000,0x00000000c67c8708,0x00000000d0000000)
 Metaspace       used 250308K, capacity 255088K, committed 255232K, reserved 747520K
  class space    used 23982K, capacity 24961K, committed 25088K, reserved 516096K
}
{Heap before GC invocations=477 (full 2):
 PSYoungGen      total 688128K, used 590793K [0x00000000d0000000, 0x0000000100000000, 0x0000000100000000)
  eden space 589824K, 100% used [0x00000000d0000000,0x00000000f4000000,0x00000000f4000000)
  from space 98304K, 0% used [0x00000000fa000000,0x00000000fa0f24a0,0x0000000100000000)
  to   space 98304K, 0% used [0x00000000f4000000,0x00000000f4000000,0x00000000fa000000)
 ParOldGen       total 1310720K, used 1154849K [0x0000000080000000, 0x00000000d0000000, 0x00000000d0000000)
  object space 1310720K, 88% used [0x0000000080000000,0x00000000c67c8708,0x00000000d0000000)
 Metaspace       used 250308K, capacity 255088K, committed 255232K, reserved 747520K
  class space    used 23982K, capacity 24961K, committed 25088K, reserved 516096K
2025-05-15T00:49:24.734+0900: 23776.021: [GC (Allocation Failure) [PSYoungGen: 590793K->1001K(688128K)] 1745642K->1155866K(1998848K), 0.0140701 secs] [Times: user=0.04 sys=0.00, real=0.01 secs] 
Heap after GC invocations=477 (full 2):
 PSYoungGen      total 688128K, used 1001K [0x00000000d0000000, 0x0000000100000000, 0x0000000100000000)
  eden space 589824K, 0% used [0x00000000d0000000,0x00000000d0000000,0x00000000f4000000)
  from space 98304K, 1% used [0x00000000f4000000,0x00000000f40fa4a0,0x00000000fa000000)
  to   space 98304K, 0% used [0x00000000fa000000,0x00000000fa000000,0x0000000100000000)
 ParOldGen       total 1310720K, used 1154865K [0x0000000080000000, 0x00000000d0000000, 0x00000000d0000000)
  object space 1310720K, 88% used [0x0000000080000000,0x00000000c67cc708,0x00000000d0000000)
 Metaspace       used 250308K, capacity 255088K, committed 255232K, reserved 747520K
  class space    used 23982K, capacity 24961K, committed 25088K, reserved 516096K
}
{Heap before GC invocations=478 (full 2):
 PSYoungGen      total 688128K, used 590825K [0x00000000d0000000, 0x0000000100000000, 0x0000000100000000)
  eden space 589824K, 100% used [0x00000000d0000000,0x00000000f4000000,0x00000000f4000000)
  from space 98304K, 1% used [0x00000000f4000000,0x00000000f40fa4a0,0x00000000fa000000)
  to   space 98304K, 0% used [0x00000000fa000000,0x00000000fa000000,0x0000000100000000)
 ParOldGen       total 1310720K, used 1154865K [0x0000000080000000, 0x00000000d0000000, 0x00000000d0000000)
  object space 1310720K, 88% used [0x0000000080000000,0x00000000c67cc708,0x00000000d0000000)
 Metaspace       used 250312K, capacity 255088K, committed 255232K, reserved 747520K
  class space    used 23982K, capacity 24961K, committed 25088K, reserved 516096K
2025-05-15T00:50:27.019+0900: 23838.306: [GC (Allocation Failure) [PSYoungGen: 590825K->937K(688128K)] 1745690K->1155810K(1998848K), 0.0144139 secs] [Times: user=0.03 sys=0.00, real=0.01 secs] 
Heap after GC invocations=478 (full 2):
 PSYoungGen      total 688128K, used 937K [0x00000000d0000000, 0x0000000100000000, 0x0000000100000000)
  eden space 589824K, 0% used [0x00000000d0000000,0x00000000d0000000,0x00000000f4000000)
  from space 98304K, 0% used [0x00000000fa000000,0x00000000fa0ea4a0,0x0000000100000000)
  to   space 98304K, 0% used [0x00000000f4000000,0x00000000f4000000,0x00000000fa000000)
 ParOldGen       total 1310720K, used 1154873K [0x0000000080000000, 0x00000000d0000000, 0x00000000d0000000)
  object space 1310720K, 88% used [0x0000000080000000,0x00000000c67ce708,0x00000000d0000000)
 Metaspace       used 250312K, capacity 255088K, committed 255232K, reserved 747520K
  class space    used 23982K, capacity 24961K, committed 25088K, reserved 516096K
}
{Heap before GC invocations=479 (full 2):
 PSYoungGen      total 688128K, used 590761K [0x00000000d0000000, 0x0000000100000000, 0x0000000100000000)
  eden space 589824K, 100% used [0x00000000d0000000,0x00000000f4000000,0x00000000f4000000)
  from space 98304K, 0% used [0x00000000fa000000,0x00000000fa0ea4a0,0x0000000100000000)
  to   space 98304K, 0% used [0x00000000f4000000,0x00000000f4000000,0x00000000fa000000)
 ParOldGen       total 1310720K, used 1154873K [0x0000000080000000, 0x00000000d0000000, 0x00000000d0000000)
  object space 1310720K, 88% used [0x0000000080000000,0x00000000c67ce708,0x00000000d0000000)
 Metaspace       used 250312K, capacity 255088K, committed 255232K, reserved 747520K
  class space    used 23982K, capacity 24961K, committed 25088K, reserved 516096K
2025-05-15T00:51:29.292+0900: 23900.579: [GC (Allocation Failure) [PSYoungGen: 590761K->1001K(688128K)] 1745634K->1155890K(1998848K), 0.0156512 secs] [Times: user=0.04 sys=0.00, real=0.01 secs] 
Heap after GC invocations=479 (full 2):
 PSYoungGen      total 688128K, used 1001K [0x00000000d0000000, 0x0000000100000000, 0x0000000100000000)
  eden space 589824K, 0% used [0x00000000d0000000,0x00000000d0000000,0x00000000f4000000)
  from space 98304K, 1% used [0x00000000f4000000,0x00000000f40fa4a0,0x00000000fa000000)
  to   space 98304K, 0% used [0x00000000fa000000,0x00000000fa000000,0x0000000100000000)
 ParOldGen       total 1310720K, used 1154889K [0x0000000080000000, 0x00000000d0000000, 0x00000000d0000000)
  object space 1310720K, 88% used [0x0000000080000000,0x00000000c67d2708,0x00000000d0000000)
 Metaspace       used 250312K, capacity 255088K, committed 255232K, reserved 747520K
  class space    used 23982K, capacity 24961K, committed 25088K, reserved 516096K
}
{Heap before GC invocations=480 (full 2):
 PSYoungGen      total 688128K, used 590825K [0x00000000d0000000, 0x0000000100000000, 0x0000000100000000)
  eden space 589824K, 100% used [0x00000000d0000000,0x00000000f4000000,0x00000000f4000000)
  from space 98304K, 1% used [0x00000000f4000000,0x00000000f40fa4a0,0x00000000fa000000)
  to   space 98304K, 0% used [0x00000000fa000000,0x00000000fa000000,0x0000000100000000)
 ParOldGen       total 1310720K, used 1154889K [0x0000000080000000, 0x00000000d0000000, 0x00000000d0000000)
  object space 1310720K, 88% used [0x0000000080000000,0x00000000c67d2708,0x00000000d0000000)
 Metaspace       used 250312K, capacity 255088K, committed 255232K, reserved 747520K
  class space    used 23982K, capacity 24961K, committed 25088K, reserved 516096K
2025-05-15T00:52:31.570+0900: 23962.857: [GC (Allocation Failure) [PSYoungGen: 590825K->985K(688128K)] 1745714K->1155906K(1998848K), 0.0138154 secs] [Times: user=0.03 sys=0.00, real=0.01 secs] 
Heap after GC invocations=480 (full 2):
 PSYoungGen      total 688128K, used 985K [0x00000000d0000000, 0x0000000100000000, 0x0000000100000000)
  eden space 589824K, 0% used [0x00000000d0000000,0x00000000d0000000,0x00000000f4000000)
  from space 98304K, 1% used [0x00000000fa000000,0x00000000fa0f64b0,0x0000000100000000)
  to   space 98304K, 0% used [0x00000000f4000000,0x00000000f4000000,0x00000000fa000000)
 ParOldGen       total 1310720K, used 1154921K [0x0000000080000000, 0x00000000d0000000, 0x00000000d0000000)
  object space 1310720K, 88% used [0x0000000080000000,0x00000000c67da708,0x00000000d0000000)
 Metaspace       used 250312K, capacity 255088K, committed 255232K, reserved 747520K
  class space    used 23982K, capacity 24961K, committed 25088K, reserved 516096K
}
{Heap before GC invocations=481 (full 2):
 PSYoungGen      total 688128K, used 590809K [0x00000000d0000000, 0x0000000100000000, 0x0000000100000000)
  eden space 589824K, 100% used [0x00000000d0000000,0x00000000f4000000,0x00000000f4000000)
  from space 98304K, 1% used [0x00000000fa000000,0x00000000fa0f64b0,0x0000000100000000)
  to   space 98304K, 0% used [0x00000000f4000000,0x00000000f4000000,0x00000000fa000000)
 ParOldGen       total 1310720K, used 1154921K [0x0000000080000000, 0x00000000d0000000, 0x00000000d0000000)
  object space 1310720K, 88% used [0x0000000080000000,0x00000000c67da708,0x00000000d0000000)
 Metaspace       used 250312K, capacity 255088K, committed 255232K, reserved 747520K
  class space    used 23982K, capacity 24961K, committed 25088K, reserved 516096K
2025-05-15T00:53:34.802+0900: 24026.089: [GC (Allocation Failure) [PSYoungGen: 590809K->1001K(688128K)] 1745730K->1155938K(1998848K), 0.0139297 secs] [Times: user=0.04 sys=0.00, real=0.01 secs] 
Heap after GC invocations=481 (full 2):
 PSYoungGen      total 688128K, used 1001K [0x00000000d0000000, 0x0000000100000000, 0x0000000100000000)
  eden space 589824K, 0% used [0x00000000d0000000,0x00000000d0000000,0x00000000f4000000)
  from space 98304K, 1% used [0x00000000f4000000,0x00000000f40fa4a0,0x00000000fa000000)
  to   space 98304K, 0% used [0x00000000fa000000,0x00000000fa000000,0x0000000100000000)
 ParOldGen       total 1310720K, used 1154937K [0x0000000080000000, 0x00000000d0000000, 0x00000000d0000000)
  object space 1310720K, 88% used [0x0000000080000000,0x00000000c67de708,0x00000000d0000000)
 Metaspace       used 250312K, capacity 255088K, committed 255232K, reserved 747520K
  class space    used 23982K, capacity 24961K, committed 25088K, reserved 516096K
}
{Heap before GC invocations=482 (full 2):
 PSYoungGen      total 688128K, used 590825K [0x00000000d0000000, 0x0000000100000000, 0x0000000100000000)
  eden space 589824K, 100% used [0x00000000d0000000,0x00000000f4000000,0x00000000f4000000)
  from space 98304K, 1% used [0x00000000f4000000,0x00000000f40fa4a0,0x00000000fa000000)
  to   space 98304K, 0% used [0x00000000fa000000,0x00000000fa000000,0x0000000100000000)
 ParOldGen       total 1310720K, used 1154937K [0x0000000080000000, 0x00000000d0000000, 0x00000000d0000000)
  object space 1310720K, 88% used [0x0000000080000000,0x00000000c67de708,0x00000000d0000000)
 Metaspace       used 250312K, capacity 255088K, committed 255232K, reserved 747520K
  class space    used 23982K, capacity 24961K, committed 25088K, reserved 516096K
2025-05-15T00:54:37.045+0900: 24088.332: [GC (Allocation Failure) [PSYoungGen: 590825K->969K(688128K)] 1745762K->1155930K(1998848K), 0.0152569 secs] [Times: user=0.04 sys=0.00, real=0.02 secs] 
Heap after GC invocations=482 (full 2):
 PSYoungGen      total 688128K, used 969K [0x00000000d0000000, 0x0000000100000000, 0x0000000100000000)
  eden space 589824K, 0% used [0x00000000d0000000,0x00000000d0000000,0x00000000f4000000)
  from space 98304K, 0% used [0x00000000fa000000,0x00000000fa0f24a0,0x0000000100000000)
  to   space 98304K, 0% used [0x00000000f4000000,0x00000000f4000000,0x00000000fa000000)
 ParOldGen       total 1310720K, used 1154961K [0x0000000080000000, 0x00000000d0000000, 0x00000000d0000000)
  object space 1310720K, 88% used [0x0000000080000000,0x00000000c67e4708,0x00000000d0000000)
 Metaspace       used 250312K, capacity 255088K, committed 255232K, reserved 747520K
  class space    used 23982K, capacity 24961K, committed 25088K, reserved 516096K
}
{Heap before GC invocations=483 (full 2):
 PSYoungGen      total 688128K, used 590793K [0x00000000d0000000, 0x0000000100000000, 0x0000000100000000)
  eden space 589824K, 100% used [0x00000000d0000000,0x00000000f4000000,0x00000000f4000000)
  from space 98304K, 0% used [0x00000000fa000000,0x00000000fa0f24a0,0x0000000100000000)
  to   space 98304K, 0% used [0x00000000f4000000,0x00000000f4000000,0x00000000fa000000)
 ParOldGen       total 1310720K, used 1154961K [0x0000000080000000, 0x00000000d0000000, 0x00000000d0000000)
  object space 1310720K, 88% used [0x0000000080000000,0x00000000c67e4708,0x00000000d0000000)
 Metaspace       used 250316K, capacity 255088K, committed 255232K, reserved 747520K
  class space    used 23982K, capacity 24961K, committed 25088K, reserved 516096K
2025-05-15T00:55:39.299+0900: 24150.586: [GC (Allocation Failure) [PSYoungGen: 590793K->937K(688128K)] 1745754K->1155906K(1998848K), 0.0144633 secs] [Times: user=0.03 sys=0.00, real=0.01 secs] 
Heap after GC invocations=483 (full 2):
 PSYoungGen      total 688128K, used 937K [0x00000000d0000000, 0x0000000100000000, 0x0000000100000000)
  eden space 589824K, 0% used [0x00000000d0000000,0x00000000d0000000,0x00000000f4000000)
  from space 98304K, 0% used [0x00000000f4000000,0x00000000f40ea4a0,0x00000000fa000000)
  to   space 98304K, 0% used [0x00000000fa000000,0x00000000fa000000,0x0000000100000000)
 ParOldGen       total 1310720K, used 1154969K [0x0000000080000000, 0x00000000d0000000, 0x00000000d0000000)
  object space 1310720K, 88% used [0x0000000080000000,0x00000000c67e6708,0x00000000d0000000)
 Metaspace       used 250316K, capacity 255088K, committed 255232K, reserved 747520K
  class space    used 23982K, capacity 24961K, committed 25088K, reserved 516096K
}
{Heap before GC invocations=484 (full 2):
 PSYoungGen      total 688128K, used 590761K [0x00000000d0000000, 0x0000000100000000, 0x0000000100000000)
  eden space 589824K, 100% used [0x00000000d0000000,0x00000000f4000000,0x00000000f4000000)
  from space 98304K, 0% used [0x00000000f4000000,0x00000000f40ea4a0,0x00000000fa000000)
  to   space 98304K, 0% used [0x00000000fa000000,0x00000000fa000000,0x0000000100000000)
 ParOldGen       total 1310720K, used 1154969K [0x0000000080000000, 0x00000000d0000000, 0x00000000d0000000)
  object space 1310720K, 88% used [0x0000000080000000,0x00000000c67e6708,0x00000000d0000000)
 Metaspace       used 250316K, capacity 255088K, committed 255232K, reserved 747520K
  class space    used 23982K, capacity 24961K, committed 25088K, reserved 516096K
2025-05-15T00:56:40.549+0900: 24211.836: [GC (Allocation Failure) [PSYoungGen: 590761K->1049K(688128K)] 1745730K->1156042K(1998848K), 0.0150800 secs] [Times: user=0.04 sys=0.00, real=0.01 secs] 
Heap after GC invocations=484 (full 2):
 PSYoungGen      total 688128K, used 1049K [0x00000000d0000000, 0x0000000100000000, 0x0000000100000000)
  eden space 589824K, 0% used [0x00000000d0000000,0x00000000d0000000,0x00000000f4000000)
  from space 98304K, 1% used [0x00000000fa000000,0x00000000fa106490,0x0000000100000000)
  to   space 98304K, 0% used [0x00000000f4000000,0x00000000f4000000,0x00000000fa000000)
 ParOldGen       total 1310720K, used 1154993K [0x0000000080000000, 0x00000000d0000000, 0x00000000d0000000)
  object space 1310720K, 88% used [0x0000000080000000,0x00000000c67ec708,0x00000000d0000000)
 Metaspace       used 250316K, capacity 255088K, committed 255232K, reserved 747520K
  class space    used 23982K, capacity 24961K, committed 25088K, reserved 516096K
}
{Heap before GC invocations=485 (full 2):
 PSYoungGen      total 688128K, used 590873K [0x00000000d0000000, 0x0000000100000000, 0x0000000100000000)
  eden space 589824K, 100% used [0x00000000d0000000,0x00000000f4000000,0x00000000f4000000)
  from space 98304K, 1% used [0x00000000fa000000,0x00000000fa106490,0x0000000100000000)
  to   space 98304K, 0% used [0x00000000f4000000,0x00000000f4000000,0x00000000fa000000)
 ParOldGen       total 1310720K, used 1154993K [0x0000000080000000, 0x00000000d0000000, 0x00000000d0000000)
  object space 1310720K, 88% used [0x0000000080000000,0x00000000c67ec708,0x00000000d0000000)
 Metaspace       used 250316K, capacity 255088K, committed 255232K, reserved 747520K
  class space    used 23982K, capacity 24961K, committed 25088K, reserved 516096K
2025-05-15T00:57:41.088+0900: 24272.375: [GC (Allocation Failure) [PSYoungGen: 590873K->1294K(688128K)] 1745866K->1156304K(1998848K), 0.0144919 secs] [Times: user=0.03 sys=0.00, real=0.02 secs] 
Heap after GC invocations=485 (full 2):
 PSYoungGen      total 688128K, used 1294K [0x00000000d0000000, 0x0000000100000000, 0x0000000100000000)
  eden space 589824K, 0% used [0x00000000d0000000,0x00000000d0000000,0x00000000f4000000)
  from space 98304K, 1% used [0x00000000f4000000,0x00000000f4143b40,0x00000000fa000000)
  to   space 98304K, 0% used [0x00000000fa000000,0x00000000fa000000,0x0000000100000000)
 ParOldGen       total 1310720K, used 1155009K [0x0000000080000000, 0x00000000d0000000, 0x00000000d0000000)
  object space 1310720K, 88% used [0x0000000080000000,0x00000000c67f0708,0x00000000d0000000)
 Metaspace       used 250316K, capacity 255088K, committed 255232K, reserved 747520K
  class space    used 23982K, capacity 24961K, committed 25088K, reserved 516096K
}
{Heap before GC invocations=486 (full 2):
 PSYoungGen      total 688128K, used 591118K [0x00000000d0000000, 0x0000000100000000, 0x0000000100000000)
  eden space 589824K, 100% used [0x00000000d0000000,0x00000000f4000000,0x00000000f4000000)
  from space 98304K, 1% used [0x00000000f4000000,0x00000000f4143b40,0x00000000fa000000)
  to   space 98304K, 0% used [0x00000000fa000000,0x00000000fa000000,0x0000000100000000)
 ParOldGen       total 1310720K, used 1155009K [0x0000000080000000, 0x00000000d0000000, 0x00000000d0000000)
  object space 1310720K, 88% used [0x0000000080000000,0x00000000c67f0708,0x00000000d0000000)
 Metaspace       used 250317K, capacity 255088K, committed 255232K, reserved 747520K
  class space    used 23982K, capacity 24961K, committed 25088K, reserved 516096K
2025-05-15T00:58:43.974+0900: 24335.261: [GC (Allocation Failure) [PSYoungGen: 591118K->1150K(688128K)] 1746128K->1156262K(1998848K), 0.0140661 secs] [Times: user=0.03 sys=0.01, real=0.01 secs] 
Heap after GC invocations=486 (full 2):
 PSYoungGen      total 688128K, used 1150K [0x00000000d0000000, 0x0000000100000000, 0x0000000100000000)
  eden space 589824K, 0% used [0x00000000d0000000,0x00000000d0000000,0x00000000f4000000)
  from space 98304K, 1% used [0x00000000fa000000,0x00000000fa11fb30,0x0000000100000000)
  to   space 98304K, 0% used [0x00000000f4000000,0x00000000f4000000,0x00000000fa000000)
 ParOldGen       total 1310720K, used 1155112K [0x0000000080000000, 0x00000000d0000000, 0x00000000d0000000)
  object space 1310720K, 88% used [0x0000000080000000,0x00000000c680a0c8,0x00000000d0000000)
 Metaspace       used 250317K, capacity 255088K, committed 255232K, reserved 747520K
  class space    used 23982K, capacity 24961K, committed 25088K, reserved 516096K
}
{Heap before GC invocations=487 (full 2):
 PSYoungGen      total 688128K, used 590974K [0x00000000d0000000, 0x0000000100000000, 0x0000000100000000)
  eden space 589824K, 100% used [0x00000000d0000000,0x00000000f4000000,0x00000000f4000000)
  from space 98304K, 1% used [0x00000000fa000000,0x00000000fa11fb30,0x0000000100000000)
  to   space 98304K, 0% used [0x00000000f4000000,0x00000000f4000000,0x00000000fa000000)
 ParOldGen       total 1310720K, used 1155112K [0x0000000080000000, 0x00000000d0000000, 0x00000000d0000000)
  object space 1310720K, 88% used [0x0000000080000000,0x00000000c680a0c8,0x00000000d0000000)
 Metaspace       used 250317K, capacity 255088K, committed 255232K, reserved 747520K
  class space    used 23982K, capacity 24961K, committed 25088K, reserved 516096K
2025-05-15T00:59:45.420+0900: 24396.707: [GC (Allocation Failure) [PSYoungGen: 590974K->1134K(688128K)] 1746086K->1156279K(1998848K), 0.0135005 secs] [Times: user=0.04 sys=0.01, real=0.01 secs] 
Heap after GC invocations=487 (full 2):
 PSYoungGen      total 688128K, used 1134K [0x00000000d0000000, 0x0000000100000000, 0x0000000100000000)
  eden space 589824K, 0% used [0x00000000d0000000,0x00000000d0000000,0x00000000f4000000)
  from space 98304K, 1% used [0x00000000f4000000,0x00000000f411bb40,0x00000000fa000000)
  to   space 98304K, 0% used [0x00000000fa000000,0x00000000fa000000,0x0000000100000000)
 ParOldGen       total 1310720K, used 1155144K [0x0000000080000000, 0x00000000d0000000, 0x00000000d0000000)
  object space 1310720K, 88% used [0x0000000080000000,0x00000000c68120c8,0x00000000d0000000)
 Metaspace       used 250317K, capacity 255088K, committed 255232K, reserved 747520K
  class space    used 23982K, capacity 24961K, committed 25088K, reserved 516096K
}
{Heap before GC invocations=488 (full 2):
 PSYoungGen      total 688128K, used 590958K [0x00000000d0000000, 0x0000000100000000, 0x0000000100000000)
  eden space 589824K, 100% used [0x00000000d0000000,0x00000000f4000000,0x00000000f4000000)
  from space 98304K, 1% used [0x00000000f4000000,0x00000000f411bb40,0x00000000fa000000)
  to   space 98304K, 0% used [0x00000000fa000000,0x00000000fa000000,0x0000000100000000)
 ParOldGen       total 1310720K, used 1155144K [0x0000000080000000, 0x00000000d0000000, 0x00000000d0000000)
  object space 1310720K, 88% used [0x0000000080000000,0x00000000c68120c8,0x00000000d0000000)
 Metaspace       used 250317K, capacity 255088K, committed 255232K, reserved 747520K
  class space    used 23982K, capacity 24961K, committed 25088K, reserved 516096K
2025-05-15T01:00:47.643+0900: 24458.930: [GC (Allocation Failure) [PSYoungGen: 590958K->1169K(688128K)] 1746103K->1156337K(1998848K), 0.0137440 secs] [Times: user=0.04 sys=0.00, real=0.01 secs] 
Heap after GC invocations=488 (full 2):
 PSYoungGen      total 688128K, used 1169K [0x00000000d0000000, 0x0000000100000000, 0x0000000100000000)
  eden space 589824K, 0% used [0x00000000d0000000,0x00000000d0000000,0x00000000f4000000)
  from space 98304K, 1% used [0x00000000fa000000,0x00000000fa124410,0x0000000100000000)
  to   space 98304K, 0% used [0x00000000f4000000,0x00000000f4000000,0x00000000fa000000)
 ParOldGen       total 1310720K, used 1155168K [0x0000000080000000, 0x00000000d0000000, 0x00000000d0000000)
  object space 1310720K, 88% used [0x0000000080000000,0x00000000c68180c8,0x00000000d0000000)
 Metaspace       used 250317K, capacity 255088K, committed 255232K, reserved 747520K
  class space    used 23982K, capacity 24961K, committed 25088K, reserved 516096K
}
{Heap before GC invocations=489 (full 2):
 PSYoungGen      total 688128K, used 590993K [0x00000000d0000000, 0x0000000100000000, 0x0000000100000000)
  eden space 589824K, 100% used [0x00000000d0000000,0x00000000f4000000,0x00000000f4000000)
  from space 98304K, 1% used [0x00000000fa000000,0x00000000fa124410,0x0000000100000000)
  to   space 98304K, 0% used [0x00000000f4000000,0x00000000f4000000,0x00000000fa000000)
 ParOldGen       total 1310720K, used 1155168K [0x0000000080000000, 0x00000000d0000000, 0x00000000d0000000)
  object space 1310720K, 88% used [0x0000000080000000,0x00000000c68180c8,0x00000000d0000000)
 Metaspace       used 250317K, capacity 255088K, committed 255232K, reserved 747520K
  class space    used 23982K, capacity 24961K, committed 25088K, reserved 516096K
2025-05-15T01:01:49.793+0900: 24521.080: [GC (Allocation Failure) [PSYoungGen: 590993K->1166K(688128K)] 1746161K->1156359K(1998848K), 0.0137542 secs] [Times: user=0.03 sys=0.00, real=0.01 secs] 
Heap after GC invocations=489 (full 2):
 PSYoungGen      total 688128K, used 1166K [0x00000000d0000000, 0x0000000100000000, 0x0000000100000000)
  eden space 589824K, 0% used [0x00000000d0000000,0x00000000d0000000,0x00000000f4000000)
  from space 98304K, 1% used [0x00000000f4000000,0x00000000f4123b40,0x00000000fa000000)
  to   space 98304K, 0% used [0x00000000fa000000,0x00000000fa000000,0x0000000100000000)
 ParOldGen       total 1310720K, used 1155192K [0x0000000080000000, 0x00000000d0000000, 0x00000000d0000000)
  object space 1310720K, 88% used [0x0000000080000000,0x00000000c681e0c8,0x00000000d0000000)
 Metaspace       used 250317K, capacity 255088K, committed 255232K, reserved 747520K
  class space    used 23982K, capacity 24961K, committed 25088K, reserved 516096K
}
{Heap before GC invocations=490 (full 2):
 PSYoungGen      total 688128K, used 590990K [0x00000000d0000000, 0x0000000100000000, 0x0000000100000000)
  eden space 589824K, 100% used [0x00000000d0000000,0x00000000f4000000,0x00000000f4000000)
  from space 98304K, 1% used [0x00000000f4000000,0x00000000f4123b40,0x00000000fa000000)
  to   space 98304K, 0% used [0x00000000fa000000,0x00000000fa000000,0x0000000100000000)
 ParOldGen       total 1310720K, used 1155192K [0x0000000080000000, 0x00000000d0000000, 0x00000000d0000000)
  object space 1310720K, 88% used [0x0000000080000000,0x00000000c681e0c8,0x00000000d0000000)
 Metaspace       used 250317K, capacity 255088K, committed 255232K, reserved 747520K
  class space    used 23982K, capacity 24961K, committed 25088K, reserved 516096K
2025-05-15T01:02:51.904+0900: 24583.191: [GC (Allocation Failure) [PSYoungGen: 590990K->1198K(688128K)] 1746183K->1156407K(1998848K), 0.0136498 secs] [Times: user=0.04 sys=0.00, real=0.01 secs] 
Heap after GC invocations=490 (full 2):
 PSYoungGen      total 688128K, used 1198K [0x00000000d0000000, 0x0000000100000000, 0x0000000100000000)
  eden space 589824K, 0% used [0x00000000d0000000,0x00000000d0000000,0x00000000f4000000)
  from space 98304K, 1% used [0x00000000fa000000,0x00000000fa12bb40,0x0000000100000000)
  to   space 98304K, 0% used [0x00000000f4000000,0x00000000f4000000,0x00000000fa000000)
 ParOldGen       total 1310720K, used 1155208K [0x0000000080000000, 0x00000000d0000000, 0x00000000d0000000)
  object space 1310720K, 88% used [0x0000000080000000,0x00000000c68220c8,0x00000000d0000000)
 Metaspace       used 250317K, capacity 255088K, committed 255232K, reserved 747520K
  class space    used 23982K, capacity 24961K, committed 25088K, reserved 516096K
}
{Heap before GC invocations=491 (full 2):
 PSYoungGen      total 688128K, used 591022K [0x00000000d0000000, 0x0000000100000000, 0x0000000100000000)
  eden space 589824K, 100% used [0x00000000d0000000,0x00000000f4000000,0x00000000f4000000)
  from space 98304K, 1% used [0x00000000fa000000,0x00000000fa12bb40,0x0000000100000000)
  to   space 98304K, 0% used [0x00000000f4000000,0x00000000f4000000,0x00000000fa000000)
 ParOldGen       total 1310720K, used 1155208K [0x0000000080000000, 0x00000000d0000000, 0x00000000d0000000)
  object space 1310720K, 88% used [0x0000000080000000,0x00000000c68220c8,0x00000000d0000000)
 Metaspace       used 250317K, capacity 255088K, committed 255232K, reserved 747520K
  class space    used 23982K, capacity 24961K, committed 25088K, reserved 516096K
2025-05-15T01:03:54.149+0900: 24645.436: [GC (Allocation Failure) [PSYoungGen: 591022K->1185K(688128K)] 1746231K->1156417K(1998848K), 0.0139386 secs] [Times: user=0.03 sys=0.00, real=0.01 secs] 
Heap after GC invocations=491 (full 2):
 PSYoungGen      total 688128K, used 1185K [0x00000000d0000000, 0x0000000100000000, 0x0000000100000000)
  eden space 589824K, 0% used [0x00000000d0000000,0x00000000d0000000,0x00000000f4000000)
  from space 98304K, 1% used [0x00000000f4000000,0x00000000f4128420,0x00000000fa000000)
  to   space 98304K, 0% used [0x00000000fa000000,0x00000000fa000000,0x0000000100000000)
 ParOldGen       total 1310720K, used 1155232K [0x0000000080000000, 0x00000000d0000000, 0x00000000d0000000)
  object space 1310720K, 88% used [0x0000000080000000,0x00000000c68280c8,0x00000000d0000000)
 Metaspace       used 250317K, capacity 255088K, committed 255232K, reserved 747520K
  class space    used 23982K, capacity 24961K, committed 25088K, reserved 516096K
}
{Heap before GC invocations=492 (full 2):
 PSYoungGen      total 688128K, used 591009K [0x00000000d0000000, 0x0000000100000000, 0x0000000100000000)
  eden space 589824K, 100% used [0x00000000d0000000,0x00000000f4000000,0x00000000f4000000)
  from space 98304K, 1% used [0x00000000f4000000,0x00000000f4128420,0x00000000fa000000)
  to   space 98304K, 0% used [0x00000000fa000000,0x00000000fa000000,0x0000000100000000)
 ParOldGen       total 1310720K, used 1155232K [0x0000000080000000, 0x00000000d0000000, 0x00000000d0000000)
  object space 1310720K, 88% used [0x0000000080000000,0x00000000c68280c8,0x00000000d0000000)
 Metaspace       used 250317K, capacity 255088K, committed 255232K, reserved 747520K
  class space    used 23982K, capacity 24961K, committed 25088K, reserved 516096K
2025-05-15T01:04:56.331+0900: 24707.618: [GC (Allocation Failure) [PSYoungGen: 591009K->1185K(688128K)] 1746241K->1156449K(1998848K), 0.0137644 secs] [Times: user=0.03 sys=0.00, real=0.01 secs] 
Heap after GC invocations=492 (full 2):
 PSYoungGen      total 688128K, used 1185K [0x00000000d0000000, 0x0000000100000000, 0x0000000100000000)
  eden space 589824K, 0% used [0x00000000d0000000,0x00000000d0000000,0x00000000f4000000)
  from space 98304K, 1% used [0x00000000fa000000,0x00000000fa128420,0x0000000100000000)
  to   space 98304K, 0% used [0x00000000f4000000,0x00000000f4000000,0x00000000fa000000)
 ParOldGen       total 1310720K, used 1155264K [0x0000000080000000, 0x00000000d0000000, 0x00000000d0000000)
  object space 1310720K, 88% used [0x0000000080000000,0x00000000c68300c8,0x00000000d0000000)
 Metaspace       used 250317K, capacity 255088K, committed 255232K, reserved 747520K
  class space    used 23982K, capacity 24961K, committed 25088K, reserved 516096K
}
{Heap before GC invocations=493 (full 2):
 PSYoungGen      total 688128K, used 591009K [0x00000000d0000000, 0x0000000100000000, 0x0000000100000000)
  eden space 589824K, 100% used [0x00000000d0000000,0x00000000f4000000,0x00000000f4000000)
  from space 98304K, 1% used [0x00000000fa000000,0x00000000fa128420,0x0000000100000000)
  to   space 98304K, 0% used [0x00000000f4000000,0x00000000f4000000,0x00000000fa000000)
 ParOldGen       total 1310720K, used 1155264K [0x0000000080000000, 0x00000000d0000000, 0x00000000d0000000)
  object space 1310720K, 88% used [0x0000000080000000,0x00000000c68300c8,0x00000000d0000000)
 Metaspace       used 250317K, capacity 255088K, committed 255232K, reserved 747520K
  class space    used 23982K, capacity 24961K, committed 25088K, reserved 516096K
2025-05-15T01:05:59.551+0900: 24770.838: [GC (Allocation Failure) [PSYoungGen: 591009K->1185K(688128K)] 1746273K->1156473K(1998848K), 0.0137269 secs] [Times: user=0.03 sys=0.01, real=0.01 secs] 
Heap after GC invocations=493 (full 2):
 PSYoungGen      total 688128K, used 1185K [0x00000000d0000000, 0x0000000100000000, 0x0000000100000000)
  eden space 589824K, 0% used [0x00000000d0000000,0x00000000d0000000,0x00000000f4000000)
  from space 98304K, 1% used [0x00000000f4000000,0x00000000f4128420,0x00000000fa000000)
  to   space 98304K, 0% used [0x00000000fa000000,0x00000000fa000000,0x0000000100000000)
 ParOldGen       total 1310720K, used 1155288K [0x0000000080000000, 0x00000000d0000000, 0x00000000d0000000)
  object space 1310720K, 88% used [0x0000000080000000,0x00000000c68360c8,0x00000000d0000000)
 Metaspace       used 250317K, capacity 255088K, committed 255232K, reserved 747520K
  class space    used 23982K, capacity 24961K, committed 25088K, reserved 516096K
}
{Heap before GC invocations=494 (full 2):
 PSYoungGen      total 688128K, used 591009K [0x00000000d0000000, 0x0000000100000000, 0x0000000100000000)
  eden space 589824K, 100% used [0x00000000d0000000,0x00000000f4000000,0x00000000f4000000)
  from space 98304K, 1% used [0x00000000f4000000,0x00000000f4128420,0x00000000fa000000)
  to   space 98304K, 0% used [0x00000000fa000000,0x00000000fa000000,0x0000000100000000)
 ParOldGen       total 1310720K, used 1155288K [0x0000000080000000, 0x00000000d0000000, 0x00000000d0000000)
  object space 1310720K, 88% used [0x0000000080000000,0x00000000c68360c8,0x00000000d0000000)
 Metaspace       used 250321K, capacity 255088K, committed 255232K, reserved 747520K
  class space    used 23982K, capacity 24961K, committed 25088K, reserved 516096K
2025-05-15T01:07:00.762+0900: 24832.049: [GC (Allocation Failure) [PSYoungGen: 591009K->1320K(688128K)] 1746297K->1156632K(1998848K), 0.0132619 secs] [Times: user=0.03 sys=0.00, real=0.01 secs] 
Heap after GC invocations=494 (full 2):
 PSYoungGen      total 688128K, used 1320K [0x00000000d0000000, 0x0000000100000000, 0x0000000100000000)
  eden space 589824K, 0% used [0x00000000d0000000,0x00000000d0000000,0x00000000f4000000)
  from space 98304K, 1% used [0x00000000fa000000,0x00000000fa14a0d0,0x0000000100000000)
  to   space 98304K, 0% used [0x00000000f4000000,0x00000000f4000000,0x00000000fa000000)
 ParOldGen       total 1310720K, used 1155312K [0x0000000080000000, 0x00000000d0000000, 0x00000000d0000000)
  object space 1310720K, 88% used [0x0000000080000000,0x00000000c683c0c8,0x00000000d0000000)
 Metaspace       used 250321K, capacity 255088K, committed 255232K, reserved 747520K
  class space    used 23982K, capacity 24961K, committed 25088K, reserved 516096K
}
{Heap before GC invocations=495 (full 2):
 PSYoungGen      total 688128K, used 591144K [0x00000000d0000000, 0x0000000100000000, 0x0000000100000000)
  eden space 589824K, 100% used [0x00000000d0000000,0x00000000f4000000,0x00000000f4000000)
  from space 98304K, 1% used [0x00000000fa000000,0x00000000fa14a0d0,0x0000000100000000)
  to   space 98304K, 0% used [0x00000000f4000000,0x00000000f4000000,0x00000000fa000000)
 ParOldGen       total 1310720K, used 1155312K [0x0000000080000000, 0x00000000d0000000, 0x00000000d0000000)
  object space 1310720K, 88% used [0x0000000080000000,0x00000000c683c0c8,0x00000000d0000000)
 Metaspace       used 250321K, capacity 255088K, committed 255232K, reserved 747520K
  class space    used 23982K, capacity 24961K, committed 25088K, reserved 516096K
2025-05-15T01:08:02.019+0900: 24893.306: [GC (Allocation Failure) [PSYoungGen: 591144K->1169K(688128K)] 1746456K->1156497K(1998848K), 0.0141690 secs] [Times: user=0.04 sys=0.00, real=0.01 secs] 
Heap after GC invocations=495 (full 2):
 PSYoungGen      total 688128K, used 1169K [0x00000000d0000000, 0x0000000100000000, 0x0000000100000000)
  eden space 589824K, 0% used [0x00000000d0000000,0x00000000d0000000,0x00000000f4000000)
  from space 98304K, 1% used [0x00000000f4000000,0x00000000f4124410,0x00000000fa000000)
  to   space 98304K, 0% used [0x00000000fa000000,0x00000000fa000000,0x0000000100000000)
 ParOldGen       total 1310720K, used 1155328K [0x0000000080000000, 0x00000000d0000000, 0x00000000d0000000)
  object space 1310720K, 88% used [0x0000000080000000,0x00000000c68400c8,0x00000000d0000000)
 Metaspace       used 250321K, capacity 255088K, committed 255232K, reserved 747520K
  class space    used 23982K, capacity 24961K, committed 25088K, reserved 516096K
}
{Heap before GC invocations=496 (full 2):
 PSYoungGen      total 688128K, used 590993K [0x00000000d0000000, 0x0000000100000000, 0x0000000100000000)
  eden space 589824K, 100% used [0x00000000d0000000,0x00000000f4000000,0x00000000f4000000)
  from space 98304K, 1% used [0x00000000f4000000,0x00000000f4124410,0x00000000fa000000)
  to   space 98304K, 0% used [0x00000000fa000000,0x00000000fa000000,0x0000000100000000)
 ParOldGen       total 1310720K, used 1155328K [0x0000000080000000, 0x00000000d0000000, 0x00000000d0000000)
  object space 1310720K, 88% used [0x0000000080000000,0x00000000c68400c8,0x00000000d0000000)
 Metaspace       used 250321K, capacity 255088K, committed 255232K, reserved 747520K
  class space    used 23982K, capacity 24961K, committed 25088K, reserved 516096K
2025-05-15T01:09:04.201+0900: 24955.488: [GC (Allocation Failure) [PSYoungGen: 590993K->1137K(688128K)] 1746321K->1156481K(1998848K), 0.0138155 secs] [Times: user=0.04 sys=0.00, real=0.01 secs] 
Heap after GC invocations=496 (full 2):
 PSYoungGen      total 688128K, used 1137K [0x00000000d0000000, 0x0000000100000000, 0x0000000100000000)
  eden space 589824K, 0% used [0x00000000d0000000,0x00000000d0000000,0x00000000f4000000)
  from space 98304K, 1% used [0x00000000fa000000,0x00000000fa11c410,0x0000000100000000)
  to   space 98304K, 0% used [0x00000000f4000000,0x00000000f4000000,0x00000000fa000000)
 ParOldGen       total 1310720K, used 1155344K [0x0000000080000000, 0x00000000d0000000, 0x00000000d0000000)
  object space 1310720K, 88% used [0x0000000080000000,0x00000000c68440c8,0x00000000d0000000)
 Metaspace       used 250321K, capacity 255088K, committed 255232K, reserved 747520K
  class space    used 23982K, capacity 24961K, committed 25088K, reserved 516096K
}
{Heap before GC invocations=497 (full 2):
 PSYoungGen      total 688128K, used 590961K [0x00000000d0000000, 0x0000000100000000, 0x0000000100000000)
  eden space 589824K, 100% used [0x00000000d0000000,0x00000000f4000000,0x00000000f4000000)
  from space 98304K, 1% used [0x00000000fa000000,0x00000000fa11c410,0x0000000100000000)
  to   space 98304K, 0% used [0x00000000f4000000,0x00000000f4000000,0x00000000fa000000)
 ParOldGen       total 1310720K, used 1155344K [0x0000000080000000, 0x00000000d0000000, 0x00000000d0000000)
  object space 1310720K, 88% used [0x0000000080000000,0x00000000c68440c8,0x00000000d0000000)
 Metaspace       used 250324K, capacity 255088K, committed 255232K, reserved 747520K
  class space    used 23982K, capacity 24961K, committed 25088K, reserved 516096K
2025-05-15T01:10:06.625+0900: 25017.912: [GC (Allocation Failure) [PSYoungGen: 590961K->1169K(688128K)] 1746305K->1156537K(1998848K), 0.0135434 secs] [Times: user=0.03 sys=0.00, real=0.01 secs] 
Heap after GC invocations=497 (full 2):
 PSYoungGen      total 688128K, used 1169K [0x00000000d0000000, 0x0000000100000000, 0x0000000100000000)
  eden space 589824K, 0% used [0x00000000d0000000,0x00000000d0000000,0x00000000f4000000)
  from space 98304K, 1% used [0x00000000f4000000,0x00000000f4124410,0x00000000fa000000)
  to   space 98304K, 0% used [0x00000000fa000000,0x00000000fa000000,0x0000000100000000)
 ParOldGen       total 1310720K, used 1155368K [0x0000000080000000, 0x00000000d0000000, 0x00000000d0000000)
  object space 1310720K, 88% used [0x0000000080000000,0x00000000c684a0c8,0x00000000d0000000)
 Metaspace       used 250324K, capacity 255088K, committed 255232K, reserved 747520K
  class space    used 23982K, capacity 24961K, committed 25088K, reserved 516096K
}
{Heap before GC invocations=498 (full 2):
 PSYoungGen      total 688128K, used 590993K [0x00000000d0000000, 0x0000000100000000, 0x0000000100000000)
  eden space 589824K, 100% used [0x00000000d0000000,0x00000000f4000000,0x00000000f4000000)
  from space 98304K, 1% used [0x00000000f4000000,0x00000000f4124410,0x00000000fa000000)
  to   space 98304K, 0% used [0x00000000fa000000,0x00000000fa000000,0x0000000100000000)
 ParOldGen       total 1310720K, used 1155368K [0x0000000080000000, 0x00000000d0000000, 0x00000000d0000000)
  object space 1310720K, 88% used [0x0000000080000000,0x00000000c684a0c8,0x00000000d0000000)
 Metaspace       used 250324K, capacity 255088K, committed 255232K, reserved 747520K
  class space    used 23982K, capacity 24961K, committed 25088K, reserved 516096K
2025-05-15T01:11:08.689+0900: 25079.976: [GC (Allocation Failure) [PSYoungGen: 590993K->1137K(688128K)] 1746361K->1156521K(1998848K), 0.0133730 secs] [Times: user=0.04 sys=0.00, real=0.01 secs] 
Heap after GC invocations=498 (full 2):
 PSYoungGen      total 688128K, used 1137K [0x00000000d0000000, 0x0000000100000000, 0x0000000100000000)
  eden space 589824K, 0% used [0x00000000d0000000,0x00000000d0000000,0x00000000f4000000)
  from space 98304K, 1% used [0x00000000fa000000,0x00000000fa11c410,0x0000000100000000)
  to   space 98304K, 0% used [0x00000000f4000000,0x00000000f4000000,0x00000000fa000000)
 ParOldGen       total 1310720K, used 1155384K [0x0000000080000000, 0x00000000d0000000, 0x00000000d0000000)
  object space 1310720K, 88% used [0x0000000080000000,0x00000000c684e0c8,0x00000000d0000000)
 Metaspace       used 250324K, capacity 255088K, committed 255232K, reserved 747520K
  class space    used 23982K, capacity 24961K, committed 25088K, reserved 516096K
}
{Heap before GC invocations=499 (full 2):
 PSYoungGen      total 688128K, used 590961K [0x00000000d0000000, 0x0000000100000000, 0x0000000100000000)
  eden space 589824K, 100% used [0x00000000d0000000,0x00000000f4000000,0x00000000f4000000)
  from space 98304K, 1% used [0x00000000fa000000,0x00000000fa11c410,0x0000000100000000)
  to   space 98304K, 0% used [0x00000000f4000000,0x00000000f4000000,0x00000000fa000000)
 ParOldGen       total 1310720K, used 1155384K [0x0000000080000000, 0x00000000d0000000, 0x00000000d0000000)
  object space 1310720K, 88% used [0x0000000080000000,0x00000000c684e0c8,0x00000000d0000000)
 Metaspace       used 250324K, capacity 255088K, committed 255232K, reserved 747520K
  class space    used 23982K, capacity 24961K, committed 25088K, reserved 516096K
2025-05-15T01:12:10.879+0900: 25142.167: [GC (Allocation Failure) [PSYoungGen: 590961K->1137K(688128K)] 1746345K->1156553K(1998848K), 0.0139832 secs] [Times: user=0.03 sys=0.01, real=0.01 secs] 
Heap after GC invocations=499 (full 2):
 PSYoungGen      total 688128K, used 1137K [0x00000000d0000000, 0x0000000100000000, 0x0000000100000000)
  eden space 589824K, 0% used [0x00000000d0000000,0x00000000d0000000,0x00000000f4000000)
  from space 98304K, 1% used [0x00000000f4000000,0x00000000f411c410,0x00000000fa000000)
  to   space 98304K, 0% used [0x00000000fa000000,0x00000000fa000000,0x0000000100000000)
 ParOldGen       total 1310720K, used 1155416K [0x0000000080000000, 0x00000000d0000000, 0x00000000d0000000)
  object space 1310720K, 88% used [0x0000000080000000,0x00000000c68560c8,0x00000000d0000000)
 Metaspace       used 250324K, capacity 255088K, committed 255232K, reserved 747520K
  class space    used 23982K, capacity 24961K, committed 25088K, reserved 516096K
}
{Heap before GC invocations=500 (full 2):
 PSYoungGen      total 688128K, used 590961K [0x00000000d0000000, 0x0000000100000000, 0x0000000100000000)
  eden space 589824K, 100% used [0x00000000d0000000,0x00000000f4000000,0x00000000f4000000)
  from space 98304K, 1% used [0x00000000f4000000,0x00000000f411c410,0x00000000fa000000)
  to   space 98304K, 0% used [0x00000000fa000000,0x00000000fa000000,0x0000000100000000)
 ParOldGen       total 1310720K, used 1155416K [0x0000000080000000, 0x00000000d0000000, 0x00000000d0000000)
  object space 1310720K, 88% used [0x0000000080000000,0x00000000c68560c8,0x00000000d0000000)
 Metaspace       used 250324K, capacity 255088K, committed 255232K, reserved 747520K
  class space    used 23982K, capacity 24961K, committed 25088K, reserved 516096K
2025-05-15T01:13:14.109+0900: 25205.396: [GC (Allocation Failure) [PSYoungGen: 590961K->640K(688128K)] 1746377K->1156627K(1998848K), 0.0132256 secs] [Times: user=0.03 sys=0.00, real=0.01 secs] 
Heap after GC invocations=500 (full 2):
 PSYoungGen      total 688128K, used 640K [0x00000000d0000000, 0x0000000100000000, 0x0000000100000000)
  eden space 589824K, 0% used [0x00000000d0000000,0x00000000d0000000,0x00000000f4000000)
  from space 98304K, 0% used [0x00000000fa000000,0x00000000fa0a0000,0x0000000100000000)
  to   space 98304K, 0% used [0x00000000f4000000,0x00000000f4000000,0x00000000fa000000)
 ParOldGen       total 1310720K, used 1155987K [0x0000000080000000, 0x00000000d0000000, 0x00000000d0000000)
  object space 1310720K, 88% used [0x0000000080000000,0x00000000c68e4f18,0x00000000d0000000)
 Metaspace       used 250324K, capacity 255088K, committed 255232K, reserved 747520K
  class space    used 23982K, capacity 24961K, committed 25088K, reserved 516096K
}
{Heap before GC invocations=501 (full 2):
 PSYoungGen      total 688128K, used 590464K [0x00000000d0000000, 0x0000000100000000, 0x0000000100000000)
  eden space 589824K, 100% used [0x00000000d0000000,0x00000000f4000000,0x00000000f4000000)
  from space 98304K, 0% used [0x00000000fa000000,0x00000000fa0a0000,0x0000000100000000)
  to   space 98304K, 0% used [0x00000000f4000000,0x00000000f4000000,0x00000000fa000000)
 ParOldGen       total 1310720K, used 1155987K [0x0000000080000000, 0x00000000d0000000, 0x00000000d0000000)
  object space 1310720K, 88% used [0x0000000080000000,0x00000000c68e4f18,0x00000000d0000000)
 Metaspace       used 250325K, capacity 255088K, committed 255232K, reserved 747520K
  class space    used 23982K, capacity 24961K, committed 25088K, reserved 516096K
2025-05-15T01:14:16.340+0900: 25267.627: [GC (Allocation Failure) [PSYoungGen: 590464K->608K(688128K)] 1746451K->1156611K(1998848K), 0.0134422 secs] [Times: user=0.04 sys=0.00, real=0.01 secs] 
Heap after GC invocations=501 (full 2):
 PSYoungGen      total 688128K, used 608K [0x00000000d0000000, 0x0000000100000000, 0x0000000100000000)
  eden space 589824K, 0% used [0x00000000d0000000,0x00000000d0000000,0x00000000f4000000)
  from space 98304K, 0% used [0x00000000f4000000,0x00000000f4098000,0x00000000fa000000)
  to   space 98304K, 0% used [0x00000000fa000000,0x00000000fa000000,0x0000000100000000)
 ParOldGen       total 1310720K, used 1156003K [0x0000000080000000, 0x00000000d0000000, 0x00000000d0000000)
  object space 1310720K, 88% used [0x0000000080000000,0x00000000c68e8f18,0x00000000d0000000)
 Metaspace       used 250325K, capacity 255088K, committed 255232K, reserved 747520K
  class space    used 23982K, capacity 24961K, committed 25088K, reserved 516096K
}
{Heap before GC invocations=502 (full 2):
 PSYoungGen      total 688128K, used 590432K [0x00000000d0000000, 0x0000000100000000, 0x0000000100000000)
  eden space 589824K, 100% used [0x00000000d0000000,0x00000000f4000000,0x00000000f4000000)
  from space 98304K, 0% used [0x00000000f4000000,0x00000000f4098000,0x00000000fa000000)
  to   space 98304K, 0% used [0x00000000fa000000,0x00000000fa000000,0x0000000100000000)
 ParOldGen       total 1310720K, used 1156003K [0x0000000080000000, 0x00000000d0000000, 0x00000000d0000000)
  object space 1310720K, 88% used [0x0000000080000000,0x00000000c68e8f18,0x00000000d0000000)
 Metaspace       used 250325K, capacity 255088K, committed 255232K, reserved 747520K
  class space    used 23982K, capacity 24961K, committed 25088K, reserved 516096K
2025-05-15T01:15:18.571+0900: 25329.858: [GC (Allocation Failure) [PSYoungGen: 590432K->608K(688128K)] 1746435K->1156635K(1998848K), 0.0135095 secs] [Times: user=0.03 sys=0.00, real=0.01 secs] 
Heap after GC invocations=502 (full 2):
 PSYoungGen      total 688128K, used 608K [0x00000000d0000000, 0x0000000100000000, 0x0000000100000000)
  eden space 589824K, 0% used [0x00000000d0000000,0x00000000d0000000,0x00000000f4000000)
  from space 98304K, 0% used [0x00000000fa000000,0x00000000fa098000,0x0000000100000000)
  to   space 98304K, 0% used [0x00000000f4000000,0x00000000f4000000,0x00000000fa000000)
 ParOldGen       total 1310720K, used 1156027K [0x0000000080000000, 0x00000000d0000000, 0x00000000d0000000)
  object space 1310720K, 88% used [0x0000000080000000,0x00000000c68eef18,0x00000000d0000000)
 Metaspace       used 250325K, capacity 255088K, committed 255232K, reserved 747520K
  class space    used 23982K, capacity 24961K, committed 25088K, reserved 516096K
}
{Heap before GC invocations=503 (full 2):
 PSYoungGen      total 688128K, used 590432K [0x00000000d0000000, 0x0000000100000000, 0x0000000100000000)
  eden space 589824K, 100% used [0x00000000d0000000,0x00000000f4000000,0x00000000f4000000)
  from space 98304K, 0% used [0x00000000fa000000,0x00000000fa098000,0x0000000100000000)
  to   space 98304K, 0% used [0x00000000f4000000,0x00000000f4000000,0x00000000fa000000)
 ParOldGen       total 1310720K, used 1156027K [0x0000000080000000, 0x00000000d0000000, 0x00000000d0000000)
  object space 1310720K, 88% used [0x0000000080000000,0x00000000c68eef18,0x00000000d0000000)
 Metaspace       used 250325K, capacity 255088K, committed 255232K, reserved 747520K
  class space    used 23982K, capacity 24961K, committed 25088K, reserved 516096K
2025-05-15T01:16:21.811+0900: 25393.098: [GC (Allocation Failure) [PSYoungGen: 590432K->640K(688128K)] 1746459K->1156675K(1998848K), 0.0139354 secs] [Times: user=0.04 sys=0.00, real=0.01 secs] 
Heap after GC invocations=503 (full 2):
 PSYoungGen      total 688128K, used 640K [0x00000000d0000000, 0x0000000100000000, 0x0000000100000000)
  eden space 589824K, 0% used [0x00000000d0000000,0x00000000d0000000,0x00000000f4000000)
  from space 98304K, 0% used [0x00000000f4000000,0x00000000f40a0000,0x00000000fa000000)
  to   space 98304K, 0% used [0x00000000fa000000,0x00000000fa000000,0x0000000100000000)
 ParOldGen       total 1310720K, used 1156035K [0x0000000080000000, 0x00000000d0000000, 0x00000000d0000000)
  object space 1310720K, 88% used [0x0000000080000000,0x00000000c68f0f18,0x00000000d0000000)
 Metaspace       used 250325K, capacity 255088K, committed 255232K, reserved 747520K
  class space    used 23982K, capacity 24961K, committed 25088K, reserved 516096K
}
{Heap before GC invocations=504 (full 2):
 PSYoungGen      total 688128K, used 590464K [0x00000000d0000000, 0x0000000100000000, 0x0000000100000000)
  eden space 589824K, 100% used [0x00000000d0000000,0x00000000f4000000,0x00000000f4000000)
  from space 98304K, 0% used [0x00000000f4000000,0x00000000f40a0000,0x00000000fa000000)
  to   space 98304K, 0% used [0x00000000fa000000,0x00000000fa000000,0x0000000100000000)
 ParOldGen       total 1310720K, used 1156035K [0x0000000080000000, 0x00000000d0000000, 0x00000000d0000000)
  object space 1310720K, 88% used [0x0000000080000000,0x00000000c68f0f18,0x00000000d0000000)
 Metaspace       used 250325K, capacity 255088K, committed 255232K, reserved 747520K
  class space    used 23982K, capacity 24961K, committed 25088K, reserved 516096K
2025-05-15T01:17:24.077+0900: 25455.364: [GC (Allocation Failure) [PSYoungGen: 590464K->608K(688128K)] 1746499K->1156675K(1998848K), 0.0135135 secs] [Times: user=0.03 sys=0.00, real=0.02 secs] 
Heap after GC invocations=504 (full 2):
 PSYoungGen      total 688128K, used 608K [0x00000000d0000000, 0x0000000100000000, 0x0000000100000000)
  eden space 589824K, 0% used [0x00000000d0000000,0x00000000d0000000,0x00000000f4000000)
  from space 98304K, 0% used [0x00000000fa000000,0x00000000fa098000,0x0000000100000000)
  to   space 98304K, 0% used [0x00000000f4000000,0x00000000f4000000,0x00000000fa000000)
 ParOldGen       total 1310720K, used 1156067K [0x0000000080000000, 0x00000000d0000000, 0x00000000d0000000)
  object space 1310720K, 88% used [0x0000000080000000,0x00000000c68f8f18,0x00000000d0000000)
 Metaspace       used 250325K, capacity 255088K, committed 255232K, reserved 747520K
  class space    used 23982K, capacity 24961K, committed 25088K, reserved 516096K
}
{Heap before GC invocations=505 (full 2):
 PSYoungGen      total 688128K, used 590432K [0x00000000d0000000, 0x0000000100000000, 0x0000000100000000)
  eden space 589824K, 100% used [0x00000000d0000000,0x00000000f4000000,0x00000000f4000000)
  from space 98304K, 0% used [0x00000000fa000000,0x00000000fa098000,0x0000000100000000)
  to   space 98304K, 0% used [0x00000000f4000000,0x00000000f4000000,0x00000000fa000000)
 ParOldGen       total 1310720K, used 1156067K [0x0000000080000000, 0x00000000d0000000, 0x00000000d0000000)
  object space 1310720K, 88% used [0x0000000080000000,0x00000000c68f8f18,0x00000000d0000000)
 Metaspace       used 250327K, capacity 255088K, committed 255232K, reserved 747520K
  class space    used 23982K, capacity 24961K, committed 25088K, reserved 516096K
2025-05-15T01:18:25.358+0900: 25516.645: [GC (Allocation Failure) [PSYoungGen: 590432K->784K(688128K)] 1746499K->1156867K(1998848K), 0.0135023 secs] [Times: user=0.04 sys=0.00, real=0.02 secs] 
Heap after GC invocations=505 (full 2):
 PSYoungGen      total 688128K, used 784K [0x00000000d0000000, 0x0000000100000000, 0x0000000100000000)
  eden space 589824K, 0% used [0x00000000d0000000,0x00000000d0000000,0x00000000f4000000)
  from space 98304K, 0% used [0x00000000f4000000,0x00000000f40c4010,0x00000000fa000000)
  to   space 98304K, 0% used [0x00000000fa000000,0x00000000fa000000,0x0000000100000000)
 ParOldGen       total 1310720K, used 1156083K [0x0000000080000000, 0x00000000d0000000, 0x00000000d0000000)
  object space 1310720K, 88% used [0x0000000080000000,0x00000000c68fcf18,0x00000000d0000000)
 Metaspace       used 250327K, capacity 255088K, committed 255232K, reserved 747520K
  class space    used 23982K, capacity 24961K, committed 25088K, reserved 516096K
}
{Heap before GC invocations=506 (full 2):
 PSYoungGen      total 688128K, used 590608K [0x00000000d0000000, 0x0000000100000000, 0x0000000100000000)
  eden space 589824K, 100% used [0x00000000d0000000,0x00000000f4000000,0x00000000f4000000)
  from space 98304K, 0% used [0x00000000f4000000,0x00000000f40c4010,0x00000000fa000000)
  to   space 98304K, 0% used [0x00000000fa000000,0x00000000fa000000,0x0000000100000000)
 ParOldGen       total 1310720K, used 1156083K [0x0000000080000000, 0x00000000d0000000, 0x00000000d0000000)
  object space 1310720K, 88% used [0x0000000080000000,0x00000000c68fcf18,0x00000000d0000000)
 Metaspace       used 250327K, capacity 255088K, committed 255232K, reserved 747520K
  class space    used 23982K, capacity 24961K, committed 25088K, reserved 516096K
2025-05-15T01:19:27.532+0900: 25578.819: [GC (Allocation Failure) [PSYoungGen: 590608K->784K(688128K)] 1746691K->1156875K(1998848K), 0.0133958 secs] [Times: user=0.03 sys=0.00, real=0.01 secs] 
Heap after GC invocations=506 (full 2):
 PSYoungGen      total 688128K, used 784K [0x00000000d0000000, 0x0000000100000000, 0x0000000100000000)
  eden space 589824K, 0% used [0x00000000d0000000,0x00000000d0000000,0x00000000f4000000)
  from space 98304K, 0% used [0x00000000fa000000,0x00000000fa0c4010,0x0000000100000000)
  to   space 98304K, 0% used [0x00000000f4000000,0x00000000f4000000,0x00000000fa000000)
 ParOldGen       total 1310720K, used 1156091K [0x0000000080000000, 0x00000000d0000000, 0x00000000d0000000)
  object space 1310720K, 88% used [0x0000000080000000,0x00000000c68fef18,0x00000000d0000000)
 Metaspace       used 250327K, capacity 255088K, committed 255232K, reserved 747520K
  class space    used 23982K, capacity 24961K, committed 25088K, reserved 516096K
}
{Heap before GC invocations=507 (full 2):
 PSYoungGen      total 688128K, used 590608K [0x00000000d0000000, 0x0000000100000000, 0x0000000100000000)
  eden space 589824K, 100% used [0x00000000d0000000,0x00000000f4000000,0x00000000f4000000)
  from space 98304K, 0% used [0x00000000fa000000,0x00000000fa0c4010,0x0000000100000000)
  to   space 98304K, 0% used [0x00000000f4000000,0x00000000f4000000,0x00000000fa000000)
 ParOldGen       total 1310720K, used 1156091K [0x0000000080000000, 0x00000000d0000000, 0x00000000d0000000)
  object space 1310720K, 88% used [0x0000000080000000,0x00000000c68fef18,0x00000000d0000000)
 Metaspace       used 250327K, capacity 255088K, committed 255232K, reserved 747520K
  class space    used 23982K, capacity 24961K, committed 25088K, reserved 516096K
2025-05-15T01:20:30.761+0900: 25642.048: [GC (Allocation Failure) [PSYoungGen: 590608K->784K(688128K)] 1746699K->1156899K(1998848K), 0.0140793 secs] [Times: user=0.04 sys=0.00, real=0.01 secs] 
Heap after GC invocations=507 (full 2):
 PSYoungGen      total 688128K, used 784K [0x00000000d0000000, 0x0000000100000000, 0x0000000100000000)
  eden space 589824K, 0% used [0x00000000d0000000,0x00000000d0000000,0x00000000f4000000)
  from space 98304K, 0% used [0x00000000f4000000,0x00000000f40c4010,0x00000000fa000000)
  to   space 98304K, 0% used [0x00000000fa000000,0x00000000fa000000,0x0000000100000000)
 ParOldGen       total 1310720K, used 1156115K [0x0000000080000000, 0x00000000d0000000, 0x00000000d0000000)
  object space 1310720K, 88% used [0x0000000080000000,0x00000000c6904f18,0x00000000d0000000)
 Metaspace       used 250327K, capacity 255088K, committed 255232K, reserved 747520K
  class space    used 23982K, capacity 24961K, committed 25088K, reserved 516096K
}
{Heap before GC invocations=508 (full 2):
 PSYoungGen      total 688128K, used 590608K [0x00000000d0000000, 0x0000000100000000, 0x0000000100000000)
  eden space 589824K, 100% used [0x00000000d0000000,0x00000000f4000000,0x00000000f4000000)
  from space 98304K, 0% used [0x00000000f4000000,0x00000000f40c4010,0x00000000fa000000)
  to   space 98304K, 0% used [0x00000000fa000000,0x00000000fa000000,0x0000000100000000)
 ParOldGen       total 1310720K, used 1156115K [0x0000000080000000, 0x00000000d0000000, 0x00000000d0000000)
  object space 1310720K, 88% used [0x0000000080000000,0x00000000c6904f18,0x00000000d0000000)
 Metaspace       used 250327K, capacity 255088K, committed 255232K, reserved 747520K
  class space    used 23982K, capacity 24961K, committed 25088K, reserved 516096K
2025-05-15T01:21:32.999+0900: 25704.286: [GC (Allocation Failure) [PSYoungGen: 590608K->784K(688128K)] 1746723K->1156923K(1998848K), 0.0136497 secs] [Times: user=0.03 sys=0.00, real=0.01 secs] 
Heap after GC invocations=508 (full 2):
 PSYoungGen      total 688128K, used 784K [0x00000000d0000000, 0x0000000100000000, 0x0000000100000000)
  eden space 589824K, 0% used [0x00000000d0000000,0x00000000d0000000,0x00000000f4000000)
  from space 98304K, 0% used [0x00000000fa000000,0x00000000fa0c4010,0x0000000100000000)
  to   space 98304K, 0% used [0x00000000f4000000,0x00000000f4000000,0x00000000fa000000)
 ParOldGen       total 1310720K, used 1156139K [0x0000000080000000, 0x00000000d0000000, 0x00000000d0000000)
  object space 1310720K, 88% used [0x0000000080000000,0x00000000c690af18,0x00000000d0000000)
 Metaspace       used 250327K, capacity 255088K, committed 255232K, reserved 747520K
  class space    used 23982K, capacity 24961K, committed 25088K, reserved 516096K
}
{Heap before GC invocations=509 (full 2):
 PSYoungGen      total 688128K, used 590608K [0x00000000d0000000, 0x0000000100000000, 0x0000000100000000)
  eden space 589824K, 100% used [0x00000000d0000000,0x00000000f4000000,0x00000000f4000000)
  from space 98304K, 0% used [0x00000000fa000000,0x00000000fa0c4010,0x0000000100000000)
  to   space 98304K, 0% used [0x00000000f4000000,0x00000000f4000000,0x00000000fa000000)
 ParOldGen       total 1310720K, used 1156139K [0x0000000080000000, 0x00000000d0000000, 0x00000000d0000000)
  object space 1310720K, 88% used [0x0000000080000000,0x00000000c690af18,0x00000000d0000000)
 Metaspace       used 250327K, capacity 255088K, committed 255232K, reserved 747520K
  class space    used 23982K, capacity 24961K, committed 25088K, reserved 516096K
2025-05-15T01:22:35.228+0900: 25766.515: [GC (Allocation Failure) [PSYoungGen: 590608K->720K(688128K)] 1746747K->1156887K(1998848K), 0.0133443 secs] [Times: user=0.04 sys=0.00, real=0.02 secs] 
Heap after GC invocations=509 (full 2):
 PSYoungGen      total 688128K, used 720K [0x00000000d0000000, 0x0000000100000000, 0x0000000100000000)
  eden space 589824K, 0% used [0x00000000d0000000,0x00000000d0000000,0x00000000f4000000)
  from space 98304K, 0% used [0x00000000f4000000,0x00000000f40b4010,0x00000000fa000000)
  to   space 98304K, 0% used [0x00000000fa000000,0x00000000fa000000,0x0000000100000000)
 ParOldGen       total 1310720K, used 1156167K [0x0000000080000000, 0x00000000d0000000, 0x00000000d0000000)
  object space 1310720K, 88% used [0x0000000080000000,0x00000000c6911f28,0x00000000d0000000)
 Metaspace       used 250327K, capacity 255088K, committed 255232K, reserved 747520K
  class space    used 23982K, capacity 24961K, committed 25088K, reserved 516096K
}
{Heap before GC invocations=510 (full 2):
 PSYoungGen      total 688128K, used 590544K [0x00000000d0000000, 0x0000000100000000, 0x0000000100000000)
  eden space 589824K, 100% used [0x00000000d0000000,0x00000000f4000000,0x00000000f4000000)
  from space 98304K, 0% used [0x00000000f4000000,0x00000000f40b4010,0x00000000fa000000)
  to   space 98304K, 0% used [0x00000000fa000000,0x00000000fa000000,0x0000000100000000)
 ParOldGen       total 1310720K, used 1156167K [0x0000000080000000, 0x00000000d0000000, 0x00000000d0000000)
  object space 1310720K, 88% used [0x0000000080000000,0x00000000c6911f28,0x00000000d0000000)
 Metaspace       used 250327K, capacity 255088K, committed 255232K, reserved 747520K
  class space    used 23982K, capacity 24961K, committed 25088K, reserved 516096K
2025-05-15T01:23:37.465+0900: 25828.752: [GC (Allocation Failure) [PSYoungGen: 590544K->704K(688128K)] 1746711K->1156895K(1998848K), 0.0133868 secs] [Times: user=0.03 sys=0.00, real=0.02 secs] 
Heap after GC invocations=510 (full 2):
 PSYoungGen      total 688128K, used 704K [0x00000000d0000000, 0x0000000100000000, 0x0000000100000000)
  eden space 589824K, 0% used [0x00000000d0000000,0x00000000d0000000,0x00000000f4000000)
  from space 98304K, 0% used [0x00000000fa000000,0x00000000fa0b0020,0x0000000100000000)
  to   space 98304K, 0% used [0x00000000f4000000,0x00000000f4000000,0x00000000fa000000)
 ParOldGen       total 1310720K, used 1156191K [0x0000000080000000, 0x00000000d0000000, 0x00000000d0000000)
  object space 1310720K, 88% used [0x0000000080000000,0x00000000c6917f28,0x00000000d0000000)
 Metaspace       used 250327K, capacity 255088K, committed 255232K, reserved 747520K
  class space    used 23982K, capacity 24961K, committed 25088K, reserved 516096K
}
{Heap before GC invocations=511 (full 2):
 PSYoungGen      total 688128K, used 590528K [0x00000000d0000000, 0x0000000100000000, 0x0000000100000000)
  eden space 589824K, 100% used [0x00000000d0000000,0x00000000f4000000,0x00000000f4000000)
  from space 98304K, 0% used [0x00000000fa000000,0x00000000fa0b0020,0x0000000100000000)
  to   space 98304K, 0% used [0x00000000f4000000,0x00000000f4000000,0x00000000fa000000)
 ParOldGen       total 1310720K, used 1156191K [0x0000000080000000, 0x00000000d0000000, 0x00000000d0000000)
  object space 1310720K, 88% used [0x0000000080000000,0x00000000c6917f28,0x00000000d0000000)
 Metaspace       used 250327K, capacity 255088K, committed 255232K, reserved 747520K
  class space    used 23982K, capacity 24961K, committed 25088K, reserved 516096K
2025-05-15T01:24:40.671+0900: 25891.958: [GC (Allocation Failure) [PSYoungGen: 590528K->704K(688128K)] 1746719K->1156919K(1998848K), 0.0135655 secs] [Times: user=0.04 sys=0.00, real=0.01 secs] 
Heap after GC invocations=511 (full 2):
 PSYoungGen      total 688128K, used 704K [0x00000000d0000000, 0x0000000100000000, 0x0000000100000000)
  eden space 589824K, 0% used [0x00000000d0000000,0x00000000d0000000,0x00000000f4000000)
  from space 98304K, 0% used [0x00000000f4000000,0x00000000f40b0020,0x00000000fa000000)
  to   space 98304K, 0% used [0x00000000fa000000,0x00000000fa000000,0x0000000100000000)
 ParOldGen       total 1310720K, used 1156215K [0x0000000080000000, 0x00000000d0000000, 0x00000000d0000000)
  object space 1310720K, 88% used [0x0000000080000000,0x00000000c691df28,0x00000000d0000000)
 Metaspace       used 250327K, capacity 255088K, committed 255232K, reserved 747520K
  class space    used 23982K, capacity 24961K, committed 25088K, reserved 516096K
}
{Heap before GC invocations=512 (full 2):
 PSYoungGen      total 688128K, used 590528K [0x00000000d0000000, 0x0000000100000000, 0x0000000100000000)
  eden space 589824K, 100% used [0x00000000d0000000,0x00000000f4000000,0x00000000f4000000)
  from space 98304K, 0% used [0x00000000f4000000,0x00000000f40b0020,0x00000000fa000000)
  to   space 98304K, 0% used [0x00000000fa000000,0x00000000fa000000,0x0000000100000000)
 ParOldGen       total 1310720K, used 1156215K [0x0000000080000000, 0x00000000d0000000, 0x00000000d0000000)
  object space 1310720K, 88% used [0x0000000080000000,0x00000000c691df28,0x00000000d0000000)
 Metaspace       used 250327K, capacity 255088K, committed 255232K, reserved 747520K
  class space    used 23982K, capacity 24961K, committed 25088K, reserved 516096K
2025-05-15T01:25:42.929+0900: 25954.216: [GC (Allocation Failure) [PSYoungGen: 590528K->768K(688128K)] 1746743K->1157007K(1998848K), 0.0133376 secs] [Times: user=0.03 sys=0.00, real=0.01 secs] 
Heap after GC invocations=512 (full 2):
 PSYoungGen      total 688128K, used 768K [0x00000000d0000000, 0x0000000100000000, 0x0000000100000000)
  eden space 589824K, 0% used [0x00000000d0000000,0x00000000d0000000,0x00000000f4000000)
  from space 98304K, 0% used [0x00000000fa000000,0x00000000fa0c0020,0x0000000100000000)
  to   space 98304K, 0% used [0x00000000f4000000,0x00000000f4000000,0x00000000fa000000)
 ParOldGen       total 1310720K, used 1156239K [0x0000000080000000, 0x00000000d0000000, 0x00000000d0000000)
  object space 1310720K, 88% used [0x0000000080000000,0x00000000c6923f28,0x00000000d0000000)
 Metaspace       used 250327K, capacity 255088K, committed 255232K, reserved 747520K
  class space    used 23982K, capacity 24961K, committed 25088K, reserved 516096K
}
{Heap before GC invocations=513 (full 2):
 PSYoungGen      total 688128K, used 590592K [0x00000000d0000000, 0x0000000100000000, 0x0000000100000000)
  eden space 589824K, 100% used [0x00000000d0000000,0x00000000f4000000,0x00000000f4000000)
  from space 98304K, 0% used [0x00000000fa000000,0x00000000fa0c0020,0x0000000100000000)
  to   space 98304K, 0% used [0x00000000f4000000,0x00000000f4000000,0x00000000fa000000)
 ParOldGen       total 1310720K, used 1156239K [0x0000000080000000, 0x00000000d0000000, 0x00000000d0000000)
  object space 1310720K, 88% used [0x0000000080000000,0x00000000c6923f28,0x00000000d0000000)
 Metaspace       used 250327K, capacity 255088K, committed 255232K, reserved 747520K
  class space    used 23982K, capacity 24961K, committed 25088K, reserved 516096K
2025-05-15T01:26:44.422+0900: 26015.709: [GC (Allocation Failure) [PSYoungGen: 590592K->752K(688128K)] 1746831K->1157015K(1998848K), 0.0128729 secs] [Times: user=0.03 sys=0.00, real=0.01 secs] 
Heap after GC invocations=513 (full 2):
 PSYoungGen      total 688128K, used 752K [0x00000000d0000000, 0x0000000100000000, 0x0000000100000000)
  eden space 589824K, 0% used [0x00000000d0000000,0x00000000d0000000,0x00000000f4000000)
  from space 98304K, 0% used [0x00000000f4000000,0x00000000f40bc010,0x00000000fa000000)
  to   space 98304K, 0% used [0x00000000fa000000,0x00000000fa000000,0x0000000100000000)
 ParOldGen       total 1310720K, used 1156263K [0x0000000080000000, 0x00000000d0000000, 0x00000000d0000000)
  object space 1310720K, 88% used [0x0000000080000000,0x00000000c6929f28,0x00000000d0000000)
 Metaspace       used 250327K, capacity 255088K, committed 255232K, reserved 747520K
  class space    used 23982K, capacity 24961K, committed 25088K, reserved 516096K
}
{Heap before GC invocations=514 (full 2):
 PSYoungGen      total 688128K, used 590576K [0x00000000d0000000, 0x0000000100000000, 0x0000000100000000)
  eden space 589824K, 100% used [0x00000000d0000000,0x00000000f4000000,0x00000000f4000000)
  from space 98304K, 0% used [0x00000000f4000000,0x00000000f40bc010,0x00000000fa000000)
  to   space 98304K, 0% used [0x00000000fa000000,0x00000000fa000000,0x0000000100000000)
 ParOldGen       total 1310720K, used 1156263K [0x0000000080000000, 0x00000000d0000000, 0x00000000d0000000)
  object space 1310720K, 88% used [0x0000000080000000,0x00000000c6929f28,0x00000000d0000000)
 Metaspace       used 250327K, capacity 255088K, committed 255232K, reserved 747520K
  class space    used 23982K, capacity 24961K, committed 25088K, reserved 516096K
2025-05-15T01:27:46.425+0900: 26077.712: [GC (Allocation Failure) [PSYoungGen: 590576K->720K(688128K)] 1746839K->1157007K(1998848K), 0.0132061 secs] [Times: user=0.03 sys=0.00, real=0.02 secs] 
Heap after GC invocations=514 (full 2):
 PSYoungGen      total 688128K, used 720K [0x00000000d0000000, 0x0000000100000000, 0x0000000100000000)
  eden space 589824K, 0% used [0x00000000d0000000,0x00000000d0000000,0x00000000f4000000)
  from space 98304K, 0% used [0x00000000fa000000,0x00000000fa0b4010,0x0000000100000000)
  to   space 98304K, 0% used [0x00000000f4000000,0x00000000f4000000,0x00000000fa000000)
 ParOldGen       total 1310720K, used 1156287K [0x0000000080000000, 0x00000000d0000000, 0x00000000d0000000)
  object space 1310720K, 88% used [0x0000000080000000,0x00000000c692ff28,0x00000000d0000000)
 Metaspace       used 250327K, capacity 255088K, committed 255232K, reserved 747520K
  class space    used 23982K, capacity 24961K, committed 25088K, reserved 516096K
}
{Heap before GC invocations=515 (full 2):
 PSYoungGen      total 688128K, used 590544K [0x00000000d0000000, 0x0000000100000000, 0x0000000100000000)
  eden space 589824K, 100% used [0x00000000d0000000,0x00000000f4000000,0x00000000f4000000)
  from space 98304K, 0% used [0x00000000fa000000,0x00000000fa0b4010,0x0000000100000000)
  to   space 98304K, 0% used [0x00000000f4000000,0x00000000f4000000,0x00000000fa000000)
 ParOldGen       total 1310720K, used 1156287K [0x0000000080000000, 0x00000000d0000000, 0x00000000d0000000)
  object space 1310720K, 88% used [0x0000000080000000,0x00000000c692ff28,0x00000000d0000000)
 Metaspace       used 250327K, capacity 255088K, committed 255232K, reserved 747520K
  class space    used 23982K, capacity 24961K, committed 25088K, reserved 516096K
2025-05-15T01:28:48.836+0900: 26140.123: [GC (Allocation Failure) [PSYoungGen: 590544K->752K(688128K)] 1746831K->1157055K(1998848K), 0.0130481 secs] [Times: user=0.03 sys=0.00, real=0.02 secs] 
Heap after GC invocations=515 (full 2):
 PSYoungGen      total 688128K, used 752K [0x00000000d0000000, 0x0000000100000000, 0x0000000100000000)
  eden space 589824K, 0% used [0x00000000d0000000,0x00000000d0000000,0x00000000f4000000)
  from space 98304K, 0% used [0x00000000f4000000,0x00000000f40bc010,0x00000000fa000000)
  to   space 98304K, 0% used [0x00000000fa000000,0x00000000fa000000,0x0000000100000000)
 ParOldGen       total 1310720K, used 1156303K [0x0000000080000000, 0x00000000d0000000, 0x00000000d0000000)
  object space 1310720K, 88% used [0x0000000080000000,0x00000000c6933f28,0x00000000d0000000)
 Metaspace       used 250327K, capacity 255088K, committed 255232K, reserved 747520K
  class space    used 23982K, capacity 24961K, committed 25088K, reserved 516096K
}
{Heap before GC invocations=516 (full 2):
 PSYoungGen      total 688128K, used 590576K [0x00000000d0000000, 0x0000000100000000, 0x0000000100000000)
  eden space 589824K, 100% used [0x00000000d0000000,0x00000000f4000000,0x00000000f4000000)
  from space 98304K, 0% used [0x00000000f4000000,0x00000000f40bc010,0x00000000fa000000)
  to   space 98304K, 0% used [0x00000000fa000000,0x00000000fa000000,0x0000000100000000)
 ParOldGen       total 1310720K, used 1156303K [0x0000000080000000, 0x00000000d0000000, 0x00000000d0000000)
  object space 1310720K, 88% used [0x0000000080000000,0x00000000c6933f28,0x00000000d0000000)
 Metaspace       used 250327K, capacity 255088K, committed 255232K, reserved 747520K
  class space    used 23982K, capacity 24961K, committed 25088K, reserved 516096K
2025-05-15T01:29:51.825+0900: 26203.112: [GC (Allocation Failure) [PSYoungGen: 590576K->784K(688128K)] 1746879K->1157111K(1998848K), 0.0137179 secs] [Times: user=0.03 sys=0.00, real=0.02 secs] 
Heap after GC invocations=516 (full 2):
 PSYoungGen      total 688128K, used 784K [0x00000000d0000000, 0x0000000100000000, 0x0000000100000000)
  eden space 589824K, 0% used [0x00000000d0000000,0x00000000d0000000,0x00000000f4000000)
  from space 98304K, 0% used [0x00000000fa000000,0x00000000fa0c4010,0x0000000100000000)
  to   space 98304K, 0% used [0x00000000f4000000,0x00000000f4000000,0x00000000fa000000)
 ParOldGen       total 1310720K, used 1156327K [0x0000000080000000, 0x00000000d0000000, 0x00000000d0000000)
  object space 1310720K, 88% used [0x0000000080000000,0x00000000c6939f28,0x00000000d0000000)
 Metaspace       used 250327K, capacity 255088K, committed 255232K, reserved 747520K
  class space    used 23982K, capacity 24961K, committed 25088K, reserved 516096K
}
{Heap before GC invocations=517 (full 2):
 PSYoungGen      total 688128K, used 590608K [0x00000000d0000000, 0x0000000100000000, 0x0000000100000000)
  eden space 589824K, 100% used [0x00000000d0000000,0x00000000f4000000,0x00000000f4000000)
  from space 98304K, 0% used [0x00000000fa000000,0x00000000fa0c4010,0x0000000100000000)
  to   space 98304K, 0% used [0x00000000f4000000,0x00000000f4000000,0x00000000fa000000)
 ParOldGen       total 1310720K, used 1156327K [0x0000000080000000, 0x00000000d0000000, 0x00000000d0000000)
  object space 1310720K, 88% used [0x0000000080000000,0x00000000c6939f28,0x00000000d0000000)
 Metaspace       used 250327K, capacity 255088K, committed 255232K, reserved 747520K
  class space    used 23982K, capacity 24961K, committed 25088K, reserved 516096K
2025-05-15T01:30:54.064+0900: 26265.351: [GC (Allocation Failure) [PSYoungGen: 590608K->768K(688128K)] 1746935K->1157103K(1998848K), 0.0139301 secs] [Times: user=0.03 sys=0.00, real=0.01 secs] 
Heap after GC invocations=517 (full 2):
 PSYoungGen      total 688128K, used 768K [0x00000000d0000000, 0x0000000100000000, 0x0000000100000000)
  eden space 589824K, 0% used [0x00000000d0000000,0x00000000d0000000,0x00000000f4000000)
  from space 98304K, 0% used [0x00000000f4000000,0x00000000f40c0020,0x00000000fa000000)
  to   space 98304K, 0% used [0x00000000fa000000,0x00000000fa000000,0x0000000100000000)
 ParOldGen       total 1310720K, used 1156335K [0x0000000080000000, 0x00000000d0000000, 0x00000000d0000000)
  object space 1310720K, 88% used [0x0000000080000000,0x00000000c693bf28,0x00000000d0000000)
 Metaspace       used 250327K, capacity 255088K, committed 255232K, reserved 747520K
  class space    used 23982K, capacity 24961K, committed 25088K, reserved 516096K
}
{Heap before GC invocations=518 (full 2):
 PSYoungGen      total 688128K, used 590592K [0x00000000d0000000, 0x0000000100000000, 0x0000000100000000)
  eden space 589824K, 100% used [0x00000000d0000000,0x00000000f4000000,0x00000000f4000000)
  from space 98304K, 0% used [0x00000000f4000000,0x00000000f40c0020,0x00000000fa000000)
  to   space 98304K, 0% used [0x00000000fa000000,0x00000000fa000000,0x0000000100000000)
 ParOldGen       total 1310720K, used 1156335K [0x0000000080000000, 0x00000000d0000000, 0x00000000d0000000)
  object space 1310720K, 88% used [0x0000000080000000,0x00000000c693bf28,0x00000000d0000000)
 Metaspace       used 250327K, capacity 255088K, committed 255232K, reserved 747520K
  class space    used 23982K, capacity 24961K, committed 25088K, reserved 516096K
2025-05-15T01:31:56.286+0900: 26327.574: [GC (Allocation Failure) [PSYoungGen: 590592K->752K(688128K)] 1746927K->1157103K(1998848K), 0.0133135 secs] [Times: user=0.03 sys=0.00, real=0.02 secs] 
Heap after GC invocations=518 (full 2):
 PSYoungGen      total 688128K, used 752K [0x00000000d0000000, 0x0000000100000000, 0x0000000100000000)
  eden space 589824K, 0% used [0x00000000d0000000,0x00000000d0000000,0x00000000f4000000)
  from space 98304K, 0% used [0x00000000fa000000,0x00000000fa0bc010,0x0000000100000000)
  to   space 98304K, 0% used [0x00000000f4000000,0x00000000f4000000,0x00000000fa000000)
 ParOldGen       total 1310720K, used 1156351K [0x0000000080000000, 0x00000000d0000000, 0x00000000d0000000)
  object space 1310720K, 88% used [0x0000000080000000,0x00000000c693ff28,0x00000000d0000000)
 Metaspace       used 250327K, capacity 255088K, committed 255232K, reserved 747520K
  class space    used 23982K, capacity 24961K, committed 25088K, reserved 516096K
}
{Heap before GC invocations=519 (full 2):
 PSYoungGen      total 688128K, used 590576K [0x00000000d0000000, 0x0000000100000000, 0x0000000100000000)
  eden space 589824K, 100% used [0x00000000d0000000,0x00000000f4000000,0x00000000f4000000)
  from space 98304K, 0% used [0x00000000fa000000,0x00000000fa0bc010,0x0000000100000000)
  to   space 98304K, 0% used [0x00000000f4000000,0x00000000f4000000,0x00000000fa000000)
 ParOldGen       total 1310720K, used 1156351K [0x0000000080000000, 0x00000000d0000000, 0x00000000d0000000)
  object space 1310720K, 88% used [0x0000000080000000,0x00000000c693ff28,0x00000000d0000000)
 Metaspace       used 250327K, capacity 255088K, committed 255232K, reserved 747520K
  class space    used 23982K, capacity 24961K, committed 25088K, reserved 516096K
2025-05-15T01:32:58.566+0900: 26389.854: [GC (Allocation Failure) [PSYoungGen: 590576K->752K(688128K)] 1746927K->1157119K(1998848K), 0.0134655 secs] [Times: user=0.04 sys=0.00, real=0.02 secs] 
Heap after GC invocations=519 (full 2):
 PSYoungGen      total 688128K, used 752K [0x00000000d0000000, 0x0000000100000000, 0x0000000100000000)
  eden space 589824K, 0% used [0x00000000d0000000,0x00000000d0000000,0x00000000f4000000)
  from space 98304K, 0% used [0x00000000f4000000,0x00000000f40bc010,0x00000000fa000000)
  to   space 98304K, 0% used [0x00000000fa000000,0x00000000fa000000,0x0000000100000000)
 ParOldGen       total 1310720K, used 1156367K [0x0000000080000000, 0x00000000d0000000, 0x00000000d0000000)
  object space 1310720K, 88% used [0x0000000080000000,0x00000000c6943f28,0x00000000d0000000)
 Metaspace       used 250327K, capacity 255088K, committed 255232K, reserved 747520K
  class space    used 23982K, capacity 24961K, committed 25088K, reserved 516096K
}
{Heap before GC invocations=520 (full 2):
 PSYoungGen      total 688128K, used 590576K [0x00000000d0000000, 0x0000000100000000, 0x0000000100000000)
  eden space 589824K, 100% used [0x00000000d0000000,0x00000000f4000000,0x00000000f4000000)
  from space 98304K, 0% used [0x00000000f4000000,0x00000000f40bc010,0x00000000fa000000)
  to   space 98304K, 0% used [0x00000000fa000000,0x00000000fa000000,0x0000000100000000)
 ParOldGen       total 1310720K, used 1156367K [0x0000000080000000, 0x00000000d0000000, 0x00000000d0000000)
  object space 1310720K, 88% used [0x0000000080000000,0x00000000c6943f28,0x00000000d0000000)
 Metaspace       used 250327K, capacity 255088K, committed 255232K, reserved 747520K
  class space    used 23982K, capacity 24961K, committed 25088K, reserved 516096K
2025-05-15T01:34:00.605+0900: 26451.892: [GC (Allocation Failure) [PSYoungGen: 590576K->640K(688128K)] 1746943K->1157166K(1998848K), 0.0143734 secs] [Times: user=0.03 sys=0.00, real=0.02 secs] 
Heap after GC invocations=520 (full 2):
 PSYoungGen      total 688128K, used 640K [0x00000000d0000000, 0x0000000100000000, 0x0000000100000000)
  eden space 589824K, 0% used [0x00000000d0000000,0x00000000d0000000,0x00000000f4000000)
  from space 98304K, 0% used [0x00000000fa000000,0x00000000fa0a0000,0x0000000100000000)
  to   space 98304K, 0% used [0x00000000f4000000,0x00000000f4000000,0x00000000fa000000)
 ParOldGen       total 1310720K, used 1156526K [0x0000000080000000, 0x00000000d0000000, 0x00000000d0000000)
  object space 1310720K, 88% used [0x0000000080000000,0x00000000c696ba58,0x00000000d0000000)
 Metaspace       used 250327K, capacity 255088K, committed 255232K, reserved 747520K
  class space    used 23982K, capacity 24961K, committed 25088K, reserved 516096K
}
{Heap before GC invocations=521 (full 2):
 PSYoungGen      total 688128K, used 590464K [0x00000000d0000000, 0x0000000100000000, 0x0000000100000000)
  eden space 589824K, 100% used [0x00000000d0000000,0x00000000f4000000,0x00000000f4000000)
  from space 98304K, 0% used [0x00000000fa000000,0x00000000fa0a0000,0x0000000100000000)
  to   space 98304K, 0% used [0x00000000f4000000,0x00000000f4000000,0x00000000fa000000)
 ParOldGen       total 1310720K, used 1156526K [0x0000000080000000, 0x00000000d0000000, 0x00000000d0000000)
  object space 1310720K, 88% used [0x0000000080000000,0x00000000c696ba58,0x00000000d0000000)
 Metaspace       used 250327K, capacity 255088K, committed 255232K, reserved 747520K
  class space    used 23982K, capacity 24961K, committed 25088K, reserved 516096K
2025-05-15T01:35:01.922+0900: 26513.210: [GC (Allocation Failure) [PSYoungGen: 590464K->608K(688128K)] 1746990K->1157158K(1998848K), 0.0149930 secs] [Times: user=0.04 sys=0.00, real=0.01 secs] 
Heap after GC invocations=521 (full 2):
 PSYoungGen      total 688128K, used 608K [0x00000000d0000000, 0x0000000100000000, 0x0000000100000000)
  eden space 589824K, 0% used [0x00000000d0000000,0x00000000d0000000,0x00000000f4000000)
  from space 98304K, 0% used [0x00000000f4000000,0x00000000f4098000,0x00000000fa000000)
  to   space 98304K, 0% used [0x00000000fa000000,0x00000000fa000000,0x0000000100000000)
 ParOldGen       total 1310720K, used 1156550K [0x0000000080000000, 0x00000000d0000000, 0x00000000d0000000)
  object space 1310720K, 88% used [0x0000000080000000,0x00000000c6971a58,0x00000000d0000000)
 Metaspace       used 250327K, capacity 255088K, committed 255232K, reserved 747520K
  class space    used 23982K, capacity 24961K, committed 25088K, reserved 516096K
}
{Heap before GC invocations=522 (full 2):
 PSYoungGen      total 688128K, used 590432K [0x00000000d0000000, 0x0000000100000000, 0x0000000100000000)
  eden space 589824K, 100% used [0x00000000d0000000,0x00000000f4000000,0x00000000f4000000)
  from space 98304K, 0% used [0x00000000f4000000,0x00000000f4098000,0x00000000fa000000)
  to   space 98304K, 0% used [0x00000000fa000000,0x00000000fa000000,0x0000000100000000)
 ParOldGen       total 1310720K, used 1156550K [0x0000000080000000, 0x00000000d0000000, 0x00000000d0000000)
  object space 1310720K, 88% used [0x0000000080000000,0x00000000c6971a58,0x00000000d0000000)
 Metaspace       used 250327K, capacity 255088K, committed 255232K, reserved 747520K
  class space    used 23982K, capacity 24961K, committed 25088K, reserved 516096K
2025-05-15T01:36:04.154+0900: 26575.441: [GC (Allocation Failure) [PSYoungGen: 590432K->576K(688128K)] 1746982K->1157142K(1998848K), 0.0133533 secs] [Times: user=0.03 sys=0.00, real=0.01 secs] 
Heap after GC invocations=522 (full 2):
 PSYoungGen      total 688128K, used 576K [0x00000000d0000000, 0x0000000100000000, 0x0000000100000000)
  eden space 589824K, 0% used [0x00000000d0000000,0x00000000d0000000,0x00000000f4000000)
  from space 98304K, 0% used [0x00000000fa000000,0x00000000fa090000,0x0000000100000000)
  to   space 98304K, 0% used [0x00000000f4000000,0x00000000f4000000,0x00000000fa000000)
 ParOldGen       total 1310720K, used 1156566K [0x0000000080000000, 0x00000000d0000000, 0x00000000d0000000)
  object space 1310720K, 88% used [0x0000000080000000,0x00000000c6975a58,0x00000000d0000000)
 Metaspace       used 250327K, capacity 255088K, committed 255232K, reserved 747520K
  class space    used 23982K, capacity 24961K, committed 25088K, reserved 516096K
}
{Heap before GC invocations=523 (full 2):
 PSYoungGen      total 688128K, used 590400K [0x00000000d0000000, 0x0000000100000000, 0x0000000100000000)
  eden space 589824K, 100% used [0x00000000d0000000,0x00000000f4000000,0x00000000f4000000)
  from space 98304K, 0% used [0x00000000fa000000,0x00000000fa090000,0x0000000100000000)
  to   space 98304K, 0% used [0x00000000f4000000,0x00000000f4000000,0x00000000fa000000)
 ParOldGen       total 1310720K, used 1156566K [0x0000000080000000, 0x00000000d0000000, 0x00000000d0000000)
  object space 1310720K, 88% used [0x0000000080000000,0x00000000c6975a58,0x00000000d0000000)
 Metaspace       used 250327K, capacity 255088K, committed 255232K, reserved 747520K
  class space    used 23982K, capacity 24961K, committed 25088K, reserved 516096K
2025-05-15T01:37:06.453+0900: 26637.740: [GC (Allocation Failure) [PSYoungGen: 590400K->608K(688128K)] 1746966K->1157198K(1998848K), 0.0130069 secs] [Times: user=0.03 sys=0.00, real=0.01 secs] 
Heap after GC invocations=523 (full 2):
 PSYoungGen      total 688128K, used 608K [0x00000000d0000000, 0x0000000100000000, 0x0000000100000000)
  eden space 589824K, 0% used [0x00000000d0000000,0x00000000d0000000,0x00000000f4000000)
  from space 98304K, 0% used [0x00000000f4000000,0x00000000f4098000,0x00000000fa000000)
  to   space 98304K, 0% used [0x00000000fa000000,0x00000000fa000000,0x0000000100000000)
 ParOldGen       total 1310720K, used 1156590K [0x0000000080000000, 0x00000000d0000000, 0x00000000d0000000)
  object space 1310720K, 88% used [0x0000000080000000,0x00000000c697ba58,0x00000000d0000000)
 Metaspace       used 250327K, capacity 255088K, committed 255232K, reserved 747520K
  class space    used 23982K, capacity 24961K, committed 25088K, reserved 516096K
}
{Heap before GC invocations=524 (full 2):
 PSYoungGen      total 688128K, used 590432K [0x00000000d0000000, 0x0000000100000000, 0x0000000100000000)
  eden space 589824K, 100% used [0x00000000d0000000,0x00000000f4000000,0x00000000f4000000)
  from space 98304K, 0% used [0x00000000f4000000,0x00000000f4098000,0x00000000fa000000)
  to   space 98304K, 0% used [0x00000000fa000000,0x00000000fa000000,0x0000000100000000)
 ParOldGen       total 1310720K, used 1156590K [0x0000000080000000, 0x00000000d0000000, 0x00000000d0000000)
  object space 1310720K, 88% used [0x0000000080000000,0x00000000c697ba58,0x00000000d0000000)
 Metaspace       used 250327K, capacity 255088K, committed 255232K, reserved 747520K
  class space    used 23982K, capacity 24961K, committed 25088K, reserved 516096K
2025-05-15T01:38:08.606+0900: 26699.894: [GC (Allocation Failure) [PSYoungGen: 590432K->608K(688128K)] 1747022K->1157214K(1998848K), 0.0131147 secs] [Times: user=0.04 sys=0.00, real=0.02 secs] 
Heap after GC invocations=524 (full 2):
 PSYoungGen      total 688128K, used 608K [0x00000000d0000000, 0x0000000100000000, 0x0000000100000000)
  eden space 589824K, 0% used [0x00000000d0000000,0x00000000d0000000,0x00000000f4000000)
  from space 98304K, 0% used [0x00000000fa000000,0x00000000fa098000,0x0000000100000000)
  to   space 98304K, 0% used [0x00000000f4000000,0x00000000f4000000,0x00000000fa000000)
 ParOldGen       total 1310720K, used 1156606K [0x0000000080000000, 0x00000000d0000000, 0x00000000d0000000)
  object space 1310720K, 88% used [0x0000000080000000,0x00000000c697fa58,0x00000000d0000000)
 Metaspace       used 250327K, capacity 255088K, committed 255232K, reserved 747520K
  class space    used 23982K, capacity 24961K, committed 25088K, reserved 516096K
}
{Heap before GC invocations=525 (full 2):
 PSYoungGen      total 688128K, used 590432K [0x00000000d0000000, 0x0000000100000000, 0x0000000100000000)
  eden space 589824K, 100% used [0x00000000d0000000,0x00000000f4000000,0x00000000f4000000)
  from space 98304K, 0% used [0x00000000fa000000,0x00000000fa098000,0x0000000100000000)
  to   space 98304K, 0% used [0x00000000f4000000,0x00000000f4000000,0x00000000fa000000)
 ParOldGen       total 1310720K, used 1156606K [0x0000000080000000, 0x00000000d0000000, 0x00000000d0000000)
  object space 1310720K, 88% used [0x0000000080000000,0x00000000c697fa58,0x00000000d0000000)
 Metaspace       used 250327K, capacity 255088K, committed 255232K, reserved 747520K
  class space    used 23982K, capacity 24961K, committed 25088K, reserved 516096K
2025-05-15T01:39:11.809+0900: 26763.096: [GC (Allocation Failure) [PSYoungGen: 590432K->608K(688128K)] 1747038K->1157222K(1998848K), 0.0136720 secs] [Times: user=0.03 sys=0.01, real=0.01 secs] 
Heap after GC invocations=525 (full 2):
 PSYoungGen      total 688128K, used 608K [0x00000000d0000000, 0x0000000100000000, 0x0000000100000000)
  eden space 589824K, 0% used [0x00000000d0000000,0x00000000d0000000,0x00000000f4000000)
  from space 98304K, 0% used [0x00000000f4000000,0x00000000f4098000,0x00000000fa000000)
  to   space 98304K, 0% used [0x00000000fa000000,0x00000000fa000000,0x0000000100000000)
 ParOldGen       total 1310720K, used 1156614K [0x0000000080000000, 0x00000000d0000000, 0x00000000d0000000)
  object space 1310720K, 88% used [0x0000000080000000,0x00000000c6981a58,0x00000000d0000000)
 Metaspace       used 250327K, capacity 255088K, committed 255232K, reserved 747520K
  class space    used 23982K, capacity 24961K, committed 25088K, reserved 516096K
}
{Heap before GC invocations=526 (full 2):
 PSYoungGen      total 688128K, used 590432K [0x00000000d0000000, 0x0000000100000000, 0x0000000100000000)
  eden space 589824K, 100% used [0x00000000d0000000,0x00000000f4000000,0x00000000f4000000)
  from space 98304K, 0% used [0x00000000f4000000,0x00000000f4098000,0x00000000fa000000)
  to   space 98304K, 0% used [0x00000000fa000000,0x00000000fa000000,0x0000000100000000)
 ParOldGen       total 1310720K, used 1156614K [0x0000000080000000, 0x00000000d0000000, 0x00000000d0000000)
  object space 1310720K, 88% used [0x0000000080000000,0x00000000c6981a58,0x00000000d0000000)
 Metaspace       used 250327K, capacity 255088K, committed 255232K, reserved 747520K
  class space    used 23982K, capacity 24961K, committed 25088K, reserved 516096K
2025-05-15T01:40:14.048+0900: 26825.335: [GC (Allocation Failure) [PSYoungGen: 590432K->640K(688128K)] 1747046K->1157262K(1998848K), 0.0147291 secs] [Times: user=0.03 sys=0.00, real=0.02 secs] 
Heap after GC invocations=526 (full 2):
 PSYoungGen      total 688128K, used 640K [0x00000000d0000000, 0x0000000100000000, 0x0000000100000000)
  eden space 589824K, 0% used [0x00000000d0000000,0x00000000d0000000,0x00000000f4000000)
  from space 98304K, 0% used [0x00000000fa000000,0x00000000fa0a0000,0x0000000100000000)
  to   space 98304K, 0% used [0x00000000f4000000,0x00000000f4000000,0x00000000fa000000)
 ParOldGen       total 1310720K, used 1156622K [0x0000000080000000, 0x00000000d0000000, 0x00000000d0000000)
  object space 1310720K, 88% used [0x0000000080000000,0x00000000c6983a58,0x00000000d0000000)
 Metaspace       used 250327K, capacity 255088K, committed 255232K, reserved 747520K
  class space    used 23982K, capacity 24961K, committed 25088K, reserved 516096K
}
{Heap before GC invocations=527 (full 2):
 PSYoungGen      total 688128K, used 590464K [0x00000000d0000000, 0x0000000100000000, 0x0000000100000000)
  eden space 589824K, 100% used [0x00000000d0000000,0x00000000f4000000,0x00000000f4000000)
  from space 98304K, 0% used [0x00000000fa000000,0x00000000fa0a0000,0x0000000100000000)
  to   space 98304K, 0% used [0x00000000f4000000,0x00000000f4000000,0x00000000fa000000)
 ParOldGen       total 1310720K, used 1156622K [0x0000000080000000, 0x00000000d0000000, 0x00000000d0000000)
  object space 1310720K, 88% used [0x0000000080000000,0x00000000c6983a58,0x00000000d0000000)
 Metaspace       used 250327K, capacity 255088K, committed 255232K, reserved 747520K
  class space    used 23982K, capacity 24961K, committed 25088K, reserved 516096K
2025-05-15T01:41:16.302+0900: 26887.589: [GC (Allocation Failure) [PSYoungGen: 590464K->608K(688128K)] 1747086K->1157246K(1998848K), 0.0131543 secs] [Times: user=0.04 sys=0.00, real=0.01 secs] 
Heap after GC invocations=527 (full 2):
 PSYoungGen      total 688128K, used 608K [0x00000000d0000000, 0x0000000100000000, 0x0000000100000000)
  eden space 589824K, 0% used [0x00000000d0000000,0x00000000d0000000,0x00000000f4000000)
  from space 98304K, 0% used [0x00000000f4000000,0x00000000f4098000,0x00000000fa000000)
  to   space 98304K, 0% used [0x00000000fa000000,0x00000000fa000000,0x0000000100000000)
 ParOldGen       total 1310720K, used 1156638K [0x0000000080000000, 0x00000000d0000000, 0x00000000d0000000)
  object space 1310720K, 88% used [0x0000000080000000,0x00000000c6987a58,0x00000000d0000000)
 Metaspace       used 250327K, capacity 255088K, committed 255232K, reserved 747520K
  class space    used 23982K, capacity 24961K, committed 25088K, reserved 516096K
}
{Heap before GC invocations=528 (full 2):
 PSYoungGen      total 688128K, used 590432K [0x00000000d0000000, 0x0000000100000000, 0x0000000100000000)
  eden space 589824K, 100% used [0x00000000d0000000,0x00000000f4000000,0x00000000f4000000)
  from space 98304K, 0% used [0x00000000f4000000,0x00000000f4098000,0x00000000fa000000)
  to   space 98304K, 0% used [0x00000000fa000000,0x00000000fa000000,0x0000000100000000)
 ParOldGen       total 1310720K, used 1156638K [0x0000000080000000, 0x00000000d0000000, 0x00000000d0000000)
  object space 1310720K, 88% used [0x0000000080000000,0x00000000c6987a58,0x00000000d0000000)
 Metaspace       used 250327K, capacity 255088K, committed 255232K, reserved 747520K
  class space    used 23982K, capacity 24961K, committed 25088K, reserved 516096K
2025-05-15T01:42:19.471+0900: 26950.758: [GC (Allocation Failure) [PSYoungGen: 590432K->640K(688128K)] 1747070K->1157294K(1998848K), 0.0128147 secs] [Times: user=0.03 sys=0.00, real=0.01 secs] 
Heap after GC invocations=528 (full 2):
 PSYoungGen      total 688128K, used 640K [0x00000000d0000000, 0x0000000100000000, 0x0000000100000000)
  eden space 589824K, 0% used [0x00000000d0000000,0x00000000d0000000,0x00000000f4000000)
  from space 98304K, 0% used [0x00000000fa000000,0x00000000fa0a0000,0x0000000100000000)
  to   space 98304K, 0% used [0x00000000f4000000,0x00000000f4000000,0x00000000fa000000)
 ParOldGen       total 1310720K, used 1156654K [0x0000000080000000, 0x00000000d0000000, 0x00000000d0000000)
  object space 1310720K, 88% used [0x0000000080000000,0x00000000c698ba58,0x00000000d0000000)
 Metaspace       used 250327K, capacity 255088K, committed 255232K, reserved 747520K
  class space    used 23982K, capacity 24961K, committed 25088K, reserved 516096K
}
{Heap before GC invocations=529 (full 2):
 PSYoungGen      total 688128K, used 590464K [0x00000000d0000000, 0x0000000100000000, 0x0000000100000000)
  eden space 589824K, 100% used [0x00000000d0000000,0x00000000f4000000,0x00000000f4000000)
  from space 98304K, 0% used [0x00000000fa000000,0x00000000fa0a0000,0x0000000100000000)
  to   space 98304K, 0% used [0x00000000f4000000,0x00000000f4000000,0x00000000fa000000)
 ParOldGen       total 1310720K, used 1156654K [0x0000000080000000, 0x00000000d0000000, 0x00000000d0000000)
  object space 1310720K, 88% used [0x0000000080000000,0x00000000c698ba58,0x00000000d0000000)
 Metaspace       used 250334K, capacity 255088K, committed 255232K, reserved 747520K
  class space    used 23982K, capacity 24961K, committed 25088K, reserved 516096K
2025-05-15T01:43:20.810+0900: 27012.097: [GC (Allocation Failure) [PSYoungGen: 590464K->608K(688128K)] 1747118K->1157270K(1998848K), 0.0135324 secs] [Times: user=0.03 sys=0.00, real=0.01 secs] 
Heap after GC invocations=529 (full 2):
 PSYoungGen      total 688128K, used 608K [0x00000000d0000000, 0x0000000100000000, 0x0000000100000000)
  eden space 589824K, 0% used [0x00000000d0000000,0x00000000d0000000,0x00000000f4000000)
  from space 98304K, 0% used [0x00000000f4000000,0x00000000f4098000,0x00000000fa000000)
  to   space 98304K, 0% used [0x00000000fa000000,0x00000000fa000000,0x0000000100000000)
 ParOldGen       total 1310720K, used 1156662K [0x0000000080000000, 0x00000000d0000000, 0x00000000d0000000)
  object space 1310720K, 88% used [0x0000000080000000,0x00000000c698da58,0x00000000d0000000)
 Metaspace       used 250334K, capacity 255088K, committed 255232K, reserved 747520K
  class space    used 23982K, capacity 24961K, committed 25088K, reserved 516096K
}
{Heap before GC invocations=530 (full 2):
 PSYoungGen      total 688128K, used 590432K [0x00000000d0000000, 0x0000000100000000, 0x0000000100000000)
  eden space 589824K, 100% used [0x00000000d0000000,0x00000000f4000000,0x00000000f4000000)
  from space 98304K, 0% used [0x00000000f4000000,0x00000000f4098000,0x00000000fa000000)
  to   space 98304K, 0% used [0x00000000fa000000,0x00000000fa000000,0x0000000100000000)
 ParOldGen       total 1310720K, used 1156662K [0x0000000080000000, 0x00000000d0000000, 0x00000000d0000000)
  object space 1310720K, 88% used [0x0000000080000000,0x00000000c698da58,0x00000000d0000000)
 Metaspace       used 250338K, capacity 255088K, committed 255232K, reserved 747520K
  class space    used 23982K, capacity 24961K, committed 25088K, reserved 516096K
2025-05-15T01:44:23.979+0900: 27075.266: [GC (Allocation Failure) [PSYoungGen: 590432K->608K(688128K)] 1747094K->1157294K(1998848K), 0.0129912 secs] [Times: user=0.03 sys=0.00, real=0.01 secs] 
Heap after GC invocations=530 (full 2):
 PSYoungGen      total 688128K, used 608K [0x00000000d0000000, 0x0000000100000000, 0x0000000100000000)
  eden space 589824K, 0% used [0x00000000d0000000,0x00000000d0000000,0x00000000f4000000)
  from space 98304K, 0% used [0x00000000fa000000,0x00000000fa098000,0x0000000100000000)
  to   space 98304K, 0% used [0x00000000f4000000,0x00000000f4000000,0x00000000fa000000)
 ParOldGen       total 1310720K, used 1156686K [0x0000000080000000, 0x00000000d0000000, 0x00000000d0000000)
  object space 1310720K, 88% used [0x0000000080000000,0x00000000c6993a58,0x00000000d0000000)
 Metaspace       used 250338K, capacity 255088K, committed 255232K, reserved 747520K
  class space    used 23982K, capacity 24961K, committed 25088K, reserved 516096K
}
{Heap before GC invocations=531 (full 2):
 PSYoungGen      total 688128K, used 590432K [0x00000000d0000000, 0x0000000100000000, 0x0000000100000000)
  eden space 589824K, 100% used [0x00000000d0000000,0x00000000f4000000,0x00000000f4000000)
  from space 98304K, 0% used [0x00000000fa000000,0x00000000fa098000,0x0000000100000000)
  to   space 98304K, 0% used [0x00000000f4000000,0x00000000f4000000,0x00000000fa000000)
 ParOldGen       total 1310720K, used 1156686K [0x0000000080000000, 0x00000000d0000000, 0x00000000d0000000)
  object space 1310720K, 88% used [0x0000000080000000,0x00000000c6993a58,0x00000000d0000000)
 Metaspace       used 250338K, capacity 255088K, committed 255232K, reserved 747520K
  class space    used 23982K, capacity 24961K, committed 25088K, reserved 516096K
2025-05-15T01:45:25.229+0900: 27136.517: [GC (Allocation Failure) [PSYoungGen: 590432K->704K(688128K)] 1747118K->1157414K(1998848K), 0.0136054 secs] [Times: user=0.03 sys=0.00, real=0.01 secs] 
Heap after GC invocations=531 (full 2):
 PSYoungGen      total 688128K, used 704K [0x00000000d0000000, 0x0000000100000000, 0x0000000100000000)
  eden space 589824K, 0% used [0x00000000d0000000,0x00000000d0000000,0x00000000f4000000)
  from space 98304K, 0% used [0x00000000f4000000,0x00000000f40b0000,0x00000000fa000000)
  to   space 98304K, 0% used [0x00000000fa000000,0x00000000fa000000,0x0000000100000000)
 ParOldGen       total 1310720K, used 1156710K [0x0000000080000000, 0x00000000d0000000, 0x00000000d0000000)
  object space 1310720K, 88% used [0x0000000080000000,0x00000000c6999a58,0x00000000d0000000)
 Metaspace       used 250338K, capacity 255088K, committed 255232K, reserved 747520K
  class space    used 23982K, capacity 24961K, committed 25088K, reserved 516096K
}
{Heap before GC invocations=532 (full 2):
 PSYoungGen      total 688128K, used 590528K [0x00000000d0000000, 0x0000000100000000, 0x0000000100000000)
  eden space 589824K, 100% used [0x00000000d0000000,0x00000000f4000000,0x00000000f4000000)
  from space 98304K, 0% used [0x00000000f4000000,0x00000000f40b0000,0x00000000fa000000)
  to   space 98304K, 0% used [0x00000000fa000000,0x00000000fa000000,0x0000000100000000)
 ParOldGen       total 1310720K, used 1156710K [0x0000000080000000, 0x00000000d0000000, 0x00000000d0000000)
  object space 1310720K, 88% used [0x0000000080000000,0x00000000c6999a58,0x00000000d0000000)
 Metaspace       used 250339K, capacity 255088K, committed 255232K, reserved 747520K
  class space    used 23982K, capacity 24961K, committed 25088K, reserved 516096K
2025-05-15T01:46:25.368+0900: 27196.655: [GC (Allocation Failure) [PSYoungGen: 590528K->1338K(688128K)] 1747238K->1158064K(1998848K), 0.0136419 secs] [Times: user=0.03 sys=0.00, real=0.02 secs] 
Heap after GC invocations=532 (full 2):
 PSYoungGen      total 688128K, used 1338K [0x00000000d0000000, 0x0000000100000000, 0x0000000100000000)
  eden space 589824K, 0% used [0x00000000d0000000,0x00000000d0000000,0x00000000f4000000)
  from space 98304K, 1% used [0x00000000fa000000,0x00000000fa14e868,0x0000000100000000)
  to   space 98304K, 0% used [0x00000000f4000000,0x00000000f4000000,0x00000000fa000000)
 ParOldGen       total 1310720K, used 1156726K [0x0000000080000000, 0x00000000d0000000, 0x00000000d0000000)
  object space 1310720K, 88% used [0x0000000080000000,0x00000000c699da58,0x00000000d0000000)
 Metaspace       used 250339K, capacity 255088K, committed 255232K, reserved 747520K
  class space    used 23982K, capacity 24961K, committed 25088K, reserved 516096K
}
{Heap before GC invocations=533 (full 2):
 PSYoungGen      total 688128K, used 591162K [0x00000000d0000000, 0x0000000100000000, 0x0000000100000000)
  eden space 589824K, 100% used [0x00000000d0000000,0x00000000f4000000,0x00000000f4000000)
  from space 98304K, 1% used [0x00000000fa000000,0x00000000fa14e868,0x0000000100000000)
  to   space 98304K, 0% used [0x00000000f4000000,0x00000000f4000000,0x00000000fa000000)
 ParOldGen       total 1310720K, used 1156726K [0x0000000080000000, 0x00000000d0000000, 0x00000000d0000000)
  object space 1310720K, 88% used [0x0000000080000000,0x00000000c699da58,0x00000000d0000000)
 Metaspace       used 250339K, capacity 255088K, committed 255232K, reserved 747520K
  class space    used 23982K, capacity 24961K, committed 25088K, reserved 516096K
2025-05-15T01:47:26.610+0900: 27257.897: [GC (Allocation Failure) [PSYoungGen: 591162K->1338K(688128K)] 1747888K->1158072K(1998848K), 0.0130802 secs] [Times: user=0.04 sys=0.00, real=0.01 secs] 
Heap after GC invocations=533 (full 2):
 PSYoungGen      total 688128K, used 1338K [0x00000000d0000000, 0x0000000100000000, 0x0000000100000000)
  eden space 589824K, 0% used [0x00000000d0000000,0x00000000d0000000,0x00000000f4000000)
  from space 98304K, 1% used [0x00000000f4000000,0x00000000f414e868,0x00000000fa000000)
  to   space 98304K, 0% used [0x00000000fa000000,0x00000000fa000000,0x0000000100000000)
 ParOldGen       total 1310720K, used 1156734K [0x0000000080000000, 0x00000000d0000000, 0x00000000d0000000)
  object space 1310720K, 88% used [0x0000000080000000,0x00000000c699fa58,0x00000000d0000000)
 Metaspace       used 250339K, capacity 255088K, committed 255232K, reserved 747520K
  class space    used 23982K, capacity 24961K, committed 25088K, reserved 516096K
}
{Heap before GC invocations=534 (full 2):
 PSYoungGen      total 688128K, used 591162K [0x00000000d0000000, 0x0000000100000000, 0x0000000100000000)
  eden space 589824K, 100% used [0x00000000d0000000,0x00000000f4000000,0x00000000f4000000)
  from space 98304K, 1% used [0x00000000f4000000,0x00000000f414e868,0x00000000fa000000)
  to   space 98304K, 0% used [0x00000000fa000000,0x00000000fa000000,0x0000000100000000)
 ParOldGen       total 1310720K, used 1156734K [0x0000000080000000, 0x00000000d0000000, 0x00000000d0000000)
  object space 1310720K, 88% used [0x0000000080000000,0x00000000c699fa58,0x00000000d0000000)
 Metaspace       used 250339K, capacity 255088K, committed 255232K, reserved 747520K
  class space    used 23982K, capacity 24961K, committed 25088K, reserved 516096K
2025-05-15T01:48:28.888+0900: 27320.175: [GC (Allocation Failure) [PSYoungGen: 591162K->1306K(688128K)] 1747896K->1158064K(1998848K), 0.0132572 secs] [Times: user=0.03 sys=0.00, real=0.02 secs] 
Heap after GC invocations=534 (full 2):
 PSYoungGen      total 688128K, used 1306K [0x00000000d0000000, 0x0000000100000000, 0x0000000100000000)
  eden space 589824K, 0% used [0x00000000d0000000,0x00000000d0000000,0x00000000f4000000)
  from space 98304K, 1% used [0x00000000fa000000,0x00000000fa146868,0x0000000100000000)
  to   space 98304K, 0% used [0x00000000f4000000,0x00000000f4000000,0x00000000fa000000)
 ParOldGen       total 1310720K, used 1156758K [0x0000000080000000, 0x00000000d0000000, 0x00000000d0000000)
  object space 1310720K, 88% used [0x0000000080000000,0x00000000c69a5a58,0x00000000d0000000)
 Metaspace       used 250339K, capacity 255088K, committed 255232K, reserved 747520K
  class space    used 23982K, capacity 24961K, committed 25088K, reserved 516096K
}
{Heap before GC invocations=535 (full 2):
 PSYoungGen      total 688128K, used 591130K [0x00000000d0000000, 0x0000000100000000, 0x0000000100000000)
  eden space 589824K, 100% used [0x00000000d0000000,0x00000000f4000000,0x00000000f4000000)
  from space 98304K, 1% used [0x00000000fa000000,0x00000000fa146868,0x0000000100000000)
  to   space 98304K, 0% used [0x00000000f4000000,0x00000000f4000000,0x00000000fa000000)
 ParOldGen       total 1310720K, used 1156758K [0x0000000080000000, 0x00000000d0000000, 0x00000000d0000000)
  object space 1310720K, 88% used [0x0000000080000000,0x00000000c69a5a58,0x00000000d0000000)
 Metaspace       used 250342K, capacity 255088K, committed 255232K, reserved 747520K
  class space    used 23982K, capacity 24961K, committed 25088K, reserved 516096K
2025-05-15T01:49:31.030+0900: 27382.317: [GC (Allocation Failure) [PSYoungGen: 591130K->1338K(688128K)] 1747888K->1158112K(1998848K), 0.0131146 secs] [Times: user=0.03 sys=0.00, real=0.01 secs] 
Heap after GC invocations=535 (full 2):
 PSYoungGen      total 688128K, used 1338K [0x00000000d0000000, 0x0000000100000000, 0x0000000100000000)
  eden space 589824K, 0% used [0x00000000d0000000,0x00000000d0000000,0x00000000f4000000)
  from space 98304K, 1% used [0x00000000f4000000,0x00000000f414e868,0x00000000fa000000)
  to   space 98304K, 0% used [0x00000000fa000000,0x00000000fa000000,0x0000000100000000)
 ParOldGen       total 1310720K, used 1156774K [0x0000000080000000, 0x00000000d0000000, 0x00000000d0000000)
  object space 1310720K, 88% used [0x0000000080000000,0x00000000c69a9a58,0x00000000d0000000)
 Metaspace       used 250342K, capacity 255088K, committed 255232K, reserved 747520K
  class space    used 23982K, capacity 24961K, committed 25088K, reserved 516096K
}
{Heap before GC invocations=536 (full 2):
 PSYoungGen      total 688128K, used 591162K [0x00000000d0000000, 0x0000000100000000, 0x0000000100000000)
  eden space 589824K, 100% used [0x00000000d0000000,0x00000000f4000000,0x00000000f4000000)
  from space 98304K, 1% used [0x00000000f4000000,0x00000000f414e868,0x00000000fa000000)
  to   space 98304K, 0% used [0x00000000fa000000,0x00000000fa000000,0x0000000100000000)
 ParOldGen       total 1310720K, used 1156774K [0x0000000080000000, 0x00000000d0000000, 0x00000000d0000000)
  object space 1310720K, 88% used [0x0000000080000000,0x00000000c69a9a58,0x00000000d0000000)
 Metaspace       used 250342K, capacity 255088K, committed 255232K, reserved 747520K
  class space    used 23982K, capacity 24961K, committed 25088K, reserved 516096K
2025-05-15T01:50:33.258+0900: 27444.545: [GC (Allocation Failure) [PSYoungGen: 591162K->1306K(688128K)] 1747936K->1158096K(1998848K), 0.0135966 secs] [Times: user=0.03 sys=0.00, real=0.02 secs] 
Heap after GC invocations=536 (full 2):
 PSYoungGen      total 688128K, used 1306K [0x00000000d0000000, 0x0000000100000000, 0x0000000100000000)
  eden space 589824K, 0% used [0x00000000d0000000,0x00000000d0000000,0x00000000f4000000)
  from space 98304K, 1% used [0x00000000fa000000,0x00000000fa146868,0x0000000100000000)
  to   space 98304K, 0% used [0x00000000f4000000,0x00000000f4000000,0x00000000fa000000)
 ParOldGen       total 1310720K, used 1156790K [0x0000000080000000, 0x00000000d0000000, 0x00000000d0000000)
  object space 1310720K, 88% used [0x0000000080000000,0x00000000c69ada58,0x00000000d0000000)
 Metaspace       used 250342K, capacity 255088K, committed 255232K, reserved 747520K
  class space    used 23982K, capacity 24961K, committed 25088K, reserved 516096K
}
{Heap before GC invocations=537 (full 2):
 PSYoungGen      total 688128K, used 591130K [0x00000000d0000000, 0x0000000100000000, 0x0000000100000000)
  eden space 589824K, 100% used [0x00000000d0000000,0x00000000f4000000,0x00000000f4000000)
  from space 98304K, 1% used [0x00000000fa000000,0x00000000fa146868,0x0000000100000000)
  to   space 98304K, 0% used [0x00000000f4000000,0x00000000f4000000,0x00000000fa000000)
 ParOldGen       total 1310720K, used 1156790K [0x0000000080000000, 0x00000000d0000000, 0x00000000d0000000)
  object space 1310720K, 88% used [0x0000000080000000,0x00000000c69ada58,0x00000000d0000000)
 Metaspace       used 250342K, capacity 255088K, committed 255232K, reserved 747520K
  class space    used 23982K, capacity 24961K, committed 25088K, reserved 516096K
2025-05-15T01:51:35.691+0900: 27506.978: [GC (Allocation Failure) [PSYoungGen: 591130K->1306K(688128K)] 1747920K->1158112K(1998848K), 0.0132029 secs] [Times: user=0.04 sys=0.00, real=0.01 secs] 
Heap after GC invocations=537 (full 2):
 PSYoungGen      total 688128K, used 1306K [0x00000000d0000000, 0x0000000100000000, 0x0000000100000000)
  eden space 589824K, 0% used [0x00000000d0000000,0x00000000d0000000,0x00000000f4000000)
  from space 98304K, 1% used [0x00000000f4000000,0x00000000f4146868,0x00000000fa000000)
  to   space 98304K, 0% used [0x00000000fa000000,0x00000000fa000000,0x0000000100000000)
 ParOldGen       total 1310720K, used 1156806K [0x0000000080000000, 0x00000000d0000000, 0x00000000d0000000)
  object space 1310720K, 88% used [0x0000000080000000,0x00000000c69b1a58,0x00000000d0000000)
 Metaspace       used 250342K, capacity 255088K, committed 255232K, reserved 747520K
  class space    used 23982K, capacity 24961K, committed 25088K, reserved 516096K
}
{Heap before GC invocations=538 (full 2):
 PSYoungGen      total 688128K, used 591130K [0x00000000d0000000, 0x0000000100000000, 0x0000000100000000)
  eden space 589824K, 100% used [0x00000000d0000000,0x00000000f4000000,0x00000000f4000000)
  from space 98304K, 1% used [0x00000000f4000000,0x00000000f4146868,0x00000000fa000000)
  to   space 98304K, 0% used [0x00000000fa000000,0x00000000fa000000,0x0000000100000000)
 ParOldGen       total 1310720K, used 1156806K [0x0000000080000000, 0x00000000d0000000, 0x00000000d0000000)
  object space 1310720K, 88% used [0x0000000080000000,0x00000000c69b1a58,0x00000000d0000000)
 Metaspace       used 250342K, capacity 255088K, committed 255232K, reserved 747520K
  class space    used 23982K, capacity 24961K, committed 25088K, reserved 516096K
2025-05-15T01:52:37.738+0900: 27569.025: [GC (Allocation Failure) [PSYoungGen: 591130K->1386K(688128K)] 1747936K->1158208K(1998848K), 0.0131690 secs] [Times: user=0.04 sys=0.00, real=0.02 secs] 
Heap after GC invocations=538 (full 2):
 PSYoungGen      total 688128K, used 1386K [0x00000000d0000000, 0x0000000100000000, 0x0000000100000000)
  eden space 589824K, 0% used [0x00000000d0000000,0x00000000d0000000,0x00000000f4000000)
  from space 98304K, 1% used [0x00000000fa000000,0x00000000fa15a878,0x0000000100000000)
  to   space 98304K, 0% used [0x00000000f4000000,0x00000000f4000000,0x00000000fa000000)
 ParOldGen       total 1310720K, used 1156822K [0x0000000080000000, 0x00000000d0000000, 0x00000000d0000000)
  object space 1310720K, 88% used [0x0000000080000000,0x00000000c69b5a58,0x00000000d0000000)
 Metaspace       used 250342K, capacity 255088K, committed 255232K, reserved 747520K
  class space    used 23982K, capacity 24961K, committed 25088K, reserved 516096K
}
{Heap before GC invocations=539 (full 2):
 PSYoungGen      total 688128K, used 591210K [0x00000000d0000000, 0x0000000100000000, 0x0000000100000000)
  eden space 589824K, 100% used [0x00000000d0000000,0x00000000f4000000,0x00000000f4000000)
  from space 98304K, 1% used [0x00000000fa000000,0x00000000fa15a878,0x0000000100000000)
  to   space 98304K, 0% used [0x00000000f4000000,0x00000000f4000000,0x00000000fa000000)
 ParOldGen       total 1310720K, used 1156822K [0x0000000080000000, 0x00000000d0000000, 0x00000000d0000000)
  object space 1310720K, 88% used [0x0000000080000000,0x00000000c69b5a58,0x00000000d0000000)
 Metaspace       used 250342K, capacity 255088K, committed 255232K, reserved 747520K
  class space    used 23982K, capacity 24961K, committed 25088K, reserved 516096K
2025-05-15T01:53:40.888+0900: 27632.175: [GC (Allocation Failure) [PSYoungGen: 591210K->1322K(688128K)] 1748032K->1158168K(1998848K), 0.0133817 secs] [Times: user=0.03 sys=0.00, real=0.02 secs] 
Heap after GC invocations=539 (full 2):
 PSYoungGen      total 688128K, used 1322K [0x00000000d0000000, 0x0000000100000000, 0x0000000100000000)
  eden space 589824K, 0% used [0x00000000d0000000,0x00000000d0000000,0x00000000f4000000)
  from space 98304K, 1% used [0x00000000f4000000,0x00000000f414a858,0x00000000fa000000)
  to   space 98304K, 0% used [0x00000000fa000000,0x00000000fa000000,0x0000000100000000)
 ParOldGen       total 1310720K, used 1156846K [0x0000000080000000, 0x00000000d0000000, 0x00000000d0000000)
  object space 1310720K, 88% used [0x0000000080000000,0x00000000c69bba58,0x00000000d0000000)
 Metaspace       used 250342K, capacity 255088K, committed 255232K, reserved 747520K
  class space    used 23982K, capacity 24961K, committed 25088K, reserved 516096K
}
{Heap before GC invocations=540 (full 2):
 PSYoungGen      total 688128K, used 591146K [0x00000000d0000000, 0x0000000100000000, 0x0000000100000000)
  eden space 589824K, 100% used [0x00000000d0000000,0x00000000f4000000,0x00000000f4000000)
  from space 98304K, 1% used [0x00000000f4000000,0x00000000f414a858,0x00000000fa000000)
  to   space 98304K, 0% used [0x00000000fa000000,0x00000000fa000000,0x0000000100000000)
 ParOldGen       total 1310720K, used 1156846K [0x0000000080000000, 0x00000000d0000000, 0x00000000d0000000)
  object space 1310720K, 88% used [0x0000000080000000,0x00000000c69bba58,0x00000000d0000000)
 Metaspace       used 250372K, capacity 255152K, committed 255488K, reserved 747520K
  class space    used 23982K, capacity 24961K, committed 25088K, reserved 516096K
2025-05-15T01:54:43.118+0900: 27694.405: [GC (Allocation Failure) [PSYoungGen: 591146K->1258K(688128K)] 1747992K->1158120K(1998848K), 0.0133949 secs] [Times: user=0.03 sys=0.00, real=0.02 secs] 
Heap after GC invocations=540 (full 2):
 PSYoungGen      total 688128K, used 1258K [0x00000000d0000000, 0x0000000100000000, 0x0000000100000000)
  eden space 589824K, 0% used [0x00000000d0000000,0x00000000d0000000,0x00000000f4000000)
  from space 98304K, 1% used [0x00000000fa000000,0x00000000fa13a858,0x0000000100000000)
  to   space 98304K, 0% used [0x00000000f4000000,0x00000000f4000000,0x00000000fa000000)
 ParOldGen       total 1310720K, used 1156862K [0x0000000080000000, 0x00000000d0000000, 0x00000000d0000000)
  object space 1310720K, 88% used [0x0000000080000000,0x00000000c69bfa58,0x00000000d0000000)
 Metaspace       used 250372K, capacity 255152K, committed 255488K, reserved 747520K
  class space    used 23982K, capacity 24961K, committed 25088K, reserved 516096K
}
{Heap before GC invocations=541 (full 2):
 PSYoungGen      total 688128K, used 591082K [0x00000000d0000000, 0x0000000100000000, 0x0000000100000000)
  eden space 589824K, 100% used [0x00000000d0000000,0x00000000f4000000,0x00000000f4000000)
  from space 98304K, 1% used [0x00000000fa000000,0x00000000fa13a858,0x0000000100000000)
  to   space 98304K, 0% used [0x00000000f4000000,0x00000000f4000000,0x00000000fa000000)
 ParOldGen       total 1310720K, used 1156862K [0x0000000080000000, 0x00000000d0000000, 0x00000000d0000000)
  object space 1310720K, 88% used [0x0000000080000000,0x00000000c69bfa58,0x00000000d0000000)
 Metaspace       used 250372K, capacity 255152K, committed 255488K, reserved 747520K
  class space    used 23982K, capacity 24961K, committed 25088K, reserved 516096K
2025-05-15T01:55:44.360+0900: 27755.647: [GC (Allocation Failure) [PSYoungGen: 591082K->1306K(688128K)] 1747944K->1158192K(1998848K), 0.0129980 secs] [Times: user=0.03 sys=0.00, real=0.01 secs] 
Heap after GC invocations=541 (full 2):
 PSYoungGen      total 688128K, used 1306K [0x00000000d0000000, 0x0000000100000000, 0x0000000100000000)
  eden space 589824K, 0% used [0x00000000d0000000,0x00000000d0000000,0x00000000f4000000)
  from space 98304K, 1% used [0x00000000f4000000,0x00000000f4146848,0x00000000fa000000)
  to   space 98304K, 0% used [0x00000000fa000000,0x00000000fa000000,0x0000000100000000)
 ParOldGen       total 1310720K, used 1156886K [0x0000000080000000, 0x00000000d0000000, 0x00000000d0000000)
  object space 1310720K, 88% used [0x0000000080000000,0x00000000c69c5a58,0x00000000d0000000)
 Metaspace       used 250372K, capacity 255152K, committed 255488K, reserved 747520K
  class space    used 23982K, capacity 24961K, committed 25088K, reserved 516096K
}
{Heap before GC invocations=542 (full 2):
 PSYoungGen      total 688128K, used 591130K [0x00000000d0000000, 0x0000000100000000, 0x0000000100000000)
  eden space 589824K, 100% used [0x00000000d0000000,0x00000000f4000000,0x00000000f4000000)
  from space 98304K, 1% used [0x00000000f4000000,0x00000000f4146848,0x00000000fa000000)
  to   space 98304K, 0% used [0x00000000fa000000,0x00000000fa000000,0x0000000100000000)
 ParOldGen       total 1310720K, used 1156886K [0x0000000080000000, 0x00000000d0000000, 0x00000000d0000000)
  object space 1310720K, 88% used [0x0000000080000000,0x00000000c69c5a58,0x00000000d0000000)
 Metaspace       used 250372K, capacity 255152K, committed 255488K, reserved 747520K
  class space    used 23982K, capacity 24961K, committed 25088K, reserved 516096K
2025-05-15T01:56:46.562+0900: 27817.849: [GC (Allocation Failure) [PSYoungGen: 591130K->1322K(688128K)] 1748016K->1158232K(1998848K), 0.0141489 secs] [Times: user=0.03 sys=0.00, real=0.01 secs] 
Heap after GC invocations=542 (full 2):
 PSYoungGen      total 688128K, used 1322K [0x00000000d0000000, 0x0000000100000000, 0x0000000100000000)
  eden space 589824K, 0% used [0x00000000d0000000,0x00000000d0000000,0x00000000f4000000)
  from space 98304K, 1% used [0x00000000fa000000,0x00000000fa14a858,0x0000000100000000)
  to   space 98304K, 0% used [0x00000000f4000000,0x00000000f4000000,0x00000000fa000000)
 ParOldGen       total 1310720K, used 1156910K [0x0000000080000000, 0x00000000d0000000, 0x00000000d0000000)
  object space 1310720K, 88% used [0x0000000080000000,0x00000000c69cba58,0x00000000d0000000)
 Metaspace       used 250372K, capacity 255152K, committed 255488K, reserved 747520K
  class space    used 23982K, capacity 24961K, committed 25088K, reserved 516096K
}
{Heap before GC invocations=543 (full 2):
 PSYoungGen      total 688128K, used 591146K [0x00000000d0000000, 0x0000000100000000, 0x0000000100000000)
  eden space 589824K, 100% used [0x00000000d0000000,0x00000000f4000000,0x00000000f4000000)
  from space 98304K, 1% used [0x00000000fa000000,0x00000000fa14a858,0x0000000100000000)
  to   space 98304K, 0% used [0x00000000f4000000,0x00000000f4000000,0x00000000fa000000)
 ParOldGen       total 1310720K, used 1156910K [0x0000000080000000, 0x00000000d0000000, 0x00000000d0000000)
  object space 1310720K, 88% used [0x0000000080000000,0x00000000c69cba58,0x00000000d0000000)
 Metaspace       used 250372K, capacity 255152K, committed 255488K, reserved 747520K
  class space    used 23982K, capacity 24961K, committed 25088K, reserved 516096K
2025-05-15T01:57:48.982+0900: 27880.269: [GC (Allocation Failure) [PSYoungGen: 591146K->1322K(688128K)] 1748056K->1158248K(1998848K), 0.0143181 secs] [Times: user=0.03 sys=0.00, real=0.01 secs] 
Heap after GC invocations=543 (full 2):
 PSYoungGen      total 688128K, used 1322K [0x00000000d0000000, 0x0000000100000000, 0x0000000100000000)
  eden space 589824K, 0% used [0x00000000d0000000,0x00000000d0000000,0x00000000f4000000)
  from space 98304K, 1% used [0x00000000f4000000,0x00000000f414a858,0x00000000fa000000)
  to   space 98304K, 0% used [0x00000000fa000000,0x00000000fa000000,0x0000000100000000)
 ParOldGen       total 1310720K, used 1156926K [0x0000000080000000, 0x00000000d0000000, 0x00000000d0000000)
  object space 1310720K, 88% used [0x0000000080000000,0x00000000c69cfa58,0x00000000d0000000)
 Metaspace       used 250372K, capacity 255152K, committed 255488K, reserved 747520K
  class space    used 23982K, capacity 24961K, committed 25088K, reserved 516096K
}
{Heap before GC invocations=544 (full 2):
 PSYoungGen      total 688128K, used 591146K [0x00000000d0000000, 0x0000000100000000, 0x0000000100000000)
  eden space 589824K, 100% used [0x00000000d0000000,0x00000000f4000000,0x00000000f4000000)
  from space 98304K, 1% used [0x00000000f4000000,0x00000000f414a858,0x00000000fa000000)
  to   space 98304K, 0% used [0x00000000fa000000,0x00000000fa000000,0x0000000100000000)
 ParOldGen       total 1310720K, used 1156926K [0x0000000080000000, 0x00000000d0000000, 0x00000000d0000000)
  object space 1310720K, 88% used [0x0000000080000000,0x00000000c69cfa58,0x00000000d0000000)
 Metaspace       used 250372K, capacity 255152K, committed 255488K, reserved 747520K
  class space    used 23982K, capacity 24961K, committed 25088K, reserved 516096K
2025-05-15T01:58:51.994+0900: 27943.281: [GC (Allocation Failure) [PSYoungGen: 591146K->1354K(688128K)] 1748072K->1158304K(1998848K), 0.0131635 secs] [Times: user=0.03 sys=0.00, real=0.01 secs] 
Heap after GC invocations=544 (full 2):
 PSYoungGen      total 688128K, used 1354K [0x00000000d0000000, 0x0000000100000000, 0x0000000100000000)
  eden space 589824K, 0% used [0x00000000d0000000,0x00000000d0000000,0x00000000f4000000)
  from space 98304K, 1% used [0x00000000fa000000,0x00000000fa152858,0x0000000100000000)
  to   space 98304K, 0% used [0x00000000f4000000,0x00000000f4000000,0x00000000fa000000)
 ParOldGen       total 1310720K, used 1156950K [0x0000000080000000, 0x00000000d0000000, 0x00000000d0000000)
  object space 1310720K, 88% used [0x0000000080000000,0x00000000c69d5a58,0x00000000d0000000)
 Metaspace       used 250372K, capacity 255152K, committed 255488K, reserved 747520K
  class space    used 23982K, capacity 24961K, committed 25088K, reserved 516096K
}
{Heap before GC invocations=545 (full 2):
 PSYoungGen      total 688128K, used 591178K [0x00000000d0000000, 0x0000000100000000, 0x0000000100000000)
  eden space 589824K, 100% used [0x00000000d0000000,0x00000000f4000000,0x00000000f4000000)
  from space 98304K, 1% used [0x00000000fa000000,0x00000000fa152858,0x0000000100000000)
  to   space 98304K, 0% used [0x00000000f4000000,0x00000000f4000000,0x00000000fa000000)
 ParOldGen       total 1310720K, used 1156950K [0x0000000080000000, 0x00000000d0000000, 0x00000000d0000000)
  object space 1310720K, 88% used [0x0000000080000000,0x00000000c69d5a58,0x00000000d0000000)
 Metaspace       used 250372K, capacity 255152K, committed 255488K, reserved 747520K
  class space    used 23982K, capacity 24961K, committed 25088K, reserved 516096K
2025-05-15T01:59:54.234+0900: 28005.521: [GC (Allocation Failure) [PSYoungGen: 591178K->1290K(688128K)] 1748128K->1158264K(1998848K), 0.0134355 secs] [Times: user=0.04 sys=0.00, real=0.01 secs] 
Heap after GC invocations=545 (full 2):
 PSYoungGen      total 688128K, used 1290K [0x00000000d0000000, 0x0000000100000000, 0x0000000100000000)
  eden space 589824K, 0% used [0x00000000d0000000,0x00000000d0000000,0x00000000f4000000)
  from space 98304K, 1% used [0x00000000f4000000,0x00000000f4142858,0x00000000fa000000)
  to   space 98304K, 0% used [0x00000000fa000000,0x00000000fa000000,0x0000000100000000)
 ParOldGen       total 1310720K, used 1156974K [0x0000000080000000, 0x00000000d0000000, 0x00000000d0000000)
  object space 1310720K, 88% used [0x0000000080000000,0x00000000c69dba58,0x00000000d0000000)
 Metaspace       used 250372K, capacity 255152K, committed 255488K, reserved 747520K
  class space    used 23982K, capacity 24961K, committed 25088K, reserved 516096K
}
{Heap before GC invocations=546 (full 2):
 PSYoungGen      total 688128K, used 591114K [0x00000000d0000000, 0x0000000100000000, 0x0000000100000000)
  eden space 589824K, 100% used [0x00000000d0000000,0x00000000f4000000,0x00000000f4000000)
  from space 98304K, 1% used [0x00000000f4000000,0x00000000f4142858,0x00000000fa000000)
  to   space 98304K, 0% used [0x00000000fa000000,0x00000000fa000000,0x0000000100000000)
 ParOldGen       total 1310720K, used 1156974K [0x0000000080000000, 0x00000000d0000000, 0x00000000d0000000)
  object space 1310720K, 88% used [0x0000000080000000,0x00000000c69dba58,0x00000000d0000000)
 Metaspace       used 250372K, capacity 255152K, committed 255488K, reserved 747520K
  class space    used 23982K, capacity 24961K, committed 25088K, reserved 516096K
2025-05-15T02:00:55.519+0900: 28066.806: [GC (Allocation Failure) [PSYoungGen: 591114K->1290K(688128K)] 1748088K->1158336K(1998848K), 0.0132565 secs] [Times: user=0.03 sys=0.00, real=0.01 secs] 
Heap after GC invocations=546 (full 2):
 PSYoungGen      total 688128K, used 1290K [0x00000000d0000000, 0x0000000100000000, 0x0000000100000000)
  eden space 589824K, 0% used [0x00000000d0000000,0x00000000d0000000,0x00000000f4000000)
  from space 98304K, 1% used [0x00000000fa000000,0x00000000fa142858,0x0000000100000000)
  to   space 98304K, 0% used [0x00000000f4000000,0x00000000f4000000,0x00000000fa000000)
 ParOldGen       total 1310720K, used 1157046K [0x0000000080000000, 0x00000000d0000000, 0x00000000d0000000)
  object space 1310720K, 88% used [0x0000000080000000,0x00000000c69eda58,0x00000000d0000000)
 Metaspace       used 250372K, capacity 255152K, committed 255488K, reserved 747520K
  class space    used 23982K, capacity 24961K, committed 25088K, reserved 516096K
}
{Heap before GC invocations=547 (full 2):
 PSYoungGen      total 688128K, used 591114K [0x00000000d0000000, 0x0000000100000000, 0x0000000100000000)
  eden space 589824K, 100% used [0x00000000d0000000,0x00000000f4000000,0x00000000f4000000)
  from space 98304K, 1% used [0x00000000fa000000,0x00000000fa142858,0x0000000100000000)
  to   space 98304K, 0% used [0x00000000f4000000,0x00000000f4000000,0x00000000fa000000)
 ParOldGen       total 1310720K, used 1157046K [0x0000000080000000, 0x00000000d0000000, 0x00000000d0000000)
  object space 1310720K, 88% used [0x0000000080000000,0x00000000c69eda58,0x00000000d0000000)
 Metaspace       used 250372K, capacity 255152K, committed 255488K, reserved 747520K
  class space    used 23982K, capacity 24961K, committed 25088K, reserved 516096K
2025-05-15T02:01:57.662+0900: 28128.949: [GC (Allocation Failure) [PSYoungGen: 591114K->608K(688128K)] 1748160K->1158360K(1998848K), 0.0131544 secs] [Times: user=0.04 sys=0.00, real=0.01 secs] 
Heap after GC invocations=547 (full 2):
 PSYoungGen      total 688128K, used 608K [0x00000000d0000000, 0x0000000100000000, 0x0000000100000000)
  eden space 589824K, 0% used [0x00000000d0000000,0x00000000d0000000,0x00000000f4000000)
  from space 98304K, 0% used [0x00000000f4000000,0x00000000f4098000,0x00000000fa000000)
  to   space 98304K, 0% used [0x00000000fa000000,0x00000000fa000000,0x0000000100000000)
 ParOldGen       total 1310720K, used 1157752K [0x0000000080000000, 0x00000000d0000000, 0x00000000d0000000)
  object space 1310720K, 88% used [0x0000000080000000,0x00000000c6a9e068,0x00000000d0000000)
 Metaspace       used 250372K, capacity 255152K, committed 255488K, reserved 747520K
  class space    used 23982K, capacity 24961K, committed 25088K, reserved 516096K
}
{Heap before GC invocations=548 (full 2):
 PSYoungGen      total 688128K, used 590432K [0x00000000d0000000, 0x0000000100000000, 0x0000000100000000)
  eden space 589824K, 100% used [0x00000000d0000000,0x00000000f4000000,0x00000000f4000000)
  from space 98304K, 0% used [0x00000000f4000000,0x00000000f4098000,0x00000000fa000000)
  to   space 98304K, 0% used [0x00000000fa000000,0x00000000fa000000,0x0000000100000000)
 ParOldGen       total 1310720K, used 1157752K [0x0000000080000000, 0x00000000d0000000, 0x00000000d0000000)
  object space 1310720K, 88% used [0x0000000080000000,0x00000000c6a9e068,0x00000000d0000000)
 Metaspace       used 250374K, capacity 255152K, committed 255488K, reserved 747520K
  class space    used 23982K, capacity 24961K, committed 25088K, reserved 516096K
2025-05-15T02:02:59.869+0900: 28191.156: [GC (Allocation Failure) [PSYoungGen: 590432K->608K(688128K)] 1748184K->1158376K(1998848K), 0.0129393 secs] [Times: user=0.03 sys=0.00, real=0.01 secs] 
Heap after GC invocations=548 (full 2):
 PSYoungGen      total 688128K, used 608K [0x00000000d0000000, 0x0000000100000000, 0x0000000100000000)
  eden space 589824K, 0% used [0x00000000d0000000,0x00000000d0000000,0x00000000f4000000)
  from space 98304K, 0% used [0x00000000fa000000,0x00000000fa098000,0x0000000100000000)
  to   space 98304K, 0% used [0x00000000f4000000,0x00000000f4000000,0x00000000fa000000)
 ParOldGen       total 1310720K, used 1157768K [0x0000000080000000, 0x00000000d0000000, 0x00000000d0000000)
  object space 1310720K, 88% used [0x0000000080000000,0x00000000c6aa2068,0x00000000d0000000)
 Metaspace       used 250374K, capacity 255152K, committed 255488K, reserved 747520K
  class space    used 23982K, capacity 24961K, committed 25088K, reserved 516096K
}
{Heap before GC invocations=549 (full 2):
 PSYoungGen      total 688128K, used 590431K [0x00000000d0000000, 0x0000000100000000, 0x0000000100000000)
  eden space 589824K, 99% used [0x00000000d0000000,0x00000000f3ffff48,0x00000000f4000000)
  from space 98304K, 0% used [0x00000000fa000000,0x00000000fa098000,0x0000000100000000)
  to   space 98304K, 0% used [0x00000000f4000000,0x00000000f4000000,0x00000000fa000000)
 ParOldGen       total 1310720K, used 1157768K [0x0000000080000000, 0x00000000d0000000, 0x00000000d0000000)
  object space 1310720K, 88% used [0x0000000080000000,0x00000000c6aa2068,0x00000000d0000000)
 Metaspace       used 250374K, capacity 255152K, committed 255488K, reserved 747520K
  class space    used 23982K, capacity 24961K, committed 25088K, reserved 516096K
2025-05-15T02:04:01.495+0900: 28252.782: [GC (Allocation Failure) [PSYoungGen: 590431K->640K(688128K)] 1748199K->1158424K(1998848K), 0.0153769 secs] [Times: user=0.04 sys=0.00, real=0.02 secs] 
Heap after GC invocations=549 (full 2):
 PSYoungGen      total 688128K, used 640K [0x00000000d0000000, 0x0000000100000000, 0x0000000100000000)
  eden space 589824K, 0% used [0x00000000d0000000,0x00000000d0000000,0x00000000f4000000)
  from space 98304K, 0% used [0x00000000f4000000,0x00000000f40a0000,0x00000000fa000000)
  to   space 98304K, 0% used [0x00000000fa000000,0x00000000fa000000,0x0000000100000000)
 ParOldGen       total 1310720K, used 1157784K [0x0000000080000000, 0x00000000d0000000, 0x00000000d0000000)
  object space 1310720K, 88% used [0x0000000080000000,0x00000000c6aa6068,0x00000000d0000000)
 Metaspace       used 250374K, capacity 255152K, committed 255488K, reserved 747520K
  class space    used 23982K, capacity 24961K, committed 25088K, reserved 516096K
}
{Heap before GC invocations=550 (full 2):
 PSYoungGen      total 688128K, used 590464K [0x00000000d0000000, 0x0000000100000000, 0x0000000100000000)
  eden space 589824K, 100% used [0x00000000d0000000,0x00000000f4000000,0x00000000f4000000)
  from space 98304K, 0% used [0x00000000f4000000,0x00000000f40a0000,0x00000000fa000000)
  to   space 98304K, 0% used [0x00000000fa000000,0x00000000fa000000,0x0000000100000000)
 ParOldGen       total 1310720K, used 1157784K [0x0000000080000000, 0x00000000d0000000, 0x00000000d0000000)
  object space 1310720K, 88% used [0x0000000080000000,0x00000000c6aa6068,0x00000000d0000000)
 Metaspace       used 250375K, capacity 255152K, committed 255488K, reserved 747520K
  class space    used 23982K, capacity 24961K, committed 25088K, reserved 516096K
2025-05-15T02:05:03.282+0900: 28314.569: [GC (Allocation Failure) [PSYoungGen: 590464K->576K(688128K)] 1748248K->1158384K(1998848K), 0.0130543 secs] [Times: user=0.04 sys=0.00, real=0.01 secs] 
Heap after GC invocations=550 (full 2):
 PSYoungGen      total 688128K, used 576K [0x00000000d0000000, 0x0000000100000000, 0x0000000100000000)
  eden space 589824K, 0% used [0x00000000d0000000,0x00000000d0000000,0x00000000f4000000)
  from space 98304K, 0% used [0x00000000fa000000,0x00000000fa090000,0x0000000100000000)
  to   space 98304K, 0% used [0x00000000f4000000,0x00000000f4000000,0x00000000fa000000)
 ParOldGen       total 1310720K, used 1157808K [0x0000000080000000, 0x00000000d0000000, 0x00000000d0000000)
  object space 1310720K, 88% used [0x0000000080000000,0x00000000c6aac068,0x00000000d0000000)
 Metaspace       used 250375K, capacity 255152K, committed 255488K, reserved 747520K
  class space    used 23982K, capacity 24961K, committed 25088K, reserved 516096K
}
{Heap before GC invocations=551 (full 2):
 PSYoungGen      total 688128K, used 590400K [0x00000000d0000000, 0x0000000100000000, 0x0000000100000000)
  eden space 589824K, 100% used [0x00000000d0000000,0x00000000f4000000,0x00000000f4000000)
  from space 98304K, 0% used [0x00000000fa000000,0x00000000fa090000,0x0000000100000000)
  to   space 98304K, 0% used [0x00000000f4000000,0x00000000f4000000,0x00000000fa000000)
 ParOldGen       total 1310720K, used 1157808K [0x0000000080000000, 0x00000000d0000000, 0x00000000d0000000)
  object space 1310720K, 88% used [0x0000000080000000,0x00000000c6aac068,0x00000000d0000000)
 Metaspace       used 250376K, capacity 255152K, committed 255488K, reserved 747520K
  class space    used 23982K, capacity 24961K, committed 25088K, reserved 516096K
2025-05-15T02:06:05.548+0900: 28376.835: [GC (Allocation Failure) [PSYoungGen: 590400K->624K(688128K)] 1748208K->1158448K(1998848K), 0.0138351 secs] [Times: user=0.04 sys=0.00, real=0.02 secs] 
Heap after GC invocations=551 (full 2):
 PSYoungGen      total 688128K, used 624K [0x00000000d0000000, 0x0000000100000000, 0x0000000100000000)
  eden space 589824K, 0% used [0x00000000d0000000,0x00000000d0000000,0x00000000f4000000)
  from space 98304K, 0% used [0x00000000f4000000,0x00000000f409c010,0x00000000fa000000)
  to   space 98304K, 0% used [0x00000000fa000000,0x00000000fa000000,0x0000000100000000)
 ParOldGen       total 1310720K, used 1157824K [0x0000000080000000, 0x00000000d0000000, 0x00000000d0000000)
  object space 1310720K, 88% used [0x0000000080000000,0x00000000c6ab0068,0x00000000d0000000)
 Metaspace       used 250376K, capacity 255152K, committed 255488K, reserved 747520K
  class space    used 23982K, capacity 24961K, committed 25088K, reserved 516096K
}
{Heap before GC invocations=552 (full 2):
 PSYoungGen      total 688128K, used 590448K [0x00000000d0000000, 0x0000000100000000, 0x0000000100000000)
  eden space 589824K, 100% used [0x00000000d0000000,0x00000000f4000000,0x00000000f4000000)
  from space 98304K, 0% used [0x00000000f4000000,0x00000000f409c010,0x00000000fa000000)
  to   space 98304K, 0% used [0x00000000fa000000,0x00000000fa000000,0x0000000100000000)
 ParOldGen       total 1310720K, used 1157824K [0x0000000080000000, 0x00000000d0000000, 0x00000000d0000000)
  object space 1310720K, 88% used [0x0000000080000000,0x00000000c6ab0068,0x00000000d0000000)
 Metaspace       used 250376K, capacity 255152K, committed 255488K, reserved 747520K
  class space    used 23982K, capacity 24961K, committed 25088K, reserved 516096K
2025-05-15T02:07:07.729+0900: 28439.016: [GC (Allocation Failure) [PSYoungGen: 590448K->592K(688128K)] 1748272K->1158440K(1998848K), 0.0134274 secs] [Times: user=0.03 sys=0.00, real=0.01 secs] 
Heap after GC invocations=552 (full 2):
 PSYoungGen      total 688128K, used 592K [0x00000000d0000000, 0x0000000100000000, 0x0000000100000000)
  eden space 589824K, 0% used [0x00000000d0000000,0x00000000d0000000,0x00000000f4000000)
  from space 98304K, 0% used [0x00000000fa000000,0x00000000fa094010,0x0000000100000000)
  to   space 98304K, 0% used [0x00000000f4000000,0x00000000f4000000,0x00000000fa000000)
 ParOldGen       total 1310720K, used 1157848K [0x0000000080000000, 0x00000000d0000000, 0x00000000d0000000)
  object space 1310720K, 88% used [0x0000000080000000,0x00000000c6ab6068,0x00000000d0000000)
 Metaspace       used 250376K, capacity 255152K, committed 255488K, reserved 747520K
  class space    used 23982K, capacity 24961K, committed 25088K, reserved 516096K
}
{Heap before GC invocations=553 (full 2):
 PSYoungGen      total 688128K, used 590416K [0x00000000d0000000, 0x0000000100000000, 0x0000000100000000)
  eden space 589824K, 100% used [0x00000000d0000000,0x00000000f4000000,0x00000000f4000000)
  from space 98304K, 0% used [0x00000000fa000000,0x00000000fa094010,0x0000000100000000)
  to   space 98304K, 0% used [0x00000000f4000000,0x00000000f4000000,0x00000000fa000000)
 ParOldGen       total 1310720K, used 1157848K [0x0000000080000000, 0x00000000d0000000, 0x00000000d0000000)
  object space 1310720K, 88% used [0x0000000080000000,0x00000000c6ab6068,0x00000000d0000000)
 Metaspace       used 250376K, capacity 255152K, committed 255488K, reserved 747520K
  class space    used 23982K, capacity 24961K, committed 25088K, reserved 516096K
2025-05-15T02:08:09.928+0900: 28501.215: [GC (Allocation Failure) [PSYoungGen: 590416K->608K(688128K)] 1748264K->1158480K(1998848K), 0.0134348 secs] [Times: user=0.03 sys=0.00, real=0.02 secs] 
Heap after GC invocations=553 (full 2):
 PSYoungGen      total 688128K, used 608K [0x00000000d0000000, 0x0000000100000000, 0x0000000100000000)
  eden space 589824K, 0% used [0x00000000d0000000,0x00000000d0000000,0x00000000f4000000)
  from space 98304K, 0% used [0x00000000f4000000,0x00000000f4098000,0x00000000fa000000)
  to   space 98304K, 0% used [0x00000000fa000000,0x00000000fa000000,0x0000000100000000)
 ParOldGen       total 1310720K, used 1157872K [0x0000000080000000, 0x00000000d0000000, 0x00000000d0000000)
  object space 1310720K, 88% used [0x0000000080000000,0x00000000c6abc068,0x00000000d0000000)
 Metaspace       used 250376K, capacity 255152K, committed 255488K, reserved 747520K
  class space    used 23982K, capacity 24961K, committed 25088K, reserved 516096K
}
{Heap before GC invocations=554 (full 2):
 PSYoungGen      total 688128K, used 590432K [0x00000000d0000000, 0x0000000100000000, 0x0000000100000000)
  eden space 589824K, 100% used [0x00000000d0000000,0x00000000f4000000,0x00000000f4000000)
  from space 98304K, 0% used [0x00000000f4000000,0x00000000f4098000,0x00000000fa000000)
  to   space 98304K, 0% used [0x00000000fa000000,0x00000000fa000000,0x0000000100000000)
 ParOldGen       total 1310720K, used 1157872K [0x0000000080000000, 0x00000000d0000000, 0x00000000d0000000)
  object space 1310720K, 88% used [0x0000000080000000,0x00000000c6abc068,0x00000000d0000000)
 Metaspace       used 250380K, capacity 255152K, committed 255488K, reserved 747520K
  class space    used 23982K, capacity 24961K, committed 25088K, reserved 516096K
2025-05-15T02:09:12.157+0900: 28563.444: [GC (Allocation Failure) [PSYoungGen: 590432K->640K(688128K)] 1748304K->1158536K(1998848K), 0.0126630 secs] [Times: user=0.03 sys=0.00, real=0.02 secs] 
Heap after GC invocations=554 (full 2):
 PSYoungGen      total 688128K, used 640K [0x00000000d0000000, 0x0000000100000000, 0x0000000100000000)
  eden space 589824K, 0% used [0x00000000d0000000,0x00000000d0000000,0x00000000f4000000)
  from space 98304K, 0% used [0x00000000fa000000,0x00000000fa0a0000,0x0000000100000000)
  to   space 98304K, 0% used [0x00000000f4000000,0x00000000f4000000,0x00000000fa000000)
 ParOldGen       total 1310720K, used 1157896K [0x0000000080000000, 0x00000000d0000000, 0x00000000d0000000)
  object space 1310720K, 88% used [0x0000000080000000,0x00000000c6ac2068,0x00000000d0000000)
 Metaspace       used 250380K, capacity 255152K, committed 255488K, reserved 747520K
  class space    used 23982K, capacity 24961K, committed 25088K, reserved 516096K
}
{Heap before GC invocations=555 (full 2):
 PSYoungGen      total 688128K, used 590464K [0x00000000d0000000, 0x0000000100000000, 0x0000000100000000)
  eden space 589824K, 100% used [0x00000000d0000000,0x00000000f4000000,0x00000000f4000000)
  from space 98304K, 0% used [0x00000000fa000000,0x00000000fa0a0000,0x0000000100000000)
  to   space 98304K, 0% used [0x00000000f4000000,0x00000000f4000000,0x00000000fa000000)
 ParOldGen       total 1310720K, used 1157896K [0x0000000080000000, 0x00000000d0000000, 0x00000000d0000000)
  object space 1310720K, 88% used [0x0000000080000000,0x00000000c6ac2068,0x00000000d0000000)
 Metaspace       used 250400K, capacity 255152K, committed 255488K, reserved 747520K
  class space    used 23983K, capacity 24961K, committed 25088K, reserved 516096K
2025-05-15T02:10:13.332+0900: 28624.619: [GC (Allocation Failure) [PSYoungGen: 590464K->1111K(688128K)] 1748360K->1159031K(1998848K), 0.0138646 secs] [Times: user=0.04 sys=0.00, real=0.01 secs] 
Heap after GC invocations=555 (full 2):
 PSYoungGen      total 688128K, used 1111K [0x00000000d0000000, 0x0000000100000000, 0x0000000100000000)
  eden space 589824K, 0% used [0x00000000d0000000,0x00000000d0000000,0x00000000f4000000)
  from space 98304K, 1% used [0x00000000f4000000,0x00000000f4115de0,0x00000000fa000000)
  to   space 98304K, 0% used [0x00000000fa000000,0x00000000fa000000,0x0000000100000000)
 ParOldGen       total 1310720K, used 1157920K [0x0000000080000000, 0x00000000d0000000, 0x00000000d0000000)
  object space 1310720K, 88% used [0x0000000080000000,0x00000000c6ac8068,0x00000000d0000000)
 Metaspace       used 250400K, capacity 255152K, committed 255488K, reserved 747520K
  class space    used 23983K, capacity 24961K, committed 25088K, reserved 516096K
}
{Heap before GC invocations=556 (full 2):
 PSYoungGen      total 688128K, used 590935K [0x00000000d0000000, 0x0000000100000000, 0x0000000100000000)
  eden space 589824K, 100% used [0x00000000d0000000,0x00000000f4000000,0x00000000f4000000)
  from space 98304K, 1% used [0x00000000f4000000,0x00000000f4115de0,0x00000000fa000000)
  to   space 98304K, 0% used [0x00000000fa000000,0x00000000fa000000,0x0000000100000000)
 ParOldGen       total 1310720K, used 1157920K [0x0000000080000000, 0x00000000d0000000, 0x00000000d0000000)
  object space 1310720K, 88% used [0x0000000080000000,0x00000000c6ac8068,0x00000000d0000000)
 Metaspace       used 250416K, capacity 255216K, committed 255488K, reserved 747520K
  class space    used 23983K, capacity 24961K, committed 25088K, reserved 516096K
2025-05-15T02:11:15.595+0900: 28686.882: [GC (Allocation Failure) [PSYoungGen: 590935K->1175K(688128K)] 1748855K->1159119K(1998848K), 0.0154594 secs] [Times: user=0.03 sys=0.00, real=0.02 secs] 
Heap after GC invocations=556 (full 2):
 PSYoungGen      total 688128K, used 1175K [0x00000000d0000000, 0x0000000100000000, 0x0000000100000000)
  eden space 589824K, 0% used [0x00000000d0000000,0x00000000d0000000,0x00000000f4000000)
  from space 98304K, 1% used [0x00000000fa000000,0x00000000fa125de0,0x0000000100000000)
  to   space 98304K, 0% used [0x00000000f4000000,0x00000000f4000000,0x00000000fa000000)
 ParOldGen       total 1310720K, used 1157944K [0x0000000080000000, 0x00000000d0000000, 0x00000000d0000000)
  object space 1310720K, 88% used [0x0000000080000000,0x00000000c6ace068,0x00000000d0000000)
 Metaspace       used 250416K, capacity 255216K, committed 255488K, reserved 747520K
  class space    used 23983K, capacity 24961K, committed 25088K, reserved 516096K
}
{Heap before GC invocations=557 (full 2):
 PSYoungGen      total 688128K, used 590999K [0x00000000d0000000, 0x0000000100000000, 0x0000000100000000)
  eden space 589824K, 100% used [0x00000000d0000000,0x00000000f4000000,0x00000000f4000000)
  from space 98304K, 1% used [0x00000000fa000000,0x00000000fa125de0,0x0000000100000000)
  to   space 98304K, 0% used [0x00000000f4000000,0x00000000f4000000,0x00000000fa000000)
 ParOldGen       total 1310720K, used 1157944K [0x0000000080000000, 0x00000000d0000000, 0x00000000d0000000)
  object space 1310720K, 88% used [0x0000000080000000,0x00000000c6ace068,0x00000000d0000000)
 Metaspace       used 250416K, capacity 255216K, committed 255488K, reserved 747520K
  class space    used 23983K, capacity 24961K, committed 25088K, reserved 516096K
2025-05-15T02:12:17.865+0900: 28749.152: [GC (Allocation Failure) [PSYoungGen: 590999K->1143K(688128K)] 1748943K->1159103K(1998848K), 0.0133782 secs] [Times: user=0.03 sys=0.00, real=0.01 secs] 
Heap after GC invocations=557 (full 2):
 PSYoungGen      total 688128K, used 1143K [0x00000000d0000000, 0x0000000100000000, 0x0000000100000000)
  eden space 589824K, 0% used [0x00000000d0000000,0x00000000d0000000,0x00000000f4000000)
  from space 98304K, 1% used [0x00000000f4000000,0x00000000f411ddf0,0x00000000fa000000)
  to   space 98304K, 0% used [0x00000000fa000000,0x00000000fa000000,0x0000000100000000)
 ParOldGen       total 1310720K, used 1157960K [0x0000000080000000, 0x00000000d0000000, 0x00000000d0000000)
  object space 1310720K, 88% used [0x0000000080000000,0x00000000c6ad2068,0x00000000d0000000)
 Metaspace       used 250416K, capacity 255216K, committed 255488K, reserved 747520K
  class space    used 23983K, capacity 24961K, committed 25088K, reserved 516096K
}
{Heap before GC invocations=558 (full 2):
 PSYoungGen      total 688128K, used 590967K [0x00000000d0000000, 0x0000000100000000, 0x0000000100000000)
  eden space 589824K, 100% used [0x00000000d0000000,0x00000000f4000000,0x00000000f4000000)
  from space 98304K, 1% used [0x00000000f4000000,0x00000000f411ddf0,0x00000000fa000000)
  to   space 98304K, 0% used [0x00000000fa000000,0x00000000fa000000,0x0000000100000000)
 ParOldGen       total 1310720K, used 1157960K [0x0000000080000000, 0x00000000d0000000, 0x00000000d0000000)
  object space 1310720K, 88% used [0x0000000080000000,0x00000000c6ad2068,0x00000000d0000000)
 Metaspace       used 250416K, capacity 255216K, committed 255488K, reserved 747520K
  class space    used 23983K, capacity 24961K, committed 25088K, reserved 516096K
2025-05-15T02:13:20.026+0900: 28811.313: [GC (Allocation Failure) [PSYoungGen: 590967K->1175K(688128K)] 1748927K->1159151K(1998848K), 0.0135960 secs] [Times: user=0.03 sys=0.00, real=0.02 secs] 
Heap after GC invocations=558 (full 2):
 PSYoungGen      total 688128K, used 1175K [0x00000000d0000000, 0x0000000100000000, 0x0000000100000000)
  eden space 589824K, 0% used [0x00000000d0000000,0x00000000d0000000,0x00000000f4000000)
  from space 98304K, 1% used [0x00000000fa000000,0x00000000fa125df0,0x0000000100000000)
  to   space 98304K, 0% used [0x00000000f4000000,0x00000000f4000000,0x00000000fa000000)
 ParOldGen       total 1310720K, used 1157976K [0x0000000080000000, 0x00000000d0000000, 0x00000000d0000000)
  object space 1310720K, 88% used [0x0000000080000000,0x00000000c6ad6068,0x00000000d0000000)
 Metaspace       used 250416K, capacity 255216K, committed 255488K, reserved 747520K
  class space    used 23983K, capacity 24961K, committed 25088K, reserved 516096K
}
{Heap before GC invocations=559 (full 2):
 PSYoungGen      total 688128K, used 590999K [0x00000000d0000000, 0x0000000100000000, 0x0000000100000000)
  eden space 589824K, 100% used [0x00000000d0000000,0x00000000f4000000,0x00000000f4000000)
  from space 98304K, 1% used [0x00000000fa000000,0x00000000fa125df0,0x0000000100000000)
  to   space 98304K, 0% used [0x00000000f4000000,0x00000000f4000000,0x00000000fa000000)
 ParOldGen       total 1310720K, used 1157976K [0x0000000080000000, 0x00000000d0000000, 0x00000000d0000000)
  object space 1310720K, 88% used [0x0000000080000000,0x00000000c6ad6068,0x00000000d0000000)
 Metaspace       used 250417K, capacity 255216K, committed 255488K, reserved 747520K
  class space    used 23983K, capacity 24961K, committed 25088K, reserved 516096K
2025-05-15T02:14:22.328+0900: 28873.615: [GC (Allocation Failure) [PSYoungGen: 590999K->1207K(688128K)] 1748975K->1159207K(1998848K), 0.0134472 secs] [Times: user=0.04 sys=0.00, real=0.02 secs] 
Heap after GC invocations=559 (full 2):
 PSYoungGen      total 688128K, used 1207K [0x00000000d0000000, 0x0000000100000000, 0x0000000100000000)
  eden space 589824K, 0% used [0x00000000d0000000,0x00000000d0000000,0x00000000f4000000)
  from space 98304K, 1% used [0x00000000f4000000,0x00000000f412ddf0,0x00000000fa000000)
  to   space 98304K, 0% used [0x00000000fa000000,0x00000000fa000000,0x0000000100000000)
 ParOldGen       total 1310720K, used 1158000K [0x0000000080000000, 0x00000000d0000000, 0x00000000d0000000)
  object space 1310720K, 88% used [0x0000000080000000,0x00000000c6adc068,0x00000000d0000000)
 Metaspace       used 250417K, capacity 255216K, committed 255488K, reserved 747520K
  class space    used 23983K, capacity 24961K, committed 25088K, reserved 516096K
}
{Heap before GC invocations=560 (full 2):
 PSYoungGen      total 688128K, used 591031K [0x00000000d0000000, 0x0000000100000000, 0x0000000100000000)
  eden space 589824K, 100% used [0x00000000d0000000,0x00000000f4000000,0x00000000f4000000)
  from space 98304K, 1% used [0x00000000f4000000,0x00000000f412ddf0,0x00000000fa000000)
  to   space 98304K, 0% used [0x00000000fa000000,0x00000000fa000000,0x0000000100000000)
 ParOldGen       total 1310720K, used 1158000K [0x0000000080000000, 0x00000000d0000000, 0x00000000d0000000)
  object space 1310720K, 88% used [0x0000000080000000,0x00000000c6adc068,0x00000000d0000000)
 Metaspace       used 250417K, capacity 255216K, committed 255488K, reserved 747520K
  class space    used 23983K, capacity 24961K, committed 25088K, reserved 516096K
2025-05-15T02:15:24.555+0900: 28935.842: [GC (Allocation Failure) [PSYoungGen: 591031K->1175K(688128K)] 1749031K->1159199K(1998848K), 0.0203719 secs] [Times: user=0.05 sys=0.00, real=0.02 secs] 
Heap after GC invocations=560 (full 2):
 PSYoungGen      total 688128K, used 1175K [0x00000000d0000000, 0x0000000100000000, 0x0000000100000000)
  eden space 589824K, 0% used [0x00000000d0000000,0x00000000d0000000,0x00000000f4000000)
  from space 98304K, 1% used [0x00000000fa000000,0x00000000fa125df0,0x0000000100000000)
  to   space 98304K, 0% used [0x00000000f4000000,0x00000000f4000000,0x00000000fa000000)
 ParOldGen       total 1310720K, used 1158024K [0x0000000080000000, 0x00000000d0000000, 0x00000000d0000000)
  object space 1310720K, 88% used [0x0000000080000000,0x00000000c6ae2068,0x00000000d0000000)
 Metaspace       used 250417K, capacity 255216K, committed 255488K, reserved 747520K
  class space    used 23983K, capacity 24961K, committed 25088K, reserved 516096K
}
{Heap before GC invocations=561 (full 2):
 PSYoungGen      total 688128K, used 590999K [0x00000000d0000000, 0x0000000100000000, 0x0000000100000000)
  eden space 589824K, 100% used [0x00000000d0000000,0x00000000f4000000,0x00000000f4000000)
  from space 98304K, 1% used [0x00000000fa000000,0x00000000fa125df0,0x0000000100000000)
  to   space 98304K, 0% used [0x00000000f4000000,0x00000000f4000000,0x00000000fa000000)
 ParOldGen       total 1310720K, used 1158024K [0x0000000080000000, 0x00000000d0000000, 0x00000000d0000000)
  object space 1310720K, 88% used [0x0000000080000000,0x00000000c6ae2068,0x00000000d0000000)
 Metaspace       used 250417K, capacity 255216K, committed 255488K, reserved 747520K
  class space    used 23983K, capacity 24961K, committed 25088K, reserved 516096K
2025-05-15T02:16:27.692+0900: 28998.979: [GC (Allocation Failure) [PSYoungGen: 590999K->1207K(688128K)] 1749023K->1159247K(1998848K), 0.0134958 secs] [Times: user=0.04 sys=0.00, real=0.01 secs] 
Heap after GC invocations=561 (full 2):
 PSYoungGen      total 688128K, used 1207K [0x00000000d0000000, 0x0000000100000000, 0x0000000100000000)
  eden space 589824K, 0% used [0x00000000d0000000,0x00000000d0000000,0x00000000f4000000)
  from space 98304K, 1% used [0x00000000f4000000,0x00000000f412ddf0,0x00000000fa000000)
  to   space 98304K, 0% used [0x00000000fa000000,0x00000000fa000000,0x0000000100000000)
 ParOldGen       total 1310720K, used 1158040K [0x0000000080000000, 0x00000000d0000000, 0x00000000d0000000)
  object space 1310720K, 88% used [0x0000000080000000,0x00000000c6ae6068,0x00000000d0000000)
 Metaspace       used 250417K, capacity 255216K, committed 255488K, reserved 747520K
  class space    used 23983K, capacity 24961K, committed 25088K, reserved 516096K
}
{Heap before GC invocations=562 (full 2):
 PSYoungGen      total 688128K, used 591031K [0x00000000d0000000, 0x0000000100000000, 0x0000000100000000)
  eden space 589824K, 100% used [0x00000000d0000000,0x00000000f4000000,0x00000000f4000000)
  from space 98304K, 1% used [0x00000000f4000000,0x00000000f412ddf0,0x00000000fa000000)
  to   space 98304K, 0% used [0x00000000fa000000,0x00000000fa000000,0x0000000100000000)
 ParOldGen       total 1310720K, used 1158040K [0x0000000080000000, 0x00000000d0000000, 0x00000000d0000000)
  object space 1310720K, 88% used [0x0000000080000000,0x00000000c6ae6068,0x00000000d0000000)
 Metaspace       used 250417K, capacity 255216K, committed 255488K, reserved 747520K
  class space    used 23983K, capacity 24961K, committed 25088K, reserved 516096K
2025-05-15T02:17:29.946+0900: 29061.233: [GC (Allocation Failure) [PSYoungGen: 591031K->1207K(688128K)] 1749071K->1159271K(1998848K), 0.0137221 secs] [Times: user=0.03 sys=0.00, real=0.02 secs] 
Heap after GC invocations=562 (full 2):
 PSYoungGen      total 688128K, used 1207K [0x00000000d0000000, 0x0000000100000000, 0x0000000100000000)
  eden space 589824K, 0% used [0x00000000d0000000,0x00000000d0000000,0x00000000f4000000)
  from space 98304K, 1% used [0x00000000fa000000,0x00000000fa12ddf0,0x0000000100000000)
  to   space 98304K, 0% used [0x00000000f4000000,0x00000000f4000000,0x00000000fa000000)
 ParOldGen       total 1310720K, used 1158064K [0x0000000080000000, 0x00000000d0000000, 0x00000000d0000000)
  object space 1310720K, 88% used [0x0000000080000000,0x00000000c6aec068,0x00000000d0000000)
 Metaspace       used 250417K, capacity 255216K, committed 255488K, reserved 747520K
  class space    used 23983K, capacity 24961K, committed 25088K, reserved 516096K
}
{Heap before GC invocations=563 (full 2):
 PSYoungGen      total 688128K, used 591031K [0x00000000d0000000, 0x0000000100000000, 0x0000000100000000)
  eden space 589824K, 100% used [0x00000000d0000000,0x00000000f4000000,0x00000000f4000000)
  from space 98304K, 1% used [0x00000000fa000000,0x00000000fa12ddf0,0x0000000100000000)
  to   space 98304K, 0% used [0x00000000f4000000,0x00000000f4000000,0x00000000fa000000)
 ParOldGen       total 1310720K, used 1158064K [0x0000000080000000, 0x00000000d0000000, 0x00000000d0000000)
  object space 1310720K, 88% used [0x0000000080000000,0x00000000c6aec068,0x00000000d0000000)
 Metaspace       used 250417K, capacity 255216K, committed 255488K, reserved 747520K
  class space    used 23983K, capacity 24961K, committed 25088K, reserved 516096K
2025-05-15T02:18:32.194+0900: 29123.481: [GC (Allocation Failure) [PSYoungGen: 591031K->1175K(688128K)] 1749095K->1159247K(1998848K), 0.0136508 secs] [Times: user=0.04 sys=0.01, real=0.01 secs] 
Heap after GC invocations=563 (full 2):
 PSYoungGen      total 688128K, used 1175K [0x00000000d0000000, 0x0000000100000000, 0x0000000100000000)
  eden space 589824K, 0% used [0x00000000d0000000,0x00000000d0000000,0x00000000f4000000)
  from space 98304K, 1% used [0x00000000f4000000,0x00000000f4125df0,0x00000000fa000000)
  to   space 98304K, 0% used [0x00000000fa000000,0x00000000fa000000,0x0000000100000000)
 ParOldGen       total 1310720K, used 1158072K [0x0000000080000000, 0x00000000d0000000, 0x00000000d0000000)
  object space 1310720K, 88% used [0x0000000080000000,0x00000000c6aee068,0x00000000d0000000)
 Metaspace       used 250417K, capacity 255216K, committed 255488K, reserved 747520K
  class space    used 23983K, capacity 24961K, committed 25088K, reserved 516096K
}
{Heap before GC invocations=564 (full 2):
 PSYoungGen      total 688128K, used 590999K [0x00000000d0000000, 0x0000000100000000, 0x0000000100000000)
  eden space 589824K, 100% used [0x00000000d0000000,0x00000000f4000000,0x00000000f4000000)
  from space 98304K, 1% used [0x00000000f4000000,0x00000000f4125df0,0x00000000fa000000)
  to   space 98304K, 0% used [0x00000000fa000000,0x00000000fa000000,0x0000000100000000)
 ParOldGen       total 1310720K, used 1158072K [0x0000000080000000, 0x00000000d0000000, 0x00000000d0000000)
  object space 1310720K, 88% used [0x0000000080000000,0x00000000c6aee068,0x00000000d0000000)
 Metaspace       used 250417K, capacity 255216K, committed 255488K, reserved 747520K
  class space    used 23983K, capacity 24961K, committed 25088K, reserved 516096K
2025-05-15T02:19:34.422+0900: 29185.709: [GC (Allocation Failure) [PSYoungGen: 590999K->1207K(688128K)] 1749071K->1159303K(1998848K), 0.0136904 secs] [Times: user=0.03 sys=0.00, real=0.01 secs] 
Heap after GC invocations=564 (full 2):
 PSYoungGen      total 688128K, used 1207K [0x00000000d0000000, 0x0000000100000000, 0x0000000100000000)
  eden space 589824K, 0% used [0x00000000d0000000,0x00000000d0000000,0x00000000f4000000)
  from space 98304K, 1% used [0x00000000fa000000,0x00000000fa12ddf0,0x0000000100000000)
  to   space 98304K, 0% used [0x00000000f4000000,0x00000000f4000000,0x00000000fa000000)
 ParOldGen       total 1310720K, used 1158096K [0x0000000080000000, 0x00000000d0000000, 0x00000000d0000000)
  object space 1310720K, 88% used [0x0000000080000000,0x00000000c6af4068,0x00000000d0000000)
 Metaspace       used 250417K, capacity 255216K, committed 255488K, reserved 747520K
  class space    used 23983K, capacity 24961K, committed 25088K, reserved 516096K
}
{Heap before GC invocations=565 (full 2):
 PSYoungGen      total 688128K, used 591031K [0x00000000d0000000, 0x0000000100000000, 0x0000000100000000)
  eden space 589824K, 100% used [0x00000000d0000000,0x00000000f4000000,0x00000000f4000000)
  from space 98304K, 1% used [0x00000000fa000000,0x00000000fa12ddf0,0x0000000100000000)
  to   space 98304K, 0% used [0x00000000f4000000,0x00000000f4000000,0x00000000fa000000)
 ParOldGen       total 1310720K, used 1158096K [0x0000000080000000, 0x00000000d0000000, 0x00000000d0000000)
  object space 1310720K, 88% used [0x0000000080000000,0x00000000c6af4068,0x00000000d0000000)
 Metaspace       used 250417K, capacity 255216K, committed 255488K, reserved 747520K
  class space    used 23983K, capacity 24961K, committed 25088K, reserved 516096K
2025-05-15T02:20:37.656+0900: 29248.943: [GC (Allocation Failure) [PSYoungGen: 591031K->1175K(688128K)] 1749127K->1159295K(1998848K), 0.0135145 secs] [Times: user=0.03 sys=0.00, real=0.02 secs] 
Heap after GC invocations=565 (full 2):
 PSYoungGen      total 688128K, used 1175K [0x00000000d0000000, 0x0000000100000000, 0x0000000100000000)
  eden space 589824K, 0% used [0x00000000d0000000,0x00000000d0000000,0x00000000f4000000)
  from space 98304K, 1% used [0x00000000f4000000,0x00000000f4125df0,0x00000000fa000000)
  to   space 98304K, 0% used [0x00000000fa000000,0x00000000fa000000,0x0000000100000000)
 ParOldGen       total 1310720K, used 1158120K [0x0000000080000000, 0x00000000d0000000, 0x00000000d0000000)
  object space 1310720K, 88% used [0x0000000080000000,0x00000000c6afa068,0x00000000d0000000)
 Metaspace       used 250417K, capacity 255216K, committed 255488K, reserved 747520K
  class space    used 23983K, capacity 24961K, committed 25088K, reserved 516096K
}
{Heap before GC invocations=566 (full 2):
 PSYoungGen      total 688128K, used 590999K [0x00000000d0000000, 0x0000000100000000, 0x0000000100000000)
  eden space 589824K, 100% used [0x00000000d0000000,0x00000000f4000000,0x00000000f4000000)
  from space 98304K, 1% used [0x00000000f4000000,0x00000000f4125df0,0x00000000fa000000)
  to   space 98304K, 0% used [0x00000000fa000000,0x00000000fa000000,0x0000000100000000)
 ParOldGen       total 1310720K, used 1158120K [0x0000000080000000, 0x00000000d0000000, 0x00000000d0000000)
  object space 1310720K, 88% used [0x0000000080000000,0x00000000c6afa068,0x00000000d0000000)
 Metaspace       used 250417K, capacity 255216K, committed 255488K, reserved 747520K
  class space    used 23983K, capacity 24961K, committed 25088K, reserved 516096K
2025-05-15T02:21:39.885+0900: 29311.172: [GC (Allocation Failure) [PSYoungGen: 590999K->1207K(688128K)] 1749119K->1159343K(1998848K), 0.0132612 secs] [Times: user=0.04 sys=0.00, real=0.01 secs] 
Heap after GC invocations=566 (full 2):
 PSYoungGen      total 688128K, used 1207K [0x00000000d0000000, 0x0000000100000000, 0x0000000100000000)
  eden space 589824K, 0% used [0x00000000d0000000,0x00000000d0000000,0x00000000f4000000)
  from space 98304K, 1% used [0x00000000fa000000,0x00000000fa12ddf0,0x0000000100000000)
  to   space 98304K, 0% used [0x00000000f4000000,0x00000000f4000000,0x00000000fa000000)
 ParOldGen       total 1310720K, used 1158136K [0x0000000080000000, 0x00000000d0000000, 0x00000000d0000000)
  object space 1310720K, 88% used [0x0000000080000000,0x00000000c6afe068,0x00000000d0000000)
 Metaspace       used 250417K, capacity 255216K, committed 255488K, reserved 747520K
  class space    used 23983K, capacity 24961K, committed 25088K, reserved 516096K
}
{Heap before GC invocations=567 (full 2):
 PSYoungGen      total 688128K, used 591031K [0x00000000d0000000, 0x0000000100000000, 0x0000000100000000)
  eden space 589824K, 100% used [0x00000000d0000000,0x00000000f4000000,0x00000000f4000000)
  from space 98304K, 1% used [0x00000000fa000000,0x00000000fa12ddf0,0x0000000100000000)
  to   space 98304K, 0% used [0x00000000f4000000,0x00000000f4000000,0x00000000fa000000)
 ParOldGen       total 1310720K, used 1158136K [0x0000000080000000, 0x00000000d0000000, 0x00000000d0000000)
  object space 1310720K, 88% used [0x0000000080000000,0x00000000c6afe068,0x00000000d0000000)
 Metaspace       used 250417K, capacity 255216K, committed 255488K, reserved 747520K
  class space    used 23983K, capacity 24961K, committed 25088K, reserved 516096K
2025-05-15T02:22:42.111+0900: 29373.398: [GC (Allocation Failure) [PSYoungGen: 591031K->1175K(688128K)] 1749167K->1159327K(1998848K), 0.0131354 secs] [Times: user=0.03 sys=0.00, real=0.01 secs] 
Heap after GC invocations=567 (full 2):
 PSYoungGen      total 688128K, used 1175K [0x00000000d0000000, 0x0000000100000000, 0x0000000100000000)
  eden space 589824K, 0% used [0x00000000d0000000,0x00000000d0000000,0x00000000f4000000)
  from space 98304K, 1% used [0x00000000f4000000,0x00000000f4125df0,0x00000000fa000000)
  to   space 98304K, 0% used [0x00000000fa000000,0x00000000fa000000,0x0000000100000000)
 ParOldGen       total 1310720K, used 1158152K [0x0000000080000000, 0x00000000d0000000, 0x00000000d0000000)
  object space 1310720K, 88% used [0x0000000080000000,0x00000000c6b02068,0x00000000d0000000)
 Metaspace       used 250417K, capacity 255216K, committed 255488K, reserved 747520K
  class space    used 23983K, capacity 24961K, committed 25088K, reserved 516096K
}
{Heap before GC invocations=568 (full 2):
 PSYoungGen      total 688128K, used 590999K [0x00000000d0000000, 0x0000000100000000, 0x0000000100000000)
  eden space 589824K, 100% used [0x00000000d0000000,0x00000000f4000000,0x00000000f4000000)
  from space 98304K, 1% used [0x00000000f4000000,0x00000000f4125df0,0x00000000fa000000)
  to   space 98304K, 0% used [0x00000000fa000000,0x00000000fa000000,0x0000000100000000)
 ParOldGen       total 1310720K, used 1158152K [0x0000000080000000, 0x00000000d0000000, 0x00000000d0000000)
  object space 1310720K, 88% used [0x0000000080000000,0x00000000c6b02068,0x00000000d0000000)
 Metaspace       used 250417K, capacity 255216K, committed 255488K, reserved 747520K
  class space    used 23983K, capacity 24961K, committed 25088K, reserved 516096K
2025-05-15T02:23:44.189+0900: 29435.476: [GC (Allocation Failure) [PSYoungGen: 590999K->1207K(688128K)] 1749151K->1159375K(1998848K), 0.0133959 secs] [Times: user=0.04 sys=0.00, real=0.01 secs] 
Heap after GC invocations=568 (full 2):
 PSYoungGen      total 688128K, used 1207K [0x00000000d0000000, 0x0000000100000000, 0x0000000100000000)
  eden space 589824K, 0% used [0x00000000d0000000,0x00000000d0000000,0x00000000f4000000)
  from space 98304K, 1% used [0x00000000fa000000,0x00000000fa12ddf0,0x0000000100000000)
  to   space 98304K, 0% used [0x00000000f4000000,0x00000000f4000000,0x00000000fa000000)
 ParOldGen       total 1310720K, used 1158168K [0x0000000080000000, 0x00000000d0000000, 0x00000000d0000000)
  object space 1310720K, 88% used [0x0000000080000000,0x00000000c6b06068,0x00000000d0000000)
 Metaspace       used 250417K, capacity 255216K, committed 255488K, reserved 747520K
  class space    used 23983K, capacity 24961K, committed 25088K, reserved 516096K
}
{Heap before GC invocations=569 (full 2):
 PSYoungGen      total 688128K, used 591031K [0x00000000d0000000, 0x0000000100000000, 0x0000000100000000)
  eden space 589824K, 100% used [0x00000000d0000000,0x00000000f4000000,0x00000000f4000000)
  from space 98304K, 1% used [0x00000000fa000000,0x00000000fa12ddf0,0x0000000100000000)
  to   space 98304K, 0% used [0x00000000f4000000,0x00000000f4000000,0x00000000fa000000)
 ParOldGen       total 1310720K, used 1158168K [0x0000000080000000, 0x00000000d0000000, 0x00000000d0000000)
  object space 1310720K, 88% used [0x0000000080000000,0x00000000c6b06068,0x00000000d0000000)
 Metaspace       used 250417K, capacity 255216K, committed 255488K, reserved 747520K
  class space    used 23983K, capacity 24961K, committed 25088K, reserved 516096K
2025-05-15T02:24:45.582+0900: 29496.869: [GC (Allocation Failure) [PSYoungGen: 591031K->1143K(688128K)] 1749199K->1159335K(1998848K), 0.0126634 secs] [Times: user=0.03 sys=0.00, real=0.01 secs] 
Heap after GC invocations=569 (full 2):
 PSYoungGen      total 688128K, used 1143K [0x00000000d0000000, 0x0000000100000000, 0x0000000100000000)
  eden space 589824K, 0% used [0x00000000d0000000,0x00000000d0000000,0x00000000f4000000)
  from space 98304K, 1% used [0x00000000f4000000,0x00000000f411ddf0,0x00000000fa000000)
  to   space 98304K, 0% used [0x00000000fa000000,0x00000000fa000000,0x0000000100000000)
 ParOldGen       total 1310720K, used 1158192K [0x0000000080000000, 0x00000000d0000000, 0x00000000d0000000)
  object space 1310720K, 88% used [0x0000000080000000,0x00000000c6b0c068,0x00000000d0000000)
 Metaspace       used 250417K, capacity 255216K, committed 255488K, reserved 747520K
  class space    used 23983K, capacity 24961K, committed 25088K, reserved 516096K
}
{Heap before GC invocations=570 (full 2):
 PSYoungGen      total 688128K, used 590967K [0x00000000d0000000, 0x0000000100000000, 0x0000000100000000)
  eden space 589824K, 100% used [0x00000000d0000000,0x00000000f4000000,0x00000000f4000000)
  from space 98304K, 1% used [0x00000000f4000000,0x00000000f411ddf0,0x00000000fa000000)
  to   space 98304K, 0% used [0x00000000fa000000,0x00000000fa000000,0x0000000100000000)
 ParOldGen       total 1310720K, used 1158192K [0x0000000080000000, 0x00000000d0000000, 0x00000000d0000000)
  object space 1310720K, 88% used [0x0000000080000000,0x00000000c6b0c068,0x00000000d0000000)
 Metaspace       used 250417K, capacity 255216K, committed 255488K, reserved 747520K
  class space    used 23983K, capacity 24961K, committed 25088K, reserved 516096K
2025-05-15T02:25:47.882+0900: 29559.169: [GC (Allocation Failure) [PSYoungGen: 590967K->640K(688128K)] 1749159K->1159400K(1998848K), 0.0132621 secs] [Times: user=0.04 sys=0.00, real=0.01 secs] 
Heap after GC invocations=570 (full 2):
 PSYoungGen      total 688128K, used 640K [0x00000000d0000000, 0x0000000100000000, 0x0000000100000000)
  eden space 589824K, 0% used [0x00000000d0000000,0x00000000d0000000,0x00000000f4000000)
  from space 98304K, 0% used [0x00000000fa000000,0x00000000fa0a0010,0x0000000100000000)
  to   space 98304K, 0% used [0x00000000f4000000,0x00000000f4000000,0x00000000fa000000)
 ParOldGen       total 1310720K, used 1158760K [0x0000000080000000, 0x00000000d0000000, 0x00000000d0000000)
  object space 1310720K, 88% used [0x0000000080000000,0x00000000c6b9a308,0x00000000d0000000)
 Metaspace       used 250417K, capacity 255216K, committed 255488K, reserved 747520K
  class space    used 23983K, capacity 24961K, committed 25088K, reserved 516096K
}
{Heap before GC invocations=571 (full 2):
 PSYoungGen      total 688128K, used 590464K [0x00000000d0000000, 0x0000000100000000, 0x0000000100000000)
  eden space 589824K, 100% used [0x00000000d0000000,0x00000000f4000000,0x00000000f4000000)
  from space 98304K, 0% used [0x00000000fa000000,0x00000000fa0a0010,0x0000000100000000)
  to   space 98304K, 0% used [0x00000000f4000000,0x00000000f4000000,0x00000000fa000000)
 ParOldGen       total 1310720K, used 1158760K [0x0000000080000000, 0x00000000d0000000, 0x00000000d0000000)
  object space 1310720K, 88% used [0x0000000080000000,0x00000000c6b9a308,0x00000000d0000000)
 Metaspace       used 250417K, capacity 255216K, committed 255488K, reserved 747520K
  class space    used 23983K, capacity 24961K, committed 25088K, reserved 516096K
2025-05-15T02:26:48.944+0900: 29620.231: [GC (Allocation Failure) [PSYoungGen: 590464K->1182K(688128K)] 1749224K->1159967K(1998848K), 0.0131130 secs] [Times: user=0.03 sys=0.00, real=0.01 secs] 
Heap after GC invocations=571 (full 2):
 PSYoungGen      total 688128K, used 1182K [0x00000000d0000000, 0x0000000100000000, 0x0000000100000000)
  eden space 589824K, 0% used [0x00000000d0000000,0x00000000d0000000,0x00000000f4000000)
  from space 98304K, 1% used [0x00000000f4000000,0x00000000f4127b40,0x00000000fa000000)
  to   space 98304K, 0% used [0x00000000fa000000,0x00000000fa000000,0x0000000100000000)
 ParOldGen       total 1310720K, used 1158784K [0x0000000080000000, 0x00000000d0000000, 0x00000000d0000000)
  object space 1310720K, 88% used [0x0000000080000000,0x00000000c6ba0308,0x00000000d0000000)
 Metaspace       used 250417K, capacity 255216K, committed 255488K, reserved 747520K
  class space    used 23983K, capacity 24961K, committed 25088K, reserved 516096K
}
{Heap before GC invocations=572 (full 2):
 PSYoungGen      total 688128K, used 591006K [0x00000000d0000000, 0x0000000100000000, 0x0000000100000000)
  eden space 589824K, 100% used [0x00000000d0000000,0x00000000f4000000,0x00000000f4000000)
  from space 98304K, 1% used [0x00000000f4000000,0x00000000f4127b40,0x00000000fa000000)
  to   space 98304K, 0% used [0x00000000fa000000,0x00000000fa000000,0x0000000100000000)
 ParOldGen       total 1310720K, used 1158784K [0x0000000080000000, 0x00000000d0000000, 0x00000000d0000000)
  object space 1310720K, 88% used [0x0000000080000000,0x00000000c6ba0308,0x00000000d0000000)
 Metaspace       used 250430K, capacity 255216K, committed 255488K, reserved 747520K
  class space    used 23983K, capacity 24961K, committed 25088K, reserved 516096K
2025-05-15T02:27:51.229+0900: 29682.516: [GC (Allocation Failure) [PSYoungGen: 591006K->1182K(688128K)] 1749791K->1160031K(1998848K), 0.0131826 secs] [Times: user=0.03 sys=0.00, real=0.01 secs] 
Heap after GC invocations=572 (full 2):
 PSYoungGen      total 688128K, used 1182K [0x00000000d0000000, 0x0000000100000000, 0x0000000100000000)
  eden space 589824K, 0% used [0x00000000d0000000,0x00000000d0000000,0x00000000f4000000)
  from space 98304K, 1% used [0x00000000fa000000,0x00000000fa127b30,0x0000000100000000)
  to   space 98304K, 0% used [0x00000000f4000000,0x00000000f4000000,0x00000000fa000000)
 ParOldGen       total 1310720K, used 1158848K [0x0000000080000000, 0x00000000d0000000, 0x00000000d0000000)
  object space 1310720K, 88% used [0x0000000080000000,0x00000000c6bb0318,0x00000000d0000000)
 Metaspace       used 250430K, capacity 255216K, committed 255488K, reserved 747520K
  class space    used 23983K, capacity 24961K, committed 25088K, reserved 516096K
}
{Heap before GC invocations=573 (full 2):
 PSYoungGen      total 688128K, used 591006K [0x00000000d0000000, 0x0000000100000000, 0x0000000100000000)
  eden space 589824K, 100% used [0x00000000d0000000,0x00000000f4000000,0x00000000f4000000)
  from space 98304K, 1% used [0x00000000fa000000,0x00000000fa127b30,0x0000000100000000)
  to   space 98304K, 0% used [0x00000000f4000000,0x00000000f4000000,0x00000000fa000000)
 ParOldGen       total 1310720K, used 1158848K [0x0000000080000000, 0x00000000d0000000, 0x00000000d0000000)
  object space 1310720K, 88% used [0x0000000080000000,0x00000000c6bb0318,0x00000000d0000000)
 Metaspace       used 250430K, capacity 255216K, committed 255488K, reserved 747520K
  class space    used 23983K, capacity 24961K, committed 25088K, reserved 516096K
2025-05-15T02:28:53.381+0900: 29744.668: [GC (Allocation Failure) [PSYoungGen: 591006K->1182K(688128K)] 1749855K->1160047K(1998848K), 0.0130453 secs] [Times: user=0.03 sys=0.00, real=0.01 secs] 
Heap after GC invocations=573 (full 2):
 PSYoungGen      total 688128K, used 1182K [0x00000000d0000000, 0x0000000100000000, 0x0000000100000000)
  eden space 589824K, 0% used [0x00000000d0000000,0x00000000d0000000,0x00000000f4000000)
  from space 98304K, 1% used [0x00000000f4000000,0x00000000f4127b30,0x00000000fa000000)
  to   space 98304K, 0% used [0x00000000fa000000,0x00000000fa000000,0x0000000100000000)
 ParOldGen       total 1310720K, used 1158864K [0x0000000080000000, 0x00000000d0000000, 0x00000000d0000000)
  object space 1310720K, 88% used [0x0000000080000000,0x00000000c6bb4318,0x00000000d0000000)
 Metaspace       used 250430K, capacity 255216K, committed 255488K, reserved 747520K
  class space    used 23983K, capacity 24961K, committed 25088K, reserved 516096K
}
{Heap before GC invocations=574 (full 2):
 PSYoungGen      total 688128K, used 591006K [0x00000000d0000000, 0x0000000100000000, 0x0000000100000000)
  eden space 589824K, 100% used [0x00000000d0000000,0x00000000f4000000,0x00000000f4000000)
  from space 98304K, 1% used [0x00000000f4000000,0x00000000f4127b30,0x00000000fa000000)
  to   space 98304K, 0% used [0x00000000fa000000,0x00000000fa000000,0x0000000100000000)
 ParOldGen       total 1310720K, used 1158864K [0x0000000080000000, 0x00000000d0000000, 0x00000000d0000000)
  object space 1310720K, 88% used [0x0000000080000000,0x00000000c6bb4318,0x00000000d0000000)
 Metaspace       used 250430K, capacity 255216K, committed 255488K, reserved 747520K
  class space    used 23983K, capacity 24961K, committed 25088K, reserved 516096K
2025-05-15T02:29:55.602+0900: 29806.889: [GC (Allocation Failure) [PSYoungGen: 591006K->1150K(688128K)] 1749871K->1160039K(1998848K), 0.0150325 secs] [Times: user=0.03 sys=0.00, real=0.01 secs] 
Heap after GC invocations=574 (full 2):
 PSYoungGen      total 688128K, used 1150K [0x00000000d0000000, 0x0000000100000000, 0x0000000100000000)
  eden space 589824K, 0% used [0x00000000d0000000,0x00000000d0000000,0x00000000f4000000)
  from space 98304K, 1% used [0x00000000fa000000,0x00000000fa11fb30,0x0000000100000000)
  to   space 98304K, 0% used [0x00000000f4000000,0x00000000f4000000,0x00000000fa000000)
 ParOldGen       total 1310720K, used 1158888K [0x0000000080000000, 0x00000000d0000000, 0x00000000d0000000)
  object space 1310720K, 88% used [0x0000000080000000,0x00000000c6bba318,0x00000000d0000000)
 Metaspace       used 250430K, capacity 255216K, committed 255488K, reserved 747520K
  class space    used 23983K, capacity 24961K, committed 25088K, reserved 516096K
}
{Heap before GC invocations=575 (full 2):
 PSYoungGen      total 688128K, used 590974K [0x00000000d0000000, 0x0000000100000000, 0x0000000100000000)
  eden space 589824K, 100% used [0x00000000d0000000,0x00000000f4000000,0x00000000f4000000)
  from space 98304K, 1% used [0x00000000fa000000,0x00000000fa11fb30,0x0000000100000000)
  to   space 98304K, 0% used [0x00000000f4000000,0x00000000f4000000,0x00000000fa000000)
 ParOldGen       total 1310720K, used 1158888K [0x0000000080000000, 0x00000000d0000000, 0x00000000d0000000)
  object space 1310720K, 88% used [0x0000000080000000,0x00000000c6bba318,0x00000000d0000000)
 Metaspace       used 250449K, capacity 255216K, committed 255488K, reserved 747520K
  class space    used 23984K, capacity 24961K, committed 25088K, reserved 516096K
2025-05-15T02:30:56.950+0900: 29868.237: [GC (Allocation Failure) [PSYoungGen: 590974K->1769K(688128K)] 1749863K->1160666K(1998848K), 0.0132264 secs] [Times: user=0.04 sys=0.00, real=0.01 secs] 
Heap after GC invocations=575 (full 2):
 PSYoungGen      total 688128K, used 1769K [0x00000000d0000000, 0x0000000100000000, 0x0000000100000000)
  eden space 589824K, 0% used [0x00000000d0000000,0x00000000d0000000,0x00000000f4000000)
  from space 98304K, 1% used [0x00000000f4000000,0x00000000f41ba6a8,0x00000000fa000000)
  to   space 98304K, 0% used [0x00000000fa000000,0x00000000fa000000,0x0000000100000000)
 ParOldGen       total 1310720K, used 1158896K [0x0000000080000000, 0x00000000d0000000, 0x00000000d0000000)
  object space 1310720K, 88% used [0x0000000080000000,0x00000000c6bbc318,0x00000000d0000000)
 Metaspace       used 250449K, capacity 255216K, committed 255488K, reserved 747520K
  class space    used 23984K, capacity 24961K, committed 25088K, reserved 516096K
}
{Heap before GC invocations=576 (full 2):
 PSYoungGen      total 688128K, used 591593K [0x00000000d0000000, 0x0000000100000000, 0x0000000100000000)
  eden space 589824K, 100% used [0x00000000d0000000,0x00000000f4000000,0x00000000f4000000)
  from space 98304K, 1% used [0x00000000f4000000,0x00000000f41ba6a8,0x00000000fa000000)
  to   space 98304K, 0% used [0x00000000fa000000,0x00000000fa000000,0x0000000100000000)
 ParOldGen       total 1310720K, used 1158896K [0x0000000080000000, 0x00000000d0000000, 0x00000000d0000000)
  object space 1310720K, 88% used [0x0000000080000000,0x00000000c6bbc318,0x00000000d0000000)
 Metaspace       used 250451K, capacity 255222K, committed 255488K, reserved 747520K
  class space    used 23985K, capacity 24962K, committed 25088K, reserved 516096K
2025-05-15T02:31:57.528+0900: 29928.815: [GC (Allocation Failure) [PSYoungGen: 591593K->2025K(688128K)] 1750490K->1160938K(1998848K), 0.0139948 secs] [Times: user=0.03 sys=0.00, real=0.01 secs] 
Heap after GC invocations=576 (full 2):
 PSYoungGen      total 688128K, used 2025K [0x00000000d0000000, 0x0000000100000000, 0x0000000100000000)
  eden space 589824K, 0% used [0x00000000d0000000,0x00000000d0000000,0x00000000f4000000)
  from space 98304K, 2% used [0x00000000fa000000,0x00000000fa1fa600,0x0000000100000000)
  to   space 98304K, 0% used [0x00000000f4000000,0x00000000f4000000,0x00000000fa000000)
 ParOldGen       total 1310720K, used 1158912K [0x0000000080000000, 0x00000000d0000000, 0x00000000d0000000)
  object space 1310720K, 88% used [0x0000000080000000,0x00000000c6bc0318,0x00000000d0000000)
 Metaspace       used 250451K, capacity 255222K, committed 255488K, reserved 747520K
  class space    used 23985K, capacity 24962K, committed 25088K, reserved 516096K
}
{Heap before GC invocations=577 (full 2):
 PSYoungGen      total 688128K, used 591849K [0x00000000d0000000, 0x0000000100000000, 0x0000000100000000)
  eden space 589824K, 100% used [0x00000000d0000000,0x00000000f4000000,0x00000000f4000000)
  from space 98304K, 2% used [0x00000000fa000000,0x00000000fa1fa600,0x0000000100000000)
  to   space 98304K, 0% used [0x00000000f4000000,0x00000000f4000000,0x00000000fa000000)
 ParOldGen       total 1310720K, used 1158912K [0x0000000080000000, 0x00000000d0000000, 0x00000000d0000000)
  object space 1310720K, 88% used [0x0000000080000000,0x00000000c6bc0318,0x00000000d0000000)
 Metaspace       used 250451K, capacity 255222K, committed 255488K, reserved 747520K
  class space    used 23985K, capacity 24962K, committed 25088K, reserved 516096K
2025-05-15T02:32:58.162+0900: 29989.449: [GC (Allocation Failure) [PSYoungGen: 591849K->2007K(688128K)] 1750762K->1160944K(1998848K), 0.0130466 secs] [Times: user=0.04 sys=0.00, real=0.01 secs] 
Heap after GC invocations=577 (full 2):
 PSYoungGen      total 688128K, used 2007K [0x00000000d0000000, 0x0000000100000000, 0x0000000100000000)
  eden space 589824K, 0% used [0x00000000d0000000,0x00000000d0000000,0x00000000f4000000)
  from space 98304K, 2% used [0x00000000f4000000,0x00000000f41f5e98,0x00000000fa000000)
  to   space 98304K, 0% used [0x00000000fa000000,0x00000000fa000000,0x0000000100000000)
 ParOldGen       total 1310720K, used 1158936K [0x0000000080000000, 0x00000000d0000000, 0x00000000d0000000)
  object space 1310720K, 88% used [0x0000000080000000,0x00000000c6bc6318,0x00000000d0000000)
 Metaspace       used 250451K, capacity 255222K, committed 255488K, reserved 747520K
  class space    used 23985K, capacity 24962K, committed 25088K, reserved 516096K
}
{Heap before GC invocations=578 (full 2):
 PSYoungGen      total 688128K, used 591831K [0x00000000d0000000, 0x0000000100000000, 0x0000000100000000)
  eden space 589824K, 100% used [0x00000000d0000000,0x00000000f4000000,0x00000000f4000000)
  from space 98304K, 2% used [0x00000000f4000000,0x00000000f41f5e98,0x00000000fa000000)
  to   space 98304K, 0% used [0x00000000fa000000,0x00000000fa000000,0x0000000100000000)
 ParOldGen       total 1310720K, used 1158936K [0x0000000080000000, 0x00000000d0000000, 0x00000000d0000000)
  object space 1310720K, 88% used [0x0000000080000000,0x00000000c6bc6318,0x00000000d0000000)
 Metaspace       used 250463K, capacity 255286K, committed 255488K, reserved 747520K
  class space    used 23985K, capacity 24962K, committed 25088K, reserved 516096K
2025-05-15T02:34:00.401+0900: 30051.688: [GC (Allocation Failure) [PSYoungGen: 591831K->2007K(688128K)] 1750768K->1160960K(1998848K), 0.0130143 secs] [Times: user=0.03 sys=0.00, real=0.01 secs] 
Heap after GC invocations=578 (full 2):
 PSYoungGen      total 688128K, used 2007K [0x00000000d0000000, 0x0000000100000000, 0x0000000100000000)
  eden space 589824K, 0% used [0x00000000d0000000,0x00000000d0000000,0x00000000f4000000)
  from space 98304K, 2% used [0x00000000fa000000,0x00000000fa1f5e98,0x0000000100000000)
  to   space 98304K, 0% used [0x00000000f4000000,0x00000000f4000000,0x00000000fa000000)
 ParOldGen       total 1310720K, used 1158952K [0x0000000080000000, 0x00000000d0000000, 0x00000000d0000000)
  object space 1310720K, 88% used [0x0000000080000000,0x00000000c6bca318,0x00000000d0000000)
 Metaspace       used 250463K, capacity 255286K, committed 255488K, reserved 747520K
  class space    used 23985K, capacity 24962K, committed 25088K, reserved 516096K
}
{Heap before GC invocations=579 (full 2):
 PSYoungGen      total 688128K, used 591831K [0x00000000d0000000, 0x0000000100000000, 0x0000000100000000)
  eden space 589824K, 100% used [0x00000000d0000000,0x00000000f4000000,0x00000000f4000000)
  from space 98304K, 2% used [0x00000000fa000000,0x00000000fa1f5e98,0x0000000100000000)
  to   space 98304K, 0% used [0x00000000f4000000,0x00000000f4000000,0x00000000fa000000)
 ParOldGen       total 1310720K, used 1158952K [0x0000000080000000, 0x00000000d0000000, 0x00000000d0000000)
  object space 1310720K, 88% used [0x0000000080000000,0x00000000c6bca318,0x00000000d0000000)
 Metaspace       used 250463K, capacity 255286K, committed 255488K, reserved 747520K
  class space    used 23985K, capacity 24962K, committed 25088K, reserved 516096K
2025-05-15T02:35:02.555+0900: 30113.842: [GC (Allocation Failure) [PSYoungGen: 591831K->2007K(688128K)] 1750784K->1160968K(1998848K), 0.0139251 secs] [Times: user=0.03 sys=0.00, real=0.02 secs] 
Heap after GC invocations=579 (full 2):
 PSYoungGen      total 688128K, used 2007K [0x00000000d0000000, 0x0000000100000000, 0x0000000100000000)
  eden space 589824K, 0% used [0x00000000d0000000,0x00000000d0000000,0x00000000f4000000)
  from space 98304K, 2% used [0x00000000f4000000,0x00000000f41f5e98,0x00000000fa000000)
  to   space 98304K, 0% used [0x00000000fa000000,0x00000000fa000000,0x0000000100000000)
 ParOldGen       total 1310720K, used 1158960K [0x0000000080000000, 0x00000000d0000000, 0x00000000d0000000)
  object space 1310720K, 88% used [0x0000000080000000,0x00000000c6bcc318,0x00000000d0000000)
 Metaspace       used 250463K, capacity 255286K, committed 255488K, reserved 747520K
  class space    used 23985K, capacity 24962K, committed 25088K, reserved 516096K
}
{Heap before GC invocations=580 (full 2):
 PSYoungGen      total 688128K, used 591831K [0x00000000d0000000, 0x0000000100000000, 0x0000000100000000)
  eden space 589824K, 100% used [0x00000000d0000000,0x00000000f4000000,0x00000000f4000000)
  from space 98304K, 2% used [0x00000000f4000000,0x00000000f41f5e98,0x00000000fa000000)
  to   space 98304K, 0% used [0x00000000fa000000,0x00000000fa000000,0x0000000100000000)
 ParOldGen       total 1310720K, used 1158960K [0x0000000080000000, 0x00000000d0000000, 0x00000000d0000000)
  object space 1310720K, 88% used [0x0000000080000000,0x00000000c6bcc318,0x00000000d0000000)
 Metaspace       used 250466K, capacity 255286K, committed 255488K, reserved 747520K
  class space    used 23985K, capacity 24962K, committed 25088K, reserved 516096K
2025-05-15T02:36:04.780+0900: 30176.067: [GC (Allocation Failure) [PSYoungGen: 591831K->2025K(688128K)] 1750792K->1160994K(1998848K), 0.0133559 secs] [Times: user=0.04 sys=0.00, real=0.01 secs] 
Heap after GC invocations=580 (full 2):
 PSYoungGen      total 688128K, used 2025K [0x00000000d0000000, 0x0000000100000000, 0x0000000100000000)
  eden space 589824K, 0% used [0x00000000d0000000,0x00000000d0000000,0x00000000f4000000)
  from space 98304K, 2% used [0x00000000fa000000,0x00000000fa1fa600,0x0000000100000000)
  to   space 98304K, 0% used [0x00000000f4000000,0x00000000f4000000,0x00000000fa000000)
 ParOldGen       total 1310720K, used 1158968K [0x0000000080000000, 0x00000000d0000000, 0x00000000d0000000)
  object space 1310720K, 88% used [0x0000000080000000,0x00000000c6bce318,0x00000000d0000000)
 Metaspace       used 250466K, capacity 255286K, committed 255488K, reserved 747520K
  class space    used 23985K, capacity 24962K, committed 25088K, reserved 516096K
}
{Heap before GC invocations=581 (full 2):
 PSYoungGen      total 688128K, used 591849K [0x00000000d0000000, 0x0000000100000000, 0x0000000100000000)
  eden space 589824K, 100% used [0x00000000d0000000,0x00000000f4000000,0x00000000f4000000)
  from space 98304K, 2% used [0x00000000fa000000,0x00000000fa1fa600,0x0000000100000000)
  to   space 98304K, 0% used [0x00000000f4000000,0x00000000f4000000,0x00000000fa000000)
 ParOldGen       total 1310720K, used 1158968K [0x0000000080000000, 0x00000000d0000000, 0x00000000d0000000)
  object space 1310720K, 88% used [0x0000000080000000,0x00000000c6bce318,0x00000000d0000000)
 Metaspace       used 250466K, capacity 255286K, committed 255488K, reserved 747520K
  class space    used 23985K, capacity 24962K, committed 25088K, reserved 516096K
2025-05-15T02:37:07.009+0900: 30238.296: [GC (Allocation Failure) [PSYoungGen: 591849K->2025K(688128K)] 1750818K->1161018K(1998848K), 0.0136553 secs] [Times: user=0.04 sys=0.00, real=0.01 secs] 
Heap after GC invocations=581 (full 2):
 PSYoungGen      total 688128K, used 2025K [0x00000000d0000000, 0x0000000100000000, 0x0000000100000000)
  eden space 589824K, 0% used [0x00000000d0000000,0x00000000d0000000,0x00000000f4000000)
  from space 98304K, 2% used [0x00000000f4000000,0x00000000f41fa600,0x00000000fa000000)
  to   space 98304K, 0% used [0x00000000fa000000,0x00000000fa000000,0x0000000100000000)
 ParOldGen       total 1310720K, used 1158992K [0x0000000080000000, 0x00000000d0000000, 0x00000000d0000000)
  object space 1310720K, 88% used [0x0000000080000000,0x00000000c6bd4318,0x00000000d0000000)
 Metaspace       used 250466K, capacity 255286K, committed 255488K, reserved 747520K
  class space    used 23985K, capacity 24962K, committed 25088K, reserved 516096K
}
{Heap before GC invocations=582 (full 2):
 PSYoungGen      total 688128K, used 591849K [0x00000000d0000000, 0x0000000100000000, 0x0000000100000000)
  eden space 589824K, 100% used [0x00000000d0000000,0x00000000f4000000,0x00000000f4000000)
  from space 98304K, 2% used [0x00000000f4000000,0x00000000f41fa600,0x00000000fa000000)
  to   space 98304K, 0% used [0x00000000fa000000,0x00000000fa000000,0x0000000100000000)
 ParOldGen       total 1310720K, used 1158992K [0x0000000080000000, 0x00000000d0000000, 0x00000000d0000000)
  object space 1310720K, 88% used [0x0000000080000000,0x00000000c6bd4318,0x00000000d0000000)
 Metaspace       used 250466K, capacity 255286K, committed 255488K, reserved 747520K
  class space    used 23985K, capacity 24962K, committed 25088K, reserved 516096K
2025-05-15T02:38:09.288+0900: 30300.575: [GC (Allocation Failure) [PSYoungGen: 591849K->2009K(688128K)] 1750842K->1161010K(1998848K), 0.0129302 secs] [Times: user=0.03 sys=0.00, real=0.02 secs] 
Heap after GC invocations=582 (full 2):
 PSYoungGen      total 688128K, used 2009K [0x00000000d0000000, 0x0000000100000000, 0x0000000100000000)
  eden space 589824K, 0% used [0x00000000d0000000,0x00000000d0000000,0x00000000f4000000)
  from space 98304K, 2% used [0x00000000fa000000,0x00000000fa1f6610,0x0000000100000000)
  to   space 98304K, 0% used [0x00000000f4000000,0x00000000f4000000,0x00000000fa000000)
 ParOldGen       total 1310720K, used 1159000K [0x0000000080000000, 0x00000000d0000000, 0x00000000d0000000)
  object space 1310720K, 88% used [0x0000000080000000,0x00000000c6bd6318,0x00000000d0000000)
 Metaspace       used 250466K, capacity 255286K, committed 255488K, reserved 747520K
  class space    used 23985K, capacity 24962K, committed 25088K, reserved 516096K
}
{Heap before GC invocations=583 (full 2):
 PSYoungGen      total 688128K, used 591833K [0x00000000d0000000, 0x0000000100000000, 0x0000000100000000)
  eden space 589824K, 100% used [0x00000000d0000000,0x00000000f4000000,0x00000000f4000000)
  from space 98304K, 2% used [0x00000000fa000000,0x00000000fa1f6610,0x0000000100000000)
  to   space 98304K, 0% used [0x00000000f4000000,0x00000000f4000000,0x00000000fa000000)
 ParOldGen       total 1310720K, used 1159000K [0x0000000080000000, 0x00000000d0000000, 0x00000000d0000000)
  object space 1310720K, 88% used [0x0000000080000000,0x00000000c6bd6318,0x00000000d0000000)
 Metaspace       used 250477K, capacity 255286K, committed 255488K, reserved 747520K
  class space    used 23985K, capacity 24962K, committed 25088K, reserved 516096K
2025-05-15T02:39:11.481+0900: 30362.769: [GC (Allocation Failure) [PSYoungGen: 591833K->2041K(688128K)] 1750834K->1161058K(1998848K), 0.0129803 secs] [Times: user=0.04 sys=0.00, real=0.01 secs] 
Heap after GC invocations=583 (full 2):
 PSYoungGen      total 688128K, used 2041K [0x00000000d0000000, 0x0000000100000000, 0x0000000100000000)
  eden space 589824K, 0% used [0x00000000d0000000,0x00000000d0000000,0x00000000f4000000)
  from space 98304K, 2% used [0x00000000f4000000,0x00000000f41fe610,0x00000000fa000000)
  to   space 98304K, 0% used [0x00000000fa000000,0x00000000fa000000,0x0000000100000000)
 ParOldGen       total 1310720K, used 1159016K [0x0000000080000000, 0x00000000d0000000, 0x00000000d0000000)
  object space 1310720K, 88% used [0x0000000080000000,0x00000000c6bda318,0x00000000d0000000)
 Metaspace       used 250477K, capacity 255286K, committed 255488K, reserved 747520K
  class space    used 23985K, capacity 24962K, committed 25088K, reserved 516096K
}
{Heap before GC invocations=584 (full 2):
 PSYoungGen      total 688128K, used 591865K [0x00000000d0000000, 0x0000000100000000, 0x0000000100000000)
  eden space 589824K, 100% used [0x00000000d0000000,0x00000000f4000000,0x00000000f4000000)
  from space 98304K, 2% used [0x00000000f4000000,0x00000000f41fe610,0x00000000fa000000)
  to   space 98304K, 0% used [0x00000000fa000000,0x00000000fa000000,0x0000000100000000)
 ParOldGen       total 1310720K, used 1159016K [0x0000000080000000, 0x00000000d0000000, 0x00000000d0000000)
  object space 1310720K, 88% used [0x0000000080000000,0x00000000c6bda318,0x00000000d0000000)
 Metaspace       used 250477K, capacity 255286K, committed 255488K, reserved 747520K
  class space    used 23985K, capacity 24962K, committed 25088K, reserved 516096K
2025-05-15T02:40:13.647+0900: 30424.934: [GC (Allocation Failure) [PSYoungGen: 591865K->2041K(688128K)] 1750882K->1161074K(1998848K), 0.0128031 secs] [Times: user=0.04 sys=0.00, real=0.02 secs] 
Heap after GC invocations=584 (full 2):
 PSYoungGen      total 688128K, used 2041K [0x00000000d0000000, 0x0000000100000000, 0x0000000100000000)
  eden space 589824K, 0% used [0x00000000d0000000,0x00000000d0000000,0x00000000f4000000)
  from space 98304K, 2% used [0x00000000fa000000,0x00000000fa1fe610,0x0000000100000000)
  to   space 98304K, 0% used [0x00000000f4000000,0x00000000f4000000,0x00000000fa000000)
 ParOldGen       total 1310720K, used 1159032K [0x0000000080000000, 0x00000000d0000000, 0x00000000d0000000)
  object space 1310720K, 88% used [0x0000000080000000,0x00000000c6bde318,0x00000000d0000000)
 Metaspace       used 250477K, capacity 255286K, committed 255488K, reserved 747520K
  class space    used 23985K, capacity 24962K, committed 25088K, reserved 516096K
}
{Heap before GC invocations=585 (full 2):
 PSYoungGen      total 688128K, used 591865K [0x00000000d0000000, 0x0000000100000000, 0x0000000100000000)
  eden space 589824K, 100% used [0x00000000d0000000,0x00000000f4000000,0x00000000f4000000)
  from space 98304K, 2% used [0x00000000fa000000,0x00000000fa1fe610,0x0000000100000000)
  to   space 98304K, 0% used [0x00000000f4000000,0x00000000f4000000,0x00000000fa000000)
 ParOldGen       total 1310720K, used 1159032K [0x0000000080000000, 0x00000000d0000000, 0x00000000d0000000)
  object space 1310720K, 88% used [0x0000000080000000,0x00000000c6bde318,0x00000000d0000000)
 Metaspace       used 250477K, capacity 255286K, committed 255488K, reserved 747520K
  class space    used 23985K, capacity 24962K, committed 25088K, reserved 516096K
2025-05-15T02:41:16.863+0900: 30488.150: [GC (Allocation Failure) [PSYoungGen: 591865K->2009K(688128K)] 1750898K->1161050K(1998848K), 0.0138904 secs] [Times: user=0.02 sys=0.01, real=0.01 secs] 
Heap after GC invocations=585 (full 2):
 PSYoungGen      total 688128K, used 2009K [0x00000000d0000000, 0x0000000100000000, 0x0000000100000000)
  eden space 589824K, 0% used [0x00000000d0000000,0x00000000d0000000,0x00000000f4000000)
  from space 98304K, 2% used [0x00000000f4000000,0x00000000f41f6610,0x00000000fa000000)
  to   space 98304K, 0% used [0x00000000fa000000,0x00000000fa000000,0x0000000100000000)
 ParOldGen       total 1310720K, used 1159040K [0x0000000080000000, 0x00000000d0000000, 0x00000000d0000000)
  object space 1310720K, 88% used [0x0000000080000000,0x00000000c6be0318,0x00000000d0000000)
 Metaspace       used 250477K, capacity 255286K, committed 255488K, reserved 747520K
  class space    used 23985K, capacity 24962K, committed 25088K, reserved 516096K
}
{Heap before GC invocations=586 (full 2):
 PSYoungGen      total 688128K, used 591833K [0x00000000d0000000, 0x0000000100000000, 0x0000000100000000)
  eden space 589824K, 100% used [0x00000000d0000000,0x00000000f4000000,0x00000000f4000000)
  from space 98304K, 2% used [0x00000000f4000000,0x00000000f41f6610,0x00000000fa000000)
  to   space 98304K, 0% used [0x00000000fa000000,0x00000000fa000000,0x0000000100000000)
 ParOldGen       total 1310720K, used 1159040K [0x0000000080000000, 0x00000000d0000000, 0x00000000d0000000)
  object space 1310720K, 88% used [0x0000000080000000,0x00000000c6be0318,0x00000000d0000000)
 Metaspace       used 250477K, capacity 255286K, committed 255488K, reserved 747520K
  class space    used 23985K, capacity 24962K, committed 25088K, reserved 516096K
2025-05-15T02:42:19.091+0900: 30550.378: [GC (Allocation Failure) [PSYoungGen: 591833K->2007K(688128K)] 1750874K->1161072K(1998848K), 0.0131281 secs] [Times: user=0.04 sys=0.00, real=0.01 secs] 
Heap after GC invocations=586 (full 2):
 PSYoungGen      total 688128K, used 2007K [0x00000000d0000000, 0x0000000100000000, 0x0000000100000000)
  eden space 589824K, 0% used [0x00000000d0000000,0x00000000d0000000,0x00000000f4000000)
  from space 98304K, 2% used [0x00000000fa000000,0x00000000fa1f5e98,0x0000000100000000)
  to   space 98304K, 0% used [0x00000000f4000000,0x00000000f4000000,0x00000000fa000000)
 ParOldGen       total 1310720K, used 1159064K [0x0000000080000000, 0x00000000d0000000, 0x00000000d0000000)
  object space 1310720K, 88% used [0x0000000080000000,0x00000000c6be6318,0x00000000d0000000)
 Metaspace       used 250477K, capacity 255286K, committed 255488K, reserved 747520K
  class space    used 23985K, capacity 24962K, committed 25088K, reserved 516096K
}
{Heap before GC invocations=587 (full 2):
 PSYoungGen      total 688128K, used 591831K [0x00000000d0000000, 0x0000000100000000, 0x0000000100000000)
  eden space 589824K, 100% used [0x00000000d0000000,0x00000000f4000000,0x00000000f4000000)
  from space 98304K, 2% used [0x00000000fa000000,0x00000000fa1f5e98,0x0000000100000000)
  to   space 98304K, 0% used [0x00000000f4000000,0x00000000f4000000,0x00000000fa000000)
 ParOldGen       total 1310720K, used 1159064K [0x0000000080000000, 0x00000000d0000000, 0x00000000d0000000)
  object space 1310720K, 88% used [0x0000000080000000,0x00000000c6be6318,0x00000000d0000000)
 Metaspace       used 250477K, capacity 255286K, committed 255488K, reserved 747520K
  class space    used 23985K, capacity 24962K, committed 25088K, reserved 516096K
2025-05-15T02:43:21.310+0900: 30612.597: [GC (Allocation Failure) [PSYoungGen: 591831K->2041K(688128K)] 1750896K->1161130K(1998848K), 0.0129452 secs] [Times: user=0.03 sys=0.00, real=0.01 secs] 
Heap after GC invocations=587 (full 2):
 PSYoungGen      total 688128K, used 2041K [0x00000000d0000000, 0x0000000100000000, 0x0000000100000000)
  eden space 589824K, 0% used [0x00000000d0000000,0x00000000d0000000,0x00000000f4000000)
  from space 98304K, 2% used [0x00000000f4000000,0x00000000f41fe610,0x00000000fa000000)
  to   space 98304K, 0% used [0x00000000fa000000,0x00000000fa000000,0x0000000100000000)
 ParOldGen       total 1310720K, used 1159088K [0x0000000080000000, 0x00000000d0000000, 0x00000000d0000000)
  object space 1310720K, 88% used [0x0000000080000000,0x00000000c6bec318,0x00000000d0000000)
 Metaspace       used 250477K, capacity 255286K, committed 255488K, reserved 747520K
  class space    used 23985K, capacity 24962K, committed 25088K, reserved 516096K
}
{Heap before GC invocations=588 (full 2):
 PSYoungGen      total 688128K, used 591865K [0x00000000d0000000, 0x0000000100000000, 0x0000000100000000)
  eden space 589824K, 100% used [0x00000000d0000000,0x00000000f4000000,0x00000000f4000000)
  from space 98304K, 2% used [0x00000000f4000000,0x00000000f41fe610,0x00000000fa000000)
  to   space 98304K, 0% used [0x00000000fa000000,0x00000000fa000000,0x0000000100000000)
 ParOldGen       total 1310720K, used 1159088K [0x0000000080000000, 0x00000000d0000000, 0x00000000d0000000)
  object space 1310720K, 88% used [0x0000000080000000,0x00000000c6bec318,0x00000000d0000000)
 Metaspace       used 250484K, capacity 255286K, committed 255488K, reserved 747520K
  class space    used 23985K, capacity 24962K, committed 25088K, reserved 516096K
2025-05-15T02:44:23.574+0900: 30674.861: [GC (Allocation Failure) [PSYoungGen: 591865K->2023K(688128K)] 1750954K->1161144K(1998848K), 0.0175328 secs] [Times: user=0.04 sys=0.00, real=0.02 secs] 
Heap after GC invocations=588 (full 2):
 PSYoungGen      total 688128K, used 2023K [0x00000000d0000000, 0x0000000100000000, 0x0000000100000000)
  eden space 589824K, 0% used [0x00000000d0000000,0x00000000d0000000,0x00000000f4000000)
  from space 98304K, 2% used [0x00000000fa000000,0x00000000fa1f9ea8,0x0000000100000000)
  to   space 98304K, 0% used [0x00000000f4000000,0x00000000f4000000,0x00000000fa000000)
 ParOldGen       total 1310720K, used 1159120K [0x0000000080000000, 0x00000000d0000000, 0x00000000d0000000)
  object space 1310720K, 88% used [0x0000000080000000,0x00000000c6bf4318,0x00000000d0000000)
 Metaspace       used 250484K, capacity 255286K, committed 255488K, reserved 747520K
  class space    used 23985K, capacity 24962K, committed 25088K, reserved 516096K
}
{Heap before GC invocations=589 (full 2):
 PSYoungGen      total 688128K, used 591847K [0x00000000d0000000, 0x0000000100000000, 0x0000000100000000)
  eden space 589824K, 100% used [0x00000000d0000000,0x00000000f4000000,0x00000000f4000000)
  from space 98304K, 2% used [0x00000000fa000000,0x00000000fa1f9ea8,0x0000000100000000)
  to   space 98304K, 0% used [0x00000000f4000000,0x00000000f4000000,0x00000000fa000000)
 ParOldGen       total 1310720K, used 1159120K [0x0000000080000000, 0x00000000d0000000, 0x00000000d0000000)
  object space 1310720K, 88% used [0x0000000080000000,0x00000000c6bf4318,0x00000000d0000000)
 Metaspace       used 250494K, capacity 255286K, committed 255488K, reserved 747520K
  class space    used 23985K, capacity 24962K, committed 25088K, reserved 516096K
2025-05-15T02:45:26.731+0900: 30738.018: [GC (Allocation Failure) [PSYoungGen: 591847K->2039K(688128K)] 1750968K->1161176K(1998848K), 0.0129649 secs] [Times: user=0.04 sys=0.00, real=0.01 secs] 
Heap after GC invocations=589 (full 2):
 PSYoungGen      total 688128K, used 2039K [0x00000000d0000000, 0x0000000100000000, 0x0000000100000000)
  eden space 589824K, 0% used [0x00000000d0000000,0x00000000d0000000,0x00000000f4000000)
  from space 98304K, 2% used [0x00000000f4000000,0x00000000f41fde98,0x00000000fa000000)
  to   space 98304K, 0% used [0x00000000fa000000,0x00000000fa000000,0x0000000100000000)
 ParOldGen       total 1310720K, used 1159136K [0x0000000080000000, 0x00000000d0000000, 0x00000000d0000000)
  object space 1310720K, 88% used [0x0000000080000000,0x00000000c6bf8318,0x00000000d0000000)
 Metaspace       used 250494K, capacity 255286K, committed 255488K, reserved 747520K
  class space    used 23985K, capacity 24962K, committed 25088K, reserved 516096K
}
{Heap before GC invocations=590 (full 2):
 PSYoungGen      total 688128K, used 591863K [0x00000000d0000000, 0x0000000100000000, 0x0000000100000000)
  eden space 589824K, 100% used [0x00000000d0000000,0x00000000f4000000,0x00000000f4000000)
  from space 98304K, 2% used [0x00000000f4000000,0x00000000f41fde98,0x00000000fa000000)
  to   space 98304K, 0% used [0x00000000fa000000,0x00000000fa000000,0x0000000100000000)
 ParOldGen       total 1310720K, used 1159136K [0x0000000080000000, 0x00000000d0000000, 0x00000000d0000000)
  object space 1310720K, 88% used [0x0000000080000000,0x00000000c6bf8318,0x00000000d0000000)
 Metaspace       used 250512K, capacity 255286K, committed 255488K, reserved 747520K
  class space    used 23985K, capacity 24962K, committed 25088K, reserved 516096K
2025-05-15T02:46:28.951+0900: 30800.238: [GC (Allocation Failure) [PSYoungGen: 591863K->1695K(688128K)] 1751000K->1161157K(1998848K), 0.0132876 secs] [Times: user=0.03 sys=0.00, real=0.01 secs] 
Heap after GC invocations=590 (full 2):
 PSYoungGen      total 688128K, used 1695K [0x00000000d0000000, 0x0000000100000000, 0x0000000100000000)
  eden space 589824K, 0% used [0x00000000d0000000,0x00000000d0000000,0x00000000f4000000)
  from space 98304K, 1% used [0x00000000fa000000,0x00000000fa1a7e20,0x0000000100000000)
  to   space 98304K, 0% used [0x00000000f4000000,0x00000000f4000000,0x00000000fa000000)
 ParOldGen       total 1310720K, used 1159462K [0x0000000080000000, 0x00000000d0000000, 0x00000000d0000000)
  object space 1310720K, 88% used [0x0000000080000000,0x00000000c6c499b0,0x00000000d0000000)
 Metaspace       used 250512K, capacity 255286K, committed 255488K, reserved 747520K
  class space    used 23985K, capacity 24962K, committed 25088K, reserved 516096K
}
{Heap before GC invocations=591 (full 2):
 PSYoungGen      total 688128K, used 591519K [0x00000000d0000000, 0x0000000100000000, 0x0000000100000000)
  eden space 589824K, 100% used [0x00000000d0000000,0x00000000f4000000,0x00000000f4000000)
  from space 98304K, 1% used [0x00000000fa000000,0x00000000fa1a7e20,0x0000000100000000)
  to   space 98304K, 0% used [0x00000000f4000000,0x00000000f4000000,0x00000000fa000000)
 ParOldGen       total 1310720K, used 1159462K [0x0000000080000000, 0x00000000d0000000, 0x00000000d0000000)
  object space 1310720K, 88% used [0x0000000080000000,0x00000000c6c499b0,0x00000000d0000000)
 Metaspace       used 250836K, capacity 255686K, committed 256000K, reserved 747520K
  class space    used 23985K, capacity 24962K, committed 25088K, reserved 516096K
2025-05-15T02:47:31.169+0900: 30862.456: [GC (Allocation Failure) [PSYoungGen: 591519K->720K(688128K)] 1750981K->1161242K(1998848K), 0.0127808 secs] [Times: user=0.03 sys=0.00, real=0.01 secs] 
Heap after GC invocations=591 (full 2):
 PSYoungGen      total 688128K, used 720K [0x00000000d0000000, 0x0000000100000000, 0x0000000100000000)
  eden space 589824K, 0% used [0x00000000d0000000,0x00000000d0000000,0x00000000f4000000)
  from space 98304K, 0% used [0x00000000f4000000,0x00000000f40b4010,0x00000000fa000000)
  to   space 98304K, 0% used [0x00000000fa000000,0x00000000fa000000,0x0000000100000000)
 ParOldGen       total 1310720K, used 1160522K [0x0000000080000000, 0x00000000d0000000, 0x00000000d0000000)
  object space 1310720K, 88% used [0x0000000080000000,0x00000000c6d52948,0x00000000d0000000)
 Metaspace       used 250836K, capacity 255686K, committed 256000K, reserved 747520K
  class space    used 23985K, capacity 24962K, committed 25088K, reserved 516096K
}
{Heap before GC invocations=592 (full 2):
 PSYoungGen      total 688128K, used 590544K [0x00000000d0000000, 0x0000000100000000, 0x0000000100000000)
  eden space 589824K, 100% used [0x00000000d0000000,0x00000000f4000000,0x00000000f4000000)
  from space 98304K, 0% used [0x00000000f4000000,0x00000000f40b4010,0x00000000fa000000)
  to   space 98304K, 0% used [0x00000000fa000000,0x00000000fa000000,0x0000000100000000)
 ParOldGen       total 1310720K, used 1160522K [0x0000000080000000, 0x00000000d0000000, 0x00000000d0000000)
  object space 1310720K, 88% used [0x0000000080000000,0x00000000c6d52948,0x00000000d0000000)
 Metaspace       used 250837K, capacity 255686K, committed 256000K, reserved 747520K
  class space    used 23985K, capacity 24962K, committed 25088K, reserved 516096K
2025-05-15T02:48:34.397+0900: 30925.684: [GC (Allocation Failure) [PSYoungGen: 590544K->608K(688128K)] 1751066K->1161226K(1998848K), 0.0126401 secs] [Times: user=0.03 sys=0.00, real=0.02 secs] 
Heap after GC invocations=592 (full 2):
 PSYoungGen      total 688128K, used 608K [0x00000000d0000000, 0x0000000100000000, 0x0000000100000000)
  eden space 589824K, 0% used [0x00000000d0000000,0x00000000d0000000,0x00000000f4000000)
  from space 98304K, 0% used [0x00000000fa000000,0x00000000fa098000,0x0000000100000000)
  to   space 98304K, 0% used [0x00000000f4000000,0x00000000f4000000,0x00000000fa000000)
 ParOldGen       total 1310720K, used 1160618K [0x0000000080000000, 0x00000000d0000000, 0x00000000d0000000)
  object space 1310720K, 88% used [0x0000000080000000,0x00000000c6d6a808,0x00000000d0000000)
 Metaspace       used 250837K, capacity 255686K, committed 256000K, reserved 747520K
  class space    used 23985K, capacity 24962K, committed 25088K, reserved 516096K
}
{Heap before GC invocations=593 (full 2):
 PSYoungGen      total 688128K, used 590432K [0x00000000d0000000, 0x0000000100000000, 0x0000000100000000)
  eden space 589824K, 100% used [0x00000000d0000000,0x00000000f4000000,0x00000000f4000000)
  from space 98304K, 0% used [0x00000000fa000000,0x00000000fa098000,0x0000000100000000)
  to   space 98304K, 0% used [0x00000000f4000000,0x00000000f4000000,0x00000000fa000000)
 ParOldGen       total 1310720K, used 1160618K [0x0000000080000000, 0x00000000d0000000, 0x00000000d0000000)
  object space 1310720K, 88% used [0x0000000080000000,0x00000000c6d6a808,0x00000000d0000000)
 Metaspace       used 250837K, capacity 255686K, committed 256000K, reserved 747520K
  class space    used 23985K, capacity 24962K, committed 25088K, reserved 516096K
2025-05-15T02:49:36.364+0900: 30987.651: [GC (Allocation Failure) [PSYoungGen: 590432K->608K(688128K)] 1751050K->1161250K(1998848K), 0.0127340 secs] [Times: user=0.03 sys=0.00, real=0.01 secs] 
Heap after GC invocations=593 (full 2):
 PSYoungGen      total 688128K, used 608K [0x00000000d0000000, 0x0000000100000000, 0x0000000100000000)
  eden space 589824K, 0% used [0x00000000d0000000,0x00000000d0000000,0x00000000f4000000)
  from space 98304K, 0% used [0x00000000f4000000,0x00000000f4098000,0x00000000fa000000)
  to   space 98304K, 0% used [0x00000000fa000000,0x00000000fa000000,0x0000000100000000)
 ParOldGen       total 1310720K, used 1160642K [0x0000000080000000, 0x00000000d0000000, 0x00000000d0000000)
  object space 1310720K, 88% used [0x0000000080000000,0x00000000c6d70808,0x00000000d0000000)
 Metaspace       used 250837K, capacity 255686K, committed 256000K, reserved 747520K
  class space    used 23985K, capacity 24962K, committed 25088K, reserved 516096K
}
{Heap before GC invocations=594 (full 2):
 PSYoungGen      total 688128K, used 590432K [0x00000000d0000000, 0x0000000100000000, 0x0000000100000000)
  eden space 589824K, 100% used [0x00000000d0000000,0x00000000f4000000,0x00000000f4000000)
  from space 98304K, 0% used [0x00000000f4000000,0x00000000f4098000,0x00000000fa000000)
  to   space 98304K, 0% used [0x00000000fa000000,0x00000000fa000000,0x0000000100000000)
 ParOldGen       total 1310720K, used 1160642K [0x0000000080000000, 0x00000000d0000000, 0x00000000d0000000)
  object space 1310720K, 88% used [0x0000000080000000,0x00000000c6d70808,0x00000000d0000000)
 Metaspace       used 250837K, capacity 255686K, committed 256000K, reserved 747520K
  class space    used 23985K, capacity 24962K, committed 25088K, reserved 516096K
2025-05-15T02:50:37.802+0900: 31049.089: [GC (Allocation Failure) [PSYoungGen: 590432K->608K(688128K)] 1751074K->1161274K(1998848K), 0.0136014 secs] [Times: user=0.03 sys=0.00, real=0.01 secs] 
Heap after GC invocations=594 (full 2):
 PSYoungGen      total 688128K, used 608K [0x00000000d0000000, 0x0000000100000000, 0x0000000100000000)
  eden space 589824K, 0% used [0x00000000d0000000,0x00000000d0000000,0x00000000f4000000)
  from space 98304K, 0% used [0x00000000fa000000,0x00000000fa098000,0x0000000100000000)
  to   space 98304K, 0% used [0x00000000f4000000,0x00000000f4000000,0x00000000fa000000)
 ParOldGen       total 1310720K, used 1160666K [0x0000000080000000, 0x00000000d0000000, 0x00000000d0000000)
  object space 1310720K, 88% used [0x0000000080000000,0x00000000c6d76808,0x00000000d0000000)
 Metaspace       used 250837K, capacity 255686K, committed 256000K, reserved 747520K
  class space    used 23985K, capacity 24962K, committed 25088K, reserved 516096K
}
{Heap before GC invocations=595 (full 2):
 PSYoungGen      total 688128K, used 590432K [0x00000000d0000000, 0x0000000100000000, 0x0000000100000000)
  eden space 589824K, 100% used [0x00000000d0000000,0x00000000f4000000,0x00000000f4000000)
  from space 98304K, 0% used [0x00000000fa000000,0x00000000fa098000,0x0000000100000000)
  to   space 98304K, 0% used [0x00000000f4000000,0x00000000f4000000,0x00000000fa000000)
 ParOldGen       total 1310720K, used 1160666K [0x0000000080000000, 0x00000000d0000000, 0x00000000d0000000)
  object space 1310720K, 88% used [0x0000000080000000,0x00000000c6d76808,0x00000000d0000000)
 Metaspace       used 250837K, capacity 255686K, committed 256000K, reserved 747520K
  class space    used 23985K, capacity 24962K, committed 25088K, reserved 516096K
2025-05-15T02:51:41.021+0900: 31112.308: [GC (Allocation Failure) [PSYoungGen: 590432K->608K(688128K)] 1751098K->1161298K(1998848K), 0.0125311 secs] [Times: user=0.03 sys=0.00, real=0.01 secs] 
Heap after GC invocations=595 (full 2):
 PSYoungGen      total 688128K, used 608K [0x00000000d0000000, 0x0000000100000000, 0x0000000100000000)
  eden space 589824K, 0% used [0x00000000d0000000,0x00000000d0000000,0x00000000f4000000)
  from space 98304K, 0% used [0x00000000f4000000,0x00000000f4098000,0x00000000fa000000)
  to   space 98304K, 0% used [0x00000000fa000000,0x00000000fa000000,0x0000000100000000)
 ParOldGen       total 1310720K, used 1160690K [0x0000000080000000, 0x00000000d0000000, 0x00000000d0000000)
  object space 1310720K, 88% used [0x0000000080000000,0x00000000c6d7c808,0x00000000d0000000)
 Metaspace       used 250837K, capacity 255686K, committed 256000K, reserved 747520K
  class space    used 23985K, capacity 24962K, committed 25088K, reserved 516096K
}
{Heap before GC invocations=596 (full 2):
 PSYoungGen      total 688128K, used 590432K [0x00000000d0000000, 0x0000000100000000, 0x0000000100000000)
  eden space 589824K, 100% used [0x00000000d0000000,0x00000000f4000000,0x00000000f4000000)
  from space 98304K, 0% used [0x00000000f4000000,0x00000000f4098000,0x00000000fa000000)
  to   space 98304K, 0% used [0x00000000fa000000,0x00000000fa000000,0x0000000100000000)
 ParOldGen       total 1310720K, used 1160690K [0x0000000080000000, 0x00000000d0000000, 0x00000000d0000000)
  object space 1310720K, 88% used [0x0000000080000000,0x00000000c6d7c808,0x00000000d0000000)
 Metaspace       used 250837K, capacity 255686K, committed 256000K, reserved 747520K
  class space    used 23985K, capacity 24962K, committed 25088K, reserved 516096K
2025-05-15T02:52:43.260+0900: 31174.547: [GC (Allocation Failure) [PSYoungGen: 590432K->608K(688128K)] 1751122K->1161314K(1998848K), 0.0128317 secs] [Times: user=0.03 sys=0.00, real=0.01 secs] 
Heap after GC invocations=596 (full 2):
 PSYoungGen      total 688128K, used 608K [0x00000000d0000000, 0x0000000100000000, 0x0000000100000000)
  eden space 589824K, 0% used [0x00000000d0000000,0x00000000d0000000,0x00000000f4000000)
  from space 98304K, 0% used [0x00000000fa000000,0x00000000fa098000,0x0000000100000000)
  to   space 98304K, 0% used [0x00000000f4000000,0x00000000f4000000,0x00000000fa000000)
 ParOldGen       total 1310720K, used 1160706K [0x0000000080000000, 0x00000000d0000000, 0x00000000d0000000)
  object space 1310720K, 88% used [0x0000000080000000,0x00000000c6d80808,0x00000000d0000000)
 Metaspace       used 250837K, capacity 255686K, committed 256000K, reserved 747520K
  class space    used 23985K, capacity 24962K, committed 25088K, reserved 516096K
}
{Heap before GC invocations=597 (full 2):
 PSYoungGen      total 688128K, used 590432K [0x00000000d0000000, 0x0000000100000000, 0x0000000100000000)
  eden space 589824K, 100% used [0x00000000d0000000,0x00000000f4000000,0x00000000f4000000)
  from space 98304K, 0% used [0x00000000fa000000,0x00000000fa098000,0x0000000100000000)
  to   space 98304K, 0% used [0x00000000f4000000,0x00000000f4000000,0x00000000fa000000)
 ParOldGen       total 1310720K, used 1160706K [0x0000000080000000, 0x00000000d0000000, 0x00000000d0000000)
  object space 1310720K, 88% used [0x0000000080000000,0x00000000c6d80808,0x00000000d0000000)
 Metaspace       used 250839K, capacity 255686K, committed 256000K, reserved 747520K
  class space    used 23985K, capacity 24962K, committed 25088K, reserved 516096K
2025-05-15T02:53:45.317+0900: 31236.604: [GC (Allocation Failure) [PSYoungGen: 590432K->576K(688128K)] 1751138K->1161306K(1998848K), 0.0130359 secs] [Times: user=0.03 sys=0.00, real=0.02 secs] 
Heap after GC invocations=597 (full 2):
 PSYoungGen      total 688128K, used 576K [0x00000000d0000000, 0x0000000100000000, 0x0000000100000000)
  eden space 589824K, 0% used [0x00000000d0000000,0x00000000d0000000,0x00000000f4000000)
  from space 98304K, 0% used [0x00000000f4000000,0x00000000f4090000,0x00000000fa000000)
  to   space 98304K, 0% used [0x00000000fa000000,0x00000000fa000000,0x0000000100000000)
 ParOldGen       total 1310720K, used 1160730K [0x0000000080000000, 0x00000000d0000000, 0x00000000d0000000)
  object space 1310720K, 88% used [0x0000000080000000,0x00000000c6d86808,0x00000000d0000000)
 Metaspace       used 250839K, capacity 255686K, committed 256000K, reserved 747520K
  class space    used 23985K, capacity 24962K, committed 25088K, reserved 516096K
}
{Heap before GC invocations=598 (full 2):
 PSYoungGen      total 688128K, used 590400K [0x00000000d0000000, 0x0000000100000000, 0x0000000100000000)
  eden space 589824K, 100% used [0x00000000d0000000,0x00000000f4000000,0x00000000f4000000)
  from space 98304K, 0% used [0x00000000f4000000,0x00000000f4090000,0x00000000fa000000)
  to   space 98304K, 0% used [0x00000000fa000000,0x00000000fa000000,0x0000000100000000)
 ParOldGen       total 1310720K, used 1160730K [0x0000000080000000, 0x00000000d0000000, 0x00000000d0000000)
  object space 1310720K, 88% used [0x0000000080000000,0x00000000c6d86808,0x00000000d0000000)
 Metaspace       used 250839K, capacity 255686K, committed 256000K, reserved 747520K
  class space    used 23985K, capacity 24962K, committed 25088K, reserved 516096K
2025-05-15T02:54:46.712+0900: 31297.999: [GC (Allocation Failure) [PSYoungGen: 590400K->608K(688128K)] 1751130K->1161370K(1998848K), 0.0126518 secs] [Times: user=0.03 sys=0.00, real=0.01 secs] 
Heap after GC invocations=598 (full 2):
 PSYoungGen      total 688128K, used 608K [0x00000000d0000000, 0x0000000100000000, 0x0000000100000000)
  eden space 589824K, 0% used [0x00000000d0000000,0x00000000d0000000,0x00000000f4000000)
  from space 98304K, 0% used [0x00000000fa000000,0x00000000fa098000,0x0000000100000000)
  to   space 98304K, 0% used [0x00000000f4000000,0x00000000f4000000,0x00000000fa000000)
 ParOldGen       total 1310720K, used 1160762K [0x0000000080000000, 0x00000000d0000000, 0x00000000d0000000)
  object space 1310720K, 88% used [0x0000000080000000,0x00000000c6d8e808,0x00000000d0000000)
 Metaspace       used 250839K, capacity 255686K, committed 256000K, reserved 747520K
  class space    used 23985K, capacity 24962K, committed 25088K, reserved 516096K
}
{Heap before GC invocations=599 (full 2):
 PSYoungGen      total 688128K, used 590432K [0x00000000d0000000, 0x0000000100000000, 0x0000000100000000)
  eden space 589824K, 100% used [0x00000000d0000000,0x00000000f4000000,0x00000000f4000000)
  from space 98304K, 0% used [0x00000000fa000000,0x00000000fa098000,0x0000000100000000)
  to   space 98304K, 0% used [0x00000000f4000000,0x00000000f4000000,0x00000000fa000000)
 ParOldGen       total 1310720K, used 1160762K [0x0000000080000000, 0x00000000d0000000, 0x00000000d0000000)
  object space 1310720K, 88% used [0x0000000080000000,0x00000000c6d8e808,0x00000000d0000000)
 Metaspace       used 250839K, capacity 255686K, committed 256000K, reserved 747520K
  class space    used 23985K, capacity 24962K, committed 25088K, reserved 516096K
2025-05-15T02:55:49.900+0900: 31361.187: [GC (Allocation Failure) [PSYoungGen: 590432K->608K(688128K)] 1751194K->1161386K(1998848K), 0.0128547 secs] [Times: user=0.03 sys=0.00, real=0.01 secs] 
Heap after GC invocations=599 (full 2):
 PSYoungGen      total 688128K, used 608K [0x00000000d0000000, 0x0000000100000000, 0x0000000100000000)
  eden space 589824K, 0% used [0x00000000d0000000,0x00000000d0000000,0x00000000f4000000)
  from space 98304K, 0% used [0x00000000f4000000,0x00000000f4098000,0x00000000fa000000)
  to   space 98304K, 0% used [0x00000000fa000000,0x00000000fa000000,0x0000000100000000)
 ParOldGen       total 1310720K, used 1160778K [0x0000000080000000, 0x00000000d0000000, 0x00000000d0000000)
  object space 1310720K, 88% used [0x0000000080000000,0x00000000c6d92808,0x00000000d0000000)
 Metaspace       used 250839K, capacity 255686K, committed 256000K, reserved 747520K
  class space    used 23985K, capacity 24962K, committed 25088K, reserved 516096K
}
{Heap before GC invocations=600 (full 2):
 PSYoungGen      total 688128K, used 590432K [0x00000000d0000000, 0x0000000100000000, 0x0000000100000000)
  eden space 589824K, 100% used [0x00000000d0000000,0x00000000f4000000,0x00000000f4000000)
  from space 98304K, 0% used [0x00000000f4000000,0x00000000f4098000,0x00000000fa000000)
  to   space 98304K, 0% used [0x00000000fa000000,0x00000000fa000000,0x0000000100000000)
 ParOldGen       total 1310720K, used 1160778K [0x0000000080000000, 0x00000000d0000000, 0x00000000d0000000)
  object space 1310720K, 88% used [0x0000000080000000,0x00000000c6d92808,0x00000000d0000000)
 Metaspace       used 250839K, capacity 255686K, committed 256000K, reserved 747520K
  class space    used 23985K, capacity 24962K, committed 25088K, reserved 516096K
2025-05-15T02:56:51.118+0900: 31422.405: [GC (Allocation Failure) [PSYoungGen: 590432K->656K(688128K)] 1751210K->1161450K(1998848K), 0.0128598 secs] [Times: user=0.03 sys=0.00, real=0.02 secs] 
Heap after GC invocations=600 (full 2):
 PSYoungGen      total 688128K, used 656K [0x00000000d0000000, 0x0000000100000000, 0x0000000100000000)
  eden space 589824K, 0% used [0x00000000d0000000,0x00000000d0000000,0x00000000f4000000)
  from space 98304K, 0% used [0x00000000fa000000,0x00000000fa0a4010,0x0000000100000000)
  to   space 98304K, 0% used [0x00000000f4000000,0x00000000f4000000,0x00000000fa000000)
 ParOldGen       total 1310720K, used 1160794K [0x0000000080000000, 0x00000000d0000000, 0x00000000d0000000)
  object space 1310720K, 88% used [0x0000000080000000,0x00000000c6d96808,0x00000000d0000000)
 Metaspace       used 250839K, capacity 255686K, committed 256000K, reserved 747520K
  class space    used 23985K, capacity 24962K, committed 25088K, reserved 516096K
}
{Heap before GC invocations=601 (full 2):
 PSYoungGen      total 688128K, used 590480K [0x00000000d0000000, 0x0000000100000000, 0x0000000100000000)
  eden space 589824K, 100% used [0x00000000d0000000,0x00000000f4000000,0x00000000f4000000)
  from space 98304K, 0% used [0x00000000fa000000,0x00000000fa0a4010,0x0000000100000000)
  to   space 98304K, 0% used [0x00000000f4000000,0x00000000f4000000,0x00000000fa000000)
 ParOldGen       total 1310720K, used 1160794K [0x0000000080000000, 0x00000000d0000000, 0x00000000d0000000)
  object space 1310720K, 88% used [0x0000000080000000,0x00000000c6d96808,0x00000000d0000000)
 Metaspace       used 250839K, capacity 255686K, committed 256000K, reserved 747520K
  class space    used 23985K, capacity 24962K, committed 25088K, reserved 516096K
2025-05-15T02:57:53.396+0900: 31484.684: [GC (Allocation Failure) [PSYoungGen: 590480K->608K(688128K)] 1751274K->1161410K(1998848K), 0.0132375 secs] [Times: user=0.03 sys=0.00, real=0.02 secs] 
Heap after GC invocations=601 (full 2):
 PSYoungGen      total 688128K, used 608K [0x00000000d0000000, 0x0000000100000000, 0x0000000100000000)
  eden space 589824K, 0% used [0x00000000d0000000,0x00000000d0000000,0x00000000f4000000)
  from space 98304K, 0% used [0x00000000f4000000,0x00000000f4098000,0x00000000fa000000)
  to   space 98304K, 0% used [0x00000000fa000000,0x00000000fa000000,0x0000000100000000)
 ParOldGen       total 1310720K, used 1160802K [0x0000000080000000, 0x00000000d0000000, 0x00000000d0000000)
  object space 1310720K, 88% used [0x0000000080000000,0x00000000c6d98808,0x00000000d0000000)
 Metaspace       used 250839K, capacity 255686K, committed 256000K, reserved 747520K
  class space    used 23985K, capacity 24962K, committed 25088K, reserved 516096K
}
{Heap before GC invocations=602 (full 2):
 PSYoungGen      total 688128K, used 590432K [0x00000000d0000000, 0x0000000100000000, 0x0000000100000000)
  eden space 589824K, 100% used [0x00000000d0000000,0x00000000f4000000,0x00000000f4000000)
  from space 98304K, 0% used [0x00000000f4000000,0x00000000f4098000,0x00000000fa000000)
  to   space 98304K, 0% used [0x00000000fa000000,0x00000000fa000000,0x0000000100000000)
 ParOldGen       total 1310720K, used 1160802K [0x0000000080000000, 0x00000000d0000000, 0x00000000d0000000)
  object space 1310720K, 88% used [0x0000000080000000,0x00000000c6d98808,0x00000000d0000000)
 Metaspace       used 250839K, capacity 255686K, committed 256000K, reserved 747520K
  class space    used 23985K, capacity 24962K, committed 25088K, reserved 516096K
2025-05-15T02:58:56.560+0900: 31547.847: [GC (Allocation Failure) [PSYoungGen: 590432K->608K(688128K)] 1751234K->1161426K(1998848K), 0.0146631 secs] [Times: user=0.04 sys=0.00, real=0.01 secs] 
Heap after GC invocations=602 (full 2):
 PSYoungGen      total 688128K, used 608K [0x00000000d0000000, 0x0000000100000000, 0x0000000100000000)
  eden space 589824K, 0% used [0x00000000d0000000,0x00000000d0000000,0x00000000f4000000)
  from space 98304K, 0% used [0x00000000fa000000,0x00000000fa098000,0x0000000100000000)
  to   space 98304K, 0% used [0x00000000f4000000,0x00000000f4000000,0x00000000fa000000)
 ParOldGen       total 1310720K, used 1160818K [0x0000000080000000, 0x00000000d0000000, 0x00000000d0000000)
  object space 1310720K, 88% used [0x0000000080000000,0x00000000c6d9c808,0x00000000d0000000)
 Metaspace       used 250839K, capacity 255686K, committed 256000K, reserved 747520K
  class space    used 23985K, capacity 24962K, committed 25088K, reserved 516096K
}
{Heap before GC invocations=603 (full 2):
 PSYoungGen      total 688128K, used 590432K [0x00000000d0000000, 0x0000000100000000, 0x0000000100000000)
  eden space 589824K, 100% used [0x00000000d0000000,0x00000000f4000000,0x00000000f4000000)
  from space 98304K, 0% used [0x00000000fa000000,0x00000000fa098000,0x0000000100000000)
  to   space 98304K, 0% used [0x00000000f4000000,0x00000000f4000000,0x00000000fa000000)
 ParOldGen       total 1310720K, used 1160818K [0x0000000080000000, 0x00000000d0000000, 0x00000000d0000000)
  object space 1310720K, 88% used [0x0000000080000000,0x00000000c6d9c808,0x00000000d0000000)
 Metaspace       used 250839K, capacity 255686K, committed 256000K, reserved 747520K
  class space    used 23985K, capacity 24962K, committed 25088K, reserved 516096K
2025-05-15T02:59:58.797+0900: 31610.084: [GC (Allocation Failure) [PSYoungGen: 590432K->640K(688128K)] 1751250K->1161474K(1998848K), 0.0129985 secs] [Times: user=0.04 sys=0.00, real=0.02 secs] 
Heap after GC invocations=603 (full 2):
 PSYoungGen      total 688128K, used 640K [0x00000000d0000000, 0x0000000100000000, 0x0000000100000000)
  eden space 589824K, 0% used [0x00000000d0000000,0x00000000d0000000,0x00000000f4000000)
  from space 98304K, 0% used [0x00000000f4000000,0x00000000f40a0000,0x00000000fa000000)
  to   space 98304K, 0% used [0x00000000fa000000,0x00000000fa000000,0x0000000100000000)
 ParOldGen       total 1310720K, used 1160834K [0x0000000080000000, 0x00000000d0000000, 0x00000000d0000000)
  object space 1310720K, 88% used [0x0000000080000000,0x00000000c6da0808,0x00000000d0000000)
 Metaspace       used 250839K, capacity 255686K, committed 256000K, reserved 747520K
  class space    used 23985K, capacity 24962K, committed 25088K, reserved 516096K
}
{Heap before GC invocations=604 (full 2):
 PSYoungGen      total 688128K, used 590464K [0x00000000d0000000, 0x0000000100000000, 0x0000000100000000)
  eden space 589824K, 100% used [0x00000000d0000000,0x00000000f4000000,0x00000000f4000000)
  from space 98304K, 0% used [0x00000000f4000000,0x00000000f40a0000,0x00000000fa000000)
  to   space 98304K, 0% used [0x00000000fa000000,0x00000000fa000000,0x0000000100000000)
 ParOldGen       total 1310720K, used 1160834K [0x0000000080000000, 0x00000000d0000000, 0x00000000d0000000)
  object space 1310720K, 88% used [0x0000000080000000,0x00000000c6da0808,0x00000000d0000000)
 Metaspace       used 250839K, capacity 255686K, committed 256000K, reserved 747520K
  class space    used 23985K, capacity 24962K, committed 25088K, reserved 516096K
2025-05-15T03:01:01.028+0900: 31672.315: [GC (Allocation Failure) [PSYoungGen: 590464K->608K(688128K)] 1751298K->1161474K(1998848K), 0.0128938 secs] [Times: user=0.04 sys=0.00, real=0.02 secs] 
Heap after GC invocations=604 (full 2):
 PSYoungGen      total 688128K, used 608K [0x00000000d0000000, 0x0000000100000000, 0x0000000100000000)
  eden space 589824K, 0% used [0x00000000d0000000,0x00000000d0000000,0x00000000f4000000)
  from space 98304K, 0% used [0x00000000fa000000,0x00000000fa098000,0x0000000100000000)
  to   space 98304K, 0% used [0x00000000f4000000,0x00000000f4000000,0x00000000fa000000)
 ParOldGen       total 1310720K, used 1160866K [0x0000000080000000, 0x00000000d0000000, 0x00000000d0000000)
  object space 1310720K, 88% used [0x0000000080000000,0x00000000c6da8808,0x00000000d0000000)
 Metaspace       used 250839K, capacity 255686K, committed 256000K, reserved 747520K
  class space    used 23985K, capacity 24962K, committed 25088K, reserved 516096K
}
{Heap before GC invocations=605 (full 2):
 PSYoungGen      total 688128K, used 590432K [0x00000000d0000000, 0x0000000100000000, 0x0000000100000000)
  eden space 589824K, 100% used [0x00000000d0000000,0x00000000f4000000,0x00000000f4000000)
  from space 98304K, 0% used [0x00000000fa000000,0x00000000fa098000,0x0000000100000000)
  to   space 98304K, 0% used [0x00000000f4000000,0x00000000f4000000,0x00000000fa000000)
 ParOldGen       total 1310720K, used 1160866K [0x0000000080000000, 0x00000000d0000000, 0x00000000d0000000)
  object space 1310720K, 88% used [0x0000000080000000,0x00000000c6da8808,0x00000000d0000000)
 Metaspace       used 250839K, capacity 255686K, committed 256000K, reserved 747520K
  class space    used 23985K, capacity 24962K, committed 25088K, reserved 516096K
2025-05-15T03:02:02.370+0900: 31733.657: [GC (Allocation Failure) [PSYoungGen: 590432K->640K(688128K)] 1751298K->1161530K(1998848K), 0.0129876 secs] [Times: user=0.03 sys=0.00, real=0.01 secs] 
Heap after GC invocations=605 (full 2):
 PSYoungGen      total 688128K, used 640K [0x00000000d0000000, 0x0000000100000000, 0x0000000100000000)
  eden space 589824K, 0% used [0x00000000d0000000,0x00000000d0000000,0x00000000f4000000)
  from space 98304K, 0% used [0x00000000f4000000,0x00000000f40a0000,0x00000000fa000000)
  to   space 98304K, 0% used [0x00000000fa000000,0x00000000fa000000,0x0000000100000000)
 ParOldGen       total 1310720K, used 1160890K [0x0000000080000000, 0x00000000d0000000, 0x00000000d0000000)
  object space 1310720K, 88% used [0x0000000080000000,0x00000000c6dae808,0x00000000d0000000)
 Metaspace       used 250839K, capacity 255686K, committed 256000K, reserved 747520K
  class space    used 23985K, capacity 24962K, committed 25088K, reserved 516096K
}
{Heap before GC invocations=606 (full 2):
 PSYoungGen      total 688128K, used 590464K [0x00000000d0000000, 0x0000000100000000, 0x0000000100000000)
  eden space 589824K, 100% used [0x00000000d0000000,0x00000000f4000000,0x00000000f4000000)
  from space 98304K, 0% used [0x00000000f4000000,0x00000000f40a0000,0x00000000fa000000)
  to   space 98304K, 0% used [0x00000000fa000000,0x00000000fa000000,0x0000000100000000)
 ParOldGen       total 1310720K, used 1160890K [0x0000000080000000, 0x00000000d0000000, 0x00000000d0000000)
  object space 1310720K, 88% used [0x0000000080000000,0x00000000c6dae808,0x00000000d0000000)
 Metaspace       used 250855K, capacity 255686K, committed 256000K, reserved 747520K
  class space    used 23985K, capacity 24962K, committed 25088K, reserved 516096K
2025-05-15T03:03:04.467+0900: 31795.754: [GC (Allocation Failure) [PSYoungGen: 590464K->656K(688128K)] 1751354K->1161562K(1998848K), 0.0127419 secs] [Times: user=0.03 sys=0.00, real=0.02 secs] 
Heap after GC invocations=606 (full 2):
 PSYoungGen      total 688128K, used 656K [0x00000000d0000000, 0x0000000100000000, 0x0000000100000000)
  eden space 589824K, 0% used [0x00000000d0000000,0x00000000d0000000,0x00000000f4000000)
  from space 98304K, 0% used [0x00000000fa000000,0x00000000fa0a4010,0x0000000100000000)
  to   space 98304K, 0% used [0x00000000f4000000,0x00000000f4000000,0x00000000fa000000)
 ParOldGen       total 1310720K, used 1160906K [0x0000000080000000, 0x00000000d0000000, 0x00000000d0000000)
  object space 1310720K, 88% used [0x0000000080000000,0x00000000c6db2808,0x00000000d0000000)
 Metaspace       used 250855K, capacity 255686K, committed 256000K, reserved 747520K
  class space    used 23985K, capacity 24962K, committed 25088K, reserved 516096K
}
{Heap before GC invocations=607 (full 2):
 PSYoungGen      total 688128K, used 590480K [0x00000000d0000000, 0x0000000100000000, 0x0000000100000000)
  eden space 589824K, 100% used [0x00000000d0000000,0x00000000f4000000,0x00000000f4000000)
  from space 98304K, 0% used [0x00000000fa000000,0x00000000fa0a4010,0x0000000100000000)
  to   space 98304K, 0% used [0x00000000f4000000,0x00000000f4000000,0x00000000fa000000)
 ParOldGen       total 1310720K, used 1160906K [0x0000000080000000, 0x00000000d0000000, 0x00000000d0000000)
  object space 1310720K, 88% used [0x0000000080000000,0x00000000c6db2808,0x00000000d0000000)
 Metaspace       used 250855K, capacity 255686K, committed 256000K, reserved 747520K
  class space    used 23985K, capacity 24962K, committed 25088K, reserved 516096K
2025-05-15T03:04:06.664+0900: 31857.951: [GC (Allocation Failure) [PSYoungGen: 590480K->592K(688128K)] 1751386K->1161514K(1998848K), 0.0127882 secs] [Times: user=0.03 sys=0.00, real=0.01 secs] 
Heap after GC invocations=607 (full 2):
 PSYoungGen      total 688128K, used 592K [0x00000000d0000000, 0x0000000100000000, 0x0000000100000000)
  eden space 589824K, 0% used [0x00000000d0000000,0x00000000d0000000,0x00000000f4000000)
  from space 98304K, 0% used [0x00000000f4000000,0x00000000f4094010,0x00000000fa000000)
  to   space 98304K, 0% used [0x00000000fa000000,0x00000000fa000000,0x0000000100000000)
 ParOldGen       total 1310720K, used 1160922K [0x0000000080000000, 0x00000000d0000000, 0x00000000d0000000)
  object space 1310720K, 88% used [0x0000000080000000,0x00000000c6db6808,0x00000000d0000000)
 Metaspace       used 250855K, capacity 255686K, committed 256000K, reserved 747520K
  class space    used 23985K, capacity 24962K, committed 25088K, reserved 516096K
}
{Heap before GC invocations=608 (full 2):
 PSYoungGen      total 688128K, used 590416K [0x00000000d0000000, 0x0000000100000000, 0x0000000100000000)
  eden space 589824K, 100% used [0x00000000d0000000,0x00000000f4000000,0x00000000f4000000)
  from space 98304K, 0% used [0x00000000f4000000,0x00000000f4094010,0x00000000fa000000)
  to   space 98304K, 0% used [0x00000000fa000000,0x00000000fa000000,0x0000000100000000)
 ParOldGen       total 1310720K, used 1160922K [0x0000000080000000, 0x00000000d0000000, 0x00000000d0000000)
  object space 1310720K, 88% used [0x0000000080000000,0x00000000c6db6808,0x00000000d0000000)
 Metaspace       used 250855K, capacity 255686K, committed 256000K, reserved 747520K
  class space    used 23985K, capacity 24962K, committed 25088K, reserved 516096K
2025-05-15T03:05:08.851+0900: 31920.138: [GC (Allocation Failure) [PSYoungGen: 590416K->592K(688128K)] 1751338K->1161538K(1998848K), 0.0124529 secs] [Times: user=0.03 sys=0.00, real=0.01 secs] 
Heap after GC invocations=608 (full 2):
 PSYoungGen      total 688128K, used 592K [0x00000000d0000000, 0x0000000100000000, 0x0000000100000000)
  eden space 589824K, 0% used [0x00000000d0000000,0x00000000d0000000,0x00000000f4000000)
  from space 98304K, 0% used [0x00000000fa000000,0x00000000fa094010,0x0000000100000000)
  to   space 98304K, 0% used [0x00000000f4000000,0x00000000f4000000,0x00000000fa000000)
 ParOldGen       total 1310720K, used 1160946K [0x0000000080000000, 0x00000000d0000000, 0x00000000d0000000)
  object space 1310720K, 88% used [0x0000000080000000,0x00000000c6dbc808,0x00000000d0000000)
 Metaspace       used 250855K, capacity 255686K, committed 256000K, reserved 747520K
  class space    used 23985K, capacity 24962K, committed 25088K, reserved 516096K
}
{Heap before GC invocations=609 (full 2):
 PSYoungGen      total 688128K, used 590416K [0x00000000d0000000, 0x0000000100000000, 0x0000000100000000)
  eden space 589824K, 100% used [0x00000000d0000000,0x00000000f4000000,0x00000000f4000000)
  from space 98304K, 0% used [0x00000000fa000000,0x00000000fa094010,0x0000000100000000)
  to   space 98304K, 0% used [0x00000000f4000000,0x00000000f4000000,0x00000000fa000000)
 ParOldGen       total 1310720K, used 1160946K [0x0000000080000000, 0x00000000d0000000, 0x00000000d0000000)
  object space 1310720K, 88% used [0x0000000080000000,0x00000000c6dbc808,0x00000000d0000000)
 Metaspace       used 250856K, capacity 255686K, committed 256000K, reserved 747520K
  class space    used 23985K, capacity 24962K, committed 25088K, reserved 516096K
2025-05-15T03:06:11.065+0900: 31982.352: [GC (Allocation Failure) [PSYoungGen: 590416K->608K(688128K)] 1751362K->1161578K(1998848K), 0.0121782 secs] [Times: user=0.03 sys=0.00, real=0.01 secs] 
Heap after GC invocations=609 (full 2):
 PSYoungGen      total 688128K, used 608K [0x00000000d0000000, 0x0000000100000000, 0x0000000100000000)
  eden space 589824K, 0% used [0x00000000d0000000,0x00000000d0000000,0x00000000f4000000)
  from space 98304K, 0% used [0x00000000f4000000,0x00000000f4098000,0x00000000fa000000)
  to   space 98304K, 0% used [0x00000000fa000000,0x00000000fa000000,0x0000000100000000)
 ParOldGen       total 1310720K, used 1160970K [0x0000000080000000, 0x00000000d0000000, 0x00000000d0000000)
  object space 1310720K, 88% used [0x0000000080000000,0x00000000c6dc2808,0x00000000d0000000)
 Metaspace       used 250856K, capacity 255686K, committed 256000K, reserved 747520K
  class space    used 23985K, capacity 24962K, committed 25088K, reserved 516096K
}
{Heap before GC invocations=610 (full 2):
 PSYoungGen      total 688128K, used 590432K [0x00000000d0000000, 0x0000000100000000, 0x0000000100000000)
  eden space 589824K, 100% used [0x00000000d0000000,0x00000000f4000000,0x00000000f4000000)
  from space 98304K, 0% used [0x00000000f4000000,0x00000000f4098000,0x00000000fa000000)
  to   space 98304K, 0% used [0x00000000fa000000,0x00000000fa000000,0x0000000100000000)
 ParOldGen       total 1310720K, used 1160970K [0x0000000080000000, 0x00000000d0000000, 0x00000000d0000000)
  object space 1310720K, 88% used [0x0000000080000000,0x00000000c6dc2808,0x00000000d0000000)
 Metaspace       used 250856K, capacity 255686K, committed 256000K, reserved 747520K
  class space    used 23985K, capacity 24962K, committed 25088K, reserved 516096K
2025-05-15T03:07:14.246+0900: 32045.533: [GC (Allocation Failure) [PSYoungGen: 590432K->608K(688128K)] 1751402K->1161594K(1998848K), 0.0127615 secs] [Times: user=0.03 sys=0.00, real=0.02 secs] 
Heap after GC invocations=610 (full 2):
 PSYoungGen      total 688128K, used 608K [0x00000000d0000000, 0x0000000100000000, 0x0000000100000000)
  eden space 589824K, 0% used [0x00000000d0000000,0x00000000d0000000,0x00000000f4000000)
  from space 98304K, 0% used [0x00000000fa000000,0x00000000fa098000,0x0000000100000000)
  to   space 98304K, 0% used [0x00000000f4000000,0x00000000f4000000,0x00000000fa000000)
 ParOldGen       total 1310720K, used 1160986K [0x0000000080000000, 0x00000000d0000000, 0x00000000d0000000)
  object space 1310720K, 88% used [0x0000000080000000,0x00000000c6dc6808,0x00000000d0000000)
 Metaspace       used 250856K, capacity 255686K, committed 256000K, reserved 747520K
  class space    used 23985K, capacity 24962K, committed 25088K, reserved 516096K
}
{Heap before GC invocations=611 (full 2):
 PSYoungGen      total 688128K, used 590432K [0x00000000d0000000, 0x0000000100000000, 0x0000000100000000)
  eden space 589824K, 100% used [0x00000000d0000000,0x00000000f4000000,0x00000000f4000000)
  from space 98304K, 0% used [0x00000000fa000000,0x00000000fa098000,0x0000000100000000)
  to   space 98304K, 0% used [0x00000000f4000000,0x00000000f4000000,0x00000000fa000000)
 ParOldGen       total 1310720K, used 1160986K [0x0000000080000000, 0x00000000d0000000, 0x00000000d0000000)
  object space 1310720K, 88% used [0x0000000080000000,0x00000000c6dc6808,0x00000000d0000000)
 Metaspace       used 250856K, capacity 255686K, committed 256000K, reserved 747520K
  class space    used 23985K, capacity 24962K, committed 25088K, reserved 516096K
2025-05-15T03:08:16.472+0900: 32107.759: [GC (Allocation Failure) [PSYoungGen: 590432K->608K(688128K)] 1751418K->1161610K(1998848K), 0.0135908 secs] [Times: user=0.03 sys=0.00, real=0.01 secs] 
Heap after GC invocations=611 (full 2):
 PSYoungGen      total 688128K, used 608K [0x00000000d0000000, 0x0000000100000000, 0x0000000100000000)
  eden space 589824K, 0% used [0x00000000d0000000,0x00000000d0000000,0x00000000f4000000)
  from space 98304K, 0% used [0x00000000f4000000,0x00000000f4098000,0x00000000fa000000)
  to   space 98304K, 0% used [0x00000000fa000000,0x00000000fa000000,0x0000000100000000)
 ParOldGen       total 1310720K, used 1161002K [0x0000000080000000, 0x00000000d0000000, 0x00000000d0000000)
  object space 1310720K, 88% used [0x0000000080000000,0x00000000c6dca808,0x00000000d0000000)
 Metaspace       used 250856K, capacity 255686K, committed 256000K, reserved 747520K
  class space    used 23985K, capacity 24962K, committed 25088K, reserved 516096K
}
{Heap before GC invocations=612 (full 2):
 PSYoungGen      total 688128K, used 590432K [0x00000000d0000000, 0x0000000100000000, 0x0000000100000000)
  eden space 589824K, 100% used [0x00000000d0000000,0x00000000f4000000,0x00000000f4000000)
  from space 98304K, 0% used [0x00000000f4000000,0x00000000f4098000,0x00000000fa000000)
  to   space 98304K, 0% used [0x00000000fa000000,0x00000000fa000000,0x0000000100000000)
 ParOldGen       total 1310720K, used 1161002K [0x0000000080000000, 0x00000000d0000000, 0x00000000d0000000)
  object space 1310720K, 88% used [0x0000000080000000,0x00000000c6dca808,0x00000000d0000000)
 Metaspace       used 250857K, capacity 255686K, committed 256000K, reserved 747520K
  class space    used 23985K, capacity 24962K, committed 25088K, reserved 516096K
2025-05-15T03:09:18.685+0900: 32169.972: [GC (Allocation Failure) [PSYoungGen: 590432K->608K(688128K)] 1751434K->1161634K(1998848K), 0.0124920 secs] [Times: user=0.03 sys=0.00, real=0.01 secs] 
Heap after GC invocations=612 (full 2):
 PSYoungGen      total 688128K, used 608K [0x00000000d0000000, 0x0000000100000000, 0x0000000100000000)
  eden space 589824K, 0% used [0x00000000d0000000,0x00000000d0000000,0x00000000f4000000)
  from space 98304K, 0% used [0x00000000fa000000,0x00000000fa098000,0x0000000100000000)
  to   space 98304K, 0% used [0x00000000f4000000,0x00000000f4000000,0x00000000fa000000)
 ParOldGen       total 1310720K, used 1161026K [0x0000000080000000, 0x00000000d0000000, 0x00000000d0000000)
  object space 1310720K, 88% used [0x0000000080000000,0x00000000c6dd0808,0x00000000d0000000)
 Metaspace       used 250857K, capacity 255686K, committed 256000K, reserved 747520K
  class space    used 23985K, capacity 24962K, committed 25088K, reserved 516096K
}
{Heap before GC invocations=613 (full 2):
 PSYoungGen      total 688128K, used 590432K [0x00000000d0000000, 0x0000000100000000, 0x0000000100000000)
  eden space 589824K, 100% used [0x00000000d0000000,0x00000000f4000000,0x00000000f4000000)
  from space 98304K, 0% used [0x00000000fa000000,0x00000000fa098000,0x0000000100000000)
  to   space 98304K, 0% used [0x00000000f4000000,0x00000000f4000000,0x00000000fa000000)
 ParOldGen       total 1310720K, used 1161026K [0x0000000080000000, 0x00000000d0000000, 0x00000000d0000000)
  object space 1310720K, 88% used [0x0000000080000000,0x00000000c6dd0808,0x00000000d0000000)
 Metaspace       used 250857K, capacity 255686K, committed 256000K, reserved 747520K
  class space    used 23985K, capacity 24962K, committed 25088K, reserved 516096K
2025-05-15T03:10:21.910+0900: 32233.197: [GC (Allocation Failure) [PSYoungGen: 590432K->640K(688128K)] 1751458K->1161690K(1998848K), 0.0125575 secs] [Times: user=0.03 sys=0.00, real=0.01 secs] 
Heap after GC invocations=613 (full 2):
 PSYoungGen      total 688128K, used 640K [0x00000000d0000000, 0x0000000100000000, 0x0000000100000000)
  eden space 589824K, 0% used [0x00000000d0000000,0x00000000d0000000,0x00000000f4000000)
  from space 98304K, 0% used [0x00000000f4000000,0x00000000f40a0000,0x00000000fa000000)
  to   space 98304K, 0% used [0x00000000fa000000,0x00000000fa000000,0x0000000100000000)
 ParOldGen       total 1310720K, used 1161050K [0x0000000080000000, 0x00000000d0000000, 0x00000000d0000000)
  object space 1310720K, 88% used [0x0000000080000000,0x00000000c6dd6808,0x00000000d0000000)
 Metaspace       used 250857K, capacity 255686K, committed 256000K, reserved 747520K
  class space    used 23985K, capacity 24962K, committed 25088K, reserved 516096K
}
{Heap before GC invocations=614 (full 2):
 PSYoungGen      total 688128K, used 590464K [0x00000000d0000000, 0x0000000100000000, 0x0000000100000000)
  eden space 589824K, 100% used [0x00000000d0000000,0x00000000f4000000,0x00000000f4000000)
  from space 98304K, 0% used [0x00000000f4000000,0x00000000f40a0000,0x00000000fa000000)
  to   space 98304K, 0% used [0x00000000fa000000,0x00000000fa000000,0x0000000100000000)
 ParOldGen       total 1310720K, used 1161050K [0x0000000080000000, 0x00000000d0000000, 0x00000000d0000000)
  object space 1310720K, 88% used [0x0000000080000000,0x00000000c6dd6808,0x00000000d0000000)
 Metaspace       used 250857K, capacity 255686K, committed 256000K, reserved 747520K
  class space    used 23985K, capacity 24962K, committed 25088K, reserved 516096K
2025-05-15T03:11:24.136+0900: 32295.423: [GC (Allocation Failure) [PSYoungGen: 590464K->672K(688128K)] 1751514K->1161738K(1998848K), 0.0125666 secs] [Times: user=0.03 sys=0.00, real=0.02 secs] 
Heap after GC invocations=614 (full 2):
 PSYoungGen      total 688128K, used 672K [0x00000000d0000000, 0x0000000100000000, 0x0000000100000000)
  eden space 589824K, 0% used [0x00000000d0000000,0x00000000d0000000,0x00000000f4000000)
  from space 98304K, 0% used [0x00000000fa000000,0x00000000fa0a8000,0x0000000100000000)
  to   space 98304K, 0% used [0x00000000f4000000,0x00000000f4000000,0x00000000fa000000)
 ParOldGen       total 1310720K, used 1161066K [0x0000000080000000, 0x00000000d0000000, 0x00000000d0000000)
  object space 1310720K, 88% used [0x0000000080000000,0x00000000c6dda808,0x00000000d0000000)
 Metaspace       used 250857K, capacity 255686K, committed 256000K, reserved 747520K
  class space    used 23985K, capacity 24962K, committed 25088K, reserved 516096K
}
{Heap before GC invocations=615 (full 2):
 PSYoungGen      total 688128K, used 590496K [0x00000000d0000000, 0x0000000100000000, 0x0000000100000000)
  eden space 589824K, 100% used [0x00000000d0000000,0x00000000f4000000,0x00000000f4000000)
  from space 98304K, 0% used [0x00000000fa000000,0x00000000fa0a8000,0x0000000100000000)
  to   space 98304K, 0% used [0x00000000f4000000,0x00000000f4000000,0x00000000fa000000)
 ParOldGen       total 1310720K, used 1161066K [0x0000000080000000, 0x00000000d0000000, 0x00000000d0000000)
  object space 1310720K, 88% used [0x0000000080000000,0x00000000c6dda808,0x00000000d0000000)
 Metaspace       used 250857K, capacity 255686K, committed 256000K, reserved 747520K
  class space    used 23985K, capacity 24962K, committed 25088K, reserved 516096K
2025-05-15T03:12:26.360+0900: 32357.647: [GC (Allocation Failure) [PSYoungGen: 590496K->608K(688128K)] 1751562K->1161714K(1998848K), 0.0126178 secs] [Times: user=0.03 sys=0.00, real=0.01 secs] 
Heap after GC invocations=615 (full 2):
 PSYoungGen      total 688128K, used 608K [0x00000000d0000000, 0x0000000100000000, 0x0000000100000000)
  eden space 589824K, 0% used [0x00000000d0000000,0x00000000d0000000,0x00000000f4000000)
  from space 98304K, 0% used [0x00000000f4000000,0x00000000f4098000,0x00000000fa000000)
  to   space 98304K, 0% used [0x00000000fa000000,0x00000000fa000000,0x0000000100000000)
 ParOldGen       total 1310720K, used 1161106K [0x0000000080000000, 0x00000000d0000000, 0x00000000d0000000)
  object space 1310720K, 88% used [0x0000000080000000,0x00000000c6de4818,0x00000000d0000000)
 Metaspace       used 250857K, capacity 255686K, committed 256000K, reserved 747520K
  class space    used 23985K, capacity 24962K, committed 25088K, reserved 516096K
}
{Heap before GC invocations=616 (full 2):
 PSYoungGen      total 688128K, used 590432K [0x00000000d0000000, 0x0000000100000000, 0x0000000100000000)
  eden space 589824K, 100% used [0x00000000d0000000,0x00000000f4000000,0x00000000f4000000)
  from space 98304K, 0% used [0x00000000f4000000,0x00000000f4098000,0x00000000fa000000)
  to   space 98304K, 0% used [0x00000000fa000000,0x00000000fa000000,0x0000000100000000)
 ParOldGen       total 1310720K, used 1161106K [0x0000000080000000, 0x00000000d0000000, 0x00000000d0000000)
  object space 1310720K, 88% used [0x0000000080000000,0x00000000c6de4818,0x00000000d0000000)
 Metaspace       used 250857K, capacity 255686K, committed 256000K, reserved 747520K
  class space    used 23985K, capacity 24962K, committed 25088K, reserved 516096K
2025-05-15T03:13:28.550+0900: 32419.837: [GC (Allocation Failure) [PSYoungGen: 590432K->608K(688128K)] 1751538K->1161738K(1998848K), 0.0125996 secs] [Times: user=0.03 sys=0.00, real=0.01 secs] 
Heap after GC invocations=616 (full 2):
 PSYoungGen      total 688128K, used 608K [0x00000000d0000000, 0x0000000100000000, 0x0000000100000000)
  eden space 589824K, 0% used [0x00000000d0000000,0x00000000d0000000,0x00000000f4000000)
  from space 98304K, 0% used [0x00000000fa000000,0x00000000fa098000,0x0000000100000000)
  to   space 98304K, 0% used [0x00000000f4000000,0x00000000f4000000,0x00000000fa000000)
 ParOldGen       total 1310720K, used 1161130K [0x0000000080000000, 0x00000000d0000000, 0x00000000d0000000)
  object space 1310720K, 88% used [0x0000000080000000,0x00000000c6dea818,0x00000000d0000000)
 Metaspace       used 250857K, capacity 255686K, committed 256000K, reserved 747520K
  class space    used 23985K, capacity 24962K, committed 25088K, reserved 516096K
}
{Heap before GC invocations=617 (full 2):
 PSYoungGen      total 688128K, used 590432K [0x00000000d0000000, 0x0000000100000000, 0x0000000100000000)
  eden space 589824K, 100% used [0x00000000d0000000,0x00000000f4000000,0x00000000f4000000)
  from space 98304K, 0% used [0x00000000fa000000,0x00000000fa098000,0x0000000100000000)
  to   space 98304K, 0% used [0x00000000f4000000,0x00000000f4000000,0x00000000fa000000)
 ParOldGen       total 1310720K, used 1161130K [0x0000000080000000, 0x00000000d0000000, 0x00000000d0000000)
  object space 1310720K, 88% used [0x0000000080000000,0x00000000c6dea818,0x00000000d0000000)
 Metaspace       used 250857K, capacity 255686K, committed 256000K, reserved 747520K
  class space    used 23985K, capacity 24962K, committed 25088K, reserved 516096K
2025-05-15T03:14:29.800+0900: 32481.087: [GC (Allocation Failure) [PSYoungGen: 590432K->576K(688128K)] 1751562K->1161722K(1998848K), 0.0125050 secs] [Times: user=0.03 sys=0.00, real=0.01 secs] 
Heap after GC invocations=617 (full 2):
 PSYoungGen      total 688128K, used 576K [0x00000000d0000000, 0x0000000100000000, 0x0000000100000000)
  eden space 589824K, 0% used [0x00000000d0000000,0x00000000d0000000,0x00000000f4000000)
  from space 98304K, 0% used [0x00000000f4000000,0x00000000f4090000,0x00000000fa000000)
  to   space 98304K, 0% used [0x00000000fa000000,0x00000000fa000000,0x0000000100000000)
 ParOldGen       total 1310720K, used 1161146K [0x0000000080000000, 0x00000000d0000000, 0x00000000d0000000)
  object space 1310720K, 88% used [0x0000000080000000,0x00000000c6dee818,0x00000000d0000000)
 Metaspace       used 250857K, capacity 255686K, committed 256000K, reserved 747520K
  class space    used 23985K, capacity 24962K, committed 25088K, reserved 516096K
}
{Heap before GC invocations=618 (full 2):
 PSYoungGen      total 688128K, used 590400K [0x00000000d0000000, 0x0000000100000000, 0x0000000100000000)
  eden space 589824K, 100% used [0x00000000d0000000,0x00000000f4000000,0x00000000f4000000)
  from space 98304K, 0% used [0x00000000f4000000,0x00000000f4090000,0x00000000fa000000)
  to   space 98304K, 0% used [0x00000000fa000000,0x00000000fa000000,0x0000000100000000)
 ParOldGen       total 1310720K, used 1161146K [0x0000000080000000, 0x00000000d0000000, 0x00000000d0000000)
  object space 1310720K, 88% used [0x0000000080000000,0x00000000c6dee818,0x00000000d0000000)
 Metaspace       used 250857K, capacity 255686K, committed 256000K, reserved 747520K
  class space    used 23985K, capacity 24962K, committed 25088K, reserved 516096K
2025-05-15T03:15:32.067+0900: 32543.354: [GC (Allocation Failure) [PSYoungGen: 590400K->608K(688128K)] 1751546K->1161762K(1998848K), 0.0125059 secs] [Times: user=0.03 sys=0.00, real=0.02 secs] 
Heap after GC invocations=618 (full 2):
 PSYoungGen      total 688128K, used 608K [0x00000000d0000000, 0x0000000100000000, 0x0000000100000000)
  eden space 589824K, 0% used [0x00000000d0000000,0x00000000d0000000,0x00000000f4000000)
  from space 98304K, 0% used [0x00000000fa000000,0x00000000fa098000,0x0000000100000000)
  to   space 98304K, 0% used [0x00000000f4000000,0x00000000f4000000,0x00000000fa000000)
 ParOldGen       total 1310720K, used 1161154K [0x0000000080000000, 0x00000000d0000000, 0x00000000d0000000)
  object space 1310720K, 88% used [0x0000000080000000,0x00000000c6df0818,0x00000000d0000000)
 Metaspace       used 250857K, capacity 255686K, committed 256000K, reserved 747520K
  class space    used 23985K, capacity 24962K, committed 25088K, reserved 516096K
}
{Heap before GC invocations=619 (full 2):
 PSYoungGen      total 688128K, used 590432K [0x00000000d0000000, 0x0000000100000000, 0x0000000100000000)
  eden space 589824K, 100% used [0x00000000d0000000,0x00000000f4000000,0x00000000f4000000)
  from space 98304K, 0% used [0x00000000fa000000,0x00000000fa098000,0x0000000100000000)
  to   space 98304K, 0% used [0x00000000f4000000,0x00000000f4000000,0x00000000fa000000)
 ParOldGen       total 1310720K, used 1161154K [0x0000000080000000, 0x00000000d0000000, 0x00000000d0000000)
  object space 1310720K, 88% used [0x0000000080000000,0x00000000c6df0818,0x00000000d0000000)
 Metaspace       used 250857K, capacity 255686K, committed 256000K, reserved 747520K
  class space    used 23985K, capacity 24962K, committed 25088K, reserved 516096K
2025-05-15T03:16:35.227+0900: 32606.514: [GC (Allocation Failure) [PSYoungGen: 590432K->608K(688128K)] 1751586K->1161786K(1998848K), 0.0121977 secs] [Times: user=0.04 sys=0.00, real=0.02 secs] 
Heap after GC invocations=619 (full 2):
 PSYoungGen      total 688128K, used 608K [0x00000000d0000000, 0x0000000100000000, 0x0000000100000000)
  eden space 589824K, 0% used [0x00000000d0000000,0x00000000d0000000,0x00000000f4000000)
  from space 98304K, 0% used [0x00000000f4000000,0x00000000f4098000,0x00000000fa000000)
  to   space 98304K, 0% used [0x00000000fa000000,0x00000000fa000000,0x0000000100000000)
 ParOldGen       total 1310720K, used 1161178K [0x0000000080000000, 0x00000000d0000000, 0x00000000d0000000)
  object space 1310720K, 88% used [0x0000000080000000,0x00000000c6df6818,0x00000000d0000000)
 Metaspace       used 250857K, capacity 255686K, committed 256000K, reserved 747520K
  class space    used 23985K, capacity 24962K, committed 25088K, reserved 516096K
}
{Heap before GC invocations=620 (full 2):
 PSYoungGen      total 688128K, used 590432K [0x00000000d0000000, 0x0000000100000000, 0x0000000100000000)
  eden space 589824K, 100% used [0x00000000d0000000,0x00000000f4000000,0x00000000f4000000)
  from space 98304K, 0% used [0x00000000f4000000,0x00000000f4098000,0x00000000fa000000)
  to   space 98304K, 0% used [0x00000000fa000000,0x00000000fa000000,0x0000000100000000)
 ParOldGen       total 1310720K, used 1161178K [0x0000000080000000, 0x00000000d0000000, 0x00000000d0000000)
  object space 1310720K, 88% used [0x0000000080000000,0x00000000c6df6818,0x00000000d0000000)
 Metaspace       used 250857K, capacity 255686K, committed 256000K, reserved 747520K
  class space    used 23985K, capacity 24962K, committed 25088K, reserved 516096K
2025-05-15T03:17:37.461+0900: 32668.748: [GC (Allocation Failure) [PSYoungGen: 590432K->608K(688128K)] 1751610K->1161810K(1998848K), 0.0126741 secs] [Times: user=0.03 sys=0.00, real=0.01 secs] 
Heap after GC invocations=620 (full 2):
 PSYoungGen      total 688128K, used 608K [0x00000000d0000000, 0x0000000100000000, 0x0000000100000000)
  eden space 589824K, 0% used [0x00000000d0000000,0x00000000d0000000,0x00000000f4000000)
  from space 98304K, 0% used [0x00000000fa000000,0x00000000fa098000,0x0000000100000000)
  to   space 98304K, 0% used [0x00000000f4000000,0x00000000f4000000,0x00000000fa000000)
 ParOldGen       total 1310720K, used 1161202K [0x0000000080000000, 0x00000000d0000000, 0x00000000d0000000)
  object space 1310720K, 88% used [0x0000000080000000,0x00000000c6dfc818,0x00000000d0000000)
 Metaspace       used 250857K, capacity 255686K, committed 256000K, reserved 747520K
  class space    used 23985K, capacity 24962K, committed 25088K, reserved 516096K
}
{Heap before GC invocations=621 (full 2):
 PSYoungGen      total 688128K, used 590432K [0x00000000d0000000, 0x0000000100000000, 0x0000000100000000)
  eden space 589824K, 100% used [0x00000000d0000000,0x00000000f4000000,0x00000000f4000000)
  from space 98304K, 0% used [0x00000000fa000000,0x00000000fa098000,0x0000000100000000)
  to   space 98304K, 0% used [0x00000000f4000000,0x00000000f4000000,0x00000000fa000000)
 ParOldGen       total 1310720K, used 1161202K [0x0000000080000000, 0x00000000d0000000, 0x00000000d0000000)
  object space 1310720K, 88% used [0x0000000080000000,0x00000000c6dfc818,0x00000000d0000000)
 Metaspace       used 250858K, capacity 255686K, committed 256000K, reserved 747520K
  class space    used 23985K, capacity 24962K, committed 25088K, reserved 516096K
2025-05-15T03:18:39.681+0900: 32730.968: [GC (Allocation Failure) [PSYoungGen: 590432K->608K(688128K)] 1751634K->1161834K(1998848K), 0.0133252 secs] [Times: user=0.02 sys=0.00, real=0.01 secs] 
Heap after GC invocations=621 (full 2):
 PSYoungGen      total 688128K, used 608K [0x00000000d0000000, 0x0000000100000000, 0x0000000100000000)
  eden space 589824K, 0% used [0x00000000d0000000,0x00000000d0000000,0x00000000f4000000)
  from space 98304K, 0% used [0x00000000f4000000,0x00000000f4098000,0x00000000fa000000)
  to   space 98304K, 0% used [0x00000000fa000000,0x00000000fa000000,0x0000000100000000)
 ParOldGen       total 1310720K, used 1161226K [0x0000000080000000, 0x00000000d0000000, 0x00000000d0000000)
  object space 1310720K, 88% used [0x0000000080000000,0x00000000c6e02818,0x00000000d0000000)
 Metaspace       used 250858K, capacity 255686K, committed 256000K, reserved 747520K
  class space    used 23985K, capacity 24962K, committed 25088K, reserved 516096K
}
{Heap before GC invocations=622 (full 2):
 PSYoungGen      total 688128K, used 590432K [0x00000000d0000000, 0x0000000100000000, 0x0000000100000000)
  eden space 589824K, 100% used [0x00000000d0000000,0x00000000f4000000,0x00000000f4000000)
  from space 98304K, 0% used [0x00000000f4000000,0x00000000f4098000,0x00000000fa000000)
  to   space 98304K, 0% used [0x00000000fa000000,0x00000000fa000000,0x0000000100000000)
 ParOldGen       total 1310720K, used 1161226K [0x0000000080000000, 0x00000000d0000000, 0x00000000d0000000)
  object space 1310720K, 88% used [0x0000000080000000,0x00000000c6e02818,0x00000000d0000000)
 Metaspace       used 250858K, capacity 255686K, committed 256000K, reserved 747520K
  class space    used 23985K, capacity 24962K, committed 25088K, reserved 516096K
2025-05-15T03:19:41.952+0900: 32793.239: [GC (Allocation Failure) [PSYoungGen: 590432K->576K(688128K)] 1751658K->1161818K(1998848K), 0.0125227 secs] [Times: user=0.03 sys=0.00, real=0.01 secs] 
Heap after GC invocations=622 (full 2):
 PSYoungGen      total 688128K, used 576K [0x00000000d0000000, 0x0000000100000000, 0x0000000100000000)
  eden space 589824K, 0% used [0x00000000d0000000,0x00000000d0000000,0x00000000f4000000)
  from space 98304K, 0% used [0x00000000fa000000,0x00000000fa090000,0x0000000100000000)
  to   space 98304K, 0% used [0x00000000f4000000,0x00000000f4000000,0x00000000fa000000)
 ParOldGen       total 1310720K, used 1161242K [0x0000000080000000, 0x00000000d0000000, 0x00000000d0000000)
  object space 1310720K, 88% used [0x0000000080000000,0x00000000c6e06818,0x00000000d0000000)
 Metaspace       used 250858K, capacity 255686K, committed 256000K, reserved 747520K
  class space    used 23985K, capacity 24962K, committed 25088K, reserved 516096K
}
{Heap before GC invocations=623 (full 2):
 PSYoungGen      total 688128K, used 590400K [0x00000000d0000000, 0x0000000100000000, 0x0000000100000000)
  eden space 589824K, 100% used [0x00000000d0000000,0x00000000f4000000,0x00000000f4000000)
  from space 98304K, 0% used [0x00000000fa000000,0x00000000fa090000,0x0000000100000000)
  to   space 98304K, 0% used [0x00000000f4000000,0x00000000f4000000,0x00000000fa000000)
 ParOldGen       total 1310720K, used 1161242K [0x0000000080000000, 0x00000000d0000000, 0x00000000d0000000)
  object space 1310720K, 88% used [0x0000000080000000,0x00000000c6e06818,0x00000000d0000000)
 Metaspace       used 250858K, capacity 255686K, committed 256000K, reserved 747520K
  class space    used 23985K, capacity 24962K, committed 25088K, reserved 516096K
2025-05-15T03:20:45.111+0900: 32856.398: [GC (Allocation Failure) [PSYoungGen: 590400K->576K(688128K)] 1751642K->1161850K(1998848K), 0.0127199 secs] [Times: user=0.04 sys=0.00, real=0.01 secs] 
Heap after GC invocations=623 (full 2):
 PSYoungGen      total 688128K, used 576K [0x00000000d0000000, 0x0000000100000000, 0x0000000100000000)
  eden space 589824K, 0% used [0x00000000d0000000,0x00000000d0000000,0x00000000f4000000)
  from space 98304K, 0% used [0x00000000f4000000,0x00000000f4090000,0x00000000fa000000)
  to   space 98304K, 0% used [0x00000000fa000000,0x00000000fa000000,0x0000000100000000)
 ParOldGen       total 1310720K, used 1161274K [0x0000000080000000, 0x00000000d0000000, 0x00000000d0000000)
  object space 1310720K, 88% used [0x0000000080000000,0x00000000c6e0e818,0x00000000d0000000)
 Metaspace       used 250858K, capacity 255686K, committed 256000K, reserved 747520K
  class space    used 23985K, capacity 24962K, committed 25088K, reserved 516096K
}
{Heap before GC invocations=624 (full 2):
 PSYoungGen      total 688128K, used 590400K [0x00000000d0000000, 0x0000000100000000, 0x0000000100000000)
  eden space 589824K, 100% used [0x00000000d0000000,0x00000000f4000000,0x00000000f4000000)
  from space 98304K, 0% used [0x00000000f4000000,0x00000000f4090000,0x00000000fa000000)
  to   space 98304K, 0% used [0x00000000fa000000,0x00000000fa000000,0x0000000100000000)
 ParOldGen       total 1310720K, used 1161274K [0x0000000080000000, 0x00000000d0000000, 0x00000000d0000000)
  object space 1310720K, 88% used [0x0000000080000000,0x00000000c6e0e818,0x00000000d0000000)
 Metaspace       used 250858K, capacity 255686K, committed 256000K, reserved 747520K
  class space    used 23985K, capacity 24962K, committed 25088K, reserved 516096K
2025-05-15T03:21:47.346+0900: 32918.633: [GC (Allocation Failure) [PSYoungGen: 590400K->608K(688128K)] 1751674K->1161906K(1998848K), 0.0128544 secs] [Times: user=0.03 sys=0.00, real=0.02 secs] 
Heap after GC invocations=624 (full 2):
 PSYoungGen      total 688128K, used 608K [0x00000000d0000000, 0x0000000100000000, 0x0000000100000000)
  eden space 589824K, 0% used [0x00000000d0000000,0x00000000d0000000,0x00000000f4000000)
  from space 98304K, 0% used [0x00000000fa000000,0x00000000fa098000,0x0000000100000000)
  to   space 98304K, 0% used [0x00000000f4000000,0x00000000f4000000,0x00000000fa000000)
 ParOldGen       total 1310720K, used 1161298K [0x0000000080000000, 0x00000000d0000000, 0x00000000d0000000)
  object space 1310720K, 88% used [0x0000000080000000,0x00000000c6e14818,0x00000000d0000000)
 Metaspace       used 250858K, capacity 255686K, committed 256000K, reserved 747520K
  class space    used 23985K, capacity 24962K, committed 25088K, reserved 516096K
}
{Heap before GC invocations=625 (full 2):
 PSYoungGen      total 688128K, used 590432K [0x00000000d0000000, 0x0000000100000000, 0x0000000100000000)
  eden space 589824K, 100% used [0x00000000d0000000,0x00000000f4000000,0x00000000f4000000)
  from space 98304K, 0% used [0x00000000fa000000,0x00000000fa098000,0x0000000100000000)
  to   space 98304K, 0% used [0x00000000f4000000,0x00000000f4000000,0x00000000fa000000)
 ParOldGen       total 1310720K, used 1161298K [0x0000000080000000, 0x00000000d0000000, 0x00000000d0000000)
  object space 1310720K, 88% used [0x0000000080000000,0x00000000c6e14818,0x00000000d0000000)
 Metaspace       used 250858K, capacity 255686K, committed 256000K, reserved 747520K
  class space    used 23985K, capacity 24962K, committed 25088K, reserved 516096K
2025-05-15T03:22:49.568+0900: 32980.855: [GC (Allocation Failure) [PSYoungGen: 590432K->576K(688128K)] 1751730K->1161890K(1998848K), 0.0125601 secs] [Times: user=0.02 sys=0.00, real=0.02 secs] 
Heap after GC invocations=625 (full 2):
 PSYoungGen      total 688128K, used 576K [0x00000000d0000000, 0x0000000100000000, 0x0000000100000000)
  eden space 589824K, 0% used [0x00000000d0000000,0x00000000d0000000,0x00000000f4000000)
  from space 98304K, 0% used [0x00000000f4000000,0x00000000f4090000,0x00000000fa000000)
  to   space 98304K, 0% used [0x00000000fa000000,0x00000000fa000000,0x0000000100000000)
 ParOldGen       total 1310720K, used 1161314K [0x0000000080000000, 0x00000000d0000000, 0x00000000d0000000)
  object space 1310720K, 88% used [0x0000000080000000,0x00000000c6e18818,0x00000000d0000000)
 Metaspace       used 250858K, capacity 255686K, committed 256000K, reserved 747520K
  class space    used 23985K, capacity 24962K, committed 25088K, reserved 516096K
}
{Heap before GC invocations=626 (full 2):
 PSYoungGen      total 688128K, used 590400K [0x00000000d0000000, 0x0000000100000000, 0x0000000100000000)
  eden space 589824K, 100% used [0x00000000d0000000,0x00000000f4000000,0x00000000f4000000)
  from space 98304K, 0% used [0x00000000f4000000,0x00000000f4090000,0x00000000fa000000)
  to   space 98304K, 0% used [0x00000000fa000000,0x00000000fa000000,0x0000000100000000)
 ParOldGen       total 1310720K, used 1161314K [0x0000000080000000, 0x00000000d0000000, 0x00000000d0000000)
  object space 1310720K, 88% used [0x0000000080000000,0x00000000c6e18818,0x00000000d0000000)
 Metaspace       used 250858K, capacity 255686K, committed 256000K, reserved 747520K
  class space    used 23985K, capacity 24962K, committed 25088K, reserved 516096K
2025-05-15T03:23:51.865+0900: 33043.152: [GC (Allocation Failure) [PSYoungGen: 590400K->608K(688128K)] 1751714K->1161938K(1998848K), 0.0128372 secs] [Times: user=0.03 sys=0.00, real=0.01 secs] 
Heap after GC invocations=626 (full 2):
 PSYoungGen      total 688128K, used 608K [0x00000000d0000000, 0x0000000100000000, 0x0000000100000000)
  eden space 589824K, 0% used [0x00000000d0000000,0x00000000d0000000,0x00000000f4000000)
  from space 98304K, 0% used [0x00000000fa000000,0x00000000fa098000,0x0000000100000000)
  to   space 98304K, 0% used [0x00000000f4000000,0x00000000f4000000,0x00000000fa000000)
 ParOldGen       total 1310720K, used 1161330K [0x0000000080000000, 0x00000000d0000000, 0x00000000d0000000)
  object space 1310720K, 88% used [0x0000000080000000,0x00000000c6e1c818,0x00000000d0000000)
 Metaspace       used 250858K, capacity 255686K, committed 256000K, reserved 747520K
  class space    used 23985K, capacity 24962K, committed 25088K, reserved 516096K
}
{Heap before GC invocations=627 (full 2):
 PSYoungGen      total 688128K, used 590432K [0x00000000d0000000, 0x0000000100000000, 0x0000000100000000)
  eden space 589824K, 100% used [0x00000000d0000000,0x00000000f4000000,0x00000000f4000000)
  from space 98304K, 0% used [0x00000000fa000000,0x00000000fa098000,0x0000000100000000)
  to   space 98304K, 0% used [0x00000000f4000000,0x00000000f4000000,0x00000000fa000000)
 ParOldGen       total 1310720K, used 1161330K [0x0000000080000000, 0x00000000d0000000, 0x00000000d0000000)
  object space 1310720K, 88% used [0x0000000080000000,0x00000000c6e1c818,0x00000000d0000000)
 Metaspace       used 250858K, capacity 255686K, committed 256000K, reserved 747520K
  class space    used 23985K, capacity 24962K, committed 25088K, reserved 516096K
2025-05-15T03:24:53.998+0900: 33105.285: [GC (Allocation Failure) [PSYoungGen: 590432K->608K(688128K)] 1751762K->1161954K(1998848K), 0.0121598 secs] [Times: user=0.03 sys=0.00, real=0.02 secs] 
Heap after GC invocations=627 (full 2):
 PSYoungGen      total 688128K, used 608K [0x00000000d0000000, 0x0000000100000000, 0x0000000100000000)
  eden space 589824K, 0% used [0x00000000d0000000,0x00000000d0000000,0x00000000f4000000)
  from space 98304K, 0% used [0x00000000f4000000,0x00000000f4098000,0x00000000fa000000)
  to   space 98304K, 0% used [0x00000000fa000000,0x00000000fa000000,0x0000000100000000)
 ParOldGen       total 1310720K, used 1161346K [0x0000000080000000, 0x00000000d0000000, 0x00000000d0000000)
  object space 1310720K, 88% used [0x0000000080000000,0x00000000c6e20818,0x00000000d0000000)
 Metaspace       used 250858K, capacity 255686K, committed 256000K, reserved 747520K
  class space    used 23985K, capacity 24962K, committed 25088K, reserved 516096K
}
{Heap before GC invocations=628 (full 2):
 PSYoungGen      total 688128K, used 590432K [0x00000000d0000000, 0x0000000100000000, 0x0000000100000000)
  eden space 589824K, 100% used [0x00000000d0000000,0x00000000f4000000,0x00000000f4000000)
  from space 98304K, 0% used [0x00000000f4000000,0x00000000f4098000,0x00000000fa000000)
  to   space 98304K, 0% used [0x00000000fa000000,0x00000000fa000000,0x0000000100000000)
 ParOldGen       total 1310720K, used 1161346K [0x0000000080000000, 0x00000000d0000000, 0x00000000d0000000)
  object space 1310720K, 88% used [0x0000000080000000,0x00000000c6e20818,0x00000000d0000000)
 Metaspace       used 250858K, capacity 255686K, committed 256000K, reserved 747520K
  class space    used 23985K, capacity 24962K, committed 25088K, reserved 516096K
2025-05-15T03:25:56.264+0900: 33167.551: [GC (Allocation Failure) [PSYoungGen: 590432K->576K(688128K)] 1751778K->1161938K(1998848K), 0.0128239 secs] [Times: user=0.03 sys=0.00, real=0.01 secs] 
Heap after GC invocations=628 (full 2):
 PSYoungGen      total 688128K, used 576K [0x00000000d0000000, 0x0000000100000000, 0x0000000100000000)
  eden space 589824K, 0% used [0x00000000d0000000,0x00000000d0000000,0x00000000f4000000)
  from space 98304K, 0% used [0x00000000fa000000,0x00000000fa090000,0x0000000100000000)
  to   space 98304K, 0% used [0x00000000f4000000,0x00000000f4000000,0x00000000fa000000)
 ParOldGen       total 1310720K, used 1161362K [0x0000000080000000, 0x00000000d0000000, 0x00000000d0000000)
  object space 1310720K, 88% used [0x0000000080000000,0x00000000c6e24818,0x00000000d0000000)
 Metaspace       used 250858K, capacity 255686K, committed 256000K, reserved 747520K
  class space    used 23985K, capacity 24962K, committed 25088K, reserved 516096K
}
{Heap before GC invocations=629 (full 2):
 PSYoungGen      total 688128K, used 590400K [0x00000000d0000000, 0x0000000100000000, 0x0000000100000000)
  eden space 589824K, 100% used [0x00000000d0000000,0x00000000f4000000,0x00000000f4000000)
  from space 98304K, 0% used [0x00000000fa000000,0x00000000fa090000,0x0000000100000000)
  to   space 98304K, 0% used [0x00000000f4000000,0x00000000f4000000,0x00000000fa000000)
 ParOldGen       total 1310720K, used 1161362K [0x0000000080000000, 0x00000000d0000000, 0x00000000d0000000)
  object space 1310720K, 88% used [0x0000000080000000,0x00000000c6e24818,0x00000000d0000000)
 Metaspace       used 250858K, capacity 255686K, committed 256000K, reserved 747520K
  class space    used 23985K, capacity 24962K, committed 25088K, reserved 516096K
2025-05-15T03:26:58.511+0900: 33229.798: [GC (Allocation Failure) [PSYoungGen: 590400K->640K(688128K)] 1751762K->1162018K(1998848K), 0.0122715 secs] [Times: user=0.03 sys=0.00, real=0.01 secs] 
Heap after GC invocations=629 (full 2):
 PSYoungGen      total 688128K, used 640K [0x00000000d0000000, 0x0000000100000000, 0x0000000100000000)
  eden space 589824K, 0% used [0x00000000d0000000,0x00000000d0000000,0x00000000f4000000)
  from space 98304K, 0% used [0x00000000f4000000,0x00000000f40a0000,0x00000000fa000000)
  to   space 98304K, 0% used [0x00000000fa000000,0x00000000fa000000,0x0000000100000000)
 ParOldGen       total 1310720K, used 1161378K [0x0000000080000000, 0x00000000d0000000, 0x00000000d0000000)
  object space 1310720K, 88% used [0x0000000080000000,0x00000000c6e28818,0x00000000d0000000)
 Metaspace       used 250858K, capacity 255686K, committed 256000K, reserved 747520K
  class space    used 23985K, capacity 24962K, committed 25088K, reserved 516096K
}
{Heap before GC invocations=630 (full 2):
 PSYoungGen      total 688128K, used 590464K [0x00000000d0000000, 0x0000000100000000, 0x0000000100000000)
  eden space 589824K, 100% used [0x00000000d0000000,0x00000000f4000000,0x00000000f4000000)
  from space 98304K, 0% used [0x00000000f4000000,0x00000000f40a0000,0x00000000fa000000)
  to   space 98304K, 0% used [0x00000000fa000000,0x00000000fa000000,0x0000000100000000)
 ParOldGen       total 1310720K, used 1161378K [0x0000000080000000, 0x00000000d0000000, 0x00000000d0000000)
  object space 1310720K, 88% used [0x0000000080000000,0x00000000c6e28818,0x00000000d0000000)
 Metaspace       used 250858K, capacity 255686K, committed 256000K, reserved 747520K
  class space    used 23985K, capacity 24962K, committed 25088K, reserved 516096K
2025-05-15T03:28:01.121+0900: 33292.408: [GC (Allocation Failure) [PSYoungGen: 590464K->608K(688128K)] 1751842K->1162018K(1998848K), 0.0121447 secs] [Times: user=0.03 sys=0.00, real=0.01 secs] 
Heap after GC invocations=630 (full 2):
 PSYoungGen      total 688128K, used 608K [0x00000000d0000000, 0x0000000100000000, 0x0000000100000000)
  eden space 589824K, 0% used [0x00000000d0000000,0x00000000d0000000,0x00000000f4000000)
  from space 98304K, 0% used [0x00000000fa000000,0x00000000fa098000,0x0000000100000000)
  to   space 98304K, 0% used [0x00000000f4000000,0x00000000f4000000,0x00000000fa000000)
 ParOldGen       total 1310720K, used 1161410K [0x0000000080000000, 0x00000000d0000000, 0x00000000d0000000)
  object space 1310720K, 88% used [0x0000000080000000,0x00000000c6e30818,0x00000000d0000000)
 Metaspace       used 250858K, capacity 255686K, committed 256000K, reserved 747520K
  class space    used 23985K, capacity 24962K, committed 25088K, reserved 516096K
}
{Heap before GC invocations=631 (full 2):
 PSYoungGen      total 688128K, used 590432K [0x00000000d0000000, 0x0000000100000000, 0x0000000100000000)
  eden space 589824K, 100% used [0x00000000d0000000,0x00000000f4000000,0x00000000f4000000)
  from space 98304K, 0% used [0x00000000fa000000,0x00000000fa098000,0x0000000100000000)
  to   space 98304K, 0% used [0x00000000f4000000,0x00000000f4000000,0x00000000fa000000)
 ParOldGen       total 1310720K, used 1161410K [0x0000000080000000, 0x00000000d0000000, 0x00000000d0000000)
  object space 1310720K, 88% used [0x0000000080000000,0x00000000c6e30818,0x00000000d0000000)
 Metaspace       used 250858K, capacity 255686K, committed 256000K, reserved 747520K
  class space    used 23985K, capacity 24962K, committed 25088K, reserved 516096K
2025-05-15T03:29:01.894+0900: 33353.181: [GC (Allocation Failure) [PSYoungGen: 590432K->576K(688128K)] 1751842K->1162010K(1998848K), 0.0133137 secs] [Times: user=0.03 sys=0.00, real=0.01 secs] 
Heap after GC invocations=631 (full 2):
 PSYoungGen      total 688128K, used 576K [0x00000000d0000000, 0x0000000100000000, 0x0000000100000000)
  eden space 589824K, 0% used [0x00000000d0000000,0x00000000d0000000,0x00000000f4000000)
  from space 98304K, 0% used [0x00000000f4000000,0x00000000f4090000,0x00000000fa000000)
  to   space 98304K, 0% used [0x00000000fa000000,0x00000000fa000000,0x0000000100000000)
 ParOldGen       total 1310720K, used 1161434K [0x0000000080000000, 0x00000000d0000000, 0x00000000d0000000)
  object space 1310720K, 88% used [0x0000000080000000,0x00000000c6e36818,0x00000000d0000000)
 Metaspace       used 250858K, capacity 255686K, committed 256000K, reserved 747520K
  class space    used 23985K, capacity 24962K, committed 25088K, reserved 516096K
}
{Heap before GC invocations=632 (full 2):
 PSYoungGen      total 688128K, used 590400K [0x00000000d0000000, 0x0000000100000000, 0x0000000100000000)
  eden space 589824K, 100% used [0x00000000d0000000,0x00000000f4000000,0x00000000f4000000)
  from space 98304K, 0% used [0x00000000f4000000,0x00000000f4090000,0x00000000fa000000)
  to   space 98304K, 0% used [0x00000000fa000000,0x00000000fa000000,0x0000000100000000)
 ParOldGen       total 1310720K, used 1161434K [0x0000000080000000, 0x00000000d0000000, 0x00000000d0000000)
  object space 1310720K, 88% used [0x0000000080000000,0x00000000c6e36818,0x00000000d0000000)
 Metaspace       used 250858K, capacity 255686K, committed 256000K, reserved 747520K
  class space    used 23985K, capacity 24962K, committed 25088K, reserved 516096K
2025-05-15T03:30:04.048+0900: 33415.335: [GC (Allocation Failure) [PSYoungGen: 590400K->576K(688128K)] 1751834K->1162026K(1998848K), 0.0121546 secs] [Times: user=0.03 sys=0.00, real=0.02 secs] 
Heap after GC invocations=632 (full 2):
 PSYoungGen      total 688128K, used 576K [0x00000000d0000000, 0x0000000100000000, 0x0000000100000000)
  eden space 589824K, 0% used [0x00000000d0000000,0x00000000d0000000,0x00000000f4000000)
  from space 98304K, 0% used [0x00000000fa000000,0x00000000fa090000,0x0000000100000000)
  to   space 98304K, 0% used [0x00000000f4000000,0x00000000f4000000,0x00000000fa000000)
 ParOldGen       total 1310720K, used 1161450K [0x0000000080000000, 0x00000000d0000000, 0x00000000d0000000)
  object space 1310720K, 88% used [0x0000000080000000,0x00000000c6e3a818,0x00000000d0000000)
 Metaspace       used 250858K, capacity 255686K, committed 256000K, reserved 747520K
  class space    used 23985K, capacity 24962K, committed 25088K, reserved 516096K
}
{Heap before GC invocations=633 (full 2):
 PSYoungGen      total 688128K, used 590400K [0x00000000d0000000, 0x0000000100000000, 0x0000000100000000)
  eden space 589824K, 100% used [0x00000000d0000000,0x00000000f4000000,0x00000000f4000000)
  from space 98304K, 0% used [0x00000000fa000000,0x00000000fa090000,0x0000000100000000)
  to   space 98304K, 0% used [0x00000000f4000000,0x00000000f4000000,0x00000000fa000000)
 ParOldGen       total 1310720K, used 1161450K [0x0000000080000000, 0x00000000d0000000, 0x00000000d0000000)
  object space 1310720K, 88% used [0x0000000080000000,0x00000000c6e3a818,0x00000000d0000000)
 Metaspace       used 250858K, capacity 255686K, committed 256000K, reserved 747520K
  class space    used 23985K, capacity 24962K, committed 25088K, reserved 516096K
2025-05-15T03:31:06.199+0900: 33477.486: [GC (Allocation Failure) [PSYoungGen: 590400K->576K(688128K)] 1751850K->1162050K(1998848K), 0.0127815 secs] [Times: user=0.03 sys=0.00, real=0.01 secs] 
Heap after GC invocations=633 (full 2):
 PSYoungGen      total 688128K, used 576K [0x00000000d0000000, 0x0000000100000000, 0x0000000100000000)
  eden space 589824K, 0% used [0x00000000d0000000,0x00000000d0000000,0x00000000f4000000)
  from space 98304K, 0% used [0x00000000f4000000,0x00000000f4090000,0x00000000fa000000)
  to   space 98304K, 0% used [0x00000000fa000000,0x00000000fa000000,0x0000000100000000)
 ParOldGen       total 1310720K, used 1161474K [0x0000000080000000, 0x00000000d0000000, 0x00000000d0000000)
  object space 1310720K, 88% used [0x0000000080000000,0x00000000c6e40818,0x00000000d0000000)
 Metaspace       used 250858K, capacity 255686K, committed 256000K, reserved 747520K
  class space    used 23985K, capacity 24962K, committed 25088K, reserved 516096K
}
{Heap before GC invocations=634 (full 2):
 PSYoungGen      total 688128K, used 590400K [0x00000000d0000000, 0x0000000100000000, 0x0000000100000000)
  eden space 589824K, 100% used [0x00000000d0000000,0x00000000f4000000,0x00000000f4000000)
  from space 98304K, 0% used [0x00000000f4000000,0x00000000f4090000,0x00000000fa000000)
  to   space 98304K, 0% used [0x00000000fa000000,0x00000000fa000000,0x0000000100000000)
 ParOldGen       total 1310720K, used 1161474K [0x0000000080000000, 0x00000000d0000000, 0x00000000d0000000)
  object space 1310720K, 88% used [0x0000000080000000,0x00000000c6e40818,0x00000000d0000000)
 Metaspace       used 250858K, capacity 255686K, committed 256000K, reserved 747520K
  class space    used 23985K, capacity 24962K, committed 25088K, reserved 516096K
2025-05-15T03:32:08.379+0900: 33539.666: [GC (Allocation Failure) [PSYoungGen: 590400K->608K(688128K)] 1751874K->1162098K(1998848K), 0.0122642 secs] [Times: user=0.03 sys=0.00, real=0.01 secs] 
Heap after GC invocations=634 (full 2):
 PSYoungGen      total 688128K, used 608K [0x00000000d0000000, 0x0000000100000000, 0x0000000100000000)
  eden space 589824K, 0% used [0x00000000d0000000,0x00000000d0000000,0x00000000f4000000)
  from space 98304K, 0% used [0x00000000fa000000,0x00000000fa098000,0x0000000100000000)
  to   space 98304K, 0% used [0x00000000f4000000,0x00000000f4000000,0x00000000fa000000)
 ParOldGen       total 1310720K, used 1161490K [0x0000000080000000, 0x00000000d0000000, 0x00000000d0000000)
  object space 1310720K, 88% used [0x0000000080000000,0x00000000c6e44818,0x00000000d0000000)
 Metaspace       used 250858K, capacity 255686K, committed 256000K, reserved 747520K
  class space    used 23985K, capacity 24962K, committed 25088K, reserved 516096K
}
{Heap before GC invocations=635 (full 2):
 PSYoungGen      total 688128K, used 590432K [0x00000000d0000000, 0x0000000100000000, 0x0000000100000000)
  eden space 589824K, 100% used [0x00000000d0000000,0x00000000f4000000,0x00000000f4000000)
  from space 98304K, 0% used [0x00000000fa000000,0x00000000fa098000,0x0000000100000000)
  to   space 98304K, 0% used [0x00000000f4000000,0x00000000f4000000,0x00000000fa000000)
 ParOldGen       total 1310720K, used 1161490K [0x0000000080000000, 0x00000000d0000000, 0x00000000d0000000)
  object space 1310720K, 88% used [0x0000000080000000,0x00000000c6e44818,0x00000000d0000000)
 Metaspace       used 250858K, capacity 255686K, committed 256000K, reserved 747520K
  class space    used 23985K, capacity 24962K, committed 25088K, reserved 516096K
2025-05-15T03:33:11.583+0900: 33602.870: [GC (Allocation Failure) [PSYoungGen: 590432K->640K(688128K)] 1751922K->1162154K(1998848K), 0.0127155 secs] [Times: user=0.04 sys=0.00, real=0.01 secs] 
Heap after GC invocations=635 (full 2):
 PSYoungGen      total 688128K, used 640K [0x00000000d0000000, 0x0000000100000000, 0x0000000100000000)
  eden space 589824K, 0% used [0x00000000d0000000,0x00000000d0000000,0x00000000f4000000)
  from space 98304K, 0% used [0x00000000f4000000,0x00000000f40a0000,0x00000000fa000000)
  to   space 98304K, 0% used [0x00000000fa000000,0x00000000fa000000,0x0000000100000000)
 ParOldGen       total 1310720K, used 1161514K [0x0000000080000000, 0x00000000d0000000, 0x00000000d0000000)
  object space 1310720K, 88% used [0x0000000080000000,0x00000000c6e4a818,0x00000000d0000000)
 Metaspace       used 250858K, capacity 255686K, committed 256000K, reserved 747520K
  class space    used 23985K, capacity 24962K, committed 25088K, reserved 516096K
}
{Heap before GC invocations=636 (full 2):
 PSYoungGen      total 688128K, used 590464K [0x00000000d0000000, 0x0000000100000000, 0x0000000100000000)
  eden space 589824K, 100% used [0x00000000d0000000,0x00000000f4000000,0x00000000f4000000)
  from space 98304K, 0% used [0x00000000f4000000,0x00000000f40a0000,0x00000000fa000000)
  to   space 98304K, 0% used [0x00000000fa000000,0x00000000fa000000,0x0000000100000000)
 ParOldGen       total 1310720K, used 1161514K [0x0000000080000000, 0x00000000d0000000, 0x00000000d0000000)
  object space 1310720K, 88% used [0x0000000080000000,0x00000000c6e4a818,0x00000000d0000000)
 Metaspace       used 250860K, capacity 255686K, committed 256000K, reserved 747520K
  class space    used 23985K, capacity 24962K, committed 25088K, reserved 516096K
2025-05-15T03:34:13.815+0900: 33665.102: [GC (Allocation Failure) [PSYoungGen: 590464K->608K(688128K)] 1751978K->1162138K(1998848K), 0.0132472 secs] [Times: user=0.03 sys=0.00, real=0.02 secs] 
Heap after GC invocations=636 (full 2):
 PSYoungGen      total 688128K, used 608K [0x00000000d0000000, 0x0000000100000000, 0x0000000100000000)
  eden space 589824K, 0% used [0x00000000d0000000,0x00000000d0000000,0x00000000f4000000)
  from space 98304K, 0% used [0x00000000fa000000,0x00000000fa098000,0x0000000100000000)
  to   space 98304K, 0% used [0x00000000f4000000,0x00000000f4000000,0x00000000fa000000)
 ParOldGen       total 1310720K, used 1161530K [0x0000000080000000, 0x00000000d0000000, 0x00000000d0000000)
  object space 1310720K, 88% used [0x0000000080000000,0x00000000c6e4e818,0x00000000d0000000)
 Metaspace       used 250860K, capacity 255686K, committed 256000K, reserved 747520K
  class space    used 23985K, capacity 24962K, committed 25088K, reserved 516096K
}
{Heap before GC invocations=637 (full 2):
 PSYoungGen      total 688128K, used 590432K [0x00000000d0000000, 0x0000000100000000, 0x0000000100000000)
  eden space 589824K, 100% used [0x00000000d0000000,0x00000000f4000000,0x00000000f4000000)
  from space 98304K, 0% used [0x00000000fa000000,0x00000000fa098000,0x0000000100000000)
  to   space 98304K, 0% used [0x00000000f4000000,0x00000000f4000000,0x00000000fa000000)
 ParOldGen       total 1310720K, used 1161530K [0x0000000080000000, 0x00000000d0000000, 0x00000000d0000000)
  object space 1310720K, 88% used [0x0000000080000000,0x00000000c6e4e818,0x00000000d0000000)
 Metaspace       used 250860K, capacity 255686K, committed 256000K, reserved 747520K
  class space    used 23985K, capacity 24962K, committed 25088K, reserved 516096K
2025-05-15T03:35:16.033+0900: 33727.320: [GC (Allocation Failure) [PSYoungGen: 590432K->640K(688128K)] 1751962K->1162186K(1998848K), 0.0124231 secs] [Times: user=0.03 sys=0.00, real=0.01 secs] 
Heap after GC invocations=637 (full 2):
 PSYoungGen      total 688128K, used 640K [0x00000000d0000000, 0x0000000100000000, 0x0000000100000000)
  eden space 589824K, 0% used [0x00000000d0000000,0x00000000d0000000,0x00000000f4000000)
  from space 98304K, 0% used [0x00000000f4000000,0x00000000f40a0000,0x00000000fa000000)
  to   space 98304K, 0% used [0x00000000fa000000,0x00000000fa000000,0x0000000100000000)
 ParOldGen       total 1310720K, used 1161546K [0x0000000080000000, 0x00000000d0000000, 0x00000000d0000000)
  object space 1310720K, 88% used [0x0000000080000000,0x00000000c6e52818,0x00000000d0000000)
 Metaspace       used 250860K, capacity 255686K, committed 256000K, reserved 747520K
  class space    used 23985K, capacity 24962K, committed 25088K, reserved 516096K
}
{Heap before GC invocations=638 (full 2):
 PSYoungGen      total 688128K, used 590464K [0x00000000d0000000, 0x0000000100000000, 0x0000000100000000)
  eden space 589824K, 100% used [0x00000000d0000000,0x00000000f4000000,0x00000000f4000000)
  from space 98304K, 0% used [0x00000000f4000000,0x00000000f40a0000,0x00000000fa000000)
  to   space 98304K, 0% used [0x00000000fa000000,0x00000000fa000000,0x0000000100000000)
 ParOldGen       total 1310720K, used 1161546K [0x0000000080000000, 0x00000000d0000000, 0x00000000d0000000)
  object space 1310720K, 88% used [0x0000000080000000,0x00000000c6e52818,0x00000000d0000000)
 Metaspace       used 250860K, capacity 255686K, committed 256000K, reserved 747520K
  class space    used 23985K, capacity 24962K, committed 25088K, reserved 516096K
2025-05-15T03:36:19.258+0900: 33790.545: [GC (Allocation Failure) [PSYoungGen: 590464K->608K(688128K)] 1752010K->1162162K(1998848K), 0.0123682 secs] [Times: user=0.03 sys=0.00, real=0.02 secs] 
Heap after GC invocations=638 (full 2):
 PSYoungGen      total 688128K, used 608K [0x00000000d0000000, 0x0000000100000000, 0x0000000100000000)
  eden space 589824K, 0% used [0x00000000d0000000,0x00000000d0000000,0x00000000f4000000)
  from space 98304K, 0% used [0x00000000fa000000,0x00000000fa098000,0x0000000100000000)
  to   space 98304K, 0% used [0x00000000f4000000,0x00000000f4000000,0x00000000fa000000)
 ParOldGen       total 1310720K, used 1161554K [0x0000000080000000, 0x00000000d0000000, 0x00000000d0000000)
  object space 1310720K, 88% used [0x0000000080000000,0x00000000c6e54818,0x00000000d0000000)
 Metaspace       used 250860K, capacity 255686K, committed 256000K, reserved 747520K
  class space    used 23985K, capacity 24962K, committed 25088K, reserved 516096K
}
{Heap before GC invocations=639 (full 2):
 PSYoungGen      total 688128K, used 590432K [0x00000000d0000000, 0x0000000100000000, 0x0000000100000000)
  eden space 589824K, 100% used [0x00000000d0000000,0x00000000f4000000,0x00000000f4000000)
  from space 98304K, 0% used [0x00000000fa000000,0x00000000fa098000,0x0000000100000000)
  to   space 98304K, 0% used [0x00000000f4000000,0x00000000f4000000,0x00000000fa000000)
 ParOldGen       total 1310720K, used 1161554K [0x0000000080000000, 0x00000000d0000000, 0x00000000d0000000)
  object space 1310720K, 88% used [0x0000000080000000,0x00000000c6e54818,0x00000000d0000000)
 Metaspace       used 250860K, capacity 255686K, committed 256000K, reserved 747520K
  class space    used 23985K, capacity 24962K, committed 25088K, reserved 516096K
2025-05-15T03:37:21.483+0900: 33852.770: [GC (Allocation Failure) [PSYoungGen: 590432K->640K(688128K)] 1751986K->1162218K(1998848K), 0.0128571 secs] [Times: user=0.03 sys=0.00, real=0.01 secs] 
Heap after GC invocations=639 (full 2):
 PSYoungGen      total 688128K, used 640K [0x00000000d0000000, 0x0000000100000000, 0x0000000100000000)
  eden space 589824K, 0% used [0x00000000d0000000,0x00000000d0000000,0x00000000f4000000)
  from space 98304K, 0% used [0x00000000f4000000,0x00000000f40a0000,0x00000000fa000000)
  to   space 98304K, 0% used [0x00000000fa000000,0x00000000fa000000,0x0000000100000000)
 ParOldGen       total 1310720K, used 1161578K [0x0000000080000000, 0x00000000d0000000, 0x00000000d0000000)
  object space 1310720K, 88% used [0x0000000080000000,0x00000000c6e5a818,0x00000000d0000000)
 Metaspace       used 250860K, capacity 255686K, committed 256000K, reserved 747520K
  class space    used 23985K, capacity 24962K, committed 25088K, reserved 516096K
}
{Heap before GC invocations=640 (full 2):
 PSYoungGen      total 688128K, used 590464K [0x00000000d0000000, 0x0000000100000000, 0x0000000100000000)
  eden space 589824K, 100% used [0x00000000d0000000,0x00000000f4000000,0x00000000f4000000)
  from space 98304K, 0% used [0x00000000f4000000,0x00000000f40a0000,0x00000000fa000000)
  to   space 98304K, 0% used [0x00000000fa000000,0x00000000fa000000,0x0000000100000000)
 ParOldGen       total 1310720K, used 1161578K [0x0000000080000000, 0x00000000d0000000, 0x00000000d0000000)
  object space 1310720K, 88% used [0x0000000080000000,0x00000000c6e5a818,0x00000000d0000000)
 Metaspace       used 250860K, capacity 255686K, committed 256000K, reserved 747520K
  class space    used 23985K, capacity 24962K, committed 25088K, reserved 516096K
2025-05-15T03:38:23.718+0900: 33915.005: [GC (Allocation Failure) [PSYoungGen: 590464K->608K(688128K)] 1752042K->1162194K(1998848K), 0.0124421 secs] [Times: user=0.04 sys=0.00, real=0.02 secs] 
Heap after GC invocations=640 (full 2):
 PSYoungGen      total 688128K, used 608K [0x00000000d0000000, 0x0000000100000000, 0x0000000100000000)
  eden space 589824K, 0% used [0x00000000d0000000,0x00000000d0000000,0x00000000f4000000)
  from space 98304K, 0% used [0x00000000fa000000,0x00000000fa098000,0x0000000100000000)
  to   space 98304K, 0% used [0x00000000f4000000,0x00000000f4000000,0x00000000fa000000)
 ParOldGen       total 1310720K, used 1161586K [0x0000000080000000, 0x00000000d0000000, 0x00000000d0000000)
  object space 1310720K, 88% used [0x0000000080000000,0x00000000c6e5c818,0x00000000d0000000)
 Metaspace       used 250860K, capacity 255686K, committed 256000K, reserved 747520K
  class space    used 23985K, capacity 24962K, committed 25088K, reserved 516096K
}
{Heap before GC invocations=641 (full 2):
 PSYoungGen      total 688128K, used 590432K [0x00000000d0000000, 0x0000000100000000, 0x0000000100000000)
  eden space 589824K, 100% used [0x00000000d0000000,0x00000000f4000000,0x00000000f4000000)
  from space 98304K, 0% used [0x00000000fa000000,0x00000000fa098000,0x0000000100000000)
  to   space 98304K, 0% used [0x00000000f4000000,0x00000000f4000000,0x00000000fa000000)
 ParOldGen       total 1310720K, used 1161586K [0x0000000080000000, 0x00000000d0000000, 0x00000000d0000000)
  object space 1310720K, 88% used [0x0000000080000000,0x00000000c6e5c818,0x00000000d0000000)
 Metaspace       used 250860K, capacity 255686K, committed 256000K, reserved 747520K
  class space    used 23985K, capacity 24962K, committed 25088K, reserved 516096K
2025-05-15T03:39:25.931+0900: 33977.218: [GC (Allocation Failure) [PSYoungGen: 590432K->608K(688128K)] 1752018K->1162218K(1998848K), 0.0122621 secs] [Times: user=0.03 sys=0.00, real=0.01 secs] 
Heap after GC invocations=641 (full 2):
 PSYoungGen      total 688128K, used 608K [0x00000000d0000000, 0x0000000100000000, 0x0000000100000000)
  eden space 589824K, 0% used [0x00000000d0000000,0x00000000d0000000,0x00000000f4000000)
  from space 98304K, 0% used [0x00000000f4000000,0x00000000f4098000,0x00000000fa000000)
  to   space 98304K, 0% used [0x00000000fa000000,0x00000000fa000000,0x0000000100000000)
 ParOldGen       total 1310720K, used 1161610K [0x0000000080000000, 0x00000000d0000000, 0x00000000d0000000)
  object space 1310720K, 88% used [0x0000000080000000,0x00000000c6e62818,0x00000000d0000000)
 Metaspace       used 250860K, capacity 255686K, committed 256000K, reserved 747520K
  class space    used 23985K, capacity 24962K, committed 25088K, reserved 516096K
}
{Heap before GC invocations=642 (full 2):
 PSYoungGen      total 688128K, used 590432K [0x00000000d0000000, 0x0000000100000000, 0x0000000100000000)
  eden space 589824K, 100% used [0x00000000d0000000,0x00000000f4000000,0x00000000f4000000)
  from space 98304K, 0% used [0x00000000f4000000,0x00000000f4098000,0x00000000fa000000)
  to   space 98304K, 0% used [0x00000000fa000000,0x00000000fa000000,0x0000000100000000)
 ParOldGen       total 1310720K, used 1161610K [0x0000000080000000, 0x00000000d0000000, 0x00000000d0000000)
  object space 1310720K, 88% used [0x0000000080000000,0x00000000c6e62818,0x00000000d0000000)
 Metaspace       used 250860K, capacity 255686K, committed 256000K, reserved 747520K
  class space    used 23985K, capacity 24962K, committed 25088K, reserved 516096K
2025-05-15T03:40:28.580+0900: 34039.867: [GC (Allocation Failure) [PSYoungGen: 590432K->608K(688128K)] 1752042K->1162242K(1998848K), 0.0121583 secs] [Times: user=0.03 sys=0.00, real=0.01 secs] 
Heap after GC invocations=642 (full 2):
 PSYoungGen      total 688128K, used 608K [0x00000000d0000000, 0x0000000100000000, 0x0000000100000000)
  eden space 589824K, 0% used [0x00000000d0000000,0x00000000d0000000,0x00000000f4000000)
  from space 98304K, 0% used [0x00000000fa000000,0x00000000fa098000,0x0000000100000000)
  to   space 98304K, 0% used [0x00000000f4000000,0x00000000f4000000,0x00000000fa000000)
 ParOldGen       total 1310720K, used 1161634K [0x0000000080000000, 0x00000000d0000000, 0x00000000d0000000)
  object space 1310720K, 88% used [0x0000000080000000,0x00000000c6e68818,0x00000000d0000000)
 Metaspace       used 250860K, capacity 255686K, committed 256000K, reserved 747520K
  class space    used 23985K, capacity 24962K, committed 25088K, reserved 516096K
}
{Heap before GC invocations=643 (full 2):
 PSYoungGen      total 688128K, used 590432K [0x00000000d0000000, 0x0000000100000000, 0x0000000100000000)
  eden space 589824K, 100% used [0x00000000d0000000,0x00000000f4000000,0x00000000f4000000)
  from space 98304K, 0% used [0x00000000fa000000,0x00000000fa098000,0x0000000100000000)
  to   space 98304K, 0% used [0x00000000f4000000,0x00000000f4000000,0x00000000fa000000)
 ParOldGen       total 1310720K, used 1161634K [0x0000000080000000, 0x00000000d0000000, 0x00000000d0000000)
  object space 1310720K, 88% used [0x0000000080000000,0x00000000c6e68818,0x00000000d0000000)
 Metaspace       used 250860K, capacity 255686K, committed 256000K, reserved 747520K
  class space    used 23985K, capacity 24962K, committed 25088K, reserved 516096K
2025-05-15T03:41:30.622+0900: 34101.910: [GC (Allocation Failure) [PSYoungGen: 590432K->608K(688128K)] 1752066K->1162266K(1998848K), 0.0121328 secs] [Times: user=0.03 sys=0.00, real=0.01 secs] 
Heap after GC invocations=643 (full 2):
 PSYoungGen      total 688128K, used 608K [0x00000000d0000000, 0x0000000100000000, 0x0000000100000000)
  eden space 589824K, 0% used [0x00000000d0000000,0x00000000d0000000,0x00000000f4000000)
  from space 98304K, 0% used [0x00000000f4000000,0x00000000f4098000,0x00000000fa000000)
  to   space 98304K, 0% used [0x00000000fa000000,0x00000000fa000000,0x0000000100000000)
 ParOldGen       total 1310720K, used 1161658K [0x0000000080000000, 0x00000000d0000000, 0x00000000d0000000)
  object space 1310720K, 88% used [0x0000000080000000,0x00000000c6e6e818,0x00000000d0000000)
 Metaspace       used 250860K, capacity 255686K, committed 256000K, reserved 747520K
  class space    used 23985K, capacity 24962K, committed 25088K, reserved 516096K
}
{Heap before GC invocations=644 (full 2):
 PSYoungGen      total 688128K, used 590432K [0x00000000d0000000, 0x0000000100000000, 0x0000000100000000)
  eden space 589824K, 100% used [0x00000000d0000000,0x00000000f4000000,0x00000000f4000000)
  from space 98304K, 0% used [0x00000000f4000000,0x00000000f4098000,0x00000000fa000000)
  to   space 98304K, 0% used [0x00000000fa000000,0x00000000fa000000,0x0000000100000000)
 ParOldGen       total 1310720K, used 1161658K [0x0000000080000000, 0x00000000d0000000, 0x00000000d0000000)
  object space 1310720K, 88% used [0x0000000080000000,0x00000000c6e6e818,0x00000000d0000000)
 Metaspace       used 250860K, capacity 255686K, committed 256000K, reserved 747520K
  class space    used 23985K, capacity 24962K, committed 25088K, reserved 516096K
2025-05-15T03:42:33.556+0900: 34164.843: [GC (Allocation Failure) [PSYoungGen: 590432K->576K(688128K)] 1752090K->1162258K(1998848K), 0.0152739 secs] [Times: user=0.03 sys=0.00, real=0.02 secs] 
Heap after GC invocations=644 (full 2):
 PSYoungGen      total 688128K, used 576K [0x00000000d0000000, 0x0000000100000000, 0x0000000100000000)
  eden space 589824K, 0% used [0x00000000d0000000,0x00000000d0000000,0x00000000f4000000)
  from space 98304K, 0% used [0x00000000fa000000,0x00000000fa090000,0x0000000100000000)
  to   space 98304K, 0% used [0x00000000f4000000,0x00000000f4000000,0x00000000fa000000)
 ParOldGen       total 1310720K, used 1161682K [0x0000000080000000, 0x00000000d0000000, 0x00000000d0000000)
  object space 1310720K, 88% used [0x0000000080000000,0x00000000c6e74818,0x00000000d0000000)
 Metaspace       used 250860K, capacity 255686K, committed 256000K, reserved 747520K
  class space    used 23985K, capacity 24962K, committed 25088K, reserved 516096K
}
{Heap before GC invocations=645 (full 2):
 PSYoungGen      total 688128K, used 590400K [0x00000000d0000000, 0x0000000100000000, 0x0000000100000000)
  eden space 589824K, 100% used [0x00000000d0000000,0x00000000f4000000,0x00000000f4000000)
  from space 98304K, 0% used [0x00000000fa000000,0x00000000fa090000,0x0000000100000000)
  to   space 98304K, 0% used [0x00000000f4000000,0x00000000f4000000,0x00000000fa000000)
 ParOldGen       total 1310720K, used 1161682K [0x0000000080000000, 0x00000000d0000000, 0x00000000d0000000)
  object space 1310720K, 88% used [0x0000000080000000,0x00000000c6e74818,0x00000000d0000000)
 Metaspace       used 250860K, capacity 255686K, committed 256000K, reserved 747520K
  class space    used 23985K, capacity 24962K, committed 25088K, reserved 516096K
2025-05-15T03:43:34.834+0900: 34226.121: [GC (Allocation Failure) [PSYoungGen: 590400K->576K(688128K)] 1752082K->1162282K(1998848K), 0.0122979 secs] [Times: user=0.03 sys=0.00, real=0.01 secs] 
Heap after GC invocations=645 (full 2):
 PSYoungGen      total 688128K, used 576K [0x00000000d0000000, 0x0000000100000000, 0x0000000100000000)
  eden space 589824K, 0% used [0x00000000d0000000,0x00000000d0000000,0x00000000f4000000)
  from space 98304K, 0% used [0x00000000f4000000,0x00000000f4090000,0x00000000fa000000)
  to   space 98304K, 0% used [0x00000000fa000000,0x00000000fa000000,0x0000000100000000)
 ParOldGen       total 1310720K, used 1161706K [0x0000000080000000, 0x00000000d0000000, 0x00000000d0000000)
  object space 1310720K, 88% used [0x0000000080000000,0x00000000c6e7a818,0x00000000d0000000)
 Metaspace       used 250860K, capacity 255686K, committed 256000K, reserved 747520K
  class space    used 23985K, capacity 24962K, committed 25088K, reserved 516096K
}
{Heap before GC invocations=646 (full 2):
 PSYoungGen      total 688128K, used 590400K [0x00000000d0000000, 0x0000000100000000, 0x0000000100000000)
  eden space 589824K, 100% used [0x00000000d0000000,0x00000000f4000000,0x00000000f4000000)
  from space 98304K, 0% used [0x00000000f4000000,0x00000000f4090000,0x00000000fa000000)
  to   space 98304K, 0% used [0x00000000fa000000,0x00000000fa000000,0x0000000100000000)
 ParOldGen       total 1310720K, used 1161706K [0x0000000080000000, 0x00000000d0000000, 0x00000000d0000000)
  object space 1310720K, 88% used [0x0000000080000000,0x00000000c6e7a818,0x00000000d0000000)
 Metaspace       used 250860K, capacity 255686K, committed 256000K, reserved 747520K
  class space    used 23985K, capacity 24962K, committed 25088K, reserved 516096K
2025-05-15T03:44:37.028+0900: 34288.315: [GC (Allocation Failure) [PSYoungGen: 590400K->608K(688128K)] 1752106K->1162338K(1998848K), 0.0122089 secs] [Times: user=0.03 sys=0.00, real=0.02 secs] 
Heap after GC invocations=646 (full 2):
 PSYoungGen      total 688128K, used 608K [0x00000000d0000000, 0x0000000100000000, 0x0000000100000000)
  eden space 589824K, 0% used [0x00000000d0000000,0x00000000d0000000,0x00000000f4000000)
  from space 98304K, 0% used [0x00000000fa000000,0x00000000fa098000,0x0000000100000000)
  to   space 98304K, 0% used [0x00000000f4000000,0x00000000f4000000,0x00000000fa000000)
 ParOldGen       total 1310720K, used 1161730K [0x0000000080000000, 0x00000000d0000000, 0x00000000d0000000)
  object space 1310720K, 88% used [0x0000000080000000,0x00000000c6e80818,0x00000000d0000000)
 Metaspace       used 250860K, capacity 255686K, committed 256000K, reserved 747520K
  class space    used 23985K, capacity 24962K, committed 25088K, reserved 516096K
}
{Heap before GC invocations=647 (full 2):
 PSYoungGen      total 688128K, used 590432K [0x00000000d0000000, 0x0000000100000000, 0x0000000100000000)
  eden space 589824K, 100% used [0x00000000d0000000,0x00000000f4000000,0x00000000f4000000)
  from space 98304K, 0% used [0x00000000fa000000,0x00000000fa098000,0x0000000100000000)
  to   space 98304K, 0% used [0x00000000f4000000,0x00000000f4000000,0x00000000fa000000)
 ParOldGen       total 1310720K, used 1161730K [0x0000000080000000, 0x00000000d0000000, 0x00000000d0000000)
  object space 1310720K, 88% used [0x0000000080000000,0x00000000c6e80818,0x00000000d0000000)
 Metaspace       used 250860K, capacity 255686K, committed 256000K, reserved 747520K
  class space    used 23985K, capacity 24962K, committed 25088K, reserved 516096K
2025-05-15T03:45:40.164+0900: 34351.452: [GC (Allocation Failure) [PSYoungGen: 590432K->576K(688128K)] 1752162K->1162330K(1998848K), 0.0123047 secs] [Times: user=0.03 sys=0.00, real=0.01 secs] 
Heap after GC invocations=647 (full 2):
 PSYoungGen      total 688128K, used 576K [0x00000000d0000000, 0x0000000100000000, 0x0000000100000000)
  eden space 589824K, 0% used [0x00000000d0000000,0x00000000d0000000,0x00000000f4000000)
  from space 98304K, 0% used [0x00000000f4000000,0x00000000f4090000,0x00000000fa000000)
  to   space 98304K, 0% used [0x00000000fa000000,0x00000000fa000000,0x0000000100000000)
 ParOldGen       total 1310720K, used 1161754K [0x0000000080000000, 0x00000000d0000000, 0x00000000d0000000)
  object space 1310720K, 88% used [0x0000000080000000,0x00000000c6e86818,0x00000000d0000000)
 Metaspace       used 250860K, capacity 255686K, committed 256000K, reserved 747520K
  class space    used 23985K, capacity 24962K, committed 25088K, reserved 516096K
}
{Heap before GC invocations=648 (full 2):
 PSYoungGen      total 688128K, used 590400K [0x00000000d0000000, 0x0000000100000000, 0x0000000100000000)
  eden space 589824K, 100% used [0x00000000d0000000,0x00000000f4000000,0x00000000f4000000)
  from space 98304K, 0% used [0x00000000f4000000,0x00000000f4090000,0x00000000fa000000)
  to   space 98304K, 0% used [0x00000000fa000000,0x00000000fa000000,0x0000000100000000)
 ParOldGen       total 1310720K, used 1161754K [0x0000000080000000, 0x00000000d0000000, 0x00000000d0000000)
  object space 1310720K, 88% used [0x0000000080000000,0x00000000c6e86818,0x00000000d0000000)
 Metaspace       used 250860K, capacity 255686K, committed 256000K, reserved 747520K
  class space    used 23985K, capacity 24962K, committed 25088K, reserved 516096K
2025-05-15T03:46:42.378+0900: 34413.665: [GC (Allocation Failure) [PSYoungGen: 590400K->576K(688128K)] 1752154K->1162354K(1998848K), 0.0122959 secs] [Times: user=0.03 sys=0.00, real=0.01 secs] 
Heap after GC invocations=648 (full 2):
 PSYoungGen      total 688128K, used 576K [0x00000000d0000000, 0x0000000100000000, 0x0000000100000000)
  eden space 589824K, 0% used [0x00000000d0000000,0x00000000d0000000,0x00000000f4000000)
  from space 98304K, 0% used [0x00000000fa000000,0x00000000fa090000,0x0000000100000000)
  to   space 98304K, 0% used [0x00000000f4000000,0x00000000f4000000,0x00000000fa000000)
 ParOldGen       total 1310720K, used 1161778K [0x0000000080000000, 0x00000000d0000000, 0x00000000d0000000)
  object space 1310720K, 88% used [0x0000000080000000,0x00000000c6e8c818,0x00000000d0000000)
 Metaspace       used 250860K, capacity 255686K, committed 256000K, reserved 747520K
  class space    used 23985K, capacity 24962K, committed 25088K, reserved 516096K
}
{Heap before GC invocations=649 (full 2):
 PSYoungGen      total 688128K, used 590400K [0x00000000d0000000, 0x0000000100000000, 0x0000000100000000)
  eden space 589824K, 100% used [0x00000000d0000000,0x00000000f4000000,0x00000000f4000000)
  from space 98304K, 0% used [0x00000000fa000000,0x00000000fa090000,0x0000000100000000)
  to   space 98304K, 0% used [0x00000000f4000000,0x00000000f4000000,0x00000000fa000000)
 ParOldGen       total 1310720K, used 1161778K [0x0000000080000000, 0x00000000d0000000, 0x00000000d0000000)
  object space 1310720K, 88% used [0x0000000080000000,0x00000000c6e8c818,0x00000000d0000000)
 Metaspace       used 250872K, capacity 255750K, committed 256000K, reserved 747520K
  class space    used 23985K, capacity 24962K, committed 25088K, reserved 516096K
2025-05-15T03:47:44.587+0900: 34475.874: [GC (Allocation Failure) [PSYoungGen: 590400K->576K(688128K)] 1752178K->1162386K(1998848K), 0.0128121 secs] [Times: user=0.02 sys=0.00, real=0.02 secs] 
Heap after GC invocations=649 (full 2):
 PSYoungGen      total 688128K, used 576K [0x00000000d0000000, 0x0000000100000000, 0x0000000100000000)
  eden space 589824K, 0% used [0x00000000d0000000,0x00000000d0000000,0x00000000f4000000)
  from space 98304K, 0% used [0x00000000f4000000,0x00000000f4090000,0x00000000fa000000)
  to   space 98304K, 0% used [0x00000000fa000000,0x00000000fa000000,0x0000000100000000)
 ParOldGen       total 1310720K, used 1161810K [0x0000000080000000, 0x00000000d0000000, 0x00000000d0000000)
  object space 1310720K, 88% used [0x0000000080000000,0x00000000c6e94818,0x00000000d0000000)
 Metaspace       used 250872K, capacity 255750K, committed 256000K, reserved 747520K
  class space    used 23985K, capacity 24962K, committed 25088K, reserved 516096K
}
{Heap before GC invocations=650 (full 2):
 PSYoungGen      total 688128K, used 590400K [0x00000000d0000000, 0x0000000100000000, 0x0000000100000000)
  eden space 589824K, 100% used [0x00000000d0000000,0x00000000f4000000,0x00000000f4000000)
  from space 98304K, 0% used [0x00000000f4000000,0x00000000f4090000,0x00000000fa000000)
  to   space 98304K, 0% used [0x00000000fa000000,0x00000000fa000000,0x0000000100000000)
 ParOldGen       total 1310720K, used 1161810K [0x0000000080000000, 0x00000000d0000000, 0x00000000d0000000)
  object space 1310720K, 88% used [0x0000000080000000,0x00000000c6e94818,0x00000000d0000000)
 Metaspace       used 250872K, capacity 255750K, committed 256000K, reserved 747520K
  class space    used 23985K, capacity 24962K, committed 25088K, reserved 516096K
2025-05-15T03:48:46.830+0900: 34538.117: [GC (Allocation Failure) [PSYoungGen: 590400K->608K(688128K)] 1752210K->1162442K(1998848K), 0.0122446 secs] [Times: user=0.03 sys=0.00, real=0.01 secs] 
Heap after GC invocations=650 (full 2):
 PSYoungGen      total 688128K, used 608K [0x00000000d0000000, 0x0000000100000000, 0x0000000100000000)
  eden space 589824K, 0% used [0x00000000d0000000,0x00000000d0000000,0x00000000f4000000)
  from space 98304K, 0% used [0x00000000fa000000,0x00000000fa098000,0x0000000100000000)
  to   space 98304K, 0% used [0x00000000f4000000,0x00000000f4000000,0x00000000fa000000)
 ParOldGen       total 1310720K, used 1161834K [0x0000000080000000, 0x00000000d0000000, 0x00000000d0000000)
  object space 1310720K, 88% used [0x0000000080000000,0x00000000c6e9a818,0x00000000d0000000)
 Metaspace       used 250872K, capacity 255750K, committed 256000K, reserved 747520K
  class space    used 23985K, capacity 24962K, committed 25088K, reserved 516096K
}
{Heap before GC invocations=651 (full 2):
 PSYoungGen      total 688128K, used 590432K [0x00000000d0000000, 0x0000000100000000, 0x0000000100000000)
  eden space 589824K, 100% used [0x00000000d0000000,0x00000000f4000000,0x00000000f4000000)
  from space 98304K, 0% used [0x00000000fa000000,0x00000000fa098000,0x0000000100000000)
  to   space 98304K, 0% used [0x00000000f4000000,0x00000000f4000000,0x00000000fa000000)
 ParOldGen       total 1310720K, used 1161834K [0x0000000080000000, 0x00000000d0000000, 0x00000000d0000000)
  object space 1310720K, 88% used [0x0000000080000000,0x00000000c6e9a818,0x00000000d0000000)
 Metaspace       used 250874K, capacity 255750K, committed 256000K, reserved 747520K
  class space    used 23985K, capacity 24962K, committed 25088K, reserved 516096K
2025-05-15T03:49:49.992+0900: 34601.279: [GC (Allocation Failure) [PSYoungGen: 590432K->640K(688128K)] 1752266K->1162490K(1998848K), 0.0122248 secs] [Times: user=0.03 sys=0.00, real=0.01 secs] 
Heap after GC invocations=651 (full 2):
 PSYoungGen      total 688128K, used 640K [0x00000000d0000000, 0x0000000100000000, 0x0000000100000000)
  eden space 589824K, 0% used [0x00000000d0000000,0x00000000d0000000,0x00000000f4000000)
  from space 98304K, 0% used [0x00000000f4000000,0x00000000f40a0000,0x00000000fa000000)
  to   space 98304K, 0% used [0x00000000fa000000,0x00000000fa000000,0x0000000100000000)
 ParOldGen       total 1310720K, used 1161850K [0x0000000080000000, 0x00000000d0000000, 0x00000000d0000000)
  object space 1310720K, 88% used [0x0000000080000000,0x00000000c6e9e818,0x00000000d0000000)
 Metaspace       used 250874K, capacity 255750K, committed 256000K, reserved 747520K
  class space    used 23985K, capacity 24962K, committed 25088K, reserved 516096K
}
{Heap before GC invocations=652 (full 2):
 PSYoungGen      total 688128K, used 590464K [0x00000000d0000000, 0x0000000100000000, 0x0000000100000000)
  eden space 589824K, 100% used [0x00000000d0000000,0x00000000f4000000,0x00000000f4000000)
  from space 98304K, 0% used [0x00000000f4000000,0x00000000f40a0000,0x00000000fa000000)
  to   space 98304K, 0% used [0x00000000fa000000,0x00000000fa000000,0x0000000100000000)
 ParOldGen       total 1310720K, used 1161850K [0x0000000080000000, 0x00000000d0000000, 0x00000000d0000000)
  object space 1310720K, 88% used [0x0000000080000000,0x00000000c6e9e818,0x00000000d0000000)
 Metaspace       used 250874K, capacity 255750K, committed 256000K, reserved 747520K
  class space    used 23985K, capacity 24962K, committed 25088K, reserved 516096K
2025-05-15T03:50:51.192+0900: 34662.479: [GC (Allocation Failure) [PSYoungGen: 590464K->640K(688128K)] 1752314K->1162506K(1998848K), 0.0122329 secs] [Times: user=0.03 sys=0.00, real=0.01 secs] 
Heap after GC invocations=652 (full 2):
 PSYoungGen      total 688128K, used 640K [0x00000000d0000000, 0x0000000100000000, 0x0000000100000000)
  eden space 589824K, 0% used [0x00000000d0000000,0x00000000d0000000,0x00000000f4000000)
  from space 98304K, 0% used [0x00000000fa000000,0x00000000fa0a0000,0x0000000100000000)
  to   space 98304K, 0% used [0x00000000f4000000,0x00000000f4000000,0x00000000fa000000)
 ParOldGen       total 1310720K, used 1161866K [0x0000000080000000, 0x00000000d0000000, 0x00000000d0000000)
  object space 1310720K, 88% used [0x0000000080000000,0x00000000c6ea2818,0x00000000d0000000)
 Metaspace       used 250874K, capacity 255750K, committed 256000K, reserved 747520K
  class space    used 23985K, capacity 24962K, committed 25088K, reserved 516096K
}
{Heap before GC invocations=653 (full 2):
 PSYoungGen      total 688128K, used 590464K [0x00000000d0000000, 0x0000000100000000, 0x0000000100000000)
  eden space 589824K, 100% used [0x00000000d0000000,0x00000000f4000000,0x00000000f4000000)
  from space 98304K, 0% used [0x00000000fa000000,0x00000000fa0a0000,0x0000000100000000)
  to   space 98304K, 0% used [0x00000000f4000000,0x00000000f4000000,0x00000000fa000000)
 ParOldGen       total 1310720K, used 1161866K [0x0000000080000000, 0x00000000d0000000, 0x00000000d0000000)
  object space 1310720K, 88% used [0x0000000080000000,0x00000000c6ea2818,0x00000000d0000000)
 Metaspace       used 250874K, capacity 255750K, committed 256000K, reserved 747520K
  class space    used 23985K, capacity 24962K, committed 25088K, reserved 516096K
2025-05-15T03:51:54.381+0900: 34725.668: [GC (Allocation Failure) [PSYoungGen: 590464K->640K(688128K)] 1752330K->1162522K(1998848K), 0.0127661 secs] [Times: user=0.03 sys=0.00, real=0.01 secs] 
Heap after GC invocations=653 (full 2):
 PSYoungGen      total 688128K, used 640K [0x00000000d0000000, 0x0000000100000000, 0x0000000100000000)
  eden space 589824K, 0% used [0x00000000d0000000,0x00000000d0000000,0x00000000f4000000)
  from space 98304K, 0% used [0x00000000f4000000,0x00000000f40a0000,0x00000000fa000000)
  to   space 98304K, 0% used [0x00000000fa000000,0x00000000fa000000,0x0000000100000000)
 ParOldGen       total 1310720K, used 1161882K [0x0000000080000000, 0x00000000d0000000, 0x00000000d0000000)
  object space 1310720K, 88% used [0x0000000080000000,0x00000000c6ea6818,0x00000000d0000000)
 Metaspace       used 250874K, capacity 255750K, committed 256000K, reserved 747520K
  class space    used 23985K, capacity 24962K, committed 25088K, reserved 516096K
}
{Heap before GC invocations=654 (full 2):
 PSYoungGen      total 688128K, used 590464K [0x00000000d0000000, 0x0000000100000000, 0x0000000100000000)
  eden space 589824K, 100% used [0x00000000d0000000,0x00000000f4000000,0x00000000f4000000)
  from space 98304K, 0% used [0x00000000f4000000,0x00000000f40a0000,0x00000000fa000000)
  to   space 98304K, 0% used [0x00000000fa000000,0x00000000fa000000,0x0000000100000000)
 ParOldGen       total 1310720K, used 1161882K [0x0000000080000000, 0x00000000d0000000, 0x00000000d0000000)
  object space 1310720K, 88% used [0x0000000080000000,0x00000000c6ea6818,0x00000000d0000000)
 Metaspace       used 250874K, capacity 255750K, committed 256000K, reserved 747520K
  class space    used 23985K, capacity 24962K, committed 25088K, reserved 516096K
2025-05-15T03:52:56.591+0900: 34787.878: [GC (Allocation Failure) [PSYoungGen: 590464K->640K(688128K)] 1752346K->1162530K(1998848K), 0.0127000 secs] [Times: user=0.03 sys=0.00, real=0.01 secs] 
Heap after GC invocations=654 (full 2):
 PSYoungGen      total 688128K, used 640K [0x00000000d0000000, 0x0000000100000000, 0x0000000100000000)
  eden space 589824K, 0% used [0x00000000d0000000,0x00000000d0000000,0x00000000f4000000)
  from space 98304K, 0% used [0x00000000fa000000,0x00000000fa0a0000,0x0000000100000000)
  to   space 98304K, 0% used [0x00000000f4000000,0x00000000f4000000,0x00000000fa000000)
 ParOldGen       total 1310720K, used 1161890K [0x0000000080000000, 0x00000000d0000000, 0x00000000d0000000)
  object space 1310720K, 88% used [0x0000000080000000,0x00000000c6ea8818,0x00000000d0000000)
 Metaspace       used 250874K, capacity 255750K, committed 256000K, reserved 747520K
  class space    used 23985K, capacity 24962K, committed 25088K, reserved 516096K
}
{Heap before GC invocations=655 (full 2):
 PSYoungGen      total 688128K, used 590464K [0x00000000d0000000, 0x0000000100000000, 0x0000000100000000)
  eden space 589824K, 100% used [0x00000000d0000000,0x00000000f4000000,0x00000000f4000000)
  from space 98304K, 0% used [0x00000000fa000000,0x00000000fa0a0000,0x0000000100000000)
  to   space 98304K, 0% used [0x00000000f4000000,0x00000000f4000000,0x00000000fa000000)
 ParOldGen       total 1310720K, used 1161890K [0x0000000080000000, 0x00000000d0000000, 0x00000000d0000000)
  object space 1310720K, 88% used [0x0000000080000000,0x00000000c6ea8818,0x00000000d0000000)
 Metaspace       used 250874K, capacity 255750K, committed 256000K, reserved 747520K
  class space    used 23985K, capacity 24962K, committed 25088K, reserved 516096K
2025-05-15T03:53:58.793+0900: 34850.080: [GC (Allocation Failure) [PSYoungGen: 590464K->608K(688128K)] 1752354K->1162514K(1998848K), 0.0123010 secs] [Times: user=0.03 sys=0.00, real=0.01 secs] 
Heap after GC invocations=655 (full 2):
 PSYoungGen      total 688128K, used 608K [0x00000000d0000000, 0x0000000100000000, 0x0000000100000000)
  eden space 589824K, 0% used [0x00000000d0000000,0x00000000d0000000,0x00000000f4000000)
  from space 98304K, 0% used [0x00000000f4000000,0x00000000f4098000,0x00000000fa000000)
  to   space 98304K, 0% used [0x00000000fa000000,0x00000000fa000000,0x0000000100000000)
 ParOldGen       total 1310720K, used 1161906K [0x0000000080000000, 0x00000000d0000000, 0x00000000d0000000)
  object space 1310720K, 88% used [0x0000000080000000,0x00000000c6eac818,0x00000000d0000000)
 Metaspace       used 250874K, capacity 255750K, committed 256000K, reserved 747520K
  class space    used 23985K, capacity 24962K, committed 25088K, reserved 516096K
}
{Heap before GC invocations=656 (full 2):
 PSYoungGen      total 688128K, used 590432K [0x00000000d0000000, 0x0000000100000000, 0x0000000100000000)
  eden space 589824K, 100% used [0x00000000d0000000,0x00000000f4000000,0x00000000f4000000)
  from space 98304K, 0% used [0x00000000f4000000,0x00000000f4098000,0x00000000fa000000)
  to   space 98304K, 0% used [0x00000000fa000000,0x00000000fa000000,0x0000000100000000)
 ParOldGen       total 1310720K, used 1161906K [0x0000000080000000, 0x00000000d0000000, 0x00000000d0000000)
  object space 1310720K, 88% used [0x0000000080000000,0x00000000c6eac818,0x00000000d0000000)
 Metaspace       used 250874K, capacity 255750K, committed 256000K, reserved 747520K
  class space    used 23985K, capacity 24962K, committed 25088K, reserved 516096K
2025-05-15T03:55:01.200+0900: 34912.487: [GC (Allocation Failure) [PSYoungGen: 590432K->640K(688128K)] 1752338K->1162562K(1998848K), 0.0147717 secs] [Times: user=0.03 sys=0.00, real=0.01 secs] 
Heap after GC invocations=656 (full 2):
 PSYoungGen      total 688128K, used 640K [0x00000000d0000000, 0x0000000100000000, 0x0000000100000000)
  eden space 589824K, 0% used [0x00000000d0000000,0x00000000d0000000,0x00000000f4000000)
  from space 98304K, 0% used [0x00000000fa000000,0x00000000fa0a0000,0x0000000100000000)
  to   space 98304K, 0% used [0x00000000f4000000,0x00000000f4000000,0x00000000fa000000)
 ParOldGen       total 1310720K, used 1161922K [0x0000000080000000, 0x00000000d0000000, 0x00000000d0000000)
  object space 1310720K, 88% used [0x0000000080000000,0x00000000c6eb0818,0x00000000d0000000)
 Metaspace       used 250874K, capacity 255750K, committed 256000K, reserved 747520K
  class space    used 23985K, capacity 24962K, committed 25088K, reserved 516096K
}
{Heap before GC invocations=657 (full 2):
 PSYoungGen      total 688128K, used 590464K [0x00000000d0000000, 0x0000000100000000, 0x0000000100000000)
  eden space 589824K, 100% used [0x00000000d0000000,0x00000000f4000000,0x00000000f4000000)
  from space 98304K, 0% used [0x00000000fa000000,0x00000000fa0a0000,0x0000000100000000)
  to   space 98304K, 0% used [0x00000000f4000000,0x00000000f4000000,0x00000000fa000000)
 ParOldGen       total 1310720K, used 1161922K [0x0000000080000000, 0x00000000d0000000, 0x00000000d0000000)
  object space 1310720K, 88% used [0x0000000080000000,0x00000000c6eb0818,0x00000000d0000000)
 Metaspace       used 250874K, capacity 255750K, committed 256000K, reserved 747520K
  class space    used 23985K, capacity 24962K, committed 25088K, reserved 516096K
2025-05-15T03:56:02.255+0900: 34973.542: [GC (Allocation Failure) [PSYoungGen: 590464K->640K(688128K)] 1752386K->1162586K(1998848K), 0.0127427 secs] [Times: user=0.03 sys=0.00, real=0.01 secs] 
Heap after GC invocations=657 (full 2):
 PSYoungGen      total 688128K, used 640K [0x00000000d0000000, 0x0000000100000000, 0x0000000100000000)
  eden space 589824K, 0% used [0x00000000d0000000,0x00000000d0000000,0x00000000f4000000)
  from space 98304K, 0% used [0x00000000f4000000,0x00000000f40a0000,0x00000000fa000000)
  to   space 98304K, 0% used [0x00000000fa000000,0x00000000fa000000,0x0000000100000000)
 ParOldGen       total 1310720K, used 1161946K [0x0000000080000000, 0x00000000d0000000, 0x00000000d0000000)
  object space 1310720K, 88% used [0x0000000080000000,0x00000000c6eb6818,0x00000000d0000000)
 Metaspace       used 250874K, capacity 255750K, committed 256000K, reserved 747520K
  class space    used 23985K, capacity 24962K, committed 25088K, reserved 516096K
}
{Heap before GC invocations=658 (full 2):
 PSYoungGen      total 688128K, used 590464K [0x00000000d0000000, 0x0000000100000000, 0x0000000100000000)
  eden space 589824K, 100% used [0x00000000d0000000,0x00000000f4000000,0x00000000f4000000)
  from space 98304K, 0% used [0x00000000f4000000,0x00000000f40a0000,0x00000000fa000000)
  to   space 98304K, 0% used [0x00000000fa000000,0x00000000fa000000,0x0000000100000000)
 ParOldGen       total 1310720K, used 1161946K [0x0000000080000000, 0x00000000d0000000, 0x00000000d0000000)
  object space 1310720K, 88% used [0x0000000080000000,0x00000000c6eb6818,0x00000000d0000000)
 Metaspace       used 250874K, capacity 255750K, committed 256000K, reserved 747520K
  class space    used 23985K, capacity 24962K, committed 25088K, reserved 516096K
2025-05-15T03:57:04.523+0900: 35035.810: [GC (Allocation Failure) [PSYoungGen: 590464K->672K(688128K)] 1752410K->1162642K(1998848K), 0.0123240 secs] [Times: user=0.03 sys=0.00, real=0.01 secs] 
Heap after GC invocations=658 (full 2):
 PSYoungGen      total 688128K, used 672K [0x00000000d0000000, 0x0000000100000000, 0x0000000100000000)
  eden space 589824K, 0% used [0x00000000d0000000,0x00000000d0000000,0x00000000f4000000)
  from space 98304K, 0% used [0x00000000fa000000,0x00000000fa0a8000,0x0000000100000000)
  to   space 98304K, 0% used [0x00000000f4000000,0x00000000f4000000,0x00000000fa000000)
 ParOldGen       total 1310720K, used 1161970K [0x0000000080000000, 0x00000000d0000000, 0x00000000d0000000)
  object space 1310720K, 88% used [0x0000000080000000,0x00000000c6ebc818,0x00000000d0000000)
 Metaspace       used 250874K, capacity 255750K, committed 256000K, reserved 747520K
  class space    used 23985K, capacity 24962K, committed 25088K, reserved 516096K
}
{Heap before GC invocations=659 (full 2):
 PSYoungGen      total 688128K, used 590496K [0x00000000d0000000, 0x0000000100000000, 0x0000000100000000)
  eden space 589824K, 100% used [0x00000000d0000000,0x00000000f4000000,0x00000000f4000000)
  from space 98304K, 0% used [0x00000000fa000000,0x00000000fa0a8000,0x0000000100000000)
  to   space 98304K, 0% used [0x00000000f4000000,0x00000000f4000000,0x00000000fa000000)
 ParOldGen       total 1310720K, used 1161970K [0x0000000080000000, 0x00000000d0000000, 0x00000000d0000000)
  object space 1310720K, 88% used [0x0000000080000000,0x00000000c6ebc818,0x00000000d0000000)
 Metaspace       used 250874K, capacity 255750K, committed 256000K, reserved 747520K
  class space    used 23985K, capacity 24962K, committed 25088K, reserved 516096K
2025-05-15T03:58:06.577+0900: 35097.865: [GC (Allocation Failure) [PSYoungGen: 590496K->704K(688128K)] 1752466K->1162706K(1998848K), 0.0123934 secs] [Times: user=0.03 sys=0.00, real=0.02 secs] 
Heap after GC invocations=659 (full 2):
 PSYoungGen      total 688128K, used 704K [0x00000000d0000000, 0x0000000100000000, 0x0000000100000000)
  eden space 589824K, 0% used [0x00000000d0000000,0x00000000d0000000,0x00000000f4000000)
  from space 98304K, 0% used [0x00000000f4000000,0x00000000f40b0000,0x00000000fa000000)
  to   space 98304K, 0% used [0x00000000fa000000,0x00000000fa000000,0x0000000100000000)
 ParOldGen       total 1310720K, used 1162002K [0x0000000080000000, 0x00000000d0000000, 0x00000000d0000000)
  object space 1310720K, 88% used [0x0000000080000000,0x00000000c6ec4818,0x00000000d0000000)
 Metaspace       used 250874K, capacity 255750K, committed 256000K, reserved 747520K
  class space    used 23985K, capacity 24962K, committed 25088K, reserved 516096K
}
{Heap before GC invocations=660 (full 2):
 PSYoungGen      total 688128K, used 590528K [0x00000000d0000000, 0x0000000100000000, 0x0000000100000000)
  eden space 589824K, 100% used [0x00000000d0000000,0x00000000f4000000,0x00000000f4000000)
  from space 98304K, 0% used [0x00000000f4000000,0x00000000f40b0000,0x00000000fa000000)
  to   space 98304K, 0% used [0x00000000fa000000,0x00000000fa000000,0x0000000100000000)
 ParOldGen       total 1310720K, used 1162002K [0x0000000080000000, 0x00000000d0000000, 0x00000000d0000000)
  object space 1310720K, 88% used [0x0000000080000000,0x00000000c6ec4818,0x00000000d0000000)
 Metaspace       used 250874K, capacity 255750K, committed 256000K, reserved 747520K
  class space    used 23985K, capacity 24962K, committed 25088K, reserved 516096K
2025-05-15T03:59:09.794+0900: 35161.081: [GC (Allocation Failure) [PSYoungGen: 590528K->736K(688128K)] 1752530K->1162754K(1998848K), 0.0132129 secs] [Times: user=0.03 sys=0.00, real=0.01 secs] 
Heap after GC invocations=660 (full 2):
 PSYoungGen      total 688128K, used 736K [0x00000000d0000000, 0x0000000100000000, 0x0000000100000000)
  eden space 589824K, 0% used [0x00000000d0000000,0x00000000d0000000,0x00000000f4000000)
  from space 98304K, 0% used [0x00000000fa000000,0x00000000fa0b8000,0x0000000100000000)
  to   space 98304K, 0% used [0x00000000f4000000,0x00000000f4000000,0x00000000fa000000)
 ParOldGen       total 1310720K, used 1162018K [0x0000000080000000, 0x00000000d0000000, 0x00000000d0000000)
  object space 1310720K, 88% used [0x0000000080000000,0x00000000c6ec8818,0x00000000d0000000)
 Metaspace       used 250874K, capacity 255750K, committed 256000K, reserved 747520K
  class space    used 23985K, capacity 24962K, committed 25088K, reserved 516096K
}
{Heap before GC invocations=661 (full 2):
 PSYoungGen      total 688128K, used 590560K [0x00000000d0000000, 0x0000000100000000, 0x0000000100000000)
  eden space 589824K, 100% used [0x00000000d0000000,0x00000000f4000000,0x00000000f4000000)
  from space 98304K, 0% used [0x00000000fa000000,0x00000000fa0b8000,0x0000000100000000)
  to   space 98304K, 0% used [0x00000000f4000000,0x00000000f4000000,0x00000000fa000000)
 ParOldGen       total 1310720K, used 1162018K [0x0000000080000000, 0x00000000d0000000, 0x00000000d0000000)
  object space 1310720K, 88% used [0x0000000080000000,0x00000000c6ec8818,0x00000000d0000000)
 Metaspace       used 250874K, capacity 255750K, committed 256000K, reserved 747520K
  class space    used 23985K, capacity 24962K, committed 25088K, reserved 516096K
2025-05-15T04:00:11.453+0900: 35222.740: [GC (Allocation Failure) [PSYoungGen: 590560K->672K(688128K)] 1752578K->1162722K(1998848K), 0.0119725 secs] [Times: user=0.03 sys=0.00, real=0.01 secs] 
Heap after GC invocations=661 (full 2):
 PSYoungGen      total 688128K, used 672K [0x00000000d0000000, 0x0000000100000000, 0x0000000100000000)
  eden space 589824K, 0% used [0x00000000d0000000,0x00000000d0000000,0x00000000f4000000)
  from space 98304K, 0% used [0x00000000f4000000,0x00000000f40a8000,0x00000000fa000000)
  to   space 98304K, 0% used [0x00000000fa000000,0x00000000fa000000,0x0000000100000000)
 ParOldGen       total 1310720K, used 1162050K [0x0000000080000000, 0x00000000d0000000, 0x00000000d0000000)
  object space 1310720K, 88% used [0x0000000080000000,0x00000000c6ed0818,0x00000000d0000000)
 Metaspace       used 250874K, capacity 255750K, committed 256000K, reserved 747520K
  class space    used 23985K, capacity 24962K, committed 25088K, reserved 516096K
}
{Heap before GC invocations=662 (full 2):
 PSYoungGen      total 688128K, used 590496K [0x00000000d0000000, 0x0000000100000000, 0x0000000100000000)
  eden space 589824K, 100% used [0x00000000d0000000,0x00000000f4000000,0x00000000f4000000)
  from space 98304K, 0% used [0x00000000f4000000,0x00000000f40a8000,0x00000000fa000000)
  to   space 98304K, 0% used [0x00000000fa000000,0x00000000fa000000,0x0000000100000000)
 ParOldGen       total 1310720K, used 1162050K [0x0000000080000000, 0x00000000d0000000, 0x00000000d0000000)
  object space 1310720K, 88% used [0x0000000080000000,0x00000000c6ed0818,0x00000000d0000000)
 Metaspace       used 250874K, capacity 255750K, committed 256000K, reserved 747520K
  class space    used 23985K, capacity 24962K, committed 25088K, reserved 516096K
2025-05-15T04:01:13.325+0900: 35284.612: [GC (Allocation Failure) [PSYoungGen: 590496K->768K(688128K)] 1752546K->1162834K(1998848K), 0.0125422 secs] [Times: user=0.03 sys=0.00, real=0.01 secs] 
Heap after GC invocations=662 (full 2):
 PSYoungGen      total 688128K, used 768K [0x00000000d0000000, 0x0000000100000000, 0x0000000100000000)
  eden space 589824K, 0% used [0x00000000d0000000,0x00000000d0000000,0x00000000f4000000)
  from space 98304K, 0% used [0x00000000fa000000,0x00000000fa0c0000,0x0000000100000000)
  to   space 98304K, 0% used [0x00000000f4000000,0x00000000f4000000,0x00000000fa000000)
 ParOldGen       total 1310720K, used 1162066K [0x0000000080000000, 0x00000000d0000000, 0x00000000d0000000)
  object space 1310720K, 88% used [0x0000000080000000,0x00000000c6ed4818,0x00000000d0000000)
 Metaspace       used 250874K, capacity 255750K, committed 256000K, reserved 747520K
  class space    used 23985K, capacity 24962K, committed 25088K, reserved 516096K
}
{Heap before GC invocations=663 (full 2):
 PSYoungGen      total 688128K, used 590592K [0x00000000d0000000, 0x0000000100000000, 0x0000000100000000)
  eden space 589824K, 100% used [0x00000000d0000000,0x00000000f4000000,0x00000000f4000000)
  from space 98304K, 0% used [0x00000000fa000000,0x00000000fa0c0000,0x0000000100000000)
  to   space 98304K, 0% used [0x00000000f4000000,0x00000000f4000000,0x00000000fa000000)
 ParOldGen       total 1310720K, used 1162066K [0x0000000080000000, 0x00000000d0000000, 0x00000000d0000000)
  object space 1310720K, 88% used [0x0000000080000000,0x00000000c6ed4818,0x00000000d0000000)
 Metaspace       used 250874K, capacity 255750K, committed 256000K, reserved 747520K
  class space    used 23985K, capacity 24962K, committed 25088K, reserved 516096K
2025-05-15T04:02:15.427+0900: 35346.714: [GC (Allocation Failure) [PSYoungGen: 590592K->768K(688128K)] 1752658K->1162850K(1998848K), 0.0132761 secs] [Times: user=0.03 sys=0.00, real=0.02 secs] 
Heap after GC invocations=663 (full 2):
 PSYoungGen      total 688128K, used 768K [0x00000000d0000000, 0x0000000100000000, 0x0000000100000000)
  eden space 589824K, 0% used [0x00000000d0000000,0x00000000d0000000,0x00000000f4000000)
  from space 98304K, 0% used [0x00000000f4000000,0x00000000f40c0000,0x00000000fa000000)
  to   space 98304K, 0% used [0x00000000fa000000,0x00000000fa000000,0x0000000100000000)
 ParOldGen       total 1310720K, used 1162082K [0x0000000080000000, 0x00000000d0000000, 0x00000000d0000000)
  object space 1310720K, 88% used [0x0000000080000000,0x00000000c6ed8818,0x00000000d0000000)
 Metaspace       used 250874K, capacity 255750K, committed 256000K, reserved 747520K
  class space    used 23985K, capacity 24962K, committed 25088K, reserved 516096K
}
{Heap before GC invocations=664 (full 2):
 PSYoungGen      total 688128K, used 590592K [0x00000000d0000000, 0x0000000100000000, 0x0000000100000000)
  eden space 589824K, 100% used [0x00000000d0000000,0x00000000f4000000,0x00000000f4000000)
  from space 98304K, 0% used [0x00000000f4000000,0x00000000f40c0000,0x00000000fa000000)
  to   space 98304K, 0% used [0x00000000fa000000,0x00000000fa000000,0x0000000100000000)
 ParOldGen       total 1310720K, used 1162082K [0x0000000080000000, 0x00000000d0000000, 0x00000000d0000000)
  object space 1310720K, 88% used [0x0000000080000000,0x00000000c6ed8818,0x00000000d0000000)
 Metaspace       used 250874K, capacity 255750K, committed 256000K, reserved 747520K
  class space    used 23985K, capacity 24962K, committed 25088K, reserved 516096K
2025-05-15T04:03:18.606+0900: 35409.893: [GC (Allocation Failure) [PSYoungGen: 590592K->768K(688128K)] 1752674K->1162882K(1998848K), 0.0130291 secs] [Times: user=0.02 sys=0.00, real=0.02 secs] 
Heap after GC invocations=664 (full 2):
 PSYoungGen      total 688128K, used 768K [0x00000000d0000000, 0x0000000100000000, 0x0000000100000000)
  eden space 589824K, 0% used [0x00000000d0000000,0x00000000d0000000,0x00000000f4000000)
  from space 98304K, 0% used [0x00000000fa000000,0x00000000fa0c0000,0x0000000100000000)
  to   space 98304K, 0% used [0x00000000f4000000,0x00000000f4000000,0x00000000fa000000)
 ParOldGen       total 1310720K, used 1162114K [0x0000000080000000, 0x00000000d0000000, 0x00000000d0000000)
  object space 1310720K, 88% used [0x0000000080000000,0x00000000c6ee0818,0x00000000d0000000)
 Metaspace       used 250874K, capacity 255750K, committed 256000K, reserved 747520K
  class space    used 23985K, capacity 24962K, committed 25088K, reserved 516096K
}
{Heap before GC invocations=665 (full 2):
 PSYoungGen      total 688128K, used 590592K [0x00000000d0000000, 0x0000000100000000, 0x0000000100000000)
  eden space 589824K, 100% used [0x00000000d0000000,0x00000000f4000000,0x00000000f4000000)
  from space 98304K, 0% used [0x00000000fa000000,0x00000000fa0c0000,0x0000000100000000)
  to   space 98304K, 0% used [0x00000000f4000000,0x00000000f4000000,0x00000000fa000000)
 ParOldGen       total 1310720K, used 1162114K [0x0000000080000000, 0x00000000d0000000, 0x00000000d0000000)
  object space 1310720K, 88% used [0x0000000080000000,0x00000000c6ee0818,0x00000000d0000000)
 Metaspace       used 250874K, capacity 255750K, committed 256000K, reserved 747520K
  class space    used 23985K, capacity 24962K, committed 25088K, reserved 516096K
2025-05-15T04:04:20.843+0900: 35472.130: [GC (Allocation Failure) [PSYoungGen: 590592K->832K(688128K)] 1752706K->1162962K(1998848K), 0.0125029 secs] [Times: user=0.04 sys=0.00, real=0.01 secs] 
Heap after GC invocations=665 (full 2):
 PSYoungGen      total 688128K, used 832K [0x00000000d0000000, 0x0000000100000000, 0x0000000100000000)
  eden space 589824K, 0% used [0x00000000d0000000,0x00000000d0000000,0x00000000f4000000)
  from space 98304K, 0% used [0x00000000f4000000,0x00000000f40d0000,0x00000000fa000000)
  to   space 98304K, 0% used [0x00000000fa000000,0x00000000fa000000,0x0000000100000000)
 ParOldGen       total 1310720K, used 1162130K [0x0000000080000000, 0x00000000d0000000, 0x00000000d0000000)
  object space 1310720K, 88% used [0x0000000080000000,0x00000000c6ee4818,0x00000000d0000000)
 Metaspace       used 250874K, capacity 255750K, committed 256000K, reserved 747520K
  class space    used 23985K, capacity 24962K, committed 25088K, reserved 516096K
}
{Heap before GC invocations=666 (full 2):
 PSYoungGen      total 688128K, used 590656K [0x00000000d0000000, 0x0000000100000000, 0x0000000100000000)
  eden space 589824K, 100% used [0x00000000d0000000,0x00000000f4000000,0x00000000f4000000)
  from space 98304K, 0% used [0x00000000f4000000,0x00000000f40d0000,0x00000000fa000000)
  to   space 98304K, 0% used [0x00000000fa000000,0x00000000fa000000,0x0000000100000000)
 ParOldGen       total 1310720K, used 1162130K [0x0000000080000000, 0x00000000d0000000, 0x00000000d0000000)
  object space 1310720K, 88% used [0x0000000080000000,0x00000000c6ee4818,0x00000000d0000000)
 Metaspace       used 250874K, capacity 255750K, committed 256000K, reserved 747520K
  class space    used 23985K, capacity 24962K, committed 25088K, reserved 516096K
2025-05-15T04:05:23.083+0900: 35534.370: [GC (Allocation Failure) [PSYoungGen: 590656K->832K(688128K)] 1752786K->1162978K(1998848K), 0.0125657 secs] [Times: user=0.03 sys=0.00, real=0.01 secs] 
Heap after GC invocations=666 (full 2):
 PSYoungGen      total 688128K, used 832K [0x00000000d0000000, 0x0000000100000000, 0x0000000100000000)
  eden space 589824K, 0% used [0x00000000d0000000,0x00000000d0000000,0x00000000f4000000)
  from space 98304K, 0% used [0x00000000fa000000,0x00000000fa0d0000,0x0000000100000000)
  to   space 98304K, 0% used [0x00000000f4000000,0x00000000f4000000,0x00000000fa000000)
 ParOldGen       total 1310720K, used 1162146K [0x0000000080000000, 0x00000000d0000000, 0x00000000d0000000)
  object space 1310720K, 88% used [0x0000000080000000,0x00000000c6ee8818,0x00000000d0000000)
 Metaspace       used 250874K, capacity 255750K, committed 256000K, reserved 747520K
  class space    used 23985K, capacity 24962K, committed 25088K, reserved 516096K
}
{Heap before GC invocations=667 (full 2):
 PSYoungGen      total 688128K, used 590656K [0x00000000d0000000, 0x0000000100000000, 0x0000000100000000)
  eden space 589824K, 100% used [0x00000000d0000000,0x00000000f4000000,0x00000000f4000000)
  from space 98304K, 0% used [0x00000000fa000000,0x00000000fa0d0000,0x0000000100000000)
  to   space 98304K, 0% used [0x00000000f4000000,0x00000000f4000000,0x00000000fa000000)
 ParOldGen       total 1310720K, used 1162146K [0x0000000080000000, 0x00000000d0000000, 0x00000000d0000000)
  object space 1310720K, 88% used [0x0000000080000000,0x00000000c6ee8818,0x00000000d0000000)
 Metaspace       used 250874K, capacity 255750K, committed 256000K, reserved 747520K
  class space    used 23985K, capacity 24962K, committed 25088K, reserved 516096K
2025-05-15T04:06:25.417+0900: 35596.704: [GC (Allocation Failure) [PSYoungGen: 590656K->896K(688128K)] 1752802K->1163058K(1998848K), 0.0132162 secs] [Times: user=0.03 sys=0.00, real=0.02 secs] 
Heap after GC invocations=667 (full 2):
 PSYoungGen      total 688128K, used 896K [0x00000000d0000000, 0x0000000100000000, 0x0000000100000000)
  eden space 589824K, 0% used [0x00000000d0000000,0x00000000d0000000,0x00000000f4000000)
  from space 98304K, 0% used [0x00000000f4000000,0x00000000f40e0000,0x00000000fa000000)
  to   space 98304K, 0% used [0x00000000fa000000,0x00000000fa000000,0x0000000100000000)
 ParOldGen       total 1310720K, used 1162162K [0x0000000080000000, 0x00000000d0000000, 0x00000000d0000000)
  object space 1310720K, 88% used [0x0000000080000000,0x00000000c6eec818,0x00000000d0000000)
 Metaspace       used 250874K, capacity 255750K, committed 256000K, reserved 747520K
  class space    used 23985K, capacity 24962K, committed 25088K, reserved 516096K
}
{Heap before GC invocations=668 (full 2):
 PSYoungGen      total 688128K, used 590720K [0x00000000d0000000, 0x0000000100000000, 0x0000000100000000)
  eden space 589824K, 100% used [0x00000000d0000000,0x00000000f4000000,0x00000000f4000000)
  from space 98304K, 0% used [0x00000000f4000000,0x00000000f40e0000,0x00000000fa000000)
  to   space 98304K, 0% used [0x00000000fa000000,0x00000000fa000000,0x0000000100000000)
 ParOldGen       total 1310720K, used 1162162K [0x0000000080000000, 0x00000000d0000000, 0x00000000d0000000)
  object space 1310720K, 88% used [0x0000000080000000,0x00000000c6eec818,0x00000000d0000000)
 Metaspace       used 250874K, capacity 255750K, committed 256000K, reserved 747520K
  class space    used 23985K, capacity 24962K, committed 25088K, reserved 516096K
2025-05-15T04:07:27.571+0900: 35658.858: [GC (Allocation Failure) [PSYoungGen: 590720K->896K(688128K)] 1752882K->1163082K(1998848K), 0.0153657 secs] [Times: user=0.04 sys=0.00, real=0.01 secs] 
Heap after GC invocations=668 (full 2):
 PSYoungGen      total 688128K, used 896K [0x00000000d0000000, 0x0000000100000000, 0x0000000100000000)
  eden space 589824K, 0% used [0x00000000d0000000,0x00000000d0000000,0x00000000f4000000)
  from space 98304K, 0% used [0x00000000fa000000,0x00000000fa0e0000,0x0000000100000000)
  to   space 98304K, 0% used [0x00000000f4000000,0x00000000f4000000,0x00000000fa000000)
 ParOldGen       total 1310720K, used 1162186K [0x0000000080000000, 0x00000000d0000000, 0x00000000d0000000)
  object space 1310720K, 88% used [0x0000000080000000,0x00000000c6ef2818,0x00000000d0000000)
 Metaspace       used 250874K, capacity 255750K, committed 256000K, reserved 747520K
  class space    used 23985K, capacity 24962K, committed 25088K, reserved 516096K
}
{Heap before GC invocations=669 (full 2):
 PSYoungGen      total 688128K, used 590720K [0x00000000d0000000, 0x0000000100000000, 0x0000000100000000)
  eden space 589824K, 100% used [0x00000000d0000000,0x00000000f4000000,0x00000000f4000000)
  from space 98304K, 0% used [0x00000000fa000000,0x00000000fa0e0000,0x0000000100000000)
  to   space 98304K, 0% used [0x00000000f4000000,0x00000000f4000000,0x00000000fa000000)
 ParOldGen       total 1310720K, used 1162186K [0x0000000080000000, 0x00000000d0000000, 0x00000000d0000000)
  object space 1310720K, 88% used [0x0000000080000000,0x00000000c6ef2818,0x00000000d0000000)
 Metaspace       used 250874K, capacity 255750K, committed 256000K, reserved 747520K
  class space    used 23985K, capacity 24962K, committed 25088K, reserved 516096K
2025-05-15T04:08:30.763+0900: 35722.050: [GC (Allocation Failure) [PSYoungGen: 590720K->896K(688128K)] 1752906K->1163098K(1998848K), 0.0123370 secs] [Times: user=0.03 sys=0.00, real=0.01 secs] 
Heap after GC invocations=669 (full 2):
 PSYoungGen      total 688128K, used 896K [0x00000000d0000000, 0x0000000100000000, 0x0000000100000000)
  eden space 589824K, 0% used [0x00000000d0000000,0x00000000d0000000,0x00000000f4000000)
  from space 98304K, 0% used [0x00000000f4000000,0x00000000f40e0000,0x00000000fa000000)
  to   space 98304K, 0% used [0x00000000fa000000,0x00000000fa000000,0x0000000100000000)
 ParOldGen       total 1310720K, used 1162202K [0x0000000080000000, 0x00000000d0000000, 0x00000000d0000000)
  object space 1310720K, 88% used [0x0000000080000000,0x00000000c6ef6818,0x00000000d0000000)
 Metaspace       used 250874K, capacity 255750K, committed 256000K, reserved 747520K
  class space    used 23985K, capacity 24962K, committed 25088K, reserved 516096K
}
{Heap before GC invocations=670 (full 2):
 PSYoungGen      total 688128K, used 590720K [0x00000000d0000000, 0x0000000100000000, 0x0000000100000000)
  eden space 589824K, 100% used [0x00000000d0000000,0x00000000f4000000,0x00000000f4000000)
  from space 98304K, 0% used [0x00000000f4000000,0x00000000f40e0000,0x00000000fa000000)
  to   space 98304K, 0% used [0x00000000fa000000,0x00000000fa000000,0x0000000100000000)
 ParOldGen       total 1310720K, used 1162202K [0x0000000080000000, 0x00000000d0000000, 0x00000000d0000000)
  object space 1310720K, 88% used [0x0000000080000000,0x00000000c6ef6818,0x00000000d0000000)
 Metaspace       used 250874K, capacity 255750K, committed 256000K, reserved 747520K
  class space    used 23985K, capacity 24962K, committed 25088K, reserved 516096K
2025-05-15T04:09:32.208+0900: 35783.495: [GC (Allocation Failure) [PSYoungGen: 590720K->928K(688128K)] 1752922K->1163154K(1998848K), 0.0123736 secs] [Times: user=0.03 sys=0.00, real=0.02 secs] 
Heap after GC invocations=670 (full 2):
 PSYoungGen      total 688128K, used 928K [0x00000000d0000000, 0x0000000100000000, 0x0000000100000000)
  eden space 589824K, 0% used [0x00000000d0000000,0x00000000d0000000,0x00000000f4000000)
  from space 98304K, 0% used [0x00000000fa000000,0x00000000fa0e8000,0x0000000100000000)
  to   space 98304K, 0% used [0x00000000f4000000,0x00000000f4000000,0x00000000fa000000)
 ParOldGen       total 1310720K, used 1162226K [0x0000000080000000, 0x00000000d0000000, 0x00000000d0000000)
  object space 1310720K, 88% used [0x0000000080000000,0x00000000c6efc818,0x00000000d0000000)
 Metaspace       used 250874K, capacity 255750K, committed 256000K, reserved 747520K
  class space    used 23985K, capacity 24962K, committed 25088K, reserved 516096K
}
{Heap before GC invocations=671 (full 2):
 PSYoungGen      total 688128K, used 590752K [0x00000000d0000000, 0x0000000100000000, 0x0000000100000000)
  eden space 589824K, 100% used [0x00000000d0000000,0x00000000f4000000,0x00000000f4000000)
  from space 98304K, 0% used [0x00000000fa000000,0x00000000fa0e8000,0x0000000100000000)
  to   space 98304K, 0% used [0x00000000f4000000,0x00000000f4000000,0x00000000fa000000)
 ParOldGen       total 1310720K, used 1162226K [0x0000000080000000, 0x00000000d0000000, 0x00000000d0000000)
  object space 1310720K, 88% used [0x0000000080000000,0x00000000c6efc818,0x00000000d0000000)
 Metaspace       used 250876K, capacity 255750K, committed 256000K, reserved 747520K
  class space    used 23985K, capacity 24962K, committed 25088K, reserved 516096K
2025-05-15T04:10:34.207+0900: 35845.494: [GC (Allocation Failure) [PSYoungGen: 590752K->960K(688128K)] 1752978K->1163234K(1998848K), 0.0132231 secs] [Times: user=0.03 sys=0.00, real=0.02 secs] 
Heap after GC invocations=671 (full 2):
 PSYoungGen      total 688128K, used 960K [0x00000000d0000000, 0x0000000100000000, 0x0000000100000000)
  eden space 589824K, 0% used [0x00000000d0000000,0x00000000d0000000,0x00000000f4000000)
  from space 98304K, 0% used [0x00000000f4000000,0x00000000f40f0000,0x00000000fa000000)
  to   space 98304K, 0% used [0x00000000fa000000,0x00000000fa000000,0x0000000100000000)
 ParOldGen       total 1310720K, used 1162274K [0x0000000080000000, 0x00000000d0000000, 0x00000000d0000000)
  object space 1310720K, 88% used [0x0000000080000000,0x00000000c6f08818,0x00000000d0000000)
 Metaspace       used 250876K, capacity 255750K, committed 256000K, reserved 747520K
  class space    used 23985K, capacity 24962K, committed 25088K, reserved 516096K
}
{Heap before GC invocations=672 (full 2):
 PSYoungGen      total 688128K, used 590784K [0x00000000d0000000, 0x0000000100000000, 0x0000000100000000)
  eden space 589824K, 100% used [0x00000000d0000000,0x00000000f4000000,0x00000000f4000000)
  from space 98304K, 0% used [0x00000000f4000000,0x00000000f40f0000,0x00000000fa000000)
  to   space 98304K, 0% used [0x00000000fa000000,0x00000000fa000000,0x0000000100000000)
 ParOldGen       total 1310720K, used 1162274K [0x0000000080000000, 0x00000000d0000000, 0x00000000d0000000)
  object space 1310720K, 88% used [0x0000000080000000,0x00000000c6f08818,0x00000000d0000000)
 Metaspace       used 250876K, capacity 255750K, committed 256000K, reserved 747520K
  class space    used 23985K, capacity 24962K, committed 25088K, reserved 516096K
2025-05-15T04:11:37.386+0900: 35908.673: [GC (Allocation Failure) [PSYoungGen: 590784K->896K(688128K)] 1753058K->1163234K(1998848K), 0.0123150 secs] [Times: user=0.03 sys=0.00, real=0.01 secs] 
Heap after GC invocations=672 (full 2):
 PSYoungGen      total 688128K, used 896K [0x00000000d0000000, 0x0000000100000000, 0x0000000100000000)
  eden space 589824K, 0% used [0x00000000d0000000,0x00000000d0000000,0x00000000f4000000)
  from space 98304K, 0% used [0x00000000fa000000,0x00000000fa0e0000,0x0000000100000000)
  to   space 98304K, 0% used [0x00000000f4000000,0x00000000f4000000,0x00000000fa000000)
 ParOldGen       total 1310720K, used 1162338K [0x0000000080000000, 0x00000000d0000000, 0x00000000d0000000)
  object space 1310720K, 88% used [0x0000000080000000,0x00000000c6f18818,0x00000000d0000000)
 Metaspace       used 250876K, capacity 255750K, committed 256000K, reserved 747520K
  class space    used 23985K, capacity 24962K, committed 25088K, reserved 516096K
}
{Heap before GC invocations=673 (full 2):
 PSYoungGen      total 688128K, used 590720K [0x00000000d0000000, 0x0000000100000000, 0x0000000100000000)
  eden space 589824K, 100% used [0x00000000d0000000,0x00000000f4000000,0x00000000f4000000)
  from space 98304K, 0% used [0x00000000fa000000,0x00000000fa0e0000,0x0000000100000000)
  to   space 98304K, 0% used [0x00000000f4000000,0x00000000f4000000,0x00000000fa000000)
 ParOldGen       total 1310720K, used 1162338K [0x0000000080000000, 0x00000000d0000000, 0x00000000d0000000)
  object space 1310720K, 88% used [0x0000000080000000,0x00000000c6f18818,0x00000000d0000000)
 Metaspace       used 250876K, capacity 255750K, committed 256000K, reserved 747520K
  class space    used 23985K, capacity 24962K, committed 25088K, reserved 516096K
2025-05-15T04:12:39.588+0900: 35970.875: [GC (Allocation Failure) [PSYoungGen: 590720K->928K(688128K)] 1753058K->1163314K(1998848K), 0.0121749 secs] [Times: user=0.03 sys=0.00, real=0.02 secs] 
Heap after GC invocations=673 (full 2):
 PSYoungGen      total 688128K, used 928K [0x00000000d0000000, 0x0000000100000000, 0x0000000100000000)
  eden space 589824K, 0% used [0x00000000d0000000,0x00000000d0000000,0x00000000f4000000)
  from space 98304K, 0% used [0x00000000f4000000,0x00000000f40e8000,0x00000000fa000000)
  to   space 98304K, 0% used [0x00000000fa000000,0x00000000fa000000,0x0000000100000000)
 ParOldGen       total 1310720K, used 1162386K [0x0000000080000000, 0x00000000d0000000, 0x00000000d0000000)
  object space 1310720K, 88% used [0x0000000080000000,0x00000000c6f24818,0x00000000d0000000)
 Metaspace       used 250876K, capacity 255750K, committed 256000K, reserved 747520K
  class space    used 23985K, capacity 24962K, committed 25088K, reserved 516096K
}
{Heap before GC invocations=674 (full 2):
 PSYoungGen      total 688128K, used 590752K [0x00000000d0000000, 0x0000000100000000, 0x0000000100000000)
  eden space 589824K, 100% used [0x00000000d0000000,0x00000000f4000000,0x00000000f4000000)
  from space 98304K, 0% used [0x00000000f4000000,0x00000000f40e8000,0x00000000fa000000)
  to   space 98304K, 0% used [0x00000000fa000000,0x00000000fa000000,0x0000000100000000)
 ParOldGen       total 1310720K, used 1162386K [0x0000000080000000, 0x00000000d0000000, 0x00000000d0000000)
  object space 1310720K, 88% used [0x0000000080000000,0x00000000c6f24818,0x00000000d0000000)
 Metaspace       used 250876K, capacity 255750K, committed 256000K, reserved 747520K
  class space    used 23985K, capacity 24962K, committed 25088K, reserved 516096K
2025-05-15T04:13:41.793+0900: 36033.080: [GC (Allocation Failure) [PSYoungGen: 590752K->928K(688128K)] 1753138K->1163362K(1998848K), 0.0118105 secs] [Times: user=0.03 sys=0.00, real=0.01 secs] 
Heap after GC invocations=674 (full 2):
 PSYoungGen      total 688128K, used 928K [0x00000000d0000000, 0x0000000100000000, 0x0000000100000000)
  eden space 589824K, 0% used [0x00000000d0000000,0x00000000d0000000,0x00000000f4000000)
  from space 98304K, 0% used [0x00000000fa000000,0x00000000fa0e8000,0x0000000100000000)
  to   space 98304K, 0% used [0x00000000f4000000,0x00000000f4000000,0x00000000fa000000)
 ParOldGen       total 1310720K, used 1162434K [0x0000000080000000, 0x00000000d0000000, 0x00000000d0000000)
  object space 1310720K, 88% used [0x0000000080000000,0x00000000c6f30818,0x00000000d0000000)
 Metaspace       used 250876K, capacity 255750K, committed 256000K, reserved 747520K
  class space    used 23985K, capacity 24962K, committed 25088K, reserved 516096K
}
{Heap before GC invocations=675 (full 2):
 PSYoungGen      total 688128K, used 590752K [0x00000000d0000000, 0x0000000100000000, 0x0000000100000000)
  eden space 589824K, 100% used [0x00000000d0000000,0x00000000f4000000,0x00000000f4000000)
  from space 98304K, 0% used [0x00000000fa000000,0x00000000fa0e8000,0x0000000100000000)
  to   space 98304K, 0% used [0x00000000f4000000,0x00000000f4000000,0x00000000fa000000)
 ParOldGen       total 1310720K, used 1162434K [0x0000000080000000, 0x00000000d0000000, 0x00000000d0000000)
  object space 1310720K, 88% used [0x0000000080000000,0x00000000c6f30818,0x00000000d0000000)
 Metaspace       used 250876K, capacity 255750K, committed 256000K, reserved 747520K
  class space    used 23985K, capacity 24962K, committed 25088K, reserved 516096K
2025-05-15T04:14:45.000+0900: 36096.287: [GC (Allocation Failure) [PSYoungGen: 590752K->928K(688128K)] 1753186K->1163402K(1998848K), 0.0121235 secs] [Times: user=0.03 sys=0.00, real=0.01 secs] 
Heap after GC invocations=675 (full 2):
 PSYoungGen      total 688128K, used 928K [0x00000000d0000000, 0x0000000100000000, 0x0000000100000000)
  eden space 589824K, 0% used [0x00000000d0000000,0x00000000d0000000,0x00000000f4000000)
  from space 98304K, 0% used [0x00000000f4000000,0x00000000f40e8000,0x00000000fa000000)
  to   space 98304K, 0% used [0x00000000fa000000,0x00000000fa000000,0x0000000100000000)
 ParOldGen       total 1310720K, used 1162474K [0x0000000080000000, 0x00000000d0000000, 0x00000000d0000000)
  object space 1310720K, 88% used [0x0000000080000000,0x00000000c6f3a818,0x00000000d0000000)
 Metaspace       used 250876K, capacity 255750K, committed 256000K, reserved 747520K
  class space    used 23985K, capacity 24962K, committed 25088K, reserved 516096K
}
{Heap before GC invocations=676 (full 2):
 PSYoungGen      total 688128K, used 590752K [0x00000000d0000000, 0x0000000100000000, 0x0000000100000000)
  eden space 589824K, 100% used [0x00000000d0000000,0x00000000f4000000,0x00000000f4000000)
  from space 98304K, 0% used [0x00000000f4000000,0x00000000f40e8000,0x00000000fa000000)
  to   space 98304K, 0% used [0x00000000fa000000,0x00000000fa000000,0x0000000100000000)
 ParOldGen       total 1310720K, used 1162474K [0x0000000080000000, 0x00000000d0000000, 0x00000000d0000000)
  object space 1310720K, 88% used [0x0000000080000000,0x00000000c6f3a818,0x00000000d0000000)
 Metaspace       used 250876K, capacity 255750K, committed 256000K, reserved 747520K
  class space    used 23985K, capacity 24962K, committed 25088K, reserved 516096K
2025-05-15T04:15:46.261+0900: 36157.548: [GC (Allocation Failure) [PSYoungGen: 590752K->928K(688128K)] 1753226K->1163450K(1998848K), 0.0121713 secs] [Times: user=0.04 sys=0.00, real=0.01 secs] 
Heap after GC invocations=676 (full 2):
 PSYoungGen      total 688128K, used 928K [0x00000000d0000000, 0x0000000100000000, 0x0000000100000000)
  eden space 589824K, 0% used [0x00000000d0000000,0x00000000d0000000,0x00000000f4000000)
  from space 98304K, 0% used [0x00000000fa000000,0x00000000fa0e8000,0x0000000100000000)
  to   space 98304K, 0% used [0x00000000f4000000,0x00000000f4000000,0x00000000fa000000)
 ParOldGen       total 1310720K, used 1162522K [0x0000000080000000, 0x00000000d0000000, 0x00000000d0000000)
  object space 1310720K, 88% used [0x0000000080000000,0x00000000c6f46818,0x00000000d0000000)
 Metaspace       used 250876K, capacity 255750K, committed 256000K, reserved 747520K
  class space    used 23985K, capacity 24962K, committed 25088K, reserved 516096K
}
{Heap before GC invocations=677 (full 2):
 PSYoungGen      total 688128K, used 590752K [0x00000000d0000000, 0x0000000100000000, 0x0000000100000000)
  eden space 589824K, 100% used [0x00000000d0000000,0x00000000f4000000,0x00000000f4000000)
  from space 98304K, 0% used [0x00000000fa000000,0x00000000fa0e8000,0x0000000100000000)
  to   space 98304K, 0% used [0x00000000f4000000,0x00000000f4000000,0x00000000fa000000)
 ParOldGen       total 1310720K, used 1162522K [0x0000000080000000, 0x00000000d0000000, 0x00000000d0000000)
  object space 1310720K, 88% used [0x0000000080000000,0x00000000c6f46818,0x00000000d0000000)
 Metaspace       used 250876K, capacity 255750K, committed 256000K, reserved 747520K
  class space    used 23985K, capacity 24962K, committed 25088K, reserved 516096K
2025-05-15T04:16:48.391+0900: 36219.678: [GC (Allocation Failure) [PSYoungGen: 590752K->928K(688128K)] 1753274K->1163498K(1998848K), 0.0124815 secs] [Times: user=0.03 sys=0.00, real=0.01 secs] 
Heap after GC invocations=677 (full 2):
 PSYoungGen      total 688128K, used 928K [0x00000000d0000000, 0x0000000100000000, 0x0000000100000000)
  eden space 589824K, 0% used [0x00000000d0000000,0x00000000d0000000,0x00000000f4000000)
  from space 98304K, 0% used [0x00000000f4000000,0x00000000f40e8000,0x00000000fa000000)
  to   space 98304K, 0% used [0x00000000fa000000,0x00000000fa000000,0x0000000100000000)
 ParOldGen       total 1310720K, used 1162570K [0x0000000080000000, 0x00000000d0000000, 0x00000000d0000000)
  object space 1310720K, 88% used [0x0000000080000000,0x00000000c6f52818,0x00000000d0000000)
 Metaspace       used 250876K, capacity 255750K, committed 256000K, reserved 747520K
  class space    used 23985K, capacity 24962K, committed 25088K, reserved 516096K
}
{Heap before GC invocations=678 (full 2):
 PSYoungGen      total 688128K, used 590752K [0x00000000d0000000, 0x0000000100000000, 0x0000000100000000)
  eden space 589824K, 100% used [0x00000000d0000000,0x00000000f4000000,0x00000000f4000000)
  from space 98304K, 0% used [0x00000000f4000000,0x00000000f40e8000,0x00000000fa000000)
  to   space 98304K, 0% used [0x00000000fa000000,0x00000000fa000000,0x0000000100000000)
 ParOldGen       total 1310720K, used 1162570K [0x0000000080000000, 0x00000000d0000000, 0x00000000d0000000)
  object space 1310720K, 88% used [0x0000000080000000,0x00000000c6f52818,0x00000000d0000000)
 Metaspace       used 250876K, capacity 255750K, committed 256000K, reserved 747520K
  class space    used 23985K, capacity 24962K, committed 25088K, reserved 516096K
2025-05-15T04:17:51.595+0900: 36282.882: [GC (Allocation Failure) [PSYoungGen: 590752K->928K(688128K)] 1753322K->1163546K(1998848K), 0.0120131 secs] [Times: user=0.03 sys=0.00, real=0.01 secs] 
Heap after GC invocations=678 (full 2):
 PSYoungGen      total 688128K, used 928K [0x00000000d0000000, 0x0000000100000000, 0x0000000100000000)
  eden space 589824K, 0% used [0x00000000d0000000,0x00000000d0000000,0x00000000f4000000)
  from space 98304K, 0% used [0x00000000fa000000,0x00000000fa0e8000,0x0000000100000000)
  to   space 98304K, 0% used [0x00000000f4000000,0x00000000f4000000,0x00000000fa000000)
 ParOldGen       total 1310720K, used 1162618K [0x0000000080000000, 0x00000000d0000000, 0x00000000d0000000)
  object space 1310720K, 88% used [0x0000000080000000,0x00000000c6f5e818,0x00000000d0000000)
 Metaspace       used 250876K, capacity 255750K, committed 256000K, reserved 747520K
  class space    used 23985K, capacity 24962K, committed 25088K, reserved 516096K
}
{Heap before GC invocations=679 (full 2):
 PSYoungGen      total 688128K, used 590752K [0x00000000d0000000, 0x0000000100000000, 0x0000000100000000)
  eden space 589824K, 100% used [0x00000000d0000000,0x00000000f4000000,0x00000000f4000000)
  from space 98304K, 0% used [0x00000000fa000000,0x00000000fa0e8000,0x0000000100000000)
  to   space 98304K, 0% used [0x00000000f4000000,0x00000000f4000000,0x00000000fa000000)
 ParOldGen       total 1310720K, used 1162618K [0x0000000080000000, 0x00000000d0000000, 0x00000000d0000000)
  object space 1310720K, 88% used [0x0000000080000000,0x00000000c6f5e818,0x00000000d0000000)
 Metaspace       used 250877K, capacity 255750K, committed 256000K, reserved 747520K
  class space    used 23985K, capacity 24962K, committed 25088K, reserved 516096K
2025-05-15T04:18:53.810+0900: 36345.097: [GC (Allocation Failure) [PSYoungGen: 590752K->928K(688128K)] 1753370K->1163594K(1998848K), 0.0123657 secs] [Times: user=0.03 sys=0.00, real=0.01 secs] 
Heap after GC invocations=679 (full 2):
 PSYoungGen      total 688128K, used 928K [0x00000000d0000000, 0x0000000100000000, 0x0000000100000000)
  eden space 589824K, 0% used [0x00000000d0000000,0x00000000d0000000,0x00000000f4000000)
  from space 98304K, 0% used [0x00000000f4000000,0x00000000f40e8000,0x00000000fa000000)
  to   space 98304K, 0% used [0x00000000fa000000,0x00000000fa000000,0x0000000100000000)
 ParOldGen       total 1310720K, used 1162666K [0x0000000080000000, 0x00000000d0000000, 0x00000000d0000000)
  object space 1310720K, 88% used [0x0000000080000000,0x00000000c6f6a818,0x00000000d0000000)
 Metaspace       used 250877K, capacity 255750K, committed 256000K, reserved 747520K
  class space    used 23985K, capacity 24962K, committed 25088K, reserved 516096K
}
{Heap before GC invocations=680 (full 2):
 PSYoungGen      total 688128K, used 590752K [0x00000000d0000000, 0x0000000100000000, 0x0000000100000000)
  eden space 589824K, 100% used [0x00000000d0000000,0x00000000f4000000,0x00000000f4000000)
  from space 98304K, 0% used [0x00000000f4000000,0x00000000f40e8000,0x00000000fa000000)
  to   space 98304K, 0% used [0x00000000fa000000,0x00000000fa000000,0x0000000100000000)
 ParOldGen       total 1310720K, used 1162666K [0x0000000080000000, 0x00000000d0000000, 0x00000000d0000000)
  object space 1310720K, 88% used [0x0000000080000000,0x00000000c6f6a818,0x00000000d0000000)
 Metaspace       used 250877K, capacity 255750K, committed 256000K, reserved 747520K
  class space    used 23985K, capacity 24962K, committed 25088K, reserved 516096K
2025-05-15T04:19:55.421+0900: 36406.708: [GC (Allocation Failure) [PSYoungGen: 590752K->928K(688128K)] 1753418K->1163642K(1998848K), 0.0122515 secs] [Times: user=0.03 sys=0.00, real=0.01 secs] 
Heap after GC invocations=680 (full 2):
 PSYoungGen      total 688128K, used 928K [0x00000000d0000000, 0x0000000100000000, 0x0000000100000000)
  eden space 589824K, 0% used [0x00000000d0000000,0x00000000d0000000,0x00000000f4000000)
  from space 98304K, 0% used [0x00000000fa000000,0x00000000fa0e8000,0x0000000100000000)
  to   space 98304K, 0% used [0x00000000f4000000,0x00000000f4000000,0x00000000fa000000)
 ParOldGen       total 1310720K, used 1162714K [0x0000000080000000, 0x00000000d0000000, 0x00000000d0000000)
  object space 1310720K, 88% used [0x0000000080000000,0x00000000c6f76818,0x00000000d0000000)
 Metaspace       used 250877K, capacity 255750K, committed 256000K, reserved 747520K
  class space    used 23985K, capacity 24962K, committed 25088K, reserved 516096K
}
{Heap before GC invocations=681 (full 2):
 PSYoungGen      total 688128K, used 590752K [0x00000000d0000000, 0x0000000100000000, 0x0000000100000000)
  eden space 589824K, 100% used [0x00000000d0000000,0x00000000f4000000,0x00000000f4000000)
  from space 98304K, 0% used [0x00000000fa000000,0x00000000fa0e8000,0x0000000100000000)
  to   space 98304K, 0% used [0x00000000f4000000,0x00000000f4000000,0x00000000fa000000)
 ParOldGen       total 1310720K, used 1162714K [0x0000000080000000, 0x00000000d0000000, 0x00000000d0000000)
  object space 1310720K, 88% used [0x0000000080000000,0x00000000c6f76818,0x00000000d0000000)
 Metaspace       used 250877K, capacity 255750K, committed 256000K, reserved 747520K
  class space    used 23985K, capacity 24962K, committed 25088K, reserved 516096K
2025-05-15T04:20:57.309+0900: 36468.596: [GC (Allocation Failure) [PSYoungGen: 590752K->928K(688128K)] 1753466K->1163682K(1998848K), 0.0118172 secs] [Times: user=0.03 sys=0.00, real=0.01 secs] 
Heap after GC invocations=681 (full 2):
 PSYoungGen      total 688128K, used 928K [0x00000000d0000000, 0x0000000100000000, 0x0000000100000000)
  eden space 589824K, 0% used [0x00000000d0000000,0x00000000d0000000,0x00000000f4000000)
  from space 98304K, 0% used [0x00000000f4000000,0x00000000f40e8000,0x00000000fa000000)
  to   space 98304K, 0% used [0x00000000fa000000,0x00000000fa000000,0x0000000100000000)
 ParOldGen       total 1310720K, used 1162754K [0x0000000080000000, 0x00000000d0000000, 0x00000000d0000000)
  object space 1310720K, 88% used [0x0000000080000000,0x00000000c6f80818,0x00000000d0000000)
 Metaspace       used 250877K, capacity 255750K, committed 256000K, reserved 747520K
  class space    used 23985K, capacity 24962K, committed 25088K, reserved 516096K
}
{Heap before GC invocations=682 (full 2):
 PSYoungGen      total 688128K, used 590752K [0x00000000d0000000, 0x0000000100000000, 0x0000000100000000)
  eden space 589824K, 100% used [0x00000000d0000000,0x00000000f4000000,0x00000000f4000000)
  from space 98304K, 0% used [0x00000000f4000000,0x00000000f40e8000,0x00000000fa000000)
  to   space 98304K, 0% used [0x00000000fa000000,0x00000000fa000000,0x0000000100000000)
 ParOldGen       total 1310720K, used 1162754K [0x0000000080000000, 0x00000000d0000000, 0x00000000d0000000)
  object space 1310720K, 88% used [0x0000000080000000,0x00000000c6f80818,0x00000000d0000000)
 Metaspace       used 250877K, capacity 255750K, committed 256000K, reserved 747520K
  class space    used 23985K, capacity 24962K, committed 25088K, reserved 516096K
2025-05-15T04:21:59.482+0900: 36530.769: [GC (Allocation Failure) [PSYoungGen: 590752K->928K(688128K)] 1753506K->1163762K(1998848K), 0.0123560 secs] [Times: user=0.03 sys=0.00, real=0.01 secs] 
Heap after GC invocations=682 (full 2):
 PSYoungGen      total 688128K, used 928K [0x00000000d0000000, 0x0000000100000000, 0x0000000100000000)
  eden space 589824K, 0% used [0x00000000d0000000,0x00000000d0000000,0x00000000f4000000)
  from space 98304K, 0% used [0x00000000fa000000,0x00000000fa0e8000,0x0000000100000000)
  to   space 98304K, 0% used [0x00000000f4000000,0x00000000f4000000,0x00000000fa000000)
 ParOldGen       total 1310720K, used 1162834K [0x0000000080000000, 0x00000000d0000000, 0x00000000d0000000)
  object space 1310720K, 88% used [0x0000000080000000,0x00000000c6f94818,0x00000000d0000000)
 Metaspace       used 250877K, capacity 255750K, committed 256000K, reserved 747520K
  class space    used 23985K, capacity 24962K, committed 25088K, reserved 516096K
}
{Heap before GC invocations=683 (full 2):
 PSYoungGen      total 688128K, used 590752K [0x00000000d0000000, 0x0000000100000000, 0x0000000100000000)
  eden space 589824K, 100% used [0x00000000d0000000,0x00000000f4000000,0x00000000f4000000)
  from space 98304K, 0% used [0x00000000fa000000,0x00000000fa0e8000,0x0000000100000000)
  to   space 98304K, 0% used [0x00000000f4000000,0x00000000f4000000,0x00000000fa000000)
 ParOldGen       total 1310720K, used 1162834K [0x0000000080000000, 0x00000000d0000000, 0x00000000d0000000)
  object space 1310720K, 88% used [0x0000000080000000,0x00000000c6f94818,0x00000000d0000000)
 Metaspace       used 250877K, capacity 255750K, committed 256000K, reserved 747520K
  class space    used 23985K, capacity 24962K, committed 25088K, reserved 516096K
2025-05-15T04:23:00.749+0900: 36592.036: [GC (Allocation Failure) [PSYoungGen: 590752K->960K(688128K)] 1753586K->1163842K(1998848K), 0.0121602 secs] [Times: user=0.03 sys=0.00, real=0.01 secs] 
Heap after GC invocations=683 (full 2):
 PSYoungGen      total 688128K, used 960K [0x00000000d0000000, 0x0000000100000000, 0x0000000100000000)
  eden space 589824K, 0% used [0x00000000d0000000,0x00000000d0000000,0x00000000f4000000)
  from space 98304K, 0% used [0x00000000f4000000,0x00000000f40f0000,0x00000000fa000000)
  to   space 98304K, 0% used [0x00000000fa000000,0x00000000fa000000,0x0000000100000000)
 ParOldGen       total 1310720K, used 1162882K [0x0000000080000000, 0x00000000d0000000, 0x00000000d0000000)
  object space 1310720K, 88% used [0x0000000080000000,0x00000000c6fa0818,0x00000000d0000000)
 Metaspace       used 250877K, capacity 255750K, committed 256000K, reserved 747520K
  class space    used 23985K, capacity 24962K, committed 25088K, reserved 516096K
}
{Heap before GC invocations=684 (full 2):
 PSYoungGen      total 688128K, used 590784K [0x00000000d0000000, 0x0000000100000000, 0x0000000100000000)
  eden space 589824K, 100% used [0x00000000d0000000,0x00000000f4000000,0x00000000f4000000)
  from space 98304K, 0% used [0x00000000f4000000,0x00000000f40f0000,0x00000000fa000000)
  to   space 98304K, 0% used [0x00000000fa000000,0x00000000fa000000,0x0000000100000000)
 ParOldGen       total 1310720K, used 1162882K [0x0000000080000000, 0x00000000d0000000, 0x00000000d0000000)
  object space 1310720K, 88% used [0x0000000080000000,0x00000000c6fa0818,0x00000000d0000000)
 Metaspace       used 250877K, capacity 255750K, committed 256000K, reserved 747520K
  class space    used 23985K, capacity 24962K, committed 25088K, reserved 516096K
2025-05-15T04:24:02.777+0900: 36654.064: [GC (Allocation Failure) [PSYoungGen: 590784K->896K(688128K)] 1753666K->1163826K(1998848K), 0.0119615 secs] [Times: user=0.03 sys=0.00, real=0.02 secs] 
Heap after GC invocations=684 (full 2):
 PSYoungGen      total 688128K, used 896K [0x00000000d0000000, 0x0000000100000000, 0x0000000100000000)
  eden space 589824K, 0% used [0x00000000d0000000,0x00000000d0000000,0x00000000f4000000)
  from space 98304K, 0% used [0x00000000fa000000,0x00000000fa0e0000,0x0000000100000000)
  to   space 98304K, 0% used [0x00000000f4000000,0x00000000f4000000,0x00000000fa000000)
 ParOldGen       total 1310720K, used 1162930K [0x0000000080000000, 0x00000000d0000000, 0x00000000d0000000)
  object space 1310720K, 88% used [0x0000000080000000,0x00000000c6fac818,0x00000000d0000000)
 Metaspace       used 250877K, capacity 255750K, committed 256000K, reserved 747520K
  class space    used 23985K, capacity 24962K, committed 25088K, reserved 516096K
}
{Heap before GC invocations=685 (full 2):
 PSYoungGen      total 688128K, used 590720K [0x00000000d0000000, 0x0000000100000000, 0x0000000100000000)
  eden space 589824K, 100% used [0x00000000d0000000,0x00000000f4000000,0x00000000f4000000)
  from space 98304K, 0% used [0x00000000fa000000,0x00000000fa0e0000,0x0000000100000000)
  to   space 98304K, 0% used [0x00000000f4000000,0x00000000f4000000,0x00000000fa000000)
 ParOldGen       total 1310720K, used 1162930K [0x0000000080000000, 0x00000000d0000000, 0x00000000d0000000)
  object space 1310720K, 88% used [0x0000000080000000,0x00000000c6fac818,0x00000000d0000000)
 Metaspace       used 250877K, capacity 255750K, committed 256000K, reserved 747520K
  class space    used 23985K, capacity 24962K, committed 25088K, reserved 516096K
2025-05-15T04:25:04.984+0900: 36716.271: [GC (Allocation Failure) [PSYoungGen: 590720K->928K(688128K)] 1753650K->1163914K(1998848K), 0.0121020 secs] [Times: user=0.03 sys=0.00, real=0.01 secs] 
Heap after GC invocations=685 (full 2):
 PSYoungGen      total 688128K, used 928K [0x00000000d0000000, 0x0000000100000000, 0x0000000100000000)
  eden space 589824K, 0% used [0x00000000d0000000,0x00000000d0000000,0x00000000f4000000)
  from space 98304K, 0% used [0x00000000f4000000,0x00000000f40e8000,0x00000000fa000000)
  to   space 98304K, 0% used [0x00000000fa000000,0x00000000fa000000,0x0000000100000000)
 ParOldGen       total 1310720K, used 1162986K [0x0000000080000000, 0x00000000d0000000, 0x00000000d0000000)
  object space 1310720K, 88% used [0x0000000080000000,0x00000000c6fba818,0x00000000d0000000)
 Metaspace       used 250877K, capacity 255750K, committed 256000K, reserved 747520K
  class space    used 23985K, capacity 24962K, committed 25088K, reserved 516096K
}
{Heap before GC invocations=686 (full 2):
 PSYoungGen      total 688128K, used 590752K [0x00000000d0000000, 0x0000000100000000, 0x0000000100000000)
  eden space 589824K, 100% used [0x00000000d0000000,0x00000000f4000000,0x00000000f4000000)
  from space 98304K, 0% used [0x00000000f4000000,0x00000000f40e8000,0x00000000fa000000)
  to   space 98304K, 0% used [0x00000000fa000000,0x00000000fa000000,0x0000000100000000)
 ParOldGen       total 1310720K, used 1162986K [0x0000000080000000, 0x00000000d0000000, 0x00000000d0000000)
  object space 1310720K, 88% used [0x0000000080000000,0x00000000c6fba818,0x00000000d0000000)
 Metaspace       used 250877K, capacity 255750K, committed 256000K, reserved 747520K
  class space    used 23985K, capacity 24962K, committed 25088K, reserved 516096K
2025-05-15T04:26:07.330+0900: 36778.617: [GC (Allocation Failure) [PSYoungGen: 590752K->864K(688128K)] 1753738K->1163898K(1998848K), 0.0120189 secs] [Times: user=0.03 sys=0.00, real=0.01 secs] 
Heap after GC invocations=686 (full 2):
 PSYoungGen      total 688128K, used 864K [0x00000000d0000000, 0x0000000100000000, 0x0000000100000000)
  eden space 589824K, 0% used [0x00000000d0000000,0x00000000d0000000,0x00000000f4000000)
  from space 98304K, 0% used [0x00000000fa000000,0x00000000fa0d8000,0x0000000100000000)
  to   space 98304K, 0% used [0x00000000f4000000,0x00000000f4000000,0x00000000fa000000)
 ParOldGen       total 1310720K, used 1163034K [0x0000000080000000, 0x00000000d0000000, 0x00000000d0000000)
  object space 1310720K, 88% used [0x0000000080000000,0x00000000c6fc6818,0x00000000d0000000)
 Metaspace       used 250877K, capacity 255750K, committed 256000K, reserved 747520K
  class space    used 23985K, capacity 24962K, committed 25088K, reserved 516096K
}
{Heap before GC invocations=687 (full 2):
 PSYoungGen      total 688128K, used 590688K [0x00000000d0000000, 0x0000000100000000, 0x0000000100000000)
  eden space 589824K, 100% used [0x00000000d0000000,0x00000000f4000000,0x00000000f4000000)
  from space 98304K, 0% used [0x00000000fa000000,0x00000000fa0d8000,0x0000000100000000)
  to   space 98304K, 0% used [0x00000000f4000000,0x00000000f4000000,0x00000000fa000000)
 ParOldGen       total 1310720K, used 1163034K [0x0000000080000000, 0x00000000d0000000, 0x00000000d0000000)
  object space 1310720K, 88% used [0x0000000080000000,0x00000000c6fc6818,0x00000000d0000000)
 Metaspace       used 250877K, capacity 255750K, committed 256000K, reserved 747520K
  class space    used 23985K, capacity 24962K, committed 25088K, reserved 516096K
2025-05-15T04:27:09.412+0900: 36840.700: [GC (Allocation Failure) [PSYoungGen: 590688K->928K(688128K)] 1753722K->1164010K(1998848K), 0.0121389 secs] [Times: user=0.03 sys=0.00, real=0.01 secs] 
Heap after GC invocations=687 (full 2):
 PSYoungGen      total 688128K, used 928K [0x00000000d0000000, 0x0000000100000000, 0x0000000100000000)
  eden space 589824K, 0% used [0x00000000d0000000,0x00000000d0000000,0x00000000f4000000)
  from space 98304K, 0% used [0x00000000f4000000,0x00000000f40e8000,0x00000000fa000000)
  to   space 98304K, 0% used [0x00000000fa000000,0x00000000fa000000,0x0000000100000000)
 ParOldGen       total 1310720K, used 1163082K [0x0000000080000000, 0x00000000d0000000, 0x00000000d0000000)
  object space 1310720K, 88% used [0x0000000080000000,0x00000000c6fd2818,0x00000000d0000000)
 Metaspace       used 250877K, capacity 255750K, committed 256000K, reserved 747520K
  class space    used 23985K, capacity 24962K, committed 25088K, reserved 516096K
}
{Heap before GC invocations=688 (full 2):
 PSYoungGen      total 688128K, used 590752K [0x00000000d0000000, 0x0000000100000000, 0x0000000100000000)
  eden space 589824K, 100% used [0x00000000d0000000,0x00000000f4000000,0x00000000f4000000)
  from space 98304K, 0% used [0x00000000f4000000,0x00000000f40e8000,0x00000000fa000000)
  to   space 98304K, 0% used [0x00000000fa000000,0x00000000fa000000,0x0000000100000000)
 ParOldGen       total 1310720K, used 1163082K [0x0000000080000000, 0x00000000d0000000, 0x00000000d0000000)
  object space 1310720K, 88% used [0x0000000080000000,0x00000000c6fd2818,0x00000000d0000000)
 Metaspace       used 250879K, capacity 255750K, committed 256000K, reserved 747520K
  class space    used 23986K, capacity 24962K, committed 25088K, reserved 516096K
2025-05-15T04:28:11.612+0900: 36902.899: [GC (Allocation Failure) [PSYoungGen: 590752K->928K(688128K)] 1753834K->1164058K(1998848K), 0.0126912 secs] [Times: user=0.03 sys=0.00, real=0.01 secs] 
Heap after GC invocations=688 (full 2):
 PSYoungGen      total 688128K, used 928K [0x00000000d0000000, 0x0000000100000000, 0x0000000100000000)
  eden space 589824K, 0% used [0x00000000d0000000,0x00000000d0000000,0x00000000f4000000)
  from space 98304K, 0% used [0x00000000fa000000,0x00000000fa0e8000,0x0000000100000000)
  to   space 98304K, 0% used [0x00000000f4000000,0x00000000f4000000,0x00000000fa000000)
 ParOldGen       total 1310720K, used 1163130K [0x0000000080000000, 0x00000000d0000000, 0x00000000d0000000)
  object space 1310720K, 88% used [0x0000000080000000,0x00000000c6fde818,0x00000000d0000000)
 Metaspace       used 250879K, capacity 255750K, committed 256000K, reserved 747520K
  class space    used 23986K, capacity 24962K, committed 25088K, reserved 516096K
}
{Heap before GC invocations=689 (full 2):
 PSYoungGen      total 688128K, used 590752K [0x00000000d0000000, 0x0000000100000000, 0x0000000100000000)
  eden space 589824K, 100% used [0x00000000d0000000,0x00000000f4000000,0x00000000f4000000)
  from space 98304K, 0% used [0x00000000fa000000,0x00000000fa0e8000,0x0000000100000000)
  to   space 98304K, 0% used [0x00000000f4000000,0x00000000f4000000,0x00000000fa000000)
 ParOldGen       total 1310720K, used 1163130K [0x0000000080000000, 0x00000000d0000000, 0x00000000d0000000)
  object space 1310720K, 88% used [0x0000000080000000,0x00000000c6fde818,0x00000000d0000000)
 Metaspace       used 250879K, capacity 255750K, committed 256000K, reserved 747520K
  class space    used 23986K, capacity 24962K, committed 25088K, reserved 516096K
2025-05-15T04:29:13.803+0900: 36965.090: [GC (Allocation Failure) [PSYoungGen: 590752K->928K(688128K)] 1753882K->1164098K(1998848K), 0.0129350 secs] [Times: user=0.02 sys=0.00, real=0.01 secs] 
Heap after GC invocations=689 (full 2):
 PSYoungGen      total 688128K, used 928K [0x00000000d0000000, 0x0000000100000000, 0x0000000100000000)
  eden space 589824K, 0% used [0x00000000d0000000,0x00000000d0000000,0x00000000f4000000)
  from space 98304K, 0% used [0x00000000f4000000,0x00000000f40e8000,0x00000000fa000000)
  to   space 98304K, 0% used [0x00000000fa000000,0x00000000fa000000,0x0000000100000000)
 ParOldGen       total 1310720K, used 1163170K [0x0000000080000000, 0x00000000d0000000, 0x00000000d0000000)
  object space 1310720K, 88% used [0x0000000080000000,0x00000000c6fe8818,0x00000000d0000000)
 Metaspace       used 250879K, capacity 255750K, committed 256000K, reserved 747520K
  class space    used 23986K, capacity 24962K, committed 25088K, reserved 516096K
}
{Heap before GC invocations=690 (full 2):
 PSYoungGen      total 688128K, used 590752K [0x00000000d0000000, 0x0000000100000000, 0x0000000100000000)
  eden space 589824K, 100% used [0x00000000d0000000,0x00000000f4000000,0x00000000f4000000)
  from space 98304K, 0% used [0x00000000f4000000,0x00000000f40e8000,0x00000000fa000000)
  to   space 98304K, 0% used [0x00000000fa000000,0x00000000fa000000,0x0000000100000000)
 ParOldGen       total 1310720K, used 1163170K [0x0000000080000000, 0x00000000d0000000, 0x00000000d0000000)
  object space 1310720K, 88% used [0x0000000080000000,0x00000000c6fe8818,0x00000000d0000000)
 Metaspace       used 250879K, capacity 255750K, committed 256000K, reserved 747520K
  class space    used 23986K, capacity 24962K, committed 25088K, reserved 516096K
2025-05-15T04:30:16.991+0900: 37028.278: [GC (Allocation Failure) [PSYoungGen: 590752K->928K(688128K)] 1753922K->1164146K(1998848K), 0.0121324 secs] [Times: user=0.03 sys=0.01, real=0.01 secs] 
Heap after GC invocations=690 (full 2):
 PSYoungGen      total 688128K, used 928K [0x00000000d0000000, 0x0000000100000000, 0x0000000100000000)
  eden space 589824K, 0% used [0x00000000d0000000,0x00000000d0000000,0x00000000f4000000)
  from space 98304K, 0% used [0x00000000fa000000,0x00000000fa0e8000,0x0000000100000000)
  to   space 98304K, 0% used [0x00000000f4000000,0x00000000f4000000,0x00000000fa000000)
 ParOldGen       total 1310720K, used 1163218K [0x0000000080000000, 0x00000000d0000000, 0x00000000d0000000)
  object space 1310720K, 88% used [0x0000000080000000,0x00000000c6ff4818,0x00000000d0000000)
 Metaspace       used 250879K, capacity 255750K, committed 256000K, reserved 747520K
  class space    used 23986K, capacity 24962K, committed 25088K, reserved 516096K
}
{Heap before GC invocations=691 (full 2):
 PSYoungGen      total 688128K, used 590752K [0x00000000d0000000, 0x0000000100000000, 0x0000000100000000)
  eden space 589824K, 100% used [0x00000000d0000000,0x00000000f4000000,0x00000000f4000000)
  from space 98304K, 0% used [0x00000000fa000000,0x00000000fa0e8000,0x0000000100000000)
  to   space 98304K, 0% used [0x00000000f4000000,0x00000000f4000000,0x00000000fa000000)
 ParOldGen       total 1310720K, used 1163218K [0x0000000080000000, 0x00000000d0000000, 0x00000000d0000000)
  object space 1310720K, 88% used [0x0000000080000000,0x00000000c6ff4818,0x00000000d0000000)
 Metaspace       used 250879K, capacity 255750K, committed 256000K, reserved 747520K
  class space    used 23986K, capacity 24962K, committed 25088K, reserved 516096K
2025-05-15T04:31:19.193+0900: 37090.480: [GC (Allocation Failure) [PSYoungGen: 590752K->896K(688128K)] 1753970K->1164154K(1998848K), 0.0121761 secs] [Times: user=0.03 sys=0.00, real=0.01 secs] 
Heap after GC invocations=691 (full 2):
 PSYoungGen      total 688128K, used 896K [0x00000000d0000000, 0x0000000100000000, 0x0000000100000000)
  eden space 589824K, 0% used [0x00000000d0000000,0x00000000d0000000,0x00000000f4000000)
  from space 98304K, 0% used [0x00000000f4000000,0x00000000f40e0000,0x00000000fa000000)
  to   space 98304K, 0% used [0x00000000fa000000,0x00000000fa000000,0x0000000100000000)
 ParOldGen       total 1310720K, used 1163258K [0x0000000080000000, 0x00000000d0000000, 0x00000000d0000000)
  object space 1310720K, 88% used [0x0000000080000000,0x00000000c6ffe818,0x00000000d0000000)
 Metaspace       used 250879K, capacity 255750K, committed 256000K, reserved 747520K
  class space    used 23986K, capacity 24962K, committed 25088K, reserved 516096K
}
{Heap before GC invocations=692 (full 2):
 PSYoungGen      total 688128K, used 590720K [0x00000000d0000000, 0x0000000100000000, 0x0000000100000000)
  eden space 589824K, 100% used [0x00000000d0000000,0x00000000f4000000,0x00000000f4000000)
  from space 98304K, 0% used [0x00000000f4000000,0x00000000f40e0000,0x00000000fa000000)
  to   space 98304K, 0% used [0x00000000fa000000,0x00000000fa000000,0x0000000100000000)
 ParOldGen       total 1310720K, used 1163258K [0x0000000080000000, 0x00000000d0000000, 0x00000000d0000000)
  object space 1310720K, 88% used [0x0000000080000000,0x00000000c6ffe818,0x00000000d0000000)
 Metaspace       used 250879K, capacity 255750K, committed 256000K, reserved 747520K
  class space    used 23986K, capacity 24962K, committed 25088K, reserved 516096K
2025-05-15T04:32:21.393+0900: 37152.680: [GC (Allocation Failure) [PSYoungGen: 590720K->928K(688128K)] 1753978K->1164226K(1998848K), 0.0120632 secs] [Times: user=0.03 sys=0.00, real=0.01 secs] 
Heap after GC invocations=692 (full 2):
 PSYoungGen      total 688128K, used 928K [0x00000000d0000000, 0x0000000100000000, 0x0000000100000000)
  eden space 589824K, 0% used [0x00000000d0000000,0x00000000d0000000,0x00000000f4000000)
  from space 98304K, 0% used [0x00000000fa000000,0x00000000fa0e8000,0x0000000100000000)
  to   space 98304K, 0% used [0x00000000f4000000,0x00000000f4000000,0x00000000fa000000)
 ParOldGen       total 1310720K, used 1163298K [0x0000000080000000, 0x00000000d0000000, 0x00000000d0000000)
  object space 1310720K, 88% used [0x0000000080000000,0x00000000c7008818,0x00000000d0000000)
 Metaspace       used 250879K, capacity 255750K, committed 256000K, reserved 747520K
  class space    used 23986K, capacity 24962K, committed 25088K, reserved 516096K
}
{Heap before GC invocations=693 (full 2):
 PSYoungGen      total 688128K, used 590752K [0x00000000d0000000, 0x0000000100000000, 0x0000000100000000)
  eden space 589824K, 100% used [0x00000000d0000000,0x00000000f4000000,0x00000000f4000000)
  from space 98304K, 0% used [0x00000000fa000000,0x00000000fa0e8000,0x0000000100000000)
  to   space 98304K, 0% used [0x00000000f4000000,0x00000000f4000000,0x00000000fa000000)
 ParOldGen       total 1310720K, used 1163298K [0x0000000080000000, 0x00000000d0000000, 0x00000000d0000000)
  object space 1310720K, 88% used [0x0000000080000000,0x00000000c7008818,0x00000000d0000000)
 Metaspace       used 250879K, capacity 255750K, committed 256000K, reserved 747520K
  class space    used 23986K, capacity 24962K, committed 25088K, reserved 516096K
2025-05-15T04:33:24.597+0900: 37215.885: [GC (Allocation Failure) [PSYoungGen: 590752K->928K(688128K)] 1754050K->1164274K(1998848K), 0.0118492 secs] [Times: user=0.04 sys=0.00, real=0.02 secs] 
Heap after GC invocations=693 (full 2):
 PSYoungGen      total 688128K, used 928K [0x00000000d0000000, 0x0000000100000000, 0x0000000100000000)
  eden space 589824K, 0% used [0x00000000d0000000,0x00000000d0000000,0x00000000f4000000)
  from space 98304K, 0% used [0x00000000f4000000,0x00000000f40e8000,0x00000000fa000000)
  to   space 98304K, 0% used [0x00000000fa000000,0x00000000fa000000,0x0000000100000000)
 ParOldGen       total 1310720K, used 1163346K [0x0000000080000000, 0x00000000d0000000, 0x00000000d0000000)
  object space 1310720K, 88% used [0x0000000080000000,0x00000000c7014818,0x00000000d0000000)
 Metaspace       used 250879K, capacity 255750K, committed 256000K, reserved 747520K
  class space    used 23986K, capacity 24962K, committed 25088K, reserved 516096K
}
{Heap before GC invocations=694 (full 2):
 PSYoungGen      total 688128K, used 590752K [0x00000000d0000000, 0x0000000100000000, 0x0000000100000000)
  eden space 589824K, 100% used [0x00000000d0000000,0x00000000f4000000,0x00000000f4000000)
  from space 98304K, 0% used [0x00000000f4000000,0x00000000f40e8000,0x00000000fa000000)
  to   space 98304K, 0% used [0x00000000fa000000,0x00000000fa000000,0x0000000100000000)
 ParOldGen       total 1310720K, used 1163346K [0x0000000080000000, 0x00000000d0000000, 0x00000000d0000000)
  object space 1310720K, 88% used [0x0000000080000000,0x00000000c7014818,0x00000000d0000000)
 Metaspace       used 250881K, capacity 255750K, committed 256000K, reserved 747520K
  class space    used 23986K, capacity 24962K, committed 25088K, reserved 516096K
2025-05-15T04:34:26.798+0900: 37278.085: [GC (Allocation Failure) [PSYoungGen: 590752K->928K(688128K)] 1754098K->1164314K(1998848K), 0.0121153 secs] [Times: user=0.02 sys=0.00, real=0.02 secs] 
Heap after GC invocations=694 (full 2):
 PSYoungGen      total 688128K, used 928K [0x00000000d0000000, 0x0000000100000000, 0x0000000100000000)
  eden space 589824K, 0% used [0x00000000d0000000,0x00000000d0000000,0x00000000f4000000)
  from space 98304K, 0% used [0x00000000fa000000,0x00000000fa0e8000,0x0000000100000000)
  to   space 98304K, 0% used [0x00000000f4000000,0x00000000f4000000,0x00000000fa000000)
 ParOldGen       total 1310720K, used 1163386K [0x0000000080000000, 0x00000000d0000000, 0x00000000d0000000)
  object space 1310720K, 88% used [0x0000000080000000,0x00000000c701e818,0x00000000d0000000)
 Metaspace       used 250881K, capacity 255750K, committed 256000K, reserved 747520K
  class space    used 23986K, capacity 24962K, committed 25088K, reserved 516096K
}
{Heap before GC invocations=695 (full 2):
 PSYoungGen      total 688128K, used 590752K [0x00000000d0000000, 0x0000000100000000, 0x0000000100000000)
  eden space 589824K, 100% used [0x00000000d0000000,0x00000000f4000000,0x00000000f4000000)
  from space 98304K, 0% used [0x00000000fa000000,0x00000000fa0e8000,0x0000000100000000)
  to   space 98304K, 0% used [0x00000000f4000000,0x00000000f4000000,0x00000000fa000000)
 ParOldGen       total 1310720K, used 1163386K [0x0000000080000000, 0x00000000d0000000, 0x00000000d0000000)
  object space 1310720K, 88% used [0x0000000080000000,0x00000000c701e818,0x00000000d0000000)
 Metaspace       used 250881K, capacity 255750K, committed 256000K, reserved 747520K
  class space    used 23986K, capacity 24962K, committed 25088K, reserved 516096K
2025-05-15T04:35:29.004+0900: 37340.291: [GC (Allocation Failure) [PSYoungGen: 590752K->896K(688128K)] 1754138K->1164330K(1998848K), 0.0123221 secs] [Times: user=0.02 sys=0.00, real=0.01 secs] 
Heap after GC invocations=695 (full 2):
 PSYoungGen      total 688128K, used 896K [0x00000000d0000000, 0x0000000100000000, 0x0000000100000000)
  eden space 589824K, 0% used [0x00000000d0000000,0x00000000d0000000,0x00000000f4000000)
  from space 98304K, 0% used [0x00000000f4000000,0x00000000f40e0000,0x00000000fa000000)
  to   space 98304K, 0% used [0x00000000fa000000,0x00000000fa000000,0x0000000100000000)
 ParOldGen       total 1310720K, used 1163434K [0x0000000080000000, 0x00000000d0000000, 0x00000000d0000000)
  object space 1310720K, 88% used [0x0000000080000000,0x00000000c702a818,0x00000000d0000000)
 Metaspace       used 250881K, capacity 255750K, committed 256000K, reserved 747520K
  class space    used 23986K, capacity 24962K, committed 25088K, reserved 516096K
}
{Heap before GC invocations=696 (full 2):
 PSYoungGen      total 688128K, used 590720K [0x00000000d0000000, 0x0000000100000000, 0x0000000100000000)
  eden space 589824K, 100% used [0x00000000d0000000,0x00000000f4000000,0x00000000f4000000)
  from space 98304K, 0% used [0x00000000f4000000,0x00000000f40e0000,0x00000000fa000000)
  to   space 98304K, 0% used [0x00000000fa000000,0x00000000fa000000,0x0000000100000000)
 ParOldGen       total 1310720K, used 1163434K [0x0000000080000000, 0x00000000d0000000, 0x00000000d0000000)
  object space 1310720K, 88% used [0x0000000080000000,0x00000000c702a818,0x00000000d0000000)
 Metaspace       used 250881K, capacity 255750K, committed 256000K, reserved 747520K
  class space    used 23986K, capacity 24962K, committed 25088K, reserved 516096K
2025-05-15T04:36:31.209+0900: 37402.496: [GC (Allocation Failure) [PSYoungGen: 590720K->928K(688128K)] 1754154K->1164394K(1998848K), 0.0201588 secs] [Times: user=0.05 sys=0.00, real=0.02 secs] 
Heap after GC invocations=696 (full 2):
 PSYoungGen      total 688128K, used 928K [0x00000000d0000000, 0x0000000100000000, 0x0000000100000000)
  eden space 589824K, 0% used [0x00000000d0000000,0x00000000d0000000,0x00000000f4000000)
  from space 98304K, 0% used [0x00000000fa000000,0x00000000fa0e8000,0x0000000100000000)
  to   space 98304K, 0% used [0x00000000f4000000,0x00000000f4000000,0x00000000fa000000)
 ParOldGen       total 1310720K, used 1163466K [0x0000000080000000, 0x00000000d0000000, 0x00000000d0000000)
  object space 1310720K, 88% used [0x0000000080000000,0x00000000c7032818,0x00000000d0000000)
 Metaspace       used 250881K, capacity 255750K, committed 256000K, reserved 747520K
  class space    used 23986K, capacity 24962K, committed 25088K, reserved 516096K
}
{Heap before GC invocations=697 (full 2):
 PSYoungGen      total 688128K, used 590752K [0x00000000d0000000, 0x0000000100000000, 0x0000000100000000)
  eden space 589824K, 100% used [0x00000000d0000000,0x00000000f4000000,0x00000000f4000000)
  from space 98304K, 0% used [0x00000000fa000000,0x00000000fa0e8000,0x0000000100000000)
  to   space 98304K, 0% used [0x00000000f4000000,0x00000000f4000000,0x00000000fa000000)
 ParOldGen       total 1310720K, used 1163466K [0x0000000080000000, 0x00000000d0000000, 0x00000000d0000000)
  object space 1310720K, 88% used [0x0000000080000000,0x00000000c7032818,0x00000000d0000000)
 Metaspace       used 250884K, capacity 255750K, committed 256000K, reserved 747520K
  class space    used 23986K, capacity 24962K, committed 25088K, reserved 516096K
2025-05-15T04:37:34.080+0900: 37465.367: [GC (Allocation Failure) [PSYoungGen: 590752K->960K(688128K)] 1754218K->1164474K(1998848K), 0.0119287 secs] [Times: user=0.03 sys=0.00, real=0.01 secs] 
Heap after GC invocations=697 (full 2):
 PSYoungGen      total 688128K, used 960K [0x00000000d0000000, 0x0000000100000000, 0x0000000100000000)
  eden space 589824K, 0% used [0x00000000d0000000,0x00000000d0000000,0x00000000f4000000)
  from space 98304K, 0% used [0x00000000f4000000,0x00000000f40f0000,0x00000000fa000000)
  to   space 98304K, 0% used [0x00000000fa000000,0x00000000fa000000,0x0000000100000000)
 ParOldGen       total 1310720K, used 1163514K [0x0000000080000000, 0x00000000d0000000, 0x00000000d0000000)
  object space 1310720K, 88% used [0x0000000080000000,0x00000000c703e818,0x00000000d0000000)
 Metaspace       used 250884K, capacity 255750K, committed 256000K, reserved 747520K
  class space    used 23986K, capacity 24962K, committed 25088K, reserved 516096K
}
{Heap before GC invocations=698 (full 2):
 PSYoungGen      total 688128K, used 590784K [0x00000000d0000000, 0x0000000100000000, 0x0000000100000000)
  eden space 589824K, 100% used [0x00000000d0000000,0x00000000f4000000,0x00000000f4000000)
  from space 98304K, 0% used [0x00000000f4000000,0x00000000f40f0000,0x00000000fa000000)
  to   space 98304K, 0% used [0x00000000fa000000,0x00000000fa000000,0x0000000100000000)
 ParOldGen       total 1310720K, used 1163514K [0x0000000080000000, 0x00000000d0000000, 0x00000000d0000000)
  object space 1310720K, 88% used [0x0000000080000000,0x00000000c703e818,0x00000000d0000000)
 Metaspace       used 250884K, capacity 255750K, committed 256000K, reserved 747520K
  class space    used 23986K, capacity 24962K, committed 25088K, reserved 516096K
2025-05-15T04:38:35.634+0900: 37526.921: [GC (Allocation Failure) [PSYoungGen: 590784K->928K(688128K)] 1754298K->1164498K(1998848K), 0.0115808 secs] [Times: user=0.03 sys=0.00, real=0.01 secs] 
Heap after GC invocations=698 (full 2):
 PSYoungGen      total 688128K, used 928K [0x00000000d0000000, 0x0000000100000000, 0x0000000100000000)
  eden space 589824K, 0% used [0x00000000d0000000,0x00000000d0000000,0x00000000f4000000)
  from space 98304K, 0% used [0x00000000fa000000,0x00000000fa0e8000,0x0000000100000000)
  to   space 98304K, 0% used [0x00000000f4000000,0x00000000f4000000,0x00000000fa000000)
 ParOldGen       total 1310720K, used 1163570K [0x0000000080000000, 0x00000000d0000000, 0x00000000d0000000)
  object space 1310720K, 88% used [0x0000000080000000,0x00000000c704c818,0x00000000d0000000)
 Metaspace       used 250884K, capacity 255750K, committed 256000K, reserved 747520K
  class space    used 23986K, capacity 24962K, committed 25088K, reserved 516096K
}
{Heap before GC invocations=699 (full 2):
 PSYoungGen      total 688128K, used 590752K [0x00000000d0000000, 0x0000000100000000, 0x0000000100000000)
  eden space 589824K, 100% used [0x00000000d0000000,0x00000000f4000000,0x00000000f4000000)
  from space 98304K, 0% used [0x00000000fa000000,0x00000000fa0e8000,0x0000000100000000)
  to   space 98304K, 0% used [0x00000000f4000000,0x00000000f4000000,0x00000000fa000000)
 ParOldGen       total 1310720K, used 1163570K [0x0000000080000000, 0x00000000d0000000, 0x00000000d0000000)
  object space 1310720K, 88% used [0x0000000080000000,0x00000000c704c818,0x00000000d0000000)
 Metaspace       used 250884K, capacity 255750K, committed 256000K, reserved 747520K
  class space    used 23986K, capacity 24962K, committed 25088K, reserved 516096K
2025-05-15T04:39:38.396+0900: 37589.683: [GC (Allocation Failure) [PSYoungGen: 590752K->896K(688128K)] 1754322K->1164530K(1998848K), 0.0122980 secs] [Times: user=0.03 sys=0.00, real=0.01 secs] 
Heap after GC invocations=699 (full 2):
 PSYoungGen      total 688128K, used 896K [0x00000000d0000000, 0x0000000100000000, 0x0000000100000000)
  eden space 589824K, 0% used [0x00000000d0000000,0x00000000d0000000,0x00000000f4000000)
  from space 98304K, 0% used [0x00000000f4000000,0x00000000f40e0000,0x00000000fa000000)
  to   space 98304K, 0% used [0x00000000fa000000,0x00000000fa000000,0x0000000100000000)
 ParOldGen       total 1310720K, used 1163634K [0x0000000080000000, 0x00000000d0000000, 0x00000000d0000000)
  object space 1310720K, 88% used [0x0000000080000000,0x00000000c705c818,0x00000000d0000000)
 Metaspace       used 250884K, capacity 255750K, committed 256000K, reserved 747520K
  class space    used 23986K, capacity 24962K, committed 25088K, reserved 516096K
}
{Heap before GC invocations=700 (full 2):
 PSYoungGen      total 688128K, used 590720K [0x00000000d0000000, 0x0000000100000000, 0x0000000100000000)
  eden space 589824K, 100% used [0x00000000d0000000,0x00000000f4000000,0x00000000f4000000)
  from space 98304K, 0% used [0x00000000f4000000,0x00000000f40e0000,0x00000000fa000000)
  to   space 98304K, 0% used [0x00000000fa000000,0x00000000fa000000,0x0000000100000000)
 ParOldGen       total 1310720K, used 1163634K [0x0000000080000000, 0x00000000d0000000, 0x00000000d0000000)
  object space 1310720K, 88% used [0x0000000080000000,0x00000000c705c818,0x00000000d0000000)
 Metaspace       used 250884K, capacity 255750K, committed 256000K, reserved 747520K
  class space    used 23986K, capacity 24962K, committed 25088K, reserved 516096K
2025-05-15T04:40:40.264+0900: 37651.551: [GC (Allocation Failure) [PSYoungGen: 590720K->928K(688128K)] 1754354K->1164602K(1998848K), 0.0124439 secs] [Times: user=0.03 sys=0.00, real=0.01 secs] 
Heap after GC invocations=700 (full 2):
 PSYoungGen      total 688128K, used 928K [0x00000000d0000000, 0x0000000100000000, 0x0000000100000000)
  eden space 589824K, 0% used [0x00000000d0000000,0x00000000d0000000,0x00000000f4000000)
  from space 98304K, 0% used [0x00000000fa000000,0x00000000fa0e8000,0x0000000100000000)
  to   space 98304K, 0% used [0x00000000f4000000,0x00000000f4000000,0x00000000fa000000)
 ParOldGen       total 1310720K, used 1163674K [0x0000000080000000, 0x00000000d0000000, 0x00000000d0000000)
  object space 1310720K, 88% used [0x0000000080000000,0x00000000c7066818,0x00000000d0000000)
 Metaspace       used 250884K, capacity 255750K, committed 256000K, reserved 747520K
  class space    used 23986K, capacity 24962K, committed 25088K, reserved 516096K
}
{Heap before GC invocations=701 (full 2):
 PSYoungGen      total 688128K, used 590752K [0x00000000d0000000, 0x0000000100000000, 0x0000000100000000)
  eden space 589824K, 100% used [0x00000000d0000000,0x00000000f4000000,0x00000000f4000000)
  from space 98304K, 0% used [0x00000000fa000000,0x00000000fa0e8000,0x0000000100000000)
  to   space 98304K, 0% used [0x00000000f4000000,0x00000000f4000000,0x00000000fa000000)
 ParOldGen       total 1310720K, used 1163674K [0x0000000080000000, 0x00000000d0000000, 0x00000000d0000000)
  object space 1310720K, 88% used [0x0000000080000000,0x00000000c7066818,0x00000000d0000000)
 Metaspace       used 250884K, capacity 255750K, committed 256000K, reserved 747520K
  class space    used 23986K, capacity 24962K, committed 25088K, reserved 516096K
2025-05-15T04:41:43.206+0900: 37714.493: [GC (Allocation Failure) [PSYoungGen: 590752K->896K(688128K)] 1754426K->1164610K(1998848K), 0.0121447 secs] [Times: user=0.03 sys=0.00, real=0.02 secs] 
Heap after GC invocations=701 (full 2):
 PSYoungGen      total 688128K, used 896K [0x00000000d0000000, 0x0000000100000000, 0x0000000100000000)
  eden space 589824K, 0% used [0x00000000d0000000,0x00000000d0000000,0x00000000f4000000)
  from space 98304K, 0% used [0x00000000f4000000,0x00000000f40e0000,0x00000000fa000000)
  to   space 98304K, 0% used [0x00000000fa000000,0x00000000fa000000,0x0000000100000000)
 ParOldGen       total 1310720K, used 1163714K [0x0000000080000000, 0x00000000d0000000, 0x00000000d0000000)
  object space 1310720K, 88% used [0x0000000080000000,0x00000000c7070818,0x00000000d0000000)
 Metaspace       used 250884K, capacity 255750K, committed 256000K, reserved 747520K
  class space    used 23986K, capacity 24962K, committed 25088K, reserved 516096K
}
{Heap before GC invocations=702 (full 2):
 PSYoungGen      total 688128K, used 590720K [0x00000000d0000000, 0x0000000100000000, 0x0000000100000000)
  eden space 589824K, 100% used [0x00000000d0000000,0x00000000f4000000,0x00000000f4000000)
  from space 98304K, 0% used [0x00000000f4000000,0x00000000f40e0000,0x00000000fa000000)
  to   space 98304K, 0% used [0x00000000fa000000,0x00000000fa000000,0x0000000100000000)
 ParOldGen       total 1310720K, used 1163714K [0x0000000080000000, 0x00000000d0000000, 0x00000000d0000000)
  object space 1310720K, 88% used [0x0000000080000000,0x00000000c7070818,0x00000000d0000000)
 Metaspace       used 250884K, capacity 255750K, committed 256000K, reserved 747520K
  class space    used 23986K, capacity 24962K, committed 25088K, reserved 516096K
2025-05-15T04:42:45.407+0900: 37776.694: [GC (Allocation Failure) [PSYoungGen: 590720K->928K(688128K)] 1754434K->1164690K(1998848K), 0.0119090 secs] [Times: user=0.03 sys=0.00, real=0.02 secs] 
Heap after GC invocations=702 (full 2):
 PSYoungGen      total 688128K, used 928K [0x00000000d0000000, 0x0000000100000000, 0x0000000100000000)
  eden space 589824K, 0% used [0x00000000d0000000,0x00000000d0000000,0x00000000f4000000)
  from space 98304K, 0% used [0x00000000fa000000,0x00000000fa0e8000,0x0000000100000000)
  to   space 98304K, 0% used [0x00000000f4000000,0x00000000f4000000,0x00000000fa000000)
 ParOldGen       total 1310720K, used 1163762K [0x0000000080000000, 0x00000000d0000000, 0x00000000d0000000)
  object space 1310720K, 88% used [0x0000000080000000,0x00000000c707c818,0x00000000d0000000)
 Metaspace       used 250884K, capacity 255750K, committed 256000K, reserved 747520K
  class space    used 23986K, capacity 24962K, committed 25088K, reserved 516096K
}
{Heap before GC invocations=703 (full 2):
 PSYoungGen      total 688128K, used 590752K [0x00000000d0000000, 0x0000000100000000, 0x0000000100000000)
  eden space 589824K, 100% used [0x00000000d0000000,0x00000000f4000000,0x00000000f4000000)
  from space 98304K, 0% used [0x00000000fa000000,0x00000000fa0e8000,0x0000000100000000)
  to   space 98304K, 0% used [0x00000000f4000000,0x00000000f4000000,0x00000000fa000000)
 ParOldGen       total 1310720K, used 1163762K [0x0000000080000000, 0x00000000d0000000, 0x00000000d0000000)
  object space 1310720K, 88% used [0x0000000080000000,0x00000000c707c818,0x00000000d0000000)
 Metaspace       used 250884K, capacity 255750K, committed 256000K, reserved 747520K
  class space    used 23986K, capacity 24962K, committed 25088K, reserved 516096K
2025-05-15T04:43:46.620+0900: 37837.907: [GC (Allocation Failure) [PSYoungGen: 590752K->896K(688128K)] 1754514K->1164706K(1998848K), 0.0116703 secs] [Times: user=0.03 sys=0.00, real=0.01 secs] 
Heap after GC invocations=703 (full 2):
 PSYoungGen      total 688128K, used 896K [0x00000000d0000000, 0x0000000100000000, 0x0000000100000000)
  eden space 589824K, 0% used [0x00000000d0000000,0x00000000d0000000,0x00000000f4000000)
  from space 98304K, 0% used [0x00000000f4000000,0x00000000f40e0000,0x00000000fa000000)
  to   space 98304K, 0% used [0x00000000fa000000,0x00000000fa000000,0x0000000100000000)
 ParOldGen       total 1310720K, used 1163810K [0x0000000080000000, 0x00000000d0000000, 0x00000000d0000000)
  object space 1310720K, 88% used [0x0000000080000000,0x00000000c7088818,0x00000000d0000000)
 Metaspace       used 250884K, capacity 255750K, committed 256000K, reserved 747520K
  class space    used 23986K, capacity 24962K, committed 25088K, reserved 516096K
}
{Heap before GC invocations=704 (full 2):
 PSYoungGen      total 688128K, used 590720K [0x00000000d0000000, 0x0000000100000000, 0x0000000100000000)
  eden space 589824K, 100% used [0x00000000d0000000,0x00000000f4000000,0x00000000f4000000)
  from space 98304K, 0% used [0x00000000f4000000,0x00000000f40e0000,0x00000000fa000000)
  to   space 98304K, 0% used [0x00000000fa000000,0x00000000fa000000,0x0000000100000000)
 ParOldGen       total 1310720K, used 1163810K [0x0000000080000000, 0x00000000d0000000, 0x00000000d0000000)
  object space 1310720K, 88% used [0x0000000080000000,0x00000000c7088818,0x00000000d0000000)
 Metaspace       used 250884K, capacity 255750K, committed 256000K, reserved 747520K
  class space    used 23986K, capacity 24962K, committed 25088K, reserved 516096K
2025-05-15T04:44:48.775+0900: 37900.062: [GC (Allocation Failure) [PSYoungGen: 590720K->928K(688128K)] 1754530K->1164770K(1998848K), 0.0121262 secs] [Times: user=0.03 sys=0.00, real=0.01 secs] 
Heap after GC invocations=704 (full 2):
 PSYoungGen      total 688128K, used 928K [0x00000000d0000000, 0x0000000100000000, 0x0000000100000000)
  eden space 589824K, 0% used [0x00000000d0000000,0x00000000d0000000,0x00000000f4000000)
  from space 98304K, 0% used [0x00000000fa000000,0x00000000fa0e8000,0x0000000100000000)
  to   space 98304K, 0% used [0x00000000f4000000,0x00000000f4000000,0x00000000fa000000)
 ParOldGen       total 1310720K, used 1163842K [0x0000000080000000, 0x00000000d0000000, 0x00000000d0000000)
  object space 1310720K, 88% used [0x0000000080000000,0x00000000c7090818,0x00000000d0000000)
 Metaspace       used 250884K, capacity 255750K, committed 256000K, reserved 747520K
  class space    used 23986K, capacity 24962K, committed 25088K, reserved 516096K
}
{Heap before GC invocations=705 (full 2):
 PSYoungGen      total 688128K, used 590752K [0x00000000d0000000, 0x0000000100000000, 0x0000000100000000)
  eden space 589824K, 100% used [0x00000000d0000000,0x00000000f4000000,0x00000000f4000000)
  from space 98304K, 0% used [0x00000000fa000000,0x00000000fa0e8000,0x0000000100000000)
  to   space 98304K, 0% used [0x00000000f4000000,0x00000000f4000000,0x00000000fa000000)
 ParOldGen       total 1310720K, used 1163842K [0x0000000080000000, 0x00000000d0000000, 0x00000000d0000000)
  object space 1310720K, 88% used [0x0000000080000000,0x00000000c7090818,0x00000000d0000000)
 Metaspace       used 250884K, capacity 255750K, committed 256000K, reserved 747520K
  class space    used 23986K, capacity 24962K, committed 25088K, reserved 516096K
2025-05-15T04:45:51.954+0900: 37963.241: [GC (Allocation Failure) [PSYoungGen: 590752K->928K(688128K)] 1754594K->1164818K(1998848K), 0.0118473 secs] [Times: user=0.04 sys=0.00, real=0.01 secs] 
Heap after GC invocations=705 (full 2):
 PSYoungGen      total 688128K, used 928K [0x00000000d0000000, 0x0000000100000000, 0x0000000100000000)
  eden space 589824K, 0% used [0x00000000d0000000,0x00000000d0000000,0x00000000f4000000)
  from space 98304K, 0% used [0x00000000f4000000,0x00000000f40e8000,0x00000000fa000000)
  to   space 98304K, 0% used [0x00000000fa000000,0x00000000fa000000,0x0000000100000000)
 ParOldGen       total 1310720K, used 1163890K [0x0000000080000000, 0x00000000d0000000, 0x00000000d0000000)
  object space 1310720K, 88% used [0x0000000080000000,0x00000000c709c818,0x00000000d0000000)
 Metaspace       used 250884K, capacity 255750K, committed 256000K, reserved 747520K
  class space    used 23986K, capacity 24962K, committed 25088K, reserved 516096K
}
{Heap before GC invocations=706 (full 2):
 PSYoungGen      total 688128K, used 590752K [0x00000000d0000000, 0x0000000100000000, 0x0000000100000000)
  eden space 589824K, 100% used [0x00000000d0000000,0x00000000f4000000,0x00000000f4000000)
  from space 98304K, 0% used [0x00000000f4000000,0x00000000f40e8000,0x00000000fa000000)
  to   space 98304K, 0% used [0x00000000fa000000,0x00000000fa000000,0x0000000100000000)
 ParOldGen       total 1310720K, used 1163890K [0x0000000080000000, 0x00000000d0000000, 0x00000000d0000000)
  object space 1310720K, 88% used [0x0000000080000000,0x00000000c709c818,0x00000000d0000000)
 Metaspace       used 250884K, capacity 255750K, committed 256000K, reserved 747520K
  class space    used 23986K, capacity 24962K, committed 25088K, reserved 516096K
2025-05-15T04:46:54.147+0900: 38025.434: [GC (Allocation Failure) [PSYoungGen: 590752K->928K(688128K)] 1754642K->1164866K(1998848K), 0.0118709 secs] [Times: user=0.03 sys=0.00, real=0.02 secs] 
Heap after GC invocations=706 (full 2):
 PSYoungGen      total 688128K, used 928K [0x00000000d0000000, 0x0000000100000000, 0x0000000100000000)
  eden space 589824K, 0% used [0x00000000d0000000,0x00000000d0000000,0x00000000f4000000)
  from space 98304K, 0% used [0x00000000fa000000,0x00000000fa0e8000,0x0000000100000000)
  to   space 98304K, 0% used [0x00000000f4000000,0x00000000f4000000,0x00000000fa000000)
 ParOldGen       total 1310720K, used 1163938K [0x0000000080000000, 0x00000000d0000000, 0x00000000d0000000)
  object space 1310720K, 88% used [0x0000000080000000,0x00000000c70a8818,0x00000000d0000000)
 Metaspace       used 250884K, capacity 255750K, committed 256000K, reserved 747520K
  class space    used 23986K, capacity 24962K, committed 25088K, reserved 516096K
}
{Heap before GC invocations=707 (full 2):
 PSYoungGen      total 688128K, used 590752K [0x00000000d0000000, 0x0000000100000000, 0x0000000100000000)
  eden space 589824K, 100% used [0x00000000d0000000,0x00000000f4000000,0x00000000f4000000)
  from space 98304K, 0% used [0x00000000fa000000,0x00000000fa0e8000,0x0000000100000000)
  to   space 98304K, 0% used [0x00000000f4000000,0x00000000f4000000,0x00000000fa000000)
 ParOldGen       total 1310720K, used 1163938K [0x0000000080000000, 0x00000000d0000000, 0x00000000d0000000)
  object space 1310720K, 88% used [0x0000000080000000,0x00000000c70a8818,0x00000000d0000000)
 Metaspace       used 250884K, capacity 255750K, committed 256000K, reserved 747520K
  class space    used 23986K, capacity 24962K, committed 25088K, reserved 516096K
2025-05-15T04:47:56.346+0900: 38087.633: [GC (Allocation Failure) [PSYoungGen: 590752K->896K(688128K)] 1754690K->1164890K(1998848K), 0.0120900 secs] [Times: user=0.03 sys=0.00, real=0.01 secs] 
Heap after GC invocations=707 (full 2):
 PSYoungGen      total 688128K, used 896K [0x00000000d0000000, 0x0000000100000000, 0x0000000100000000)
  eden space 589824K, 0% used [0x00000000d0000000,0x00000000d0000000,0x00000000f4000000)
  from space 98304K, 0% used [0x00000000f4000000,0x00000000f40e0000,0x00000000fa000000)
  to   space 98304K, 0% used [0x00000000fa000000,0x00000000fa000000,0x0000000100000000)
 ParOldGen       total 1310720K, used 1163994K [0x0000000080000000, 0x00000000d0000000, 0x00000000d0000000)
  object space 1310720K, 88% used [0x0000000080000000,0x00000000c70b6818,0x00000000d0000000)
 Metaspace       used 250884K, capacity 255750K, committed 256000K, reserved 747520K
  class space    used 23986K, capacity 24962K, committed 25088K, reserved 516096K
}
{Heap before GC invocations=708 (full 2):
 PSYoungGen      total 688128K, used 590720K [0x00000000d0000000, 0x0000000100000000, 0x0000000100000000)
  eden space 589824K, 100% used [0x00000000d0000000,0x00000000f4000000,0x00000000f4000000)
  from space 98304K, 0% used [0x00000000f4000000,0x00000000f40e0000,0x00000000fa000000)
  to   space 98304K, 0% used [0x00000000fa000000,0x00000000fa000000,0x0000000100000000)
 ParOldGen       total 1310720K, used 1163994K [0x0000000080000000, 0x00000000d0000000, 0x00000000d0000000)
  object space 1310720K, 88% used [0x0000000080000000,0x00000000c70b6818,0x00000000d0000000)
 Metaspace       used 250884K, capacity 255750K, committed 256000K, reserved 747520K
  class space    used 23986K, capacity 24962K, committed 25088K, reserved 516096K
2025-05-15T04:48:58.542+0900: 38149.829: [GC (Allocation Failure) [PSYoungGen: 590720K->896K(688128K)] 1754714K->1164946K(1998848K), 0.0117821 secs] [Times: user=0.03 sys=0.00, real=0.01 secs] 
Heap after GC invocations=708 (full 2):
 PSYoungGen      total 688128K, used 896K [0x00000000d0000000, 0x0000000100000000, 0x0000000100000000)
  eden space 589824K, 0% used [0x00000000d0000000,0x00000000d0000000,0x00000000f4000000)
  from space 98304K, 0% used [0x00000000fa000000,0x00000000fa0e0000,0x0000000100000000)
  to   space 98304K, 0% used [0x00000000f4000000,0x00000000f4000000,0x00000000fa000000)
 ParOldGen       total 1310720K, used 1164050K [0x0000000080000000, 0x00000000d0000000, 0x00000000d0000000)
  object space 1310720K, 88% used [0x0000000080000000,0x00000000c70c4818,0x00000000d0000000)
 Metaspace       used 250884K, capacity 255750K, committed 256000K, reserved 747520K
  class space    used 23986K, capacity 24962K, committed 25088K, reserved 516096K
}
{Heap before GC invocations=709 (full 2):
 PSYoungGen      total 688128K, used 590720K [0x00000000d0000000, 0x0000000100000000, 0x0000000100000000)
  eden space 589824K, 100% used [0x00000000d0000000,0x00000000f4000000,0x00000000f4000000)
  from space 98304K, 0% used [0x00000000fa000000,0x00000000fa0e0000,0x0000000100000000)
  to   space 98304K, 0% used [0x00000000f4000000,0x00000000f4000000,0x00000000fa000000)
 ParOldGen       total 1310720K, used 1164050K [0x0000000080000000, 0x00000000d0000000, 0x00000000d0000000)
  object space 1310720K, 88% used [0x0000000080000000,0x00000000c70c4818,0x00000000d0000000)
 Metaspace       used 250885K, capacity 255750K, committed 256000K, reserved 747520K
  class space    used 23986K, capacity 24962K, committed 25088K, reserved 516096K
2025-05-15T04:50:00.719+0900: 38212.006: [GC (Allocation Failure) [PSYoungGen: 590720K->896K(688128K)] 1754770K->1165002K(1998848K), 0.0125412 secs] [Times: user=0.03 sys=0.00, real=0.01 secs] 
Heap after GC invocations=709 (full 2):
 PSYoungGen      total 688128K, used 896K [0x00000000d0000000, 0x0000000100000000, 0x0000000100000000)
  eden space 589824K, 0% used [0x00000000d0000000,0x00000000d0000000,0x00000000f4000000)
  from space 98304K, 0% used [0x00000000f4000000,0x00000000f40e0000,0x00000000fa000000)
  to   space 98304K, 0% used [0x00000000fa000000,0x00000000fa000000,0x0000000100000000)
 ParOldGen       total 1310720K, used 1164106K [0x0000000080000000, 0x00000000d0000000, 0x00000000d0000000)
  object space 1310720K, 88% used [0x0000000080000000,0x00000000c70d2818,0x00000000d0000000)
 Metaspace       used 250885K, capacity 255750K, committed 256000K, reserved 747520K
  class space    used 23986K, capacity 24962K, committed 25088K, reserved 516096K
}
{Heap before GC invocations=710 (full 2):
 PSYoungGen      total 688128K, used 590720K [0x00000000d0000000, 0x0000000100000000, 0x0000000100000000)
  eden space 589824K, 100% used [0x00000000d0000000,0x00000000f4000000,0x00000000f4000000)
  from space 98304K, 0% used [0x00000000f4000000,0x00000000f40e0000,0x00000000fa000000)
  to   space 98304K, 0% used [0x00000000fa000000,0x00000000fa000000,0x0000000100000000)
 ParOldGen       total 1310720K, used 1164106K [0x0000000080000000, 0x00000000d0000000, 0x00000000d0000000)
  object space 1310720K, 88% used [0x0000000080000000,0x00000000c70d2818,0x00000000d0000000)
 Metaspace       used 250885K, capacity 255750K, committed 256000K, reserved 747520K
  class space    used 23986K, capacity 24962K, committed 25088K, reserved 516096K
2025-05-15T04:51:00.949+0900: 38272.236: [GC (Allocation Failure) [PSYoungGen: 590720K->896K(688128K)] 1754826K->1165034K(1998848K), 0.0117758 secs] [Times: user=0.03 sys=0.00, real=0.01 secs] 
Heap after GC invocations=710 (full 2):
 PSYoungGen      total 688128K, used 896K [0x00000000d0000000, 0x0000000100000000, 0x0000000100000000)
  eden space 589824K, 0% used [0x00000000d0000000,0x00000000d0000000,0x00000000f4000000)
  from space 98304K, 0% used [0x00000000fa000000,0x00000000fa0e0000,0x0000000100000000)
  to   space 98304K, 0% used [0x00000000f4000000,0x00000000f4000000,0x00000000fa000000)
 ParOldGen       total 1310720K, used 1164138K [0x0000000080000000, 0x00000000d0000000, 0x00000000d0000000)
  object space 1310720K, 88% used [0x0000000080000000,0x00000000c70da818,0x00000000d0000000)
 Metaspace       used 250885K, capacity 255750K, committed 256000K, reserved 747520K
  class space    used 23986K, capacity 24962K, committed 25088K, reserved 516096K
}
{Heap before GC invocations=711 (full 2):
 PSYoungGen      total 688128K, used 590720K [0x00000000d0000000, 0x0000000100000000, 0x0000000100000000)
  eden space 589824K, 100% used [0x00000000d0000000,0x00000000f4000000,0x00000000f4000000)
  from space 98304K, 0% used [0x00000000fa000000,0x00000000fa0e0000,0x0000000100000000)
  to   space 98304K, 0% used [0x00000000f4000000,0x00000000f4000000,0x00000000fa000000)
 ParOldGen       total 1310720K, used 1164138K [0x0000000080000000, 0x00000000d0000000, 0x00000000d0000000)
  object space 1310720K, 88% used [0x0000000080000000,0x00000000c70da818,0x00000000d0000000)
 Metaspace       used 250886K, capacity 255750K, committed 256000K, reserved 747520K
  class space    used 23986K, capacity 24962K, committed 25088K, reserved 516096K
2025-05-15T04:52:03.092+0900: 38334.379: [GC (Allocation Failure) [PSYoungGen: 590720K->864K(688128K)] 1754858K->1165042K(1998848K), 0.0115920 secs] [Times: user=0.03 sys=0.00, real=0.01 secs] 
Heap after GC invocations=711 (full 2):
 PSYoungGen      total 688128K, used 864K [0x00000000d0000000, 0x0000000100000000, 0x0000000100000000)
  eden space 589824K, 0% used [0x00000000d0000000,0x00000000d0000000,0x00000000f4000000)
  from space 98304K, 0% used [0x00000000f4000000,0x00000000f40d8000,0x00000000fa000000)
  to   space 98304K, 0% used [0x00000000fa000000,0x00000000fa000000,0x0000000100000000)
 ParOldGen       total 1310720K, used 1164178K [0x0000000080000000, 0x00000000d0000000, 0x00000000d0000000)
  object space 1310720K, 88% used [0x0000000080000000,0x00000000c70e4818,0x00000000d0000000)
 Metaspace       used 250886K, capacity 255750K, committed 256000K, reserved 747520K
  class space    used 23986K, capacity 24962K, committed 25088K, reserved 516096K
}
{Heap before GC invocations=712 (full 2):
 PSYoungGen      total 688128K, used 590688K [0x00000000d0000000, 0x0000000100000000, 0x0000000100000000)
  eden space 589824K, 100% used [0x00000000d0000000,0x00000000f4000000,0x00000000f4000000)
  from space 98304K, 0% used [0x00000000f4000000,0x00000000f40d8000,0x00000000fa000000)
  to   space 98304K, 0% used [0x00000000fa000000,0x00000000fa000000,0x0000000100000000)
 ParOldGen       total 1310720K, used 1164178K [0x0000000080000000, 0x00000000d0000000, 0x00000000d0000000)
  object space 1310720K, 88% used [0x0000000080000000,0x00000000c70e4818,0x00000000d0000000)
 Metaspace       used 250886K, capacity 255750K, committed 256000K, reserved 747520K
  class space    used 23986K, capacity 24962K, committed 25088K, reserved 516096K
2025-05-15T04:53:05.543+0900: 38396.830: [GC (Allocation Failure) [PSYoungGen: 590688K->896K(688128K)] 1754866K->1165122K(1998848K), 0.0115496 secs] [Times: user=0.03 sys=0.00, real=0.01 secs] 
Heap after GC invocations=712 (full 2):
 PSYoungGen      total 688128K, used 896K [0x00000000d0000000, 0x0000000100000000, 0x0000000100000000)
  eden space 589824K, 0% used [0x00000000d0000000,0x00000000d0000000,0x00000000f4000000)
  from space 98304K, 0% used [0x00000000fa000000,0x00000000fa0e0000,0x0000000100000000)
  to   space 98304K, 0% used [0x00000000f4000000,0x00000000f4000000,0x00000000fa000000)
 ParOldGen       total 1310720K, used 1164226K [0x0000000080000000, 0x00000000d0000000, 0x00000000d0000000)
  object space 1310720K, 88% used [0x0000000080000000,0x00000000c70f0818,0x00000000d0000000)
 Metaspace       used 250886K, capacity 255750K, committed 256000K, reserved 747520K
  class space    used 23986K, capacity 24962K, committed 25088K, reserved 516096K
}
{Heap before GC invocations=713 (full 2):
 PSYoungGen      total 688128K, used 590720K [0x00000000d0000000, 0x0000000100000000, 0x0000000100000000)
  eden space 589824K, 100% used [0x00000000d0000000,0x00000000f4000000,0x00000000f4000000)
  from space 98304K, 0% used [0x00000000fa000000,0x00000000fa0e0000,0x0000000100000000)
  to   space 98304K, 0% used [0x00000000f4000000,0x00000000f4000000,0x00000000fa000000)
 ParOldGen       total 1310720K, used 1164226K [0x0000000080000000, 0x00000000d0000000, 0x00000000d0000000)
  object space 1310720K, 88% used [0x0000000080000000,0x00000000c70f0818,0x00000000d0000000)
 Metaspace       used 250890K, capacity 255750K, committed 256000K, reserved 747520K
  class space    used 23986K, capacity 24962K, committed 25088K, reserved 516096K
2025-05-15T04:54:07.430+0900: 38458.717: [GC (Allocation Failure) [PSYoungGen: 590720K->896K(688128K)] 1754946K->1165178K(1998848K), 0.0119127 secs] [Times: user=0.03 sys=0.00, real=0.01 secs] 
Heap after GC invocations=713 (full 2):
 PSYoungGen      total 688128K, used 896K [0x00000000d0000000, 0x0000000100000000, 0x0000000100000000)
  eden space 589824K, 0% used [0x00000000d0000000,0x00000000d0000000,0x00000000f4000000)
  from space 98304K, 0% used [0x00000000f4000000,0x00000000f40e0000,0x00000000fa000000)
  to   space 98304K, 0% used [0x00000000fa000000,0x00000000fa000000,0x0000000100000000)
 ParOldGen       total 1310720K, used 1164282K [0x0000000080000000, 0x00000000d0000000, 0x00000000d0000000)
  object space 1310720K, 88% used [0x0000000080000000,0x00000000c70fe818,0x00000000d0000000)
 Metaspace       used 250890K, capacity 255750K, committed 256000K, reserved 747520K
  class space    used 23986K, capacity 24962K, committed 25088K, reserved 516096K
}
{Heap before GC invocations=714 (full 2):
 PSYoungGen      total 688128K, used 590720K [0x00000000d0000000, 0x0000000100000000, 0x0000000100000000)
  eden space 589824K, 100% used [0x00000000d0000000,0x00000000f4000000,0x00000000f4000000)
  from space 98304K, 0% used [0x00000000f4000000,0x00000000f40e0000,0x00000000fa000000)
  to   space 98304K, 0% used [0x00000000fa000000,0x00000000fa000000,0x0000000100000000)
 ParOldGen       total 1310720K, used 1164282K [0x0000000080000000, 0x00000000d0000000, 0x00000000d0000000)
  object space 1310720K, 88% used [0x0000000080000000,0x00000000c70fe818,0x00000000d0000000)
 Metaspace       used 250911K, capacity 255814K, committed 256000K, reserved 747520K
  class space    used 23986K, capacity 24962K, committed 25088K, reserved 516096K
2025-05-15T04:55:09.939+0900: 38521.226: [GC (Allocation Failure) [PSYoungGen: 590720K->928K(688128K)] 1755002K->1165250K(1998848K), 0.0122659 secs] [Times: user=0.03 sys=0.00, real=0.01 secs] 
Heap after GC invocations=714 (full 2):
 PSYoungGen      total 688128K, used 928K [0x00000000d0000000, 0x0000000100000000, 0x0000000100000000)
  eden space 589824K, 0% used [0x00000000d0000000,0x00000000d0000000,0x00000000f4000000)
  from space 98304K, 0% used [0x00000000fa000000,0x00000000fa0e8000,0x0000000100000000)
  to   space 98304K, 0% used [0x00000000f4000000,0x00000000f4000000,0x00000000fa000000)
 ParOldGen       total 1310720K, used 1164322K [0x0000000080000000, 0x00000000d0000000, 0x00000000d0000000)
  object space 1310720K, 88% used [0x0000000080000000,0x00000000c7108818,0x00000000d0000000)
 Metaspace       used 250911K, capacity 255814K, committed 256000K, reserved 747520K
  class space    used 23986K, capacity 24962K, committed 25088K, reserved 516096K
}
{Heap before GC invocations=715 (full 2):
 PSYoungGen      total 688128K, used 590752K [0x00000000d0000000, 0x0000000100000000, 0x0000000100000000)
  eden space 589824K, 100% used [0x00000000d0000000,0x00000000f4000000,0x00000000f4000000)
  from space 98304K, 0% used [0x00000000fa000000,0x00000000fa0e8000,0x0000000100000000)
  to   space 98304K, 0% used [0x00000000f4000000,0x00000000f4000000,0x00000000fa000000)
 ParOldGen       total 1310720K, used 1164322K [0x0000000080000000, 0x00000000d0000000, 0x00000000d0000000)
  object space 1310720K, 88% used [0x0000000080000000,0x00000000c7108818,0x00000000d0000000)
 Metaspace       used 250911K, capacity 255814K, committed 256000K, reserved 747520K
  class space    used 23986K, capacity 24962K, committed 25088K, reserved 516096K
2025-05-15T04:56:12.065+0900: 38583.352: [GC (Allocation Failure) [PSYoungGen: 590752K->928K(688128K)] 1755074K->1165290K(1998848K), 0.0115908 secs] [Times: user=0.04 sys=0.00, real=0.01 secs] 
Heap after GC invocations=715 (full 2):
 PSYoungGen      total 688128K, used 928K [0x00000000d0000000, 0x0000000100000000, 0x0000000100000000)
  eden space 589824K, 0% used [0x00000000d0000000,0x00000000d0000000,0x00000000f4000000)
  from space 98304K, 0% used [0x00000000f4000000,0x00000000f40e8000,0x00000000fa000000)
  to   space 98304K, 0% used [0x00000000fa000000,0x00000000fa000000,0x0000000100000000)
 ParOldGen       total 1310720K, used 1164362K [0x0000000080000000, 0x00000000d0000000, 0x00000000d0000000)
  object space 1310720K, 88% used [0x0000000080000000,0x00000000c7112818,0x00000000d0000000)
 Metaspace       used 250911K, capacity 255814K, committed 256000K, reserved 747520K
  class space    used 23986K, capacity 24962K, committed 25088K, reserved 516096K
}
{Heap before GC invocations=716 (full 2):
 PSYoungGen      total 688128K, used 590752K [0x00000000d0000000, 0x0000000100000000, 0x0000000100000000)
  eden space 589824K, 100% used [0x00000000d0000000,0x00000000f4000000,0x00000000f4000000)
  from space 98304K, 0% used [0x00000000f4000000,0x00000000f40e8000,0x00000000fa000000)
  to   space 98304K, 0% used [0x00000000fa000000,0x00000000fa000000,0x0000000100000000)
 ParOldGen       total 1310720K, used 1164362K [0x0000000080000000, 0x00000000d0000000, 0x00000000d0000000)
  object space 1310720K, 88% used [0x0000000080000000,0x00000000c7112818,0x00000000d0000000)
 Metaspace       used 250911K, capacity 255814K, committed 256000K, reserved 747520K
  class space    used 23986K, capacity 24962K, committed 25088K, reserved 516096K
2025-05-15T04:57:14.994+0900: 38646.281: [GC (Allocation Failure) [PSYoungGen: 590752K->928K(688128K)] 1755114K->1165338K(1998848K), 0.0118269 secs] [Times: user=0.03 sys=0.00, real=0.01 secs] 
Heap after GC invocations=716 (full 2):
 PSYoungGen      total 688128K, used 928K [0x00000000d0000000, 0x0000000100000000, 0x0000000100000000)
  eden space 589824K, 0% used [0x00000000d0000000,0x00000000d0000000,0x00000000f4000000)
  from space 98304K, 0% used [0x00000000fa000000,0x00000000fa0e8000,0x0000000100000000)
  to   space 98304K, 0% used [0x00000000f4000000,0x00000000f4000000,0x00000000fa000000)
 ParOldGen       total 1310720K, used 1164410K [0x0000000080000000, 0x00000000d0000000, 0x00000000d0000000)
  object space 1310720K, 88% used [0x0000000080000000,0x00000000c711e818,0x00000000d0000000)
 Metaspace       used 250911K, capacity 255814K, committed 256000K, reserved 747520K
  class space    used 23986K, capacity 24962K, committed 25088K, reserved 516096K
}
{Heap before GC invocations=717 (full 2):
 PSYoungGen      total 688128K, used 590752K [0x00000000d0000000, 0x0000000100000000, 0x0000000100000000)
  eden space 589824K, 100% used [0x00000000d0000000,0x00000000f4000000,0x00000000f4000000)
  from space 98304K, 0% used [0x00000000fa000000,0x00000000fa0e8000,0x0000000100000000)
  to   space 98304K, 0% used [0x00000000f4000000,0x00000000f4000000,0x00000000fa000000)
 ParOldGen       total 1310720K, used 1164410K [0x0000000080000000, 0x00000000d0000000, 0x00000000d0000000)
  object space 1310720K, 88% used [0x0000000080000000,0x00000000c711e818,0x00000000d0000000)
 Metaspace       used 250911K, capacity 255814K, committed 256000K, reserved 747520K
  class space    used 23986K, capacity 24962K, committed 25088K, reserved 516096K
2025-05-15T04:58:17.197+0900: 38708.484: [GC (Allocation Failure) [PSYoungGen: 590752K->896K(688128K)] 1755162K->1165354K(1998848K), 0.0120377 secs] [Times: user=0.03 sys=0.00, real=0.02 secs] 
Heap after GC invocations=717 (full 2):
 PSYoungGen      total 688128K, used 896K [0x00000000d0000000, 0x0000000100000000, 0x0000000100000000)
  eden space 589824K, 0% used [0x00000000d0000000,0x00000000d0000000,0x00000000f4000000)
  from space 98304K, 0% used [0x00000000f4000000,0x00000000f40e0000,0x00000000fa000000)
  to   space 98304K, 0% used [0x00000000fa000000,0x00000000fa000000,0x0000000100000000)
 ParOldGen       total 1310720K, used 1164458K [0x0000000080000000, 0x00000000d0000000, 0x00000000d0000000)
  object space 1310720K, 88% used [0x0000000080000000,0x00000000c712a818,0x00000000d0000000)
 Metaspace       used 250911K, capacity 255814K, committed 256000K, reserved 747520K
  class space    used 23986K, capacity 24962K, committed 25088K, reserved 516096K
}
{Heap before GC invocations=718 (full 2):
 PSYoungGen      total 688128K, used 590720K [0x00000000d0000000, 0x0000000100000000, 0x0000000100000000)
  eden space 589824K, 100% used [0x00000000d0000000,0x00000000f4000000,0x00000000f4000000)
  from space 98304K, 0% used [0x00000000f4000000,0x00000000f40e0000,0x00000000fa000000)
  to   space 98304K, 0% used [0x00000000fa000000,0x00000000fa000000,0x0000000100000000)
 ParOldGen       total 1310720K, used 1164458K [0x0000000080000000, 0x00000000d0000000, 0x00000000d0000000)
  object space 1310720K, 88% used [0x0000000080000000,0x00000000c712a818,0x00000000d0000000)
 Metaspace       used 250911K, capacity 255814K, committed 256000K, reserved 747520K
  class space    used 23986K, capacity 24962K, committed 25088K, reserved 516096K
2025-05-15T04:59:19.394+0900: 38770.681: [GC (Allocation Failure) [PSYoungGen: 590720K->928K(688128K)] 1755178K->1165434K(1998848K), 0.0116199 secs] [Times: user=0.03 sys=0.00, real=0.01 secs] 
Heap after GC invocations=718 (full 2):
 PSYoungGen      total 688128K, used 928K [0x00000000d0000000, 0x0000000100000000, 0x0000000100000000)
  eden space 589824K, 0% used [0x00000000d0000000,0x00000000d0000000,0x00000000f4000000)
  from space 98304K, 0% used [0x00000000fa000000,0x00000000fa0e8000,0x0000000100000000)
  to   space 98304K, 0% used [0x00000000f4000000,0x00000000f4000000,0x00000000fa000000)
 ParOldGen       total 1310720K, used 1164506K [0x0000000080000000, 0x00000000d0000000, 0x00000000d0000000)
  object space 1310720K, 88% used [0x0000000080000000,0x00000000c7136818,0x00000000d0000000)
 Metaspace       used 250911K, capacity 255814K, committed 256000K, reserved 747520K
  class space    used 23986K, capacity 24962K, committed 25088K, reserved 516096K
}
{Heap before GC invocations=719 (full 2):
 PSYoungGen      total 688128K, used 590752K [0x00000000d0000000, 0x0000000100000000, 0x0000000100000000)
  eden space 589824K, 100% used [0x00000000d0000000,0x00000000f4000000,0x00000000f4000000)
  from space 98304K, 0% used [0x00000000fa000000,0x00000000fa0e8000,0x0000000100000000)
  to   space 98304K, 0% used [0x00000000f4000000,0x00000000f4000000,0x00000000fa000000)
 ParOldGen       total 1310720K, used 1164506K [0x0000000080000000, 0x00000000d0000000, 0x00000000d0000000)
  object space 1310720K, 88% used [0x0000000080000000,0x00000000c7136818,0x00000000d0000000)
 Metaspace       used 250911K, capacity 255814K, committed 256000K, reserved 747520K
  class space    used 23986K, capacity 24962K, committed 25088K, reserved 516096K
2025-05-15T05:00:22.609+0900: 38833.896: [GC (Allocation Failure) [PSYoungGen: 590752K->896K(688128K)] 1755258K->1165450K(1998848K), 0.0115001 secs] [Times: user=0.03 sys=0.00, real=0.01 secs] 
Heap after GC invocations=719 (full 2):
 PSYoungGen      total 688128K, used 896K [0x00000000d0000000, 0x0000000100000000, 0x0000000100000000)
  eden space 589824K, 0% used [0x00000000d0000000,0x00000000d0000000,0x00000000f4000000)
  from space 98304K, 0% used [0x00000000f4000000,0x00000000f40e0000,0x00000000fa000000)
  to   space 98304K, 0% used [0x00000000fa000000,0x00000000fa000000,0x0000000100000000)
 ParOldGen       total 1310720K, used 1164554K [0x0000000080000000, 0x00000000d0000000, 0x00000000d0000000)
  object space 1310720K, 88% used [0x0000000080000000,0x00000000c7142818,0x00000000d0000000)
 Metaspace       used 250911K, capacity 255814K, committed 256000K, reserved 747520K
  class space    used 23986K, capacity 24962K, committed 25088K, reserved 516096K
}
{Heap before GC invocations=720 (full 2):
 PSYoungGen      total 688128K, used 590720K [0x00000000d0000000, 0x0000000100000000, 0x0000000100000000)
  eden space 589824K, 100% used [0x00000000d0000000,0x00000000f4000000,0x00000000f4000000)
  from space 98304K, 0% used [0x00000000f4000000,0x00000000f40e0000,0x00000000fa000000)
  to   space 98304K, 0% used [0x00000000fa000000,0x00000000fa000000,0x0000000100000000)
 ParOldGen       total 1310720K, used 1164554K [0x0000000080000000, 0x00000000d0000000, 0x00000000d0000000)
  object space 1310720K, 88% used [0x0000000080000000,0x00000000c7142818,0x00000000d0000000)
 Metaspace       used 250911K, capacity 255814K, committed 256000K, reserved 747520K
  class space    used 23986K, capacity 24962K, committed 25088K, reserved 516096K
2025-05-15T05:01:24.825+0900: 38896.112: [GC (Allocation Failure) [PSYoungGen: 590720K->928K(688128K)] 1755274K->1165522K(1998848K), 0.0117020 secs] [Times: user=0.03 sys=0.00, real=0.01 secs] 
Heap after GC invocations=720 (full 2):
 PSYoungGen      total 688128K, used 928K [0x00000000d0000000, 0x0000000100000000, 0x0000000100000000)
  eden space 589824K, 0% used [0x00000000d0000000,0x00000000d0000000,0x00000000f4000000)
  from space 98304K, 0% used [0x00000000fa000000,0x00000000fa0e8000,0x0000000100000000)
  to   space 98304K, 0% used [0x00000000f4000000,0x00000000f4000000,0x00000000fa000000)
 ParOldGen       total 1310720K, used 1164594K [0x0000000080000000, 0x00000000d0000000, 0x00000000d0000000)
  object space 1310720K, 88% used [0x0000000080000000,0x00000000c714c818,0x00000000d0000000)
 Metaspace       used 250911K, capacity 255814K, committed 256000K, reserved 747520K
  class space    used 23986K, capacity 24962K, committed 25088K, reserved 516096K
}
{Heap before GC invocations=721 (full 2):
 PSYoungGen      total 688128K, used 590752K [0x00000000d0000000, 0x0000000100000000, 0x0000000100000000)
  eden space 589824K, 100% used [0x00000000d0000000,0x00000000f4000000,0x00000000f4000000)
  from space 98304K, 0% used [0x00000000fa000000,0x00000000fa0e8000,0x0000000100000000)
  to   space 98304K, 0% used [0x00000000f4000000,0x00000000f4000000,0x00000000fa000000)
 ParOldGen       total 1310720K, used 1164594K [0x0000000080000000, 0x00000000d0000000, 0x00000000d0000000)
  object space 1310720K, 88% used [0x0000000080000000,0x00000000c714c818,0x00000000d0000000)
 Metaspace       used 250911K, capacity 255814K, committed 256000K, reserved 747520K
  class space    used 23986K, capacity 24962K, committed 25088K, reserved 516096K
2025-05-15T05:02:27.029+0900: 38958.316: [GC (Allocation Failure) [PSYoungGen: 590752K->896K(688128K)] 1755346K->1165546K(1998848K), 0.0122866 secs] [Times: user=0.03 sys=0.00, real=0.01 secs] 
Heap after GC invocations=721 (full 2):
 PSYoungGen      total 688128K, used 896K [0x00000000d0000000, 0x0000000100000000, 0x0000000100000000)
  eden space 589824K, 0% used [0x00000000d0000000,0x00000000d0000000,0x00000000f4000000)
  from space 98304K, 0% used [0x00000000f4000000,0x00000000f40e0000,0x00000000fa000000)
  to   space 98304K, 0% used [0x00000000fa000000,0x00000000fa000000,0x0000000100000000)
 ParOldGen       total 1310720K, used 1164650K [0x0000000080000000, 0x00000000d0000000, 0x00000000d0000000)
  object space 1310720K, 88% used [0x0000000080000000,0x00000000c715a818,0x00000000d0000000)
 Metaspace       used 250911K, capacity 255814K, committed 256000K, reserved 747520K
  class space    used 23986K, capacity 24962K, committed 25088K, reserved 516096K
}
{Heap before GC invocations=722 (full 2):
 PSYoungGen      total 688128K, used 590720K [0x00000000d0000000, 0x0000000100000000, 0x0000000100000000)
  eden space 589824K, 100% used [0x00000000d0000000,0x00000000f4000000,0x00000000f4000000)
  from space 98304K, 0% used [0x00000000f4000000,0x00000000f40e0000,0x00000000fa000000)
  to   space 98304K, 0% used [0x00000000fa000000,0x00000000fa000000,0x0000000100000000)
 ParOldGen       total 1310720K, used 1164650K [0x0000000080000000, 0x00000000d0000000, 0x00000000d0000000)
  object space 1310720K, 88% used [0x0000000080000000,0x00000000c715a818,0x00000000d0000000)
 Metaspace       used 250913K, capacity 255814K, committed 256000K, reserved 747520K
  class space    used 23986K, capacity 24962K, committed 25088K, reserved 516096K
2025-05-15T05:03:29.222+0900: 39020.509: [GC (Allocation Failure) [PSYoungGen: 590720K->928K(688128K)] 1755370K->1165618K(1998848K), 0.0118519 secs] [Times: user=0.03 sys=0.00, real=0.01 secs] 
Heap after GC invocations=722 (full 2):
 PSYoungGen      total 688128K, used 928K [0x00000000d0000000, 0x0000000100000000, 0x0000000100000000)
  eden space 589824K, 0% used [0x00000000d0000000,0x00000000d0000000,0x00000000f4000000)
  from space 98304K, 0% used [0x00000000fa000000,0x00000000fa0e8000,0x0000000100000000)
  to   space 98304K, 0% used [0x00000000f4000000,0x00000000f4000000,0x00000000fa000000)
 ParOldGen       total 1310720K, used 1164690K [0x0000000080000000, 0x00000000d0000000, 0x00000000d0000000)
  object space 1310720K, 88% used [0x0000000080000000,0x00000000c7164818,0x00000000d0000000)
 Metaspace       used 250913K, capacity 255814K, committed 256000K, reserved 747520K
  class space    used 23986K, capacity 24962K, committed 25088K, reserved 516096K
}
{Heap before GC invocations=723 (full 2):
 PSYoungGen      total 688128K, used 590752K [0x00000000d0000000, 0x0000000100000000, 0x0000000100000000)
  eden space 589824K, 100% used [0x00000000d0000000,0x00000000f4000000,0x00000000f4000000)
  from space 98304K, 0% used [0x00000000fa000000,0x00000000fa0e8000,0x0000000100000000)
  to   space 98304K, 0% used [0x00000000f4000000,0x00000000f4000000,0x00000000fa000000)
 ParOldGen       total 1310720K, used 1164690K [0x0000000080000000, 0x00000000d0000000, 0x00000000d0000000)
  object space 1310720K, 88% used [0x0000000080000000,0x00000000c7164818,0x00000000d0000000)
 Metaspace       used 250913K, capacity 255814K, committed 256000K, reserved 747520K
  class space    used 23986K, capacity 24962K, committed 25088K, reserved 516096K
2025-05-15T05:04:32.287+0900: 39083.574: [GC (Allocation Failure) [PSYoungGen: 590752K->960K(688128K)] 1755442K->1165690K(1998848K), 0.0116371 secs] [Times: user=0.03 sys=0.00, real=0.02 secs] 
Heap after GC invocations=723 (full 2):
 PSYoungGen      total 688128K, used 960K [0x00000000d0000000, 0x0000000100000000, 0x0000000100000000)
  eden space 589824K, 0% used [0x00000000d0000000,0x00000000d0000000,0x00000000f4000000)
  from space 98304K, 0% used [0x00000000f4000000,0x00000000f40f0000,0x00000000fa000000)
  to   space 98304K, 0% used [0x00000000fa000000,0x00000000fa000000,0x0000000100000000)
 ParOldGen       total 1310720K, used 1164730K [0x0000000080000000, 0x00000000d0000000, 0x00000000d0000000)
  object space 1310720K, 88% used [0x0000000080000000,0x00000000c716e818,0x00000000d0000000)
 Metaspace       used 250913K, capacity 255814K, committed 256000K, reserved 747520K
  class space    used 23986K, capacity 24962K, committed 25088K, reserved 516096K
}
{Heap before GC invocations=724 (full 2):
 PSYoungGen      total 688128K, used 590784K [0x00000000d0000000, 0x0000000100000000, 0x0000000100000000)
  eden space 589824K, 100% used [0x00000000d0000000,0x00000000f4000000,0x00000000f4000000)
  from space 98304K, 0% used [0x00000000f4000000,0x00000000f40f0000,0x00000000fa000000)
  to   space 98304K, 0% used [0x00000000fa000000,0x00000000fa000000,0x0000000100000000)
 ParOldGen       total 1310720K, used 1164730K [0x0000000080000000, 0x00000000d0000000, 0x00000000d0000000)
  object space 1310720K, 88% used [0x0000000080000000,0x00000000c716e818,0x00000000d0000000)
 Metaspace       used 250913K, capacity 255814K, committed 256000K, reserved 747520K
  class space    used 23986K, capacity 24962K, committed 25088K, reserved 516096K
2025-05-15T05:05:33.598+0900: 39144.885: [GC (Allocation Failure) [PSYoungGen: 590784K->896K(688128K)] 1755514K->1165674K(1998848K), 0.0121865 secs] [Times: user=0.02 sys=0.00, real=0.02 secs] 
Heap after GC invocations=724 (full 2):
 PSYoungGen      total 688128K, used 896K [0x00000000d0000000, 0x0000000100000000, 0x0000000100000000)
  eden space 589824K, 0% used [0x00000000d0000000,0x00000000d0000000,0x00000000f4000000)
  from space 98304K, 0% used [0x00000000fa000000,0x00000000fa0e0000,0x0000000100000000)
  to   space 98304K, 0% used [0x00000000f4000000,0x00000000f4000000,0x00000000fa000000)
 ParOldGen       total 1310720K, used 1164778K [0x0000000080000000, 0x00000000d0000000, 0x00000000d0000000)
  object space 1310720K, 88% used [0x0000000080000000,0x00000000c717a818,0x00000000d0000000)
 Metaspace       used 250913K, capacity 255814K, committed 256000K, reserved 747520K
  class space    used 23986K, capacity 24962K, committed 25088K, reserved 516096K
}
{Heap before GC invocations=725 (full 2):
 PSYoungGen      total 688128K, used 590720K [0x00000000d0000000, 0x0000000100000000, 0x0000000100000000)
  eden space 589824K, 100% used [0x00000000d0000000,0x00000000f4000000,0x00000000f4000000)
  from space 98304K, 0% used [0x00000000fa000000,0x00000000fa0e0000,0x0000000100000000)
  to   space 98304K, 0% used [0x00000000f4000000,0x00000000f4000000,0x00000000fa000000)
 ParOldGen       total 1310720K, used 1164778K [0x0000000080000000, 0x00000000d0000000, 0x00000000d0000000)
  object space 1310720K, 88% used [0x0000000080000000,0x00000000c717a818,0x00000000d0000000)
 Metaspace       used 250913K, capacity 255814K, committed 256000K, reserved 747520K
  class space    used 23986K, capacity 24962K, committed 25088K, reserved 516096K
2025-05-15T05:06:36.817+0900: 39208.104: [GC (Allocation Failure) [PSYoungGen: 590720K->928K(688128K)] 1755498K->1165778K(1998848K), 0.0118002 secs] [Times: user=0.03 sys=0.00, real=0.01 secs] 
Heap after GC invocations=725 (full 2):
 PSYoungGen      total 688128K, used 928K [0x00000000d0000000, 0x0000000100000000, 0x0000000100000000)
  eden space 589824K, 0% used [0x00000000d0000000,0x00000000d0000000,0x00000000f4000000)
  from space 98304K, 0% used [0x00000000f4000000,0x00000000f40e8000,0x00000000fa000000)
  to   space 98304K, 0% used [0x00000000fa000000,0x00000000fa000000,0x0000000100000000)
 ParOldGen       total 1310720K, used 1164850K [0x0000000080000000, 0x00000000d0000000, 0x00000000d0000000)
  object space 1310720K, 88% used [0x0000000080000000,0x00000000c718c818,0x00000000d0000000)
 Metaspace       used 250913K, capacity 255814K, committed 256000K, reserved 747520K
  class space    used 23986K, capacity 24962K, committed 25088K, reserved 516096K
}
{Heap before GC invocations=726 (full 2):
 PSYoungGen      total 688128K, used 590752K [0x00000000d0000000, 0x0000000100000000, 0x0000000100000000)
  eden space 589824K, 100% used [0x00000000d0000000,0x00000000f4000000,0x00000000f4000000)
  from space 98304K, 0% used [0x00000000f4000000,0x00000000f40e8000,0x00000000fa000000)
  to   space 98304K, 0% used [0x00000000fa000000,0x00000000fa000000,0x0000000100000000)
 ParOldGen       total 1310720K, used 1164850K [0x0000000080000000, 0x00000000d0000000, 0x00000000d0000000)
  object space 1310720K, 88% used [0x0000000080000000,0x00000000c718c818,0x00000000d0000000)
 Metaspace       used 250913K, capacity 255814K, committed 256000K, reserved 747520K
  class space    used 23986K, capacity 24962K, committed 25088K, reserved 516096K
2025-05-15T05:07:38.432+0900: 39269.719: [GC (Allocation Failure) [PSYoungGen: 590752K->896K(688128K)] 1755602K->1165778K(1998848K), 0.0123265 secs] [Times: user=0.03 sys=0.00, real=0.01 secs] 
Heap after GC invocations=726 (full 2):
 PSYoungGen      total 688128K, used 896K [0x00000000d0000000, 0x0000000100000000, 0x0000000100000000)
  eden space 589824K, 0% used [0x00000000d0000000,0x00000000d0000000,0x00000000f4000000)
  from space 98304K, 0% used [0x00000000fa000000,0x00000000fa0e0000,0x0000000100000000)
  to   space 98304K, 0% used [0x00000000f4000000,0x00000000f4000000,0x00000000fa000000)
 ParOldGen       total 1310720K, used 1164882K [0x0000000080000000, 0x00000000d0000000, 0x00000000d0000000)
  object space 1310720K, 88% used [0x0000000080000000,0x00000000c7194818,0x00000000d0000000)
 Metaspace       used 250913K, capacity 255814K, committed 256000K, reserved 747520K
  class space    used 23986K, capacity 24962K, committed 25088K, reserved 516096K
}
{Heap before GC invocations=727 (full 2):
 PSYoungGen      total 688128K, used 590720K [0x00000000d0000000, 0x0000000100000000, 0x0000000100000000)
  eden space 589824K, 100% used [0x00000000d0000000,0x00000000f4000000,0x00000000f4000000)
  from space 98304K, 0% used [0x00000000fa000000,0x00000000fa0e0000,0x0000000100000000)
  to   space 98304K, 0% used [0x00000000f4000000,0x00000000f4000000,0x00000000fa000000)
 ParOldGen       total 1310720K, used 1164882K [0x0000000080000000, 0x00000000d0000000, 0x00000000d0000000)
  object space 1310720K, 88% used [0x0000000080000000,0x00000000c7194818,0x00000000d0000000)
 Metaspace       used 250913K, capacity 255814K, committed 256000K, reserved 747520K
  class space    used 23986K, capacity 24962K, committed 25088K, reserved 516096K
2025-05-15T05:08:40.481+0900: 39331.768: [GC (Allocation Failure) [PSYoungGen: 590720K->896K(688128K)] 1755602K->1165818K(1998848K), 0.0120576 secs] [Times: user=0.03 sys=0.00, real=0.01 secs] 
Heap after GC invocations=727 (full 2):
 PSYoungGen      total 688128K, used 896K [0x00000000d0000000, 0x0000000100000000, 0x0000000100000000)
  eden space 589824K, 0% used [0x00000000d0000000,0x00000000d0000000,0x00000000f4000000)
  from space 98304K, 0% used [0x00000000f4000000,0x00000000f40e0000,0x00000000fa000000)
  to   space 98304K, 0% used [0x00000000fa000000,0x00000000fa000000,0x0000000100000000)
 ParOldGen       total 1310720K, used 1164922K [0x0000000080000000, 0x00000000d0000000, 0x00000000d0000000)
  object space 1310720K, 88% used [0x0000000080000000,0x00000000c719e818,0x00000000d0000000)
 Metaspace       used 250913K, capacity 255814K, committed 256000K, reserved 747520K
  class space    used 23986K, capacity 24962K, committed 25088K, reserved 516096K
}
{Heap before GC invocations=728 (full 2):
 PSYoungGen      total 688128K, used 590720K [0x00000000d0000000, 0x0000000100000000, 0x0000000100000000)
  eden space 589824K, 100% used [0x00000000d0000000,0x00000000f4000000,0x00000000f4000000)
  from space 98304K, 0% used [0x00000000f4000000,0x00000000f40e0000,0x00000000fa000000)
  to   space 98304K, 0% used [0x00000000fa000000,0x00000000fa000000,0x0000000100000000)
 ParOldGen       total 1310720K, used 1164922K [0x0000000080000000, 0x00000000d0000000, 0x00000000d0000000)
  object space 1310720K, 88% used [0x0000000080000000,0x00000000c719e818,0x00000000d0000000)
 Metaspace       used 250913K, capacity 255814K, committed 256000K, reserved 747520K
  class space    used 23986K, capacity 24962K, committed 25088K, reserved 516096K
2025-05-15T05:09:43.360+0900: 39394.647: [GC (Allocation Failure) [PSYoungGen: 590720K->896K(688128K)] 1755642K->1165858K(1998848K), 0.0125931 secs] [Times: user=0.03 sys=0.00, real=0.01 secs] 
Heap after GC invocations=728 (full 2):
 PSYoungGen      total 688128K, used 896K [0x00000000d0000000, 0x0000000100000000, 0x0000000100000000)
  eden space 589824K, 0% used [0x00000000d0000000,0x00000000d0000000,0x00000000f4000000)
  from space 98304K, 0% used [0x00000000fa000000,0x00000000fa0e0000,0x0000000100000000)
  to   space 98304K, 0% used [0x00000000f4000000,0x00000000f4000000,0x00000000fa000000)
 ParOldGen       total 1310720K, used 1164962K [0x0000000080000000, 0x00000000d0000000, 0x00000000d0000000)
  object space 1310720K, 88% used [0x0000000080000000,0x00000000c71a8818,0x00000000d0000000)
 Metaspace       used 250913K, capacity 255814K, committed 256000K, reserved 747520K
  class space    used 23986K, capacity 24962K, committed 25088K, reserved 516096K
}
{Heap before GC invocations=729 (full 2):
 PSYoungGen      total 688128K, used 590720K [0x00000000d0000000, 0x0000000100000000, 0x0000000100000000)
  eden space 589824K, 100% used [0x00000000d0000000,0x00000000f4000000,0x00000000f4000000)
  from space 98304K, 0% used [0x00000000fa000000,0x00000000fa0e0000,0x0000000100000000)
  to   space 98304K, 0% used [0x00000000f4000000,0x00000000f4000000,0x00000000fa000000)
 ParOldGen       total 1310720K, used 1164962K [0x0000000080000000, 0x00000000d0000000, 0x00000000d0000000)
  object space 1310720K, 88% used [0x0000000080000000,0x00000000c71a8818,0x00000000d0000000)
 Metaspace       used 250913K, capacity 255814K, committed 256000K, reserved 747520K
  class space    used 23986K, capacity 24962K, committed 25088K, reserved 516096K
2025-05-15T05:10:45.560+0900: 39456.847: [GC (Allocation Failure) [PSYoungGen: 590720K->896K(688128K)] 1755682K->1165922K(1998848K), 0.0117925 secs] [Times: user=0.03 sys=0.00, real=0.01 secs] 
Heap after GC invocations=729 (full 2):
 PSYoungGen      total 688128K, used 896K [0x00000000d0000000, 0x0000000100000000, 0x0000000100000000)
  eden space 589824K, 0% used [0x00000000d0000000,0x00000000d0000000,0x00000000f4000000)
  from space 98304K, 0% used [0x00000000f4000000,0x00000000f40e0000,0x00000000fa000000)
  to   space 98304K, 0% used [0x00000000fa000000,0x00000000fa000000,0x0000000100000000)
 ParOldGen       total 1310720K, used 1165026K [0x0000000080000000, 0x00000000d0000000, 0x00000000d0000000)
  object space 1310720K, 88% used [0x0000000080000000,0x00000000c71b8818,0x00000000d0000000)
 Metaspace       used 250913K, capacity 255814K, committed 256000K, reserved 747520K
  class space    used 23986K, capacity 24962K, committed 25088K, reserved 516096K
}
{Heap before GC invocations=730 (full 2):
 PSYoungGen      total 688128K, used 590720K [0x00000000d0000000, 0x0000000100000000, 0x0000000100000000)
  eden space 589824K, 100% used [0x00000000d0000000,0x00000000f4000000,0x00000000f4000000)
  from space 98304K, 0% used [0x00000000f4000000,0x00000000f40e0000,0x00000000fa000000)
  to   space 98304K, 0% used [0x00000000fa000000,0x00000000fa000000,0x0000000100000000)
 ParOldGen       total 1310720K, used 1165026K [0x0000000080000000, 0x00000000d0000000, 0x00000000d0000000)
  object space 1310720K, 88% used [0x0000000080000000,0x00000000c71b8818,0x00000000d0000000)
 Metaspace       used 250913K, capacity 255814K, committed 256000K, reserved 747520K
  class space    used 23986K, capacity 24962K, committed 25088K, reserved 516096K
2025-05-15T05:11:47.675+0900: 39518.962: [GC (Allocation Failure) [PSYoungGen: 590720K->896K(688128K)] 1755746K->1165978K(1998848K), 0.0115569 secs] [Times: user=0.03 sys=0.00, real=0.01 secs] 
Heap after GC invocations=730 (full 2):
 PSYoungGen      total 688128K, used 896K [0x00000000d0000000, 0x0000000100000000, 0x0000000100000000)
  eden space 589824K, 0% used [0x00000000d0000000,0x00000000d0000000,0x00000000f4000000)
  from space 98304K, 0% used [0x00000000fa000000,0x00000000fa0e0000,0x0000000100000000)
  to   space 98304K, 0% used [0x00000000f4000000,0x00000000f4000000,0x00000000fa000000)
 ParOldGen       total 1310720K, used 1165082K [0x0000000080000000, 0x00000000d0000000, 0x00000000d0000000)
  object space 1310720K, 88% used [0x0000000080000000,0x00000000c71c6818,0x00000000d0000000)
 Metaspace       used 250913K, capacity 255814K, committed 256000K, reserved 747520K
  class space    used 23986K, capacity 24962K, committed 25088K, reserved 516096K
}
{Heap before GC invocations=731 (full 2):
 PSYoungGen      total 688128K, used 590720K [0x00000000d0000000, 0x0000000100000000, 0x0000000100000000)
  eden space 589824K, 100% used [0x00000000d0000000,0x00000000f4000000,0x00000000f4000000)
  from space 98304K, 0% used [0x00000000fa000000,0x00000000fa0e0000,0x0000000100000000)
  to   space 98304K, 0% used [0x00000000f4000000,0x00000000f4000000,0x00000000fa000000)
 ParOldGen       total 1310720K, used 1165082K [0x0000000080000000, 0x00000000d0000000, 0x00000000d0000000)
  object space 1310720K, 88% used [0x0000000080000000,0x00000000c71c6818,0x00000000d0000000)
 Metaspace       used 250913K, capacity 255814K, committed 256000K, reserved 747520K
  class space    used 23986K, capacity 24962K, committed 25088K, reserved 516096K
2025-05-15T05:12:49.037+0900: 39580.324: [GC (Allocation Failure) [PSYoungGen: 590720K->896K(688128K)] 1755802K->1166026K(1998848K), 0.0115479 secs] [Times: user=0.03 sys=0.01, real=0.02 secs] 
Heap after GC invocations=731 (full 2):
 PSYoungGen      total 688128K, used 896K [0x00000000d0000000, 0x0000000100000000, 0x0000000100000000)
  eden space 589824K, 0% used [0x00000000d0000000,0x00000000d0000000,0x00000000f4000000)
  from space 98304K, 0% used [0x00000000f4000000,0x00000000f40e0000,0x00000000fa000000)
  to   space 98304K, 0% used [0x00000000fa000000,0x00000000fa000000,0x0000000100000000)
 ParOldGen       total 1310720K, used 1165130K [0x0000000080000000, 0x00000000d0000000, 0x00000000d0000000)
  object space 1310720K, 88% used [0x0000000080000000,0x00000000c71d2818,0x00000000d0000000)
 Metaspace       used 250913K, capacity 255814K, committed 256000K, reserved 747520K
  class space    used 23986K, capacity 24962K, committed 25088K, reserved 516096K
}
{Heap before GC invocations=732 (full 2):
 PSYoungGen      total 688128K, used 590720K [0x00000000d0000000, 0x0000000100000000, 0x0000000100000000)
  eden space 589824K, 100% used [0x00000000d0000000,0x00000000f4000000,0x00000000f4000000)
  from space 98304K, 0% used [0x00000000f4000000,0x00000000f40e0000,0x00000000fa000000)
  to   space 98304K, 0% used [0x00000000fa000000,0x00000000fa000000,0x0000000100000000)
 ParOldGen       total 1310720K, used 1165130K [0x0000000080000000, 0x00000000d0000000, 0x00000000d0000000)
  object space 1310720K, 88% used [0x0000000080000000,0x00000000c71d2818,0x00000000d0000000)
 Metaspace       used 250913K, capacity 255814K, committed 256000K, reserved 747520K
  class space    used 23986K, capacity 24962K, committed 25088K, reserved 516096K
2025-05-15T05:13:51.153+0900: 39642.440: [GC (Allocation Failure) [PSYoungGen: 590720K->896K(688128K)] 1755850K->1166066K(1998848K), 0.0123284 secs] [Times: user=0.03 sys=0.00, real=0.01 secs] 
Heap after GC invocations=732 (full 2):
 PSYoungGen      total 688128K, used 896K [0x00000000d0000000, 0x0000000100000000, 0x0000000100000000)
  eden space 589824K, 0% used [0x00000000d0000000,0x00000000d0000000,0x00000000f4000000)
  from space 98304K, 0% used [0x00000000fa000000,0x00000000fa0e0000,0x0000000100000000)
  to   space 98304K, 0% used [0x00000000f4000000,0x00000000f4000000,0x00000000fa000000)
 ParOldGen       total 1310720K, used 1165170K [0x0000000080000000, 0x00000000d0000000, 0x00000000d0000000)
  object space 1310720K, 88% used [0x0000000080000000,0x00000000c71dc818,0x00000000d0000000)
 Metaspace       used 250913K, capacity 255814K, committed 256000K, reserved 747520K
  class space    used 23986K, capacity 24962K, committed 25088K, reserved 516096K
}
{Heap before GC invocations=733 (full 2):
 PSYoungGen      total 688128K, used 590720K [0x00000000d0000000, 0x0000000100000000, 0x0000000100000000)
  eden space 589824K, 100% used [0x00000000d0000000,0x00000000f4000000,0x00000000f4000000)
  from space 98304K, 0% used [0x00000000fa000000,0x00000000fa0e0000,0x0000000100000000)
  to   space 98304K, 0% used [0x00000000f4000000,0x00000000f4000000,0x00000000fa000000)
 ParOldGen       total 1310720K, used 1165170K [0x0000000080000000, 0x00000000d0000000, 0x00000000d0000000)
  object space 1310720K, 88% used [0x0000000080000000,0x00000000c71dc818,0x00000000d0000000)
 Metaspace       used 250913K, capacity 255814K, committed 256000K, reserved 747520K
  class space    used 23986K, capacity 24962K, committed 25088K, reserved 516096K
2025-05-15T05:14:54.272+0900: 39705.559: [GC (Allocation Failure) [PSYoungGen: 590720K->928K(688128K)] 1755890K->1166154K(1998848K), 0.0115286 secs] [Times: user=0.03 sys=0.00, real=0.01 secs] 
Heap after GC invocations=733 (full 2):
 PSYoungGen      total 688128K, used 928K [0x00000000d0000000, 0x0000000100000000, 0x0000000100000000)
  eden space 589824K, 0% used [0x00000000d0000000,0x00000000d0000000,0x00000000f4000000)
  from space 98304K, 0% used [0x00000000f4000000,0x00000000f40e8000,0x00000000fa000000)
  to   space 98304K, 0% used [0x00000000fa000000,0x00000000fa000000,0x0000000100000000)
 ParOldGen       total 1310720K, used 1165226K [0x0000000080000000, 0x00000000d0000000, 0x00000000d0000000)
  object space 1310720K, 88% used [0x0000000080000000,0x00000000c71ea818,0x00000000d0000000)
 Metaspace       used 250913K, capacity 255814K, committed 256000K, reserved 747520K
  class space    used 23986K, capacity 24962K, committed 25088K, reserved 516096K
}
{Heap before GC invocations=734 (full 2):
 PSYoungGen      total 688128K, used 590752K [0x00000000d0000000, 0x0000000100000000, 0x0000000100000000)
  eden space 589824K, 100% used [0x00000000d0000000,0x00000000f4000000,0x00000000f4000000)
  from space 98304K, 0% used [0x00000000f4000000,0x00000000f40e8000,0x00000000fa000000)
  to   space 98304K, 0% used [0x00000000fa000000,0x00000000fa000000,0x0000000100000000)
 ParOldGen       total 1310720K, used 1165226K [0x0000000080000000, 0x00000000d0000000, 0x00000000d0000000)
  object space 1310720K, 88% used [0x0000000080000000,0x00000000c71ea818,0x00000000d0000000)
 Metaspace       used 250913K, capacity 255814K, committed 256000K, reserved 747520K
  class space    used 23986K, capacity 24962K, committed 25088K, reserved 516096K
2025-05-15T05:15:56.480+0900: 39767.767: [GC (Allocation Failure) [PSYoungGen: 590752K->928K(688128K)] 1755978K->1166194K(1998848K), 0.0113047 secs] [Times: user=0.03 sys=0.00, real=0.01 secs] 
Heap after GC invocations=734 (full 2):
 PSYoungGen      total 688128K, used 928K [0x00000000d0000000, 0x0000000100000000, 0x0000000100000000)
  eden space 589824K, 0% used [0x00000000d0000000,0x00000000d0000000,0x00000000f4000000)
  from space 98304K, 0% used [0x00000000fa000000,0x00000000fa0e8000,0x0000000100000000)
  to   space 98304K, 0% used [0x00000000f4000000,0x00000000f4000000,0x00000000fa000000)
 ParOldGen       total 1310720K, used 1165266K [0x0000000080000000, 0x00000000d0000000, 0x00000000d0000000)
  object space 1310720K, 88% used [0x0000000080000000,0x00000000c71f4818,0x00000000d0000000)
 Metaspace       used 250913K, capacity 255814K, committed 256000K, reserved 747520K
  class space    used 23986K, capacity 24962K, committed 25088K, reserved 516096K
}
{Heap before GC invocations=735 (full 2):
 PSYoungGen      total 688128K, used 590752K [0x00000000d0000000, 0x0000000100000000, 0x0000000100000000)
  eden space 589824K, 100% used [0x00000000d0000000,0x00000000f4000000,0x00000000f4000000)
  from space 98304K, 0% used [0x00000000fa000000,0x00000000fa0e8000,0x0000000100000000)
  to   space 98304K, 0% used [0x00000000f4000000,0x00000000f4000000,0x00000000fa000000)
 ParOldGen       total 1310720K, used 1165266K [0x0000000080000000, 0x00000000d0000000, 0x00000000d0000000)
  object space 1310720K, 88% used [0x0000000080000000,0x00000000c71f4818,0x00000000d0000000)
 Metaspace       used 250913K, capacity 255814K, committed 256000K, reserved 747520K
  class space    used 23986K, capacity 24962K, committed 25088K, reserved 516096K
2025-05-15T05:16:58.681+0900: 39829.968: [GC (Allocation Failure) [PSYoungGen: 590752K->896K(688128K)] 1756018K->1166226K(1998848K), 0.0115098 secs] [Times: user=0.03 sys=0.00, real=0.01 secs] 
Heap after GC invocations=735 (full 2):
 PSYoungGen      total 688128K, used 896K [0x00000000d0000000, 0x0000000100000000, 0x0000000100000000)
  eden space 589824K, 0% used [0x00000000d0000000,0x00000000d0000000,0x00000000f4000000)
  from space 98304K, 0% used [0x00000000f4000000,0x00000000f40e0000,0x00000000fa000000)
  to   space 98304K, 0% used [0x00000000fa000000,0x00000000fa000000,0x0000000100000000)
 ParOldGen       total 1310720K, used 1165330K [0x0000000080000000, 0x00000000d0000000, 0x00000000d0000000)
  object space 1310720K, 88% used [0x0000000080000000,0x00000000c7204818,0x00000000d0000000)
 Metaspace       used 250913K, capacity 255814K, committed 256000K, reserved 747520K
  class space    used 23986K, capacity 24962K, committed 25088K, reserved 516096K
}
{Heap before GC invocations=736 (full 2):
 PSYoungGen      total 688128K, used 590720K [0x00000000d0000000, 0x0000000100000000, 0x0000000100000000)
  eden space 589824K, 100% used [0x00000000d0000000,0x00000000f4000000,0x00000000f4000000)
  from space 98304K, 0% used [0x00000000f4000000,0x00000000f40e0000,0x00000000fa000000)
  to   space 98304K, 0% used [0x00000000fa000000,0x00000000fa000000,0x0000000100000000)
 ParOldGen       total 1310720K, used 1165330K [0x0000000080000000, 0x00000000d0000000, 0x00000000d0000000)
  object space 1310720K, 88% used [0x0000000080000000,0x00000000c7204818,0x00000000d0000000)
 Metaspace       used 250913K, capacity 255814K, committed 256000K, reserved 747520K
  class space    used 23986K, capacity 24962K, committed 25088K, reserved 516096K
2025-05-15T05:18:00.606+0900: 39891.893: [GC (Allocation Failure) [PSYoungGen: 590720K->928K(688128K)] 1756050K->1166298K(1998848K), 0.0133203 secs] [Times: user=0.02 sys=0.00, real=0.02 secs] 
Heap after GC invocations=736 (full 2):
 PSYoungGen      total 688128K, used 928K [0x00000000d0000000, 0x0000000100000000, 0x0000000100000000)
  eden space 589824K, 0% used [0x00000000d0000000,0x00000000d0000000,0x00000000f4000000)
  from space 98304K, 0% used [0x00000000fa000000,0x00000000fa0e8000,0x0000000100000000)
  to   space 98304K, 0% used [0x00000000f4000000,0x00000000f4000000,0x00000000fa000000)
 ParOldGen       total 1310720K, used 1165370K [0x0000000080000000, 0x00000000d0000000, 0x00000000d0000000)
  object space 1310720K, 88% used [0x0000000080000000,0x00000000c720e818,0x00000000d0000000)
 Metaspace       used 250913K, capacity 255814K, committed 256000K, reserved 747520K
  class space    used 23986K, capacity 24962K, committed 25088K, reserved 516096K
}
{Heap before GC invocations=737 (full 2):
 PSYoungGen      total 688128K, used 590752K [0x00000000d0000000, 0x0000000100000000, 0x0000000100000000)
  eden space 589824K, 100% used [0x00000000d0000000,0x00000000f4000000,0x00000000f4000000)
  from space 98304K, 0% used [0x00000000fa000000,0x00000000fa0e8000,0x0000000100000000)
  to   space 98304K, 0% used [0x00000000f4000000,0x00000000f4000000,0x00000000fa000000)
 ParOldGen       total 1310720K, used 1165370K [0x0000000080000000, 0x00000000d0000000, 0x00000000d0000000)
  object space 1310720K, 88% used [0x0000000080000000,0x00000000c720e818,0x00000000d0000000)
 Metaspace       used 250913K, capacity 255814K, committed 256000K, reserved 747520K
  class space    used 23986K, capacity 24962K, committed 25088K, reserved 516096K
2025-05-15T05:19:02.013+0900: 39953.300: [GC (Allocation Failure) [PSYoungGen: 590752K->896K(688128K)] 1756122K->1166314K(1998848K), 0.0112993 secs] [Times: user=0.03 sys=0.00, real=0.01 secs] 
Heap after GC invocations=737 (full 2):
 PSYoungGen      total 688128K, used 896K [0x00000000d0000000, 0x0000000100000000, 0x0000000100000000)
  eden space 589824K, 0% used [0x00000000d0000000,0x00000000d0000000,0x00000000f4000000)
  from space 98304K, 0% used [0x00000000f4000000,0x00000000f40e0000,0x00000000fa000000)
  to   space 98304K, 0% used [0x00000000fa000000,0x00000000fa000000,0x0000000100000000)
 ParOldGen       total 1310720K, used 1165418K [0x0000000080000000, 0x00000000d0000000, 0x00000000d0000000)
  object space 1310720K, 88% used [0x0000000080000000,0x00000000c721a818,0x00000000d0000000)
 Metaspace       used 250913K, capacity 255814K, committed 256000K, reserved 747520K
  class space    used 23986K, capacity 24962K, committed 25088K, reserved 516096K
}
{Heap before GC invocations=738 (full 2):
 PSYoungGen      total 688128K, used 590720K [0x00000000d0000000, 0x0000000100000000, 0x0000000100000000)
  eden space 589824K, 100% used [0x00000000d0000000,0x00000000f4000000,0x00000000f4000000)
  from space 98304K, 0% used [0x00000000f4000000,0x00000000f40e0000,0x00000000fa000000)
  to   space 98304K, 0% used [0x00000000fa000000,0x00000000fa000000,0x0000000100000000)
 ParOldGen       total 1310720K, used 1165418K [0x0000000080000000, 0x00000000d0000000, 0x00000000d0000000)
  object space 1310720K, 88% used [0x0000000080000000,0x00000000c721a818,0x00000000d0000000)
 Metaspace       used 250913K, capacity 255814K, committed 256000K, reserved 747520K
  class space    used 23986K, capacity 24962K, committed 25088K, reserved 516096K
2025-05-15T05:20:04.361+0900: 40015.648: [GC (Allocation Failure) [PSYoungGen: 590720K->896K(688128K)] 1756138K->1166354K(1998848K), 0.0113877 secs] [Times: user=0.03 sys=0.00, real=0.01 secs] 
Heap after GC invocations=738 (full 2):
 PSYoungGen      total 688128K, used 896K [0x00000000d0000000, 0x0000000100000000, 0x0000000100000000)
  eden space 589824K, 0% used [0x00000000d0000000,0x00000000d0000000,0x00000000f4000000)
  from space 98304K, 0% used [0x00000000fa000000,0x00000000fa0e0000,0x0000000100000000)
  to   space 98304K, 0% used [0x00000000f4000000,0x00000000f4000000,0x00000000fa000000)
 ParOldGen       total 1310720K, used 1165458K [0x0000000080000000, 0x00000000d0000000, 0x00000000d0000000)
  object space 1310720K, 88% used [0x0000000080000000,0x00000000c7224818,0x00000000d0000000)
 Metaspace       used 250913K, capacity 255814K, committed 256000K, reserved 747520K
  class space    used 23986K, capacity 24962K, committed 25088K, reserved 516096K
}
{Heap before GC invocations=739 (full 2):
 PSYoungGen      total 688128K, used 590720K [0x00000000d0000000, 0x0000000100000000, 0x0000000100000000)
  eden space 589824K, 100% used [0x00000000d0000000,0x00000000f4000000,0x00000000f4000000)
  from space 98304K, 0% used [0x00000000fa000000,0x00000000fa0e0000,0x0000000100000000)
  to   space 98304K, 0% used [0x00000000f4000000,0x00000000f4000000,0x00000000fa000000)
 ParOldGen       total 1310720K, used 1165458K [0x0000000080000000, 0x00000000d0000000, 0x00000000d0000000)
  object space 1310720K, 88% used [0x0000000080000000,0x00000000c7224818,0x00000000d0000000)
 Metaspace       used 250913K, capacity 255814K, committed 256000K, reserved 747520K
  class space    used 23986K, capacity 24962K, committed 25088K, reserved 516096K
2025-05-15T05:21:06.388+0900: 40077.675: [GC (Allocation Failure) [PSYoungGen: 590720K->864K(688128K)] 1756178K->1166370K(1998848K), 0.0119095 secs] [Times: user=0.04 sys=0.00, real=0.02 secs] 
Heap after GC invocations=739 (full 2):
 PSYoungGen      total 688128K, used 864K [0x00000000d0000000, 0x0000000100000000, 0x0000000100000000)
  eden space 589824K, 0% used [0x00000000d0000000,0x00000000d0000000,0x00000000f4000000)
  from space 98304K, 0% used [0x00000000f4000000,0x00000000f40d8000,0x00000000fa000000)
  to   space 98304K, 0% used [0x00000000fa000000,0x00000000fa000000,0x0000000100000000)
 ParOldGen       total 1310720K, used 1165506K [0x0000000080000000, 0x00000000d0000000, 0x00000000d0000000)
  object space 1310720K, 88% used [0x0000000080000000,0x00000000c7230818,0x00000000d0000000)
 Metaspace       used 250913K, capacity 255814K, committed 256000K, reserved 747520K
  class space    used 23986K, capacity 24962K, committed 25088K, reserved 516096K
}
{Heap before GC invocations=740 (full 2):
 PSYoungGen      total 688128K, used 590688K [0x00000000d0000000, 0x0000000100000000, 0x0000000100000000)
  eden space 589824K, 100% used [0x00000000d0000000,0x00000000f4000000,0x00000000f4000000)
  from space 98304K, 0% used [0x00000000f4000000,0x00000000f40d8000,0x00000000fa000000)
  to   space 98304K, 0% used [0x00000000fa000000,0x00000000fa000000,0x0000000100000000)
 ParOldGen       total 1310720K, used 1165506K [0x0000000080000000, 0x00000000d0000000, 0x00000000d0000000)
  object space 1310720K, 88% used [0x0000000080000000,0x00000000c7230818,0x00000000d0000000)
 Metaspace       used 250913K, capacity 255814K, committed 256000K, reserved 747520K
  class space    used 23986K, capacity 24962K, committed 25088K, reserved 516096K
2025-05-15T05:22:08.587+0900: 40139.874: [GC (Allocation Failure) [PSYoungGen: 590688K->896K(688128K)] 1756194K->1166450K(1998848K), 0.0113255 secs] [Times: user=0.03 sys=0.00, real=0.01 secs] 
Heap after GC invocations=740 (full 2):
 PSYoungGen      total 688128K, used 896K [0x00000000d0000000, 0x0000000100000000, 0x0000000100000000)
  eden space 589824K, 0% used [0x00000000d0000000,0x00000000d0000000,0x00000000f4000000)
  from space 98304K, 0% used [0x00000000fa000000,0x00000000fa0e0000,0x0000000100000000)
  to   space 98304K, 0% used [0x00000000f4000000,0x00000000f4000000,0x00000000fa000000)
 ParOldGen       total 1310720K, used 1165554K [0x0000000080000000, 0x00000000d0000000, 0x00000000d0000000)
  object space 1310720K, 88% used [0x0000000080000000,0x00000000c723c818,0x00000000d0000000)
 Metaspace       used 250913K, capacity 255814K, committed 256000K, reserved 747520K
  class space    used 23986K, capacity 24962K, committed 25088K, reserved 516096K
}
{Heap before GC invocations=741 (full 2):
 PSYoungGen      total 688128K, used 590720K [0x00000000d0000000, 0x0000000100000000, 0x0000000100000000)
  eden space 589824K, 100% used [0x00000000d0000000,0x00000000f4000000,0x00000000f4000000)
  from space 98304K, 0% used [0x00000000fa000000,0x00000000fa0e0000,0x0000000100000000)
  to   space 98304K, 0% used [0x00000000f4000000,0x00000000f4000000,0x00000000fa000000)
 ParOldGen       total 1310720K, used 1165554K [0x0000000080000000, 0x00000000d0000000, 0x00000000d0000000)
  object space 1310720K, 88% used [0x0000000080000000,0x00000000c723c818,0x00000000d0000000)
 Metaspace       used 250913K, capacity 255814K, committed 256000K, reserved 747520K
  class space    used 23986K, capacity 24962K, committed 25088K, reserved 516096K
2025-05-15T05:23:11.766+0900: 40203.053: [GC (Allocation Failure) [PSYoungGen: 590720K->896K(688128K)] 1756274K->1166490K(1998848K), 0.0118415 secs] [Times: user=0.03 sys=0.00, real=0.01 secs] 
Heap after GC invocations=741 (full 2):
 PSYoungGen      total 688128K, used 896K [0x00000000d0000000, 0x0000000100000000, 0x0000000100000000)
  eden space 589824K, 0% used [0x00000000d0000000,0x00000000d0000000,0x00000000f4000000)
  from space 98304K, 0% used [0x00000000f4000000,0x00000000f40e0000,0x00000000fa000000)
  to   space 98304K, 0% used [0x00000000fa000000,0x00000000fa000000,0x0000000100000000)
 ParOldGen       total 1310720K, used 1165594K [0x0000000080000000, 0x00000000d0000000, 0x00000000d0000000)
  object space 1310720K, 88% used [0x0000000080000000,0x00000000c7246818,0x00000000d0000000)
 Metaspace       used 250913K, capacity 255814K, committed 256000K, reserved 747520K
  class space    used 23986K, capacity 24962K, committed 25088K, reserved 516096K
}
{Heap before GC invocations=742 (full 2):
 PSYoungGen      total 688128K, used 590720K [0x00000000d0000000, 0x0000000100000000, 0x0000000100000000)
  eden space 589824K, 100% used [0x00000000d0000000,0x00000000f4000000,0x00000000f4000000)
  from space 98304K, 0% used [0x00000000f4000000,0x00000000f40e0000,0x00000000fa000000)
  to   space 98304K, 0% used [0x00000000fa000000,0x00000000fa000000,0x0000000100000000)
 ParOldGen       total 1310720K, used 1165594K [0x0000000080000000, 0x00000000d0000000, 0x00000000d0000000)
  object space 1310720K, 88% used [0x0000000080000000,0x00000000c7246818,0x00000000d0000000)
 Metaspace       used 250913K, capacity 255814K, committed 256000K, reserved 747520K
  class space    used 23986K, capacity 24962K, committed 25088K, reserved 516096K
2025-05-15T05:24:13.963+0900: 40265.250: [GC (Allocation Failure) [PSYoungGen: 590720K->928K(688128K)] 1756314K->1166554K(1998848K), 0.0113947 secs] [Times: user=0.03 sys=0.00, real=0.01 secs] 
Heap after GC invocations=742 (full 2):
 PSYoungGen      total 688128K, used 928K [0x00000000d0000000, 0x0000000100000000, 0x0000000100000000)
  eden space 589824K, 0% used [0x00000000d0000000,0x00000000d0000000,0x00000000f4000000)
  from space 98304K, 0% used [0x00000000fa000000,0x00000000fa0e8000,0x0000000100000000)
  to   space 98304K, 0% used [0x00000000f4000000,0x00000000f4000000,0x00000000fa000000)
 ParOldGen       total 1310720K, used 1165626K [0x0000000080000000, 0x00000000d0000000, 0x00000000d0000000)
  object space 1310720K, 88% used [0x0000000080000000,0x00000000c724e818,0x00000000d0000000)
 Metaspace       used 250913K, capacity 255814K, committed 256000K, reserved 747520K
  class space    used 23986K, capacity 24962K, committed 25088K, reserved 516096K
}
{Heap before GC invocations=743 (full 2):
 PSYoungGen      total 688128K, used 590752K [0x00000000d0000000, 0x0000000100000000, 0x0000000100000000)
  eden space 589824K, 100% used [0x00000000d0000000,0x00000000f4000000,0x00000000f4000000)
  from space 98304K, 0% used [0x00000000fa000000,0x00000000fa0e8000,0x0000000100000000)
  to   space 98304K, 0% used [0x00000000f4000000,0x00000000f4000000,0x00000000fa000000)
 ParOldGen       total 1310720K, used 1165626K [0x0000000080000000, 0x00000000d0000000, 0x00000000d0000000)
  object space 1310720K, 88% used [0x0000000080000000,0x00000000c724e818,0x00000000d0000000)
 Metaspace       used 250913K, capacity 255814K, committed 256000K, reserved 747520K
  class space    used 23986K, capacity 24962K, committed 25088K, reserved 516096K
2025-05-15T05:25:16.165+0900: 40327.452: [GC (Allocation Failure) [PSYoungGen: 590752K->928K(688128K)] 1756378K->1166602K(1998848K), 0.0116696 secs] [Times: user=0.03 sys=0.00, real=0.01 secs] 
Heap after GC invocations=743 (full 2):
 PSYoungGen      total 688128K, used 928K [0x00000000d0000000, 0x0000000100000000, 0x0000000100000000)
  eden space 589824K, 0% used [0x00000000d0000000,0x00000000d0000000,0x00000000f4000000)
  from space 98304K, 0% used [0x00000000f4000000,0x00000000f40e8000,0x00000000fa000000)
  to   space 98304K, 0% used [0x00000000fa000000,0x00000000fa000000,0x0000000100000000)
 ParOldGen       total 1310720K, used 1165674K [0x0000000080000000, 0x00000000d0000000, 0x00000000d0000000)
  object space 1310720K, 88% used [0x0000000080000000,0x00000000c725a818,0x00000000d0000000)
 Metaspace       used 250913K, capacity 255814K, committed 256000K, reserved 747520K
  class space    used 23986K, capacity 24962K, committed 25088K, reserved 516096K
}
{Heap before GC invocations=744 (full 2):
 PSYoungGen      total 688128K, used 590752K [0x00000000d0000000, 0x0000000100000000, 0x0000000100000000)
  eden space 589824K, 100% used [0x00000000d0000000,0x00000000f4000000,0x00000000f4000000)
  from space 98304K, 0% used [0x00000000f4000000,0x00000000f40e8000,0x00000000fa000000)
  to   space 98304K, 0% used [0x00000000fa000000,0x00000000fa000000,0x0000000100000000)
 ParOldGen       total 1310720K, used 1165674K [0x0000000080000000, 0x00000000d0000000, 0x00000000d0000000)
  object space 1310720K, 88% used [0x0000000080000000,0x00000000c725a818,0x00000000d0000000)
 Metaspace       used 250913K, capacity 255814K, committed 256000K, reserved 747520K
  class space    used 23986K, capacity 24962K, committed 25088K, reserved 516096K
2025-05-15T05:26:18.360+0900: 40389.647: [GC (Allocation Failure) [PSYoungGen: 590752K->928K(688128K)] 1756426K->1166650K(1998848K), 0.0113906 secs] [Times: user=0.02 sys=0.00, real=0.01 secs] 
Heap after GC invocations=744 (full 2):
 PSYoungGen      total 688128K, used 928K [0x00000000d0000000, 0x0000000100000000, 0x0000000100000000)
  eden space 589824K, 0% used [0x00000000d0000000,0x00000000d0000000,0x00000000f4000000)
  from space 98304K, 0% used [0x00000000fa000000,0x00000000fa0e8000,0x0000000100000000)
  to   space 98304K, 0% used [0x00000000f4000000,0x00000000f4000000,0x00000000fa000000)
 ParOldGen       total 1310720K, used 1165722K [0x0000000080000000, 0x00000000d0000000, 0x00000000d0000000)
  object space 1310720K, 88% used [0x0000000080000000,0x00000000c7266818,0x00000000d0000000)
 Metaspace       used 250913K, capacity 255814K, committed 256000K, reserved 747520K
  class space    used 23986K, capacity 24962K, committed 25088K, reserved 516096K
}
{Heap before GC invocations=745 (full 2):
 PSYoungGen      total 688128K, used 590752K [0x00000000d0000000, 0x0000000100000000, 0x0000000100000000)
  eden space 589824K, 100% used [0x00000000d0000000,0x00000000f4000000,0x00000000f4000000)
  from space 98304K, 0% used [0x00000000fa000000,0x00000000fa0e8000,0x0000000100000000)
  to   space 98304K, 0% used [0x00000000f4000000,0x00000000f4000000,0x00000000fa000000)
 ParOldGen       total 1310720K, used 1165722K [0x0000000080000000, 0x00000000d0000000, 0x00000000d0000000)
  object space 1310720K, 88% used [0x0000000080000000,0x00000000c7266818,0x00000000d0000000)
 Metaspace       used 250913K, capacity 255814K, committed 256000K, reserved 747520K
  class space    used 23986K, capacity 24962K, committed 25088K, reserved 516096K
2025-05-15T05:27:21.571+0900: 40452.858: [GC (Allocation Failure) [PSYoungGen: 590752K->896K(688128K)] 1756474K->1166666K(1998848K), 0.0113889 secs] [Times: user=0.03 sys=0.00, real=0.01 secs] 
Heap after GC invocations=745 (full 2):
 PSYoungGen      total 688128K, used 896K [0x00000000d0000000, 0x0000000100000000, 0x0000000100000000)
  eden space 589824K, 0% used [0x00000000d0000000,0x00000000d0000000,0x00000000f4000000)
  from space 98304K, 0% used [0x00000000f4000000,0x00000000f40e0000,0x00000000fa000000)
  to   space 98304K, 0% used [0x00000000fa000000,0x00000000fa000000,0x0000000100000000)
 ParOldGen       total 1310720K, used 1165770K [0x0000000080000000, 0x00000000d0000000, 0x00000000d0000000)
  object space 1310720K, 88% used [0x0000000080000000,0x00000000c7272818,0x00000000d0000000)
 Metaspace       used 250913K, capacity 255814K, committed 256000K, reserved 747520K
  class space    used 23986K, capacity 24962K, committed 25088K, reserved 516096K
}
{Heap before GC invocations=746 (full 2):
 PSYoungGen      total 688128K, used 590720K [0x00000000d0000000, 0x0000000100000000, 0x0000000100000000)
  eden space 589824K, 100% used [0x00000000d0000000,0x00000000f4000000,0x00000000f4000000)
  from space 98304K, 0% used [0x00000000f4000000,0x00000000f40e0000,0x00000000fa000000)
  to   space 98304K, 0% used [0x00000000fa000000,0x00000000fa000000,0x0000000100000000)
 ParOldGen       total 1310720K, used 1165770K [0x0000000080000000, 0x00000000d0000000, 0x00000000d0000000)
  object space 1310720K, 88% used [0x0000000080000000,0x00000000c7272818,0x00000000d0000000)
 Metaspace       used 250913K, capacity 255814K, committed 256000K, reserved 747520K
  class space    used 23986K, capacity 24962K, committed 25088K, reserved 516096K
2025-05-15T05:28:23.762+0900: 40515.049: [GC (Allocation Failure) [PSYoungGen: 590720K->928K(688128K)] 1756490K->1166738K(1998848K), 0.0117042 secs] [Times: user=0.03 sys=0.00, real=0.01 secs] 
Heap after GC invocations=746 (full 2):
 PSYoungGen      total 688128K, used 928K [0x00000000d0000000, 0x0000000100000000, 0x0000000100000000)
  eden space 589824K, 0% used [0x00000000d0000000,0x00000000d0000000,0x00000000f4000000)
  from space 98304K, 0% used [0x00000000fa000000,0x00000000fa0e8000,0x0000000100000000)
  to   space 98304K, 0% used [0x00000000f4000000,0x00000000f4000000,0x00000000fa000000)
 ParOldGen       total 1310720K, used 1165810K [0x0000000080000000, 0x00000000d0000000, 0x00000000d0000000)
  object space 1310720K, 88% used [0x0000000080000000,0x00000000c727c818,0x00000000d0000000)
 Metaspace       used 250913K, capacity 255814K, committed 256000K, reserved 747520K
  class space    used 23986K, capacity 24962K, committed 25088K, reserved 516096K
}
{Heap before GC invocations=747 (full 2):
 PSYoungGen      total 688128K, used 590752K [0x00000000d0000000, 0x0000000100000000, 0x0000000100000000)
  eden space 589824K, 100% used [0x00000000d0000000,0x00000000f4000000,0x00000000f4000000)
  from space 98304K, 0% used [0x00000000fa000000,0x00000000fa0e8000,0x0000000100000000)
  to   space 98304K, 0% used [0x00000000f4000000,0x00000000f4000000,0x00000000fa000000)
 ParOldGen       total 1310720K, used 1165810K [0x0000000080000000, 0x00000000d0000000, 0x00000000d0000000)
  object space 1310720K, 88% used [0x0000000080000000,0x00000000c727c818,0x00000000d0000000)
 Metaspace       used 250913K, capacity 255814K, committed 256000K, reserved 747520K
  class space    used 23986K, capacity 24962K, committed 25088K, reserved 516096K
2025-05-15T05:29:25.423+0900: 40576.710: [GC (Allocation Failure) [PSYoungGen: 590752K->928K(688128K)] 1756562K->1166778K(1998848K), 0.0133282 secs] [Times: user=0.03 sys=0.00, real=0.01 secs] 
Heap after GC invocations=747 (full 2):
 PSYoungGen      total 688128K, used 928K [0x00000000d0000000, 0x0000000100000000, 0x0000000100000000)
  eden space 589824K, 0% used [0x00000000d0000000,0x00000000d0000000,0x00000000f4000000)
  from space 98304K, 0% used [0x00000000f4000000,0x00000000f40e8000,0x00000000fa000000)
  to   space 98304K, 0% used [0x00000000fa000000,0x00000000fa000000,0x0000000100000000)
 ParOldGen       total 1310720K, used 1165850K [0x0000000080000000, 0x00000000d0000000, 0x00000000d0000000)
  object space 1310720K, 88% used [0x0000000080000000,0x00000000c7286818,0x00000000d0000000)
 Metaspace       used 250913K, capacity 255814K, committed 256000K, reserved 747520K
  class space    used 23986K, capacity 24962K, committed 25088K, reserved 516096K
}
{Heap before GC invocations=748 (full 2):
 PSYoungGen      total 688128K, used 590752K [0x00000000d0000000, 0x0000000100000000, 0x0000000100000000)
  eden space 589824K, 100% used [0x00000000d0000000,0x00000000f4000000,0x00000000f4000000)
  from space 98304K, 0% used [0x00000000f4000000,0x00000000f40e8000,0x00000000fa000000)
  to   space 98304K, 0% used [0x00000000fa000000,0x00000000fa000000,0x0000000100000000)
 ParOldGen       total 1310720K, used 1165850K [0x0000000080000000, 0x00000000d0000000, 0x00000000d0000000)
  object space 1310720K, 88% used [0x0000000080000000,0x00000000c7286818,0x00000000d0000000)
 Metaspace       used 250913K, capacity 255814K, committed 256000K, reserved 747520K
  class space    used 23986K, capacity 24962K, committed 25088K, reserved 516096K
2025-05-15T05:30:27.198+0900: 40638.485: [GC (Allocation Failure) [PSYoungGen: 590752K->928K(688128K)] 1756602K->1166826K(1998848K), 0.0118685 secs] [Times: user=0.03 sys=0.00, real=0.02 secs] 
Heap after GC invocations=748 (full 2):
 PSYoungGen      total 688128K, used 928K [0x00000000d0000000, 0x0000000100000000, 0x0000000100000000)
  eden space 589824K, 0% used [0x00000000d0000000,0x00000000d0000000,0x00000000f4000000)
  from space 98304K, 0% used [0x00000000fa000000,0x00000000fa0e8000,0x0000000100000000)
  to   space 98304K, 0% used [0x00000000f4000000,0x00000000f4000000,0x00000000fa000000)
 ParOldGen       total 1310720K, used 1165898K [0x0000000080000000, 0x00000000d0000000, 0x00000000d0000000)
  object space 1310720K, 88% used [0x0000000080000000,0x00000000c7292818,0x00000000d0000000)
 Metaspace       used 250913K, capacity 255814K, committed 256000K, reserved 747520K
  class space    used 23986K, capacity 24962K, committed 25088K, reserved 516096K
}
{Heap before GC invocations=749 (full 2):
 PSYoungGen      total 688128K, used 590752K [0x00000000d0000000, 0x0000000100000000, 0x0000000100000000)
  eden space 589824K, 100% used [0x00000000d0000000,0x00000000f4000000,0x00000000f4000000)
  from space 98304K, 0% used [0x00000000fa000000,0x00000000fa0e8000,0x0000000100000000)
  to   space 98304K, 0% used [0x00000000f4000000,0x00000000f4000000,0x00000000fa000000)
 ParOldGen       total 1310720K, used 1165898K [0x0000000080000000, 0x00000000d0000000, 0x00000000d0000000)
  object space 1310720K, 88% used [0x0000000080000000,0x00000000c7292818,0x00000000d0000000)
 Metaspace       used 250913K, capacity 255814K, committed 256000K, reserved 747520K
  class space    used 23986K, capacity 24962K, committed 25088K, reserved 516096K
2025-05-15T05:31:29.320+0900: 40700.607: [GC (Allocation Failure) [PSYoungGen: 590752K->896K(688128K)] 1756650K->1166842K(1998848K), 0.0113226 secs] [Times: user=0.03 sys=0.00, real=0.01 secs] 
Heap after GC invocations=749 (full 2):
 PSYoungGen      total 688128K, used 896K [0x00000000d0000000, 0x0000000100000000, 0x0000000100000000)
  eden space 589824K, 0% used [0x00000000d0000000,0x00000000d0000000,0x00000000f4000000)
  from space 98304K, 0% used [0x00000000f4000000,0x00000000f40e0000,0x00000000fa000000)
  to   space 98304K, 0% used [0x00000000fa000000,0x00000000fa000000,0x0000000100000000)
 ParOldGen       total 1310720K, used 1165946K [0x0000000080000000, 0x00000000d0000000, 0x00000000d0000000)
  object space 1310720K, 88% used [0x0000000080000000,0x00000000c729e818,0x00000000d0000000)
 Metaspace       used 250913K, capacity 255814K, committed 256000K, reserved 747520K
  class space    used 23986K, capacity 24962K, committed 25088K, reserved 516096K
}
{Heap before GC invocations=750 (full 2):
 PSYoungGen      total 688128K, used 590720K [0x00000000d0000000, 0x0000000100000000, 0x0000000100000000)
  eden space 589824K, 100% used [0x00000000d0000000,0x00000000f4000000,0x00000000f4000000)
  from space 98304K, 0% used [0x00000000f4000000,0x00000000f40e0000,0x00000000fa000000)
  to   space 98304K, 0% used [0x00000000fa000000,0x00000000fa000000,0x0000000100000000)
 ParOldGen       total 1310720K, used 1165946K [0x0000000080000000, 0x00000000d0000000, 0x00000000d0000000)
  object space 1310720K, 88% used [0x0000000080000000,0x00000000c729e818,0x00000000d0000000)
 Metaspace       used 250913K, capacity 255814K, committed 256000K, reserved 747520K
  class space    used 23986K, capacity 24962K, committed 25088K, reserved 516096K
2025-05-15T05:32:32.496+0900: 40763.783: [GC (Allocation Failure) [PSYoungGen: 590720K->928K(688128K)] 1756666K->1166922K(1998848K), 0.0115439 secs] [Times: user=0.03 sys=0.00, real=0.01 secs] 
Heap after GC invocations=750 (full 2):
 PSYoungGen      total 688128K, used 928K [0x00000000d0000000, 0x0000000100000000, 0x0000000100000000)
  eden space 589824K, 0% used [0x00000000d0000000,0x00000000d0000000,0x00000000f4000000)
  from space 98304K, 0% used [0x00000000fa000000,0x00000000fa0e8000,0x0000000100000000)
  to   space 98304K, 0% used [0x00000000f4000000,0x00000000f4000000,0x00000000fa000000)
 ParOldGen       total 1310720K, used 1165994K [0x0000000080000000, 0x00000000d0000000, 0x00000000d0000000)
  object space 1310720K, 88% used [0x0000000080000000,0x00000000c72aa818,0x00000000d0000000)
 Metaspace       used 250913K, capacity 255814K, committed 256000K, reserved 747520K
  class space    used 23986K, capacity 24962K, committed 25088K, reserved 516096K
}
{Heap before GC invocations=751 (full 2):
 PSYoungGen      total 688128K, used 590752K [0x00000000d0000000, 0x0000000100000000, 0x0000000100000000)
  eden space 589824K, 100% used [0x00000000d0000000,0x00000000f4000000,0x00000000f4000000)
  from space 98304K, 0% used [0x00000000fa000000,0x00000000fa0e8000,0x0000000100000000)
  to   space 98304K, 0% used [0x00000000f4000000,0x00000000f4000000,0x00000000fa000000)
 ParOldGen       total 1310720K, used 1165994K [0x0000000080000000, 0x00000000d0000000, 0x00000000d0000000)
  object space 1310720K, 88% used [0x0000000080000000,0x00000000c72aa818,0x00000000d0000000)
 Metaspace       used 250913K, capacity 255814K, committed 256000K, reserved 747520K
  class space    used 23986K, capacity 24962K, committed 25088K, reserved 516096K
2025-05-15T05:33:34.685+0900: 40825.972: [GC (Allocation Failure) [PSYoungGen: 590752K->896K(688128K)] 1756746K->1166938K(1998848K), 0.0112244 secs] [Times: user=0.03 sys=0.00, real=0.01 secs] 
Heap after GC invocations=751 (full 2):
 PSYoungGen      total 688128K, used 896K [0x00000000d0000000, 0x0000000100000000, 0x0000000100000000)
  eden space 589824K, 0% used [0x00000000d0000000,0x00000000d0000000,0x00000000f4000000)
  from space 98304K, 0% used [0x00000000f4000000,0x00000000f40e0000,0x00000000fa000000)
  to   space 98304K, 0% used [0x00000000fa000000,0x00000000fa000000,0x0000000100000000)
 ParOldGen       total 1310720K, used 1166042K [0x0000000080000000, 0x00000000d0000000, 0x00000000d0000000)
  object space 1310720K, 88% used [0x0000000080000000,0x00000000c72b6818,0x00000000d0000000)
 Metaspace       used 250913K, capacity 255814K, committed 256000K, reserved 747520K
  class space    used 23986K, capacity 24962K, committed 25088K, reserved 516096K
}
{Heap before GC invocations=752 (full 2):
 PSYoungGen      total 688128K, used 590720K [0x00000000d0000000, 0x0000000100000000, 0x0000000100000000)
  eden space 589824K, 100% used [0x00000000d0000000,0x00000000f4000000,0x00000000f4000000)
  from space 98304K, 0% used [0x00000000f4000000,0x00000000f40e0000,0x00000000fa000000)
  to   space 98304K, 0% used [0x00000000fa000000,0x00000000fa000000,0x0000000100000000)
 ParOldGen       total 1310720K, used 1166042K [0x0000000080000000, 0x00000000d0000000, 0x00000000d0000000)
  object space 1310720K, 88% used [0x0000000080000000,0x00000000c72b6818,0x00000000d0000000)
 Metaspace       used 250913K, capacity 255814K, committed 256000K, reserved 747520K
  class space    used 23986K, capacity 24962K, committed 25088K, reserved 516096K
2025-05-15T05:34:36.873+0900: 40888.160: [GC (Allocation Failure) [PSYoungGen: 590720K->896K(688128K)] 1756762K->1166994K(1998848K), 0.0117050 secs] [Times: user=0.03 sys=0.00, real=0.01 secs] 
Heap after GC invocations=752 (full 2):
 PSYoungGen      total 688128K, used 896K [0x00000000d0000000, 0x0000000100000000, 0x0000000100000000)
  eden space 589824K, 0% used [0x00000000d0000000,0x00000000d0000000,0x00000000f4000000)
  from space 98304K, 0% used [0x00000000fa000000,0x00000000fa0e0000,0x0000000100000000)
  to   space 98304K, 0% used [0x00000000f4000000,0x00000000f4000000,0x00000000fa000000)
 ParOldGen       total 1310720K, used 1166098K [0x0000000080000000, 0x00000000d0000000, 0x00000000d0000000)
  object space 1310720K, 88% used [0x0000000080000000,0x00000000c72c4818,0x00000000d0000000)
 Metaspace       used 250913K, capacity 255814K, committed 256000K, reserved 747520K
  class space    used 23986K, capacity 24962K, committed 25088K, reserved 516096K
}
{Heap before GC invocations=753 (full 2):
 PSYoungGen      total 688128K, used 590720K [0x00000000d0000000, 0x0000000100000000, 0x0000000100000000)
  eden space 589824K, 100% used [0x00000000d0000000,0x00000000f4000000,0x00000000f4000000)
  from space 98304K, 0% used [0x00000000fa000000,0x00000000fa0e0000,0x0000000100000000)
  to   space 98304K, 0% used [0x00000000f4000000,0x00000000f4000000,0x00000000fa000000)
 ParOldGen       total 1310720K, used 1166098K [0x0000000080000000, 0x00000000d0000000, 0x00000000d0000000)
  object space 1310720K, 88% used [0x0000000080000000,0x00000000c72c4818,0x00000000d0000000)
 Metaspace       used 250913K, capacity 255814K, committed 256000K, reserved 747520K
  class space    used 23986K, capacity 24962K, committed 25088K, reserved 516096K
2025-05-15T05:35:39.076+0900: 40950.363: [GC (Allocation Failure) [PSYoungGen: 590720K->896K(688128K)] 1756818K->1167034K(1998848K), 0.0122098 secs] [Times: user=0.03 sys=0.00, real=0.01 secs] 
Heap after GC invocations=753 (full 2):
 PSYoungGen      total 688128K, used 896K [0x00000000d0000000, 0x0000000100000000, 0x0000000100000000)
  eden space 589824K, 0% used [0x00000000d0000000,0x00000000d0000000,0x00000000f4000000)
  from space 98304K, 0% used [0x00000000f4000000,0x00000000f40e0000,0x00000000fa000000)
  to   space 98304K, 0% used [0x00000000fa000000,0x00000000fa000000,0x0000000100000000)
 ParOldGen       total 1310720K, used 1166138K [0x0000000080000000, 0x00000000d0000000, 0x00000000d0000000)
  object space 1310720K, 88% used [0x0000000080000000,0x00000000c72ce818,0x00000000d0000000)
 Metaspace       used 250913K, capacity 255814K, committed 256000K, reserved 747520K
  class space    used 23986K, capacity 24962K, committed 25088K, reserved 516096K
}
{Heap before GC invocations=754 (full 2):
 PSYoungGen      total 688128K, used 590720K [0x00000000d0000000, 0x0000000100000000, 0x0000000100000000)
  eden space 589824K, 100% used [0x00000000d0000000,0x00000000f4000000,0x00000000f4000000)
  from space 98304K, 0% used [0x00000000f4000000,0x00000000f40e0000,0x00000000fa000000)
  to   space 98304K, 0% used [0x00000000fa000000,0x00000000fa000000,0x0000000100000000)
 ParOldGen       total 1310720K, used 1166138K [0x0000000080000000, 0x00000000d0000000, 0x00000000d0000000)
  object space 1310720K, 88% used [0x0000000080000000,0x00000000c72ce818,0x00000000d0000000)
 Metaspace       used 250913K, capacity 255814K, committed 256000K, reserved 747520K
  class space    used 23986K, capacity 24962K, committed 25088K, reserved 516096K
2025-05-15T05:36:42.253+0900: 41013.540: [GC (Allocation Failure) [PSYoungGen: 590720K->896K(688128K)] 1756858K->1167074K(1998848K), 0.0116502 secs] [Times: user=0.02 sys=0.00, real=0.01 secs] 
Heap after GC invocations=754 (full 2):
 PSYoungGen      total 688128K, used 896K [0x00000000d0000000, 0x0000000100000000, 0x0000000100000000)
  eden space 589824K, 0% used [0x00000000d0000000,0x00000000d0000000,0x00000000f4000000)
  from space 98304K, 0% used [0x00000000fa000000,0x00000000fa0e0000,0x0000000100000000)
  to   space 98304K, 0% used [0x00000000f4000000,0x00000000f4000000,0x00000000fa000000)
 ParOldGen       total 1310720K, used 1166178K [0x0000000080000000, 0x00000000d0000000, 0x00000000d0000000)
  object space 1310720K, 88% used [0x0000000080000000,0x00000000c72d8818,0x00000000d0000000)
 Metaspace       used 250913K, capacity 255814K, committed 256000K, reserved 747520K
  class space    used 23986K, capacity 24962K, committed 25088K, reserved 516096K
}
{Heap before GC invocations=755 (full 2):
 PSYoungGen      total 688128K, used 590720K [0x00000000d0000000, 0x0000000100000000, 0x0000000100000000)
  eden space 589824K, 100% used [0x00000000d0000000,0x00000000f4000000,0x00000000f4000000)
  from space 98304K, 0% used [0x00000000fa000000,0x00000000fa0e0000,0x0000000100000000)
  to   space 98304K, 0% used [0x00000000f4000000,0x00000000f4000000,0x00000000fa000000)
 ParOldGen       total 1310720K, used 1166178K [0x0000000080000000, 0x00000000d0000000, 0x00000000d0000000)
  object space 1310720K, 88% used [0x0000000080000000,0x00000000c72d8818,0x00000000d0000000)
 Metaspace       used 250913K, capacity 255814K, committed 256000K, reserved 747520K
  class space    used 23986K, capacity 24962K, committed 25088K, reserved 516096K
2025-05-15T05:37:44.445+0900: 41075.732: [GC (Allocation Failure) [PSYoungGen: 590720K->896K(688128K)] 1756898K->1167114K(1998848K), 0.0115708 secs] [Times: user=0.02 sys=0.00, real=0.01 secs] 
Heap after GC invocations=755 (full 2):
 PSYoungGen      total 688128K, used 896K [0x00000000d0000000, 0x0000000100000000, 0x0000000100000000)
  eden space 589824K, 0% used [0x00000000d0000000,0x00000000d0000000,0x00000000f4000000)
  from space 98304K, 0% used [0x00000000f4000000,0x00000000f40e0000,0x00000000fa000000)
  to   space 98304K, 0% used [0x00000000fa000000,0x00000000fa000000,0x0000000100000000)
 ParOldGen       total 1310720K, used 1166218K [0x0000000080000000, 0x00000000d0000000, 0x00000000d0000000)
  object space 1310720K, 88% used [0x0000000080000000,0x00000000c72e2818,0x00000000d0000000)
 Metaspace       used 250913K, capacity 255814K, committed 256000K, reserved 747520K
  class space    used 23986K, capacity 24962K, committed 25088K, reserved 516096K
}
{Heap before GC invocations=756 (full 2):
 PSYoungGen      total 688128K, used 590720K [0x00000000d0000000, 0x0000000100000000, 0x0000000100000000)
  eden space 589824K, 100% used [0x00000000d0000000,0x00000000f4000000,0x00000000f4000000)
  from space 98304K, 0% used [0x00000000f4000000,0x00000000f40e0000,0x00000000fa000000)
  to   space 98304K, 0% used [0x00000000fa000000,0x00000000fa000000,0x0000000100000000)
 ParOldGen       total 1310720K, used 1166218K [0x0000000080000000, 0x00000000d0000000, 0x00000000d0000000)
  object space 1310720K, 88% used [0x0000000080000000,0x00000000c72e2818,0x00000000d0000000)
 Metaspace       used 250913K, capacity 255814K, committed 256000K, reserved 747520K
  class space    used 23986K, capacity 24962K, committed 25088K, reserved 516096K
2025-05-15T05:38:46.640+0900: 41137.927: [GC (Allocation Failure) [PSYoungGen: 590720K->896K(688128K)] 1756938K->1167170K(1998848K), 0.0114048 secs] [Times: user=0.03 sys=0.00, real=0.01 secs] 
Heap after GC invocations=756 (full 2):
 PSYoungGen      total 688128K, used 896K [0x00000000d0000000, 0x0000000100000000, 0x0000000100000000)
  eden space 589824K, 0% used [0x00000000d0000000,0x00000000d0000000,0x00000000f4000000)
  from space 98304K, 0% used [0x00000000fa000000,0x00000000fa0e0000,0x0000000100000000)
  to   space 98304K, 0% used [0x00000000f4000000,0x00000000f4000000,0x00000000fa000000)
 ParOldGen       total 1310720K, used 1166274K [0x0000000080000000, 0x00000000d0000000, 0x00000000d0000000)
  object space 1310720K, 88% used [0x0000000080000000,0x00000000c72f0818,0x00000000d0000000)
 Metaspace       used 250913K, capacity 255814K, committed 256000K, reserved 747520K
  class space    used 23986K, capacity 24962K, committed 25088K, reserved 516096K
}
{Heap before GC invocations=757 (full 2):
 PSYoungGen      total 688128K, used 590720K [0x00000000d0000000, 0x0000000100000000, 0x0000000100000000)
  eden space 589824K, 100% used [0x00000000d0000000,0x00000000f4000000,0x00000000f4000000)
  from space 98304K, 0% used [0x00000000fa000000,0x00000000fa0e0000,0x0000000100000000)
  to   space 98304K, 0% used [0x00000000f4000000,0x00000000f4000000,0x00000000fa000000)
 ParOldGen       total 1310720K, used 1166274K [0x0000000080000000, 0x00000000d0000000, 0x00000000d0000000)
  object space 1310720K, 88% used [0x0000000080000000,0x00000000c72f0818,0x00000000d0000000)
 Metaspace       used 250913K, capacity 255814K, committed 256000K, reserved 747520K
  class space    used 23986K, capacity 24962K, committed 25088K, reserved 516096K
2025-05-15T05:39:48.797+0900: 41200.084: [GC (Allocation Failure) [PSYoungGen: 590720K->928K(688128K)] 1756994K->1167250K(1998848K), 0.0122075 secs] [Times: user=0.02 sys=0.00, real=0.02 secs] 
Heap after GC invocations=757 (full 2):
 PSYoungGen      total 688128K, used 928K [0x00000000d0000000, 0x0000000100000000, 0x0000000100000000)
  eden space 589824K, 0% used [0x00000000d0000000,0x00000000d0000000,0x00000000f4000000)
  from space 98304K, 0% used [0x00000000f4000000,0x00000000f40e8000,0x00000000fa000000)
  to   space 98304K, 0% used [0x00000000fa000000,0x00000000fa000000,0x0000000100000000)
 ParOldGen       total 1310720K, used 1166322K [0x0000000080000000, 0x00000000d0000000, 0x00000000d0000000)
  object space 1310720K, 88% used [0x0000000080000000,0x00000000c72fc818,0x00000000d0000000)
 Metaspace       used 250913K, capacity 255814K, committed 256000K, reserved 747520K
  class space    used 23986K, capacity 24962K, committed 25088K, reserved 516096K
}
{Heap before GC invocations=758 (full 2):
 PSYoungGen      total 688128K, used 590752K [0x00000000d0000000, 0x0000000100000000, 0x0000000100000000)
  eden space 589824K, 100% used [0x00000000d0000000,0x00000000f4000000,0x00000000f4000000)
  from space 98304K, 0% used [0x00000000f4000000,0x00000000f40e8000,0x00000000fa000000)
  to   space 98304K, 0% used [0x00000000fa000000,0x00000000fa000000,0x0000000100000000)
 ParOldGen       total 1310720K, used 1166322K [0x0000000080000000, 0x00000000d0000000, 0x00000000d0000000)
  object space 1310720K, 88% used [0x0000000080000000,0x00000000c72fc818,0x00000000d0000000)
 Metaspace       used 250913K, capacity 255814K, committed 256000K, reserved 747520K
  class space    used 23986K, capacity 24962K, committed 25088K, reserved 516096K
2025-05-15T05:40:50.020+0900: 41261.307: [GC (Allocation Failure) [PSYoungGen: 590752K->928K(688128K)] 1757074K->1167298K(1998848K), 0.0112303 secs] [Times: user=0.03 sys=0.00, real=0.01 secs] 
Heap after GC invocations=758 (full 2):
 PSYoungGen      total 688128K, used 928K [0x00000000d0000000, 0x0000000100000000, 0x0000000100000000)
  eden space 589824K, 0% used [0x00000000d0000000,0x00000000d0000000,0x00000000f4000000)
  from space 98304K, 0% used [0x00000000fa000000,0x00000000fa0e8000,0x0000000100000000)
  to   space 98304K, 0% used [0x00000000f4000000,0x00000000f4000000,0x00000000fa000000)
 ParOldGen       total 1310720K, used 1166370K [0x0000000080000000, 0x00000000d0000000, 0x00000000d0000000)
  object space 1310720K, 88% used [0x0000000080000000,0x00000000c7308818,0x00000000d0000000)
 Metaspace       used 250913K, capacity 255814K, committed 256000K, reserved 747520K
  class space    used 23986K, capacity 24962K, committed 25088K, reserved 516096K
}
{Heap before GC invocations=759 (full 2):
 PSYoungGen      total 688128K, used 590752K [0x00000000d0000000, 0x0000000100000000, 0x0000000100000000)
  eden space 589824K, 100% used [0x00000000d0000000,0x00000000f4000000,0x00000000f4000000)
  from space 98304K, 0% used [0x00000000fa000000,0x00000000fa0e8000,0x0000000100000000)
  to   space 98304K, 0% used [0x00000000f4000000,0x00000000f4000000,0x00000000fa000000)
 ParOldGen       total 1310720K, used 1166370K [0x0000000080000000, 0x00000000d0000000, 0x00000000d0000000)
  object space 1310720K, 88% used [0x0000000080000000,0x00000000c7308818,0x00000000d0000000)
 Metaspace       used 250913K, capacity 255814K, committed 256000K, reserved 747520K
  class space    used 23986K, capacity 24962K, committed 25088K, reserved 516096K
2025-05-15T05:41:52.276+0900: 41323.563: [GC (Allocation Failure) [PSYoungGen: 590752K->896K(688128K)] 1757122K->1167306K(1998848K), 0.0115746 secs] [Times: user=0.03 sys=0.00, real=0.01 secs] 
Heap after GC invocations=759 (full 2):
 PSYoungGen      total 688128K, used 896K [0x00000000d0000000, 0x0000000100000000, 0x0000000100000000)
  eden space 589824K, 0% used [0x00000000d0000000,0x00000000d0000000,0x00000000f4000000)
  from space 98304K, 0% used [0x00000000f4000000,0x00000000f40e0000,0x00000000fa000000)
  to   space 98304K, 0% used [0x00000000fa000000,0x00000000fa000000,0x0000000100000000)
 ParOldGen       total 1310720K, used 1166410K [0x0000000080000000, 0x00000000d0000000, 0x00000000d0000000)
  object space 1310720K, 88% used [0x0000000080000000,0x00000000c7312818,0x00000000d0000000)
 Metaspace       used 250913K, capacity 255814K, committed 256000K, reserved 747520K
  class space    used 23986K, capacity 24962K, committed 25088K, reserved 516096K
}
{Heap before GC invocations=760 (full 2):
 PSYoungGen      total 688128K, used 590720K [0x00000000d0000000, 0x0000000100000000, 0x0000000100000000)
  eden space 589824K, 100% used [0x00000000d0000000,0x00000000f4000000,0x00000000f4000000)
  from space 98304K, 0% used [0x00000000f4000000,0x00000000f40e0000,0x00000000fa000000)
  to   space 98304K, 0% used [0x00000000fa000000,0x00000000fa000000,0x0000000100000000)
 ParOldGen       total 1310720K, used 1166410K [0x0000000080000000, 0x00000000d0000000, 0x00000000d0000000)
  object space 1310720K, 88% used [0x0000000080000000,0x00000000c7312818,0x00000000d0000000)
 Metaspace       used 250913K, capacity 255814K, committed 256000K, reserved 747520K
  class space    used 23986K, capacity 24962K, committed 25088K, reserved 516096K
2025-05-15T05:42:54.519+0900: 41385.806: [GC (Allocation Failure) [PSYoungGen: 590720K->928K(688128K)] 1757130K->1167378K(1998848K), 0.0115391 secs] [Times: user=0.03 sys=0.00, real=0.01 secs] 
Heap after GC invocations=760 (full 2):
 PSYoungGen      total 688128K, used 928K [0x00000000d0000000, 0x0000000100000000, 0x0000000100000000)
  eden space 589824K, 0% used [0x00000000d0000000,0x00000000d0000000,0x00000000f4000000)
  from space 98304K, 0% used [0x00000000fa000000,0x00000000fa0e8000,0x0000000100000000)
  to   space 98304K, 0% used [0x00000000f4000000,0x00000000f4000000,0x00000000fa000000)
 ParOldGen       total 1310720K, used 1166450K [0x0000000080000000, 0x00000000d0000000, 0x00000000d0000000)
  object space 1310720K, 88% used [0x0000000080000000,0x00000000c731c818,0x00000000d0000000)
 Metaspace       used 250913K, capacity 255814K, committed 256000K, reserved 747520K
  class space    used 23986K, capacity 24962K, committed 25088K, reserved 516096K
}
{Heap before GC invocations=761 (full 2):
 PSYoungGen      total 688128K, used 590752K [0x00000000d0000000, 0x0000000100000000, 0x0000000100000000)
  eden space 589824K, 100% used [0x00000000d0000000,0x00000000f4000000,0x00000000f4000000)
  from space 98304K, 0% used [0x00000000fa000000,0x00000000fa0e8000,0x0000000100000000)
  to   space 98304K, 0% used [0x00000000f4000000,0x00000000f4000000,0x00000000fa000000)
 ParOldGen       total 1310720K, used 1166450K [0x0000000080000000, 0x00000000d0000000, 0x00000000d0000000)
  object space 1310720K, 88% used [0x0000000080000000,0x00000000c731c818,0x00000000d0000000)
 Metaspace       used 250913K, capacity 255814K, committed 256000K, reserved 747520K
  class space    used 23986K, capacity 24962K, committed 25088K, reserved 516096K
2025-05-15T05:43:56.531+0900: 41447.818: [GC (Allocation Failure) [PSYoungGen: 590752K->928K(688128K)] 1757202K->1167410K(1998848K), 0.0119671 secs] [Times: user=0.02 sys=0.00, real=0.01 secs] 
Heap after GC invocations=761 (full 2):
 PSYoungGen      total 688128K, used 928K [0x00000000d0000000, 0x0000000100000000, 0x0000000100000000)
  eden space 589824K, 0% used [0x00000000d0000000,0x00000000d0000000,0x00000000f4000000)
  from space 98304K, 0% used [0x00000000f4000000,0x00000000f40e8000,0x00000000fa000000)
  to   space 98304K, 0% used [0x00000000fa000000,0x00000000fa000000,0x0000000100000000)
 ParOldGen       total 1310720K, used 1166482K [0x0000000080000000, 0x00000000d0000000, 0x00000000d0000000)
  object space 1310720K, 88% used [0x0000000080000000,0x00000000c7324818,0x00000000d0000000)
 Metaspace       used 250913K, capacity 255814K, committed 256000K, reserved 747520K
  class space    used 23986K, capacity 24962K, committed 25088K, reserved 516096K
}
{Heap before GC invocations=762 (full 2):
 PSYoungGen      total 688128K, used 590752K [0x00000000d0000000, 0x0000000100000000, 0x0000000100000000)
  eden space 589824K, 100% used [0x00000000d0000000,0x00000000f4000000,0x00000000f4000000)
  from space 98304K, 0% used [0x00000000f4000000,0x00000000f40e8000,0x00000000fa000000)
  to   space 98304K, 0% used [0x00000000fa000000,0x00000000fa000000,0x0000000100000000)
 ParOldGen       total 1310720K, used 1166482K [0x0000000080000000, 0x00000000d0000000, 0x00000000d0000000)
  object space 1310720K, 88% used [0x0000000080000000,0x00000000c7324818,0x00000000d0000000)
 Metaspace       used 250914K, capacity 255814K, committed 256000K, reserved 747520K
  class space    used 23986K, capacity 24962K, committed 25088K, reserved 516096K
2025-05-15T05:44:59.702+0900: 41510.989: [GC (Allocation Failure) [PSYoungGen: 590752K->896K(688128K)] 1757234K->1167442K(1998848K), 0.0118447 secs] [Times: user=0.03 sys=0.00, real=0.01 secs] 
Heap after GC invocations=762 (full 2):
 PSYoungGen      total 688128K, used 896K [0x00000000d0000000, 0x0000000100000000, 0x0000000100000000)
  eden space 589824K, 0% used [0x00000000d0000000,0x00000000d0000000,0x00000000f4000000)
  from space 98304K, 0% used [0x00000000fa000000,0x00000000fa0e0000,0x0000000100000000)
  to   space 98304K, 0% used [0x00000000f4000000,0x00000000f4000000,0x00000000fa000000)
 ParOldGen       total 1310720K, used 1166546K [0x0000000080000000, 0x00000000d0000000, 0x00000000d0000000)
  object space 1310720K, 89% used [0x0000000080000000,0x00000000c7334818,0x00000000d0000000)
 Metaspace       used 250914K, capacity 255814K, committed 256000K, reserved 747520K
  class space    used 23986K, capacity 24962K, committed 25088K, reserved 516096K
}
{Heap before GC invocations=763 (full 2):
 PSYoungGen      total 688128K, used 590720K [0x00000000d0000000, 0x0000000100000000, 0x0000000100000000)
  eden space 589824K, 100% used [0x00000000d0000000,0x00000000f4000000,0x00000000f4000000)
  from space 98304K, 0% used [0x00000000fa000000,0x00000000fa0e0000,0x0000000100000000)
  to   space 98304K, 0% used [0x00000000f4000000,0x00000000f4000000,0x00000000fa000000)
 ParOldGen       total 1310720K, used 1166546K [0x0000000080000000, 0x00000000d0000000, 0x00000000d0000000)
  object space 1310720K, 89% used [0x0000000080000000,0x00000000c7334818,0x00000000d0000000)
 Metaspace       used 250914K, capacity 255814K, committed 256000K, reserved 747520K
  class space    used 23986K, capacity 24962K, committed 25088K, reserved 516096K
2025-05-15T05:46:01.295+0900: 41572.583: [GC (Allocation Failure) [PSYoungGen: 590720K->928K(688128K)] 1757266K->1167522K(1998848K), 0.0126328 secs] [Times: user=0.02 sys=0.00, real=0.01 secs] 
Heap after GC invocations=763 (full 2):
 PSYoungGen      total 688128K, used 928K [0x00000000d0000000, 0x0000000100000000, 0x0000000100000000)
  eden space 589824K, 0% used [0x00000000d0000000,0x00000000d0000000,0x00000000f4000000)
  from space 98304K, 0% used [0x00000000f4000000,0x00000000f40e8000,0x00000000fa000000)
  to   space 98304K, 0% used [0x00000000fa000000,0x00000000fa000000,0x0000000100000000)
 ParOldGen       total 1310720K, used 1166594K [0x0000000080000000, 0x00000000d0000000, 0x00000000d0000000)
  object space 1310720K, 89% used [0x0000000080000000,0x00000000c7340818,0x00000000d0000000)
 Metaspace       used 250914K, capacity 255814K, committed 256000K, reserved 747520K
  class space    used 23986K, capacity 24962K, committed 25088K, reserved 516096K
}
{Heap before GC invocations=764 (full 2):
 PSYoungGen      total 688128K, used 590752K [0x00000000d0000000, 0x0000000100000000, 0x0000000100000000)
  eden space 589824K, 100% used [0x00000000d0000000,0x00000000f4000000,0x00000000f4000000)
  from space 98304K, 0% used [0x00000000f4000000,0x00000000f40e8000,0x00000000fa000000)
  to   space 98304K, 0% used [0x00000000fa000000,0x00000000fa000000,0x0000000100000000)
 ParOldGen       total 1310720K, used 1166594K [0x0000000080000000, 0x00000000d0000000, 0x00000000d0000000)
  object space 1310720K, 89% used [0x0000000080000000,0x00000000c7340818,0x00000000d0000000)
 Metaspace       used 250914K, capacity 255814K, committed 256000K, reserved 747520K
  class space    used 23986K, capacity 24962K, committed 25088K, reserved 516096K
2025-05-15T05:47:03.055+0900: 41634.342: [GC (Allocation Failure) [PSYoungGen: 590752K->896K(688128K)] 1757346K->1167530K(1998848K), 0.0111313 secs] [Times: user=0.03 sys=0.00, real=0.01 secs] 
Heap after GC invocations=764 (full 2):
 PSYoungGen      total 688128K, used 896K [0x00000000d0000000, 0x0000000100000000, 0x0000000100000000)
  eden space 589824K, 0% used [0x00000000d0000000,0x00000000d0000000,0x00000000f4000000)
  from space 98304K, 0% used [0x00000000fa000000,0x00000000fa0e0000,0x0000000100000000)
  to   space 98304K, 0% used [0x00000000f4000000,0x00000000f4000000,0x00000000fa000000)
 ParOldGen       total 1310720K, used 1166634K [0x0000000080000000, 0x00000000d0000000, 0x00000000d0000000)
  object space 1310720K, 89% used [0x0000000080000000,0x00000000c734a818,0x00000000d0000000)
 Metaspace       used 250914K, capacity 255814K, committed 256000K, reserved 747520K
  class space    used 23986K, capacity 24962K, committed 25088K, reserved 516096K
}
{Heap before GC invocations=765 (full 2):
 PSYoungGen      total 688128K, used 590720K [0x00000000d0000000, 0x0000000100000000, 0x0000000100000000)
  eden space 589824K, 100% used [0x00000000d0000000,0x00000000f4000000,0x00000000f4000000)
  from space 98304K, 0% used [0x00000000fa000000,0x00000000fa0e0000,0x0000000100000000)
  to   space 98304K, 0% used [0x00000000f4000000,0x00000000f4000000,0x00000000fa000000)
 ParOldGen       total 1310720K, used 1166634K [0x0000000080000000, 0x00000000d0000000, 0x00000000d0000000)
  object space 1310720K, 89% used [0x0000000080000000,0x00000000c734a818,0x00000000d0000000)
 Metaspace       used 250914K, capacity 255814K, committed 256000K, reserved 747520K
  class space    used 23986K, capacity 24962K, committed 25088K, reserved 516096K
2025-05-15T05:48:05.252+0900: 41696.539: [GC (Allocation Failure) [PSYoungGen: 590720K->864K(688128K)] 1757354K->1167530K(1998848K), 0.0142144 secs] [Times: user=0.03 sys=0.00, real=0.01 secs] 
Heap after GC invocations=765 (full 2):
 PSYoungGen      total 688128K, used 864K [0x00000000d0000000, 0x0000000100000000, 0x0000000100000000)
  eden space 589824K, 0% used [0x00000000d0000000,0x00000000d0000000,0x00000000f4000000)
  from space 98304K, 0% used [0x00000000f4000000,0x00000000f40d8000,0x00000000fa000000)
  to   space 98304K, 0% used [0x00000000fa000000,0x00000000fa000000,0x0000000100000000)
 ParOldGen       total 1310720K, used 1166666K [0x0000000080000000, 0x00000000d0000000, 0x00000000d0000000)
  object space 1310720K, 89% used [0x0000000080000000,0x00000000c7352818,0x00000000d0000000)
 Metaspace       used 250914K, capacity 255814K, committed 256000K, reserved 747520K
  class space    used 23986K, capacity 24962K, committed 25088K, reserved 516096K
}
{Heap before GC invocations=766 (full 2):
 PSYoungGen      total 688128K, used 590688K [0x00000000d0000000, 0x0000000100000000, 0x0000000100000000)
  eden space 589824K, 100% used [0x00000000d0000000,0x00000000f4000000,0x00000000f4000000)
  from space 98304K, 0% used [0x00000000f4000000,0x00000000f40d8000,0x00000000fa000000)
  to   space 98304K, 0% used [0x00000000fa000000,0x00000000fa000000,0x0000000100000000)
 ParOldGen       total 1310720K, used 1166666K [0x0000000080000000, 0x00000000d0000000, 0x00000000d0000000)
  object space 1310720K, 89% used [0x0000000080000000,0x00000000c7352818,0x00000000d0000000)
 Metaspace       used 250914K, capacity 255814K, committed 256000K, reserved 747520K
  class space    used 23986K, capacity 24962K, committed 25088K, reserved 516096K
2025-05-15T05:49:08.427+0900: 41759.714: [GC (Allocation Failure) [PSYoungGen: 590688K->896K(688128K)] 1757354K->1167602K(1998848K), 0.0127251 secs] [Times: user=0.03 sys=0.00, real=0.02 secs] 
Heap after GC invocations=766 (full 2):
 PSYoungGen      total 688128K, used 896K [0x00000000d0000000, 0x0000000100000000, 0x0000000100000000)
  eden space 589824K, 0% used [0x00000000d0000000,0x00000000d0000000,0x00000000f4000000)
  from space 98304K, 0% used [0x00000000fa000000,0x00000000fa0e0000,0x0000000100000000)
  to   space 98304K, 0% used [0x00000000f4000000,0x00000000f4000000,0x00000000fa000000)
 ParOldGen       total 1310720K, used 1166706K [0x0000000080000000, 0x00000000d0000000, 0x00000000d0000000)
  object space 1310720K, 89% used [0x0000000080000000,0x00000000c735c818,0x00000000d0000000)
 Metaspace       used 250914K, capacity 255814K, committed 256000K, reserved 747520K
  class space    used 23986K, capacity 24962K, committed 25088K, reserved 516096K
}
{Heap before GC invocations=767 (full 2):
 PSYoungGen      total 688128K, used 590720K [0x00000000d0000000, 0x0000000100000000, 0x0000000100000000)
  eden space 589824K, 100% used [0x00000000d0000000,0x00000000f4000000,0x00000000f4000000)
  from space 98304K, 0% used [0x00000000fa000000,0x00000000fa0e0000,0x0000000100000000)
  to   space 98304K, 0% used [0x00000000f4000000,0x00000000f4000000,0x00000000fa000000)
 ParOldGen       total 1310720K, used 1166706K [0x0000000080000000, 0x00000000d0000000, 0x00000000d0000000)
  object space 1310720K, 89% used [0x0000000080000000,0x00000000c735c818,0x00000000d0000000)
 Metaspace       used 250917K, capacity 255814K, committed 256000K, reserved 747520K
  class space    used 23986K, capacity 24962K, committed 25088K, reserved 516096K
2025-05-15T05:50:10.614+0900: 41821.901: [GC (Allocation Failure) [PSYoungGen: 590720K->928K(688128K)] 1757426K->1167690K(1998848K), 0.0122455 secs] [Times: user=0.02 sys=0.00, real=0.01 secs] 
Heap after GC invocations=767 (full 2):
 PSYoungGen      total 688128K, used 928K [0x00000000d0000000, 0x0000000100000000, 0x0000000100000000)
  eden space 589824K, 0% used [0x00000000d0000000,0x00000000d0000000,0x00000000f4000000)
  from space 98304K, 0% used [0x00000000f4000000,0x00000000f40e8000,0x00000000fa000000)
  to   space 98304K, 0% used [0x00000000fa000000,0x00000000fa000000,0x0000000100000000)
 ParOldGen       total 1310720K, used 1166762K [0x0000000080000000, 0x00000000d0000000, 0x00000000d0000000)
  object space 1310720K, 89% used [0x0000000080000000,0x00000000c736a818,0x00000000d0000000)
 Metaspace       used 250917K, capacity 255814K, committed 256000K, reserved 747520K
  class space    used 23986K, capacity 24962K, committed 25088K, reserved 516096K
}
{Heap before GC invocations=768 (full 2):
 PSYoungGen      total 688128K, used 590752K [0x00000000d0000000, 0x0000000100000000, 0x0000000100000000)
  eden space 589824K, 100% used [0x00000000d0000000,0x00000000f4000000,0x00000000f4000000)
  from space 98304K, 0% used [0x00000000f4000000,0x00000000f40e8000,0x00000000fa000000)
  to   space 98304K, 0% used [0x00000000fa000000,0x00000000fa000000,0x0000000100000000)
 ParOldGen       total 1310720K, used 1166762K [0x0000000080000000, 0x00000000d0000000, 0x00000000d0000000)
  object space 1310720K, 89% used [0x0000000080000000,0x00000000c736a818,0x00000000d0000000)
 Metaspace       used 250917K, capacity 255814K, committed 256000K, reserved 747520K
  class space    used 23986K, capacity 24962K, committed 25088K, reserved 516096K
2025-05-15T05:51:12.801+0900: 41884.089: [GC (Allocation Failure) [PSYoungGen: 590752K->928K(688128K)] 1757514K->1167730K(1998848K), 0.0120451 secs] [Times: user=0.02 sys=0.00, real=0.01 secs] 
Heap after GC invocations=768 (full 2):
 PSYoungGen      total 688128K, used 928K [0x00000000d0000000, 0x0000000100000000, 0x0000000100000000)
  eden space 589824K, 0% used [0x00000000d0000000,0x00000000d0000000,0x00000000f4000000)
  from space 98304K, 0% used [0x00000000fa000000,0x00000000fa0e8000,0x0000000100000000)
  to   space 98304K, 0% used [0x00000000f4000000,0x00000000f4000000,0x00000000fa000000)
 ParOldGen       total 1310720K, used 1166802K [0x0000000080000000, 0x00000000d0000000, 0x00000000d0000000)
  object space 1310720K, 89% used [0x0000000080000000,0x00000000c7374818,0x00000000d0000000)
 Metaspace       used 250917K, capacity 255814K, committed 256000K, reserved 747520K
  class space    used 23986K, capacity 24962K, committed 25088K, reserved 516096K
}
{Heap before GC invocations=769 (full 2):
 PSYoungGen      total 688128K, used 590752K [0x00000000d0000000, 0x0000000100000000, 0x0000000100000000)
  eden space 589824K, 100% used [0x00000000d0000000,0x00000000f4000000,0x00000000f4000000)
  from space 98304K, 0% used [0x00000000fa000000,0x00000000fa0e8000,0x0000000100000000)
  to   space 98304K, 0% used [0x00000000f4000000,0x00000000f4000000,0x00000000fa000000)
 ParOldGen       total 1310720K, used 1166802K [0x0000000080000000, 0x00000000d0000000, 0x00000000d0000000)
  object space 1310720K, 89% used [0x0000000080000000,0x00000000c7374818,0x00000000d0000000)
 Metaspace       used 250917K, capacity 255814K, committed 256000K, reserved 747520K
  class space    used 23986K, capacity 24962K, committed 25088K, reserved 516096K
2025-05-15T05:52:15.994+0900: 41947.282: [GC (Allocation Failure) [PSYoungGen: 590752K->928K(688128K)] 1757554K->1167778K(1998848K), 0.0114983 secs] [Times: user=0.03 sys=0.00, real=0.01 secs] 
Heap after GC invocations=769 (full 2):
 PSYoungGen      total 688128K, used 928K [0x00000000d0000000, 0x0000000100000000, 0x0000000100000000)
  eden space 589824K, 0% used [0x00000000d0000000,0x00000000d0000000,0x00000000f4000000)
  from space 98304K, 0% used [0x00000000f4000000,0x00000000f40e8000,0x00000000fa000000)
  to   space 98304K, 0% used [0x00000000fa000000,0x00000000fa000000,0x0000000100000000)
 ParOldGen       total 1310720K, used 1166850K [0x0000000080000000, 0x00000000d0000000, 0x00000000d0000000)
  object space 1310720K, 89% used [0x0000000080000000,0x00000000c7380818,0x00000000d0000000)
 Metaspace       used 250917K, capacity 255814K, committed 256000K, reserved 747520K
  class space    used 23986K, capacity 24962K, committed 25088K, reserved 516096K
}
{Heap before GC invocations=770 (full 2):
 PSYoungGen      total 688128K, used 590752K [0x00000000d0000000, 0x0000000100000000, 0x0000000100000000)
  eden space 589824K, 100% used [0x00000000d0000000,0x00000000f4000000,0x00000000f4000000)
  from space 98304K, 0% used [0x00000000f4000000,0x00000000f40e8000,0x00000000fa000000)
  to   space 98304K, 0% used [0x00000000fa000000,0x00000000fa000000,0x0000000100000000)
 ParOldGen       total 1310720K, used 1166850K [0x0000000080000000, 0x00000000d0000000, 0x00000000d0000000)
  object space 1310720K, 89% used [0x0000000080000000,0x00000000c7380818,0x00000000d0000000)
 Metaspace       used 250917K, capacity 255814K, committed 256000K, reserved 747520K
  class space    used 23986K, capacity 24962K, committed 25088K, reserved 516096K
2025-05-15T05:53:18.200+0900: 42009.487: [GC (Allocation Failure) [PSYoungGen: 590752K->896K(688128K)] 1757602K->1167794K(1998848K), 0.0113465 secs] [Times: user=0.03 sys=0.00, real=0.01 secs] 
Heap after GC invocations=770 (full 2):
 PSYoungGen      total 688128K, used 896K [0x00000000d0000000, 0x0000000100000000, 0x0000000100000000)
  eden space 589824K, 0% used [0x00000000d0000000,0x00000000d0000000,0x00000000f4000000)
  from space 98304K, 0% used [0x00000000fa000000,0x00000000fa0e0000,0x0000000100000000)
  to   space 98304K, 0% used [0x00000000f4000000,0x00000000f4000000,0x00000000fa000000)
 ParOldGen       total 1310720K, used 1166898K [0x0000000080000000, 0x00000000d0000000, 0x00000000d0000000)
  object space 1310720K, 89% used [0x0000000080000000,0x00000000c738c818,0x00000000d0000000)
 Metaspace       used 250917K, capacity 255814K, committed 256000K, reserved 747520K
  class space    used 23986K, capacity 24962K, committed 25088K, reserved 516096K
}
{Heap before GC invocations=771 (full 2):
 PSYoungGen      total 688128K, used 590720K [0x00000000d0000000, 0x0000000100000000, 0x0000000100000000)
  eden space 589824K, 100% used [0x00000000d0000000,0x00000000f4000000,0x00000000f4000000)
  from space 98304K, 0% used [0x00000000fa000000,0x00000000fa0e0000,0x0000000100000000)
  to   space 98304K, 0% used [0x00000000f4000000,0x00000000f4000000,0x00000000fa000000)
 ParOldGen       total 1310720K, used 1166898K [0x0000000080000000, 0x00000000d0000000, 0x00000000d0000000)
  object space 1310720K, 89% used [0x0000000080000000,0x00000000c738c818,0x00000000d0000000)
 Metaspace       used 250917K, capacity 255814K, committed 256000K, reserved 747520K
  class space    used 23986K, capacity 24962K, committed 25088K, reserved 516096K
2025-05-15T05:54:19.411+0900: 42070.699: [GC (Allocation Failure) [PSYoungGen: 590720K->896K(688128K)] 1757618K->1167842K(1998848K), 0.0122754 secs] [Times: user=0.03 sys=0.00, real=0.01 secs] 
Heap after GC invocations=771 (full 2):
 PSYoungGen      total 688128K, used 896K [0x00000000d0000000, 0x0000000100000000, 0x0000000100000000)
  eden space 589824K, 0% used [0x00000000d0000000,0x00000000d0000000,0x00000000f4000000)
  from space 98304K, 0% used [0x00000000f4000000,0x00000000f40e0000,0x00000000fa000000)
  to   space 98304K, 0% used [0x00000000fa000000,0x00000000fa000000,0x0000000100000000)
 ParOldGen       total 1310720K, used 1166946K [0x0000000080000000, 0x00000000d0000000, 0x00000000d0000000)
  object space 1310720K, 89% used [0x0000000080000000,0x00000000c7398818,0x00000000d0000000)
 Metaspace       used 250917K, capacity 255814K, committed 256000K, reserved 747520K
  class space    used 23986K, capacity 24962K, committed 25088K, reserved 516096K
}
{Heap before GC invocations=772 (full 2):
 PSYoungGen      total 688128K, used 590720K [0x00000000d0000000, 0x0000000100000000, 0x0000000100000000)
  eden space 589824K, 100% used [0x00000000d0000000,0x00000000f4000000,0x00000000f4000000)
  from space 98304K, 0% used [0x00000000f4000000,0x00000000f40e0000,0x00000000fa000000)
  to   space 98304K, 0% used [0x00000000fa000000,0x00000000fa000000,0x0000000100000000)
 ParOldGen       total 1310720K, used 1166946K [0x0000000080000000, 0x00000000d0000000, 0x00000000d0000000)
  object space 1310720K, 89% used [0x0000000080000000,0x00000000c7398818,0x00000000d0000000)
 Metaspace       used 250917K, capacity 255814K, committed 256000K, reserved 747520K
  class space    used 23986K, capacity 24962K, committed 25088K, reserved 516096K
2025-05-15T05:55:21.613+0900: 42132.900: [GC (Allocation Failure) [PSYoungGen: 590720K->896K(688128K)] 1757666K->1167890K(1998848K), 0.0113227 secs] [Times: user=0.03 sys=0.00, real=0.01 secs] 
Heap after GC invocations=772 (full 2):
 PSYoungGen      total 688128K, used 896K [0x00000000d0000000, 0x0000000100000000, 0x0000000100000000)
  eden space 589824K, 0% used [0x00000000d0000000,0x00000000d0000000,0x00000000f4000000)
  from space 98304K, 0% used [0x00000000fa000000,0x00000000fa0e0000,0x0000000100000000)
  to   space 98304K, 0% used [0x00000000f4000000,0x00000000f4000000,0x00000000fa000000)
 ParOldGen       total 1310720K, used 1166994K [0x0000000080000000, 0x00000000d0000000, 0x00000000d0000000)
  object space 1310720K, 89% used [0x0000000080000000,0x00000000c73a4818,0x00000000d0000000)
 Metaspace       used 250917K, capacity 255814K, committed 256000K, reserved 747520K
  class space    used 23986K, capacity 24962K, committed 25088K, reserved 516096K
}
{Heap before GC invocations=773 (full 2):
 PSYoungGen      total 688128K, used 590720K [0x00000000d0000000, 0x0000000100000000, 0x0000000100000000)
  eden space 589824K, 100% used [0x00000000d0000000,0x00000000f4000000,0x00000000f4000000)
  from space 98304K, 0% used [0x00000000fa000000,0x00000000fa0e0000,0x0000000100000000)
  to   space 98304K, 0% used [0x00000000f4000000,0x00000000f4000000,0x00000000fa000000)
 ParOldGen       total 1310720K, used 1166994K [0x0000000080000000, 0x00000000d0000000, 0x00000000d0000000)
  object space 1310720K, 89% used [0x0000000080000000,0x00000000c73a4818,0x00000000d0000000)
 Metaspace       used 250917K, capacity 255814K, committed 256000K, reserved 747520K
  class space    used 23986K, capacity 24962K, committed 25088K, reserved 516096K
2025-05-15T05:56:24.748+0900: 42196.035: [GC (Allocation Failure) [PSYoungGen: 590720K->896K(688128K)] 1757714K->1167930K(1998848K), 0.0117908 secs] [Times: user=0.03 sys=0.00, real=0.02 secs] 
Heap after GC invocations=773 (full 2):
 PSYoungGen      total 688128K, used 896K [0x00000000d0000000, 0x0000000100000000, 0x0000000100000000)
  eden space 589824K, 0% used [0x00000000d0000000,0x00000000d0000000,0x00000000f4000000)
  from space 98304K, 0% used [0x00000000f4000000,0x00000000f40e0000,0x00000000fa000000)
  to   space 98304K, 0% used [0x00000000fa000000,0x00000000fa000000,0x0000000100000000)
 ParOldGen       total 1310720K, used 1167034K [0x0000000080000000, 0x00000000d0000000, 0x00000000d0000000)
  object space 1310720K, 89% used [0x0000000080000000,0x00000000c73ae818,0x00000000d0000000)
 Metaspace       used 250917K, capacity 255814K, committed 256000K, reserved 747520K
  class space    used 23986K, capacity 24962K, committed 25088K, reserved 516096K
}
{Heap before GC invocations=774 (full 2):
 PSYoungGen      total 688128K, used 590720K [0x00000000d0000000, 0x0000000100000000, 0x0000000100000000)
  eden space 589824K, 100% used [0x00000000d0000000,0x00000000f4000000,0x00000000f4000000)
  from space 98304K, 0% used [0x00000000f4000000,0x00000000f40e0000,0x00000000fa000000)
  to   space 98304K, 0% used [0x00000000fa000000,0x00000000fa000000,0x0000000100000000)
 ParOldGen       total 1310720K, used 1167034K [0x0000000080000000, 0x00000000d0000000, 0x00000000d0000000)
  object space 1310720K, 89% used [0x0000000080000000,0x00000000c73ae818,0x00000000d0000000)
 Metaspace       used 250917K, capacity 255814K, committed 256000K, reserved 747520K
  class space    used 23986K, capacity 24962K, committed 25088K, reserved 516096K
2025-05-15T05:57:26.943+0900: 42258.230: [GC (Allocation Failure) [PSYoungGen: 590720K->928K(688128K)] 1757754K->1168002K(1998848K), 0.0116072 secs] [Times: user=0.03 sys=0.00, real=0.01 secs] 
Heap after GC invocations=774 (full 2):
 PSYoungGen      total 688128K, used 928K [0x00000000d0000000, 0x0000000100000000, 0x0000000100000000)
  eden space 589824K, 0% used [0x00000000d0000000,0x00000000d0000000,0x00000000f4000000)
  from space 98304K, 0% used [0x00000000fa000000,0x00000000fa0e8000,0x0000000100000000)
  to   space 98304K, 0% used [0x00000000f4000000,0x00000000f4000000,0x00000000fa000000)
 ParOldGen       total 1310720K, used 1167074K [0x0000000080000000, 0x00000000d0000000, 0x00000000d0000000)
  object space 1310720K, 89% used [0x0000000080000000,0x00000000c73b8818,0x00000000d0000000)
 Metaspace       used 250917K, capacity 255814K, committed 256000K, reserved 747520K
  class space    used 23986K, capacity 24962K, committed 25088K, reserved 516096K
}
{Heap before GC invocations=775 (full 2):
 PSYoungGen      total 688128K, used 590752K [0x00000000d0000000, 0x0000000100000000, 0x0000000100000000)
  eden space 589824K, 100% used [0x00000000d0000000,0x00000000f4000000,0x00000000f4000000)
  from space 98304K, 0% used [0x00000000fa000000,0x00000000fa0e8000,0x0000000100000000)
  to   space 98304K, 0% used [0x00000000f4000000,0x00000000f4000000,0x00000000fa000000)
 ParOldGen       total 1310720K, used 1167074K [0x0000000080000000, 0x00000000d0000000, 0x00000000d0000000)
  object space 1310720K, 89% used [0x0000000080000000,0x00000000c73b8818,0x00000000d0000000)
 Metaspace       used 250917K, capacity 255814K, committed 256000K, reserved 747520K
  class space    used 23986K, capacity 24962K, committed 25088K, reserved 516096K
2025-05-15T05:58:29.142+0900: 42320.430: [GC (Allocation Failure) [PSYoungGen: 590752K->896K(688128K)] 1757826K->1168026K(1998848K), 0.0110434 secs] [Times: user=0.03 sys=0.00, real=0.01 secs] 
Heap after GC invocations=775 (full 2):
 PSYoungGen      total 688128K, used 896K [0x00000000d0000000, 0x0000000100000000, 0x0000000100000000)
  eden space 589824K, 0% used [0x00000000d0000000,0x00000000d0000000,0x00000000f4000000)
  from space 98304K, 0% used [0x00000000f4000000,0x00000000f40e0000,0x00000000fa000000)
  to   space 98304K, 0% used [0x00000000fa000000,0x00000000fa000000,0x0000000100000000)
 ParOldGen       total 1310720K, used 1167130K [0x0000000080000000, 0x00000000d0000000, 0x00000000d0000000)
  object space 1310720K, 89% used [0x0000000080000000,0x00000000c73c6818,0x00000000d0000000)
 Metaspace       used 250917K, capacity 255814K, committed 256000K, reserved 747520K
  class space    used 23986K, capacity 24962K, committed 25088K, reserved 516096K
}
{Heap before GC invocations=776 (full 2):
 PSYoungGen      total 688128K, used 590720K [0x00000000d0000000, 0x0000000100000000, 0x0000000100000000)
  eden space 589824K, 100% used [0x00000000d0000000,0x00000000f4000000,0x00000000f4000000)
  from space 98304K, 0% used [0x00000000f4000000,0x00000000f40e0000,0x00000000fa000000)
  to   space 98304K, 0% used [0x00000000fa000000,0x00000000fa000000,0x0000000100000000)
 ParOldGen       total 1310720K, used 1167130K [0x0000000080000000, 0x00000000d0000000, 0x00000000d0000000)
  object space 1310720K, 89% used [0x0000000080000000,0x00000000c73c6818,0x00000000d0000000)
 Metaspace       used 250918K, capacity 255814K, committed 256000K, reserved 747520K
  class space    used 23986K, capacity 24962K, committed 25088K, reserved 516096K
2025-05-15T05:59:31.343+0900: 42382.630: [GC (Allocation Failure) [PSYoungGen: 590720K->896K(688128K)] 1757850K->1168082K(1998848K), 0.0116040 secs] [Times: user=0.03 sys=0.00, real=0.01 secs] 
Heap after GC invocations=776 (full 2):
 PSYoungGen      total 688128K, used 896K [0x00000000d0000000, 0x0000000100000000, 0x0000000100000000)
  eden space 589824K, 0% used [0x00000000d0000000,0x00000000d0000000,0x00000000f4000000)
  from space 98304K, 0% used [0x00000000fa000000,0x00000000fa0e0000,0x0000000100000000)
  to   space 98304K, 0% used [0x00000000f4000000,0x00000000f4000000,0x00000000fa000000)
 ParOldGen       total 1310720K, used 1167186K [0x0000000080000000, 0x00000000d0000000, 0x00000000d0000000)
  object space 1310720K, 89% used [0x0000000080000000,0x00000000c73d4818,0x00000000d0000000)
 Metaspace       used 250918K, capacity 255814K, committed 256000K, reserved 747520K
  class space    used 23986K, capacity 24962K, committed 25088K, reserved 516096K
}
{Heap before GC invocations=777 (full 2):
 PSYoungGen      total 688128K, used 590720K [0x00000000d0000000, 0x0000000100000000, 0x0000000100000000)
  eden space 589824K, 100% used [0x00000000d0000000,0x00000000f4000000,0x00000000f4000000)
  from space 98304K, 0% used [0x00000000fa000000,0x00000000fa0e0000,0x0000000100000000)
  to   space 98304K, 0% used [0x00000000f4000000,0x00000000f4000000,0x00000000fa000000)
 ParOldGen       total 1310720K, used 1167186K [0x0000000080000000, 0x00000000d0000000, 0x00000000d0000000)
  object space 1310720K, 89% used [0x0000000080000000,0x00000000c73d4818,0x00000000d0000000)
 Metaspace       used 250918K, capacity 255814K, committed 256000K, reserved 747520K
  class space    used 23986K, capacity 24962K, committed 25088K, reserved 516096K
2025-05-15T06:00:32.684+0900: 42443.971: [GC (Allocation Failure) [PSYoungGen: 590720K->928K(688128K)] 1757906K->1168154K(1998848K), 0.0115736 secs] [Times: user=0.03 sys=0.00, real=0.01 secs] 
Heap after GC invocations=777 (full 2):
 PSYoungGen      total 688128K, used 928K [0x00000000d0000000, 0x0000000100000000, 0x0000000100000000)
  eden space 589824K, 0% used [0x00000000d0000000,0x00000000d0000000,0x00000000f4000000)
  from space 98304K, 0% used [0x00000000f4000000,0x00000000f40e8000,0x00000000fa000000)
  to   space 98304K, 0% used [0x00000000fa000000,0x00000000fa000000,0x0000000100000000)
 ParOldGen       total 1310720K, used 1167226K [0x0000000080000000, 0x00000000d0000000, 0x00000000d0000000)
  object space 1310720K, 89% used [0x0000000080000000,0x00000000c73de818,0x00000000d0000000)
 Metaspace       used 250918K, capacity 255814K, committed 256000K, reserved 747520K
  class space    used 23986K, capacity 24962K, committed 25088K, reserved 516096K
}
{Heap before GC invocations=778 (full 2):
 PSYoungGen      total 688128K, used 590752K [0x00000000d0000000, 0x0000000100000000, 0x0000000100000000)
  eden space 589824K, 100% used [0x00000000d0000000,0x00000000f4000000,0x00000000f4000000)
  from space 98304K, 0% used [0x00000000f4000000,0x00000000f40e8000,0x00000000fa000000)
  to   space 98304K, 0% used [0x00000000fa000000,0x00000000fa000000,0x0000000100000000)
 ParOldGen       total 1310720K, used 1167226K [0x0000000080000000, 0x00000000d0000000, 0x00000000d0000000)
  object space 1310720K, 89% used [0x0000000080000000,0x00000000c73de818,0x00000000d0000000)
 Metaspace       used 250919K, capacity 255814K, committed 256000K, reserved 747520K
  class space    used 23986K, capacity 24962K, committed 25088K, reserved 516096K
2025-05-15T06:01:34.739+0900: 42506.026: [GC (Allocation Failure) [PSYoungGen: 590752K->928K(688128K)] 1757978K->1168194K(1998848K), 0.0113584 secs] [Times: user=0.03 sys=0.00, real=0.01 secs] 
Heap after GC invocations=778 (full 2):
 PSYoungGen      total 688128K, used 928K [0x00000000d0000000, 0x0000000100000000, 0x0000000100000000)
  eden space 589824K, 0% used [0x00000000d0000000,0x00000000d0000000,0x00000000f4000000)
  from space 98304K, 0% used [0x00000000fa000000,0x00000000fa0e8000,0x0000000100000000)
  to   space 98304K, 0% used [0x00000000f4000000,0x00000000f4000000,0x00000000fa000000)
 ParOldGen       total 1310720K, used 1167266K [0x0000000080000000, 0x00000000d0000000, 0x00000000d0000000)
  object space 1310720K, 89% used [0x0000000080000000,0x00000000c73e8818,0x00000000d0000000)
 Metaspace       used 250919K, capacity 255814K, committed 256000K, reserved 747520K
  class space    used 23986K, capacity 24962K, committed 25088K, reserved 516096K
}
{Heap before GC invocations=779 (full 2):
 PSYoungGen      total 688128K, used 590752K [0x00000000d0000000, 0x0000000100000000, 0x0000000100000000)
  eden space 589824K, 100% used [0x00000000d0000000,0x00000000f4000000,0x00000000f4000000)
  from space 98304K, 0% used [0x00000000fa000000,0x00000000fa0e8000,0x0000000100000000)
  to   space 98304K, 0% used [0x00000000f4000000,0x00000000f4000000,0x00000000fa000000)
 ParOldGen       total 1310720K, used 1167266K [0x0000000080000000, 0x00000000d0000000, 0x00000000d0000000)
  object space 1310720K, 89% used [0x0000000080000000,0x00000000c73e8818,0x00000000d0000000)
 Metaspace       used 250919K, capacity 255814K, committed 256000K, reserved 747520K
  class space    used 23986K, capacity 24962K, committed 25088K, reserved 516096K
2025-05-15T06:02:36.873+0900: 42568.160: [GC (Allocation Failure) [PSYoungGen: 590752K->928K(688128K)] 1758018K->1168258K(1998848K), 0.0117329 secs] [Times: user=0.03 sys=0.00, real=0.01 secs] 
Heap after GC invocations=779 (full 2):
 PSYoungGen      total 688128K, used 928K [0x00000000d0000000, 0x0000000100000000, 0x0000000100000000)
  eden space 589824K, 0% used [0x00000000d0000000,0x00000000d0000000,0x00000000f4000000)
  from space 98304K, 0% used [0x00000000f4000000,0x00000000f40e8000,0x00000000fa000000)
  to   space 98304K, 0% used [0x00000000fa000000,0x00000000fa000000,0x0000000100000000)
 ParOldGen       total 1310720K, used 1167330K [0x0000000080000000, 0x00000000d0000000, 0x00000000d0000000)
  object space 1310720K, 89% used [0x0000000080000000,0x00000000c73f8818,0x00000000d0000000)
 Metaspace       used 250919K, capacity 255814K, committed 256000K, reserved 747520K
  class space    used 23986K, capacity 24962K, committed 25088K, reserved 516096K
}
{Heap before GC invocations=780 (full 2):
 PSYoungGen      total 688128K, used 590752K [0x00000000d0000000, 0x0000000100000000, 0x0000000100000000)
  eden space 589824K, 100% used [0x00000000d0000000,0x00000000f4000000,0x00000000f4000000)
  from space 98304K, 0% used [0x00000000f4000000,0x00000000f40e8000,0x00000000fa000000)
  to   space 98304K, 0% used [0x00000000fa000000,0x00000000fa000000,0x0000000100000000)
 ParOldGen       total 1310720K, used 1167330K [0x0000000080000000, 0x00000000d0000000, 0x00000000d0000000)
  object space 1310720K, 89% used [0x0000000080000000,0x00000000c73f8818,0x00000000d0000000)
 Metaspace       used 250919K, capacity 255814K, committed 256000K, reserved 747520K
  class space    used 23986K, capacity 24962K, committed 25088K, reserved 516096K
2025-05-15T06:03:39.037+0900: 42630.324: [GC (Allocation Failure) [PSYoungGen: 590752K->944K(688128K)] 1758082K->1168322K(1998848K), 0.0119058 secs] [Times: user=0.03 sys=0.00, real=0.02 secs] 
Heap after GC invocations=780 (full 2):
 PSYoungGen      total 688128K, used 944K [0x00000000d0000000, 0x0000000100000000, 0x0000000100000000)
  eden space 589824K, 0% used [0x00000000d0000000,0x00000000d0000000,0x00000000f4000000)
  from space 98304K, 0% used [0x00000000fa000000,0x00000000fa0ec010,0x0000000100000000)
  to   space 98304K, 0% used [0x00000000f4000000,0x00000000f4000000,0x00000000fa000000)
 ParOldGen       total 1310720K, used 1167378K [0x0000000080000000, 0x00000000d0000000, 0x00000000d0000000)
  object space 1310720K, 89% used [0x0000000080000000,0x00000000c7404818,0x00000000d0000000)
 Metaspace       used 250919K, capacity 255814K, committed 256000K, reserved 747520K
  class space    used 23986K, capacity 24962K, committed 25088K, reserved 516096K
}
{Heap before GC invocations=781 (full 2):
 PSYoungGen      total 688128K, used 590768K [0x00000000d0000000, 0x0000000100000000, 0x0000000100000000)
  eden space 589824K, 100% used [0x00000000d0000000,0x00000000f4000000,0x00000000f4000000)
  from space 98304K, 0% used [0x00000000fa000000,0x00000000fa0ec010,0x0000000100000000)
  to   space 98304K, 0% used [0x00000000f4000000,0x00000000f4000000,0x00000000fa000000)
 ParOldGen       total 1310720K, used 1167378K [0x0000000080000000, 0x00000000d0000000, 0x00000000d0000000)
  object space 1310720K, 89% used [0x0000000080000000,0x00000000c7404818,0x00000000d0000000)
 Metaspace       used 250919K, capacity 255814K, committed 256000K, reserved 747520K
  class space    used 23986K, capacity 24962K, committed 25088K, reserved 516096K
2025-05-15T06:04:40.421+0900: 42691.708: [GC (Allocation Failure) [PSYoungGen: 590768K->1155K(688128K)] 1758146K->1168573K(1998848K), 0.0114051 secs] [Times: user=0.03 sys=0.00, real=0.01 secs] 
Heap after GC invocations=781 (full 2):
 PSYoungGen      total 688128K, used 1155K [0x00000000d0000000, 0x0000000100000000, 0x0000000100000000)
  eden space 589824K, 0% used [0x00000000d0000000,0x00000000d0000000,0x00000000f4000000)
  from space 98304K, 1% used [0x00000000f4000000,0x00000000f4120fe0,0x00000000fa000000)
  to   space 98304K, 0% used [0x00000000fa000000,0x00000000fa000000,0x0000000100000000)
 ParOldGen       total 1310720K, used 1167418K [0x0000000080000000, 0x00000000d0000000, 0x00000000d0000000)
  object space 1310720K, 89% used [0x0000000080000000,0x00000000c740e818,0x00000000d0000000)
 Metaspace       used 250919K, capacity 255814K, committed 256000K, reserved 747520K
  class space    used 23986K, capacity 24962K, committed 25088K, reserved 516096K
}
{Heap before GC invocations=782 (full 2):
 PSYoungGen      total 688128K, used 590979K [0x00000000d0000000, 0x0000000100000000, 0x0000000100000000)
  eden space 589824K, 100% used [0x00000000d0000000,0x00000000f4000000,0x00000000f4000000)
  from space 98304K, 1% used [0x00000000f4000000,0x00000000f4120fe0,0x00000000fa000000)
  to   space 98304K, 0% used [0x00000000fa000000,0x00000000fa000000,0x0000000100000000)
 ParOldGen       total 1310720K, used 1167418K [0x0000000080000000, 0x00000000d0000000, 0x00000000d0000000)
  object space 1310720K, 89% used [0x0000000080000000,0x00000000c740e818,0x00000000d0000000)
 Metaspace       used 250919K, capacity 255814K, committed 256000K, reserved 747520K
  class space    used 23986K, capacity 24962K, committed 25088K, reserved 516096K
2025-05-15T06:05:42.372+0900: 42753.659: [GC (Allocation Failure) [PSYoungGen: 590979K->1122K(688128K)] 1758397K->1168596K(1998848K), 0.0114280 secs] [Times: user=0.03 sys=0.00, real=0.01 secs] 
Heap after GC invocations=782 (full 2):
 PSYoungGen      total 688128K, used 1122K [0x00000000d0000000, 0x0000000100000000, 0x0000000100000000)
  eden space 589824K, 0% used [0x00000000d0000000,0x00000000d0000000,0x00000000f4000000)
  from space 98304K, 1% used [0x00000000fa000000,0x00000000fa118aa8,0x0000000100000000)
  to   space 98304K, 0% used [0x00000000f4000000,0x00000000f4000000,0x00000000fa000000)
 ParOldGen       total 1310720K, used 1167474K [0x0000000080000000, 0x00000000d0000000, 0x00000000d0000000)
  object space 1310720K, 89% used [0x0000000080000000,0x00000000c741c818,0x00000000d0000000)
 Metaspace       used 250919K, capacity 255814K, committed 256000K, reserved 747520K
  class space    used 23986K, capacity 24962K, committed 25088K, reserved 516096K
}
{Heap before GC invocations=783 (full 2):
 PSYoungGen      total 688128K, used 590946K [0x00000000d0000000, 0x0000000100000000, 0x0000000100000000)
  eden space 589824K, 100% used [0x00000000d0000000,0x00000000f4000000,0x00000000f4000000)
  from space 98304K, 1% used [0x00000000fa000000,0x00000000fa118aa8,0x0000000100000000)
  to   space 98304K, 0% used [0x00000000f4000000,0x00000000f4000000,0x00000000fa000000)
 ParOldGen       total 1310720K, used 1167474K [0x0000000080000000, 0x00000000d0000000, 0x00000000d0000000)
  object space 1310720K, 89% used [0x0000000080000000,0x00000000c741c818,0x00000000d0000000)
 Metaspace       used 250919K, capacity 255814K, committed 256000K, reserved 747520K
  class space    used 23986K, capacity 24962K, committed 25088K, reserved 516096K
2025-05-15T06:06:44.692+0900: 42815.979: [GC (Allocation Failure) [PSYoungGen: 590946K->1171K(688128K)] 1758420K->1168677K(1998848K), 0.0117128 secs] [Times: user=0.03 sys=0.00, real=0.01 secs] 
Heap after GC invocations=783 (full 2):
 PSYoungGen      total 688128K, used 1171K [0x00000000d0000000, 0x0000000100000000, 0x0000000100000000)
  eden space 589824K, 0% used [0x00000000d0000000,0x00000000d0000000,0x00000000f4000000)
  from space 98304K, 1% used [0x00000000f4000000,0x00000000f4124f70,0x00000000fa000000)
  to   space 98304K, 0% used [0x00000000fa000000,0x00000000fa000000,0x0000000100000000)
 ParOldGen       total 1310720K, used 1167506K [0x0000000080000000, 0x00000000d0000000, 0x00000000d0000000)
  object space 1310720K, 89% used [0x0000000080000000,0x00000000c7424818,0x00000000d0000000)
 Metaspace       used 250919K, capacity 255814K, committed 256000K, reserved 747520K
  class space    used 23986K, capacity 24962K, committed 25088K, reserved 516096K
}
{Heap before GC invocations=784 (full 2):
 PSYoungGen      total 688128K, used 590995K [0x00000000d0000000, 0x0000000100000000, 0x0000000100000000)
  eden space 589824K, 100% used [0x00000000d0000000,0x00000000f4000000,0x00000000f4000000)
  from space 98304K, 1% used [0x00000000f4000000,0x00000000f4124f70,0x00000000fa000000)
  to   space 98304K, 0% used [0x00000000fa000000,0x00000000fa000000,0x0000000100000000)
 ParOldGen       total 1310720K, used 1167506K [0x0000000080000000, 0x00000000d0000000, 0x00000000d0000000)
  object space 1310720K, 89% used [0x0000000080000000,0x00000000c7424818,0x00000000d0000000)
 Metaspace       used 250919K, capacity 255814K, committed 256000K, reserved 747520K
  class space    used 23986K, capacity 24962K, committed 25088K, reserved 516096K
2025-05-15T06:07:46.770+0900: 42878.057: [GC (Allocation Failure) [PSYoungGen: 590995K->1154K(688128K)] 1758501K->1168692K(1998848K), 0.0126632 secs] [Times: user=0.03 sys=0.00, real=0.01 secs] 
Heap after GC invocations=784 (full 2):
 PSYoungGen      total 688128K, used 1154K [0x00000000d0000000, 0x0000000100000000, 0x0000000100000000)
  eden space 589824K, 0% used [0x00000000d0000000,0x00000000d0000000,0x00000000f4000000)
  from space 98304K, 1% used [0x00000000fa000000,0x00000000fa120aa8,0x0000000100000000)
  to   space 98304K, 0% used [0x00000000f4000000,0x00000000f4000000,0x00000000fa000000)
 ParOldGen       total 1310720K, used 1167538K [0x0000000080000000, 0x00000000d0000000, 0x00000000d0000000)
  object space 1310720K, 89% used [0x0000000080000000,0x00000000c742c818,0x00000000d0000000)
 Metaspace       used 250919K, capacity 255814K, committed 256000K, reserved 747520K
  class space    used 23986K, capacity 24962K, committed 25088K, reserved 516096K
}
{Heap before GC invocations=785 (full 2):
 PSYoungGen      total 688128K, used 590978K [0x00000000d0000000, 0x0000000100000000, 0x0000000100000000)
  eden space 589824K, 100% used [0x00000000d0000000,0x00000000f4000000,0x00000000f4000000)
  from space 98304K, 1% used [0x00000000fa000000,0x00000000fa120aa8,0x0000000100000000)
  to   space 98304K, 0% used [0x00000000f4000000,0x00000000f4000000,0x00000000fa000000)
 ParOldGen       total 1310720K, used 1167538K [0x0000000080000000, 0x00000000d0000000, 0x00000000d0000000)
  object space 1310720K, 89% used [0x0000000080000000,0x00000000c742c818,0x00000000d0000000)
 Metaspace       used 250919K, capacity 255814K, committed 256000K, reserved 747520K
  class space    used 23986K, capacity 24962K, committed 25088K, reserved 516096K
2025-05-15T06:08:48.928+0900: 42940.215: [GC (Allocation Failure) [PSYoungGen: 590978K->1186K(688128K)] 1758516K->1168756K(1998848K), 0.0115213 secs] [Times: user=0.03 sys=0.00, real=0.02 secs] 
Heap after GC invocations=785 (full 2):
 PSYoungGen      total 688128K, used 1186K [0x00000000d0000000, 0x0000000100000000, 0x0000000100000000)
  eden space 589824K, 0% used [0x00000000d0000000,0x00000000d0000000,0x00000000f4000000)
  from space 98304K, 1% used [0x00000000f4000000,0x00000000f4128aa8,0x00000000fa000000)
  to   space 98304K, 0% used [0x00000000fa000000,0x00000000fa000000,0x0000000100000000)
 ParOldGen       total 1310720K, used 1167570K [0x0000000080000000, 0x00000000d0000000, 0x00000000d0000000)
  object space 1310720K, 89% used [0x0000000080000000,0x00000000c7434818,0x00000000d0000000)
 Metaspace       used 250919K, capacity 255814K, committed 256000K, reserved 747520K
  class space    used 23986K, capacity 24962K, committed 25088K, reserved 516096K
}
{Heap before GC invocations=786 (full 2):
 PSYoungGen      total 688128K, used 591010K [0x00000000d0000000, 0x0000000100000000, 0x0000000100000000)
  eden space 589824K, 100% used [0x00000000d0000000,0x00000000f4000000,0x00000000f4000000)
  from space 98304K, 1% used [0x00000000f4000000,0x00000000f4128aa8,0x00000000fa000000)
  to   space 98304K, 0% used [0x00000000fa000000,0x00000000fa000000,0x0000000100000000)
 ParOldGen       total 1310720K, used 1167570K [0x0000000080000000, 0x00000000d0000000, 0x00000000d0000000)
  object space 1310720K, 89% used [0x0000000080000000,0x00000000c7434818,0x00000000d0000000)
 Metaspace       used 250919K, capacity 255814K, committed 256000K, reserved 747520K
  class space    used 23986K, capacity 24962K, committed 25088K, reserved 516096K
2025-05-15T06:09:52.123+0900: 43003.410: [GC (Allocation Failure) [PSYoungGen: 591010K->1186K(688128K)] 1758580K->1168804K(1998848K), 0.0117577 secs] [Times: user=0.04 sys=0.00, real=0.01 secs] 
Heap after GC invocations=786 (full 2):
 PSYoungGen      total 688128K, used 1186K [0x00000000d0000000, 0x0000000100000000, 0x0000000100000000)
  eden space 589824K, 0% used [0x00000000d0000000,0x00000000d0000000,0x00000000f4000000)
  from space 98304K, 1% used [0x00000000fa000000,0x00000000fa128aa8,0x0000000100000000)
  to   space 98304K, 0% used [0x00000000f4000000,0x00000000f4000000,0x00000000fa000000)
 ParOldGen       total 1310720K, used 1167618K [0x0000000080000000, 0x00000000d0000000, 0x00000000d0000000)
  object space 1310720K, 89% used [0x0000000080000000,0x00000000c7440818,0x00000000d0000000)
 Metaspace       used 250919K, capacity 255814K, committed 256000K, reserved 747520K
  class space    used 23986K, capacity 24962K, committed 25088K, reserved 516096K
}
{Heap before GC invocations=787 (full 2):
 PSYoungGen      total 688128K, used 591010K [0x00000000d0000000, 0x0000000100000000, 0x0000000100000000)
  eden space 589824K, 100% used [0x00000000d0000000,0x00000000f4000000,0x00000000f4000000)
  from space 98304K, 1% used [0x00000000fa000000,0x00000000fa128aa8,0x0000000100000000)
  to   space 98304K, 0% used [0x00000000f4000000,0x00000000f4000000,0x00000000fa000000)
 ParOldGen       total 1310720K, used 1167618K [0x0000000080000000, 0x00000000d0000000, 0x00000000d0000000)
  object space 1310720K, 89% used [0x0000000080000000,0x00000000c7440818,0x00000000d0000000)
 Metaspace       used 250919K, capacity 255814K, committed 256000K, reserved 747520K
  class space    used 23986K, capacity 24962K, committed 25088K, reserved 516096K
2025-05-15T06:10:54.328+0900: 43065.615: [GC (Allocation Failure) [PSYoungGen: 591010K->1154K(688128K)] 1758628K->1168812K(1998848K), 0.0115668 secs] [Times: user=0.03 sys=0.00, real=0.01 secs] 
Heap after GC invocations=787 (full 2):
 PSYoungGen      total 688128K, used 1154K [0x00000000d0000000, 0x0000000100000000, 0x0000000100000000)
  eden space 589824K, 0% used [0x00000000d0000000,0x00000000d0000000,0x00000000f4000000)
  from space 98304K, 1% used [0x00000000f4000000,0x00000000f4120aa8,0x00000000fa000000)
  to   space 98304K, 0% used [0x00000000fa000000,0x00000000fa000000,0x0000000100000000)
 ParOldGen       total 1310720K, used 1167658K [0x0000000080000000, 0x00000000d0000000, 0x00000000d0000000)
  object space 1310720K, 89% used [0x0000000080000000,0x00000000c744a818,0x00000000d0000000)
 Metaspace       used 250919K, capacity 255814K, committed 256000K, reserved 747520K
  class space    used 23986K, capacity 24962K, committed 25088K, reserved 516096K
}
{Heap before GC invocations=788 (full 2):
 PSYoungGen      total 688128K, used 590978K [0x00000000d0000000, 0x0000000100000000, 0x0000000100000000)
  eden space 589824K, 100% used [0x00000000d0000000,0x00000000f4000000,0x00000000f4000000)
  from space 98304K, 1% used [0x00000000f4000000,0x00000000f4120aa8,0x00000000fa000000)
  to   space 98304K, 0% used [0x00000000fa000000,0x00000000fa000000,0x0000000100000000)
 ParOldGen       total 1310720K, used 1167658K [0x0000000080000000, 0x00000000d0000000, 0x00000000d0000000)
  object space 1310720K, 89% used [0x0000000080000000,0x00000000c744a818,0x00000000d0000000)
 Metaspace       used 250919K, capacity 255814K, committed 256000K, reserved 747520K
  class space    used 23986K, capacity 24962K, committed 25088K, reserved 516096K
2025-05-15T06:11:56.517+0900: 43127.804: [GC (Allocation Failure) [PSYoungGen: 590978K->1138K(688128K)] 1758636K->1168844K(1998848K), 0.0119810 secs] [Times: user=0.03 sys=0.00, real=0.02 secs] 
Heap after GC invocations=788 (full 2):
 PSYoungGen      total 688128K, used 1138K [0x00000000d0000000, 0x0000000100000000, 0x0000000100000000)
  eden space 589824K, 0% used [0x00000000d0000000,0x00000000d0000000,0x00000000f4000000)
  from space 98304K, 1% used [0x00000000fa000000,0x00000000fa11cab8,0x0000000100000000)
  to   space 98304K, 0% used [0x00000000f4000000,0x00000000f4000000,0x00000000fa000000)
 ParOldGen       total 1310720K, used 1167706K [0x0000000080000000, 0x00000000d0000000, 0x00000000d0000000)
  object space 1310720K, 89% used [0x0000000080000000,0x00000000c7456818,0x00000000d0000000)
 Metaspace       used 250919K, capacity 255814K, committed 256000K, reserved 747520K
  class space    used 23986K, capacity 24962K, committed 25088K, reserved 516096K
}
{Heap before GC invocations=789 (full 2):
 PSYoungGen      total 688128K, used 590962K [0x00000000d0000000, 0x0000000100000000, 0x0000000100000000)
  eden space 589824K, 100% used [0x00000000d0000000,0x00000000f4000000,0x00000000f4000000)
  from space 98304K, 1% used [0x00000000fa000000,0x00000000fa11cab8,0x0000000100000000)
  to   space 98304K, 0% used [0x00000000f4000000,0x00000000f4000000,0x00000000fa000000)
 ParOldGen       total 1310720K, used 1167706K [0x0000000080000000, 0x00000000d0000000, 0x00000000d0000000)
  object space 1310720K, 89% used [0x0000000080000000,0x00000000c7456818,0x00000000d0000000)
 Metaspace       used 250919K, capacity 255814K, committed 256000K, reserved 747520K
  class space    used 23986K, capacity 24962K, committed 25088K, reserved 516096K
2025-05-15T06:12:58.746+0900: 43190.033: [GC (Allocation Failure) [PSYoungGen: 590962K->1186K(688128K)] 1758668K->1168924K(1998848K), 0.0116311 secs] [Times: user=0.02 sys=0.00, real=0.01 secs] 
Heap after GC invocations=789 (full 2):
 PSYoungGen      total 688128K, used 1186K [0x00000000d0000000, 0x0000000100000000, 0x0000000100000000)
  eden space 589824K, 0% used [0x00000000d0000000,0x00000000d0000000,0x00000000f4000000)
  from space 98304K, 1% used [0x00000000f4000000,0x00000000f4128aa8,0x00000000fa000000)
  to   space 98304K, 0% used [0x00000000fa000000,0x00000000fa000000,0x0000000100000000)
 ParOldGen       total 1310720K, used 1167738K [0x0000000080000000, 0x00000000d0000000, 0x00000000d0000000)
  object space 1310720K, 89% used [0x0000000080000000,0x00000000c745e818,0x00000000d0000000)
 Metaspace       used 250919K, capacity 255814K, committed 256000K, reserved 747520K
  class space    used 23986K, capacity 24962K, committed 25088K, reserved 516096K
}
{Heap before GC invocations=790 (full 2):
 PSYoungGen      total 688128K, used 591010K [0x00000000d0000000, 0x0000000100000000, 0x0000000100000000)
  eden space 589824K, 100% used [0x00000000d0000000,0x00000000f4000000,0x00000000f4000000)
  from space 98304K, 1% used [0x00000000f4000000,0x00000000f4128aa8,0x00000000fa000000)
  to   space 98304K, 0% used [0x00000000fa000000,0x00000000fa000000,0x0000000100000000)
 ParOldGen       total 1310720K, used 1167738K [0x0000000080000000, 0x00000000d0000000, 0x00000000d0000000)
  object space 1310720K, 89% used [0x0000000080000000,0x00000000c745e818,0x00000000d0000000)
 Metaspace       used 250919K, capacity 255814K, committed 256000K, reserved 747520K
  class space    used 23986K, capacity 24962K, committed 25088K, reserved 516096K
2025-05-15T06:14:01.116+0900: 43252.403: [GC (Allocation Failure) [PSYoungGen: 591010K->1170K(688128K)] 1758748K->1168948K(1998848K), 0.0115048 secs] [Times: user=0.03 sys=0.00, real=0.01 secs] 
Heap after GC invocations=790 (full 2):
 PSYoungGen      total 688128K, used 1170K [0x00000000d0000000, 0x0000000100000000, 0x0000000100000000)
  eden space 589824K, 0% used [0x00000000d0000000,0x00000000d0000000,0x00000000f4000000)
  from space 98304K, 1% used [0x00000000fa000000,0x00000000fa124ab8,0x0000000100000000)
  to   space 98304K, 0% used [0x00000000f4000000,0x00000000f4000000,0x00000000fa000000)
 ParOldGen       total 1310720K, used 1167778K [0x0000000080000000, 0x00000000d0000000, 0x00000000d0000000)
  object space 1310720K, 89% used [0x0000000080000000,0x00000000c7468818,0x00000000d0000000)
 Metaspace       used 250919K, capacity 255814K, committed 256000K, reserved 747520K
  class space    used 23986K, capacity 24962K, committed 25088K, reserved 516096K
}
{Heap before GC invocations=791 (full 2):
 PSYoungGen      total 688128K, used 590994K [0x00000000d0000000, 0x0000000100000000, 0x0000000100000000)
  eden space 589824K, 100% used [0x00000000d0000000,0x00000000f4000000,0x00000000f4000000)
  from space 98304K, 1% used [0x00000000fa000000,0x00000000fa124ab8,0x0000000100000000)
  to   space 98304K, 0% used [0x00000000f4000000,0x00000000f4000000,0x00000000fa000000)
 ParOldGen       total 1310720K, used 1167778K [0x0000000080000000, 0x00000000d0000000, 0x00000000d0000000)
  object space 1310720K, 89% used [0x0000000080000000,0x00000000c7468818,0x00000000d0000000)
 Metaspace       used 250919K, capacity 255814K, committed 256000K, reserved 747520K
  class space    used 23986K, capacity 24962K, committed 25088K, reserved 516096K
2025-05-15T06:15:02.292+0900: 43313.579: [GC (Allocation Failure) [PSYoungGen: 590994K->1170K(688128K)] 1758772K->1168988K(1998848K), 0.0113770 secs] [Times: user=0.03 sys=0.00, real=0.01 secs] 
Heap after GC invocations=791 (full 2):
 PSYoungGen      total 688128K, used 1170K [0x00000000d0000000, 0x0000000100000000, 0x0000000100000000)
  eden space 589824K, 0% used [0x00000000d0000000,0x00000000d0000000,0x00000000f4000000)
  from space 98304K, 1% used [0x00000000f4000000,0x00000000f4124ab8,0x00000000fa000000)
  to   space 98304K, 0% used [0x00000000fa000000,0x00000000fa000000,0x0000000100000000)
 ParOldGen       total 1310720K, used 1167818K [0x0000000080000000, 0x00000000d0000000, 0x00000000d0000000)
  object space 1310720K, 89% used [0x0000000080000000,0x00000000c7472818,0x00000000d0000000)
 Metaspace       used 250919K, capacity 255814K, committed 256000K, reserved 747520K
  class space    used 23986K, capacity 24962K, committed 25088K, reserved 516096K
}
{Heap before GC invocations=792 (full 2):
 PSYoungGen      total 688128K, used 590994K [0x00000000d0000000, 0x0000000100000000, 0x0000000100000000)
  eden space 589824K, 100% used [0x00000000d0000000,0x00000000f4000000,0x00000000f4000000)
  from space 98304K, 1% used [0x00000000f4000000,0x00000000f4124ab8,0x00000000fa000000)
  to   space 98304K, 0% used [0x00000000fa000000,0x00000000fa000000,0x0000000100000000)
 ParOldGen       total 1310720K, used 1167818K [0x0000000080000000, 0x00000000d0000000, 0x00000000d0000000)
  object space 1310720K, 89% used [0x0000000080000000,0x00000000c7472818,0x00000000d0000000)
 Metaspace       used 250919K, capacity 255814K, committed 256000K, reserved 747520K
  class space    used 23986K, capacity 24962K, committed 25088K, reserved 516096K
2025-05-15T06:16:04.250+0900: 43375.537: [GC (Allocation Failure) [PSYoungGen: 590994K->1170K(688128K)] 1758812K->1169028K(1998848K), 0.0117225 secs] [Times: user=0.03 sys=0.01, real=0.01 secs] 
Heap after GC invocations=792 (full 2):
 PSYoungGen      total 688128K, used 1170K [0x00000000d0000000, 0x0000000100000000, 0x0000000100000000)
  eden space 589824K, 0% used [0x00000000d0000000,0x00000000d0000000,0x00000000f4000000)
  from space 98304K, 1% used [0x00000000fa000000,0x00000000fa124ab8,0x0000000100000000)
  to   space 98304K, 0% used [0x00000000f4000000,0x00000000f4000000,0x00000000fa000000)
 ParOldGen       total 1310720K, used 1167858K [0x0000000080000000, 0x00000000d0000000, 0x00000000d0000000)
  object space 1310720K, 89% used [0x0000000080000000,0x00000000c747c818,0x00000000d0000000)
 Metaspace       used 250919K, capacity 255814K, committed 256000K, reserved 747520K
  class space    used 23986K, capacity 24962K, committed 25088K, reserved 516096K
}
{Heap before GC invocations=793 (full 2):
 PSYoungGen      total 688128K, used 590994K [0x00000000d0000000, 0x0000000100000000, 0x0000000100000000)
  eden space 589824K, 100% used [0x00000000d0000000,0x00000000f4000000,0x00000000f4000000)
  from space 98304K, 1% used [0x00000000fa000000,0x00000000fa124ab8,0x0000000100000000)
  to   space 98304K, 0% used [0x00000000f4000000,0x00000000f4000000,0x00000000fa000000)
 ParOldGen       total 1310720K, used 1167858K [0x0000000080000000, 0x00000000d0000000, 0x00000000d0000000)
  object space 1310720K, 89% used [0x0000000080000000,0x00000000c747c818,0x00000000d0000000)
 Metaspace       used 250919K, capacity 255814K, committed 256000K, reserved 747520K
  class space    used 23986K, capacity 24962K, committed 25088K, reserved 516096K
2025-05-15T06:17:06.412+0900: 43437.699: [GC (Allocation Failure) [PSYoungGen: 590994K->1170K(688128K)] 1758852K->1169068K(1998848K), 0.0120560 secs] [Times: user=0.02 sys=0.00, real=0.01 secs] 
Heap after GC invocations=793 (full 2):
 PSYoungGen      total 688128K, used 1170K [0x00000000d0000000, 0x0000000100000000, 0x0000000100000000)
  eden space 589824K, 0% used [0x00000000d0000000,0x00000000d0000000,0x00000000f4000000)
  from space 98304K, 1% used [0x00000000f4000000,0x00000000f4124ab8,0x00000000fa000000)
  to   space 98304K, 0% used [0x00000000fa000000,0x00000000fa000000,0x0000000100000000)
 ParOldGen       total 1310720K, used 1167898K [0x0000000080000000, 0x00000000d0000000, 0x00000000d0000000)
  object space 1310720K, 89% used [0x0000000080000000,0x00000000c7486818,0x00000000d0000000)
 Metaspace       used 250919K, capacity 255814K, committed 256000K, reserved 747520K
  class space    used 23986K, capacity 24962K, committed 25088K, reserved 516096K
}
{Heap before GC invocations=794 (full 2):
 PSYoungGen      total 688128K, used 590994K [0x00000000d0000000, 0x0000000100000000, 0x0000000100000000)
  eden space 589824K, 100% used [0x00000000d0000000,0x00000000f4000000,0x00000000f4000000)
  from space 98304K, 1% used [0x00000000f4000000,0x00000000f4124ab8,0x00000000fa000000)
  to   space 98304K, 0% used [0x00000000fa000000,0x00000000fa000000,0x0000000100000000)
 ParOldGen       total 1310720K, used 1167898K [0x0000000080000000, 0x00000000d0000000, 0x00000000d0000000)
  object space 1310720K, 89% used [0x0000000080000000,0x00000000c7486818,0x00000000d0000000)
 Metaspace       used 250919K, capacity 255814K, committed 256000K, reserved 747520K
  class space    used 23986K, capacity 24962K, committed 25088K, reserved 516096K
2025-05-15T06:18:08.566+0900: 43499.853: [GC (Allocation Failure) [PSYoungGen: 590994K->1170K(688128K)] 1758892K->1169108K(1998848K), 0.0118855 secs] [Times: user=0.03 sys=0.00, real=0.01 secs] 
Heap after GC invocations=794 (full 2):
 PSYoungGen      total 688128K, used 1170K [0x00000000d0000000, 0x0000000100000000, 0x0000000100000000)
  eden space 589824K, 0% used [0x00000000d0000000,0x00000000d0000000,0x00000000f4000000)
  from space 98304K, 1% used [0x00000000fa000000,0x00000000fa124ab8,0x0000000100000000)
  to   space 98304K, 0% used [0x00000000f4000000,0x00000000f4000000,0x00000000fa000000)
 ParOldGen       total 1310720K, used 1167938K [0x0000000080000000, 0x00000000d0000000, 0x00000000d0000000)
  object space 1310720K, 89% used [0x0000000080000000,0x00000000c7490818,0x00000000d0000000)
 Metaspace       used 250919K, capacity 255814K, committed 256000K, reserved 747520K
  class space    used 23986K, capacity 24962K, committed 25088K, reserved 516096K
}
{Heap before GC invocations=795 (full 2):
 PSYoungGen      total 688128K, used 590994K [0x00000000d0000000, 0x0000000100000000, 0x0000000100000000)
  eden space 589824K, 100% used [0x00000000d0000000,0x00000000f4000000,0x00000000f4000000)
  from space 98304K, 1% used [0x00000000fa000000,0x00000000fa124ab8,0x0000000100000000)
  to   space 98304K, 0% used [0x00000000f4000000,0x00000000f4000000,0x00000000fa000000)
 ParOldGen       total 1310720K, used 1167938K [0x0000000080000000, 0x00000000d0000000, 0x00000000d0000000)
  object space 1310720K, 89% used [0x0000000080000000,0x00000000c7490818,0x00000000d0000000)
 Metaspace       used 250921K, capacity 255814K, committed 256000K, reserved 747520K
  class space    used 23986K, capacity 24962K, committed 25088K, reserved 516096K
2025-05-15T06:19:06.649+0900: 43557.936: [GC (Allocation Failure) [PSYoungGen: 590994K->1626K(688128K)] 1758932K->1169620K(1998848K), 0.0118463 secs] [Times: user=0.04 sys=0.00, real=0.01 secs] 
Heap after GC invocations=795 (full 2):
 PSYoungGen      total 688128K, used 1626K [0x00000000d0000000, 0x0000000100000000, 0x0000000100000000)
  eden space 589824K, 0% used [0x00000000d0000000,0x00000000d0000000,0x00000000f4000000)
  from space 98304K, 1% used [0x00000000f4000000,0x00000000f4196868,0x00000000fa000000)
  to   space 98304K, 0% used [0x00000000fa000000,0x00000000fa000000,0x0000000100000000)
 ParOldGen       total 1310720K, used 1167994K [0x0000000080000000, 0x00000000d0000000, 0x00000000d0000000)
  object space 1310720K, 89% used [0x0000000080000000,0x00000000c749e818,0x00000000d0000000)
 Metaspace       used 250921K, capacity 255814K, committed 256000K, reserved 747520K
  class space    used 23986K, capacity 24962K, committed 25088K, reserved 516096K
}
{Heap before GC invocations=796 (full 2):
 PSYoungGen      total 688128K, used 591450K [0x00000000d0000000, 0x0000000100000000, 0x0000000100000000)
  eden space 589824K, 100% used [0x00000000d0000000,0x00000000f4000000,0x00000000f4000000)
  from space 98304K, 1% used [0x00000000f4000000,0x00000000f4196868,0x00000000fa000000)
  to   space 98304K, 0% used [0x00000000fa000000,0x00000000fa000000,0x0000000100000000)
 ParOldGen       total 1310720K, used 1167994K [0x0000000080000000, 0x00000000d0000000, 0x00000000d0000000)
  object space 1310720K, 89% used [0x0000000080000000,0x00000000c749e818,0x00000000d0000000)
 Metaspace       used 250922K, capacity 255814K, committed 256000K, reserved 747520K
  class space    used 23986K, capacity 24962K, committed 25088K, reserved 516096K
2025-05-15T06:20:07.820+0900: 43619.107: [GC (Allocation Failure) [PSYoungGen: 591450K->1514K(688128K)] 1759444K->1169636K(1998848K), 0.0116117 secs] [Times: user=0.03 sys=0.00, real=0.01 secs] 
Heap after GC invocations=796 (full 2):
 PSYoungGen      total 688128K, used 1514K [0x00000000d0000000, 0x0000000100000000, 0x0000000100000000)
  eden space 589824K, 0% used [0x00000000d0000000,0x00000000d0000000,0x00000000f4000000)
  from space 98304K, 1% used [0x00000000fa000000,0x00000000fa17a858,0x0000000100000000)
  to   space 98304K, 0% used [0x00000000f4000000,0x00000000f4000000,0x00000000fa000000)
 ParOldGen       total 1310720K, used 1168122K [0x0000000080000000, 0x00000000d0000000, 0x00000000d0000000)
  object space 1310720K, 89% used [0x0000000080000000,0x00000000c74be838,0x00000000d0000000)
 Metaspace       used 250922K, capacity 255814K, committed 256000K, reserved 747520K
  class space    used 23986K, capacity 24962K, committed 25088K, reserved 516096K
}
{Heap before GC invocations=797 (full 2):
 PSYoungGen      total 688128K, used 591338K [0x00000000d0000000, 0x0000000100000000, 0x0000000100000000)
  eden space 589824K, 100% used [0x00000000d0000000,0x00000000f4000000,0x00000000f4000000)
  from space 98304K, 1% used [0x00000000fa000000,0x00000000fa17a858,0x0000000100000000)
  to   space 98304K, 0% used [0x00000000f4000000,0x00000000f4000000,0x00000000fa000000)
 ParOldGen       total 1310720K, used 1168122K [0x0000000080000000, 0x00000000d0000000, 0x00000000d0000000)
  object space 1310720K, 89% used [0x0000000080000000,0x00000000c74be838,0x00000000d0000000)
 Metaspace       used 250922K, capacity 255814K, committed 256000K, reserved 747520K
  class space    used 23986K, capacity 24962K, committed 25088K, reserved 516096K
2025-05-15T06:21:09.012+0900: 43680.300: [GC (Allocation Failure) [PSYoungGen: 591338K->1546K(688128K)] 1759460K->1169716K(1998848K), 0.0117448 secs] [Times: user=0.03 sys=0.00, real=0.01 secs] 
Heap after GC invocations=797 (full 2):
 PSYoungGen      total 688128K, used 1546K [0x00000000d0000000, 0x0000000100000000, 0x0000000100000000)
  eden space 589824K, 0% used [0x00000000d0000000,0x00000000d0000000,0x00000000f4000000)
  from space 98304K, 1% used [0x00000000f4000000,0x00000000f4182858,0x00000000fa000000)
  to   space 98304K, 0% used [0x00000000fa000000,0x00000000fa000000,0x0000000100000000)
 ParOldGen       total 1310720K, used 1168170K [0x0000000080000000, 0x00000000d0000000, 0x00000000d0000000)
  object space 1310720K, 89% used [0x0000000080000000,0x00000000c74ca838,0x00000000d0000000)
 Metaspace       used 250922K, capacity 255814K, committed 256000K, reserved 747520K
  class space    used 23986K, capacity 24962K, committed 25088K, reserved 516096K
}
{Heap before GC invocations=798 (full 2):
 PSYoungGen      total 688128K, used 591370K [0x00000000d0000000, 0x0000000100000000, 0x0000000100000000)
  eden space 589824K, 100% used [0x00000000d0000000,0x00000000f4000000,0x00000000f4000000)
  from space 98304K, 1% used [0x00000000f4000000,0x00000000f4182858,0x00000000fa000000)
  to   space 98304K, 0% used [0x00000000fa000000,0x00000000fa000000,0x0000000100000000)
 ParOldGen       total 1310720K, used 1168170K [0x0000000080000000, 0x00000000d0000000, 0x00000000d0000000)
  object space 1310720K, 89% used [0x0000000080000000,0x00000000c74ca838,0x00000000d0000000)
 Metaspace       used 250922K, capacity 255814K, committed 256000K, reserved 747520K
  class space    used 23986K, capacity 24962K, committed 25088K, reserved 516096K
2025-05-15T06:22:09.104+0900: 43740.391: [GC (Allocation Failure) [PSYoungGen: 591370K->1780K(688128K)] 1759540K->1169990K(1998848K), 0.0113640 secs] [Times: user=0.03 sys=0.00, real=0.01 secs] 
Heap after GC invocations=798 (full 2):
 PSYoungGen      total 688128K, used 1780K [0x00000000d0000000, 0x0000000100000000, 0x0000000100000000)
  eden space 589824K, 0% used [0x00000000d0000000,0x00000000d0000000,0x00000000f4000000)
  from space 98304K, 1% used [0x00000000fa000000,0x00000000fa1bd090,0x0000000100000000)
  to   space 98304K, 0% used [0x00000000f4000000,0x00000000f4000000,0x00000000fa000000)
 ParOldGen       total 1310720K, used 1168210K [0x0000000080000000, 0x00000000d0000000, 0x00000000d0000000)
  object space 1310720K, 89% used [0x0000000080000000,0x00000000c74d4838,0x00000000d0000000)
 Metaspace       used 250922K, capacity 255814K, committed 256000K, reserved 747520K
  class space    used 23986K, capacity 24962K, committed 25088K, reserved 516096K
}
{Heap before GC invocations=799 (full 2):
 PSYoungGen      total 688128K, used 591604K [0x00000000d0000000, 0x0000000100000000, 0x0000000100000000)
  eden space 589824K, 100% used [0x00000000d0000000,0x00000000f4000000,0x00000000f4000000)
  from space 98304K, 1% used [0x00000000fa000000,0x00000000fa1bd090,0x0000000100000000)
  to   space 98304K, 0% used [0x00000000f4000000,0x00000000f4000000,0x00000000fa000000)
 ParOldGen       total 1310720K, used 1168210K [0x0000000080000000, 0x00000000d0000000, 0x00000000d0000000)
  object space 1310720K, 89% used [0x0000000080000000,0x00000000c74d4838,0x00000000d0000000)
 Metaspace       used 250923K, capacity 255814K, committed 256000K, reserved 747520K
  class space    used 23986K, capacity 24962K, committed 25088K, reserved 516096K
2025-05-15T06:23:11.306+0900: 43802.593: [GC (Allocation Failure) [PSYoungGen: 591604K->1764K(688128K)] 1759814K->1170022K(1998848K), 0.0117355 secs] [Times: user=0.03 sys=0.00, real=0.01 secs] 
Heap after GC invocations=799 (full 2):
 PSYoungGen      total 688128K, used 1764K [0x00000000d0000000, 0x0000000100000000, 0x0000000100000000)
  eden space 589824K, 0% used [0x00000000d0000000,0x00000000d0000000,0x00000000f4000000)
  from space 98304K, 1% used [0x00000000f4000000,0x00000000f41b90a0,0x00000000fa000000)
  to   space 98304K, 0% used [0x00000000fa000000,0x00000000fa000000,0x0000000100000000)
 ParOldGen       total 1310720K, used 1168258K [0x0000000080000000, 0x00000000d0000000, 0x00000000d0000000)
  object space 1310720K, 89% used [0x0000000080000000,0x00000000c74e0838,0x00000000d0000000)
 Metaspace       used 250923K, capacity 255814K, committed 256000K, reserved 747520K
  class space    used 23986K, capacity 24962K, committed 25088K, reserved 516096K
}
{Heap before GC invocations=800 (full 2):
 PSYoungGen      total 688128K, used 591588K [0x00000000d0000000, 0x0000000100000000, 0x0000000100000000)
  eden space 589824K, 100% used [0x00000000d0000000,0x00000000f4000000,0x00000000f4000000)
  from space 98304K, 1% used [0x00000000f4000000,0x00000000f41b90a0,0x00000000fa000000)
  to   space 98304K, 0% used [0x00000000fa000000,0x00000000fa000000,0x0000000100000000)
 ParOldGen       total 1310720K, used 1168258K [0x0000000080000000, 0x00000000d0000000, 0x00000000d0000000)
  object space 1310720K, 89% used [0x0000000080000000,0x00000000c74e0838,0x00000000d0000000)
 Metaspace       used 250923K, capacity 255814K, committed 256000K, reserved 747520K
  class space    used 23986K, capacity 24962K, committed 25088K, reserved 516096K
2025-05-15T06:24:13.479+0900: 43864.766: [GC (Allocation Failure) [PSYoungGen: 591588K->1764K(688128K)] 1759846K->1170070K(1998848K), 0.0114991 secs] [Times: user=0.03 sys=0.00, real=0.01 secs] 
Heap after GC invocations=800 (full 2):
 PSYoungGen      total 688128K, used 1764K [0x00000000d0000000, 0x0000000100000000, 0x0000000100000000)
  eden space 589824K, 0% used [0x00000000d0000000,0x00000000d0000000,0x00000000f4000000)
  from space 98304K, 1% used [0x00000000fa000000,0x00000000fa1b90a0,0x0000000100000000)
  to   space 98304K, 0% used [0x00000000f4000000,0x00000000f4000000,0x00000000fa000000)
 ParOldGen       total 1310720K, used 1168306K [0x0000000080000000, 0x00000000d0000000, 0x00000000d0000000)
  object space 1310720K, 89% used [0x0000000080000000,0x00000000c74ec838,0x00000000d0000000)
 Metaspace       used 250923K, capacity 255814K, committed 256000K, reserved 747520K
  class space    used 23986K, capacity 24962K, committed 25088K, reserved 516096K
}
{Heap before GC invocations=801 (full 2):
 PSYoungGen      total 688128K, used 591588K [0x00000000d0000000, 0x0000000100000000, 0x0000000100000000)
  eden space 589824K, 100% used [0x00000000d0000000,0x00000000f4000000,0x00000000f4000000)
  from space 98304K, 1% used [0x00000000fa000000,0x00000000fa1b90a0,0x0000000100000000)
  to   space 98304K, 0% used [0x00000000f4000000,0x00000000f4000000,0x00000000fa000000)
 ParOldGen       total 1310720K, used 1168306K [0x0000000080000000, 0x00000000d0000000, 0x00000000d0000000)
  object space 1310720K, 89% used [0x0000000080000000,0x00000000c74ec838,0x00000000d0000000)
 Metaspace       used 250923K, capacity 255814K, committed 256000K, reserved 747520K
  class space    used 23986K, capacity 24962K, committed 25088K, reserved 516096K
2025-05-15T06:25:14.715+0900: 43926.002: [GC (Allocation Failure) [PSYoungGen: 591588K->1764K(688128K)] 1759894K->1170110K(1998848K), 0.0118974 secs] [Times: user=0.03 sys=0.00, real=0.01 secs] 
Heap after GC invocations=801 (full 2):
 PSYoungGen      total 688128K, used 1764K [0x00000000d0000000, 0x0000000100000000, 0x0000000100000000)
  eden space 589824K, 0% used [0x00000000d0000000,0x00000000d0000000,0x00000000f4000000)
  from space 98304K, 1% used [0x00000000f4000000,0x00000000f41b90a0,0x00000000fa000000)
  to   space 98304K, 0% used [0x00000000fa000000,0x00000000fa000000,0x0000000100000000)
 ParOldGen       total 1310720K, used 1168346K [0x0000000080000000, 0x00000000d0000000, 0x00000000d0000000)
  object space 1310720K, 89% used [0x0000000080000000,0x00000000c74f6838,0x00000000d0000000)
 Metaspace       used 250923K, capacity 255814K, committed 256000K, reserved 747520K
  class space    used 23986K, capacity 24962K, committed 25088K, reserved 516096K
}
{Heap before GC invocations=802 (full 2):
 PSYoungGen      total 688128K, used 591588K [0x00000000d0000000, 0x0000000100000000, 0x0000000100000000)
  eden space 589824K, 100% used [0x00000000d0000000,0x00000000f4000000,0x00000000f4000000)
  from space 98304K, 1% used [0x00000000f4000000,0x00000000f41b90a0,0x00000000fa000000)
  to   space 98304K, 0% used [0x00000000fa000000,0x00000000fa000000,0x0000000100000000)
 ParOldGen       total 1310720K, used 1168346K [0x0000000080000000, 0x00000000d0000000, 0x00000000d0000000)
  object space 1310720K, 89% used [0x0000000080000000,0x00000000c74f6838,0x00000000d0000000)
 Metaspace       used 250923K, capacity 255814K, committed 256000K, reserved 747520K
  class space    used 23986K, capacity 24962K, committed 25088K, reserved 516096K
2025-05-15T06:26:16.836+0900: 43988.123: [GC (Allocation Failure) [PSYoungGen: 591588K->1796K(688128K)] 1759934K->1170182K(1998848K), 0.0120156 secs] [Times: user=0.03 sys=0.00, real=0.02 secs] 
Heap after GC invocations=802 (full 2):
 PSYoungGen      total 688128K, used 1796K [0x00000000d0000000, 0x0000000100000000, 0x0000000100000000)
  eden space 589824K, 0% used [0x00000000d0000000,0x00000000d0000000,0x00000000f4000000)
  from space 98304K, 1% used [0x00000000fa000000,0x00000000fa1c10a0,0x0000000100000000)
  to   space 98304K, 0% used [0x00000000f4000000,0x00000000f4000000,0x00000000fa000000)
 ParOldGen       total 1310720K, used 1168386K [0x0000000080000000, 0x00000000d0000000, 0x00000000d0000000)
  object space 1310720K, 89% used [0x0000000080000000,0x00000000c7500838,0x00000000d0000000)
 Metaspace       used 250923K, capacity 255814K, committed 256000K, reserved 747520K
  class space    used 23986K, capacity 24962K, committed 25088K, reserved 516096K
}
{Heap before GC invocations=803 (full 2):
 PSYoungGen      total 688128K, used 591620K [0x00000000d0000000, 0x0000000100000000, 0x0000000100000000)
  eden space 589824K, 100% used [0x00000000d0000000,0x00000000f4000000,0x00000000f4000000)
  from space 98304K, 1% used [0x00000000fa000000,0x00000000fa1c10a0,0x0000000100000000)
  to   space 98304K, 0% used [0x00000000f4000000,0x00000000f4000000,0x00000000fa000000)
 ParOldGen       total 1310720K, used 1168386K [0x0000000080000000, 0x00000000d0000000, 0x00000000d0000000)
  object space 1310720K, 89% used [0x0000000080000000,0x00000000c7500838,0x00000000d0000000)
 Metaspace       used 250923K, capacity 255814K, committed 256000K, reserved 747520K
  class space    used 23986K, capacity 24962K, committed 25088K, reserved 516096K
2025-05-15T06:27:19.188+0900: 44050.475: [GC (Allocation Failure) [PSYoungGen: 591620K->1764K(688128K)] 1760006K->1170182K(1998848K), 0.0115818 secs] [Times: user=0.03 sys=0.00, real=0.02 secs] 
Heap after GC invocations=803 (full 2):
 PSYoungGen      total 688128K, used 1764K [0x00000000d0000000, 0x0000000100000000, 0x0000000100000000)
  eden space 589824K, 0% used [0x00000000d0000000,0x00000000d0000000,0x00000000f4000000)
  from space 98304K, 1% used [0x00000000f4000000,0x00000000f41b90a0,0x00000000fa000000)
  to   space 98304K, 0% used [0x00000000fa000000,0x00000000fa000000,0x0000000100000000)
 ParOldGen       total 1310720K, used 1168418K [0x0000000080000000, 0x00000000d0000000, 0x00000000d0000000)
  object space 1310720K, 89% used [0x0000000080000000,0x00000000c7508838,0x00000000d0000000)
 Metaspace       used 250923K, capacity 255814K, committed 256000K, reserved 747520K
  class space    used 23986K, capacity 24962K, committed 25088K, reserved 516096K
}
{Heap before GC invocations=804 (full 2):
 PSYoungGen      total 688128K, used 591588K [0x00000000d0000000, 0x0000000100000000, 0x0000000100000000)
  eden space 589824K, 100% used [0x00000000d0000000,0x00000000f4000000,0x00000000f4000000)
  from space 98304K, 1% used [0x00000000f4000000,0x00000000f41b90a0,0x00000000fa000000)
  to   space 98304K, 0% used [0x00000000fa000000,0x00000000fa000000,0x0000000100000000)
 ParOldGen       total 1310720K, used 1168418K [0x0000000080000000, 0x00000000d0000000, 0x00000000d0000000)
  object space 1310720K, 89% used [0x0000000080000000,0x00000000c7508838,0x00000000d0000000)
 Metaspace       used 250923K, capacity 255814K, committed 256000K, reserved 747520K
  class space    used 23986K, capacity 24962K, committed 25088K, reserved 516096K
2025-05-15T06:28:21.204+0900: 44112.491: [GC (Allocation Failure) [PSYoungGen: 591588K->1764K(688128K)] 1760006K->1170222K(1998848K), 0.0119525 secs] [Times: user=0.03 sys=0.00, real=0.01 secs] 
Heap after GC invocations=804 (full 2):
 PSYoungGen      total 688128K, used 1764K [0x00000000d0000000, 0x0000000100000000, 0x0000000100000000)
  eden space 589824K, 0% used [0x00000000d0000000,0x00000000d0000000,0x00000000f4000000)
  from space 98304K, 1% used [0x00000000fa000000,0x00000000fa1b90a0,0x0000000100000000)
  to   space 98304K, 0% used [0x00000000f4000000,0x00000000f4000000,0x00000000fa000000)
 ParOldGen       total 1310720K, used 1168458K [0x0000000080000000, 0x00000000d0000000, 0x00000000d0000000)
  object space 1310720K, 89% used [0x0000000080000000,0x00000000c7512838,0x00000000d0000000)
 Metaspace       used 250923K, capacity 255814K, committed 256000K, reserved 747520K
  class space    used 23986K, capacity 24962K, committed 25088K, reserved 516096K
}
{Heap before GC invocations=805 (full 2):
 PSYoungGen      total 688128K, used 591588K [0x00000000d0000000, 0x0000000100000000, 0x0000000100000000)
  eden space 589824K, 100% used [0x00000000d0000000,0x00000000f4000000,0x00000000f4000000)
  from space 98304K, 1% used [0x00000000fa000000,0x00000000fa1b90a0,0x0000000100000000)
  to   space 98304K, 0% used [0x00000000f4000000,0x00000000f4000000,0x00000000fa000000)
 ParOldGen       total 1310720K, used 1168458K [0x0000000080000000, 0x00000000d0000000, 0x00000000d0000000)
  object space 1310720K, 89% used [0x0000000080000000,0x00000000c7512838,0x00000000d0000000)
 Metaspace       used 250926K, capacity 255814K, committed 256000K, reserved 747520K
  class space    used 23986K, capacity 24962K, committed 25088K, reserved 516096K
2025-05-15T06:29:23.400+0900: 44174.687: [GC (Allocation Failure) [PSYoungGen: 591588K->1796K(688128K)] 1760046K->1170302K(1998848K), 0.0118785 secs] [Times: user=0.03 sys=0.00, real=0.01 secs] 
Heap after GC invocations=805 (full 2):
 PSYoungGen      total 688128K, used 1796K [0x00000000d0000000, 0x0000000100000000, 0x0000000100000000)
  eden space 589824K, 0% used [0x00000000d0000000,0x00000000d0000000,0x00000000f4000000)
  from space 98304K, 1% used [0x00000000f4000000,0x00000000f41c10a0,0x00000000fa000000)
  to   space 98304K, 0% used [0x00000000fa000000,0x00000000fa000000,0x0000000100000000)
 ParOldGen       total 1310720K, used 1168506K [0x0000000080000000, 0x00000000d0000000, 0x00000000d0000000)
  object space 1310720K, 89% used [0x0000000080000000,0x00000000c751e838,0x00000000d0000000)
 Metaspace       used 250926K, capacity 255814K, committed 256000K, reserved 747520K
  class space    used 23986K, capacity 24962K, committed 25088K, reserved 516096K
}
{Heap before GC invocations=806 (full 2):
 PSYoungGen      total 688128K, used 591620K [0x00000000d0000000, 0x0000000100000000, 0x0000000100000000)
  eden space 589824K, 100% used [0x00000000d0000000,0x00000000f4000000,0x00000000f4000000)
  from space 98304K, 1% used [0x00000000f4000000,0x00000000f41c10a0,0x00000000fa000000)
  to   space 98304K, 0% used [0x00000000fa000000,0x00000000fa000000,0x0000000100000000)
 ParOldGen       total 1310720K, used 1168506K [0x0000000080000000, 0x00000000d0000000, 0x00000000d0000000)
  object space 1310720K, 89% used [0x0000000080000000,0x00000000c751e838,0x00000000d0000000)
 Metaspace       used 250926K, capacity 255814K, committed 256000K, reserved 747520K
  class space    used 23986K, capacity 24962K, committed 25088K, reserved 516096K
2025-05-15T06:30:26.581+0900: 44237.868: [GC (Allocation Failure) [PSYoungGen: 591620K->1764K(688128K)] 1760126K->1170334K(1998848K), 0.0132483 secs] [Times: user=0.03 sys=0.00, real=0.01 secs] 
Heap after GC invocations=806 (full 2):
 PSYoungGen      total 688128K, used 1764K [0x00000000d0000000, 0x0000000100000000, 0x0000000100000000)
  eden space 589824K, 0% used [0x00000000d0000000,0x00000000d0000000,0x00000000f4000000)
  from space 98304K, 1% used [0x00000000fa000000,0x00000000fa1b90a0,0x0000000100000000)
  to   space 98304K, 0% used [0x00000000f4000000,0x00000000f4000000,0x00000000fa000000)
 ParOldGen       total 1310720K, used 1168570K [0x0000000080000000, 0x00000000d0000000, 0x00000000d0000000)
  object space 1310720K, 89% used [0x0000000080000000,0x00000000c752e838,0x00000000d0000000)
 Metaspace       used 250926K, capacity 255814K, committed 256000K, reserved 747520K
  class space    used 23986K, capacity 24962K, committed 25088K, reserved 516096K
}
{Heap before GC invocations=807 (full 2):
 PSYoungGen      total 688128K, used 591588K [0x00000000d0000000, 0x0000000100000000, 0x0000000100000000)
  eden space 589824K, 100% used [0x00000000d0000000,0x00000000f4000000,0x00000000f4000000)
  from space 98304K, 1% used [0x00000000fa000000,0x00000000fa1b90a0,0x0000000100000000)
  to   space 98304K, 0% used [0x00000000f4000000,0x00000000f4000000,0x00000000fa000000)
 ParOldGen       total 1310720K, used 1168570K [0x0000000080000000, 0x00000000d0000000, 0x00000000d0000000)
  object space 1310720K, 89% used [0x0000000080000000,0x00000000c752e838,0x00000000d0000000)
 Metaspace       used 250926K, capacity 255814K, committed 256000K, reserved 747520K
  class space    used 23986K, capacity 24962K, committed 25088K, reserved 516096K
2025-05-15T06:31:28.773+0900: 44300.060: [GC (Allocation Failure) [PSYoungGen: 591588K->1764K(688128K)] 1760158K->1170382K(1998848K), 0.0183461 secs] [Times: user=0.05 sys=0.00, real=0.02 secs] 
Heap after GC invocations=807 (full 2):
 PSYoungGen      total 688128K, used 1764K [0x00000000d0000000, 0x0000000100000000, 0x0000000100000000)
  eden space 589824K, 0% used [0x00000000d0000000,0x00000000d0000000,0x00000000f4000000)
  from space 98304K, 1% used [0x00000000f4000000,0x00000000f41b90a0,0x00000000fa000000)
  to   space 98304K, 0% used [0x00000000fa000000,0x00000000fa000000,0x0000000100000000)
 ParOldGen       total 1310720K, used 1168618K [0x0000000080000000, 0x00000000d0000000, 0x00000000d0000000)
  object space 1310720K, 89% used [0x0000000080000000,0x00000000c753a838,0x00000000d0000000)
 Metaspace       used 250926K, capacity 255814K, committed 256000K, reserved 747520K
  class space    used 23986K, capacity 24962K, committed 25088K, reserved 516096K
}
{Heap before GC invocations=808 (full 2):
 PSYoungGen      total 688128K, used 591588K [0x00000000d0000000, 0x0000000100000000, 0x0000000100000000)
  eden space 589824K, 100% used [0x00000000d0000000,0x00000000f4000000,0x00000000f4000000)
  from space 98304K, 1% used [0x00000000f4000000,0x00000000f41b90a0,0x00000000fa000000)
  to   space 98304K, 0% used [0x00000000fa000000,0x00000000fa000000,0x0000000100000000)
 ParOldGen       total 1310720K, used 1168618K [0x0000000080000000, 0x00000000d0000000, 0x00000000d0000000)
  object space 1310720K, 89% used [0x0000000080000000,0x00000000c753a838,0x00000000d0000000)
 Metaspace       used 250926K, capacity 255814K, committed 256000K, reserved 747520K
  class space    used 23986K, capacity 24962K, committed 25088K, reserved 516096K
2025-05-15T06:32:30.973+0900: 44362.260: [GC (Allocation Failure) [PSYoungGen: 591588K->1764K(688128K)] 1760206K->1170422K(1998848K), 0.0117316 secs] [Times: user=0.02 sys=0.00, real=0.01 secs] 
Heap after GC invocations=808 (full 2):
 PSYoungGen      total 688128K, used 1764K [0x00000000d0000000, 0x0000000100000000, 0x0000000100000000)
  eden space 589824K, 0% used [0x00000000d0000000,0x00000000d0000000,0x00000000f4000000)
  from space 98304K, 1% used [0x00000000fa000000,0x00000000fa1b90a0,0x0000000100000000)
  to   space 98304K, 0% used [0x00000000f4000000,0x00000000f4000000,0x00000000fa000000)
 ParOldGen       total 1310720K, used 1168658K [0x0000000080000000, 0x00000000d0000000, 0x00000000d0000000)
  object space 1310720K, 89% used [0x0000000080000000,0x00000000c7544838,0x00000000d0000000)
 Metaspace       used 250926K, capacity 255814K, committed 256000K, reserved 747520K
  class space    used 23986K, capacity 24962K, committed 25088K, reserved 516096K
}
{Heap before GC invocations=809 (full 2):
 PSYoungGen      total 688128K, used 591588K [0x00000000d0000000, 0x0000000100000000, 0x0000000100000000)
  eden space 589824K, 100% used [0x00000000d0000000,0x00000000f4000000,0x00000000f4000000)
  from space 98304K, 1% used [0x00000000fa000000,0x00000000fa1b90a0,0x0000000100000000)
  to   space 98304K, 0% used [0x00000000f4000000,0x00000000f4000000,0x00000000fa000000)
 ParOldGen       total 1310720K, used 1168658K [0x0000000080000000, 0x00000000d0000000, 0x00000000d0000000)
  object space 1310720K, 89% used [0x0000000080000000,0x00000000c7544838,0x00000000d0000000)
 Metaspace       used 250926K, capacity 255814K, committed 256000K, reserved 747520K
  class space    used 23986K, capacity 24962K, committed 25088K, reserved 516096K
2025-05-15T06:33:33.170+0900: 44424.457: [GC (Allocation Failure) [PSYoungGen: 591588K->1780K(688128K)] 1760246K->1170486K(1998848K), 0.0116772 secs] [Times: user=0.03 sys=0.00, real=0.01 secs] 
Heap after GC invocations=809 (full 2):
 PSYoungGen      total 688128K, used 1780K [0x00000000d0000000, 0x0000000100000000, 0x0000000100000000)
  eden space 589824K, 0% used [0x00000000d0000000,0x00000000d0000000,0x00000000f4000000)
  from space 98304K, 1% used [0x00000000f4000000,0x00000000f41bd090,0x00000000fa000000)
  to   space 98304K, 0% used [0x00000000fa000000,0x00000000fa000000,0x0000000100000000)
 ParOldGen       total 1310720K, used 1168706K [0x0000000080000000, 0x00000000d0000000, 0x00000000d0000000)
  object space 1310720K, 89% used [0x0000000080000000,0x00000000c7550838,0x00000000d0000000)
 Metaspace       used 250926K, capacity 255814K, committed 256000K, reserved 747520K
  class space    used 23986K, capacity 24962K, committed 25088K, reserved 516096K
}
{Heap before GC invocations=810 (full 2):
 PSYoungGen      total 688128K, used 591604K [0x00000000d0000000, 0x0000000100000000, 0x0000000100000000)
  eden space 589824K, 100% used [0x00000000d0000000,0x00000000f4000000,0x00000000f4000000)
  from space 98304K, 1% used [0x00000000f4000000,0x00000000f41bd090,0x00000000fa000000)
  to   space 98304K, 0% used [0x00000000fa000000,0x00000000fa000000,0x0000000100000000)
 ParOldGen       total 1310720K, used 1168706K [0x0000000080000000, 0x00000000d0000000, 0x00000000d0000000)
  object space 1310720K, 89% used [0x0000000080000000,0x00000000c7550838,0x00000000d0000000)
 Metaspace       used 250926K, capacity 255814K, committed 256000K, reserved 747520K
  class space    used 23986K, capacity 24962K, committed 25088K, reserved 516096K
2025-05-15T06:34:36.378+0900: 44487.665: [GC (Allocation Failure) [PSYoungGen: 591604K->1226K(688128K)] 1760310K->1170544K(1998848K), 0.0120163 secs] [Times: user=0.02 sys=0.00, real=0.02 secs] 
Heap after GC invocations=810 (full 2):
 PSYoungGen      total 688128K, used 1226K [0x00000000d0000000, 0x0000000100000000, 0x0000000100000000)
  eden space 589824K, 0% used [0x00000000d0000000,0x00000000d0000000,0x00000000f4000000)
  from space 98304K, 1% used [0x00000000fa000000,0x00000000fa132858,0x0000000100000000)
  to   space 98304K, 0% used [0x00000000f4000000,0x00000000f4000000,0x00000000fa000000)
 ParOldGen       total 1310720K, used 1169318K [0x0000000080000000, 0x00000000d0000000, 0x00000000d0000000)
  object space 1310720K, 89% used [0x0000000080000000,0x00000000c75e9850,0x00000000d0000000)
 Metaspace       used 250926K, capacity 255814K, committed 256000K, reserved 747520K
  class space    used 23986K, capacity 24962K, committed 25088K, reserved 516096K
}
{Heap before GC invocations=811 (full 2):
 PSYoungGen      total 688128K, used 591050K [0x00000000d0000000, 0x0000000100000000, 0x0000000100000000)
  eden space 589824K, 100% used [0x00000000d0000000,0x00000000f4000000,0x00000000f4000000)
  from space 98304K, 1% used [0x00000000fa000000,0x00000000fa132858,0x0000000100000000)
  to   space 98304K, 0% used [0x00000000f4000000,0x00000000f4000000,0x00000000fa000000)
 ParOldGen       total 1310720K, used 1169318K [0x0000000080000000, 0x00000000d0000000, 0x00000000d0000000)
  object space 1310720K, 89% used [0x0000000080000000,0x00000000c75e9850,0x00000000d0000000)
 Metaspace       used 250926K, capacity 255814K, committed 256000K, reserved 747520K
  class space    used 23986K, capacity 24962K, committed 25088K, reserved 516096K
2025-05-15T06:35:38.579+0900: 44549.866: [GC (Allocation Failure) [PSYoungGen: 591050K->1226K(688128K)] 1760368K->1170576K(1998848K), 0.0120651 secs] [Times: user=0.03 sys=0.00, real=0.01 secs] 
Heap after GC invocations=811 (full 2):
 PSYoungGen      total 688128K, used 1226K [0x00000000d0000000, 0x0000000100000000, 0x0000000100000000)
  eden space 589824K, 0% used [0x00000000d0000000,0x00000000d0000000,0x00000000f4000000)
  from space 98304K, 1% used [0x00000000f4000000,0x00000000f4132858,0x00000000fa000000)
  to   space 98304K, 0% used [0x00000000fa000000,0x00000000fa000000,0x0000000100000000)
 ParOldGen       total 1310720K, used 1169350K [0x0000000080000000, 0x00000000d0000000, 0x00000000d0000000)
  object space 1310720K, 89% used [0x0000000080000000,0x00000000c75f1850,0x00000000d0000000)
 Metaspace       used 250926K, capacity 255814K, committed 256000K, reserved 747520K
  class space    used 23986K, capacity 24962K, committed 25088K, reserved 516096K
}
{Heap before GC invocations=812 (full 2):
 PSYoungGen      total 688128K, used 591050K [0x00000000d0000000, 0x0000000100000000, 0x0000000100000000)
  eden space 589824K, 100% used [0x00000000d0000000,0x00000000f4000000,0x00000000f4000000)
  from space 98304K, 1% used [0x00000000f4000000,0x00000000f4132858,0x00000000fa000000)
  to   space 98304K, 0% used [0x00000000fa000000,0x00000000fa000000,0x0000000100000000)
 ParOldGen       total 1310720K, used 1169350K [0x0000000080000000, 0x00000000d0000000, 0x00000000d0000000)
  object space 1310720K, 89% used [0x0000000080000000,0x00000000c75f1850,0x00000000d0000000)
 Metaspace       used 250926K, capacity 255814K, committed 256000K, reserved 747520K
  class space    used 23986K, capacity 24962K, committed 25088K, reserved 516096K
2025-05-15T06:36:40.804+0900: 44612.091: [GC (Allocation Failure) [PSYoungGen: 591050K->1210K(688128K)] 1760400K->1170656K(1998848K), 0.0115043 secs] [Times: user=0.03 sys=0.00, real=0.01 secs] 
Heap after GC invocations=812 (full 2):
 PSYoungGen      total 688128K, used 1210K [0x00000000d0000000, 0x0000000100000000, 0x0000000100000000)
  eden space 589824K, 0% used [0x00000000d0000000,0x00000000d0000000,0x00000000f4000000)
  from space 98304K, 1% used [0x00000000fa000000,0x00000000fa12e848,0x0000000100000000)
  to   space 98304K, 0% used [0x00000000f4000000,0x00000000f4000000,0x00000000fa000000)
 ParOldGen       total 1310720K, used 1169446K [0x0000000080000000, 0x00000000d0000000, 0x00000000d0000000)
  object space 1310720K, 89% used [0x0000000080000000,0x00000000c7609850,0x00000000d0000000)
 Metaspace       used 250926K, capacity 255814K, committed 256000K, reserved 747520K
  class space    used 23986K, capacity 24962K, committed 25088K, reserved 516096K
}
{Heap before GC invocations=813 (full 2):
 PSYoungGen      total 688128K, used 591034K [0x00000000d0000000, 0x0000000100000000, 0x0000000100000000)
  eden space 589824K, 100% used [0x00000000d0000000,0x00000000f4000000,0x00000000f4000000)
  from space 98304K, 1% used [0x00000000fa000000,0x00000000fa12e848,0x0000000100000000)
  to   space 98304K, 0% used [0x00000000f4000000,0x00000000f4000000,0x00000000fa000000)
 ParOldGen       total 1310720K, used 1169446K [0x0000000080000000, 0x00000000d0000000, 0x00000000d0000000)
  object space 1310720K, 89% used [0x0000000080000000,0x00000000c7609850,0x00000000d0000000)
 Metaspace       used 250926K, capacity 255814K, committed 256000K, reserved 747520K
  class space    used 23986K, capacity 24962K, committed 25088K, reserved 516096K
2025-05-15T06:37:42.236+0900: 44673.523: [GC (Allocation Failure) [PSYoungGen: 591034K->864K(688128K)] 1760480K->1170649K(1998848K), 0.0123307 secs] [Times: user=0.03 sys=0.00, real=0.02 secs] 
Heap after GC invocations=813 (full 2):
 PSYoungGen      total 688128K, used 864K [0x00000000d0000000, 0x0000000100000000, 0x0000000100000000)
  eden space 589824K, 0% used [0x00000000d0000000,0x00000000d0000000,0x00000000f4000000)
  from space 98304K, 0% used [0x00000000f4000000,0x00000000f40d8000,0x00000000fa000000)
  to   space 98304K, 0% used [0x00000000fa000000,0x00000000fa000000,0x0000000100000000)
 ParOldGen       total 1310720K, used 1169785K [0x0000000080000000, 0x00000000d0000000, 0x00000000d0000000)
  object space 1310720K, 89% used [0x0000000080000000,0x00000000c765e770,0x00000000d0000000)
 Metaspace       used 250926K, capacity 255814K, committed 256000K, reserved 747520K
  class space    used 23986K, capacity 24962K, committed 25088K, reserved 516096K
}
{Heap before GC invocations=814 (full 2):
 PSYoungGen      total 688128K, used 590688K [0x00000000d0000000, 0x0000000100000000, 0x0000000100000000)
  eden space 589824K, 100% used [0x00000000d0000000,0x00000000f4000000,0x00000000f4000000)
  from space 98304K, 0% used [0x00000000f4000000,0x00000000f40d8000,0x00000000fa000000)
  to   space 98304K, 0% used [0x00000000fa000000,0x00000000fa000000,0x0000000100000000)
 ParOldGen       total 1310720K, used 1169785K [0x0000000080000000, 0x00000000d0000000, 0x00000000d0000000)
  object space 1310720K, 89% used [0x0000000080000000,0x00000000c765e770,0x00000000d0000000)
 Metaspace       used 250926K, capacity 255814K, committed 256000K, reserved 747520K
  class space    used 23986K, capacity 24962K, committed 25088K, reserved 516096K
2025-05-15T06:38:44.227+0900: 44735.514: [GC (Allocation Failure) [PSYoungGen: 590688K->896K(688128K)] 1760473K->1170721K(1998848K), 0.0310115 secs] [Times: user=0.07 sys=0.00, real=0.03 secs] 
Heap after GC invocations=814 (full 2):
 PSYoungGen      total 688128K, used 896K [0x00000000d0000000, 0x0000000100000000, 0x0000000100000000)
  eden space 589824K, 0% used [0x00000000d0000000,0x00000000d0000000,0x00000000f4000000)
  from space 98304K, 0% used [0x00000000fa000000,0x00000000fa0e0000,0x0000000100000000)
  to   space 98304K, 0% used [0x00000000f4000000,0x00000000f4000000,0x00000000fa000000)
 ParOldGen       total 1310720K, used 1169825K [0x0000000080000000, 0x00000000d0000000, 0x00000000d0000000)
  object space 1310720K, 89% used [0x0000000080000000,0x00000000c7668770,0x00000000d0000000)
 Metaspace       used 250926K, capacity 255814K, committed 256000K, reserved 747520K
  class space    used 23986K, capacity 24962K, committed 25088K, reserved 516096K
}
{Heap before GC invocations=815 (full 2):
 PSYoungGen      total 688128K, used 590720K [0x00000000d0000000, 0x0000000100000000, 0x0000000100000000)
  eden space 589824K, 100% used [0x00000000d0000000,0x00000000f4000000,0x00000000f4000000)
  from space 98304K, 0% used [0x00000000fa000000,0x00000000fa0e0000,0x0000000100000000)
  to   space 98304K, 0% used [0x00000000f4000000,0x00000000f4000000,0x00000000fa000000)
 ParOldGen       total 1310720K, used 1169825K [0x0000000080000000, 0x00000000d0000000, 0x00000000d0000000)
  object space 1310720K, 89% used [0x0000000080000000,0x00000000c7668770,0x00000000d0000000)
 Metaspace       used 250929K, capacity 255814K, committed 256000K, reserved 747520K
  class space    used 23986K, capacity 24962K, committed 25088K, reserved 516096K
2025-05-15T06:39:44.288+0900: 44795.575: [GC (Allocation Failure) [PSYoungGen: 590720K->1504K(688128K)] 1760545K->1171377K(1998848K), 0.0119956 secs] [Times: user=0.03 sys=0.00, real=0.02 secs] 
Heap after GC invocations=815 (full 2):
 PSYoungGen      total 688128K, used 1504K [0x00000000d0000000, 0x0000000100000000, 0x0000000100000000)
  eden space 589824K, 0% used [0x00000000d0000000,0x00000000d0000000,0x00000000f4000000)
  from space 98304K, 1% used [0x00000000f4000000,0x00000000f4178000,0x00000000fa000000)
  to   space 98304K, 0% used [0x00000000fa000000,0x00000000fa000000,0x0000000100000000)
 ParOldGen       total 1310720K, used 1169873K [0x0000000080000000, 0x00000000d0000000, 0x00000000d0000000)
  object space 1310720K, 89% used [0x0000000080000000,0x00000000c7674770,0x00000000d0000000)
 Metaspace       used 250929K, capacity 255814K, committed 256000K, reserved 747520K
  class space    used 23986K, capacity 24962K, committed 25088K, reserved 516096K
}
{Heap before GC invocations=816 (full 2):
 PSYoungGen      total 688128K, used 591328K [0x00000000d0000000, 0x0000000100000000, 0x0000000100000000)
  eden space 589824K, 100% used [0x00000000d0000000,0x00000000f4000000,0x00000000f4000000)
  from space 98304K, 1% used [0x00000000f4000000,0x00000000f4178000,0x00000000fa000000)
  to   space 98304K, 0% used [0x00000000fa000000,0x00000000fa000000,0x0000000100000000)
 ParOldGen       total 1310720K, used 1169873K [0x0000000080000000, 0x00000000d0000000, 0x00000000d0000000)
  object space 1310720K, 89% used [0x0000000080000000,0x00000000c7674770,0x00000000d0000000)
 Metaspace       used 250929K, capacity 255814K, committed 256000K, reserved 747520K
  class space    used 23986K, capacity 24962K, committed 25088K, reserved 516096K
2025-05-15T06:40:45.578+0900: 44856.865: [GC (Allocation Failure) [PSYoungGen: 591328K->1520K(688128K)] 1761201K->1171433K(1998848K), 0.0114397 secs] [Times: user=0.03 sys=0.00, real=0.02 secs] 
Heap after GC invocations=816 (full 2):
 PSYoungGen      total 688128K, used 1520K [0x00000000d0000000, 0x0000000100000000, 0x0000000100000000)
  eden space 589824K, 0% used [0x00000000d0000000,0x00000000d0000000,0x00000000f4000000)
  from space 98304K, 1% used [0x00000000fa000000,0x00000000fa17c030,0x0000000100000000)
  to   space 98304K, 0% used [0x00000000f4000000,0x00000000f4000000,0x00000000fa000000)
 ParOldGen       total 1310720K, used 1169913K [0x0000000080000000, 0x00000000d0000000, 0x00000000d0000000)
  object space 1310720K, 89% used [0x0000000080000000,0x00000000c767e770,0x00000000d0000000)
 Metaspace       used 250929K, capacity 255814K, committed 256000K, reserved 747520K
  class space    used 23986K, capacity 24962K, committed 25088K, reserved 516096K
}
{Heap before GC invocations=817 (full 2):
 PSYoungGen      total 688128K, used 591344K [0x00000000d0000000, 0x0000000100000000, 0x0000000100000000)
  eden space 589824K, 100% used [0x00000000d0000000,0x00000000f4000000,0x00000000f4000000)
  from space 98304K, 1% used [0x00000000fa000000,0x00000000fa17c030,0x0000000100000000)
  to   space 98304K, 0% used [0x00000000f4000000,0x00000000f4000000,0x00000000fa000000)
 ParOldGen       total 1310720K, used 1169913K [0x0000000080000000, 0x00000000d0000000, 0x00000000d0000000)
  object space 1310720K, 89% used [0x0000000080000000,0x00000000c767e770,0x00000000d0000000)
 Metaspace       used 250929K, capacity 255814K, committed 256000K, reserved 747520K
  class space    used 23986K, capacity 24962K, committed 25088K, reserved 516096K
2025-05-15T06:41:47.942+0900: 44919.229: [GC (Allocation Failure) [PSYoungGen: 591344K->1520K(688128K)] 1761257K->1171481K(1998848K), 0.0115151 secs] [Times: user=0.03 sys=0.00, real=0.01 secs] 
Heap after GC invocations=817 (full 2):
 PSYoungGen      total 688128K, used 1520K [0x00000000d0000000, 0x0000000100000000, 0x0000000100000000)
  eden space 589824K, 0% used [0x00000000d0000000,0x00000000d0000000,0x00000000f4000000)
  from space 98304K, 1% used [0x00000000f4000000,0x00000000f417c030,0x00000000fa000000)
  to   space 98304K, 0% used [0x00000000fa000000,0x00000000fa000000,0x0000000100000000)
 ParOldGen       total 1310720K, used 1169961K [0x0000000080000000, 0x00000000d0000000, 0x00000000d0000000)
  object space 1310720K, 89% used [0x0000000080000000,0x00000000c768a770,0x00000000d0000000)
 Metaspace       used 250929K, capacity 255814K, committed 256000K, reserved 747520K
  class space    used 23986K, capacity 24962K, committed 25088K, reserved 516096K
}
{Heap before GC invocations=818 (full 2):
 PSYoungGen      total 688128K, used 591344K [0x00000000d0000000, 0x0000000100000000, 0x0000000100000000)
  eden space 589824K, 100% used [0x00000000d0000000,0x00000000f4000000,0x00000000f4000000)
  from space 98304K, 1% used [0x00000000f4000000,0x00000000f417c030,0x00000000fa000000)
  to   space 98304K, 0% used [0x00000000fa000000,0x00000000fa000000,0x0000000100000000)
 ParOldGen       total 1310720K, used 1169961K [0x0000000080000000, 0x00000000d0000000, 0x00000000d0000000)
  object space 1310720K, 89% used [0x0000000080000000,0x00000000c768a770,0x00000000d0000000)
 Metaspace       used 250929K, capacity 255814K, committed 256000K, reserved 747520K
  class space    used 23986K, capacity 24962K, committed 25088K, reserved 516096K
2025-05-15T06:42:49.960+0900: 44981.247: [GC (Allocation Failure) [PSYoungGen: 591344K->1520K(688128K)] 1761305K->1171529K(1998848K), 0.0114747 secs] [Times: user=0.02 sys=0.01, real=0.01 secs] 
Heap after GC invocations=818 (full 2):
 PSYoungGen      total 688128K, used 1520K [0x00000000d0000000, 0x0000000100000000, 0x0000000100000000)
  eden space 589824K, 0% used [0x00000000d0000000,0x00000000d0000000,0x00000000f4000000)
  from space 98304K, 1% used [0x00000000fa000000,0x00000000fa17c030,0x0000000100000000)
  to   space 98304K, 0% used [0x00000000f4000000,0x00000000f4000000,0x00000000fa000000)
 ParOldGen       total 1310720K, used 1170009K [0x0000000080000000, 0x00000000d0000000, 0x00000000d0000000)
  object space 1310720K, 89% used [0x0000000080000000,0x00000000c7696770,0x00000000d0000000)
 Metaspace       used 250929K, capacity 255814K, committed 256000K, reserved 747520K
  class space    used 23986K, capacity 24962K, committed 25088K, reserved 516096K
}
{Heap before GC invocations=819 (full 2):
 PSYoungGen      total 688128K, used 591344K [0x00000000d0000000, 0x0000000100000000, 0x0000000100000000)
  eden space 589824K, 100% used [0x00000000d0000000,0x00000000f4000000,0x00000000f4000000)
  from space 98304K, 1% used [0x00000000fa000000,0x00000000fa17c030,0x0000000100000000)
  to   space 98304K, 0% used [0x00000000f4000000,0x00000000f4000000,0x00000000fa000000)
 ParOldGen       total 1310720K, used 1170009K [0x0000000080000000, 0x00000000d0000000, 0x00000000d0000000)
  object space 1310720K, 89% used [0x0000000080000000,0x00000000c7696770,0x00000000d0000000)
 Metaspace       used 250929K, capacity 255814K, committed 256000K, reserved 747520K
  class space    used 23986K, capacity 24962K, committed 25088K, reserved 516096K
2025-05-15T06:43:52.148+0900: 45043.435: [GC (Allocation Failure) [PSYoungGen: 591344K->1552K(688128K)] 1761353K->1171601K(1998848K), 0.0119448 secs] [Times: user=0.03 sys=0.00, real=0.02 secs] 
Heap after GC invocations=819 (full 2):
 PSYoungGen      total 688128K, used 1552K [0x00000000d0000000, 0x0000000100000000, 0x0000000100000000)
  eden space 589824K, 0% used [0x00000000d0000000,0x00000000d0000000,0x00000000f4000000)
  from space 98304K, 1% used [0x00000000f4000000,0x00000000f4184030,0x00000000fa000000)
  to   space 98304K, 0% used [0x00000000fa000000,0x00000000fa000000,0x0000000100000000)
 ParOldGen       total 1310720K, used 1170049K [0x0000000080000000, 0x00000000d0000000, 0x00000000d0000000)
  object space 1310720K, 89% used [0x0000000080000000,0x00000000c76a0770,0x00000000d0000000)
 Metaspace       used 250929K, capacity 255814K, committed 256000K, reserved 747520K
  class space    used 23986K, capacity 24962K, committed 25088K, reserved 516096K
}
{Heap before GC invocations=820 (full 2):
 PSYoungGen      total 688128K, used 591376K [0x00000000d0000000, 0x0000000100000000, 0x0000000100000000)
  eden space 589824K, 100% used [0x00000000d0000000,0x00000000f4000000,0x00000000f4000000)
  from space 98304K, 1% used [0x00000000f4000000,0x00000000f4184030,0x00000000fa000000)
  to   space 98304K, 0% used [0x00000000fa000000,0x00000000fa000000,0x0000000100000000)
 ParOldGen       total 1310720K, used 1170049K [0x0000000080000000, 0x00000000d0000000, 0x00000000d0000000)
  object space 1310720K, 89% used [0x0000000080000000,0x00000000c76a0770,0x00000000d0000000)
 Metaspace       used 250932K, capacity 255814K, committed 256000K, reserved 747520K
  class space    used 23986K, capacity 24962K, committed 25088K, reserved 516096K
2025-05-15T06:44:54.314+0900: 45105.602: [GC (Allocation Failure) [PSYoungGen: 591376K->1488K(688128K)] 1761425K->1171585K(1998848K), 0.0117048 secs] [Times: user=0.03 sys=0.00, real=0.01 secs] 
Heap after GC invocations=820 (full 2):
 PSYoungGen      total 688128K, used 1488K [0x00000000d0000000, 0x0000000100000000, 0x0000000100000000)
  eden space 589824K, 0% used [0x00000000d0000000,0x00000000d0000000,0x00000000f4000000)
  from space 98304K, 1% used [0x00000000fa000000,0x00000000fa174030,0x0000000100000000)
  to   space 98304K, 0% used [0x00000000f4000000,0x00000000f4000000,0x00000000fa000000)
 ParOldGen       total 1310720K, used 1170097K [0x0000000080000000, 0x00000000d0000000, 0x00000000d0000000)
  object space 1310720K, 89% used [0x0000000080000000,0x00000000c76ac770,0x00000000d0000000)
 Metaspace       used 250932K, capacity 255814K, committed 256000K, reserved 747520K
  class space    used 23986K, capacity 24962K, committed 25088K, reserved 516096K
}
{Heap before GC invocations=821 (full 2):
 PSYoungGen      total 688128K, used 591312K [0x00000000d0000000, 0x0000000100000000, 0x0000000100000000)
  eden space 589824K, 100% used [0x00000000d0000000,0x00000000f4000000,0x00000000f4000000)
  from space 98304K, 1% used [0x00000000fa000000,0x00000000fa174030,0x0000000100000000)
  to   space 98304K, 0% used [0x00000000f4000000,0x00000000f4000000,0x00000000fa000000)
 ParOldGen       total 1310720K, used 1170097K [0x0000000080000000, 0x00000000d0000000, 0x00000000d0000000)
  object space 1310720K, 89% used [0x0000000080000000,0x00000000c76ac770,0x00000000d0000000)
 Metaspace       used 250932K, capacity 255814K, committed 256000K, reserved 747520K
  class space    used 23986K, capacity 24962K, committed 25088K, reserved 516096K
2025-05-15T06:45:56.451+0900: 45167.738: [GC (Allocation Failure) [PSYoungGen: 591312K->1520K(688128K)] 1761409K->1171681K(1998848K), 0.0117807 secs] [Times: user=0.03 sys=0.00, real=0.01 secs] 
Heap after GC invocations=821 (full 2):
 PSYoungGen      total 688128K, used 1520K [0x00000000d0000000, 0x0000000100000000, 0x0000000100000000)
  eden space 589824K, 0% used [0x00000000d0000000,0x00000000d0000000,0x00000000f4000000)
  from space 98304K, 1% used [0x00000000f4000000,0x00000000f417c030,0x00000000fa000000)
  to   space 98304K, 0% used [0x00000000fa000000,0x00000000fa000000,0x0000000100000000)
 ParOldGen       total 1310720K, used 1170161K [0x0000000080000000, 0x00000000d0000000, 0x00000000d0000000)
  object space 1310720K, 89% used [0x0000000080000000,0x00000000c76bc770,0x00000000d0000000)
 Metaspace       used 250932K, capacity 255814K, committed 256000K, reserved 747520K
  class space    used 23986K, capacity 24962K, committed 25088K, reserved 516096K
}
{Heap before GC invocations=822 (full 2):
 PSYoungGen      total 688128K, used 591344K [0x00000000d0000000, 0x0000000100000000, 0x0000000100000000)
  eden space 589824K, 100% used [0x00000000d0000000,0x00000000f4000000,0x00000000f4000000)
  from space 98304K, 1% used [0x00000000f4000000,0x00000000f417c030,0x00000000fa000000)
  to   space 98304K, 0% used [0x00000000fa000000,0x00000000fa000000,0x0000000100000000)
 ParOldGen       total 1310720K, used 1170161K [0x0000000080000000, 0x00000000d0000000, 0x00000000d0000000)
  object space 1310720K, 89% used [0x0000000080000000,0x00000000c76bc770,0x00000000d0000000)
 Metaspace       used 250932K, capacity 255814K, committed 256000K, reserved 747520K
  class space    used 23986K, capacity 24962K, committed 25088K, reserved 516096K
2025-05-15T06:46:59.531+0900: 45230.818: [GC (Allocation Failure) [PSYoungGen: 591344K->1488K(688128K)] 1761505K->1171697K(1998848K), 0.0115756 secs] [Times: user=0.03 sys=0.00, real=0.01 secs] 
Heap after GC invocations=822 (full 2):
 PSYoungGen      total 688128K, used 1488K [0x00000000d0000000, 0x0000000100000000, 0x0000000100000000)
  eden space 589824K, 0% used [0x00000000d0000000,0x00000000d0000000,0x00000000f4000000)
  from space 98304K, 1% used [0x00000000fa000000,0x00000000fa174030,0x0000000100000000)
  to   space 98304K, 0% used [0x00000000f4000000,0x00000000f4000000,0x00000000fa000000)
 ParOldGen       total 1310720K, used 1170209K [0x0000000080000000, 0x00000000d0000000, 0x00000000d0000000)
  object space 1310720K, 89% used [0x0000000080000000,0x00000000c76c8770,0x00000000d0000000)
 Metaspace       used 250932K, capacity 255814K, committed 256000K, reserved 747520K
  class space    used 23986K, capacity 24962K, committed 25088K, reserved 516096K
}
{Heap before GC invocations=823 (full 2):
 PSYoungGen      total 688128K, used 591312K [0x00000000d0000000, 0x0000000100000000, 0x0000000100000000)
  eden space 589824K, 100% used [0x00000000d0000000,0x00000000f4000000,0x00000000f4000000)
  from space 98304K, 1% used [0x00000000fa000000,0x00000000fa174030,0x0000000100000000)
  to   space 98304K, 0% used [0x00000000f4000000,0x00000000f4000000,0x00000000fa000000)
 ParOldGen       total 1310720K, used 1170209K [0x0000000080000000, 0x00000000d0000000, 0x00000000d0000000)
  object space 1310720K, 89% used [0x0000000080000000,0x00000000c76c8770,0x00000000d0000000)
 Metaspace       used 250932K, capacity 255814K, committed 256000K, reserved 747520K
  class space    used 23986K, capacity 24962K, committed 25088K, reserved 516096K
2025-05-15T06:48:00.712+0900: 45291.999: [GC (Allocation Failure) [PSYoungGen: 591312K->1520K(688128K)] 1761521K->1171761K(1998848K), 0.0117424 secs] [Times: user=0.03 sys=0.00, real=0.01 secs] 
Heap after GC invocations=823 (full 2):
 PSYoungGen      total 688128K, used 1520K [0x00000000d0000000, 0x0000000100000000, 0x0000000100000000)
  eden space 589824K, 0% used [0x00000000d0000000,0x00000000d0000000,0x00000000f4000000)
  from space 98304K, 1% used [0x00000000f4000000,0x00000000f417c030,0x00000000fa000000)
  to   space 98304K, 0% used [0x00000000fa000000,0x00000000fa000000,0x0000000100000000)
 ParOldGen       total 1310720K, used 1170241K [0x0000000080000000, 0x00000000d0000000, 0x00000000d0000000)
  object space 1310720K, 89% used [0x0000000080000000,0x00000000c76d0770,0x00000000d0000000)
 Metaspace       used 250932K, capacity 255814K, committed 256000K, reserved 747520K
  class space    used 23986K, capacity 24962K, committed 25088K, reserved 516096K
}
{Heap before GC invocations=824 (full 2):
 PSYoungGen      total 688128K, used 591344K [0x00000000d0000000, 0x0000000100000000, 0x0000000100000000)
  eden space 589824K, 100% used [0x00000000d0000000,0x00000000f4000000,0x00000000f4000000)
  from space 98304K, 1% used [0x00000000f4000000,0x00000000f417c030,0x00000000fa000000)
  to   space 98304K, 0% used [0x00000000fa000000,0x00000000fa000000,0x0000000100000000)
 ParOldGen       total 1310720K, used 1170241K [0x0000000080000000, 0x00000000d0000000, 0x00000000d0000000)
  object space 1310720K, 89% used [0x0000000080000000,0x00000000c76d0770,0x00000000d0000000)
 Metaspace       used 250932K, capacity 255814K, committed 256000K, reserved 747520K
  class space    used 23986K, capacity 24962K, committed 25088K, reserved 516096K
2025-05-15T06:49:02.973+0900: 45354.261: [GC (Allocation Failure) [PSYoungGen: 591344K->1472K(688128K)] 1761585K->1171753K(1998848K), 0.0117677 secs] [Times: user=0.03 sys=0.00, real=0.01 secs] 
Heap after GC invocations=824 (full 2):
 PSYoungGen      total 688128K, used 1472K [0x00000000d0000000, 0x0000000100000000, 0x0000000100000000)
  eden space 589824K, 0% used [0x00000000d0000000,0x00000000d0000000,0x00000000f4000000)
  from space 98304K, 1% used [0x00000000fa000000,0x00000000fa170020,0x0000000100000000)
  to   space 98304K, 0% used [0x00000000f4000000,0x00000000f4000000,0x00000000fa000000)
 ParOldGen       total 1310720K, used 1170281K [0x0000000080000000, 0x00000000d0000000, 0x00000000d0000000)
  object space 1310720K, 89% used [0x0000000080000000,0x00000000c76da770,0x00000000d0000000)
 Metaspace       used 250932K, capacity 255814K, committed 256000K, reserved 747520K
  class space    used 23986K, capacity 24962K, committed 25088K, reserved 516096K
}
{Heap before GC invocations=825 (full 2):
 PSYoungGen      total 688128K, used 591296K [0x00000000d0000000, 0x0000000100000000, 0x0000000100000000)
  eden space 589824K, 100% used [0x00000000d0000000,0x00000000f4000000,0x00000000f4000000)
  from space 98304K, 1% used [0x00000000fa000000,0x00000000fa170020,0x0000000100000000)
  to   space 98304K, 0% used [0x00000000f4000000,0x00000000f4000000,0x00000000fa000000)
 ParOldGen       total 1310720K, used 1170281K [0x0000000080000000, 0x00000000d0000000, 0x00000000d0000000)
  object space 1310720K, 89% used [0x0000000080000000,0x00000000c76da770,0x00000000d0000000)
 Metaspace       used 250932K, capacity 255814K, committed 256000K, reserved 747520K
  class space    used 23986K, capacity 24962K, committed 25088K, reserved 516096K
2025-05-15T06:50:05.113+0900: 45416.400: [GC (Allocation Failure) [PSYoungGen: 591296K->1504K(688128K)] 1761577K->1171833K(1998848K), 0.0116771 secs] [Times: user=0.03 sys=0.00, real=0.01 secs] 
Heap after GC invocations=825 (full 2):
 PSYoungGen      total 688128K, used 1504K [0x00000000d0000000, 0x0000000100000000, 0x0000000100000000)
  eden space 589824K, 0% used [0x00000000d0000000,0x00000000d0000000,0x00000000f4000000)
  from space 98304K, 1% used [0x00000000f4000000,0x00000000f4178020,0x00000000fa000000)
  to   space 98304K, 0% used [0x00000000fa000000,0x00000000fa000000,0x0000000100000000)
 ParOldGen       total 1310720K, used 1170329K [0x0000000080000000, 0x00000000d0000000, 0x00000000d0000000)
  object space 1310720K, 89% used [0x0000000080000000,0x00000000c76e6770,0x00000000d0000000)
 Metaspace       used 250932K, capacity 255814K, committed 256000K, reserved 747520K
  class space    used 23986K, capacity 24962K, committed 25088K, reserved 516096K
}
{Heap before GC invocations=826 (full 2):
 PSYoungGen      total 688128K, used 591328K [0x00000000d0000000, 0x0000000100000000, 0x0000000100000000)
  eden space 589824K, 100% used [0x00000000d0000000,0x00000000f4000000,0x00000000f4000000)
  from space 98304K, 1% used [0x00000000f4000000,0x00000000f4178020,0x00000000fa000000)
  to   space 98304K, 0% used [0x00000000fa000000,0x00000000fa000000,0x0000000100000000)
 ParOldGen       total 1310720K, used 1170329K [0x0000000080000000, 0x00000000d0000000, 0x00000000d0000000)
  object space 1310720K, 89% used [0x0000000080000000,0x00000000c76e6770,0x00000000d0000000)
 Metaspace       used 250932K, capacity 255814K, committed 256000K, reserved 747520K
  class space    used 23986K, capacity 24962K, committed 25088K, reserved 516096K
2025-05-15T06:51:07.269+0900: 45478.556: [GC (Allocation Failure) [PSYoungGen: 591328K->1536K(688128K)] 1761657K->1171905K(1998848K), 0.0116668 secs] [Times: user=0.02 sys=0.00, real=0.01 secs] 
Heap after GC invocations=826 (full 2):
 PSYoungGen      total 688128K, used 1536K [0x00000000d0000000, 0x0000000100000000, 0x0000000100000000)
  eden space 589824K, 0% used [0x00000000d0000000,0x00000000d0000000,0x00000000f4000000)
  from space 98304K, 1% used [0x00000000fa000000,0x00000000fa180020,0x0000000100000000)
  to   space 98304K, 0% used [0x00000000f4000000,0x00000000f4000000,0x00000000fa000000)
 ParOldGen       total 1310720K, used 1170369K [0x0000000080000000, 0x00000000d0000000, 0x00000000d0000000)
  object space 1310720K, 89% used [0x0000000080000000,0x00000000c76f0770,0x00000000d0000000)
 Metaspace       used 250932K, capacity 255814K, committed 256000K, reserved 747520K
  class space    used 23986K, capacity 24962K, committed 25088K, reserved 516096K
}
{Heap before GC invocations=827 (full 2):
 PSYoungGen      total 688128K, used 591360K [0x00000000d0000000, 0x0000000100000000, 0x0000000100000000)
  eden space 589824K, 100% used [0x00000000d0000000,0x00000000f4000000,0x00000000f4000000)
  from space 98304K, 1% used [0x00000000fa000000,0x00000000fa180020,0x0000000100000000)
  to   space 98304K, 0% used [0x00000000f4000000,0x00000000f4000000,0x00000000fa000000)
 ParOldGen       total 1310720K, used 1170369K [0x0000000080000000, 0x00000000d0000000, 0x00000000d0000000)
  object space 1310720K, 89% used [0x0000000080000000,0x00000000c76f0770,0x00000000d0000000)
 Metaspace       used 250932K, capacity 255814K, committed 256000K, reserved 747520K
  class space    used 23986K, capacity 24962K, committed 25088K, reserved 516096K
2025-05-15T06:52:09.606+0900: 45540.893: [GC (Allocation Failure) [PSYoungGen: 591360K->1520K(688128K)] 1761729K->1171937K(1998848K), 0.0123844 secs] [Times: user=0.03 sys=0.00, real=0.01 secs] 
Heap after GC invocations=827 (full 2):
 PSYoungGen      total 688128K, used 1520K [0x00000000d0000000, 0x0000000100000000, 0x0000000100000000)
  eden space 589824K, 0% used [0x00000000d0000000,0x00000000d0000000,0x00000000f4000000)
  from space 98304K, 1% used [0x00000000f4000000,0x00000000f417c030,0x00000000fa000000)
  to   space 98304K, 0% used [0x00000000fa000000,0x00000000fa000000,0x0000000100000000)
 ParOldGen       total 1310720K, used 1170417K [0x0000000080000000, 0x00000000d0000000, 0x00000000d0000000)
  object space 1310720K, 89% used [0x0000000080000000,0x00000000c76fc770,0x00000000d0000000)
 Metaspace       used 250932K, capacity 255814K, committed 256000K, reserved 747520K
  class space    used 23986K, capacity 24962K, committed 25088K, reserved 516096K
}
{Heap before GC invocations=828 (full 2):
 PSYoungGen      total 688128K, used 591344K [0x00000000d0000000, 0x0000000100000000, 0x0000000100000000)
  eden space 589824K, 100% used [0x00000000d0000000,0x00000000f4000000,0x00000000f4000000)
  from space 98304K, 1% used [0x00000000f4000000,0x00000000f417c030,0x00000000fa000000)
  to   space 98304K, 0% used [0x00000000fa000000,0x00000000fa000000,0x0000000100000000)
 ParOldGen       total 1310720K, used 1170417K [0x0000000080000000, 0x00000000d0000000, 0x00000000d0000000)
  object space 1310720K, 89% used [0x0000000080000000,0x00000000c76fc770,0x00000000d0000000)
 Metaspace       used 250934K, capacity 255814K, committed 256000K, reserved 747520K
  class space    used 23986K, capacity 24962K, committed 25088K, reserved 516096K
2025-05-15T06:53:12.624+0900: 45603.911: [GC (Allocation Failure) [PSYoungGen: 591344K->1520K(688128K)] 1761761K->1171985K(1998848K), 0.0117053 secs] [Times: user=0.03 sys=0.00, real=0.01 secs] 
Heap after GC invocations=828 (full 2):
 PSYoungGen      total 688128K, used 1520K [0x00000000d0000000, 0x0000000100000000, 0x0000000100000000)
  eden space 589824K, 0% used [0x00000000d0000000,0x00000000d0000000,0x00000000f4000000)
  from space 98304K, 1% used [0x00000000fa000000,0x00000000fa17c030,0x0000000100000000)
  to   space 98304K, 0% used [0x00000000f4000000,0x00000000f4000000,0x00000000fa000000)
 ParOldGen       total 1310720K, used 1170465K [0x0000000080000000, 0x00000000d0000000, 0x00000000d0000000)
  object space 1310720K, 89% used [0x0000000080000000,0x00000000c7708770,0x00000000d0000000)
 Metaspace       used 250934K, capacity 255814K, committed 256000K, reserved 747520K
  class space    used 23986K, capacity 24962K, committed 25088K, reserved 516096K
}
{Heap before GC invocations=829 (full 2):
 PSYoungGen      total 688128K, used 591344K [0x00000000d0000000, 0x0000000100000000, 0x0000000100000000)
  eden space 589824K, 100% used [0x00000000d0000000,0x00000000f4000000,0x00000000f4000000)
  from space 98304K, 1% used [0x00000000fa000000,0x00000000fa17c030,0x0000000100000000)
  to   space 98304K, 0% used [0x00000000f4000000,0x00000000f4000000,0x00000000fa000000)
 ParOldGen       total 1310720K, used 1170465K [0x0000000080000000, 0x00000000d0000000, 0x00000000d0000000)
  object space 1310720K, 89% used [0x0000000080000000,0x00000000c7708770,0x00000000d0000000)
 Metaspace       used 250934K, capacity 255814K, committed 256000K, reserved 747520K
  class space    used 23986K, capacity 24962K, committed 25088K, reserved 516096K
2025-05-15T06:54:14.818+0900: 45666.105: [GC (Allocation Failure) [PSYoungGen: 591344K->1520K(688128K)] 1761809K->1172033K(1998848K), 0.0124557 secs] [Times: user=0.03 sys=0.00, real=0.02 secs] 
Heap after GC invocations=829 (full 2):
 PSYoungGen      total 688128K, used 1520K [0x00000000d0000000, 0x0000000100000000, 0x0000000100000000)
  eden space 589824K, 0% used [0x00000000d0000000,0x00000000d0000000,0x00000000f4000000)
  from space 98304K, 1% used [0x00000000f4000000,0x00000000f417c030,0x00000000fa000000)
  to   space 98304K, 0% used [0x00000000fa000000,0x00000000fa000000,0x0000000100000000)
 ParOldGen       total 1310720K, used 1170513K [0x0000000080000000, 0x00000000d0000000, 0x00000000d0000000)
  object space 1310720K, 89% used [0x0000000080000000,0x00000000c7714770,0x00000000d0000000)
 Metaspace       used 250934K, capacity 255814K, committed 256000K, reserved 747520K
  class space    used 23986K, capacity 24962K, committed 25088K, reserved 516096K
}
{Heap before GC invocations=830 (full 2):
 PSYoungGen      total 688128K, used 591344K [0x00000000d0000000, 0x0000000100000000, 0x0000000100000000)
  eden space 589824K, 100% used [0x00000000d0000000,0x00000000f4000000,0x00000000f4000000)
  from space 98304K, 1% used [0x00000000f4000000,0x00000000f417c030,0x00000000fa000000)
  to   space 98304K, 0% used [0x00000000fa000000,0x00000000fa000000,0x0000000100000000)
 ParOldGen       total 1310720K, used 1170513K [0x0000000080000000, 0x00000000d0000000, 0x00000000d0000000)
  object space 1310720K, 89% used [0x0000000080000000,0x00000000c7714770,0x00000000d0000000)
 Metaspace       used 250934K, capacity 255814K, committed 256000K, reserved 747520K
  class space    used 23986K, capacity 24962K, committed 25088K, reserved 516096K
2025-05-15T06:55:17.008+0900: 45728.295: [GC (Allocation Failure) [PSYoungGen: 591344K->960K(688128K)] 1761857K->1172115K(1998848K), 0.0114236 secs] [Times: user=0.03 sys=0.00, real=0.02 secs] 
Heap after GC invocations=830 (full 2):
 PSYoungGen      total 688128K, used 960K [0x00000000d0000000, 0x0000000100000000, 0x0000000100000000)
  eden space 589824K, 0% used [0x00000000d0000000,0x00000000d0000000,0x00000000f4000000)
  from space 98304K, 0% used [0x00000000fa000000,0x00000000fa0f0020,0x0000000100000000)
  to   space 98304K, 0% used [0x00000000f4000000,0x00000000f4000000,0x00000000fa000000)
 ParOldGen       total 1310720K, used 1171155K [0x0000000080000000, 0x00000000d0000000, 0x00000000d0000000)
  object space 1310720K, 89% used [0x0000000080000000,0x00000000c77b4f10,0x00000000d0000000)
 Metaspace       used 250934K, capacity 255814K, committed 256000K, reserved 747520K
  class space    used 23986K, capacity 24962K, committed 25088K, reserved 516096K
}
{Heap before GC invocations=831 (full 2):
 PSYoungGen      total 688128K, used 590784K [0x00000000d0000000, 0x0000000100000000, 0x0000000100000000)
  eden space 589824K, 100% used [0x00000000d0000000,0x00000000f4000000,0x00000000f4000000)
  from space 98304K, 0% used [0x00000000fa000000,0x00000000fa0f0020,0x0000000100000000)
  to   space 98304K, 0% used [0x00000000f4000000,0x00000000f4000000,0x00000000fa000000)
 ParOldGen       total 1310720K, used 1171155K [0x0000000080000000, 0x00000000d0000000, 0x00000000d0000000)
  object space 1310720K, 89% used [0x0000000080000000,0x00000000c77b4f10,0x00000000d0000000)
 Metaspace       used 250934K, capacity 255814K, committed 256000K, reserved 747520K
  class space    used 23986K, capacity 24962K, committed 25088K, reserved 516096K
2025-05-15T06:56:18.228+0900: 45789.515: [GC (Allocation Failure) [PSYoungGen: 590784K->960K(688128K)] 1761939K->1172155K(1998848K), 0.0115270 secs] [Times: user=0.03 sys=0.00, real=0.02 secs] 
Heap after GC invocations=831 (full 2):
 PSYoungGen      total 688128K, used 960K [0x00000000d0000000, 0x0000000100000000, 0x0000000100000000)
  eden space 589824K, 0% used [0x00000000d0000000,0x00000000d0000000,0x00000000f4000000)
  from space 98304K, 0% used [0x00000000f4000000,0x00000000f40f0000,0x00000000fa000000)
  to   space 98304K, 0% used [0x00000000fa000000,0x00000000fa000000,0x0000000100000000)
 ParOldGen       total 1310720K, used 1171195K [0x0000000080000000, 0x00000000d0000000, 0x00000000d0000000)
  object space 1310720K, 89% used [0x0000000080000000,0x00000000c77bef10,0x00000000d0000000)
 Metaspace       used 250934K, capacity 255814K, committed 256000K, reserved 747520K
  class space    used 23986K, capacity 24962K, committed 25088K, reserved 516096K
}
{Heap before GC invocations=832 (full 2):
 PSYoungGen      total 688128K, used 590784K [0x00000000d0000000, 0x0000000100000000, 0x0000000100000000)
  eden space 589824K, 100% used [0x00000000d0000000,0x00000000f4000000,0x00000000f4000000)
  from space 98304K, 0% used [0x00000000f4000000,0x00000000f40f0000,0x00000000fa000000)
  to   space 98304K, 0% used [0x00000000fa000000,0x00000000fa000000,0x0000000100000000)
 ParOldGen       total 1310720K, used 1171195K [0x0000000080000000, 0x00000000d0000000, 0x00000000d0000000)
  object space 1310720K, 89% used [0x0000000080000000,0x00000000c77bef10,0x00000000d0000000)
 Metaspace       used 250934K, capacity 255814K, committed 256000K, reserved 747520K
  class space    used 23986K, capacity 24962K, committed 25088K, reserved 516096K
2025-05-15T06:57:20.373+0900: 45851.660: [GC (Allocation Failure) [PSYoungGen: 590784K->896K(688128K)] 1761979K->1172155K(1998848K), 0.0112735 secs] [Times: user=0.03 sys=0.00, real=0.01 secs] 
Heap after GC invocations=832 (full 2):
 PSYoungGen      total 688128K, used 896K [0x00000000d0000000, 0x0000000100000000, 0x0000000100000000)
  eden space 589824K, 0% used [0x00000000d0000000,0x00000000d0000000,0x00000000f4000000)
  from space 98304K, 0% used [0x00000000fa000000,0x00000000fa0e0000,0x0000000100000000)
  to   space 98304K, 0% used [0x00000000f4000000,0x00000000f4000000,0x00000000fa000000)
 ParOldGen       total 1310720K, used 1171259K [0x0000000080000000, 0x00000000d0000000, 0x00000000d0000000)
  object space 1310720K, 89% used [0x0000000080000000,0x00000000c77cef10,0x00000000d0000000)
 Metaspace       used 250934K, capacity 255814K, committed 256000K, reserved 747520K
  class space    used 23986K, capacity 24962K, committed 25088K, reserved 516096K
}
{Heap before GC invocations=833 (full 2):
 PSYoungGen      total 688128K, used 590720K [0x00000000d0000000, 0x0000000100000000, 0x0000000100000000)
  eden space 589824K, 100% used [0x00000000d0000000,0x00000000f4000000,0x00000000f4000000)
  from space 98304K, 0% used [0x00000000fa000000,0x00000000fa0e0000,0x0000000100000000)
  to   space 98304K, 0% used [0x00000000f4000000,0x00000000f4000000,0x00000000fa000000)
 ParOldGen       total 1310720K, used 1171259K [0x0000000080000000, 0x00000000d0000000, 0x00000000d0000000)
  object space 1310720K, 89% used [0x0000000080000000,0x00000000c77cef10,0x00000000d0000000)
 Metaspace       used 250934K, capacity 255814K, committed 256000K, reserved 747520K
  class space    used 23986K, capacity 24962K, committed 25088K, reserved 516096K
2025-05-15T06:58:22.371+0900: 45913.658: [GC (Allocation Failure) [PSYoungGen: 590720K->1040K(688128K)] 1761979K->1172347K(1998848K), 0.0113947 secs] [Times: user=0.03 sys=0.00, real=0.01 secs] 
Heap after GC invocations=833 (full 2):
 PSYoungGen      total 688128K, used 1040K [0x00000000d0000000, 0x0000000100000000, 0x0000000100000000)
  eden space 589824K, 0% used [0x00000000d0000000,0x00000000d0000000,0x00000000f4000000)
  from space 98304K, 1% used [0x00000000f4000000,0x00000000f4104010,0x00000000fa000000)
  to   space 98304K, 0% used [0x00000000fa000000,0x00000000fa000000,0x0000000100000000)
 ParOldGen       total 1310720K, used 1171307K [0x0000000080000000, 0x00000000d0000000, 0x00000000d0000000)
  object space 1310720K, 89% used [0x0000000080000000,0x00000000c77daf10,0x00000000d0000000)
 Metaspace       used 250934K, capacity 255814K, committed 256000K, reserved 747520K
  class space    used 23986K, capacity 24962K, committed 25088K, reserved 516096K
}
{Heap before GC invocations=834 (full 2):
 PSYoungGen      total 688128K, used 590864K [0x00000000d0000000, 0x0000000100000000, 0x0000000100000000)
  eden space 589824K, 100% used [0x00000000d0000000,0x00000000f4000000,0x00000000f4000000)
  from space 98304K, 1% used [0x00000000f4000000,0x00000000f4104010,0x00000000fa000000)
  to   space 98304K, 0% used [0x00000000fa000000,0x00000000fa000000,0x0000000100000000)
 ParOldGen       total 1310720K, used 1171307K [0x0000000080000000, 0x00000000d0000000, 0x00000000d0000000)
  object space 1310720K, 89% used [0x0000000080000000,0x00000000c77daf10,0x00000000d0000000)
 Metaspace       used 250936K, capacity 255814K, committed 256000K, reserved 747520K
  class space    used 23986K, capacity 24962K, committed 25088K, reserved 516096K
2025-05-15T06:59:23.935+0900: 45975.223: [GC (Allocation Failure) [PSYoungGen: 590864K->976K(688128K)] 1762171K->1172323K(1998848K), 0.0139684 secs] [Times: user=0.02 sys=0.00, real=0.02 secs] 
Heap after GC invocations=834 (full 2):
 PSYoungGen      total 688128K, used 976K [0x00000000d0000000, 0x0000000100000000, 0x0000000100000000)
  eden space 589824K, 0% used [0x00000000d0000000,0x00000000d0000000,0x00000000f4000000)
  from space 98304K, 0% used [0x00000000fa000000,0x00000000fa0f4010,0x0000000100000000)
  to   space 98304K, 0% used [0x00000000f4000000,0x00000000f4000000,0x00000000fa000000)
 ParOldGen       total 1310720K, used 1171347K [0x0000000080000000, 0x00000000d0000000, 0x00000000d0000000)
  object space 1310720K, 89% used [0x0000000080000000,0x00000000c77e4f10,0x00000000d0000000)
 Metaspace       used 250936K, capacity 255814K, committed 256000K, reserved 747520K
  class space    used 23986K, capacity 24962K, committed 25088K, reserved 516096K
}
{Heap before GC invocations=835 (full 2):
 PSYoungGen      total 688128K, used 590800K [0x00000000d0000000, 0x0000000100000000, 0x0000000100000000)
  eden space 589824K, 100% used [0x00000000d0000000,0x00000000f4000000,0x00000000f4000000)
  from space 98304K, 0% used [0x00000000fa000000,0x00000000fa0f4010,0x0000000100000000)
  to   space 98304K, 0% used [0x00000000f4000000,0x00000000f4000000,0x00000000fa000000)
 ParOldGen       total 1310720K, used 1171347K [0x0000000080000000, 0x00000000d0000000, 0x00000000d0000000)
  object space 1310720K, 89% used [0x0000000080000000,0x00000000c77e4f10,0x00000000d0000000)
 Metaspace       used 250936K, capacity 255814K, committed 256000K, reserved 747520K
  class space    used 23986K, capacity 24962K, committed 25088K, reserved 516096K
2025-05-15T07:00:26.078+0900: 46037.365: [GC (Allocation Failure) [PSYoungGen: 590800K->1008K(688128K)] 1762147K->1172395K(1998848K), 0.0119668 secs] [Times: user=0.03 sys=0.00, real=0.02 secs] 
Heap after GC invocations=835 (full 2):
 PSYoungGen      total 688128K, used 1008K [0x00000000d0000000, 0x0000000100000000, 0x0000000100000000)
  eden space 589824K, 0% used [0x00000000d0000000,0x00000000d0000000,0x00000000f4000000)
  from space 98304K, 1% used [0x00000000f4000000,0x00000000f40fc010,0x00000000fa000000)
  to   space 98304K, 0% used [0x00000000fa000000,0x00000000fa000000,0x0000000100000000)
 ParOldGen       total 1310720K, used 1171387K [0x0000000080000000, 0x00000000d0000000, 0x00000000d0000000)
  object space 1310720K, 89% used [0x0000000080000000,0x00000000c77eef10,0x00000000d0000000)
 Metaspace       used 250936K, capacity 255814K, committed 256000K, reserved 747520K
  class space    used 23986K, capacity 24962K, committed 25088K, reserved 516096K
}
{Heap before GC invocations=836 (full 2):
 PSYoungGen      total 688128K, used 590832K [0x00000000d0000000, 0x0000000100000000, 0x0000000100000000)
  eden space 589824K, 100% used [0x00000000d0000000,0x00000000f4000000,0x00000000f4000000)
  from space 98304K, 1% used [0x00000000f4000000,0x00000000f40fc010,0x00000000fa000000)
  to   space 98304K, 0% used [0x00000000fa000000,0x00000000fa000000,0x0000000100000000)
 ParOldGen       total 1310720K, used 1171387K [0x0000000080000000, 0x00000000d0000000, 0x00000000d0000000)
  object space 1310720K, 89% used [0x0000000080000000,0x00000000c77eef10,0x00000000d0000000)
 Metaspace       used 250940K, capacity 255814K, committed 256000K, reserved 747520K
  class space    used 23986K, capacity 24962K, committed 25088K, reserved 516096K
2025-05-15T07:01:28.099+0900: 46099.386: [GC (Allocation Failure) [PSYoungGen: 590832K->1008K(688128K)] 1762219K->1172443K(1998848K), 0.0122935 secs] [Times: user=0.02 sys=0.00, real=0.01 secs] 
Heap after GC invocations=836 (full 2):
 PSYoungGen      total 688128K, used 1008K [0x00000000d0000000, 0x0000000100000000, 0x0000000100000000)
  eden space 589824K, 0% used [0x00000000d0000000,0x00000000d0000000,0x00000000f4000000)
  from space 98304K, 1% used [0x00000000fa000000,0x00000000fa0fc010,0x0000000100000000)
  to   space 98304K, 0% used [0x00000000f4000000,0x00000000f4000000,0x00000000fa000000)
 ParOldGen       total 1310720K, used 1171435K [0x0000000080000000, 0x00000000d0000000, 0x00000000d0000000)
  object space 1310720K, 89% used [0x0000000080000000,0x00000000c77faf10,0x00000000d0000000)
 Metaspace       used 250940K, capacity 255814K, committed 256000K, reserved 747520K
  class space    used 23986K, capacity 24962K, committed 25088K, reserved 516096K
}
{Heap before GC invocations=837 (full 2):
 PSYoungGen      total 688128K, used 590832K [0x00000000d0000000, 0x0000000100000000, 0x0000000100000000)
  eden space 589824K, 100% used [0x00000000d0000000,0x00000000f4000000,0x00000000f4000000)
  from space 98304K, 1% used [0x00000000fa000000,0x00000000fa0fc010,0x0000000100000000)
  to   space 98304K, 0% used [0x00000000f4000000,0x00000000f4000000,0x00000000fa000000)
 ParOldGen       total 1310720K, used 1171435K [0x0000000080000000, 0x00000000d0000000, 0x00000000d0000000)
  object space 1310720K, 89% used [0x0000000080000000,0x00000000c77faf10,0x00000000d0000000)
 Metaspace       used 250947K, capacity 255814K, committed 256000K, reserved 747520K
  class space    used 23986K, capacity 24962K, committed 25088K, reserved 516096K
2025-05-15T07:02:30.275+0900: 46161.562: [GC (Allocation Failure) [PSYoungGen: 590832K->1040K(688128K)] 1762267K->1172515K(1998848K), 0.0116805 secs] [Times: user=0.03 sys=0.00, real=0.01 secs] 
Heap after GC invocations=837 (full 2):
 PSYoungGen      total 688128K, used 1040K [0x00000000d0000000, 0x0000000100000000, 0x0000000100000000)
  eden space 589824K, 0% used [0x00000000d0000000,0x00000000d0000000,0x00000000f4000000)
  from space 98304K, 1% used [0x00000000f4000000,0x00000000f4104010,0x00000000fa000000)
  to   space 98304K, 0% used [0x00000000fa000000,0x00000000fa000000,0x0000000100000000)
 ParOldGen       total 1310720K, used 1171475K [0x0000000080000000, 0x00000000d0000000, 0x00000000d0000000)
  object space 1310720K, 89% used [0x0000000080000000,0x00000000c7804f10,0x00000000d0000000)
 Metaspace       used 250947K, capacity 255814K, committed 256000K, reserved 747520K
  class space    used 23986K, capacity 24962K, committed 25088K, reserved 516096K
}
{Heap before GC invocations=838 (full 2):
 PSYoungGen      total 688128K, used 590864K [0x00000000d0000000, 0x0000000100000000, 0x0000000100000000)
  eden space 589824K, 100% used [0x00000000d0000000,0x00000000f4000000,0x00000000f4000000)
  from space 98304K, 1% used [0x00000000f4000000,0x00000000f4104010,0x00000000fa000000)
  to   space 98304K, 0% used [0x00000000fa000000,0x00000000fa000000,0x0000000100000000)
 ParOldGen       total 1310720K, used 1171475K [0x0000000080000000, 0x00000000d0000000, 0x00000000d0000000)
  object space 1310720K, 89% used [0x0000000080000000,0x00000000c7804f10,0x00000000d0000000)
 Metaspace       used 250955K, capacity 255814K, committed 256000K, reserved 747520K
  class space    used 23986K, capacity 24962K, committed 25088K, reserved 516096K
2025-05-15T07:03:33.415+0900: 46224.702: [GC (Allocation Failure) [PSYoungGen: 590864K->1040K(688128K)] 1762339K->1172571K(1998848K), 0.0120500 secs] [Times: user=0.03 sys=0.00, real=0.01 secs] 
Heap after GC invocations=838 (full 2):
 PSYoungGen      total 688128K, used 1040K [0x00000000d0000000, 0x0000000100000000, 0x0000000100000000)
  eden space 589824K, 0% used [0x00000000d0000000,0x00000000d0000000,0x00000000f4000000)
  from space 98304K, 1% used [0x00000000fa000000,0x00000000fa104010,0x0000000100000000)
  to   space 98304K, 0% used [0x00000000f4000000,0x00000000f4000000,0x00000000fa000000)
 ParOldGen       total 1310720K, used 1171531K [0x0000000080000000, 0x00000000d0000000, 0x00000000d0000000)
  object space 1310720K, 89% used [0x0000000080000000,0x00000000c7812f10,0x00000000d0000000)
 Metaspace       used 250955K, capacity 255814K, committed 256000K, reserved 747520K
  class space    used 23986K, capacity 24962K, committed 25088K, reserved 516096K
}
{Heap before GC invocations=839 (full 2):
 PSYoungGen      total 688128K, used 590864K [0x00000000d0000000, 0x0000000100000000, 0x0000000100000000)
  eden space 589824K, 100% used [0x00000000d0000000,0x00000000f4000000,0x00000000f4000000)
  from space 98304K, 1% used [0x00000000fa000000,0x00000000fa104010,0x0000000100000000)
  to   space 98304K, 0% used [0x00000000f4000000,0x00000000f4000000,0x00000000fa000000)
 ParOldGen       total 1310720K, used 1171531K [0x0000000080000000, 0x00000000d0000000, 0x00000000d0000000)
  object space 1310720K, 89% used [0x0000000080000000,0x00000000c7812f10,0x00000000d0000000)
 Metaspace       used 250955K, capacity 255814K, committed 256000K, reserved 747520K
  class space    used 23986K, capacity 24962K, committed 25088K, reserved 516096K
2025-05-15T07:04:35.614+0900: 46286.901: [GC (Allocation Failure) [PSYoungGen: 590864K->1024K(688128K)] 1762395K->1172595K(1998848K), 0.0117228 secs] [Times: user=0.03 sys=0.00, real=0.01 secs] 
Heap after GC invocations=839 (full 2):
 PSYoungGen      total 688128K, used 1024K [0x00000000d0000000, 0x0000000100000000, 0x0000000100000000)
  eden space 589824K, 0% used [0x00000000d0000000,0x00000000d0000000,0x00000000f4000000)
  from space 98304K, 1% used [0x00000000f4000000,0x00000000f4100020,0x00000000fa000000)
  to   space 98304K, 0% used [0x00000000fa000000,0x00000000fa000000,0x0000000100000000)
 ParOldGen       total 1310720K, used 1171571K [0x0000000080000000, 0x00000000d0000000, 0x00000000d0000000)
  object space 1310720K, 89% used [0x0000000080000000,0x00000000c781cf10,0x00000000d0000000)
 Metaspace       used 250955K, capacity 255814K, committed 256000K, reserved 747520K
  class space    used 23986K, capacity 24962K, committed 25088K, reserved 516096K
}
{Heap before GC invocations=840 (full 2):
 PSYoungGen      total 688128K, used 590848K [0x00000000d0000000, 0x0000000100000000, 0x0000000100000000)
  eden space 589824K, 100% used [0x00000000d0000000,0x00000000f4000000,0x00000000f4000000)
  from space 98304K, 1% used [0x00000000f4000000,0x00000000f4100020,0x00000000fa000000)
  to   space 98304K, 0% used [0x00000000fa000000,0x00000000fa000000,0x0000000100000000)
 ParOldGen       total 1310720K, used 1171571K [0x0000000080000000, 0x00000000d0000000, 0x00000000d0000000)
  object space 1310720K, 89% used [0x0000000080000000,0x00000000c781cf10,0x00000000d0000000)
 Metaspace       used 250955K, capacity 255814K, committed 256000K, reserved 747520K
  class space    used 23986K, capacity 24962K, committed 25088K, reserved 516096K
2025-05-15T07:05:35.774+0900: 46347.061: [GC (Allocation Failure) [PSYoungGen: 590848K->1360K(688128K)] 1762419K->1172979K(1998848K), 0.0124209 secs] [Times: user=0.03 sys=0.00, real=0.01 secs] 
Heap after GC invocations=840 (full 2):
 PSYoungGen      total 688128K, used 1360K [0x00000000d0000000, 0x0000000100000000, 0x0000000100000000)
  eden space 589824K, 0% used [0x00000000d0000000,0x00000000d0000000,0x00000000f4000000)
  from space 98304K, 1% used [0x00000000fa000000,0x00000000fa154030,0x0000000100000000)
  to   space 98304K, 0% used [0x00000000f4000000,0x00000000f4000000,0x00000000fa000000)
 ParOldGen       total 1310720K, used 1171619K [0x0000000080000000, 0x00000000d0000000, 0x00000000d0000000)
  object space 1310720K, 89% used [0x0000000080000000,0x00000000c7828f10,0x00000000d0000000)
 Metaspace       used 250955K, capacity 255814K, committed 256000K, reserved 747520K
  class space    used 23986K, capacity 24962K, committed 25088K, reserved 516096K
}
{Heap before GC invocations=841 (full 2):
 PSYoungGen      total 688128K, used 591184K [0x00000000d0000000, 0x0000000100000000, 0x0000000100000000)
  eden space 589824K, 100% used [0x00000000d0000000,0x00000000f4000000,0x00000000f4000000)
  from space 98304K, 1% used [0x00000000fa000000,0x00000000fa154030,0x0000000100000000)
  to   space 98304K, 0% used [0x00000000f4000000,0x00000000f4000000,0x00000000fa000000)
 ParOldGen       total 1310720K, used 1171619K [0x0000000080000000, 0x00000000d0000000, 0x00000000d0000000)
  object space 1310720K, 89% used [0x0000000080000000,0x00000000c7828f10,0x00000000d0000000)
 Metaspace       used 250955K, capacity 255814K, committed 256000K, reserved 747520K
  class space    used 23986K, capacity 24962K, committed 25088K, reserved 516096K
2025-05-15T07:06:36.844+0900: 46408.131: [GC (Allocation Failure) [PSYoungGen: 591184K->1330K(688128K)] 1762803K->1172982K(1998848K), 0.0123037 secs] [Times: user=0.03 sys=0.00, real=0.01 secs] 
Heap after GC invocations=841 (full 2):
 PSYoungGen      total 688128K, used 1330K [0x00000000d0000000, 0x0000000100000000, 0x0000000100000000)
  eden space 589824K, 0% used [0x00000000d0000000,0x00000000d0000000,0x00000000f4000000)
  from space 98304K, 1% used [0x00000000f4000000,0x00000000f414c950,0x00000000fa000000)
  to   space 98304K, 0% used [0x00000000fa000000,0x00000000fa000000,0x0000000100000000)
 ParOldGen       total 1310720K, used 1171651K [0x0000000080000000, 0x00000000d0000000, 0x00000000d0000000)
  object space 1310720K, 89% used [0x0000000080000000,0x00000000c7830f10,0x00000000d0000000)
 Metaspace       used 250955K, capacity 255814K, committed 256000K, reserved 747520K
  class space    used 23986K, capacity 24962K, committed 25088K, reserved 516096K
}
{Heap before GC invocations=842 (full 2):
 PSYoungGen      total 688128K, used 591154K [0x00000000d0000000, 0x0000000100000000, 0x0000000100000000)
  eden space 589824K, 100% used [0x00000000d0000000,0x00000000f4000000,0x00000000f4000000)
  from space 98304K, 1% used [0x00000000f4000000,0x00000000f414c950,0x00000000fa000000)
  to   space 98304K, 0% used [0x00000000fa000000,0x00000000fa000000,0x0000000100000000)
 ParOldGen       total 1310720K, used 1171651K [0x0000000080000000, 0x00000000d0000000, 0x00000000d0000000)
  object space 1310720K, 89% used [0x0000000080000000,0x00000000c7830f10,0x00000000d0000000)
 Metaspace       used 250957K, capacity 255814K, committed 256000K, reserved 747520K
  class space    used 23986K, capacity 24962K, committed 25088K, reserved 516096K
2025-05-15T07:07:34.044+0900: 46465.331: [GC (Allocation Failure) [PSYoungGen: 591154K->1906K(688128K)] 1762806K->1173598K(1998848K), 0.0117355 secs] [Times: user=0.03 sys=0.00, real=0.01 secs] 
Heap after GC invocations=842 (full 2):
 PSYoungGen      total 688128K, used 1906K [0x00000000d0000000, 0x0000000100000000, 0x0000000100000000)
  eden space 589824K, 0% used [0x00000000d0000000,0x00000000d0000000,0x00000000f4000000)
  from space 98304K, 1% used [0x00000000fa000000,0x00000000fa1dc938,0x0000000100000000)
  to   space 98304K, 0% used [0x00000000f4000000,0x00000000f4000000,0x00000000fa000000)
 ParOldGen       total 1310720K, used 1171691K [0x0000000080000000, 0x00000000d0000000, 0x00000000d0000000)
  object space 1310720K, 89% used [0x0000000080000000,0x00000000c783af10,0x00000000d0000000)
 Metaspace       used 250957K, capacity 255814K, committed 256000K, reserved 747520K
  class space    used 23986K, capacity 24962K, committed 25088K, reserved 516096K
}
{Heap before GC invocations=843 (full 2):
 PSYoungGen      total 688128K, used 591730K [0x00000000d0000000, 0x0000000100000000, 0x0000000100000000)
  eden space 589824K, 100% used [0x00000000d0000000,0x00000000f4000000,0x00000000f4000000)
  from space 98304K, 1% used [0x00000000fa000000,0x00000000fa1dc938,0x0000000100000000)
  to   space 98304K, 0% used [0x00000000f4000000,0x00000000f4000000,0x00000000fa000000)
 ParOldGen       total 1310720K, used 1171691K [0x0000000080000000, 0x00000000d0000000, 0x00000000d0000000)
  object space 1310720K, 89% used [0x0000000080000000,0x00000000c783af10,0x00000000d0000000)
 Metaspace       used 250961K, capacity 255814K, committed 256000K, reserved 747520K
  class space    used 23986K, capacity 24962K, committed 25088K, reserved 516096K
2025-05-15T07:08:34.390+0900: 46525.677: [GC (Allocation Failure) [PSYoungGen: 591730K->2002K(688128K)] 1763422K->1173742K(1998848K), 0.0117118 secs] [Times: user=0.03 sys=0.00, real=0.01 secs] 
Heap after GC invocations=843 (full 2):
 PSYoungGen      total 688128K, used 2002K [0x00000000d0000000, 0x0000000100000000, 0x0000000100000000)
  eden space 589824K, 0% used [0x00000000d0000000,0x00000000d0000000,0x00000000f4000000)
  from space 98304K, 2% used [0x00000000f4000000,0x00000000f41f4a20,0x00000000fa000000)
  to   space 98304K, 0% used [0x00000000fa000000,0x00000000fa000000,0x0000000100000000)
 ParOldGen       total 1310720K, used 1171739K [0x0000000080000000, 0x00000000d0000000, 0x00000000d0000000)
  object space 1310720K, 89% used [0x0000000080000000,0x00000000c7846f10,0x00000000d0000000)
 Metaspace       used 250961K, capacity 255814K, committed 256000K, reserved 747520K
  class space    used 23986K, capacity 24962K, committed 25088K, reserved 516096K
}
{Heap before GC invocations=844 (full 2):
 PSYoungGen      total 688128K, used 591826K [0x00000000d0000000, 0x0000000100000000, 0x0000000100000000)
  eden space 589824K, 100% used [0x00000000d0000000,0x00000000f4000000,0x00000000f4000000)
  from space 98304K, 2% used [0x00000000f4000000,0x00000000f41f4a20,0x00000000fa000000)
  to   space 98304K, 0% used [0x00000000fa000000,0x00000000fa000000,0x0000000100000000)
 ParOldGen       total 1310720K, used 1171739K [0x0000000080000000, 0x00000000d0000000, 0x00000000d0000000)
  object space 1310720K, 89% used [0x0000000080000000,0x00000000c7846f10,0x00000000d0000000)
 Metaspace       used 250964K, capacity 255814K, committed 256000K, reserved 747520K
  class space    used 23986K, capacity 24962K, committed 25088K, reserved 516096K
2025-05-15T07:09:34.489+0900: 46585.776: [GC (Allocation Failure) [PSYoungGen: 591826K->1658K(688128K)] 1763566K->1173454K(1998848K), 0.0122935 secs] [Times: user=0.03 sys=0.00, real=0.01 secs] 
Heap after GC invocations=844 (full 2):
 PSYoungGen      total 688128K, used 1658K [0x00000000d0000000, 0x0000000100000000, 0x0000000100000000)
  eden space 589824K, 0% used [0x00000000d0000000,0x00000000d0000000,0x00000000f4000000)
  from space 98304K, 1% used [0x00000000fa000000,0x00000000fa19ea30,0x0000000100000000)
  to   space 98304K, 0% used [0x00000000f4000000,0x00000000f4000000,0x00000000fa000000)
 ParOldGen       total 1310720K, used 1171795K [0x0000000080000000, 0x00000000d0000000, 0x00000000d0000000)
  object space 1310720K, 89% used [0x0000000080000000,0x00000000c7854f10,0x00000000d0000000)
 Metaspace       used 250964K, capacity 255814K, committed 256000K, reserved 747520K
  class space    used 23986K, capacity 24962K, committed 25088K, reserved 516096K
}
{Heap before GC invocations=845 (full 2):
 PSYoungGen      total 688128K, used 591482K [0x00000000d0000000, 0x0000000100000000, 0x0000000100000000)
  eden space 589824K, 100% used [0x00000000d0000000,0x00000000f4000000,0x00000000f4000000)
  from space 98304K, 1% used [0x00000000fa000000,0x00000000fa19ea30,0x0000000100000000)
  to   space 98304K, 0% used [0x00000000f4000000,0x00000000f4000000,0x00000000fa000000)
 ParOldGen       total 1310720K, used 1171795K [0x0000000080000000, 0x00000000d0000000, 0x00000000d0000000)
  object space 1310720K, 89% used [0x0000000080000000,0x00000000c7854f10,0x00000000d0000000)
 Metaspace       used 250966K, capacity 255814K, committed 256000K, reserved 747520K
  class space    used 23986K, capacity 24962K, committed 25088K, reserved 516096K
2025-05-15T07:10:19.486+0900: 46630.773: [GC (Allocation Failure) [PSYoungGen: 591482K->37156K(688128K)] 1763278K->1208968K(1998848K), 0.0187868 secs] [Times: user=0.03 sys=0.00, real=0.02 secs] 
Heap after GC invocations=845 (full 2):
 PSYoungGen      total 688128K, used 37156K [0x00000000d0000000, 0x0000000100000000, 0x0000000100000000)
  eden space 589824K, 0% used [0x00000000d0000000,0x00000000d0000000,0x00000000f4000000)
  from space 98304K, 37% used [0x00000000f4000000,0x00000000f64492c8,0x00000000fa000000)
  to   space 98304K, 0% used [0x00000000fa000000,0x00000000fa000000,0x0000000100000000)
 ParOldGen       total 1310720K, used 1171811K [0x0000000080000000, 0x00000000d0000000, 0x00000000d0000000)
  object space 1310720K, 89% used [0x0000000080000000,0x00000000c7858f10,0x00000000d0000000)
 Metaspace       used 250966K, capacity 255814K, committed 256000K, reserved 747520K
  class space    used 23986K, capacity 24962K, committed 25088K, reserved 516096K
}
{Heap before GC invocations=846 (full 2):
 PSYoungGen      total 688128K, used 626980K [0x00000000d0000000, 0x0000000100000000, 0x0000000100000000)
  eden space 589824K, 100% used [0x00000000d0000000,0x00000000f4000000,0x00000000f4000000)
  from space 98304K, 37% used [0x00000000f4000000,0x00000000f64492c8,0x00000000fa000000)
  to   space 98304K, 0% used [0x00000000fa000000,0x00000000fa000000,0x0000000100000000)
 ParOldGen       total 1310720K, used 1171811K [0x0000000080000000, 0x00000000d0000000, 0x00000000d0000000)
  object space 1310720K, 89% used [0x0000000080000000,0x00000000c7858f10,0x00000000d0000000)
 Metaspace       used 250966K, capacity 255814K, committed 256000K, reserved 747520K
  class space    used 23986K, capacity 24962K, committed 25088K, reserved 516096K
2025-05-15T07:11:16.399+0900: 46687.686: [GC (Allocation Failure) [PSYoungGen: 626980K->10776K(688128K)] 1798792K->1182620K(1998848K), 0.0125282 secs] [Times: user=0.03 sys=0.00, real=0.01 secs] 
Heap after GC invocations=846 (full 2):
 PSYoungGen      total 688128K, used 10776K [0x00000000d0000000, 0x0000000100000000, 0x0000000100000000)
  eden space 589824K, 0% used [0x00000000d0000000,0x00000000d0000000,0x00000000f4000000)
  from space 98304K, 10% used [0x00000000fa000000,0x00000000faa862d0,0x0000000100000000)
  to   space 98304K, 0% used [0x00000000f4000000,0x00000000f4000000,0x00000000fa000000)
 ParOldGen       total 1310720K, used 1171843K [0x0000000080000000, 0x00000000d0000000, 0x00000000d0000000)
  object space 1310720K, 89% used [0x0000000080000000,0x00000000c7860f10,0x00000000d0000000)
 Metaspace       used 250966K, capacity 255814K, committed 256000K, reserved 747520K
  class space    used 23986K, capacity 24962K, committed 25088K, reserved 516096K
}
{Heap before GC invocations=847 (full 2):
 PSYoungGen      total 688128K, used 600600K [0x00000000d0000000, 0x0000000100000000, 0x0000000100000000)
  eden space 589824K, 100% used [0x00000000d0000000,0x00000000f4000000,0x00000000f4000000)
  from space 98304K, 10% used [0x00000000fa000000,0x00000000faa862d0,0x0000000100000000)
  to   space 98304K, 0% used [0x00000000f4000000,0x00000000f4000000,0x00000000fa000000)
 ParOldGen       total 1310720K, used 1171843K [0x0000000080000000, 0x00000000d0000000, 0x00000000d0000000)
  object space 1310720K, 89% used [0x0000000080000000,0x00000000c7860f10,0x00000000d0000000)
 Metaspace       used 250966K, capacity 255814K, committed 256000K, reserved 747520K
  class space    used 23986K, capacity 24962K, committed 25088K, reserved 516096K
2025-05-15T07:12:17.443+0900: 46748.730: [GC (Allocation Failure) [PSYoungGen: 600600K->10680K(688128K)] 1772444K->1182531K(1998848K), 0.0120042 secs] [Times: user=0.03 sys=0.00, real=0.01 secs] 
Heap after GC invocations=847 (full 2):
 PSYoungGen      total 688128K, used 10680K [0x00000000d0000000, 0x0000000100000000, 0x0000000100000000)
  eden space 589824K, 0% used [0x00000000d0000000,0x00000000d0000000,0x00000000f4000000)
  from space 98304K, 10% used [0x00000000f4000000,0x00000000f4a6e0d0,0x00000000fa000000)
  to   space 98304K, 0% used [0x00000000fa000000,0x00000000fa000000,0x0000000100000000)
 ParOldGen       total 1310720K, used 1171851K [0x0000000080000000, 0x00000000d0000000, 0x00000000d0000000)
  object space 1310720K, 89% used [0x0000000080000000,0x00000000c7862f10,0x00000000d0000000)
 Metaspace       used 250966K, capacity 255814K, committed 256000K, reserved 747520K
  class space    used 23986K, capacity 24962K, committed 25088K, reserved 516096K
}
{Heap before GC invocations=848 (full 2):
 PSYoungGen      total 688128K, used 600504K [0x00000000d0000000, 0x0000000100000000, 0x0000000100000000)
  eden space 589824K, 100% used [0x00000000d0000000,0x00000000f4000000,0x00000000f4000000)
  from space 98304K, 10% used [0x00000000f4000000,0x00000000f4a6e0d0,0x00000000fa000000)
  to   space 98304K, 0% used [0x00000000fa000000,0x00000000fa000000,0x0000000100000000)
 ParOldGen       total 1310720K, used 1171851K [0x0000000080000000, 0x00000000d0000000, 0x00000000d0000000)
  object space 1310720K, 89% used [0x0000000080000000,0x00000000c7862f10,0x00000000d0000000)
 Metaspace       used 250966K, capacity 255814K, committed 256000K, reserved 747520K
  class space    used 23986K, capacity 24962K, committed 25088K, reserved 516096K
2025-05-15T07:13:19.635+0900: 46810.922: [GC (Allocation Failure) [PSYoungGen: 600504K->10632K(688128K)] 1772355K->1182507K(1998848K), 0.0129938 secs] [Times: user=0.03 sys=0.00, real=0.01 secs] 
Heap after GC invocations=848 (full 2):
 PSYoungGen      total 688128K, used 10632K [0x00000000d0000000, 0x0000000100000000, 0x0000000100000000)
  eden space 589824K, 0% used [0x00000000d0000000,0x00000000d0000000,0x00000000f4000000)
  from space 98304K, 10% used [0x00000000fa000000,0x00000000faa620e0,0x0000000100000000)
  to   space 98304K, 0% used [0x00000000f4000000,0x00000000f4000000,0x00000000fa000000)
 ParOldGen       total 1310720K, used 1171875K [0x0000000080000000, 0x00000000d0000000, 0x00000000d0000000)
  object space 1310720K, 89% used [0x0000000080000000,0x00000000c7868f10,0x00000000d0000000)
 Metaspace       used 250966K, capacity 255814K, committed 256000K, reserved 747520K
  class space    used 23986K, capacity 24962K, committed 25088K, reserved 516096K
}
{Heap before GC invocations=849 (full 2):
 PSYoungGen      total 688128K, used 600456K [0x00000000d0000000, 0x0000000100000000, 0x0000000100000000)
  eden space 589824K, 100% used [0x00000000d0000000,0x00000000f4000000,0x00000000f4000000)
  from space 98304K, 10% used [0x00000000fa000000,0x00000000faa620e0,0x0000000100000000)
  to   space 98304K, 0% used [0x00000000f4000000,0x00000000f4000000,0x00000000fa000000)
 ParOldGen       total 1310720K, used 1171875K [0x0000000080000000, 0x00000000d0000000, 0x00000000d0000000)
  object space 1310720K, 89% used [0x0000000080000000,0x00000000c7868f10,0x00000000d0000000)
 Metaspace       used 250966K, capacity 255814K, committed 256000K, reserved 747520K
  class space    used 23986K, capacity 24962K, committed 25088K, reserved 516096K
2025-05-15T07:14:21.865+0900: 46873.152: [GC (Allocation Failure) [PSYoungGen: 600456K->10554K(688128K)] 1772331K->1182438K(1998848K), 0.0124810 secs] [Times: user=0.04 sys=0.00, real=0.01 secs] 
Heap after GC invocations=849 (full 2):
 PSYoungGen      total 688128K, used 10554K [0x00000000d0000000, 0x0000000100000000, 0x0000000100000000)
  eden space 589824K, 0% used [0x00000000d0000000,0x00000000d0000000,0x00000000f4000000)
  from space 98304K, 10% used [0x00000000f4000000,0x00000000f4a4ea30,0x00000000fa000000)
  to   space 98304K, 0% used [0x00000000fa000000,0x00000000fa000000,0x0000000100000000)
 ParOldGen       total 1310720K, used 1171883K [0x0000000080000000, 0x00000000d0000000, 0x00000000d0000000)
  object space 1310720K, 89% used [0x0000000080000000,0x00000000c786af10,0x00000000d0000000)
 Metaspace       used 250966K, capacity 255814K, committed 256000K, reserved 747520K
  class space    used 23986K, capacity 24962K, committed 25088K, reserved 516096K
}
{Heap before GC invocations=850 (full 2):
 PSYoungGen      total 688128K, used 600378K [0x00000000d0000000, 0x0000000100000000, 0x0000000100000000)
  eden space 589824K, 100% used [0x00000000d0000000,0x00000000f4000000,0x00000000f4000000)
  from space 98304K, 10% used [0x00000000f4000000,0x00000000f4a4ea30,0x00000000fa000000)
  to   space 98304K, 0% used [0x00000000fa000000,0x00000000fa000000,0x0000000100000000)
 ParOldGen       total 1310720K, used 1171883K [0x0000000080000000, 0x00000000d0000000, 0x00000000d0000000)
  object space 1310720K, 89% used [0x0000000080000000,0x00000000c786af10,0x00000000d0000000)
 Metaspace       used 250966K, capacity 255814K, committed 256000K, reserved 747520K
  class space    used 23986K, capacity 24962K, committed 25088K, reserved 516096K
2025-05-15T07:15:24.084+0900: 46935.371: [GC (Allocation Failure) [PSYoungGen: 600378K->10586K(688128K)] 1772262K->1182486K(1998848K), 0.0125703 secs] [Times: user=0.03 sys=0.00, real=0.01 secs] 
Heap after GC invocations=850 (full 2):
 PSYoungGen      total 688128K, used 10586K [0x00000000d0000000, 0x0000000100000000, 0x0000000100000000)
  eden space 589824K, 0% used [0x00000000d0000000,0x00000000d0000000,0x00000000f4000000)
  from space 98304K, 10% used [0x00000000fa000000,0x00000000faa56a30,0x0000000100000000)
  to   space 98304K, 0% used [0x00000000f4000000,0x00000000f4000000,0x00000000fa000000)
 ParOldGen       total 1310720K, used 1171899K [0x0000000080000000, 0x00000000d0000000, 0x00000000d0000000)
  object space 1310720K, 89% used [0x0000000080000000,0x00000000c786ef10,0x00000000d0000000)
 Metaspace       used 250966K, capacity 255814K, committed 256000K, reserved 747520K
  class space    used 23986K, capacity 24962K, committed 25088K, reserved 516096K
}
{Heap before GC invocations=851 (full 2):
 PSYoungGen      total 688128K, used 600410K [0x00000000d0000000, 0x0000000100000000, 0x0000000100000000)
  eden space 589824K, 100% used [0x00000000d0000000,0x00000000f4000000,0x00000000f4000000)
  from space 98304K, 10% used [0x00000000fa000000,0x00000000faa56a30,0x0000000100000000)
  to   space 98304K, 0% used [0x00000000f4000000,0x00000000f4000000,0x00000000fa000000)
 ParOldGen       total 1310720K, used 1171899K [0x0000000080000000, 0x00000000d0000000, 0x00000000d0000000)
  object space 1310720K, 89% used [0x0000000080000000,0x00000000c786ef10,0x00000000d0000000)
 Metaspace       used 250966K, capacity 255814K, committed 256000K, reserved 747520K
  class space    used 23986K, capacity 24962K, committed 25088K, reserved 516096K
2025-05-15T07:16:26.207+0900: 46997.494: [GC (Allocation Failure) [PSYoungGen: 600410K->10554K(688128K)] 1772310K->1182486K(1998848K), 0.0128693 secs] [Times: user=0.03 sys=0.00, real=0.02 secs] 
Heap after GC invocations=851 (full 2):
 PSYoungGen      total 688128K, used 10554K [0x00000000d0000000, 0x0000000100000000, 0x0000000100000000)
  eden space 589824K, 0% used [0x00000000d0000000,0x00000000d0000000,0x00000000f4000000)
  from space 98304K, 10% used [0x00000000f4000000,0x00000000f4a4ea30,0x00000000fa000000)
  to   space 98304K, 0% used [0x00000000fa000000,0x00000000fa000000,0x0000000100000000)
 ParOldGen       total 1310720K, used 1171931K [0x0000000080000000, 0x00000000d0000000, 0x00000000d0000000)
  object space 1310720K, 89% used [0x0000000080000000,0x00000000c7876f10,0x00000000d0000000)
 Metaspace       used 250966K, capacity 255814K, committed 256000K, reserved 747520K
  class space    used 23986K, capacity 24962K, committed 25088K, reserved 516096K
}
{Heap before GC invocations=852 (full 2):
 PSYoungGen      total 688128K, used 600378K [0x00000000d0000000, 0x0000000100000000, 0x0000000100000000)
  eden space 589824K, 100% used [0x00000000d0000000,0x00000000f4000000,0x00000000f4000000)
  from space 98304K, 10% used [0x00000000f4000000,0x00000000f4a4ea30,0x00000000fa000000)
  to   space 98304K, 0% used [0x00000000fa000000,0x00000000fa000000,0x0000000100000000)
 ParOldGen       total 1310720K, used 1171931K [0x0000000080000000, 0x00000000d0000000, 0x00000000d0000000)
  object space 1310720K, 89% used [0x0000000080000000,0x00000000c7876f10,0x00000000d0000000)
 Metaspace       used 250966K, capacity 255814K, committed 256000K, reserved 747520K
  class space    used 23986K, capacity 24962K, committed 25088K, reserved 516096K
2025-05-15T07:17:28.559+0900: 47059.846: [GC (Allocation Failure) [PSYoungGen: 600378K->10504K(688128K)] 1772310K->1182443K(1998848K), 0.0119601 secs] [Times: user=0.03 sys=0.00, real=0.01 secs] 
Heap after GC invocations=852 (full 2):
 PSYoungGen      total 688128K, used 10504K [0x00000000d0000000, 0x0000000100000000, 0x0000000100000000)
  eden space 589824K, 0% used [0x00000000d0000000,0x00000000d0000000,0x00000000f4000000)
  from space 98304K, 10% used [0x00000000fa000000,0x00000000faa420e0,0x0000000100000000)
  to   space 98304K, 0% used [0x00000000f4000000,0x00000000f4000000,0x00000000fa000000)
 ParOldGen       total 1310720K, used 1171939K [0x0000000080000000, 0x00000000d0000000, 0x00000000d0000000)
  object space 1310720K, 89% used [0x0000000080000000,0x00000000c7878f10,0x00000000d0000000)
 Metaspace       used 250966K, capacity 255814K, committed 256000K, reserved 747520K
  class space    used 23986K, capacity 24962K, committed 25088K, reserved 516096K
}
{Heap before GC invocations=853 (full 2):
 PSYoungGen      total 688128K, used 600328K [0x00000000d0000000, 0x0000000100000000, 0x0000000100000000)
  eden space 589824K, 100% used [0x00000000d0000000,0x00000000f4000000,0x00000000f4000000)
  from space 98304K, 10% used [0x00000000fa000000,0x00000000faa420e0,0x0000000100000000)
  to   space 98304K, 0% used [0x00000000f4000000,0x00000000f4000000,0x00000000fa000000)
 ParOldGen       total 1310720K, used 1171939K [0x0000000080000000, 0x00000000d0000000, 0x00000000d0000000)
  object space 1310720K, 89% used [0x0000000080000000,0x00000000c7878f10,0x00000000d0000000)
 Metaspace       used 250966K, capacity 255814K, committed 256000K, reserved 747520K
  class space    used 23986K, capacity 24962K, committed 25088K, reserved 516096K
2025-05-15T07:18:30.568+0900: 47121.856: [GC (Allocation Failure) [PSYoungGen: 600328K->10522K(688128K)] 1772267K->1182478K(1998848K), 0.0126823 secs] [Times: user=0.03 sys=0.00, real=0.01 secs] 
Heap after GC invocations=853 (full 2):
 PSYoungGen      total 688128K, used 10522K [0x00000000d0000000, 0x0000000100000000, 0x0000000100000000)
  eden space 589824K, 0% used [0x00000000d0000000,0x00000000d0000000,0x00000000f4000000)
  from space 98304K, 10% used [0x00000000f4000000,0x00000000f4a46a30,0x00000000fa000000)
  to   space 98304K, 0% used [0x00000000fa000000,0x00000000fa000000,0x0000000100000000)
 ParOldGen       total 1310720K, used 1171955K [0x0000000080000000, 0x00000000d0000000, 0x00000000d0000000)
  object space 1310720K, 89% used [0x0000000080000000,0x00000000c787cf10,0x00000000d0000000)
 Metaspace       used 250966K, capacity 255814K, committed 256000K, reserved 747520K
  class space    used 23986K, capacity 24962K, committed 25088K, reserved 516096K
}
{Heap before GC invocations=854 (full 2):
 PSYoungGen      total 688128K, used 600346K [0x00000000d0000000, 0x0000000100000000, 0x0000000100000000)
  eden space 589824K, 100% used [0x00000000d0000000,0x00000000f4000000,0x00000000f4000000)
  from space 98304K, 10% used [0x00000000f4000000,0x00000000f4a46a30,0x00000000fa000000)
  to   space 98304K, 0% used [0x00000000fa000000,0x00000000fa000000,0x0000000100000000)
 ParOldGen       total 1310720K, used 1171955K [0x0000000080000000, 0x00000000d0000000, 0x00000000d0000000)
  object space 1310720K, 89% used [0x0000000080000000,0x00000000c787cf10,0x00000000d0000000)
 Metaspace       used 250968K, capacity 255814K, committed 256000K, reserved 747520K
  class space    used 23986K, capacity 24962K, committed 25088K, reserved 516096K
2025-05-15T07:19:33.209+0900: 47184.496: [GC (Allocation Failure) [PSYoungGen: 600346K->10490K(688128K)] 1772302K->1182462K(1998848K), 0.0121257 secs] [Times: user=0.03 sys=0.00, real=0.01 secs] 
Heap after GC invocations=854 (full 2):
 PSYoungGen      total 688128K, used 10490K [0x00000000d0000000, 0x0000000100000000, 0x0000000100000000)
  eden space 589824K, 0% used [0x00000000d0000000,0x00000000d0000000,0x00000000f4000000)
  from space 98304K, 10% used [0x00000000fa000000,0x00000000faa3ea30,0x0000000100000000)
  to   space 98304K, 0% used [0x00000000f4000000,0x00000000f4000000,0x00000000fa000000)
 ParOldGen       total 1310720K, used 1171971K [0x0000000080000000, 0x00000000d0000000, 0x00000000d0000000)
  object space 1310720K, 89% used [0x0000000080000000,0x00000000c7880f10,0x00000000d0000000)
 Metaspace       used 250968K, capacity 255814K, committed 256000K, reserved 747520K
  class space    used 23986K, capacity 24962K, committed 25088K, reserved 516096K
}
{Heap before GC invocations=855 (full 2):
 PSYoungGen      total 688128K, used 600314K [0x00000000d0000000, 0x0000000100000000, 0x0000000100000000)
  eden space 589824K, 100% used [0x00000000d0000000,0x00000000f4000000,0x00000000f4000000)
  from space 98304K, 10% used [0x00000000fa000000,0x00000000faa3ea30,0x0000000100000000)
  to   space 98304K, 0% used [0x00000000f4000000,0x00000000f4000000,0x00000000fa000000)
 ParOldGen       total 1310720K, used 1171971K [0x0000000080000000, 0x00000000d0000000, 0x00000000d0000000)
  object space 1310720K, 89% used [0x0000000080000000,0x00000000c7880f10,0x00000000d0000000)
 Metaspace       used 250968K, capacity 255814K, committed 256000K, reserved 747520K
  class space    used 23986K, capacity 24962K, committed 25088K, reserved 516096K
2025-05-15T07:20:35.130+0900: 47246.417: [GC (Allocation Failure) [PSYoungGen: 600314K->10442K(688128K)] 1772286K->1182470K(1998848K), 0.0119818 secs] [Times: user=0.03 sys=0.00, real=0.01 secs] 
Heap after GC invocations=855 (full 2):
 PSYoungGen      total 688128K, used 10442K [0x00000000d0000000, 0x0000000100000000, 0x0000000100000000)
  eden space 589824K, 0% used [0x00000000d0000000,0x00000000d0000000,0x00000000f4000000)
  from space 98304K, 10% used [0x00000000f4000000,0x00000000f4a32a20,0x00000000fa000000)
  to   space 98304K, 0% used [0x00000000fa000000,0x00000000fa000000,0x0000000100000000)
 ParOldGen       total 1310720K, used 1172027K [0x0000000080000000, 0x00000000d0000000, 0x00000000d0000000)
  object space 1310720K, 89% used [0x0000000080000000,0x00000000c788ee60,0x00000000d0000000)
 Metaspace       used 250968K, capacity 255814K, committed 256000K, reserved 747520K
  class space    used 23986K, capacity 24962K, committed 25088K, reserved 516096K
}
{Heap before GC invocations=856 (full 2):
 PSYoungGen      total 688128K, used 600266K [0x00000000d0000000, 0x0000000100000000, 0x0000000100000000)
  eden space 589824K, 100% used [0x00000000d0000000,0x00000000f4000000,0x00000000f4000000)
  from space 98304K, 10% used [0x00000000f4000000,0x00000000f4a32a20,0x00000000fa000000)
  to   space 98304K, 0% used [0x00000000fa000000,0x00000000fa000000,0x0000000100000000)
 ParOldGen       total 1310720K, used 1172027K [0x0000000080000000, 0x00000000d0000000, 0x00000000d0000000)
  object space 1310720K, 89% used [0x0000000080000000,0x00000000c788ee60,0x00000000d0000000)
 Metaspace       used 250968K, capacity 255814K, committed 256000K, reserved 747520K
  class space    used 23986K, capacity 24962K, committed 25088K, reserved 516096K
2025-05-15T07:21:37.139+0900: 47308.426: [GC (Allocation Failure) [PSYoungGen: 600266K->10394K(688128K)] 1772294K->1182453K(1998848K), 0.0124660 secs] [Times: user=0.04 sys=0.00, real=0.01 secs] 
Heap after GC invocations=856 (full 2):
 PSYoungGen      total 688128K, used 10394K [0x00000000d0000000, 0x0000000100000000, 0x0000000100000000)
  eden space 589824K, 0% used [0x00000000d0000000,0x00000000d0000000,0x00000000f4000000)
  from space 98304K, 10% used [0x00000000fa000000,0x00000000faa26a30,0x0000000100000000)
  to   space 98304K, 0% used [0x00000000f4000000,0x00000000f4000000,0x00000000fa000000)
 ParOldGen       total 1310720K, used 1172059K [0x0000000080000000, 0x00000000d0000000, 0x00000000d0000000)
  object space 1310720K, 89% used [0x0000000080000000,0x00000000c7896db0,0x00000000d0000000)
 Metaspace       used 250968K, capacity 255814K, committed 256000K, reserved 747520K
  class space    used 23986K, capacity 24962K, committed 25088K, reserved 516096K
}
{Heap before GC invocations=857 (full 2):
 PSYoungGen      total 688128K, used 600218K [0x00000000d0000000, 0x0000000100000000, 0x0000000100000000)
  eden space 589824K, 100% used [0x00000000d0000000,0x00000000f4000000,0x00000000f4000000)
  from space 98304K, 10% used [0x00000000fa000000,0x00000000faa26a30,0x0000000100000000)
  to   space 98304K, 0% used [0x00000000f4000000,0x00000000f4000000,0x00000000fa000000)
 ParOldGen       total 1310720K, used 1172059K [0x0000000080000000, 0x00000000d0000000, 0x00000000d0000000)
  object space 1310720K, 89% used [0x0000000080000000,0x00000000c7896db0,0x00000000d0000000)
 Metaspace       used 250968K, capacity 255814K, committed 256000K, reserved 747520K
  class space    used 23986K, capacity 24962K, committed 25088K, reserved 516096K
2025-05-15T07:22:38.402+0900: 47369.689: [GC (Allocation Failure) [PSYoungGen: 600218K->10146K(688128K)] 1772277K->1182461K(1998848K), 0.0130274 secs] [Times: user=0.03 sys=0.00, real=0.01 secs] 
Heap after GC invocations=857 (full 2):
 PSYoungGen      total 688128K, used 10146K [0x00000000d0000000, 0x0000000100000000, 0x0000000100000000)
  eden space 589824K, 0% used [0x00000000d0000000,0x00000000d0000000,0x00000000f4000000)
  from space 98304K, 10% used [0x00000000f4000000,0x00000000f49e8960,0x00000000fa000000)
  to   space 98304K, 0% used [0x00000000fa000000,0x00000000fa000000,0x0000000100000000)
 ParOldGen       total 1310720K, used 1172315K [0x0000000080000000, 0x00000000d0000000, 0x00000000d0000000)
  object space 1310720K, 89% used [0x0000000080000000,0x00000000c78d6c60,0x00000000d0000000)
 Metaspace       used 250968K, capacity 255814K, committed 256000K, reserved 747520K
  class space    used 23986K, capacity 24962K, committed 25088K, reserved 516096K
}
{Heap before GC invocations=858 (full 2):
 PSYoungGen      total 688128K, used 599970K [0x00000000d0000000, 0x0000000100000000, 0x0000000100000000)
  eden space 589824K, 100% used [0x00000000d0000000,0x00000000f4000000,0x00000000f4000000)
  from space 98304K, 10% used [0x00000000f4000000,0x00000000f49e8960,0x00000000fa000000)
  to   space 98304K, 0% used [0x00000000fa000000,0x00000000fa000000,0x0000000100000000)
 ParOldGen       total 1310720K, used 1172315K [0x0000000080000000, 0x00000000d0000000, 0x00000000d0000000)
  object space 1310720K, 89% used [0x0000000080000000,0x00000000c78d6c60,0x00000000d0000000)
 Metaspace       used 250968K, capacity 255814K, committed 256000K, reserved 747520K
  class space    used 23986K, capacity 24962K, committed 25088K, reserved 516096K
2025-05-15T07:23:40.419+0900: 47431.706: [GC (Allocation Failure) [PSYoungGen: 599970K->10082K(688128K)] 1772285K->1182441K(1998848K), 0.0123363 secs] [Times: user=0.03 sys=0.00, real=0.01 secs] 
Heap after GC invocations=858 (full 2):
 PSYoungGen      total 688128K, used 10082K [0x00000000d0000000, 0x0000000100000000, 0x0000000100000000)
  eden space 589824K, 0% used [0x00000000d0000000,0x00000000d0000000,0x00000000f4000000)
  from space 98304K, 10% used [0x00000000fa000000,0x00000000fa9d8960,0x0000000100000000)
  to   space 98304K, 0% used [0x00000000f4000000,0x00000000f4000000,0x00000000fa000000)
 ParOldGen       total 1310720K, used 1172358K [0x0000000080000000, 0x00000000d0000000, 0x00000000d0000000)
  object space 1310720K, 89% used [0x0000000080000000,0x00000000c78e1bc0,0x00000000d0000000)
 Metaspace       used 250968K, capacity 255814K, committed 256000K, reserved 747520K
  class space    used 23986K, capacity 24962K, committed 25088K, reserved 516096K
}
{Heap before GC invocations=859 (full 2):
 PSYoungGen      total 688128K, used 599906K [0x00000000d0000000, 0x0000000100000000, 0x0000000100000000)
  eden space 589824K, 100% used [0x00000000d0000000,0x00000000f4000000,0x00000000f4000000)
  from space 98304K, 10% used [0x00000000fa000000,0x00000000fa9d8960,0x0000000100000000)
  to   space 98304K, 0% used [0x00000000f4000000,0x00000000f4000000,0x00000000fa000000)
 ParOldGen       total 1310720K, used 1172358K [0x0000000080000000, 0x00000000d0000000, 0x00000000d0000000)
  object space 1310720K, 89% used [0x0000000080000000,0x00000000c78e1bc0,0x00000000d0000000)
 Metaspace       used 250968K, capacity 255814K, committed 256000K, reserved 747520K
  class space    used 23986K, capacity 24962K, committed 25088K, reserved 516096K
2025-05-15T07:24:42.622+0900: 47493.909: [GC (Allocation Failure) [PSYoungGen: 599906K->10050K(688128K)] 1772265K->1182465K(1998848K), 0.0119424 secs] [Times: user=0.03 sys=0.00, real=0.01 secs] 
Heap after GC invocations=859 (full 2):
 PSYoungGen      total 688128K, used 10050K [0x00000000d0000000, 0x0000000100000000, 0x0000000100000000)
  eden space 589824K, 0% used [0x00000000d0000000,0x00000000d0000000,0x00000000f4000000)
  from space 98304K, 10% used [0x00000000f4000000,0x00000000f49d0960,0x00000000fa000000)
  to   space 98304K, 0% used [0x00000000fa000000,0x00000000fa000000,0x0000000100000000)
 ParOldGen       total 1310720K, used 1172414K [0x0000000080000000, 0x00000000d0000000, 0x00000000d0000000)
  object space 1310720K, 89% used [0x0000000080000000,0x00000000c78efbc0,0x00000000d0000000)
 Metaspace       used 250968K, capacity 255814K, committed 256000K, reserved 747520K
  class space    used 23986K, capacity 24962K, committed 25088K, reserved 516096K
}
{Heap before GC invocations=860 (full 2):
 PSYoungGen      total 688128K, used 599874K [0x00000000d0000000, 0x0000000100000000, 0x0000000100000000)
  eden space 589824K, 100% used [0x00000000d0000000,0x00000000f4000000,0x00000000f4000000)
  from space 98304K, 10% used [0x00000000f4000000,0x00000000f49d0960,0x00000000fa000000)
  to   space 98304K, 0% used [0x00000000fa000000,0x00000000fa000000,0x0000000100000000)
 ParOldGen       total 1310720K, used 1172414K [0x0000000080000000, 0x00000000d0000000, 0x00000000d0000000)
  object space 1310720K, 89% used [0x0000000080000000,0x00000000c78efbc0,0x00000000d0000000)
 Metaspace       used 250968K, capacity 255814K, committed 256000K, reserved 747520K
  class space    used 23986K, capacity 24962K, committed 25088K, reserved 516096K
2025-05-15T07:25:44.780+0900: 47556.067: [GC (Allocation Failure) [PSYoungGen: 599874K->930K(688128K)] 1772289K->1189221K(1998848K), 0.0130610 secs] [Times: user=0.03 sys=0.00, real=0.01 secs] 
Heap after GC invocations=860 (full 2):
 PSYoungGen      total 688128K, used 930K [0x00000000d0000000, 0x0000000100000000, 0x0000000100000000)
  eden space 589824K, 0% used [0x00000000d0000000,0x00000000d0000000,0x00000000f4000000)
  from space 98304K, 0% used [0x00000000fa000000,0x00000000fa0e8960,0x0000000100000000)
  to   space 98304K, 0% used [0x00000000f4000000,0x00000000f4000000,0x00000000fa000000)
 ParOldGen       total 1310720K, used 1188290K [0x0000000080000000, 0x00000000d0000000, 0x00000000d0000000)
  object space 1310720K, 90% used [0x0000000080000000,0x00000000c8870bf0,0x00000000d0000000)
 Metaspace       used 250968K, capacity 255814K, committed 256000K, reserved 747520K
  class space    used 23986K, capacity 24962K, committed 25088K, reserved 516096K
}
{Heap before GC invocations=861 (full 2):
 PSYoungGen      total 688128K, used 590754K [0x00000000d0000000, 0x0000000100000000, 0x0000000100000000)
  eden space 589824K, 100% used [0x00000000d0000000,0x00000000f4000000,0x00000000f4000000)
  from space 98304K, 0% used [0x00000000fa000000,0x00000000fa0e8960,0x0000000100000000)
  to   space 98304K, 0% used [0x00000000f4000000,0x00000000f4000000,0x00000000fa000000)
 ParOldGen       total 1310720K, used 1188290K [0x0000000080000000, 0x00000000d0000000, 0x00000000d0000000)
  object space 1310720K, 90% used [0x0000000080000000,0x00000000c8870bf0,0x00000000d0000000)
 Metaspace       used 250968K, capacity 255814K, committed 256000K, reserved 747520K
  class space    used 23986K, capacity 24962K, committed 25088K, reserved 516096K
2025-05-15T07:26:46.982+0900: 47618.269: [GC (Allocation Failure) [PSYoungGen: 590754K->832K(688128K)] 1779045K->1189260K(1998848K), 0.0118178 secs] [Times: user=0.03 sys=0.00, real=0.01 secs] 
Heap after GC invocations=861 (full 2):
 PSYoungGen      total 688128K, used 832K [0x00000000d0000000, 0x0000000100000000, 0x0000000100000000)
  eden space 589824K, 0% used [0x00000000d0000000,0x00000000d0000000,0x00000000f4000000)
  from space 98304K, 0% used [0x00000000f4000000,0x00000000f40d0000,0x00000000fa000000)
  to   space 98304K, 0% used [0x00000000fa000000,0x00000000fa000000,0x0000000100000000)
 ParOldGen       total 1310720K, used 1188428K [0x0000000080000000, 0x00000000d0000000, 0x00000000d0000000)
  object space 1310720K, 90% used [0x0000000080000000,0x00000000c8893388,0x00000000d0000000)
 Metaspace       used 250968K, capacity 255814K, committed 256000K, reserved 747520K
  class space    used 23986K, capacity 24962K, committed 25088K, reserved 516096K
}
{Heap before GC invocations=862 (full 2):
 PSYoungGen      total 688128K, used 590656K [0x00000000d0000000, 0x0000000100000000, 0x0000000100000000)
  eden space 589824K, 100% used [0x00000000d0000000,0x00000000f4000000,0x00000000f4000000)
  from space 98304K, 0% used [0x00000000f4000000,0x00000000f40d0000,0x00000000fa000000)
  to   space 98304K, 0% used [0x00000000fa000000,0x00000000fa000000,0x0000000100000000)
 ParOldGen       total 1310720K, used 1188428K [0x0000000080000000, 0x00000000d0000000, 0x00000000d0000000)
  object space 1310720K, 90% used [0x0000000080000000,0x00000000c8893388,0x00000000d0000000)
 Metaspace       used 250971K, capacity 255826K, committed 256000K, reserved 747520K
  class space    used 23987K, capacity 24964K, committed 25088K, reserved 516096K
2025-05-15T07:27:44.611+0900: 47675.898: [GC (Allocation Failure) [PSYoungGen: 590656K->2108K(688128K)] 1779084K->1190730K(1998848K), 0.0126649 secs] [Times: user=0.03 sys=0.00, real=0.01 secs] 
Heap after GC invocations=862 (full 2):
 PSYoungGen      total 688128K, used 2108K [0x00000000d0000000, 0x0000000100000000, 0x0000000100000000)
  eden space 589824K, 0% used [0x00000000d0000000,0x00000000d0000000,0x00000000f4000000)
  from space 98304K, 2% used [0x00000000fa000000,0x00000000fa20f310,0x0000000100000000)
  to   space 98304K, 0% used [0x00000000f4000000,0x00000000f4000000,0x00000000fa000000)
 ParOldGen       total 1310720K, used 1188621K [0x0000000080000000, 0x00000000d0000000, 0x00000000d0000000)
  object space 1310720K, 90% used [0x0000000080000000,0x00000000c88c35a0,0x00000000d0000000)
 Metaspace       used 250971K, capacity 255826K, committed 256000K, reserved 747520K
  class space    used 23987K, capacity 24964K, committed 25088K, reserved 516096K
}
{Heap before GC invocations=863 (full 2):
 PSYoungGen      total 688128K, used 591932K [0x00000000d0000000, 0x0000000100000000, 0x0000000100000000)
  eden space 589824K, 100% used [0x00000000d0000000,0x00000000f4000000,0x00000000f4000000)
  from space 98304K, 2% used [0x00000000fa000000,0x00000000fa20f310,0x0000000100000000)
  to   space 98304K, 0% used [0x00000000f4000000,0x00000000f4000000,0x00000000fa000000)
 ParOldGen       total 1310720K, used 1188621K [0x0000000080000000, 0x00000000d0000000, 0x00000000d0000000)
  object space 1310720K, 90% used [0x0000000080000000,0x00000000c88c35a0,0x00000000d0000000)
 Metaspace       used 250971K, capacity 255826K, committed 256000K, reserved 747520K
  class space    used 23987K, capacity 24964K, committed 25088K, reserved 516096K
2025-05-15T07:28:44.278+0900: 47735.566: [GC (Allocation Failure) [PSYoungGen: 591932K->1276K(688128K)] 1780554K->1189906K(1998848K), 0.0116456 secs] [Times: user=0.03 sys=0.00, real=0.01 secs] 
Heap after GC invocations=863 (full 2):
 PSYoungGen      total 688128K, used 1276K [0x00000000d0000000, 0x0000000100000000, 0x0000000100000000)
  eden space 589824K, 0% used [0x00000000d0000000,0x00000000d0000000,0x00000000f4000000)
  from space 98304K, 1% used [0x00000000f4000000,0x00000000f413f2f0,0x00000000fa000000)
  to   space 98304K, 0% used [0x00000000fa000000,0x00000000fa000000,0x0000000100000000)
 ParOldGen       total 1310720K, used 1188629K [0x0000000080000000, 0x00000000d0000000, 0x00000000d0000000)
  object space 1310720K, 90% used [0x0000000080000000,0x00000000c88c55a0,0x00000000d0000000)
 Metaspace       used 250971K, capacity 255826K, committed 256000K, reserved 747520K
  class space    used 23987K, capacity 24964K, committed 25088K, reserved 516096K
}
{Heap before GC invocations=864 (full 2):
 PSYoungGen      total 688128K, used 591100K [0x00000000d0000000, 0x0000000100000000, 0x0000000100000000)
  eden space 589824K, 100% used [0x00000000d0000000,0x00000000f4000000,0x00000000f4000000)
  from space 98304K, 1% used [0x00000000f4000000,0x00000000f413f2f0,0x00000000fa000000)
  to   space 98304K, 0% used [0x00000000fa000000,0x00000000fa000000,0x0000000100000000)
 ParOldGen       total 1310720K, used 1188629K [0x0000000080000000, 0x00000000d0000000, 0x00000000d0000000)
  object space 1310720K, 90% used [0x0000000080000000,0x00000000c88c55a0,0x00000000d0000000)
 Metaspace       used 250981K, capacity 255908K, committed 256256K, reserved 747520K
  class space    used 23988K, capacity 24967K, committed 25088K, reserved 516096K
2025-05-15T07:29:44.447+0900: 47795.734: [GC (Allocation Failure) [PSYoungGen: 591100K->1998K(688128K)] 1779730K->1190643K(1998848K), 0.0123161 secs] [Times: user=0.03 sys=0.00, real=0.02 secs] 
Heap after GC invocations=864 (full 2):
 PSYoungGen      total 688128K, used 1998K [0x00000000d0000000, 0x0000000100000000, 0x0000000100000000)
  eden space 589824K, 0% used [0x00000000d0000000,0x00000000d0000000,0x00000000f4000000)
  from space 98304K, 2% used [0x00000000fa000000,0x00000000fa1f3858,0x0000000100000000)
  to   space 98304K, 0% used [0x00000000f4000000,0x00000000f4000000,0x00000000fa000000)
 ParOldGen       total 1310720K, used 1188645K [0x0000000080000000, 0x00000000d0000000, 0x00000000d0000000)
  object space 1310720K, 90% used [0x0000000080000000,0x00000000c88c95a0,0x00000000d0000000)
 Metaspace       used 250981K, capacity 255908K, committed 256256K, reserved 747520K
  class space    used 23988K, capacity 24967K, committed 25088K, reserved 516096K
}
{Heap before GC invocations=865 (full 2):
 PSYoungGen      total 688128K, used 591822K [0x00000000d0000000, 0x0000000100000000, 0x0000000100000000)
  eden space 589824K, 100% used [0x00000000d0000000,0x00000000f4000000,0x00000000f4000000)
  from space 98304K, 2% used [0x00000000fa000000,0x00000000fa1f3858,0x0000000100000000)
  to   space 98304K, 0% used [0x00000000f4000000,0x00000000f4000000,0x00000000fa000000)
 ParOldGen       total 1310720K, used 1188645K [0x0000000080000000, 0x00000000d0000000, 0x00000000d0000000)
  object space 1310720K, 90% used [0x0000000080000000,0x00000000c88c95a0,0x00000000d0000000)
 Metaspace       used 250981K, capacity 255908K, committed 256256K, reserved 747520K
  class space    used 23988K, capacity 24967K, committed 25088K, reserved 516096K
2025-05-15T07:30:46.534+0900: 47857.821: [GC (Allocation Failure) [PSYoungGen: 591822K->1977K(688128K)] 1780467K->1190630K(1998848K), 0.0117383 secs] [Times: user=0.03 sys=0.00, real=0.01 secs] 
Heap after GC invocations=865 (full 2):
 PSYoungGen      total 688128K, used 1977K [0x00000000d0000000, 0x0000000100000000, 0x0000000100000000)
  eden space 589824K, 0% used [0x00000000d0000000,0x00000000d0000000,0x00000000f4000000)
  from space 98304K, 2% used [0x00000000f4000000,0x00000000f41ee428,0x00000000fa000000)
  to   space 98304K, 0% used [0x00000000fa000000,0x00000000fa000000,0x0000000100000000)
 ParOldGen       total 1310720K, used 1188653K [0x0000000080000000, 0x00000000d0000000, 0x00000000d0000000)
  object space 1310720K, 90% used [0x0000000080000000,0x00000000c88cb5a0,0x00000000d0000000)
 Metaspace       used 250981K, capacity 255908K, committed 256256K, reserved 747520K
  class space    used 23988K, capacity 24967K, committed 25088K, reserved 516096K
}
{Heap before GC invocations=866 (full 2):
 PSYoungGen      total 688128K, used 591801K [0x00000000d0000000, 0x0000000100000000, 0x0000000100000000)
  eden space 589824K, 100% used [0x00000000d0000000,0x00000000f4000000,0x00000000f4000000)
  from space 98304K, 2% used [0x00000000f4000000,0x00000000f41ee428,0x00000000fa000000)
  to   space 98304K, 0% used [0x00000000fa000000,0x00000000fa000000,0x0000000100000000)
 ParOldGen       total 1310720K, used 1188653K [0x0000000080000000, 0x00000000d0000000, 0x00000000d0000000)
  object space 1310720K, 90% used [0x0000000080000000,0x00000000c88cb5a0,0x00000000d0000000)
 Metaspace       used 250981K, capacity 255908K, committed 256256K, reserved 747520K
  class space    used 23988K, capacity 24967K, committed 25088K, reserved 516096K
2025-05-15T07:31:46.758+0900: 47918.045: [GC (Allocation Failure) [PSYoungGen: 591801K->2374K(688128K)] 1780454K->1191052K(1998848K), 0.0117807 secs] [Times: user=0.03 sys=0.00, real=0.02 secs] 
Heap after GC invocations=866 (full 2):
 PSYoungGen      total 688128K, used 2374K [0x00000000d0000000, 0x0000000100000000, 0x0000000100000000)
  eden space 589824K, 0% used [0x00000000d0000000,0x00000000d0000000,0x00000000f4000000)
  from space 98304K, 2% used [0x00000000fa000000,0x00000000fa251b30,0x0000000100000000)
  to   space 98304K, 0% used [0x00000000f4000000,0x00000000f4000000,0x00000000fa000000)
 ParOldGen       total 1310720K, used 1188677K [0x0000000080000000, 0x00000000d0000000, 0x00000000d0000000)
  object space 1310720K, 90% used [0x0000000080000000,0x00000000c88d15a0,0x00000000d0000000)
 Metaspace       used 250981K, capacity 255908K, committed 256256K, reserved 747520K
  class space    used 23988K, capacity 24967K, committed 25088K, reserved 516096K
}
{Heap before GC invocations=867 (full 2):
 PSYoungGen      total 688128K, used 592198K [0x00000000d0000000, 0x0000000100000000, 0x0000000100000000)
  eden space 589824K, 100% used [0x00000000d0000000,0x00000000f4000000,0x00000000f4000000)
  from space 98304K, 2% used [0x00000000fa000000,0x00000000fa251b30,0x0000000100000000)
  to   space 98304K, 0% used [0x00000000f4000000,0x00000000f4000000,0x00000000fa000000)
 ParOldGen       total 1310720K, used 1188677K [0x0000000080000000, 0x00000000d0000000, 0x00000000d0000000)
  object space 1310720K, 90% used [0x0000000080000000,0x00000000c88d15a0,0x00000000d0000000)
 Metaspace       used 250985K, capacity 255920K, committed 256256K, reserved 747520K
  class space    used 23989K, capacity 24969K, committed 25088K, reserved 516096K
2025-05-15T07:32:44.831+0900: 47976.118: [GC (Allocation Failure) [PSYoungGen: 592198K->2746K(688128K)] 1780876K->1191439K(1998848K), 0.0134469 secs] [Times: user=0.03 sys=0.00, real=0.01 secs] 
Heap after GC invocations=867 (full 2):
 PSYoungGen      total 688128K, used 2746K [0x00000000d0000000, 0x0000000100000000, 0x0000000100000000)
  eden space 589824K, 0% used [0x00000000d0000000,0x00000000d0000000,0x00000000f4000000)
  from space 98304K, 2% used [0x00000000f4000000,0x00000000f42ae938,0x00000000fa000000)
  to   space 98304K, 0% used [0x00000000fa000000,0x00000000fa000000,0x0000000100000000)
 ParOldGen       total 1310720K, used 1188693K [0x0000000080000000, 0x00000000d0000000, 0x00000000d0000000)
  object space 1310720K, 90% used [0x0000000080000000,0x00000000c88d55a0,0x00000000d0000000)
 Metaspace       used 250985K, capacity 255920K, committed 256256K, reserved 747520K
  class space    used 23989K, capacity 24969K, committed 25088K, reserved 516096K
}
{Heap before GC invocations=868 (full 2):
 PSYoungGen      total 688128K, used 592570K [0x00000000d0000000, 0x0000000100000000, 0x0000000100000000)
  eden space 589824K, 100% used [0x00000000d0000000,0x00000000f4000000,0x00000000f4000000)
  from space 98304K, 2% used [0x00000000f4000000,0x00000000f42ae938,0x00000000fa000000)
  to   space 98304K, 0% used [0x00000000fa000000,0x00000000fa000000,0x0000000100000000)
 ParOldGen       total 1310720K, used 1188693K [0x0000000080000000, 0x00000000d0000000, 0x00000000d0000000)
  object space 1310720K, 90% used [0x0000000080000000,0x00000000c88d55a0,0x00000000d0000000)
 Metaspace       used 250985K, capacity 255920K, committed 256256K, reserved 747520K
  class space    used 23989K, capacity 24969K, committed 25088K, reserved 516096K
2025-05-15T07:33:46.993+0900: 48038.280: [GC (Allocation Failure) [PSYoungGen: 592570K->2664K(688128K)] 1781263K->1191357K(1998848K), 0.0122520 secs] [Times: user=0.03 sys=0.00, real=0.01 secs] 
Heap after GC invocations=868 (full 2):
 PSYoungGen      total 688128K, used 2664K [0x00000000d0000000, 0x0000000100000000, 0x0000000100000000)
  eden space 589824K, 0% used [0x00000000d0000000,0x00000000d0000000,0x00000000f4000000)
  from space 98304K, 2% used [0x00000000fa000000,0x00000000fa29a218,0x0000000100000000)
  to   space 98304K, 0% used [0x00000000f4000000,0x00000000f4000000,0x00000000fa000000)
 ParOldGen       total 1310720K, used 1188693K [0x0000000080000000, 0x00000000d0000000, 0x00000000d0000000)
  object space 1310720K, 90% used [0x0000000080000000,0x00000000c88d55a0,0x00000000d0000000)
 Metaspace       used 250985K, capacity 255920K, committed 256256K, reserved 747520K
  class space    used 23989K, capacity 24969K, committed 25088K, reserved 516096K
}
{Heap before GC invocations=869 (full 2):
 PSYoungGen      total 688128K, used 592488K [0x00000000d0000000, 0x0000000100000000, 0x0000000100000000)
  eden space 589824K, 100% used [0x00000000d0000000,0x00000000f4000000,0x00000000f4000000)
  from space 98304K, 2% used [0x00000000fa000000,0x00000000fa29a218,0x0000000100000000)
  to   space 98304K, 0% used [0x00000000f4000000,0x00000000f4000000,0x00000000fa000000)
 ParOldGen       total 1310720K, used 1188693K [0x0000000080000000, 0x00000000d0000000, 0x00000000d0000000)
  object space 1310720K, 90% used [0x0000000080000000,0x00000000c88d55a0,0x00000000d0000000)
 Metaspace       used 250985K, capacity 255920K, committed 256256K, reserved 747520K
  class space    used 23989K, capacity 24969K, committed 25088K, reserved 516096K
2025-05-15T07:34:49.327+0900: 48100.614: [GC (Allocation Failure) [PSYoungGen: 592488K->2663K(688128K)] 1781181K->1191372K(1998848K), 0.0116916 secs] [Times: user=0.03 sys=0.00, real=0.02 secs] 
Heap after GC invocations=869 (full 2):
 PSYoungGen      total 688128K, used 2663K [0x00000000d0000000, 0x0000000100000000, 0x0000000100000000)
  eden space 589824K, 0% used [0x00000000d0000000,0x00000000d0000000,0x00000000f4000000)
  from space 98304K, 2% used [0x00000000f4000000,0x00000000f4299c80,0x00000000fa000000)
  to   space 98304K, 0% used [0x00000000fa000000,0x00000000fa000000,0x0000000100000000)
 ParOldGen       total 1310720K, used 1188709K [0x0000000080000000, 0x00000000d0000000, 0x00000000d0000000)
  object space 1310720K, 90% used [0x0000000080000000,0x00000000c88d95a0,0x00000000d0000000)
 Metaspace       used 250985K, capacity 255920K, committed 256256K, reserved 747520K
  class space    used 23989K, capacity 24969K, committed 25088K, reserved 516096K
}
{Heap before GC invocations=870 (full 2):
 PSYoungGen      total 688128K, used 592487K [0x00000000d0000000, 0x0000000100000000, 0x0000000100000000)
  eden space 589824K, 100% used [0x00000000d0000000,0x00000000f4000000,0x00000000f4000000)
  from space 98304K, 2% used [0x00000000f4000000,0x00000000f4299c80,0x00000000fa000000)
  to   space 98304K, 0% used [0x00000000fa000000,0x00000000fa000000,0x0000000100000000)
 ParOldGen       total 1310720K, used 1188709K [0x0000000080000000, 0x00000000d0000000, 0x00000000d0000000)
  object space 1310720K, 90% used [0x0000000080000000,0x00000000c88d95a0,0x00000000d0000000)
 Metaspace       used 250985K, capacity 255920K, committed 256256K, reserved 747520K
  class space    used 23989K, capacity 24969K, committed 25088K, reserved 516096K
2025-05-15T07:35:51.452+0900: 48162.739: [GC (Allocation Failure) [PSYoungGen: 592487K->2631K(688128K)] 1781196K->1191348K(1998848K), 0.0118996 secs] [Times: user=0.03 sys=0.00, real=0.01 secs] 
Heap after GC invocations=870 (full 2):
 PSYoungGen      total 688128K, used 2631K [0x00000000d0000000, 0x0000000100000000, 0x0000000100000000)
  eden space 589824K, 0% used [0x00000000d0000000,0x00000000d0000000,0x00000000f4000000)
  from space 98304K, 2% used [0x00000000fa000000,0x00000000fa291c80,0x0000000100000000)
  to   space 98304K, 0% used [0x00000000f4000000,0x00000000f4000000,0x00000000fa000000)
 ParOldGen       total 1310720K, used 1188717K [0x0000000080000000, 0x00000000d0000000, 0x00000000d0000000)
  object space 1310720K, 90% used [0x0000000080000000,0x00000000c88db5a0,0x00000000d0000000)
 Metaspace       used 250985K, capacity 255920K, committed 256256K, reserved 747520K
  class space    used 23989K, capacity 24969K, committed 25088K, reserved 516096K
}
{Heap before GC invocations=871 (full 2):
 PSYoungGen      total 688128K, used 592455K [0x00000000d0000000, 0x0000000100000000, 0x0000000100000000)
  eden space 589824K, 100% used [0x00000000d0000000,0x00000000f4000000,0x00000000f4000000)
  from space 98304K, 2% used [0x00000000fa000000,0x00000000fa291c80,0x0000000100000000)
  to   space 98304K, 0% used [0x00000000f4000000,0x00000000f4000000,0x00000000fa000000)
 ParOldGen       total 1310720K, used 1188717K [0x0000000080000000, 0x00000000d0000000, 0x00000000d0000000)
  object space 1310720K, 90% used [0x0000000080000000,0x00000000c88db5a0,0x00000000d0000000)
 Metaspace       used 250985K, capacity 255920K, committed 256256K, reserved 747520K
  class space    used 23989K, capacity 24969K, committed 25088K, reserved 516096K
2025-05-15T07:36:53.484+0900: 48224.771: [GC (Allocation Failure) [PSYoungGen: 592455K->2725K(688128K)] 1781172K->1191466K(1998848K), 0.0140310 secs] [Times: user=0.03 sys=0.00, real=0.01 secs] 
Heap after GC invocations=871 (full 2):
 PSYoungGen      total 688128K, used 2725K [0x00000000d0000000, 0x0000000100000000, 0x0000000100000000)
  eden space 589824K, 0% used [0x00000000d0000000,0x00000000d0000000,0x00000000f4000000)
  from space 98304K, 2% used [0x00000000f4000000,0x00000000f42a9508,0x00000000fa000000)
  to   space 98304K, 0% used [0x00000000fa000000,0x00000000fa000000,0x0000000100000000)
 ParOldGen       total 1310720K, used 1188741K [0x0000000080000000, 0x00000000d0000000, 0x00000000d0000000)
  object space 1310720K, 90% used [0x0000000080000000,0x00000000c88e15a0,0x00000000d0000000)
 Metaspace       used 250985K, capacity 255920K, committed 256256K, reserved 747520K
  class space    used 23989K, capacity 24969K, committed 25088K, reserved 516096K
}
{Heap before GC invocations=872 (full 2):
 PSYoungGen      total 688128K, used 592549K [0x00000000d0000000, 0x0000000100000000, 0x0000000100000000)
  eden space 589824K, 100% used [0x00000000d0000000,0x00000000f4000000,0x00000000f4000000)
  from space 98304K, 2% used [0x00000000f4000000,0x00000000f42a9508,0x00000000fa000000)
  to   space 98304K, 0% used [0x00000000fa000000,0x00000000fa000000,0x0000000100000000)
 ParOldGen       total 1310720K, used 1188741K [0x0000000080000000, 0x00000000d0000000, 0x00000000d0000000)
  object space 1310720K, 90% used [0x0000000080000000,0x00000000c88e15a0,0x00000000d0000000)
 Metaspace       used 250985K, capacity 255920K, committed 256256K, reserved 747520K
  class space    used 23989K, capacity 24969K, committed 25088K, reserved 516096K
2025-05-15T07:37:55.728+0900: 48287.015: [GC (Allocation Failure) [PSYoungGen: 592549K->2774K(688128K)] 1781290K->1191547K(1998848K), 0.0117975 secs] [Times: user=0.03 sys=0.00, real=0.02 secs] 
Heap after GC invocations=872 (full 2):
 PSYoungGen      total 688128K, used 2774K [0x00000000d0000000, 0x0000000100000000, 0x0000000100000000)
  eden space 589824K, 0% used [0x00000000d0000000,0x00000000d0000000,0x00000000f4000000)
  from space 98304K, 2% used [0x00000000fa000000,0x00000000fa2b5a30,0x0000000100000000)
  to   space 98304K, 0% used [0x00000000f4000000,0x00000000f4000000,0x00000000fa000000)
 ParOldGen       total 1310720K, used 1188773K [0x0000000080000000, 0x00000000d0000000, 0x00000000d0000000)
  object space 1310720K, 90% used [0x0000000080000000,0x00000000c88e95a0,0x00000000d0000000)
 Metaspace       used 250985K, capacity 255920K, committed 256256K, reserved 747520K
  class space    used 23989K, capacity 24969K, committed 25088K, reserved 516096K
}
{Heap before GC invocations=873 (full 2):
 PSYoungGen      total 688128K, used 592598K [0x00000000d0000000, 0x0000000100000000, 0x0000000100000000)
  eden space 589824K, 100% used [0x00000000d0000000,0x00000000f4000000,0x00000000f4000000)
  from space 98304K, 2% used [0x00000000fa000000,0x00000000fa2b5a30,0x0000000100000000)
  to   space 98304K, 0% used [0x00000000f4000000,0x00000000f4000000,0x00000000fa000000)
 ParOldGen       total 1310720K, used 1188773K [0x0000000080000000, 0x00000000d0000000, 0x00000000d0000000)
  object space 1310720K, 90% used [0x0000000080000000,0x00000000c88e95a0,0x00000000d0000000)
 Metaspace       used 250985K, capacity 255920K, committed 256256K, reserved 747520K
  class space    used 23989K, capacity 24969K, committed 25088K, reserved 516096K
2025-05-15T07:38:57.917+0900: 48349.204: [GC (Allocation Failure) [PSYoungGen: 592598K->2742K(688128K)] 1781371K->1191539K(1998848K), 0.0117254 secs] [Times: user=0.03 sys=0.00, real=0.02 secs] 
Heap after GC invocations=873 (full 2):
 PSYoungGen      total 688128K, used 2742K [0x00000000d0000000, 0x0000000100000000, 0x0000000100000000)
  eden space 589824K, 0% used [0x00000000d0000000,0x00000000d0000000,0x00000000f4000000)
  from space 98304K, 2% used [0x00000000f4000000,0x00000000f42ada30,0x00000000fa000000)
  to   space 98304K, 0% used [0x00000000fa000000,0x00000000fa000000,0x0000000100000000)
 ParOldGen       total 1310720K, used 1188797K [0x0000000080000000, 0x00000000d0000000, 0x00000000d0000000)
  object space 1310720K, 90% used [0x0000000080000000,0x00000000c88ef5a0,0x00000000d0000000)
 Metaspace       used 250985K, capacity 255920K, committed 256256K, reserved 747520K
  class space    used 23989K, capacity 24969K, committed 25088K, reserved 516096K
}
{Heap before GC invocations=874 (full 2):
 PSYoungGen      total 688128K, used 592566K [0x00000000d0000000, 0x0000000100000000, 0x0000000100000000)
  eden space 589824K, 100% used [0x00000000d0000000,0x00000000f4000000,0x00000000f4000000)
  from space 98304K, 2% used [0x00000000f4000000,0x00000000f42ada30,0x00000000fa000000)
  to   space 98304K, 0% used [0x00000000fa000000,0x00000000fa000000,0x0000000100000000)
 ParOldGen       total 1310720K, used 1188797K [0x0000000080000000, 0x00000000d0000000, 0x00000000d0000000)
  object space 1310720K, 90% used [0x0000000080000000,0x00000000c88ef5a0,0x00000000d0000000)
 Metaspace       used 250985K, capacity 255920K, committed 256256K, reserved 747520K
  class space    used 23989K, capacity 24969K, committed 25088K, reserved 516096K
2025-05-15T07:40:00.080+0900: 48411.367: [GC (Allocation Failure) [PSYoungGen: 592566K->2725K(688128K)] 1781363K->1191522K(1998848K), 0.0120494 secs] [Times: user=0.03 sys=0.00, real=0.01 secs] 
Heap after GC invocations=874 (full 2):
 PSYoungGen      total 688128K, used 2725K [0x00000000d0000000, 0x0000000100000000, 0x0000000100000000)
  eden space 589824K, 0% used [0x00000000d0000000,0x00000000d0000000,0x00000000f4000000)
  from space 98304K, 2% used [0x00000000fa000000,0x00000000fa2a9508,0x0000000100000000)
  to   space 98304K, 0% used [0x00000000f4000000,0x00000000f4000000,0x00000000fa000000)
 ParOldGen       total 1310720K, used 1188797K [0x0000000080000000, 0x00000000d0000000, 0x00000000d0000000)
  object space 1310720K, 90% used [0x0000000080000000,0x00000000c88ef5a0,0x00000000d0000000)
 Metaspace       used 250985K, capacity 255920K, committed 256256K, reserved 747520K
  class space    used 23989K, capacity 24969K, committed 25088K, reserved 516096K
}
{Heap before GC invocations=875 (full 2):
 PSYoungGen      total 688128K, used 592549K [0x00000000d0000000, 0x0000000100000000, 0x0000000100000000)
  eden space 589824K, 100% used [0x00000000d0000000,0x00000000f4000000,0x00000000f4000000)
  from space 98304K, 2% used [0x00000000fa000000,0x00000000fa2a9508,0x0000000100000000)
  to   space 98304K, 0% used [0x00000000f4000000,0x00000000f4000000,0x00000000fa000000)
 ParOldGen       total 1310720K, used 1188797K [0x0000000080000000, 0x00000000d0000000, 0x00000000d0000000)
  object space 1310720K, 90% used [0x0000000080000000,0x00000000c88ef5a0,0x00000000d0000000)
 Metaspace       used 250985K, capacity 255920K, committed 256256K, reserved 747520K
  class space    used 23989K, capacity 24969K, committed 25088K, reserved 516096K
2025-05-15T07:41:01.179+0900: 48472.466: [GC (Allocation Failure) [PSYoungGen: 592549K->2728K(688128K)] 1781346K->1191525K(1998848K), 0.0118120 secs] [Times: user=0.03 sys=0.00, real=0.01 secs] 
Heap after GC invocations=875 (full 2):
 PSYoungGen      total 688128K, used 2728K [0x00000000d0000000, 0x0000000100000000, 0x0000000100000000)
  eden space 589824K, 0% used [0x00000000d0000000,0x00000000d0000000,0x00000000f4000000)
  from space 98304K, 2% used [0x00000000f4000000,0x00000000f42aa198,0x00000000fa000000)
  to   space 98304K, 0% used [0x00000000fa000000,0x00000000fa000000,0x0000000100000000)
 ParOldGen       total 1310720K, used 1188797K [0x0000000080000000, 0x00000000d0000000, 0x00000000d0000000)
  object space 1310720K, 90% used [0x0000000080000000,0x00000000c88ef5a0,0x00000000d0000000)
 Metaspace       used 250985K, capacity 255920K, committed 256256K, reserved 747520K
  class space    used 23989K, capacity 24969K, committed 25088K, reserved 516096K
}
{Heap before GC invocations=876 (full 2):
 PSYoungGen      total 688128K, used 592552K [0x00000000d0000000, 0x0000000100000000, 0x0000000100000000)
  eden space 589824K, 100% used [0x00000000d0000000,0x00000000f4000000,0x00000000f4000000)
  from space 98304K, 2% used [0x00000000f4000000,0x00000000f42aa198,0x00000000fa000000)
  to   space 98304K, 0% used [0x00000000fa000000,0x00000000fa000000,0x0000000100000000)
 ParOldGen       total 1310720K, used 1188797K [0x0000000080000000, 0x00000000d0000000, 0x00000000d0000000)
  object space 1310720K, 90% used [0x0000000080000000,0x00000000c88ef5a0,0x00000000d0000000)
 Metaspace       used 250985K, capacity 255920K, committed 256256K, reserved 747520K
  class space    used 23989K, capacity 24969K, committed 25088K, reserved 516096K
2025-05-15T07:42:00.357+0900: 48531.644: [GC (Allocation Failure) [PSYoungGen: 592552K->2600K(688128K)] 1781349K->1191429K(1998848K), 0.0120075 secs] [Times: user=0.03 sys=0.00, real=0.02 secs] 
Heap after GC invocations=876 (full 2):
 PSYoungGen      total 688128K, used 2600K [0x00000000d0000000, 0x0000000100000000, 0x0000000100000000)
  eden space 589824K, 0% used [0x00000000d0000000,0x00000000d0000000,0x00000000f4000000)
  from space 98304K, 2% used [0x00000000fa000000,0x00000000fa28a198,0x0000000100000000)
  to   space 98304K, 0% used [0x00000000f4000000,0x00000000f4000000,0x00000000fa000000)
 ParOldGen       total 1310720K, used 1188829K [0x0000000080000000, 0x00000000d0000000, 0x00000000d0000000)
  object space 1310720K, 90% used [0x0000000080000000,0x00000000c88f75a0,0x00000000d0000000)
 Metaspace       used 250985K, capacity 255920K, committed 256256K, reserved 747520K
  class space    used 23989K, capacity 24969K, committed 25088K, reserved 516096K
}
{Heap before GC invocations=877 (full 2):
 PSYoungGen      total 688128K, used 592424K [0x00000000d0000000, 0x0000000100000000, 0x0000000100000000)
  eden space 589824K, 100% used [0x00000000d0000000,0x00000000f4000000,0x00000000f4000000)
  from space 98304K, 2% used [0x00000000fa000000,0x00000000fa28a198,0x0000000100000000)
  to   space 98304K, 0% used [0x00000000f4000000,0x00000000f4000000,0x00000000fa000000)
 ParOldGen       total 1310720K, used 1188829K [0x0000000080000000, 0x00000000d0000000, 0x00000000d0000000)
  object space 1310720K, 90% used [0x0000000080000000,0x00000000c88f75a0,0x00000000d0000000)
 Metaspace       used 250985K, capacity 255920K, committed 256256K, reserved 747520K
  class space    used 23989K, capacity 24969K, committed 25088K, reserved 516096K
2025-05-15T07:43:01.468+0900: 48592.756: [GC (Allocation Failure) [PSYoungGen: 592424K->2420K(688128K)] 1781253K->1191519K(1998848K), 0.0124405 secs] [Times: user=0.03 sys=0.00, real=0.01 secs] 
Heap after GC invocations=877 (full 2):
 PSYoungGen      total 688128K, used 2420K [0x00000000d0000000, 0x0000000100000000, 0x0000000100000000)
  eden space 589824K, 0% used [0x00000000d0000000,0x00000000d0000000,0x00000000f4000000)
  from space 98304K, 2% used [0x00000000f4000000,0x00000000f425d268,0x00000000fa000000)
  to   space 98304K, 0% used [0x00000000fa000000,0x00000000fa000000,0x0000000100000000)
 ParOldGen       total 1310720K, used 1189098K [0x0000000080000000, 0x00000000d0000000, 0x00000000d0000000)
  object space 1310720K, 90% used [0x0000000080000000,0x00000000c893a9b0,0x00000000d0000000)
 Metaspace       used 250985K, capacity 255920K, committed 256256K, reserved 747520K
  class space    used 23989K, capacity 24969K, committed 25088K, reserved 516096K
}
{Heap before GC invocations=878 (full 2):
 PSYoungGen      total 688128K, used 592244K [0x00000000d0000000, 0x0000000100000000, 0x0000000100000000)
  eden space 589824K, 100% used [0x00000000d0000000,0x00000000f4000000,0x00000000f4000000)
  from space 98304K, 2% used [0x00000000f4000000,0x00000000f425d268,0x00000000fa000000)
  to   space 98304K, 0% used [0x00000000fa000000,0x00000000fa000000,0x0000000100000000)
 ParOldGen       total 1310720K, used 1189098K [0x0000000080000000, 0x00000000d0000000, 0x00000000d0000000)
  object space 1310720K, 90% used [0x0000000080000000,0x00000000c893a9b0,0x00000000d0000000)
 Metaspace       used 250985K, capacity 255920K, committed 256256K, reserved 747520K
  class space    used 23989K, capacity 24969K, committed 25088K, reserved 516096K
2025-05-15T07:44:03.660+0900: 48654.947: [GC (Allocation Failure) [PSYoungGen: 592244K->2356K(688128K)] 1781343K->1191499K(1998848K), 0.0115436 secs] [Times: user=0.03 sys=0.00, real=0.01 secs] 
Heap after GC invocations=878 (full 2):
 PSYoungGen      total 688128K, used 2356K [0x00000000d0000000, 0x0000000100000000, 0x0000000100000000)
  eden space 589824K, 0% used [0x00000000d0000000,0x00000000d0000000,0x00000000f4000000)
  from space 98304K, 2% used [0x00000000fa000000,0x00000000fa24d268,0x0000000100000000)
  to   space 98304K, 0% used [0x00000000f4000000,0x00000000f4000000,0x00000000fa000000)
 ParOldGen       total 1310720K, used 1189142K [0x0000000080000000, 0x00000000d0000000, 0x00000000d0000000)
  object space 1310720K, 90% used [0x0000000080000000,0x00000000c89459c0,0x00000000d0000000)
 Metaspace       used 250985K, capacity 255920K, committed 256256K, reserved 747520K
  class space    used 23989K, capacity 24969K, committed 25088K, reserved 516096K
}
{Heap before GC invocations=879 (full 2):
 PSYoungGen      total 688128K, used 592180K [0x00000000d0000000, 0x0000000100000000, 0x0000000100000000)
  eden space 589824K, 100% used [0x00000000d0000000,0x00000000f4000000,0x00000000f4000000)
  from space 98304K, 2% used [0x00000000fa000000,0x00000000fa24d268,0x0000000100000000)
  to   space 98304K, 0% used [0x00000000f4000000,0x00000000f4000000,0x00000000fa000000)
 ParOldGen       total 1310720K, used 1189142K [0x0000000080000000, 0x00000000d0000000, 0x00000000d0000000)
  object space 1310720K, 90% used [0x0000000080000000,0x00000000c89459c0,0x00000000d0000000)
 Metaspace       used 251000K, capacity 255920K, committed 256256K, reserved 747520K
  class space    used 23989K, capacity 24969K, committed 25088K, reserved 516096K
2025-05-15T07:45:05.812+0900: 48717.099: [GC (Allocation Failure) [PSYoungGen: 592180K->1947K(688128K)] 1781323K->1191705K(1998848K), 0.0122455 secs] [Times: user=0.03 sys=0.00, real=0.01 secs] 
Heap after GC invocations=879 (full 2):
 PSYoungGen      total 688128K, used 1947K [0x00000000d0000000, 0x0000000100000000, 0x0000000100000000)
  eden space 589824K, 0% used [0x00000000d0000000,0x00000000d0000000,0x00000000f4000000)
  from space 98304K, 1% used [0x00000000f4000000,0x00000000f41e6ca0,0x00000000fa000000)
  to   space 98304K, 0% used [0x00000000fa000000,0x00000000fa000000,0x0000000100000000)
 ParOldGen       total 1310720K, used 1189758K [0x0000000080000000, 0x00000000d0000000, 0x00000000d0000000)
  object space 1310720K, 90% used [0x0000000080000000,0x00000000c89df968,0x00000000d0000000)
 Metaspace       used 251000K, capacity 255920K, committed 256256K, reserved 747520K
  class space    used 23989K, capacity 24969K, committed 25088K, reserved 516096K
}
{Heap before GC invocations=880 (full 2):
 PSYoungGen      total 688128K, used 591771K [0x00000000d0000000, 0x0000000100000000, 0x0000000100000000)
  eden space 589824K, 100% used [0x00000000d0000000,0x00000000f4000000,0x00000000f4000000)
  from space 98304K, 1% used [0x00000000f4000000,0x00000000f41e6ca0,0x00000000fa000000)
  to   space 98304K, 0% used [0x00000000fa000000,0x00000000fa000000,0x0000000100000000)
 ParOldGen       total 1310720K, used 1189758K [0x0000000080000000, 0x00000000d0000000, 0x00000000d0000000)
  object space 1310720K, 90% used [0x0000000080000000,0x00000000c89df968,0x00000000d0000000)
 Metaspace       used 251000K, capacity 255920K, committed 256256K, reserved 747520K
  class space    used 23989K, capacity 24969K, committed 25088K, reserved 516096K
2025-05-15T07:46:08.006+0900: 48779.293: [GC (Allocation Failure) [PSYoungGen: 591771K->1931K(688128K)] 1781529K->1191721K(1998848K), 0.0120145 secs] [Times: user=0.03 sys=0.00, real=0.01 secs] 
Heap after GC invocations=880 (full 2):
 PSYoungGen      total 688128K, used 1931K [0x00000000d0000000, 0x0000000100000000, 0x0000000100000000)
  eden space 589824K, 0% used [0x00000000d0000000,0x00000000d0000000,0x00000000f4000000)
  from space 98304K, 1% used [0x00000000fa000000,0x00000000fa1e2c90,0x0000000100000000)
  to   space 98304K, 0% used [0x00000000f4000000,0x00000000f4000000,0x00000000fa000000)
 ParOldGen       total 1310720K, used 1189790K [0x0000000080000000, 0x00000000d0000000, 0x00000000d0000000)
  object space 1310720K, 90% used [0x0000000080000000,0x00000000c89e78b8,0x00000000d0000000)
 Metaspace       used 251000K, capacity 255920K, committed 256256K, reserved 747520K
  class space    used 23989K, capacity 24969K, committed 25088K, reserved 516096K
}
{Heap before GC invocations=881 (full 2):
 PSYoungGen      total 688128K, used 591755K [0x00000000d0000000, 0x0000000100000000, 0x0000000100000000)
  eden space 589824K, 100% used [0x00000000d0000000,0x00000000f4000000,0x00000000f4000000)
  from space 98304K, 1% used [0x00000000fa000000,0x00000000fa1e2c90,0x0000000100000000)
  to   space 98304K, 0% used [0x00000000f4000000,0x00000000f4000000,0x00000000fa000000)
 ParOldGen       total 1310720K, used 1189790K [0x0000000080000000, 0x00000000d0000000, 0x00000000d0000000)
  object space 1310720K, 90% used [0x0000000080000000,0x00000000c89e78b8,0x00000000d0000000)
 Metaspace       used 251000K, capacity 255920K, committed 256256K, reserved 747520K
  class space    used 23989K, capacity 24969K, committed 25088K, reserved 516096K
2025-05-15T07:47:10.203+0900: 48841.490: [GC (Allocation Failure) [PSYoungGen: 591755K->1521K(688128K)] 1781545K->1191763K(1998848K), 0.0120070 secs] [Times: user=0.03 sys=0.00, real=0.01 secs] 
Heap after GC invocations=881 (full 2):
 PSYoungGen      total 688128K, used 1521K [0x00000000d0000000, 0x0000000100000000, 0x0000000100000000)
  eden space 589824K, 0% used [0x00000000d0000000,0x00000000d0000000,0x00000000f4000000)
  from space 98304K, 1% used [0x00000000f4000000,0x00000000f417c448,0x00000000fa000000)
  to   space 98304K, 0% used [0x00000000fa000000,0x00000000fa000000,0x0000000100000000)
 ParOldGen       total 1310720K, used 1190242K [0x0000000080000000, 0x00000000d0000000, 0x00000000d0000000)
  object space 1310720K, 90% used [0x0000000080000000,0x00000000c8a58b88,0x00000000d0000000)
 Metaspace       used 251000K, capacity 255920K, committed 256256K, reserved 747520K
  class space    used 23989K, capacity 24969K, committed 25088K, reserved 516096K
}
{Heap before GC invocations=882 (full 2):
 PSYoungGen      total 688128K, used 591345K [0x00000000d0000000, 0x0000000100000000, 0x0000000100000000)
  eden space 589824K, 100% used [0x00000000d0000000,0x00000000f4000000,0x00000000f4000000)
  from space 98304K, 1% used [0x00000000f4000000,0x00000000f417c448,0x00000000fa000000)
  to   space 98304K, 0% used [0x00000000fa000000,0x00000000fa000000,0x0000000100000000)
 ParOldGen       total 1310720K, used 1190242K [0x0000000080000000, 0x00000000d0000000, 0x00000000d0000000)
  object space 1310720K, 90% used [0x0000000080000000,0x00000000c8a58b88,0x00000000d0000000)
 Metaspace       used 251000K, capacity 255920K, committed 256256K, reserved 747520K
  class space    used 23989K, capacity 24969K, committed 25088K, reserved 516096K
2025-05-15T07:48:12.390+0900: 48903.677: [GC (Allocation Failure) [PSYoungGen: 591345K->1130K(688128K)] 1781587K->1191757K(1998848K), 0.0114159 secs] [Times: user=0.03 sys=0.00, real=0.01 secs] 
Heap after GC invocations=882 (full 2):
 PSYoungGen      total 688128K, used 1130K [0x00000000d0000000, 0x0000000100000000, 0x0000000100000000)
  eden space 589824K, 0% used [0x00000000d0000000,0x00000000d0000000,0x00000000f4000000)
  from space 98304K, 1% used [0x00000000fa000000,0x00000000fa11ab60,0x0000000100000000)
  to   space 98304K, 0% used [0x00000000f4000000,0x00000000f4000000,0x00000000fa000000)
 ParOldGen       total 1310720K, used 1190626K [0x0000000080000000, 0x00000000d0000000, 0x00000000d0000000)
  object space 1310720K, 90% used [0x0000000080000000,0x00000000c8ab8b58,0x00000000d0000000)
 Metaspace       used 251000K, capacity 255920K, committed 256256K, reserved 747520K
  class space    used 23989K, capacity 24969K, committed 25088K, reserved 516096K
}
{Heap before GC invocations=883 (full 2):
 PSYoungGen      total 688128K, used 590954K [0x00000000d0000000, 0x0000000100000000, 0x0000000100000000)
  eden space 589824K, 100% used [0x00000000d0000000,0x00000000f4000000,0x00000000f4000000)
  from space 98304K, 1% used [0x00000000fa000000,0x00000000fa11ab60,0x0000000100000000)
  to   space 98304K, 0% used [0x00000000f4000000,0x00000000f4000000,0x00000000fa000000)
 ParOldGen       total 1310720K, used 1190626K [0x0000000080000000, 0x00000000d0000000, 0x00000000d0000000)
  object space 1310720K, 90% used [0x0000000080000000,0x00000000c8ab8b58,0x00000000d0000000)
 Metaspace       used 251000K, capacity 255920K, committed 256256K, reserved 747520K
  class space    used 23989K, capacity 24969K, committed 25088K, reserved 516096K
2025-05-15T07:49:14.604+0900: 48965.891: [GC (Allocation Failure) [PSYoungGen: 590954K->1128K(688128K)] 1781581K->1191763K(1998848K), 0.0116972 secs] [Times: user=0.03 sys=0.00, real=0.01 secs] 
Heap after GC invocations=883 (full 2):
 PSYoungGen      total 688128K, used 1128K [0x00000000d0000000, 0x0000000100000000, 0x0000000100000000)
  eden space 589824K, 0% used [0x00000000d0000000,0x00000000d0000000,0x00000000f4000000)
  from space 98304K, 1% used [0x00000000f4000000,0x00000000f411a388,0x00000000fa000000)
  to   space 98304K, 0% used [0x00000000fa000000,0x00000000fa000000,0x0000000100000000)
 ParOldGen       total 1310720K, used 1190634K [0x0000000080000000, 0x00000000d0000000, 0x00000000d0000000)
  object space 1310720K, 90% used [0x0000000080000000,0x00000000c8abab58,0x00000000d0000000)
 Metaspace       used 251000K, capacity 255920K, committed 256256K, reserved 747520K
  class space    used 23989K, capacity 24969K, committed 25088K, reserved 516096K
}
{Heap before GC invocations=884 (full 2):
 PSYoungGen      total 688128K, used 590952K [0x00000000d0000000, 0x0000000100000000, 0x0000000100000000)
  eden space 589824K, 100% used [0x00000000d0000000,0x00000000f4000000,0x00000000f4000000)
  from space 98304K, 1% used [0x00000000f4000000,0x00000000f411a388,0x00000000fa000000)
  to   space 98304K, 0% used [0x00000000fa000000,0x00000000fa000000,0x0000000100000000)
 ParOldGen       total 1310720K, used 1190634K [0x0000000080000000, 0x00000000d0000000, 0x00000000d0000000)
  object space 1310720K, 90% used [0x0000000080000000,0x00000000c8abab58,0x00000000d0000000)
 Metaspace       used 251007K, capacity 255938K, committed 256256K, reserved 747520K
  class space    used 23991K, capacity 24972K, committed 25088K, reserved 516096K
2025-05-15T07:50:13.707+0900: 49024.994: [GC (Allocation Failure) [PSYoungGen: 590952K->1114K(688128K)] 1781587K->1191764K(1998848K), 0.0116677 secs] [Times: user=0.03 sys=0.00, real=0.02 secs] 
Heap after GC invocations=884 (full 2):
 PSYoungGen      total 688128K, used 1114K [0x00000000d0000000, 0x0000000100000000, 0x0000000100000000)
  eden space 589824K, 0% used [0x00000000d0000000,0x00000000d0000000,0x00000000f4000000)
  from space 98304K, 1% used [0x00000000fa000000,0x00000000fa116848,0x0000000100000000)
  to   space 98304K, 0% used [0x00000000f4000000,0x00000000f4000000,0x00000000fa000000)
 ParOldGen       total 1310720K, used 1190650K [0x0000000080000000, 0x00000000d0000000, 0x00000000d0000000)
  object space 1310720K, 90% used [0x0000000080000000,0x00000000c8abeb58,0x00000000d0000000)
 Metaspace       used 251007K, capacity 255938K, committed 256256K, reserved 747520K
  class space    used 23991K, capacity 24972K, committed 25088K, reserved 516096K
}
{Heap before GC invocations=885 (full 2):
 PSYoungGen      total 688128K, used 590938K [0x00000000d0000000, 0x0000000100000000, 0x0000000100000000)
  eden space 589824K, 100% used [0x00000000d0000000,0x00000000f4000000,0x00000000f4000000)
  from space 98304K, 1% used [0x00000000fa000000,0x00000000fa116848,0x0000000100000000)
  to   space 98304K, 0% used [0x00000000f4000000,0x00000000f4000000,0x00000000fa000000)
 ParOldGen       total 1310720K, used 1190650K [0x0000000080000000, 0x00000000d0000000, 0x00000000d0000000)
  object space 1310720K, 90% used [0x0000000080000000,0x00000000c8abeb58,0x00000000d0000000)
 Metaspace       used 251007K, capacity 255938K, committed 256256K, reserved 747520K
  class space    used 23991K, capacity 24972K, committed 25088K, reserved 516096K
2025-05-15T07:51:14.944+0900: 49086.231: [GC (Allocation Failure) [PSYoungGen: 590938K->1130K(688128K)] 1781588K->1191796K(1998848K), 0.0163904 secs] [Times: user=0.03 sys=0.00, real=0.02 secs] 
Heap after GC invocations=885 (full 2):
 PSYoungGen      total 688128K, used 1130K [0x00000000d0000000, 0x0000000100000000, 0x0000000100000000)
  eden space 589824K, 0% used [0x00000000d0000000,0x00000000d0000000,0x00000000f4000000)
  from space 98304K, 1% used [0x00000000f4000000,0x00000000f411a858,0x00000000fa000000)
  to   space 98304K, 0% used [0x00000000fa000000,0x00000000fa000000,0x0000000100000000)
 ParOldGen       total 1310720K, used 1190666K [0x0000000080000000, 0x00000000d0000000, 0x00000000d0000000)
  object space 1310720K, 90% used [0x0000000080000000,0x00000000c8ac2b58,0x00000000d0000000)
 Metaspace       used 251007K, capacity 255938K, committed 256256K, reserved 747520K
  class space    used 23991K, capacity 24972K, committed 25088K, reserved 516096K
}
{Heap before GC invocations=886 (full 2):
 PSYoungGen      total 688128K, used 590954K [0x00000000d0000000, 0x0000000100000000, 0x0000000100000000)
  eden space 589824K, 100% used [0x00000000d0000000,0x00000000f4000000,0x00000000f4000000)
  from space 98304K, 1% used [0x00000000f4000000,0x00000000f411a858,0x00000000fa000000)
  to   space 98304K, 0% used [0x00000000fa000000,0x00000000fa000000,0x0000000100000000)
 ParOldGen       total 1310720K, used 1190666K [0x0000000080000000, 0x00000000d0000000, 0x00000000d0000000)
  object space 1310720K, 90% used [0x0000000080000000,0x00000000c8ac2b58,0x00000000d0000000)
 Metaspace       used 251007K, capacity 255938K, committed 256256K, reserved 747520K
  class space    used 23991K, capacity 24972K, committed 25088K, reserved 516096K
2025-05-15T07:52:14.017+0900: 49145.304: [GC (Allocation Failure) [PSYoungGen: 590954K->1165K(688128K)] 1781620K->1191856K(1998848K), 0.0125927 secs] [Times: user=0.03 sys=0.00, real=0.02 secs] 
Heap after GC invocations=886 (full 2):
 PSYoungGen      total 688128K, used 1165K [0x00000000d0000000, 0x0000000100000000, 0x0000000100000000)
  eden space 589824K, 0% used [0x00000000d0000000,0x00000000d0000000,0x00000000f4000000)
  from space 98304K, 1% used [0x00000000fa000000,0x00000000fa123798,0x0000000100000000)
  to   space 98304K, 0% used [0x00000000f4000000,0x00000000f4000000,0x00000000fa000000)
 ParOldGen       total 1310720K, used 1190690K [0x0000000080000000, 0x00000000d0000000, 0x00000000d0000000)
  object space 1310720K, 90% used [0x0000000080000000,0x00000000c8ac8b58,0x00000000d0000000)
 Metaspace       used 251007K, capacity 255938K, committed 256256K, reserved 747520K
  class space    used 23991K, capacity 24972K, committed 25088K, reserved 516096K
}
{Heap before GC invocations=887 (full 2):
 PSYoungGen      total 688128K, used 590989K [0x00000000d0000000, 0x0000000100000000, 0x0000000100000000)
  eden space 589824K, 100% used [0x00000000d0000000,0x00000000f4000000,0x00000000f4000000)
  from space 98304K, 1% used [0x00000000fa000000,0x00000000fa123798,0x0000000100000000)
  to   space 98304K, 0% used [0x00000000f4000000,0x00000000f4000000,0x00000000fa000000)
 ParOldGen       total 1310720K, used 1190690K [0x0000000080000000, 0x00000000d0000000, 0x00000000d0000000)
  object space 1310720K, 90% used [0x0000000080000000,0x00000000c8ac8b58,0x00000000d0000000)
 Metaspace       used 251008K, capacity 255938K, committed 256256K, reserved 747520K
  class space    used 23991K, capacity 24972K, committed 25088K, reserved 516096K
2025-05-15T07:53:12.260+0900: 49203.547: [GC (Allocation Failure) [PSYoungGen: 590989K->1404K(688128K)] 1781680K->1192103K(1998848K), 0.0120281 secs] [Times: user=0.03 sys=0.00, real=0.01 secs] 
Heap after GC invocations=887 (full 2):
 PSYoungGen      total 688128K, used 1404K [0x00000000d0000000, 0x0000000100000000, 0x0000000100000000)
  eden space 589824K, 0% used [0x00000000d0000000,0x00000000d0000000,0x00000000f4000000)
  from space 98304K, 1% used [0x00000000f4000000,0x00000000f415f270,0x00000000fa000000)
  to   space 98304K, 0% used [0x00000000fa000000,0x00000000fa000000,0x0000000100000000)
 ParOldGen       total 1310720K, used 1190698K [0x0000000080000000, 0x00000000d0000000, 0x00000000d0000000)
  object space 1310720K, 90% used [0x0000000080000000,0x00000000c8acab58,0x00000000d0000000)
 Metaspace       used 251008K, capacity 255938K, committed 256256K, reserved 747520K
  class space    used 23991K, capacity 24972K, committed 25088K, reserved 516096K
}
{Heap before GC invocations=888 (full 2):
 PSYoungGen      total 688128K, used 591228K [0x00000000d0000000, 0x0000000100000000, 0x0000000100000000)
  eden space 589824K, 100% used [0x00000000d0000000,0x00000000f4000000,0x00000000f4000000)
  from space 98304K, 1% used [0x00000000f4000000,0x00000000f415f270,0x00000000fa000000)
  to   space 98304K, 0% used [0x00000000fa000000,0x00000000fa000000,0x0000000100000000)
 ParOldGen       total 1310720K, used 1190698K [0x0000000080000000, 0x00000000d0000000, 0x00000000d0000000)
  object space 1310720K, 90% used [0x0000000080000000,0x00000000c8acab58,0x00000000d0000000)
 Metaspace       used 251008K, capacity 255938K, committed 256256K, reserved 747520K
  class space    used 23991K, capacity 24972K, committed 25088K, reserved 516096K
2025-05-15T07:54:13.279+0900: 49264.566: [GC (Allocation Failure) [PSYoungGen: 591228K->1292K(688128K)] 1781927K->1191991K(1998848K), 0.0116478 secs] [Times: user=0.03 sys=0.00, real=0.01 secs] 
Heap after GC invocations=888 (full 2):
 PSYoungGen      total 688128K, used 1292K [0x00000000d0000000, 0x0000000100000000, 0x0000000100000000)
  eden space 589824K, 0% used [0x00000000d0000000,0x00000000d0000000,0x00000000f4000000)
  from space 98304K, 1% used [0x00000000fa000000,0x00000000fa143280,0x0000000100000000)
  to   space 98304K, 0% used [0x00000000f4000000,0x00000000f4000000,0x00000000fa000000)
 ParOldGen       total 1310720K, used 1190698K [0x0000000080000000, 0x00000000d0000000, 0x00000000d0000000)
  object space 1310720K, 90% used [0x0000000080000000,0x00000000c8acab58,0x00000000d0000000)
 Metaspace       used 251008K, capacity 255938K, committed 256256K, reserved 747520K
  class space    used 23991K, capacity 24972K, committed 25088K, reserved 516096K
}
{Heap before GC invocations=889 (full 2):
 PSYoungGen      total 688128K, used 591116K [0x00000000d0000000, 0x0000000100000000, 0x0000000100000000)
  eden space 589824K, 100% used [0x00000000d0000000,0x00000000f4000000,0x00000000f4000000)
  from space 98304K, 1% used [0x00000000fa000000,0x00000000fa143280,0x0000000100000000)
  to   space 98304K, 0% used [0x00000000f4000000,0x00000000f4000000,0x00000000fa000000)
 ParOldGen       total 1310720K, used 1190698K [0x0000000080000000, 0x00000000d0000000, 0x00000000d0000000)
  object space 1310720K, 90% used [0x0000000080000000,0x00000000c8acab58,0x00000000d0000000)
 Metaspace       used 251008K, capacity 255938K, committed 256256K, reserved 747520K
  class space    used 23991K, capacity 24972K, committed 25088K, reserved 516096K
2025-05-15T07:55:15.462+0900: 49326.749: [GC (Allocation Failure) [PSYoungGen: 591116K->1292K(688128K)] 1781815K->1192007K(1998848K), 0.0114450 secs] [Times: user=0.03 sys=0.00, real=0.01 secs] 
Heap after GC invocations=889 (full 2):
 PSYoungGen      total 688128K, used 1292K [0x00000000d0000000, 0x0000000100000000, 0x0000000100000000)
  eden space 589824K, 0% used [0x00000000d0000000,0x00000000d0000000,0x00000000f4000000)
  from space 98304K, 1% used [0x00000000f4000000,0x00000000f4143280,0x00000000fa000000)
  to   space 98304K, 0% used [0x00000000fa000000,0x00000000fa000000,0x0000000100000000)
 ParOldGen       total 1310720K, used 1190714K [0x0000000080000000, 0x00000000d0000000, 0x00000000d0000000)
  object space 1310720K, 90% used [0x0000000080000000,0x00000000c8aceb58,0x00000000d0000000)
 Metaspace       used 251008K, capacity 255938K, committed 256256K, reserved 747520K
  class space    used 23991K, capacity 24972K, committed 25088K, reserved 516096K
}
{Heap before GC invocations=890 (full 2):
 PSYoungGen      total 688128K, used 591116K [0x00000000d0000000, 0x0000000100000000, 0x0000000100000000)
  eden space 589824K, 100% used [0x00000000d0000000,0x00000000f4000000,0x00000000f4000000)
  from space 98304K, 1% used [0x00000000f4000000,0x00000000f4143280,0x00000000fa000000)
  to   space 98304K, 0% used [0x00000000fa000000,0x00000000fa000000,0x0000000100000000)
 ParOldGen       total 1310720K, used 1190714K [0x0000000080000000, 0x00000000d0000000, 0x00000000d0000000)
  object space 1310720K, 90% used [0x0000000080000000,0x00000000c8aceb58,0x00000000d0000000)
 Metaspace       used 251008K, capacity 255938K, committed 256256K, reserved 747520K
  class space    used 23991K, capacity 24972K, committed 25088K, reserved 516096K
2025-05-15T07:56:17.755+0900: 49389.042: [GC (Allocation Failure) [PSYoungGen: 591116K->1340K(688128K)] 1781831K->1192079K(1998848K), 0.0114909 secs] [Times: user=0.03 sys=0.00, real=0.01 secs] 
Heap after GC invocations=890 (full 2):
 PSYoungGen      total 688128K, used 1340K [0x00000000d0000000, 0x0000000100000000, 0x0000000100000000)
  eden space 589824K, 0% used [0x00000000d0000000,0x00000000d0000000,0x00000000f4000000)
  from space 98304K, 1% used [0x00000000fa000000,0x00000000fa14f290,0x0000000100000000)
  to   space 98304K, 0% used [0x00000000f4000000,0x00000000f4000000,0x00000000fa000000)
 ParOldGen       total 1310720K, used 1190738K [0x0000000080000000, 0x00000000d0000000, 0x00000000d0000000)
  object space 1310720K, 90% used [0x0000000080000000,0x00000000c8ad4b58,0x00000000d0000000)
 Metaspace       used 251008K, capacity 255938K, committed 256256K, reserved 747520K
  class space    used 23991K, capacity 24972K, committed 25088K, reserved 516096K
}
{Heap before GC invocations=891 (full 2):
 PSYoungGen      total 688128K, used 591164K [0x00000000d0000000, 0x0000000100000000, 0x0000000100000000)
  eden space 589824K, 100% used [0x00000000d0000000,0x00000000f4000000,0x00000000f4000000)
  from space 98304K, 1% used [0x00000000fa000000,0x00000000fa14f290,0x0000000100000000)
  to   space 98304K, 0% used [0x00000000f4000000,0x00000000f4000000,0x00000000fa000000)
 ParOldGen       total 1310720K, used 1190738K [0x0000000080000000, 0x00000000d0000000, 0x00000000d0000000)
  object space 1310720K, 90% used [0x0000000080000000,0x00000000c8ad4b58,0x00000000d0000000)
 Metaspace       used 251015K, capacity 255946K, committed 256256K, reserved 747520K
  class space    used 23994K, capacity 24976K, committed 25088K, reserved 516096K
2025-05-15T07:57:18.813+0900: 49450.101: [GC (Allocation Failure) [PSYoungGen: 591164K->1667K(688128K)] 1781903K->1192462K(1998848K), 0.0125861 secs] [Times: user=0.03 sys=0.00, real=0.01 secs] 
Heap after GC invocations=891 (full 2):
 PSYoungGen      total 688128K, used 1667K [0x00000000d0000000, 0x0000000100000000, 0x0000000100000000)
  eden space 589824K, 0% used [0x00000000d0000000,0x00000000d0000000,0x00000000f4000000)
  from space 98304K, 1% used [0x00000000f4000000,0x00000000f41a0f00,0x00000000fa000000)
  to   space 98304K, 0% used [0x00000000fa000000,0x00000000fa000000,0x0000000100000000)
 ParOldGen       total 1310720K, used 1190794K [0x0000000080000000, 0x00000000d0000000, 0x00000000d0000000)
  object space 1310720K, 90% used [0x0000000080000000,0x00000000c8ae2b78,0x00000000d0000000)
 Metaspace       used 251015K, capacity 255946K, committed 256256K, reserved 747520K
  class space    used 23994K, capacity 24976K, committed 25088K, reserved 516096K
}
{Heap before GC invocations=892 (full 2):
 PSYoungGen      total 688128K, used 591491K [0x00000000d0000000, 0x0000000100000000, 0x0000000100000000)
  eden space 589824K, 100% used [0x00000000d0000000,0x00000000f4000000,0x00000000f4000000)
  from space 98304K, 1% used [0x00000000f4000000,0x00000000f41a0f00,0x00000000fa000000)
  to   space 98304K, 0% used [0x00000000fa000000,0x00000000fa000000,0x0000000100000000)
 ParOldGen       total 1310720K, used 1190794K [0x0000000080000000, 0x00000000d0000000, 0x00000000d0000000)
  object space 1310720K, 90% used [0x0000000080000000,0x00000000c8ae2b78,0x00000000d0000000)
 Metaspace       used 251015K, capacity 255946K, committed 256256K, reserved 747520K
  class space    used 23994K, capacity 24976K, committed 25088K, reserved 516096K
2025-05-15T07:58:21.002+0900: 49512.290: [GC (Allocation Failure) [PSYoungGen: 591491K->1635K(688128K)] 1782286K->1192446K(1998848K), 0.0117595 secs] [Times: user=0.03 sys=0.00, real=0.01 secs] 
Heap after GC invocations=892 (full 2):
 PSYoungGen      total 688128K, used 1635K [0x00000000d0000000, 0x0000000100000000, 0x0000000100000000)
  eden space 589824K, 0% used [0x00000000d0000000,0x00000000d0000000,0x00000000f4000000)
  from space 98304K, 1% used [0x00000000fa000000,0x00000000fa198f00,0x0000000100000000)
  to   space 98304K, 0% used [0x00000000f4000000,0x00000000f4000000,0x00000000fa000000)
 ParOldGen       total 1310720K, used 1190810K [0x0000000080000000, 0x00000000d0000000, 0x00000000d0000000)
  object space 1310720K, 90% used [0x0000000080000000,0x00000000c8ae6b78,0x00000000d0000000)
 Metaspace       used 251015K, capacity 255946K, committed 256256K, reserved 747520K
  class space    used 23994K, capacity 24976K, committed 25088K, reserved 516096K
}
{Heap before GC invocations=893 (full 2):
 PSYoungGen      total 688128K, used 591459K [0x00000000d0000000, 0x0000000100000000, 0x0000000100000000)
  eden space 589824K, 100% used [0x00000000d0000000,0x00000000f4000000,0x00000000f4000000)
  from space 98304K, 1% used [0x00000000fa000000,0x00000000fa198f00,0x0000000100000000)
  to   space 98304K, 0% used [0x00000000f4000000,0x00000000f4000000,0x00000000fa000000)
 ParOldGen       total 1310720K, used 1190810K [0x0000000080000000, 0x00000000d0000000, 0x00000000d0000000)
  object space 1310720K, 90% used [0x0000000080000000,0x00000000c8ae6b78,0x00000000d0000000)
 Metaspace       used 251015K, capacity 255946K, committed 256256K, reserved 747520K
  class space    used 23994K, capacity 24976K, committed 25088K, reserved 516096K
2025-05-15T07:59:23.191+0900: 49574.478: [GC (Allocation Failure) [PSYoungGen: 591459K->1635K(688128K)] 1782270K->1192454K(1998848K), 0.0114251 secs] [Times: user=0.03 sys=0.00, real=0.01 secs] 
Heap after GC invocations=893 (full 2):
 PSYoungGen      total 688128K, used 1635K [0x00000000d0000000, 0x0000000100000000, 0x0000000100000000)
  eden space 589824K, 0% used [0x00000000d0000000,0x00000000d0000000,0x00000000f4000000)
  from space 98304K, 1% used [0x00000000f4000000,0x00000000f4198f00,0x00000000fa000000)
  to   space 98304K, 0% used [0x00000000fa000000,0x00000000fa000000,0x0000000100000000)
 ParOldGen       total 1310720K, used 1190818K [0x0000000080000000, 0x00000000d0000000, 0x00000000d0000000)
  object space 1310720K, 90% used [0x0000000080000000,0x00000000c8ae8b78,0x00000000d0000000)
 Metaspace       used 251015K, capacity 255946K, committed 256256K, reserved 747520K
  class space    used 23994K, capacity 24976K, committed 25088K, reserved 516096K
}
{Heap before GC invocations=894 (full 2):
 PSYoungGen      total 688128K, used 591459K [0x00000000d0000000, 0x0000000100000000, 0x0000000100000000)
  eden space 589824K, 100% used [0x00000000d0000000,0x00000000f4000000,0x00000000f4000000)
  from space 98304K, 1% used [0x00000000f4000000,0x00000000f4198f00,0x00000000fa000000)
  to   space 98304K, 0% used [0x00000000fa000000,0x00000000fa000000,0x0000000100000000)
 ParOldGen       total 1310720K, used 1190818K [0x0000000080000000, 0x00000000d0000000, 0x00000000d0000000)
  object space 1310720K, 90% used [0x0000000080000000,0x00000000c8ae8b78,0x00000000d0000000)
 Metaspace       used 251015K, capacity 255946K, committed 256256K, reserved 747520K
  class space    used 23994K, capacity 24976K, committed 25088K, reserved 516096K
2025-05-15T08:00:25.371+0900: 49636.658: [GC (Allocation Failure) [PSYoungGen: 591459K->1635K(688128K)] 1782278K->1192498K(1998848K), 0.0120822 secs] [Times: user=0.03 sys=0.00, real=0.01 secs] 
Heap after GC invocations=894 (full 2):
 PSYoungGen      total 688128K, used 1635K [0x00000000d0000000, 0x0000000100000000, 0x0000000100000000)
  eden space 589824K, 0% used [0x00000000d0000000,0x00000000d0000000,0x00000000f4000000)
  from space 98304K, 1% used [0x00000000fa000000,0x00000000fa198f20,0x0000000100000000)
  to   space 98304K, 0% used [0x00000000f4000000,0x00000000f4000000,0x00000000fa000000)
 ParOldGen       total 1310720K, used 1190862K [0x0000000080000000, 0x00000000d0000000, 0x00000000d0000000)
  object space 1310720K, 90% used [0x0000000080000000,0x00000000c8af3b98,0x00000000d0000000)
 Metaspace       used 251015K, capacity 255946K, committed 256256K, reserved 747520K
  class space    used 23994K, capacity 24976K, committed 25088K, reserved 516096K
}
{Heap before GC invocations=895 (full 2):
 PSYoungGen      total 688128K, used 591459K [0x00000000d0000000, 0x0000000100000000, 0x0000000100000000)
  eden space 589824K, 100% used [0x00000000d0000000,0x00000000f4000000,0x00000000f4000000)
  from space 98304K, 1% used [0x00000000fa000000,0x00000000fa198f20,0x0000000100000000)
  to   space 98304K, 0% used [0x00000000f4000000,0x00000000f4000000,0x00000000fa000000)
 ParOldGen       total 1310720K, used 1190862K [0x0000000080000000, 0x00000000d0000000, 0x00000000d0000000)
  object space 1310720K, 90% used [0x0000000080000000,0x00000000c8af3b98,0x00000000d0000000)
 Metaspace       used 251015K, capacity 255946K, committed 256256K, reserved 747520K
  class space    used 23994K, capacity 24976K, committed 25088K, reserved 516096K
2025-05-15T08:01:27.567+0900: 49698.855: [GC (Allocation Failure) [PSYoungGen: 591459K->1667K(688128K)] 1782322K->1192554K(1998848K), 0.0119633 secs] [Times: user=0.03 sys=0.01, real=0.02 secs] 
Heap after GC invocations=895 (full 2):
 PSYoungGen      total 688128K, used 1667K [0x00000000d0000000, 0x0000000100000000, 0x0000000100000000)
  eden space 589824K, 0% used [0x00000000d0000000,0x00000000d0000000,0x00000000f4000000)
  from space 98304K, 1% used [0x00000000f4000000,0x00000000f41a0f20,0x00000000fa000000)
  to   space 98304K, 0% used [0x00000000fa000000,0x00000000fa000000,0x0000000100000000)
 ParOldGen       total 1310720K, used 1190886K [0x0000000080000000, 0x00000000d0000000, 0x00000000d0000000)
  object space 1310720K, 90% used [0x0000000080000000,0x00000000c8af9b98,0x00000000d0000000)
 Metaspace       used 251015K, capacity 255946K, committed 256256K, reserved 747520K
  class space    used 23994K, capacity 24976K, committed 25088K, reserved 516096K
}
{Heap before GC invocations=896 (full 2):
 PSYoungGen      total 688128K, used 591491K [0x00000000d0000000, 0x0000000100000000, 0x0000000100000000)
  eden space 589824K, 100% used [0x00000000d0000000,0x00000000f4000000,0x00000000f4000000)
  from space 98304K, 1% used [0x00000000f4000000,0x00000000f41a0f20,0x00000000fa000000)
  to   space 98304K, 0% used [0x00000000fa000000,0x00000000fa000000,0x0000000100000000)
 ParOldGen       total 1310720K, used 1190886K [0x0000000080000000, 0x00000000d0000000, 0x00000000d0000000)
  object space 1310720K, 90% used [0x0000000080000000,0x00000000c8af9b98,0x00000000d0000000)
 Metaspace       used 251015K, capacity 255946K, committed 256256K, reserved 747520K
  class space    used 23994K, capacity 24976K, committed 25088K, reserved 516096K
2025-05-15T08:02:29.758+0900: 49761.046: [GC (Allocation Failure) [PSYoungGen: 591491K->1667K(688128K)] 1782378K->1192586K(1998848K), 0.0122075 secs] [Times: user=0.03 sys=0.01, real=0.01 secs] 
Heap after GC invocations=896 (full 2):
 PSYoungGen      total 688128K, used 1667K [0x00000000d0000000, 0x0000000100000000, 0x0000000100000000)
  eden space 589824K, 0% used [0x00000000d0000000,0x00000000d0000000,0x00000000f4000000)
  from space 98304K, 1% used [0x00000000fa000000,0x00000000fa1a0f20,0x0000000100000000)
  to   space 98304K, 0% used [0x00000000f4000000,0x00000000f4000000,0x00000000fa000000)
 ParOldGen       total 1310720K, used 1190918K [0x0000000080000000, 0x00000000d0000000, 0x00000000d0000000)
  object space 1310720K, 90% used [0x0000000080000000,0x00000000c8b01b98,0x00000000d0000000)
 Metaspace       used 251015K, capacity 255946K, committed 256256K, reserved 747520K
  class space    used 23994K, capacity 24976K, committed 25088K, reserved 516096K
}
{Heap before GC invocations=897 (full 2):
 PSYoungGen      total 688128K, used 591491K [0x00000000d0000000, 0x0000000100000000, 0x0000000100000000)
  eden space 589824K, 100% used [0x00000000d0000000,0x00000000f4000000,0x00000000f4000000)
  from space 98304K, 1% used [0x00000000fa000000,0x00000000fa1a0f20,0x0000000100000000)
  to   space 98304K, 0% used [0x00000000f4000000,0x00000000f4000000,0x00000000fa000000)
 ParOldGen       total 1310720K, used 1190918K [0x0000000080000000, 0x00000000d0000000, 0x00000000d0000000)
  object space 1310720K, 90% used [0x0000000080000000,0x00000000c8b01b98,0x00000000d0000000)
 Metaspace       used 251015K, capacity 255946K, committed 256256K, reserved 747520K
  class space    used 23994K, capacity 24976K, committed 25088K, reserved 516096K
2025-05-15T08:03:29.991+0900: 49821.278: [GC (Allocation Failure) [PSYoungGen: 591491K->1742K(688128K)] 1782410K->1192685K(1998848K), 0.0117447 secs] [Times: user=0.04 sys=0.00, real=0.01 secs] 
Heap after GC invocations=897 (full 2):
 PSYoungGen      total 688128K, used 1742K [0x00000000d0000000, 0x0000000100000000, 0x0000000100000000)
  eden space 589824K, 0% used [0x00000000d0000000,0x00000000d0000000,0x00000000f4000000)
  from space 98304K, 1% used [0x00000000f4000000,0x00000000f41b3bd0,0x00000000fa000000)
  to   space 98304K, 0% used [0x00000000fa000000,0x00000000fa000000,0x0000000100000000)
 ParOldGen       total 1310720K, used 1190942K [0x0000000080000000, 0x00000000d0000000, 0x00000000d0000000)
  object space 1310720K, 90% used [0x0000000080000000,0x00000000c8b07b98,0x00000000d0000000)
 Metaspace       used 251015K, capacity 255946K, committed 256256K, reserved 747520K
  class space    used 23994K, capacity 24976K, committed 25088K, reserved 516096K
}
{Heap before GC invocations=898 (full 2):
 PSYoungGen      total 688128K, used 591566K [0x00000000d0000000, 0x0000000100000000, 0x0000000100000000)
  eden space 589824K, 100% used [0x00000000d0000000,0x00000000f4000000,0x00000000f4000000)
  from space 98304K, 1% used [0x00000000f4000000,0x00000000f41b3bd0,0x00000000fa000000)
  to   space 98304K, 0% used [0x00000000fa000000,0x00000000fa000000,0x0000000100000000)
 ParOldGen       total 1310720K, used 1190942K [0x0000000080000000, 0x00000000d0000000, 0x00000000d0000000)
  object space 1310720K, 90% used [0x0000000080000000,0x00000000c8b07b98,0x00000000d0000000)
 Metaspace       used 251015K, capacity 255946K, committed 256256K, reserved 747520K
  class space    used 23994K, capacity 24976K, committed 25088K, reserved 516096K
2025-05-15T08:04:32.084+0900: 49883.371: [GC (Allocation Failure) [PSYoungGen: 591566K->1760K(688128K)] 1782509K->1192719K(1998848K), 0.0118878 secs] [Times: user=0.03 sys=0.00, real=0.01 secs] 
Heap after GC invocations=898 (full 2):
 PSYoungGen      total 688128K, used 1760K [0x00000000d0000000, 0x0000000100000000, 0x0000000100000000)
  eden space 589824K, 0% used [0x00000000d0000000,0x00000000d0000000,0x00000000f4000000)
  from space 98304K, 1% used [0x00000000fa000000,0x00000000fa1b80f8,0x0000000100000000)
  to   space 98304K, 0% used [0x00000000f4000000,0x00000000f4000000,0x00000000fa000000)
 ParOldGen       total 1310720K, used 1190958K [0x0000000080000000, 0x00000000d0000000, 0x00000000d0000000)
  object space 1310720K, 90% used [0x0000000080000000,0x00000000c8b0bb98,0x00000000d0000000)
 Metaspace       used 251015K, capacity 255946K, committed 256256K, reserved 747520K
  class space    used 23994K, capacity 24976K, committed 25088K, reserved 516096K
}
{Heap before GC invocations=899 (full 2):
 PSYoungGen      total 688128K, used 591584K [0x00000000d0000000, 0x0000000100000000, 0x0000000100000000)
  eden space 589824K, 100% used [0x00000000d0000000,0x00000000f4000000,0x00000000f4000000)
  from space 98304K, 1% used [0x00000000fa000000,0x00000000fa1b80f8,0x0000000100000000)
  to   space 98304K, 0% used [0x00000000f4000000,0x00000000f4000000,0x00000000fa000000)
 ParOldGen       total 1310720K, used 1190958K [0x0000000080000000, 0x00000000d0000000, 0x00000000d0000000)
  object space 1310720K, 90% used [0x0000000080000000,0x00000000c8b0bb98,0x00000000d0000000)
 Metaspace       used 251015K, capacity 255946K, committed 256256K, reserved 747520K
  class space    used 23994K, capacity 24976K, committed 25088K, reserved 516096K
2025-05-15T08:05:34.280+0900: 49945.567: [GC (Allocation Failure) [PSYoungGen: 591584K->1742K(688128K)] 1782543K->1192749K(1998848K), 0.0117932 secs] [Times: user=0.03 sys=0.00, real=0.01 secs] 
Heap after GC invocations=899 (full 2):
 PSYoungGen      total 688128K, used 1742K [0x00000000d0000000, 0x0000000100000000, 0x0000000100000000)
  eden space 589824K, 0% used [0x00000000d0000000,0x00000000d0000000,0x00000000f4000000)
  from space 98304K, 1% used [0x00000000f4000000,0x00000000f41b3bd0,0x00000000fa000000)
  to   space 98304K, 0% used [0x00000000fa000000,0x00000000fa000000,0x0000000100000000)
 ParOldGen       total 1310720K, used 1191006K [0x0000000080000000, 0x00000000d0000000, 0x00000000d0000000)
  object space 1310720K, 90% used [0x0000000080000000,0x00000000c8b17bb8,0x00000000d0000000)
 Metaspace       used 251015K, capacity 255946K, committed 256256K, reserved 747520K
  class space    used 23994K, capacity 24976K, committed 25088K, reserved 516096K
}
{Heap before GC invocations=900 (full 2):
 PSYoungGen      total 688128K, used 591566K [0x00000000d0000000, 0x0000000100000000, 0x0000000100000000)
  eden space 589824K, 100% used [0x00000000d0000000,0x00000000f4000000,0x00000000f4000000)
  from space 98304K, 1% used [0x00000000f4000000,0x00000000f41b3bd0,0x00000000fa000000)
  to   space 98304K, 0% used [0x00000000fa000000,0x00000000fa000000,0x0000000100000000)
 ParOldGen       total 1310720K, used 1191006K [0x0000000080000000, 0x00000000d0000000, 0x00000000d0000000)
  object space 1310720K, 90% used [0x0000000080000000,0x00000000c8b17bb8,0x00000000d0000000)
 Metaspace       used 251015K, capacity 255946K, committed 256256K, reserved 747520K
  class space    used 23994K, capacity 24976K, committed 25088K, reserved 516096K
2025-05-15T08:06:34.498+0900: 50005.785: [GC (Allocation Failure) [PSYoungGen: 591566K->2079K(688128K)] 1782573K->1193109K(1998848K), 0.0117170 secs] [Times: user=0.03 sys=0.00, real=0.02 secs] 
Heap after GC invocations=900 (full 2):
 PSYoungGen      total 688128K, used 2079K [0x00000000d0000000, 0x0000000100000000, 0x0000000100000000)
  eden space 589824K, 0% used [0x00000000d0000000,0x00000000d0000000,0x00000000f4000000)
  from space 98304K, 2% used [0x00000000fa000000,0x00000000fa207c28,0x0000000100000000)
  to   space 98304K, 0% used [0x00000000f4000000,0x00000000f4000000,0x00000000fa000000)
 ParOldGen       total 1310720K, used 1191030K [0x0000000080000000, 0x00000000d0000000, 0x00000000d0000000)
  object space 1310720K, 90% used [0x0000000080000000,0x00000000c8b1dbb8,0x00000000d0000000)
 Metaspace       used 251015K, capacity 255946K, committed 256256K, reserved 747520K
  class space    used 23994K, capacity 24976K, committed 25088K, reserved 516096K
}
{Heap before GC invocations=901 (full 2):
 PSYoungGen      total 688128K, used 591903K [0x00000000d0000000, 0x0000000100000000, 0x0000000100000000)
  eden space 589824K, 100% used [0x00000000d0000000,0x00000000f4000000,0x00000000f4000000)
  from space 98304K, 2% used [0x00000000fa000000,0x00000000fa207c28,0x0000000100000000)
  to   space 98304K, 0% used [0x00000000f4000000,0x00000000f4000000,0x00000000fa000000)
 ParOldGen       total 1310720K, used 1191030K [0x0000000080000000, 0x00000000d0000000, 0x00000000d0000000)
  object space 1310720K, 90% used [0x0000000080000000,0x00000000c8b1dbb8,0x00000000d0000000)
 Metaspace       used 251015K, capacity 255946K, committed 256256K, reserved 747520K
  class space    used 23994K, capacity 24976K, committed 25088K, reserved 516096K
2025-05-15T08:07:36.639+0900: 50067.926: [GC (Allocation Failure) [PSYoungGen: 591903K->1811K(688128K)] 1782933K->1193172K(1998848K), 0.0115768 secs] [Times: user=0.03 sys=0.00, real=0.01 secs] 
Heap after GC invocations=901 (full 2):
 PSYoungGen      total 688128K, used 1811K [0x00000000d0000000, 0x0000000100000000, 0x0000000100000000)
  eden space 589824K, 0% used [0x00000000d0000000,0x00000000d0000000,0x00000000f4000000)
  from space 98304K, 1% used [0x00000000f4000000,0x00000000f41c4eb8,0x00000000fa000000)
  to   space 98304K, 0% used [0x00000000fa000000,0x00000000fa000000,0x0000000100000000)
 ParOldGen       total 1310720K, used 1191361K [0x0000000080000000, 0x00000000d0000000, 0x00000000d0000000)
  object space 1310720K, 90% used [0x0000000080000000,0x00000000c8b70420,0x00000000d0000000)
 Metaspace       used 251015K, capacity 255946K, committed 256256K, reserved 747520K
  class space    used 23994K, capacity 24976K, committed 25088K, reserved 516096K
}
{Heap before GC invocations=902 (full 2):
 PSYoungGen      total 688128K, used 591635K [0x00000000d0000000, 0x0000000100000000, 0x0000000100000000)
  eden space 589824K, 100% used [0x00000000d0000000,0x00000000f4000000,0x00000000f4000000)
  from space 98304K, 1% used [0x00000000f4000000,0x00000000f41c4eb8,0x00000000fa000000)
  to   space 98304K, 0% used [0x00000000fa000000,0x00000000fa000000,0x0000000100000000)
 ParOldGen       total 1310720K, used 1191361K [0x0000000080000000, 0x00000000d0000000, 0x00000000d0000000)
  object space 1310720K, 90% used [0x0000000080000000,0x00000000c8b70420,0x00000000d0000000)
 Metaspace       used 251015K, capacity 255946K, committed 256256K, reserved 747520K
  class space    used 23994K, capacity 24976K, committed 25088K, reserved 516096K
2025-05-15T08:08:38.837+0900: 50130.124: [GC (Allocation Failure) [PSYoungGen: 591635K->1537K(688128K)] 1782996K->1193150K(1998848K), 0.0118383 secs] [Times: user=0.03 sys=0.00, real=0.02 secs] 
Heap after GC invocations=902 (full 2):
 PSYoungGen      total 688128K, used 1537K [0x00000000d0000000, 0x0000000100000000, 0x0000000100000000)
  eden space 589824K, 0% used [0x00000000d0000000,0x00000000d0000000,0x00000000f4000000)
  from space 98304K, 1% used [0x00000000fa000000,0x00000000fa1804a0,0x0000000100000000)
  to   space 98304K, 0% used [0x00000000f4000000,0x00000000f4000000,0x00000000fa000000)
 ParOldGen       total 1310720K, used 1191613K [0x0000000080000000, 0x00000000d0000000, 0x00000000d0000000)
  object space 1310720K, 90% used [0x0000000080000000,0x00000000c8baf578,0x00000000d0000000)
 Metaspace       used 251015K, capacity 255946K, committed 256256K, reserved 747520K
  class space    used 23994K, capacity 24976K, committed 25088K, reserved 516096K
}
{Heap before GC invocations=903 (full 2):
 PSYoungGen      total 688128K, used 591361K [0x00000000d0000000, 0x0000000100000000, 0x0000000100000000)
  eden space 589824K, 100% used [0x00000000d0000000,0x00000000f4000000,0x00000000f4000000)
  from space 98304K, 1% used [0x00000000fa000000,0x00000000fa1804a0,0x0000000100000000)
  to   space 98304K, 0% used [0x00000000f4000000,0x00000000f4000000,0x00000000fa000000)
 ParOldGen       total 1310720K, used 1191613K [0x0000000080000000, 0x00000000d0000000, 0x00000000d0000000)
  object space 1310720K, 90% used [0x0000000080000000,0x00000000c8baf578,0x00000000d0000000)
 Metaspace       used 251015K, capacity 255946K, committed 256256K, reserved 747520K
  class space    used 23994K, capacity 24976K, committed 25088K, reserved 516096K
2025-05-15T08:09:41.281+0900: 50192.568: [GC (Allocation Failure) [PSYoungGen: 591361K->1505K(688128K)] 1782974K->1193142K(1998848K), 0.0125656 secs] [Times: user=0.03 sys=0.00, real=0.01 secs] 
Heap after GC invocations=903 (full 2):
 PSYoungGen      total 688128K, used 1505K [0x00000000d0000000, 0x0000000100000000, 0x0000000100000000)
  eden space 589824K, 0% used [0x00000000d0000000,0x00000000d0000000,0x00000000f4000000)
  from space 98304K, 1% used [0x00000000f4000000,0x00000000f41784a0,0x00000000fa000000)
  to   space 98304K, 0% used [0x00000000fa000000,0x00000000fa000000,0x0000000100000000)
 ParOldGen       total 1310720K, used 1191637K [0x0000000080000000, 0x00000000d0000000, 0x00000000d0000000)
  object space 1310720K, 90% used [0x0000000080000000,0x00000000c8bb5578,0x00000000d0000000)
 Metaspace       used 251015K, capacity 255946K, committed 256256K, reserved 747520K
  class space    used 23994K, capacity 24976K, committed 25088K, reserved 516096K
}
{Heap before GC invocations=904 (full 2):
 PSYoungGen      total 688128K, used 591329K [0x00000000d0000000, 0x0000000100000000, 0x0000000100000000)
  eden space 589824K, 100% used [0x00000000d0000000,0x00000000f4000000,0x00000000f4000000)
  from space 98304K, 1% used [0x00000000f4000000,0x00000000f41784a0,0x00000000fa000000)
  to   space 98304K, 0% used [0x00000000fa000000,0x00000000fa000000,0x0000000100000000)
 ParOldGen       total 1310720K, used 1191637K [0x0000000080000000, 0x00000000d0000000, 0x00000000d0000000)
  object space 1310720K, 90% used [0x0000000080000000,0x00000000c8bb5578,0x00000000d0000000)
 Metaspace       used 251021K, capacity 255964K, committed 256256K, reserved 747520K
  class space    used 23995K, capacity 24979K, committed 25088K, reserved 516096K
2025-05-15T08:10:38.472+0900: 50249.759: [GC (Allocation Failure) [PSYoungGen: 591329K->1772K(688128K)] 1782966K->1193409K(1998848K), 0.0120881 secs] [Times: user=0.03 sys=0.00, real=0.01 secs] 
Heap after GC invocations=904 (full 2):
 PSYoungGen      total 688128K, used 1772K [0x00000000d0000000, 0x0000000100000000, 0x0000000100000000)
  eden space 589824K, 0% used [0x00000000d0000000,0x00000000d0000000,0x00000000f4000000)
  from space 98304K, 1% used [0x00000000fa000000,0x00000000fa1bb228,0x0000000100000000)
  to   space 98304K, 0% used [0x00000000f4000000,0x00000000f4000000,0x00000000fa000000)
 ParOldGen       total 1310720K, used 1191637K [0x0000000080000000, 0x00000000d0000000, 0x00000000d0000000)
  object space 1310720K, 90% used [0x0000000080000000,0x00000000c8bb5578,0x00000000d0000000)
 Metaspace       used 251021K, capacity 255964K, committed 256256K, reserved 747520K
  class space    used 23995K, capacity 24979K, committed 25088K, reserved 516096K
}
{Heap before GC invocations=905 (full 2):
 PSYoungGen      total 688128K, used 591596K [0x00000000d0000000, 0x0000000100000000, 0x0000000100000000)
  eden space 589824K, 100% used [0x00000000d0000000,0x00000000f4000000,0x00000000f4000000)
  from space 98304K, 1% used [0x00000000fa000000,0x00000000fa1bb228,0x0000000100000000)
  to   space 98304K, 0% used [0x00000000f4000000,0x00000000f4000000,0x00000000fa000000)
 ParOldGen       total 1310720K, used 1191637K [0x0000000080000000, 0x00000000d0000000, 0x00000000d0000000)
  object space 1310720K, 90% used [0x0000000080000000,0x00000000c8bb5578,0x00000000d0000000)
 Metaspace       used 251021K, capacity 255964K, committed 256256K, reserved 747520K
  class space    used 23995K, capacity 24979K, committed 25088K, reserved 516096K
2025-05-15T08:11:40.276+0900: 50311.563: [GC (Allocation Failure) [PSYoungGen: 591596K->1596K(688128K)] 1783233K->1193241K(1998848K), 0.0113988 secs] [Times: user=0.03 sys=0.00, real=0.01 secs] 
Heap after GC invocations=905 (full 2):
 PSYoungGen      total 688128K, used 1596K [0x00000000d0000000, 0x0000000100000000, 0x0000000100000000)
  eden space 589824K, 0% used [0x00000000d0000000,0x00000000d0000000,0x00000000f4000000)
  from space 98304K, 1% used [0x00000000f4000000,0x00000000f418f1d8,0x00000000fa000000)
  to   space 98304K, 0% used [0x00000000fa000000,0x00000000fa000000,0x0000000100000000)
 ParOldGen       total 1310720K, used 1191645K [0x0000000080000000, 0x00000000d0000000, 0x00000000d0000000)
  object space 1310720K, 90% used [0x0000000080000000,0x00000000c8bb7578,0x00000000d0000000)
 Metaspace       used 251021K, capacity 255964K, committed 256256K, reserved 747520K
  class space    used 23995K, capacity 24979K, committed 25088K, reserved 516096K
}
{Heap before GC invocations=906 (full 2):
 PSYoungGen      total 688128K, used 591420K [0x00000000d0000000, 0x0000000100000000, 0x0000000100000000)
  eden space 589824K, 100% used [0x00000000d0000000,0x00000000f4000000,0x00000000f4000000)
  from space 98304K, 1% used [0x00000000f4000000,0x00000000f418f1d8,0x00000000fa000000)
  to   space 98304K, 0% used [0x00000000fa000000,0x00000000fa000000,0x0000000100000000)
 ParOldGen       total 1310720K, used 1191645K [0x0000000080000000, 0x00000000d0000000, 0x00000000d0000000)
  object space 1310720K, 90% used [0x0000000080000000,0x00000000c8bb7578,0x00000000d0000000)
 Metaspace       used 251021K, capacity 255964K, committed 256256K, reserved 747520K
  class space    used 23995K, capacity 24979K, committed 25088K, reserved 516096K
2025-05-15T08:12:42.497+0900: 50373.784: [GC (Allocation Failure) [PSYoungGen: 591420K->1386K(688128K)] 1783065K->1193233K(1998848K), 0.0118993 secs] [Times: user=0.03 sys=0.00, real=0.02 secs] 
Heap after GC invocations=906 (full 2):
 PSYoungGen      total 688128K, used 1386K [0x00000000d0000000, 0x0000000100000000, 0x0000000100000000)
  eden space 589824K, 0% used [0x00000000d0000000,0x00000000d0000000,0x00000000f4000000)
  from space 98304K, 1% used [0x00000000fa000000,0x00000000fa15a878,0x0000000100000000)
  to   space 98304K, 0% used [0x00000000f4000000,0x00000000f4000000,0x00000000fa000000)
 ParOldGen       total 1310720K, used 1191847K [0x0000000080000000, 0x00000000d0000000, 0x00000000d0000000)
  object space 1310720K, 90% used [0x0000000080000000,0x00000000c8be9d58,0x00000000d0000000)
 Metaspace       used 251021K, capacity 255964K, committed 256256K, reserved 747520K
  class space    used 23995K, capacity 24979K, committed 25088K, reserved 516096K
}
{Heap before GC invocations=907 (full 2):
 PSYoungGen      total 688128K, used 591210K [0x00000000d0000000, 0x0000000100000000, 0x0000000100000000)
  eden space 589824K, 100% used [0x00000000d0000000,0x00000000f4000000,0x00000000f4000000)
  from space 98304K, 1% used [0x00000000fa000000,0x00000000fa15a878,0x0000000100000000)
  to   space 98304K, 0% used [0x00000000f4000000,0x00000000f4000000,0x00000000fa000000)
 ParOldGen       total 1310720K, used 1191847K [0x0000000080000000, 0x00000000d0000000, 0x00000000d0000000)
  object space 1310720K, 90% used [0x0000000080000000,0x00000000c8be9d58,0x00000000d0000000)
 Metaspace       used 251026K, capacity 255964K, committed 256256K, reserved 747520K
  class space    used 23995K, capacity 24979K, committed 25088K, reserved 516096K
2025-05-15T08:13:43.629+0900: 50434.916: [GC (Allocation Failure) [PSYoungGen: 591210K->1650K(688128K)] 1783057K->1193521K(1998848K), 0.0118689 secs] [Times: user=0.03 sys=0.00, real=0.01 secs] 
Heap after GC invocations=907 (full 2):
 PSYoungGen      total 688128K, used 1650K [0x00000000d0000000, 0x0000000100000000, 0x0000000100000000)
  eden space 589824K, 0% used [0x00000000d0000000,0x00000000d0000000,0x00000000f4000000)
  from space 98304K, 1% used [0x00000000f4000000,0x00000000f419c8e0,0x00000000fa000000)
  to   space 98304K, 0% used [0x00000000fa000000,0x00000000fa000000,0x0000000100000000)
 ParOldGen       total 1310720K, used 1191871K [0x0000000080000000, 0x00000000d0000000, 0x00000000d0000000)
  object space 1310720K, 90% used [0x0000000080000000,0x00000000c8befd58,0x00000000d0000000)
 Metaspace       used 251026K, capacity 255964K, committed 256256K, reserved 747520K
  class space    used 23995K, capacity 24979K, committed 25088K, reserved 516096K
}
{Heap before GC invocations=908 (full 2):
 PSYoungGen      total 688128K, used 591474K [0x00000000d0000000, 0x0000000100000000, 0x0000000100000000)
  eden space 589824K, 100% used [0x00000000d0000000,0x00000000f4000000,0x00000000f4000000)
  from space 98304K, 1% used [0x00000000f4000000,0x00000000f419c8e0,0x00000000fa000000)
  to   space 98304K, 0% used [0x00000000fa000000,0x00000000fa000000,0x0000000100000000)
 ParOldGen       total 1310720K, used 1191871K [0x0000000080000000, 0x00000000d0000000, 0x00000000d0000000)
  object space 1310720K, 90% used [0x0000000080000000,0x00000000c8befd58,0x00000000d0000000)
 Metaspace       used 251026K, capacity 255964K, committed 256256K, reserved 747520K
  class space    used 23995K, capacity 24979K, committed 25088K, reserved 516096K
2025-05-15T08:14:44.784+0900: 50496.071: [GC (Allocation Failure) [PSYoungGen: 591474K->1618K(688128K)] 1783345K->1193513K(1998848K), 0.0120505 secs] [Times: user=0.03 sys=0.00, real=0.01 secs] 
Heap after GC invocations=908 (full 2):
 PSYoungGen      total 688128K, used 1618K [0x00000000d0000000, 0x0000000100000000, 0x0000000100000000)
  eden space 589824K, 0% used [0x00000000d0000000,0x00000000d0000000,0x00000000f4000000)
  from space 98304K, 1% used [0x00000000fa000000,0x00000000fa1948e0,0x0000000100000000)
  to   space 98304K, 0% used [0x00000000f4000000,0x00000000f4000000,0x00000000fa000000)
 ParOldGen       total 1310720K, used 1191895K [0x0000000080000000, 0x00000000d0000000, 0x00000000d0000000)
  object space 1310720K, 90% used [0x0000000080000000,0x00000000c8bf5d58,0x00000000d0000000)
 Metaspace       used 251026K, capacity 255964K, committed 256256K, reserved 747520K
  class space    used 23995K, capacity 24979K, committed 25088K, reserved 516096K
}
{Heap before GC invocations=909 (full 2):
 PSYoungGen      total 688128K, used 591442K [0x00000000d0000000, 0x0000000100000000, 0x0000000100000000)
  eden space 589824K, 100% used [0x00000000d0000000,0x00000000f4000000,0x00000000f4000000)
  from space 98304K, 1% used [0x00000000fa000000,0x00000000fa1948e0,0x0000000100000000)
  to   space 98304K, 0% used [0x00000000f4000000,0x00000000f4000000,0x00000000fa000000)
 ParOldGen       total 1310720K, used 1191895K [0x0000000080000000, 0x00000000d0000000, 0x00000000d0000000)
  object space 1310720K, 90% used [0x0000000080000000,0x00000000c8bf5d58,0x00000000d0000000)
 Metaspace       used 251026K, capacity 255964K, committed 256256K, reserved 747520K
  class space    used 23995K, capacity 24979K, committed 25088K, reserved 516096K
2025-05-15T08:15:43.368+0900: 50554.655: [GC (Allocation Failure) [PSYoungGen: 591442K->1848K(688128K)] 1783337K->1193767K(1998848K), 0.0119455 secs] [Times: user=0.03 sys=0.00, real=0.02 secs] 
Heap after GC invocations=909 (full 2):
 PSYoungGen      total 688128K, used 1848K [0x00000000d0000000, 0x0000000100000000, 0x0000000100000000)
  eden space 589824K, 0% used [0x00000000d0000000,0x00000000d0000000,0x00000000f4000000)
  from space 98304K, 1% used [0x00000000f4000000,0x00000000f41ce058,0x00000000fa000000)
  to   space 98304K, 0% used [0x00000000fa000000,0x00000000fa000000,0x0000000100000000)
 ParOldGen       total 1310720K, used 1191919K [0x0000000080000000, 0x00000000d0000000, 0x00000000d0000000)
  object space 1310720K, 90% used [0x0000000080000000,0x00000000c8bfbd58,0x00000000d0000000)
 Metaspace       used 251026K, capacity 255964K, committed 256256K, reserved 747520K
  class space    used 23995K, capacity 24979K, committed 25088K, reserved 516096K
}
{Heap before GC invocations=910 (full 2):
 PSYoungGen      total 688128K, used 591672K [0x00000000d0000000, 0x0000000100000000, 0x0000000100000000)
  eden space 589824K, 100% used [0x00000000d0000000,0x00000000f4000000,0x00000000f4000000)
  from space 98304K, 1% used [0x00000000f4000000,0x00000000f41ce058,0x00000000fa000000)
  to   space 98304K, 0% used [0x00000000fa000000,0x00000000fa000000,0x0000000100000000)
 ParOldGen       total 1310720K, used 1191919K [0x0000000080000000, 0x00000000d0000000, 0x00000000d0000000)
  object space 1310720K, 90% used [0x0000000080000000,0x00000000c8bfbd58,0x00000000d0000000)
 Metaspace       used 251026K, capacity 255964K, committed 256256K, reserved 747520K
  class space    used 23995K, capacity 24979K, committed 25088K, reserved 516096K
2025-05-15T08:16:45.069+0900: 50616.356: [GC (Allocation Failure) [PSYoungGen: 591672K->2024K(688128K)] 1783591K->1193960K(1998848K), 0.0116422 secs] [Times: user=0.03 sys=0.00, real=0.01 secs] 
Heap after GC invocations=910 (full 2):
 PSYoungGen      total 688128K, used 2024K [0x00000000d0000000, 0x0000000100000000, 0x0000000100000000)
  eden space 589824K, 0% used [0x00000000d0000000,0x00000000d0000000,0x00000000f4000000)
  from space 98304K, 2% used [0x00000000fa000000,0x00000000fa1fa3f0,0x0000000100000000)
  to   space 98304K, 0% used [0x00000000f4000000,0x00000000f4000000,0x00000000fa000000)
 ParOldGen       total 1310720K, used 1191935K [0x0000000080000000, 0x00000000d0000000, 0x00000000d0000000)
  object space 1310720K, 90% used [0x0000000080000000,0x00000000c8bffd58,0x00000000d0000000)
 Metaspace       used 251026K, capacity 255964K, committed 256256K, reserved 747520K
  class space    used 23995K, capacity 24979K, committed 25088K, reserved 516096K
}
{Heap before GC invocations=911 (full 2):
 PSYoungGen      total 688128K, used 591848K [0x00000000d0000000, 0x0000000100000000, 0x0000000100000000)
  eden space 589824K, 100% used [0x00000000d0000000,0x00000000f4000000,0x00000000f4000000)
  from space 98304K, 2% used [0x00000000fa000000,0x00000000fa1fa3f0,0x0000000100000000)
  to   space 98304K, 0% used [0x00000000f4000000,0x00000000f4000000,0x00000000fa000000)
 ParOldGen       total 1310720K, used 1191935K [0x0000000080000000, 0x00000000d0000000, 0x00000000d0000000)
  object space 1310720K, 90% used [0x0000000080000000,0x00000000c8bffd58,0x00000000d0000000)
 Metaspace       used 251026K, capacity 255964K, committed 256256K, reserved 747520K
  class space    used 23995K, capacity 24979K, committed 25088K, reserved 516096K
2025-05-15T08:17:46.236+0900: 50677.523: [GC (Allocation Failure) [PSYoungGen: 591848K->2408K(688128K)] 1783784K->1194375K(1998848K), 0.0117481 secs] [Times: user=0.03 sys=0.00, real=0.01 secs] 
Heap after GC invocations=911 (full 2):
 PSYoungGen      total 688128K, used 2408K [0x00000000d0000000, 0x0000000100000000, 0x0000000100000000)
  eden space 589824K, 0% used [0x00000000d0000000,0x00000000d0000000,0x00000000f4000000)
  from space 98304K, 2% used [0x00000000f4000000,0x00000000f425a1b8,0x00000000fa000000)
  to   space 98304K, 0% used [0x00000000fa000000,0x00000000fa000000,0x0000000100000000)
 ParOldGen       total 1310720K, used 1191967K [0x0000000080000000, 0x00000000d0000000, 0x00000000d0000000)
  object space 1310720K, 90% used [0x0000000080000000,0x00000000c8c07d58,0x00000000d0000000)
 Metaspace       used 251026K, capacity 255964K, committed 256256K, reserved 747520K
  class space    used 23995K, capacity 24979K, committed 25088K, reserved 516096K
}
{Heap before GC invocations=912 (full 2):
 PSYoungGen      total 688128K, used 592232K [0x00000000d0000000, 0x0000000100000000, 0x0000000100000000)
  eden space 589824K, 100% used [0x00000000d0000000,0x00000000f4000000,0x00000000f4000000)
  from space 98304K, 2% used [0x00000000f4000000,0x00000000f425a1b8,0x00000000fa000000)
  to   space 98304K, 0% used [0x00000000fa000000,0x00000000fa000000,0x0000000100000000)
 ParOldGen       total 1310720K, used 1191967K [0x0000000080000000, 0x00000000d0000000, 0x00000000d0000000)
  object space 1310720K, 90% used [0x0000000080000000,0x00000000c8c07d58,0x00000000d0000000)
 Metaspace       used 251026K, capacity 255964K, committed 256256K, reserved 747520K
  class space    used 23995K, capacity 24979K, committed 25088K, reserved 516096K
2025-05-15T08:18:48.433+0900: 50739.720: [GC (Allocation Failure) [PSYoungGen: 592232K->2376K(688128K)] 1784199K->1194383K(1998848K), 0.0123260 secs] [Times: user=0.03 sys=0.00, real=0.01 secs] 
Heap after GC invocations=912 (full 2):
 PSYoungGen      total 688128K, used 2376K [0x00000000d0000000, 0x0000000100000000, 0x0000000100000000)
  eden space 589824K, 0% used [0x00000000d0000000,0x00000000d0000000,0x00000000f4000000)
  from space 98304K, 2% used [0x00000000fa000000,0x00000000fa2521b8,0x0000000100000000)
  to   space 98304K, 0% used [0x00000000f4000000,0x00000000f4000000,0x00000000fa000000)
 ParOldGen       total 1310720K, used 1192007K [0x0000000080000000, 0x00000000d0000000, 0x00000000d0000000)
  object space 1310720K, 90% used [0x0000000080000000,0x00000000c8c11ca8,0x00000000d0000000)
 Metaspace       used 251026K, capacity 255964K, committed 256256K, reserved 747520K
  class space    used 23995K, capacity 24979K, committed 25088K, reserved 516096K
}
{Heap before GC invocations=913 (full 2):
 PSYoungGen      total 688128K, used 592200K [0x00000000d0000000, 0x0000000100000000, 0x0000000100000000)
  eden space 589824K, 100% used [0x00000000d0000000,0x00000000f4000000,0x00000000f4000000)
  from space 98304K, 2% used [0x00000000fa000000,0x00000000fa2521b8,0x0000000100000000)
  to   space 98304K, 0% used [0x00000000f4000000,0x00000000f4000000,0x00000000fa000000)
 ParOldGen       total 1310720K, used 1192007K [0x0000000080000000, 0x00000000d0000000, 0x00000000d0000000)
  object space 1310720K, 90% used [0x0000000080000000,0x00000000c8c11ca8,0x00000000d0000000)
 Metaspace       used 251026K, capacity 255964K, committed 256256K, reserved 747520K
  class space    used 23995K, capacity 24979K, committed 25088K, reserved 516096K
2025-05-15T08:19:49.693+0900: 50800.980: [GC (Allocation Failure) [PSYoungGen: 592200K->2312K(688128K)] 1784207K->1194343K(1998848K), 0.0124531 secs] [Times: user=0.03 sys=0.00, real=0.01 secs] 
Heap after GC invocations=913 (full 2):
 PSYoungGen      total 688128K, used 2312K [0x00000000d0000000, 0x0000000100000000, 0x0000000100000000)
  eden space 589824K, 0% used [0x00000000d0000000,0x00000000d0000000,0x00000000f4000000)
  from space 98304K, 2% used [0x00000000f4000000,0x00000000f42421b8,0x00000000fa000000)
  to   space 98304K, 0% used [0x00000000fa000000,0x00000000fa000000,0x0000000100000000)
 ParOldGen       total 1310720K, used 1192031K [0x0000000080000000, 0x00000000d0000000, 0x00000000d0000000)
  object space 1310720K, 90% used [0x0000000080000000,0x00000000c8c17ca8,0x00000000d0000000)
 Metaspace       used 251026K, capacity 255964K, committed 256256K, reserved 747520K
  class space    used 23995K, capacity 24979K, committed 25088K, reserved 516096K
}
{Heap before GC invocations=914 (full 2):
 PSYoungGen      total 688128K, used 592136K [0x00000000d0000000, 0x0000000100000000, 0x0000000100000000)
  eden space 589824K, 100% used [0x00000000d0000000,0x00000000f4000000,0x00000000f4000000)
  from space 98304K, 2% used [0x00000000f4000000,0x00000000f42421b8,0x00000000fa000000)
  to   space 98304K, 0% used [0x00000000fa000000,0x00000000fa000000,0x0000000100000000)
 ParOldGen       total 1310720K, used 1192031K [0x0000000080000000, 0x00000000d0000000, 0x00000000d0000000)
  object space 1310720K, 90% used [0x0000000080000000,0x00000000c8c17ca8,0x00000000d0000000)
 Metaspace       used 251026K, capacity 255964K, committed 256256K, reserved 747520K
  class space    used 23995K, capacity 24979K, committed 25088K, reserved 516096K
2025-05-15T08:20:51.794+0900: 50863.081: [GC (Allocation Failure) [PSYoungGen: 592136K->2276K(688128K)] 1784167K->1194339K(1998848K), 0.0153495 secs] [Times: user=0.03 sys=0.00, real=0.02 secs] 
Heap after GC invocations=914 (full 2):
 PSYoungGen      total 688128K, used 2276K [0x00000000d0000000, 0x0000000100000000, 0x0000000100000000)
  eden space 589824K, 0% used [0x00000000d0000000,0x00000000d0000000,0x00000000f4000000)
  from space 98304K, 2% used [0x00000000fa000000,0x00000000fa2393b0,0x0000000100000000)
  to   space 98304K, 0% used [0x00000000f4000000,0x00000000f4000000,0x00000000fa000000)
 ParOldGen       total 1310720K, used 1192062K [0x0000000080000000, 0x00000000d0000000, 0x00000000d0000000)
  object space 1310720K, 90% used [0x0000000080000000,0x00000000c8c1fbf8,0x00000000d0000000)
 Metaspace       used 251026K, capacity 255964K, committed 256256K, reserved 747520K
  class space    used 23995K, capacity 24979K, committed 25088K, reserved 516096K
}
{Heap before GC invocations=915 (full 2):
 PSYoungGen      total 688128K, used 592100K [0x00000000d0000000, 0x0000000100000000, 0x0000000100000000)
  eden space 589824K, 100% used [0x00000000d0000000,0x00000000f4000000,0x00000000f4000000)
  from space 98304K, 2% used [0x00000000fa000000,0x00000000fa2393b0,0x0000000100000000)
  to   space 98304K, 0% used [0x00000000f4000000,0x00000000f4000000,0x00000000fa000000)
 ParOldGen       total 1310720K, used 1192062K [0x0000000080000000, 0x00000000d0000000, 0x00000000d0000000)
  object space 1310720K, 90% used [0x0000000080000000,0x00000000c8c1fbf8,0x00000000d0000000)
 Metaspace       used 251026K, capacity 255964K, committed 256256K, reserved 747520K
  class space    used 23995K, capacity 24979K, committed 25088K, reserved 516096K
2025-05-15T08:21:54.008+0900: 50925.295: [GC (Allocation Failure) [PSYoungGen: 592100K->2198K(688128K)] 1784163K->1194333K(1998848K), 0.0115471 secs] [Times: user=0.03 sys=0.00, real=0.02 secs] 
Heap after GC invocations=915 (full 2):
 PSYoungGen      total 688128K, used 2198K [0x00000000d0000000, 0x0000000100000000, 0x0000000100000000)
  eden space 589824K, 0% used [0x00000000d0000000,0x00000000d0000000,0x00000000f4000000)
  from space 98304K, 2% used [0x00000000f4000000,0x00000000f42258d8,0x00000000fa000000)
  to   space 98304K, 0% used [0x00000000fa000000,0x00000000fa000000,0x0000000100000000)
 ParOldGen       total 1310720K, used 1192134K [0x0000000080000000, 0x00000000d0000000, 0x00000000d0000000)
  object space 1310720K, 90% used [0x0000000080000000,0x00000000c8c31bf8,0x00000000d0000000)
 Metaspace       used 251026K, capacity 255964K, committed 256256K, reserved 747520K
  class space    used 23995K, capacity 24979K, committed 25088K, reserved 516096K
}
{Heap before GC invocations=916 (full 2):
 PSYoungGen      total 688128K, used 592022K [0x00000000d0000000, 0x0000000100000000, 0x0000000100000000)
  eden space 589824K, 100% used [0x00000000d0000000,0x00000000f4000000,0x00000000f4000000)
  from space 98304K, 2% used [0x00000000f4000000,0x00000000f42258d8,0x00000000fa000000)
  to   space 98304K, 0% used [0x00000000fa000000,0x00000000fa000000,0x0000000100000000)
 ParOldGen       total 1310720K, used 1192134K [0x0000000080000000, 0x00000000d0000000, 0x00000000d0000000)
  object space 1310720K, 90% used [0x0000000080000000,0x00000000c8c31bf8,0x00000000d0000000)
 Metaspace       used 251026K, capacity 255964K, committed 256256K, reserved 747520K
  class space    used 23995K, capacity 24979K, committed 25088K, reserved 516096K
2025-05-15T08:22:56.176+0900: 50987.463: [GC (Allocation Failure) [PSYoungGen: 592022K->2260K(688128K)] 1784157K->1194403K(1998848K), 0.0118867 secs] [Times: user=0.02 sys=0.00, real=0.01 secs] 
Heap after GC invocations=916 (full 2):
 PSYoungGen      total 688128K, used 2260K [0x00000000d0000000, 0x0000000100000000, 0x0000000100000000)
  eden space 589824K, 0% used [0x00000000d0000000,0x00000000d0000000,0x00000000f4000000)
  from space 98304K, 2% used [0x00000000fa000000,0x00000000fa2353c0,0x0000000100000000)
  to   space 98304K, 0% used [0x00000000f4000000,0x00000000f4000000,0x00000000fa000000)
 ParOldGen       total 1310720K, used 1192142K [0x0000000080000000, 0x00000000d0000000, 0x00000000d0000000)
  object space 1310720K, 90% used [0x0000000080000000,0x00000000c8c33bf8,0x00000000d0000000)
 Metaspace       used 251026K, capacity 255964K, committed 256256K, reserved 747520K
  class space    used 23995K, capacity 24979K, committed 25088K, reserved 516096K
}
{Heap before GC invocations=917 (full 2):
 PSYoungGen      total 688128K, used 592084K [0x00000000d0000000, 0x0000000100000000, 0x0000000100000000)
  eden space 589824K, 100% used [0x00000000d0000000,0x00000000f4000000,0x00000000f4000000)
  from space 98304K, 2% used [0x00000000fa000000,0x00000000fa2353c0,0x0000000100000000)
  to   space 98304K, 0% used [0x00000000f4000000,0x00000000f4000000,0x00000000fa000000)
 ParOldGen       total 1310720K, used 1192142K [0x0000000080000000, 0x00000000d0000000, 0x00000000d0000000)
  object space 1310720K, 90% used [0x0000000080000000,0x00000000c8c33bf8,0x00000000d0000000)
 Metaspace       used 251026K, capacity 255964K, committed 256256K, reserved 747520K
  class space    used 23995K, capacity 24979K, committed 25088K, reserved 516096K
2025-05-15T08:23:58.388+0900: 51049.676: [GC (Allocation Failure) [PSYoungGen: 592084K->2244K(688128K)] 1784227K->1194395K(1998848K), 0.0120073 secs] [Times: user=0.03 sys=0.00, real=0.01 secs] 
Heap after GC invocations=917 (full 2):
 PSYoungGen      total 688128K, used 2244K [0x00000000d0000000, 0x0000000100000000, 0x0000000100000000)
  eden space 589824K, 0% used [0x00000000d0000000,0x00000000d0000000,0x00000000f4000000)
  from space 98304K, 2% used [0x00000000f4000000,0x00000000f42313d0,0x00000000fa000000)
  to   space 98304K, 0% used [0x00000000fa000000,0x00000000fa000000,0x0000000100000000)
 ParOldGen       total 1310720K, used 1192150K [0x0000000080000000, 0x00000000d0000000, 0x00000000d0000000)
  object space 1310720K, 90% used [0x0000000080000000,0x00000000c8c35bf8,0x00000000d0000000)
 Metaspace       used 251026K, capacity 255964K, committed 256256K, reserved 747520K
  class space    used 23995K, capacity 24979K, committed 25088K, reserved 516096K
}
{Heap before GC invocations=918 (full 2):
 PSYoungGen      total 688128K, used 592068K [0x00000000d0000000, 0x0000000100000000, 0x0000000100000000)
  eden space 589824K, 100% used [0x00000000d0000000,0x00000000f4000000,0x00000000f4000000)
  from space 98304K, 2% used [0x00000000f4000000,0x00000000f42313d0,0x00000000fa000000)
  to   space 98304K, 0% used [0x00000000fa000000,0x00000000fa000000,0x0000000100000000)
 ParOldGen       total 1310720K, used 1192150K [0x0000000080000000, 0x00000000d0000000, 0x00000000d0000000)
  object space 1310720K, 90% used [0x0000000080000000,0x00000000c8c35bf8,0x00000000d0000000)
 Metaspace       used 251031K, capacity 255976K, committed 256256K, reserved 747520K
  class space    used 23997K, capacity 24981K, committed 25088K, reserved 516096K
2025-05-15T08:24:57.050+0900: 51108.337: [GC (Allocation Failure) [PSYoungGen: 592068K->2272K(688128K)] 1784219K->1194455K(1998848K), 0.0128355 secs] [Times: user=0.03 sys=0.00, real=0.01 secs] 
Heap after GC invocations=918 (full 2):
 PSYoungGen      total 688128K, used 2272K [0x00000000d0000000, 0x0000000100000000, 0x0000000100000000)
  eden space 589824K, 0% used [0x00000000d0000000,0x00000000d0000000,0x00000000f4000000)
  from space 98304K, 2% used [0x00000000fa000000,0x00000000fa238130,0x0000000100000000)
  to   space 98304K, 0% used [0x00000000f4000000,0x00000000f4000000,0x00000000fa000000)
 ParOldGen       total 1310720K, used 1192182K [0x0000000080000000, 0x00000000d0000000, 0x00000000d0000000)
  object space 1310720K, 90% used [0x0000000080000000,0x00000000c8c3dbf8,0x00000000d0000000)
 Metaspace       used 251031K, capacity 255976K, committed 256256K, reserved 747520K
  class space    used 23997K, capacity 24981K, committed 25088K, reserved 516096K
}
{Heap before GC invocations=919 (full 2):
 PSYoungGen      total 688128K, used 592096K [0x00000000d0000000, 0x0000000100000000, 0x0000000100000000)
  eden space 589824K, 100% used [0x00000000d0000000,0x00000000f4000000,0x00000000f4000000)
  from space 98304K, 2% used [0x00000000fa000000,0x00000000fa238130,0x0000000100000000)
  to   space 98304K, 0% used [0x00000000f4000000,0x00000000f4000000,0x00000000fa000000)
 ParOldGen       total 1310720K, used 1192182K [0x0000000080000000, 0x00000000d0000000, 0x00000000d0000000)
  object space 1310720K, 90% used [0x0000000080000000,0x00000000c8c3dbf8,0x00000000d0000000)
 Metaspace       used 251031K, capacity 255976K, committed 256256K, reserved 747520K
  class space    used 23997K, capacity 24981K, committed 25088K, reserved 516096K
2025-05-15T08:25:58.684+0900: 51169.971: [GC (Allocation Failure) [PSYoungGen: 592096K->1984K(688128K)] 1784279K->1194455K(1998848K), 0.0120110 secs] [Times: user=0.03 sys=0.00, real=0.01 secs] 
Heap after GC invocations=919 (full 2):
 PSYoungGen      total 688128K, used 1984K [0x00000000d0000000, 0x0000000100000000, 0x0000000100000000)
  eden space 589824K, 0% used [0x00000000d0000000,0x00000000d0000000,0x00000000f4000000)
  from space 98304K, 2% used [0x00000000f4000000,0x00000000f41f00b0,0x00000000fa000000)
  to   space 98304K, 0% used [0x00000000fa000000,0x00000000fa000000,0x0000000100000000)
 ParOldGen       total 1310720K, used 1192471K [0x0000000080000000, 0x00000000d0000000, 0x00000000d0000000)
  object space 1310720K, 90% used [0x0000000080000000,0x00000000c8c85d18,0x00000000d0000000)
 Metaspace       used 251031K, capacity 255976K, committed 256256K, reserved 747520K
  class space    used 23997K, capacity 24981K, committed 25088K, reserved 516096K
}
{Heap before GC invocations=920 (full 2):
 PSYoungGen      total 688128K, used 591808K [0x00000000d0000000, 0x0000000100000000, 0x0000000100000000)
  eden space 589824K, 100% used [0x00000000d0000000,0x00000000f4000000,0x00000000f4000000)
  from space 98304K, 2% used [0x00000000f4000000,0x00000000f41f00b0,0x00000000fa000000)
  to   space 98304K, 0% used [0x00000000fa000000,0x00000000fa000000,0x0000000100000000)
 ParOldGen       total 1310720K, used 1192471K [0x0000000080000000, 0x00000000d0000000, 0x00000000d0000000)
  object space 1310720K, 90% used [0x0000000080000000,0x00000000c8c85d18,0x00000000d0000000)
 Metaspace       used 251032K, capacity 255976K, committed 256256K, reserved 747520K
  class space    used 23997K, capacity 24981K, committed 25088K, reserved 516096K
2025-05-15T08:26:54.768+0900: 51226.055: [GC (Allocation Failure) [PSYoungGen: 591808K->2127K(688128K)] 1784279K->1194622K(1998848K), 0.0124240 secs] [Times: user=0.03 sys=0.00, real=0.02 secs] 
Heap after GC invocations=920 (full 2):
 PSYoungGen      total 688128K, used 2127K [0x00000000d0000000, 0x0000000100000000, 0x0000000100000000)
  eden space 589824K, 0% used [0x00000000d0000000,0x00000000d0000000,0x00000000f4000000)
  from space 98304K, 2% used [0x00000000fa000000,0x00000000fa213c08,0x0000000100000000)
  to   space 98304K, 0% used [0x00000000f4000000,0x00000000f4000000,0x00000000fa000000)
 ParOldGen       total 1310720K, used 1192495K [0x0000000080000000, 0x00000000d0000000, 0x00000000d0000000)
  object space 1310720K, 90% used [0x0000000080000000,0x00000000c8c8bd18,0x00000000d0000000)
 Metaspace       used 251032K, capacity 255976K, committed 256256K, reserved 747520K
  class space    used 23997K, capacity 24981K, committed 25088K, reserved 516096K
}
{Heap before GC invocations=921 (full 2):
 PSYoungGen      total 688128K, used 591951K [0x00000000d0000000, 0x0000000100000000, 0x0000000100000000)
  eden space 589824K, 100% used [0x00000000d0000000,0x00000000f4000000,0x00000000f4000000)
  from space 98304K, 2% used [0x00000000fa000000,0x00000000fa213c08,0x0000000100000000)
  to   space 98304K, 0% used [0x00000000f4000000,0x00000000f4000000,0x00000000fa000000)
 ParOldGen       total 1310720K, used 1192495K [0x0000000080000000, 0x00000000d0000000, 0x00000000d0000000)
  object space 1310720K, 90% used [0x0000000080000000,0x00000000c8c8bd18,0x00000000d0000000)
 Metaspace       used 251032K, capacity 255976K, committed 256256K, reserved 747520K
  class space    used 23997K, capacity 24981K, committed 25088K, reserved 516096K
2025-05-15T08:27:56.977+0900: 51288.264: [GC (Allocation Failure) [PSYoungGen: 591951K->2016K(688128K)] 1784446K->1194511K(1998848K), 0.0117910 secs] [Times: user=0.02 sys=0.00, real=0.02 secs] 
Heap after GC invocations=921 (full 2):
 PSYoungGen      total 688128K, used 2016K [0x00000000d0000000, 0x0000000100000000, 0x0000000100000000)
  eden space 589824K, 0% used [0x00000000d0000000,0x00000000d0000000,0x00000000f4000000)
  from space 98304K, 2% used [0x00000000f4000000,0x00000000f41f8130,0x00000000fa000000)
  to   space 98304K, 0% used [0x00000000fa000000,0x00000000fa000000,0x0000000100000000)
 ParOldGen       total 1310720K, used 1192495K [0x0000000080000000, 0x00000000d0000000, 0x00000000d0000000)
  object space 1310720K, 90% used [0x0000000080000000,0x00000000c8c8bd18,0x00000000d0000000)
 Metaspace       used 251032K, capacity 255976K, committed 256256K, reserved 747520K
  class space    used 23997K, capacity 24981K, committed 25088K, reserved 516096K
}
{Heap before GC invocations=922 (full 2):
 PSYoungGen      total 688128K, used 591840K [0x00000000d0000000, 0x0000000100000000, 0x0000000100000000)
  eden space 589824K, 100% used [0x00000000d0000000,0x00000000f4000000,0x00000000f4000000)
  from space 98304K, 2% used [0x00000000f4000000,0x00000000f41f8130,0x00000000fa000000)
  to   space 98304K, 0% used [0x00000000fa000000,0x00000000fa000000,0x0000000100000000)
 ParOldGen       total 1310720K, used 1192495K [0x0000000080000000, 0x00000000d0000000, 0x00000000d0000000)
  object space 1310720K, 90% used [0x0000000080000000,0x00000000c8c8bd18,0x00000000d0000000)
 Metaspace       used 251032K, capacity 255976K, committed 256256K, reserved 747520K
  class space    used 23997K, capacity 24981K, committed 25088K, reserved 516096K
2025-05-15T08:28:59.215+0900: 51350.502: [GC (Allocation Failure) [PSYoungGen: 591840K->1856K(688128K)] 1784335K->1194571K(1998848K), 0.0142635 secs] [Times: user=0.03 sys=0.00, real=0.02 secs] 
Heap after GC invocations=922 (full 2):
 PSYoungGen      total 688128K, used 1856K [0x00000000d0000000, 0x0000000100000000, 0x0000000100000000)
  eden space 589824K, 0% used [0x00000000d0000000,0x00000000d0000000,0x00000000f4000000)
  from space 98304K, 1% used [0x00000000fa000000,0x00000000fa1d00d0,0x0000000100000000)
  to   space 98304K, 0% used [0x00000000f4000000,0x00000000f4000000,0x00000000fa000000)
 ParOldGen       total 1310720K, used 1192715K [0x0000000080000000, 0x00000000d0000000, 0x00000000d0000000)
  object space 1310720K, 90% used [0x0000000080000000,0x00000000c8cc2cd0,0x00000000d0000000)
 Metaspace       used 251032K, capacity 255976K, committed 256256K, reserved 747520K
  class space    used 23997K, capacity 24981K, committed 25088K, reserved 516096K
}
{Heap before GC invocations=923 (full 2):
 PSYoungGen      total 688128K, used 591680K [0x00000000d0000000, 0x0000000100000000, 0x0000000100000000)
  eden space 589824K, 100% used [0x00000000d0000000,0x00000000f4000000,0x00000000f4000000)
  from space 98304K, 1% used [0x00000000fa000000,0x00000000fa1d00d0,0x0000000100000000)
  to   space 98304K, 0% used [0x00000000f4000000,0x00000000f4000000,0x00000000fa000000)
 ParOldGen       total 1310720K, used 1192715K [0x0000000080000000, 0x00000000d0000000, 0x00000000d0000000)
  object space 1310720K, 90% used [0x0000000080000000,0x00000000c8cc2cd0,0x00000000d0000000)
 Metaspace       used 251033K, capacity 255982K, committed 256256K, reserved 747520K
  class space    used 23997K, capacity 24982K, committed 25088K, reserved 516096K
2025-05-15T08:29:58.256+0900: 51409.543: [GC (Allocation Failure) [PSYoungGen: 591680K->1970K(688128K)] 1784395K->1194709K(1998848K), 0.0121641 secs] [Times: user=0.03 sys=0.00, real=0.01 secs] 
Heap after GC invocations=923 (full 2):
 PSYoungGen      total 688128K, used 1970K [0x00000000d0000000, 0x0000000100000000, 0x0000000100000000)
  eden space 589824K, 0% used [0x00000000d0000000,0x00000000d0000000,0x00000000f4000000)
  from space 98304K, 2% used [0x00000000f4000000,0x00000000f41ec898,0x00000000fa000000)
  to   space 98304K, 0% used [0x00000000fa000000,0x00000000fa000000,0x0000000100000000)
 ParOldGen       total 1310720K, used 1192739K [0x0000000080000000, 0x00000000d0000000, 0x00000000d0000000)
  object space 1310720K, 90% used [0x0000000080000000,0x00000000c8cc8cd0,0x00000000d0000000)
 Metaspace       used 251033K, capacity 255982K, committed 256256K, reserved 747520K
  class space    used 23997K, capacity 24982K, committed 25088K, reserved 516096K
}
{Heap before GC invocations=924 (full 2):
 PSYoungGen      total 688128K, used 591794K [0x00000000d0000000, 0x0000000100000000, 0x0000000100000000)
  eden space 589824K, 100% used [0x00000000d0000000,0x00000000f4000000,0x00000000f4000000)
  from space 98304K, 2% used [0x00000000f4000000,0x00000000f41ec898,0x00000000fa000000)
  to   space 98304K, 0% used [0x00000000fa000000,0x00000000fa000000,0x0000000100000000)
 ParOldGen       total 1310720K, used 1192739K [0x0000000080000000, 0x00000000d0000000, 0x00000000d0000000)
  object space 1310720K, 90% used [0x0000000080000000,0x00000000c8cc8cd0,0x00000000d0000000)
 Metaspace       used 251040K, capacity 255982K, committed 256256K, reserved 747520K
  class space    used 23997K, capacity 24982K, committed 25088K, reserved 516096K
2025-05-15T08:30:55.433+0900: 51466.720: [GC (Allocation Failure) [PSYoungGen: 591794K->2048K(688128K)] 1784533K->1194828K(1998848K), 0.0123522 secs] [Times: user=0.03 sys=0.00, real=0.01 secs] 
Heap after GC invocations=924 (full 2):
 PSYoungGen      total 688128K, used 2048K [0x00000000d0000000, 0x0000000100000000, 0x0000000100000000)
  eden space 589824K, 0% used [0x00000000d0000000,0x00000000d0000000,0x00000000f4000000)
  from space 98304K, 2% used [0x00000000fa000000,0x00000000fa200310,0x0000000100000000)
  to   space 98304K, 0% used [0x00000000f4000000,0x00000000f4000000,0x00000000fa000000)
 ParOldGen       total 1310720K, used 1192779K [0x0000000080000000, 0x00000000d0000000, 0x00000000d0000000)
  object space 1310720K, 91% used [0x0000000080000000,0x00000000c8cd2cf0,0x00000000d0000000)
 Metaspace       used 251040K, capacity 255982K, committed 256256K, reserved 747520K
  class space    used 23997K, capacity 24982K, committed 25088K, reserved 516096K
}
{Heap before GC invocations=925 (full 2):
 PSYoungGen      total 688128K, used 591872K [0x00000000d0000000, 0x0000000100000000, 0x0000000100000000)
  eden space 589824K, 100% used [0x00000000d0000000,0x00000000f4000000,0x00000000f4000000)
  from space 98304K, 2% used [0x00000000fa000000,0x00000000fa200310,0x0000000100000000)
  to   space 98304K, 0% used [0x00000000f4000000,0x00000000f4000000,0x00000000fa000000)
 ParOldGen       total 1310720K, used 1192779K [0x0000000080000000, 0x00000000d0000000, 0x00000000d0000000)
  object space 1310720K, 91% used [0x0000000080000000,0x00000000c8cd2cf0,0x00000000d0000000)
 Metaspace       used 251040K, capacity 255982K, committed 256256K, reserved 747520K
  class space    used 23997K, capacity 24982K, committed 25088K, reserved 516096K
2025-05-15T08:31:57.347+0900: 51528.634: [GC (Allocation Failure) [PSYoungGen: 591872K->2016K(688128K)] 1784652K->1194827K(1998848K), 0.0117667 secs] [Times: user=0.03 sys=0.00, real=0.02 secs] 
Heap after GC invocations=925 (full 2):
 PSYoungGen      total 688128K, used 2016K [0x00000000d0000000, 0x0000000100000000, 0x0000000100000000)
  eden space 589824K, 0% used [0x00000000d0000000,0x00000000d0000000,0x00000000f4000000)
  from space 98304K, 2% used [0x00000000f4000000,0x00000000f41f8310,0x00000000fa000000)
  to   space 98304K, 0% used [0x00000000fa000000,0x00000000fa000000,0x0000000100000000)
 ParOldGen       total 1310720K, used 1192811K [0x0000000080000000, 0x00000000d0000000, 0x00000000d0000000)
  object space 1310720K, 91% used [0x0000000080000000,0x00000000c8cdac40,0x00000000d0000000)
 Metaspace       used 251040K, capacity 255982K, committed 256256K, reserved 747520K
  class space    used 23997K, capacity 24982K, committed 25088K, reserved 516096K
}
{Heap before GC invocations=926 (full 2):
 PSYoungGen      total 688128K, used 591840K [0x00000000d0000000, 0x0000000100000000, 0x0000000100000000)
  eden space 589824K, 100% used [0x00000000d0000000,0x00000000f4000000,0x00000000f4000000)
  from space 98304K, 2% used [0x00000000f4000000,0x00000000f41f8310,0x00000000fa000000)
  to   space 98304K, 0% used [0x00000000fa000000,0x00000000fa000000,0x0000000100000000)
 ParOldGen       total 1310720K, used 1192811K [0x0000000080000000, 0x00000000d0000000, 0x00000000d0000000)
  object space 1310720K, 91% used [0x0000000080000000,0x00000000c8cdac40,0x00000000d0000000)
 Metaspace       used 251041K, capacity 255982K, committed 256256K, reserved 747520K
  class space    used 23997K, capacity 24982K, committed 25088K, reserved 516096K
2025-05-15T08:32:56.709+0900: 51587.996: [GC (Allocation Failure) [PSYoungGen: 591840K->2421K(688128K)] 1784651K->1195337K(1998848K), 0.0120590 secs] [Times: user=0.03 sys=0.00, real=0.01 secs] 
Heap after GC invocations=926 (full 2):
 PSYoungGen      total 688128K, used 2421K [0x00000000d0000000, 0x0000000100000000, 0x0000000100000000)
  eden space 589824K, 0% used [0x00000000d0000000,0x00000000d0000000,0x00000000f4000000)
  from space 98304K, 2% used [0x00000000fa000000,0x00000000fa25d608,0x0000000100000000)
  to   space 98304K, 0% used [0x00000000f4000000,0x00000000f4000000,0x00000000fa000000)
 ParOldGen       total 1310720K, used 1192915K [0x0000000080000000, 0x00000000d0000000, 0x00000000d0000000)
  object space 1310720K, 91% used [0x0000000080000000,0x00000000c8cf4f60,0x00000000d0000000)
 Metaspace       used 251041K, capacity 255982K, committed 256256K, reserved 747520K
  class space    used 23997K, capacity 24982K, committed 25088K, reserved 516096K
}
{Heap before GC invocations=927 (full 2):
 PSYoungGen      total 688128K, used 592245K [0x00000000d0000000, 0x0000000100000000, 0x0000000100000000)
  eden space 589824K, 100% used [0x00000000d0000000,0x00000000f4000000,0x00000000f4000000)
  from space 98304K, 2% used [0x00000000fa000000,0x00000000fa25d608,0x0000000100000000)
  to   space 98304K, 0% used [0x00000000f4000000,0x00000000f4000000,0x00000000fa000000)
 ParOldGen       total 1310720K, used 1192915K [0x0000000080000000, 0x00000000d0000000, 0x00000000d0000000)
  object space 1310720K, 91% used [0x0000000080000000,0x00000000c8cf4f60,0x00000000d0000000)
 Metaspace       used 251041K, capacity 255982K, committed 256256K, reserved 747520K
  class space    used 23997K, capacity 24982K, committed 25088K, reserved 516096K
2025-05-15T08:33:58.793+0900: 51650.080: [GC (Allocation Failure) [PSYoungGen: 592245K->2357K(688128K)] 1785161K->1195273K(1998848K), 0.0117778 secs] [Times: user=0.04 sys=0.00, real=0.01 secs] 
Heap after GC invocations=927 (full 2):
 PSYoungGen      total 688128K, used 2357K [0x00000000d0000000, 0x0000000100000000, 0x0000000100000000)
  eden space 589824K, 0% used [0x00000000d0000000,0x00000000d0000000,0x00000000f4000000)
  from space 98304K, 2% used [0x00000000f4000000,0x00000000f424d608,0x00000000fa000000)
  to   space 98304K, 0% used [0x00000000fa000000,0x00000000fa000000,0x0000000100000000)
 ParOldGen       total 1310720K, used 1192915K [0x0000000080000000, 0x00000000d0000000, 0x00000000d0000000)
  object space 1310720K, 91% used [0x0000000080000000,0x00000000c8cf4f60,0x00000000d0000000)
 Metaspace       used 251041K, capacity 255982K, committed 256256K, reserved 747520K
  class space    used 23997K, capacity 24982K, committed 25088K, reserved 516096K
}
{Heap before GC invocations=928 (full 2):
 PSYoungGen      total 688128K, used 592181K [0x00000000d0000000, 0x0000000100000000, 0x0000000100000000)
  eden space 589824K, 100% used [0x00000000d0000000,0x00000000f4000000,0x00000000f4000000)
  from space 98304K, 2% used [0x00000000f4000000,0x00000000f424d608,0x00000000fa000000)
  to   space 98304K, 0% used [0x00000000fa000000,0x00000000fa000000,0x0000000100000000)
 ParOldGen       total 1310720K, used 1192915K [0x0000000080000000, 0x00000000d0000000, 0x00000000d0000000)
  object space 1310720K, 91% used [0x0000000080000000,0x00000000c8cf4f60,0x00000000d0000000)
 Metaspace       used 251043K, capacity 255982K, committed 256256K, reserved 747520K
  class space    used 23997K, capacity 24982K, committed 25088K, reserved 516096K
2025-05-15T08:34:58.968+0900: 51710.255: [GC (Allocation Failure) [PSYoungGen: 592181K->2357K(688128K)] 1785097K->1195289K(1998848K), 0.0116299 secs] [Times: user=0.03 sys=0.00, real=0.02 secs] 
Heap after GC invocations=928 (full 2):
 PSYoungGen      total 688128K, used 2357K [0x00000000d0000000, 0x0000000100000000, 0x0000000100000000)
  eden space 589824K, 0% used [0x00000000d0000000,0x00000000d0000000,0x00000000f4000000)
  from space 98304K, 2% used [0x00000000fa000000,0x00000000fa24d688,0x0000000100000000)
  to   space 98304K, 0% used [0x00000000f4000000,0x00000000f4000000,0x00000000fa000000)
 ParOldGen       total 1310720K, used 1192931K [0x0000000080000000, 0x00000000d0000000, 0x00000000d0000000)
  object space 1310720K, 91% used [0x0000000080000000,0x00000000c8cf8f60,0x00000000d0000000)
 Metaspace       used 251043K, capacity 255982K, committed 256256K, reserved 747520K
  class space    used 23997K, capacity 24982K, committed 25088K, reserved 516096K
}
{Heap before GC invocations=929 (full 2):
 PSYoungGen      total 688128K, used 592181K [0x00000000d0000000, 0x0000000100000000, 0x0000000100000000)
  eden space 589824K, 100% used [0x00000000d0000000,0x00000000f4000000,0x00000000f4000000)
  from space 98304K, 2% used [0x00000000fa000000,0x00000000fa24d688,0x0000000100000000)
  to   space 98304K, 0% used [0x00000000f4000000,0x00000000f4000000,0x00000000fa000000)
 ParOldGen       total 1310720K, used 1192931K [0x0000000080000000, 0x00000000d0000000, 0x00000000d0000000)
  object space 1310720K, 91% used [0x0000000080000000,0x00000000c8cf8f60,0x00000000d0000000)
 Metaspace       used 251043K, capacity 255982K, committed 256256K, reserved 747520K
  class space    used 23997K, capacity 24982K, committed 25088K, reserved 516096K
2025-05-15T08:35:55.032+0900: 51766.319: [GC (Allocation Failure) [PSYoungGen: 592181K->2867K(688128K)] 1785113K->1195823K(1998848K), 0.0130600 secs] [Times: user=0.02 sys=0.01, real=0.01 secs] 
Heap after GC invocations=929 (full 2):
 PSYoungGen      total 688128K, used 2867K [0x00000000d0000000, 0x0000000100000000, 0x0000000100000000)
  eden space 589824K, 0% used [0x00000000d0000000,0x00000000d0000000,0x00000000f4000000)
  from space 98304K, 2% used [0x00000000f4000000,0x00000000f42ccdc0,0x00000000fa000000)
  to   space 98304K, 0% used [0x00000000fa000000,0x00000000fa000000,0x0000000100000000)
 ParOldGen       total 1310720K, used 1192955K [0x0000000080000000, 0x00000000d0000000, 0x00000000d0000000)
  object space 1310720K, 91% used [0x0000000080000000,0x00000000c8cfef60,0x00000000d0000000)
 Metaspace       used 251043K, capacity 255982K, committed 256256K, reserved 747520K
  class space    used 23997K, capacity 24982K, committed 25088K, reserved 516096K
}
{Heap before GC invocations=930 (full 2):
 PSYoungGen      total 688128K, used 592691K [0x00000000d0000000, 0x0000000100000000, 0x0000000100000000)
  eden space 589824K, 100% used [0x00000000d0000000,0x00000000f4000000,0x00000000f4000000)
  from space 98304K, 2% used [0x00000000f4000000,0x00000000f42ccdc0,0x00000000fa000000)
  to   space 98304K, 0% used [0x00000000fa000000,0x00000000fa000000,0x0000000100000000)
 ParOldGen       total 1310720K, used 1192955K [0x0000000080000000, 0x00000000d0000000, 0x00000000d0000000)
  object space 1310720K, 91% used [0x0000000080000000,0x00000000c8cfef60,0x00000000d0000000)
 Metaspace       used 251047K, capacity 255994K, committed 256256K, reserved 747520K
  class space    used 23998K, capacity 24984K, committed 25088K, reserved 516096K
2025-05-15T08:36:53.170+0900: 51824.457: [GC (Allocation Failure) [PSYoungGen: 592691K->3552K(688128K)] 1785647K->1196524K(1998848K), 0.0128283 secs] [Times: user=0.02 sys=0.00, real=0.01 secs] 
Heap after GC invocations=930 (full 2):
 PSYoungGen      total 688128K, used 3552K [0x00000000d0000000, 0x0000000100000000, 0x0000000100000000)
  eden space 589824K, 0% used [0x00000000d0000000,0x00000000d0000000,0x00000000f4000000)
  from space 98304K, 3% used [0x00000000fa000000,0x00000000fa3781f8,0x0000000100000000)
  to   space 98304K, 0% used [0x00000000f4000000,0x00000000f4000000,0x00000000fa000000)
 ParOldGen       total 1310720K, used 1192971K [0x0000000080000000, 0x00000000d0000000, 0x00000000d0000000)
  object space 1310720K, 91% used [0x0000000080000000,0x00000000c8d02f60,0x00000000d0000000)
 Metaspace       used 251047K, capacity 255994K, committed 256256K, reserved 747520K
  class space    used 23998K, capacity 24984K, committed 25088K, reserved 516096K
}
{Heap before GC invocations=931 (full 2):
 PSYoungGen      total 688128K, used 593308K [0x00000000d0000000, 0x0000000100000000, 0x0000000100000000)
  eden space 589824K, 99% used [0x00000000d0000000,0x00000000f3fef138,0x00000000f4000000)
  from space 98304K, 3% used [0x00000000fa000000,0x00000000fa3781f8,0x0000000100000000)
  to   space 98304K, 0% used [0x00000000f4000000,0x00000000f4000000,0x00000000fa000000)
 ParOldGen       total 1310720K, used 1192971K [0x0000000080000000, 0x00000000d0000000, 0x00000000d0000000)
  object space 1310720K, 91% used [0x0000000080000000,0x00000000c8d02f60,0x00000000d0000000)
 Metaspace       used 251201K, capacity 256206K, committed 256512K, reserved 747520K
  class space    used 24007K, capacity 24988K, committed 25088K, reserved 516096K
2025-05-15T08:37:50.060+0900: 51881.347: [GC (Allocation Failure) [PSYoungGen: 593308K->5688K(688128K)] 1786280K->1198676K(1998848K), 0.0147870 secs] [Times: user=0.05 sys=0.00, real=0.01 secs] 
Heap after GC invocations=931 (full 2):
 PSYoungGen      total 688128K, used 5688K [0x00000000d0000000, 0x0000000100000000, 0x0000000100000000)
  eden space 589824K, 0% used [0x00000000d0000000,0x00000000d0000000,0x00000000f4000000)
  from space 98304K, 5% used [0x00000000f4000000,0x00000000f458e300,0x00000000fa000000)
  to   space 98304K, 0% used [0x00000000fa000000,0x00000000fa000000,0x0000000100000000)
 ParOldGen       total 1310720K, used 1192987K [0x0000000080000000, 0x00000000d0000000, 0x00000000d0000000)
  object space 1310720K, 91% used [0x0000000080000000,0x00000000c8d06f60,0x00000000d0000000)
 Metaspace       used 251201K, capacity 256206K, committed 256512K, reserved 747520K
  class space    used 24007K, capacity 24988K, committed 25088K, reserved 516096K
}
{Heap before GC invocations=932 (full 2):
 PSYoungGen      total 688128K, used 595512K [0x00000000d0000000, 0x0000000100000000, 0x0000000100000000)
  eden space 589824K, 100% used [0x00000000d0000000,0x00000000f4000000,0x00000000f4000000)
  from space 98304K, 5% used [0x00000000f4000000,0x00000000f458e300,0x00000000fa000000)
  to   space 98304K, 0% used [0x00000000fa000000,0x00000000fa000000,0x0000000100000000)
 ParOldGen       total 1310720K, used 1192987K [0x0000000080000000, 0x00000000d0000000, 0x00000000d0000000)
  object space 1310720K, 91% used [0x0000000080000000,0x00000000c8d06f60,0x00000000d0000000)
 Metaspace       used 251218K, capacity 256232K, committed 256512K, reserved 747520K
  class space    used 24008K, capacity 24991K, committed 25088K, reserved 516096K
2025-05-15T08:38:45.435+0900: 51936.722: [GC (Allocation Failure) [PSYoungGen: 595512K->7993K(688128K)] 1788500K->1201004K(1998848K), 0.0129983 secs] [Times: user=0.04 sys=0.00, real=0.02 secs] 
Heap after GC invocations=932 (full 2):
 PSYoungGen      total 688128K, used 7993K [0x00000000d0000000, 0x0000000100000000, 0x0000000100000000)
  eden space 589824K, 0% used [0x00000000d0000000,0x00000000d0000000,0x00000000f4000000)
  from space 98304K, 8% used [0x00000000fa000000,0x00000000fa7ce450,0x0000000100000000)
  to   space 98304K, 0% used [0x00000000f4000000,0x00000000f4000000,0x00000000fa000000)
 ParOldGen       total 1310720K, used 1193011K [0x0000000080000000, 0x00000000d0000000, 0x00000000d0000000)
  object space 1310720K, 91% used [0x0000000080000000,0x00000000c8d0cf60,0x00000000d0000000)
 Metaspace       used 251218K, capacity 256232K, committed 256512K, reserved 747520K
  class space    used 24008K, capacity 24991K, committed 25088K, reserved 516096K
}
{Heap before GC invocations=933 (full 2):
 PSYoungGen      total 688128K, used 597817K [0x00000000d0000000, 0x0000000100000000, 0x0000000100000000)
  eden space 589824K, 100% used [0x00000000d0000000,0x00000000f4000000,0x00000000f4000000)
  from space 98304K, 8% used [0x00000000fa000000,0x00000000fa7ce450,0x0000000100000000)
  to   space 98304K, 0% used [0x00000000f4000000,0x00000000f4000000,0x00000000fa000000)
 ParOldGen       total 1310720K, used 1193011K [0x0000000080000000, 0x00000000d0000000, 0x00000000d0000000)
  object space 1310720K, 91% used [0x0000000080000000,0x00000000c8d0cf60,0x00000000d0000000)
 Metaspace       used 251218K, capacity 256232K, committed 256512K, reserved 747520K
  class space    used 24008K, capacity 24991K, committed 25088K, reserved 516096K
2025-05-15T08:39:44.354+0900: 51995.641: [GC (Allocation Failure) [PSYoungGen: 597817K->7070K(688128K)] 1790828K->1200118K(1998848K), 0.0127614 secs] [Times: user=0.04 sys=0.00, real=0.01 secs] 
Heap after GC invocations=933 (full 2):
 PSYoungGen      total 688128K, used 7070K [0x00000000d0000000, 0x0000000100000000, 0x0000000100000000)
  eden space 589824K, 0% used [0x00000000d0000000,0x00000000d0000000,0x00000000f4000000)
  from space 98304K, 7% used [0x00000000f4000000,0x00000000f46e7bc8,0x00000000fa000000)
  to   space 98304K, 0% used [0x00000000fa000000,0x00000000fa000000,0x0000000100000000)
 ParOldGen       total 1310720K, used 1193047K [0x0000000080000000, 0x00000000d0000000, 0x00000000d0000000)
  object space 1310720K, 91% used [0x0000000080000000,0x00000000c8d15f70,0x00000000d0000000)
 Metaspace       used 251218K, capacity 256232K, committed 256512K, reserved 747520K
  class space    used 24008K, capacity 24991K, committed 25088K, reserved 516096K
}
{Heap before GC invocations=934 (full 2):
 PSYoungGen      total 688128K, used 596894K [0x00000000d0000000, 0x0000000100000000, 0x0000000100000000)
  eden space 589824K, 100% used [0x00000000d0000000,0x00000000f4000000,0x00000000f4000000)
  from space 98304K, 7% used [0x00000000f4000000,0x00000000f46e7bc8,0x00000000fa000000)
  to   space 98304K, 0% used [0x00000000fa000000,0x00000000fa000000,0x0000000100000000)
 ParOldGen       total 1310720K, used 1193047K [0x0000000080000000, 0x00000000d0000000, 0x00000000d0000000)
  object space 1310720K, 91% used [0x0000000080000000,0x00000000c8d15f70,0x00000000d0000000)
 Metaspace       used 251219K, capacity 256232K, committed 256512K, reserved 747520K
  class space    used 24008K, capacity 24991K, committed 25088K, reserved 516096K
2025-05-15T08:40:45.618+0900: 52056.905: [GC (Allocation Failure) [PSYoungGen: 596894K->6972K(688128K)] 1789942K->1200044K(1998848K), 0.0125634 secs] [Times: user=0.03 sys=0.00, real=0.02 secs] 
Heap after GC invocations=934 (full 2):
 PSYoungGen      total 688128K, used 6972K [0x00000000d0000000, 0x0000000100000000, 0x0000000100000000)
  eden space 589824K, 0% used [0x00000000d0000000,0x00000000d0000000,0x00000000f4000000)
  from space 98304K, 7% used [0x00000000fa000000,0x00000000fa6cf2f8,0x0000000100000000)
  to   space 98304K, 0% used [0x00000000f4000000,0x00000000f4000000,0x00000000fa000000)
 ParOldGen       total 1310720K, used 1193071K [0x0000000080000000, 0x00000000d0000000, 0x00000000d0000000)
  object space 1310720K, 91% used [0x0000000080000000,0x00000000c8d1bf70,0x00000000d0000000)
 Metaspace       used 251219K, capacity 256232K, committed 256512K, reserved 747520K
  class space    used 24008K, capacity 24991K, committed 25088K, reserved 516096K
}
{Heap before GC invocations=935 (full 2):
 PSYoungGen      total 688128K, used 596796K [0x00000000d0000000, 0x0000000100000000, 0x0000000100000000)
  eden space 589824K, 100% used [0x00000000d0000000,0x00000000f4000000,0x00000000f4000000)
  from space 98304K, 7% used [0x00000000fa000000,0x00000000fa6cf2f8,0x0000000100000000)
  to   space 98304K, 0% used [0x00000000f4000000,0x00000000f4000000,0x00000000fa000000)
 ParOldGen       total 1310720K, used 1193071K [0x0000000080000000, 0x00000000d0000000, 0x00000000d0000000)
  object space 1310720K, 91% used [0x0000000080000000,0x00000000c8d1bf70,0x00000000d0000000)
 Metaspace       used 251223K, capacity 256244K, committed 256512K, reserved 747520K
  class space    used 24009K, capacity 24993K, committed 25088K, reserved 516096K
2025-05-15T08:41:43.737+0900: 52115.024: [GC (Allocation Failure) [PSYoungGen: 596796K->7634K(688128K)] 1789868K->1200746K(1998848K), 0.0124483 secs] [Times: user=0.03 sys=0.00, real=0.02 secs] 
Heap after GC invocations=935 (full 2):
 PSYoungGen      total 688128K, used 7634K [0x00000000d0000000, 0x0000000100000000, 0x0000000100000000)
  eden space 589824K, 0% used [0x00000000d0000000,0x00000000d0000000,0x00000000f4000000)
  from space 98304K, 7% used [0x00000000f4000000,0x00000000f4774be8,0x00000000fa000000)
  to   space 98304K, 0% used [0x00000000fa000000,0x00000000fa000000,0x0000000100000000)
 ParOldGen       total 1310720K, used 1193111K [0x0000000080000000, 0x00000000d0000000, 0x00000000d0000000)
  object space 1310720K, 91% used [0x0000000080000000,0x00000000c8d25f90,0x00000000d0000000)
 Metaspace       used 251223K, capacity 256244K, committed 256512K, reserved 747520K
  class space    used 24009K, capacity 24993K, committed 25088K, reserved 516096K
}
{Heap before GC invocations=936 (full 2):
 PSYoungGen      total 688128K, used 597458K [0x00000000d0000000, 0x0000000100000000, 0x0000000100000000)
  eden space 589824K, 100% used [0x00000000d0000000,0x00000000f4000000,0x00000000f4000000)
  from space 98304K, 7% used [0x00000000f4000000,0x00000000f4774be8,0x00000000fa000000)
  to   space 98304K, 0% used [0x00000000fa000000,0x00000000fa000000,0x0000000100000000)
 ParOldGen       total 1310720K, used 1193111K [0x0000000080000000, 0x00000000d0000000, 0x00000000d0000000)
  object space 1310720K, 91% used [0x0000000080000000,0x00000000c8d25f90,0x00000000d0000000)
 Metaspace       used 251225K, capacity 256244K, committed 256512K, reserved 747520K
  class space    used 24009K, capacity 24993K, committed 25088K, reserved 516096K
2025-05-15T08:42:43.783+0900: 52175.070: [GC (Allocation Failure) [PSYoungGen: 597458K->7592K(688128K)] 1790570K->1200720K(1998848K), 0.0135199 secs] [Times: user=0.04 sys=0.00, real=0.01 secs] 
Heap after GC invocations=936 (full 2):
 PSYoungGen      total 688128K, used 7592K [0x00000000d0000000, 0x0000000100000000, 0x0000000100000000)
  eden space 589824K, 0% used [0x00000000d0000000,0x00000000d0000000,0x00000000f4000000)
  from space 98304K, 7% used [0x00000000fa000000,0x00000000fa76a3e8,0x0000000100000000)
  to   space 98304K, 0% used [0x00000000f4000000,0x00000000f4000000,0x00000000fa000000)
 ParOldGen       total 1310720K, used 1193127K [0x0000000080000000, 0x00000000d0000000, 0x00000000d0000000)
  object space 1310720K, 91% used [0x0000000080000000,0x00000000c8d29f90,0x00000000d0000000)
 Metaspace       used 251225K, capacity 256244K, committed 256512K, reserved 747520K
  class space    used 24009K, capacity 24993K, committed 25088K, reserved 516096K
}
{Heap before GC invocations=937 (full 2):
 PSYoungGen      total 688128K, used 597416K [0x00000000d0000000, 0x0000000100000000, 0x0000000100000000)
  eden space 589824K, 100% used [0x00000000d0000000,0x00000000f4000000,0x00000000f4000000)
  from space 98304K, 7% used [0x00000000fa000000,0x00000000fa76a3e8,0x0000000100000000)
  to   space 98304K, 0% used [0x00000000f4000000,0x00000000f4000000,0x00000000fa000000)
 ParOldGen       total 1310720K, used 1193127K [0x0000000080000000, 0x00000000d0000000, 0x00000000d0000000)
  object space 1310720K, 91% used [0x0000000080000000,0x00000000c8d29f90,0x00000000d0000000)
 Metaspace       used 251225K, capacity 256244K, committed 256512K, reserved 747520K
  class space    used 24009K, capacity 24993K, committed 25088K, reserved 516096K
2025-05-15T08:43:42.950+0900: 52234.237: [GC (Allocation Failure) [PSYoungGen: 597416K->7430K(688128K)] 1790544K->1200574K(1998848K), 0.0124091 secs] [Times: user=0.03 sys=0.00, real=0.01 secs] 
Heap after GC invocations=937 (full 2):
 PSYoungGen      total 688128K, used 7430K [0x00000000d0000000, 0x0000000100000000, 0x0000000100000000)
  eden space 589824K, 0% used [0x00000000d0000000,0x00000000d0000000,0x00000000f4000000)
  from space 98304K, 7% used [0x00000000f4000000,0x00000000f4741bd0,0x00000000fa000000)
  to   space 98304K, 0% used [0x00000000fa000000,0x00000000fa000000,0x0000000100000000)
 ParOldGen       total 1310720K, used 1193143K [0x0000000080000000, 0x00000000d0000000, 0x00000000d0000000)
  object space 1310720K, 91% used [0x0000000080000000,0x00000000c8d2df90,0x00000000d0000000)
 Metaspace       used 251225K, capacity 256244K, committed 256512K, reserved 747520K
  class space    used 24009K, capacity 24993K, committed 25088K, reserved 516096K
}
{Heap before GC invocations=938 (full 2):
 PSYoungGen      total 688128K, used 597254K [0x00000000d0000000, 0x0000000100000000, 0x0000000100000000)
  eden space 589824K, 100% used [0x00000000d0000000,0x00000000f4000000,0x00000000f4000000)
  from space 98304K, 7% used [0x00000000f4000000,0x00000000f4741bd0,0x00000000fa000000)
  to   space 98304K, 0% used [0x00000000fa000000,0x00000000fa000000,0x0000000100000000)
 ParOldGen       total 1310720K, used 1193143K [0x0000000080000000, 0x00000000d0000000, 0x00000000d0000000)
  object space 1310720K, 91% used [0x0000000080000000,0x00000000c8d2df90,0x00000000d0000000)
 Metaspace       used 252236K, capacity 257236K, committed 257408K, reserved 749568K
  class space    used 24119K, capacity 25089K, committed 25216K, reserved 516096K
2025-05-15T08:43:53.143+0900: 52244.430: [GC (Allocation Failure) [PSYoungGen: 597254K->57491K(688128K)] 1790398K->1250659K(1998848K), 0.0261591 secs] [Times: user=0.05 sys=0.00, real=0.03 secs] 
Heap after GC invocations=938 (full 2):
 PSYoungGen      total 688128K, used 57491K [0x00000000d0000000, 0x0000000100000000, 0x0000000100000000)
  eden space 589824K, 0% used [0x00000000d0000000,0x00000000d0000000,0x00000000f4000000)
  from space 98304K, 58% used [0x00000000fa000000,0x00000000fd824e50,0x0000000100000000)
  to   space 98304K, 0% used [0x00000000f4000000,0x00000000f4000000,0x00000000fa000000)
 ParOldGen       total 1310720K, used 1193167K [0x0000000080000000, 0x00000000d0000000, 0x00000000d0000000)
  object space 1310720K, 91% used [0x0000000080000000,0x00000000c8d33f90,0x00000000d0000000)
 Metaspace       used 252236K, capacity 257236K, committed 257408K, reserved 749568K
  class space    used 24119K, capacity 25089K, committed 25216K, reserved 516096K
}
{Heap before GC invocations=939 (full 2):
 PSYoungGen      total 688128K, used 647315K [0x00000000d0000000, 0x0000000100000000, 0x0000000100000000)
  eden space 589824K, 100% used [0x00000000d0000000,0x00000000f4000000,0x00000000f4000000)
  from space 98304K, 58% used [0x00000000fa000000,0x00000000fd824e50,0x0000000100000000)
  to   space 98304K, 0% used [0x00000000f4000000,0x00000000f4000000,0x00000000fa000000)
 ParOldGen       total 1310720K, used 1193167K [0x0000000080000000, 0x00000000d0000000, 0x00000000d0000000)
  object space 1310720K, 91% used [0x0000000080000000,0x00000000c8d33f90,0x00000000d0000000)
 Metaspace       used 252236K, capacity 257236K, committed 257408K, reserved 749568K
  class space    used 24119K, capacity 25089K, committed 25216K, reserved 516096K
2025-05-15T08:44:50.201+0900: 52301.488: [GC (Allocation Failure) [PSYoungGen: 647315K->27176K(688128K)] 1840483K->1220380K(1998848K), 0.0134983 secs] [Times: user=0.04 sys=0.00, real=0.01 secs] 
Heap after GC invocations=939 (full 2):
 PSYoungGen      total 688128K, used 27176K [0x00000000d0000000, 0x0000000100000000, 0x0000000100000000)
  eden space 589824K, 0% used [0x00000000d0000000,0x00000000d0000000,0x00000000f4000000)
  from space 98304K, 27% used [0x00000000f4000000,0x00000000f5a8a2e0,0x00000000fa000000)
  to   space 98304K, 0% used [0x00000000fa000000,0x00000000fa000000,0x0000000100000000)
 ParOldGen       total 1310720K, used 1193203K [0x0000000080000000, 0x00000000d0000000, 0x00000000d0000000)
  object space 1310720K, 91% used [0x0000000080000000,0x00000000c8d3cfa0,0x00000000d0000000)
 Metaspace       used 252236K, capacity 257236K, committed 257408K, reserved 749568K
  class space    used 24119K, capacity 25089K, committed 25216K, reserved 516096K
}
{Heap before GC invocations=940 (full 2):
 PSYoungGen      total 688128K, used 617000K [0x00000000d0000000, 0x0000000100000000, 0x0000000100000000)
  eden space 589824K, 100% used [0x00000000d0000000,0x00000000f4000000,0x00000000f4000000)
  from space 98304K, 27% used [0x00000000f4000000,0x00000000f5a8a2e0,0x00000000fa000000)
  to   space 98304K, 0% used [0x00000000fa000000,0x00000000fa000000,0x0000000100000000)
 ParOldGen       total 1310720K, used 1193203K [0x0000000080000000, 0x00000000d0000000, 0x00000000d0000000)
  object space 1310720K, 91% used [0x0000000080000000,0x00000000c8d3cfa0,0x00000000d0000000)
 Metaspace       used 252236K, capacity 257236K, committed 257408K, reserved 749568K
  class space    used 24119K, capacity 25089K, committed 25216K, reserved 516096K
2025-05-15T08:45:52.360+0900: 52363.648: [GC (Allocation Failure) [PSYoungGen: 617000K->27196K(688128K)] 1810204K->1220432K(1998848K), 0.0144417 secs] [Times: user=0.04 sys=0.00, real=0.01 secs] 
Heap after GC invocations=940 (full 2):
 PSYoungGen      total 688128K, used 27196K [0x00000000d0000000, 0x0000000100000000, 0x0000000100000000)
  eden space 589824K, 0% used [0x00000000d0000000,0x00000000d0000000,0x00000000f4000000)
  from space 98304K, 27% used [0x00000000fa000000,0x00000000fba8f1e0,0x0000000100000000)
  to   space 98304K, 0% used [0x00000000f4000000,0x00000000f4000000,0x00000000fa000000)
 ParOldGen       total 1310720K, used 1193235K [0x0000000080000000, 0x00000000d0000000, 0x00000000d0000000)
  object space 1310720K, 91% used [0x0000000080000000,0x00000000c8d44fa0,0x00000000d0000000)
 Metaspace       used 252236K, capacity 257236K, committed 257408K, reserved 749568K
  class space    used 24119K, capacity 25089K, committed 25216K, reserved 516096K
}
{Heap before GC invocations=941 (full 2):
 PSYoungGen      total 688128K, used 617020K [0x00000000d0000000, 0x0000000100000000, 0x0000000100000000)
  eden space 589824K, 100% used [0x00000000d0000000,0x00000000f4000000,0x00000000f4000000)
  from space 98304K, 27% used [0x00000000fa000000,0x00000000fba8f1e0,0x0000000100000000)
  to   space 98304K, 0% used [0x00000000f4000000,0x00000000f4000000,0x00000000fa000000)
 ParOldGen       total 1310720K, used 1193235K [0x0000000080000000, 0x00000000d0000000, 0x00000000d0000000)
  object space 1310720K, 91% used [0x0000000080000000,0x00000000c8d44fa0,0x00000000d0000000)
 Metaspace       used 252236K, capacity 257236K, committed 257408K, reserved 749568K
  class space    used 24119K, capacity 25089K, committed 25216K, reserved 516096K
2025-05-15T08:46:53.792+0900: 52425.079: [GC (Allocation Failure) [PSYoungGen: 617020K->27176K(688128K)] 1810256K->1220468K(1998848K), 0.0137724 secs] [Times: user=0.04 sys=0.00, real=0.01 secs] 
Heap after GC invocations=941 (full 2):
 PSYoungGen      total 688128K, used 27176K [0x00000000d0000000, 0x0000000100000000, 0x0000000100000000)
  eden space 589824K, 0% used [0x00000000d0000000,0x00000000d0000000,0x00000000f4000000)
  from space 98304K, 27% used [0x00000000f4000000,0x00000000f5a8a388,0x00000000fa000000)
  to   space 98304K, 0% used [0x00000000fa000000,0x00000000fa000000,0x0000000100000000)
 ParOldGen       total 1310720K, used 1193291K [0x0000000080000000, 0x00000000d0000000, 0x00000000d0000000)
  object space 1310720K, 91% used [0x0000000080000000,0x00000000c8d52d90,0x00000000d0000000)
 Metaspace       used 252236K, capacity 257236K, committed 257408K, reserved 749568K
  class space    used 24119K, capacity 25089K, committed 25216K, reserved 516096K
}
{Heap before GC invocations=942 (full 2):
 PSYoungGen      total 688128K, used 617000K [0x00000000d0000000, 0x0000000100000000, 0x0000000100000000)
  eden space 589824K, 100% used [0x00000000d0000000,0x00000000f4000000,0x00000000f4000000)
  from space 98304K, 27% used [0x00000000f4000000,0x00000000f5a8a388,0x00000000fa000000)
  to   space 98304K, 0% used [0x00000000fa000000,0x00000000fa000000,0x0000000100000000)
 ParOldGen       total 1310720K, used 1193291K [0x0000000080000000, 0x00000000d0000000, 0x00000000d0000000)
  object space 1310720K, 91% used [0x0000000080000000,0x00000000c8d52d90,0x00000000d0000000)
 Metaspace       used 252236K, capacity 257236K, committed 257408K, reserved 749568K
  class space    used 24119K, capacity 25089K, committed 25216K, reserved 516096K
2025-05-15T08:47:55.796+0900: 52487.084: [GC (Allocation Failure) [PSYoungGen: 617000K->27155K(688128K)] 1810292K->1220455K(1998848K), 0.0137703 secs] [Times: user=0.04 sys=0.00, real=0.02 secs] 
Heap after GC invocations=942 (full 2):
 PSYoungGen      total 688128K, used 27155K [0x00000000d0000000, 0x0000000100000000, 0x0000000100000000)
  eden space 589824K, 0% used [0x00000000d0000000,0x00000000d0000000,0x00000000f4000000)
  from space 98304K, 27% used [0x00000000fa000000,0x00000000fba84ed0,0x0000000100000000)
  to   space 98304K, 0% used [0x00000000f4000000,0x00000000f4000000,0x00000000fa000000)
 ParOldGen       total 1310720K, used 1193299K [0x0000000080000000, 0x00000000d0000000, 0x00000000d0000000)
  object space 1310720K, 91% used [0x0000000080000000,0x00000000c8d54d90,0x00000000d0000000)
 Metaspace       used 252236K, capacity 257236K, committed 257408K, reserved 749568K
  class space    used 24119K, capacity 25089K, committed 25216K, reserved 516096K
}
{Heap before GC invocations=943 (full 2):
 PSYoungGen      total 688128K, used 616979K [0x00000000d0000000, 0x0000000100000000, 0x0000000100000000)
  eden space 589824K, 100% used [0x00000000d0000000,0x00000000f4000000,0x00000000f4000000)
  from space 98304K, 27% used [0x00000000fa000000,0x00000000fba84ed0,0x0000000100000000)
  to   space 98304K, 0% used [0x00000000f4000000,0x00000000f4000000,0x00000000fa000000)
 ParOldGen       total 1310720K, used 1193299K [0x0000000080000000, 0x00000000d0000000, 0x00000000d0000000)
  object space 1310720K, 91% used [0x0000000080000000,0x00000000c8d54d90,0x00000000d0000000)
 Metaspace       used 252236K, capacity 257236K, committed 257408K, reserved 749568K
  class space    used 24119K, capacity 25089K, committed 25216K, reserved 516096K
2025-05-15T08:48:57.017+0900: 52548.304: [GC (Allocation Failure) [PSYoungGen: 616979K->27042K(688128K)] 1810279K->1220374K(1998848K), 0.0134047 secs] [Times: user=0.03 sys=0.00, real=0.02 secs] 
Heap after GC invocations=943 (full 2):
 PSYoungGen      total 688128K, used 27042K [0x00000000d0000000, 0x0000000100000000, 0x0000000100000000)
  eden space 589824K, 0% used [0x00000000d0000000,0x00000000d0000000,0x00000000f4000000)
  from space 98304K, 27% used [0x00000000f4000000,0x00000000f5a68be8,0x00000000fa000000)
  to   space 98304K, 0% used [0x00000000fa000000,0x00000000fa000000,0x0000000100000000)
 ParOldGen       total 1310720K, used 1193331K [0x0000000080000000, 0x00000000d0000000, 0x00000000d0000000)
  object space 1310720K, 91% used [0x0000000080000000,0x00000000c8d5cd90,0x00000000d0000000)
 Metaspace       used 252236K, capacity 257236K, committed 257408K, reserved 749568K
  class space    used 24119K, capacity 25089K, committed 25216K, reserved 516096K
}
{Heap before GC invocations=944 (full 2):
 PSYoungGen      total 688128K, used 616866K [0x00000000d0000000, 0x0000000100000000, 0x0000000100000000)
  eden space 589824K, 100% used [0x00000000d0000000,0x00000000f4000000,0x00000000f4000000)
  from space 98304K, 27% used [0x00000000f4000000,0x00000000f5a68be8,0x00000000fa000000)
  to   space 98304K, 0% used [0x00000000fa000000,0x00000000fa000000,0x0000000100000000)
 ParOldGen       total 1310720K, used 1193331K [0x0000000080000000, 0x00000000d0000000, 0x00000000d0000000)
  object space 1310720K, 91% used [0x0000000080000000,0x00000000c8d5cd90,0x00000000d0000000)
 Metaspace       used 252236K, capacity 257236K, committed 257408K, reserved 749568K
  class space    used 24119K, capacity 25089K, committed 25216K, reserved 516096K
2025-05-15T08:49:59.072+0900: 52610.359: [GC (Allocation Failure) [PSYoungGen: 616866K->26939K(688128K)] 1810198K->1220475K(1998848K), 0.0132604 secs] [Times: user=0.04 sys=0.00, real=0.01 secs] 
Heap after GC invocations=944 (full 2):
 PSYoungGen      total 688128K, used 26939K [0x00000000d0000000, 0x0000000100000000, 0x0000000100000000)
  eden space 589824K, 0% used [0x00000000d0000000,0x00000000d0000000,0x00000000f4000000)
  from space 98304K, 27% used [0x00000000fa000000,0x00000000fba4ef58,0x0000000100000000)
  to   space 98304K, 0% used [0x00000000f4000000,0x00000000f4000000,0x00000000fa000000)
 ParOldGen       total 1310720K, used 1193535K [0x0000000080000000, 0x00000000d0000000, 0x00000000d0000000)
  object space 1310720K, 91% used [0x0000000080000000,0x00000000c8d8fda0,0x00000000d0000000)
 Metaspace       used 252236K, capacity 257236K, committed 257408K, reserved 749568K
  class space    used 24119K, capacity 25089K, committed 25216K, reserved 516096K
}
{Heap before GC invocations=945 (full 2):
 PSYoungGen      total 688128K, used 616763K [0x00000000d0000000, 0x0000000100000000, 0x0000000100000000)
  eden space 589824K, 100% used [0x00000000d0000000,0x00000000f4000000,0x00000000f4000000)
  from space 98304K, 27% used [0x00000000fa000000,0x00000000fba4ef58,0x0000000100000000)
  to   space 98304K, 0% used [0x00000000f4000000,0x00000000f4000000,0x00000000fa000000)
 ParOldGen       total 1310720K, used 1193535K [0x0000000080000000, 0x00000000d0000000, 0x00000000d0000000)
  object space 1310720K, 91% used [0x0000000080000000,0x00000000c8d8fda0,0x00000000d0000000)
 Metaspace       used 252237K, capacity 257236K, committed 257408K, reserved 749568K
  class space    used 24119K, capacity 25089K, committed 25216K, reserved 516096K
2025-05-15T08:51:00.324+0900: 52671.611: [GC (Allocation Failure) [PSYoungGen: 616763K->26768K(688128K)] 1810299K->1220479K(1998848K), 0.0146830 secs] [Times: user=0.04 sys=0.00, real=0.02 secs] 
Heap after GC invocations=945 (full 2):
 PSYoungGen      total 688128K, used 26768K [0x00000000d0000000, 0x0000000100000000, 0x0000000100000000)
  eden space 589824K, 0% used [0x00000000d0000000,0x00000000d0000000,0x00000000f4000000)
  from space 98304K, 27% used [0x00000000f4000000,0x00000000f5a240d8,0x00000000fa000000)
  to   space 98304K, 0% used [0x00000000fa000000,0x00000000fa000000,0x0000000100000000)
 ParOldGen       total 1310720K, used 1193711K [0x0000000080000000, 0x00000000d0000000, 0x00000000d0000000)
  object space 1310720K, 91% used [0x0000000080000000,0x00000000c8dbbda0,0x00000000d0000000)
 Metaspace       used 252237K, capacity 257236K, committed 257408K, reserved 749568K
  class space    used 24119K, capacity 25089K, committed 25216K, reserved 516096K
}
{Heap before GC invocations=946 (full 2):
 PSYoungGen      total 688128K, used 616592K [0x00000000d0000000, 0x0000000100000000, 0x0000000100000000)
  eden space 589824K, 100% used [0x00000000d0000000,0x00000000f4000000,0x00000000f4000000)
  from space 98304K, 27% used [0x00000000f4000000,0x00000000f5a240d8,0x00000000fa000000)
  to   space 98304K, 0% used [0x00000000fa000000,0x00000000fa000000,0x0000000100000000)
 ParOldGen       total 1310720K, used 1193711K [0x0000000080000000, 0x00000000d0000000, 0x00000000d0000000)
  object space 1310720K, 91% used [0x0000000080000000,0x00000000c8dbbda0,0x00000000d0000000)
 Metaspace       used 252237K, capacity 257236K, committed 257408K, reserved 749568K
  class space    used 24119K, capacity 25089K, committed 25216K, reserved 516096K
2025-05-15T08:52:01.426+0900: 52732.713: [GC (Allocation Failure) [PSYoungGen: 616592K->23424K(688128K)] 1810303K->1220310K(1998848K), 0.0148201 secs] [Times: user=0.03 sys=0.00, real=0.02 secs] 
Heap after GC invocations=946 (full 2):
 PSYoungGen      total 688128K, used 23424K [0x00000000d0000000, 0x0000000100000000, 0x0000000100000000)
  eden space 589824K, 0% used [0x00000000d0000000,0x00000000d0000000,0x00000000f4000000)
  from space 98304K, 23% used [0x00000000fa000000,0x00000000fb6e0168,0x0000000100000000)
  to   space 98304K, 0% used [0x00000000f4000000,0x00000000f4000000,0x00000000fa000000)
 ParOldGen       total 1310720K, used 1196886K [0x0000000080000000, 0x00000000d0000000, 0x00000000d0000000)
  object space 1310720K, 91% used [0x0000000080000000,0x00000000c90d59a8,0x00000000d0000000)
 Metaspace       used 252237K, capacity 257236K, committed 257408K, reserved 749568K
  class space    used 24119K, capacity 25089K, committed 25216K, reserved 516096K
}
{Heap before GC invocations=947 (full 2):
 PSYoungGen      total 688128K, used 613248K [0x00000000d0000000, 0x0000000100000000, 0x0000000100000000)
  eden space 589824K, 100% used [0x00000000d0000000,0x00000000f4000000,0x00000000f4000000)
  from space 98304K, 23% used [0x00000000fa000000,0x00000000fb6e0168,0x0000000100000000)
  to   space 98304K, 0% used [0x00000000f4000000,0x00000000f4000000,0x00000000fa000000)
 ParOldGen       total 1310720K, used 1196886K [0x0000000080000000, 0x00000000d0000000, 0x00000000d0000000)
  object space 1310720K, 91% used [0x0000000080000000,0x00000000c90d59a8,0x00000000d0000000)
 Metaspace       used 252238K, capacity 257236K, committed 257408K, reserved 749568K
  class space    used 24119K, capacity 25089K, committed 25216K, reserved 516096K
2025-05-15T08:52:57.508+0900: 52788.795: [GC (Allocation Failure) [PSYoungGen: 613248K->22741K(688128K)] 1810134K->1220201K(1998848K), 0.0139381 secs] [Times: user=0.03 sys=0.00, real=0.02 secs] 
Heap after GC invocations=947 (full 2):
 PSYoungGen      total 688128K, used 22741K [0x00000000d0000000, 0x0000000100000000, 0x0000000100000000)
  eden space 589824K, 0% used [0x00000000d0000000,0x00000000d0000000,0x00000000f4000000)
  from space 98304K, 23% used [0x00000000f4000000,0x00000000f5635710,0x00000000fa000000)
  to   space 98304K, 0% used [0x00000000fa000000,0x00000000fa000000,0x0000000100000000)
 ParOldGen       total 1310720K, used 1197459K [0x0000000080000000, 0x00000000d0000000, 0x00000000d0000000)
  object space 1310720K, 91% used [0x0000000080000000,0x00000000c9164fe0,0x00000000d0000000)
 Metaspace       used 252238K, capacity 257236K, committed 257408K, reserved 749568K
  class space    used 24119K, capacity 25089K, committed 25216K, reserved 516096K
}
{Heap before GC invocations=948 (full 2):
 PSYoungGen      total 688128K, used 612565K [0x00000000d0000000, 0x0000000100000000, 0x0000000100000000)
  eden space 589824K, 100% used [0x00000000d0000000,0x00000000f4000000,0x00000000f4000000)
  from space 98304K, 23% used [0x00000000f4000000,0x00000000f5635710,0x00000000fa000000)
  to   space 98304K, 0% used [0x00000000fa000000,0x00000000fa000000,0x0000000100000000)
 ParOldGen       total 1310720K, used 1197459K [0x0000000080000000, 0x00000000d0000000, 0x00000000d0000000)
  object space 1310720K, 91% used [0x0000000080000000,0x00000000c9164fe0,0x00000000d0000000)
 Metaspace       used 252244K, capacity 257242K, committed 257408K, reserved 749568K
  class space    used 24119K, capacity 25090K, committed 25216K, reserved 516096K
2025-05-15T08:53:54.628+0900: 52845.915: [GC (Allocation Failure) [PSYoungGen: 612565K->25585K(688128K)] 1810025K->1223233K(1998848K), 0.0132935 secs] [Times: user=0.04 sys=0.00, real=0.02 secs] 
Heap after GC invocations=948 (full 2):
 PSYoungGen      total 688128K, used 25585K [0x00000000d0000000, 0x0000000100000000, 0x0000000100000000)
  eden space 589824K, 0% used [0x00000000d0000000,0x00000000d0000000,0x00000000f4000000)
  from space 98304K, 26% used [0x00000000fa000000,0x00000000fb8fc7f8,0x0000000100000000)
  to   space 98304K, 0% used [0x00000000f4000000,0x00000000f4000000,0x00000000fa000000)
 ParOldGen       total 1310720K, used 1197647K [0x0000000080000000, 0x00000000d0000000, 0x00000000d0000000)
  object space 1310720K, 91% used [0x0000000080000000,0x00000000c9193f70,0x00000000d0000000)
 Metaspace       used 252244K, capacity 257242K, committed 257408K, reserved 749568K
  class space    used 24119K, capacity 25090K, committed 25216K, reserved 516096K
}
{Heap before GC invocations=949 (full 2):
 PSYoungGen      total 688128K, used 615409K [0x00000000d0000000, 0x0000000100000000, 0x0000000100000000)
  eden space 589824K, 100% used [0x00000000d0000000,0x00000000f4000000,0x00000000f4000000)
  from space 98304K, 26% used [0x00000000fa000000,0x00000000fb8fc7f8,0x0000000100000000)
  to   space 98304K, 0% used [0x00000000f4000000,0x00000000f4000000,0x00000000fa000000)
 ParOldGen       total 1310720K, used 1197647K [0x0000000080000000, 0x00000000d0000000, 0x00000000d0000000)
  object space 1310720K, 91% used [0x0000000080000000,0x00000000c9193f70,0x00000000d0000000)
 Metaspace       used 252244K, capacity 257242K, committed 257408K, reserved 749568K
  class space    used 24119K, capacity 25090K, committed 25216K, reserved 516096K
2025-05-15T08:54:55.214+0900: 52906.501: [GC (Allocation Failure) [PSYoungGen: 615409K->25803K(688128K)] 1813057K->1223483K(1998848K), 0.0130363 secs] [Times: user=0.04 sys=0.00, real=0.01 secs] 
Heap after GC invocations=949 (full 2):
 PSYoungGen      total 688128K, used 25803K [0x00000000d0000000, 0x0000000100000000, 0x0000000100000000)
  eden space 589824K, 0% used [0x00000000d0000000,0x00000000d0000000,0x00000000f4000000)
  from space 98304K, 26% used [0x00000000f4000000,0x00000000f5932da8,0x00000000fa000000)
  to   space 98304K, 0% used [0x00000000fa000000,0x00000000fa000000,0x0000000100000000)
 ParOldGen       total 1310720K, used 1197679K [0x0000000080000000, 0x00000000d0000000, 0x00000000d0000000)
  object space 1310720K, 91% used [0x0000000080000000,0x00000000c919bf70,0x00000000d0000000)
 Metaspace       used 252244K, capacity 257242K, committed 257408K, reserved 749568K
  class space    used 24119K, capacity 25090K, committed 25216K, reserved 516096K
}
{Heap before GC invocations=950 (full 2):
 PSYoungGen      total 688128K, used 615627K [0x00000000d0000000, 0x0000000100000000, 0x0000000100000000)
  eden space 589824K, 100% used [0x00000000d0000000,0x00000000f4000000,0x00000000f4000000)
  from space 98304K, 26% used [0x00000000f4000000,0x00000000f5932da8,0x00000000fa000000)
  to   space 98304K, 0% used [0x00000000fa000000,0x00000000fa000000,0x0000000100000000)
 ParOldGen       total 1310720K, used 1197679K [0x0000000080000000, 0x00000000d0000000, 0x00000000d0000000)
  object space 1310720K, 91% used [0x0000000080000000,0x00000000c919bf70,0x00000000d0000000)
 Metaspace       used 252268K, capacity 257242K, committed 257408K, reserved 749568K
  class space    used 24121K, capacity 25090K, committed 25216K, reserved 516096K
2025-05-15T08:55:52.900+0900: 52964.188: [GC (Allocation Failure) [PSYoungGen: 615627K->26354K(688128K)] 1813307K->1224082K(1998848K), 0.0138761 secs] [Times: user=0.04 sys=0.00, real=0.01 secs] 
Heap after GC invocations=950 (full 2):
 PSYoungGen      total 688128K, used 26354K [0x00000000d0000000, 0x0000000100000000, 0x0000000100000000)
  eden space 589824K, 0% used [0x00000000d0000000,0x00000000d0000000,0x00000000f4000000)
  from space 98304K, 26% used [0x00000000fa000000,0x00000000fb9bcae8,0x0000000100000000)
  to   space 98304K, 0% used [0x00000000f4000000,0x00000000f4000000,0x00000000fa000000)
 ParOldGen       total 1310720K, used 1197727K [0x0000000080000000, 0x00000000d0000000, 0x00000000d0000000)
  object space 1310720K, 91% used [0x0000000080000000,0x00000000c91a7fa0,0x00000000d0000000)
 Metaspace       used 252268K, capacity 257242K, committed 257408K, reserved 749568K
  class space    used 24121K, capacity 25090K, committed 25216K, reserved 516096K
}
{Heap before GC invocations=951 (full 2):
 PSYoungGen      total 688128K, used 616178K [0x00000000d0000000, 0x0000000100000000, 0x0000000100000000)
  eden space 589824K, 100% used [0x00000000d0000000,0x00000000f4000000,0x00000000f4000000)
  from space 98304K, 26% used [0x00000000fa000000,0x00000000fb9bcae8,0x0000000100000000)
  to   space 98304K, 0% used [0x00000000f4000000,0x00000000f4000000,0x00000000fa000000)
 ParOldGen       total 1310720K, used 1197727K [0x0000000080000000, 0x00000000d0000000, 0x00000000d0000000)
  object space 1310720K, 91% used [0x0000000080000000,0x00000000c91a7fa0,0x00000000d0000000)
 Metaspace       used 252268K, capacity 257242K, committed 257408K, reserved 749568K
  class space    used 24121K, capacity 25090K, committed 25216K, reserved 516096K
2025-05-15T08:56:54.051+0900: 53025.338: [GC (Allocation Failure) [PSYoungGen: 616178K->26060K(688128K)] 1813906K->1223828K(1998848K), 0.0133814 secs] [Times: user=0.04 sys=0.00, real=0.01 secs] 
Heap after GC invocations=951 (full 2):
 PSYoungGen      total 688128K, used 26060K [0x00000000d0000000, 0x0000000100000000, 0x0000000100000000)
  eden space 589824K, 0% used [0x00000000d0000000,0x00000000d0000000,0x00000000f4000000)
  from space 98304K, 26% used [0x00000000f4000000,0x00000000f59731f0,0x00000000fa000000)
  to   space 98304K, 0% used [0x00000000fa000000,0x00000000fa000000,0x0000000100000000)
 ParOldGen       total 1310720K, used 1197767K [0x0000000080000000, 0x00000000d0000000, 0x00000000d0000000)
  object space 1310720K, 91% used [0x0000000080000000,0x00000000c91b1fa0,0x00000000d0000000)
 Metaspace       used 252268K, capacity 257242K, committed 257408K, reserved 749568K
  class space    used 24121K, capacity 25090K, committed 25216K, reserved 516096K
}
{Heap before GC invocations=952 (full 2):
 PSYoungGen      total 688128K, used 615884K [0x00000000d0000000, 0x0000000100000000, 0x0000000100000000)
  eden space 589824K, 100% used [0x00000000d0000000,0x00000000f4000000,0x00000000f4000000)
  from space 98304K, 26% used [0x00000000f4000000,0x00000000f59731f0,0x00000000fa000000)
  to   space 98304K, 0% used [0x00000000fa000000,0x00000000fa000000,0x0000000100000000)
 ParOldGen       total 1310720K, used 1197767K [0x0000000080000000, 0x00000000d0000000, 0x00000000d0000000)
  object space 1310720K, 91% used [0x0000000080000000,0x00000000c91b1fa0,0x00000000d0000000)
 Metaspace       used 252268K, capacity 257242K, committed 257408K, reserved 749568K
  class space    used 24121K, capacity 25090K, committed 25216K, reserved 516096K
2025-05-15T08:57:50.152+0900: 53081.439: [GC (Allocation Failure) [PSYoungGen: 615884K->26221K(688128K)] 1813652K->1224013K(1998848K), 0.0192206 secs] [Times: user=0.04 sys=0.00, real=0.02 secs] 
Heap after GC invocations=952 (full 2):
 PSYoungGen      total 688128K, used 26221K [0x00000000d0000000, 0x0000000100000000, 0x0000000100000000)
  eden space 589824K, 0% used [0x00000000d0000000,0x00000000d0000000,0x00000000f4000000)
  from space 98304K, 26% used [0x00000000fa000000,0x00000000fb99b728,0x0000000100000000)
  to   space 98304K, 0% used [0x00000000f4000000,0x00000000f4000000,0x00000000fa000000)
 ParOldGen       total 1310720K, used 1197791K [0x0000000080000000, 0x00000000d0000000, 0x00000000d0000000)
  object space 1310720K, 91% used [0x0000000080000000,0x00000000c91b7fa0,0x00000000d0000000)
 Metaspace       used 252268K, capacity 257242K, committed 257408K, reserved 749568K
  class space    used 24121K, capacity 25090K, committed 25216K, reserved 516096K
}
{Heap before GC invocations=953 (full 2):
 PSYoungGen      total 688128K, used 616045K [0x00000000d0000000, 0x0000000100000000, 0x0000000100000000)
  eden space 589824K, 100% used [0x00000000d0000000,0x00000000f4000000,0x00000000f4000000)
  from space 98304K, 26% used [0x00000000fa000000,0x00000000fb99b728,0x0000000100000000)
  to   space 98304K, 0% used [0x00000000f4000000,0x00000000f4000000,0x00000000fa000000)
 ParOldGen       total 1310720K, used 1197791K [0x0000000080000000, 0x00000000d0000000, 0x00000000d0000000)
  object space 1310720K, 91% used [0x0000000080000000,0x00000000c91b7fa0,0x00000000d0000000)
 Metaspace       used 252268K, capacity 257242K, committed 257408K, reserved 749568K
  class space    used 24121K, capacity 25090K, committed 25216K, reserved 516096K
2025-05-15T08:58:48.221+0900: 53139.508: [GC (Allocation Failure) [PSYoungGen: 616045K->6261K(688128K)] 1813837K->1223955K(1998848K), 0.0141451 secs] [Times: user=0.04 sys=0.00, real=0.01 secs] 
Heap after GC invocations=953 (full 2):
 PSYoungGen      total 688128K, used 6261K [0x00000000d0000000, 0x0000000100000000, 0x0000000100000000)
  eden space 589824K, 0% used [0x00000000d0000000,0x00000000d0000000,0x00000000f4000000)
  from space 98304K, 6% used [0x00000000f4000000,0x00000000f461d588,0x00000000fa000000)
  to   space 98304K, 0% used [0x00000000fa000000,0x00000000fa000000,0x0000000100000000)
 ParOldGen       total 1310720K, used 1217693K [0x0000000080000000, 0x00000000d0000000, 0x00000000d0000000)
  object space 1310720K, 92% used [0x0000000080000000,0x00000000ca527678,0x00000000d0000000)
 Metaspace       used 252268K, capacity 257242K, committed 257408K, reserved 749568K
  class space    used 24121K, capacity 25090K, committed 25216K, reserved 516096K
}
{Heap before GC invocations=954 (full 2):
 PSYoungGen      total 688128K, used 596085K [0x00000000d0000000, 0x0000000100000000, 0x0000000100000000)
  eden space 589824K, 100% used [0x00000000d0000000,0x00000000f4000000,0x00000000f4000000)
  from space 98304K, 6% used [0x00000000f4000000,0x00000000f461d588,0x00000000fa000000)
  to   space 98304K, 0% used [0x00000000fa000000,0x00000000fa000000,0x0000000100000000)
 ParOldGen       total 1310720K, used 1217693K [0x0000000080000000, 0x00000000d0000000, 0x00000000d0000000)
  object space 1310720K, 92% used [0x0000000080000000,0x00000000ca527678,0x00000000d0000000)
 Metaspace       used 252268K, capacity 257242K, committed 257408K, reserved 749568K
  class space    used 24121K, capacity 25090K, committed 25216K, reserved 516096K
2025-05-15T08:59:48.519+0900: 53199.806: [GC (Allocation Failure) [PSYoungGen: 596085K->6026K(688128K)] 1813779K->1223920K(1998848K), 0.0126629 secs] [Times: user=0.04 sys=0.00, real=0.01 secs] 
Heap after GC invocations=954 (full 2):
 PSYoungGen      total 688128K, used 6026K [0x00000000d0000000, 0x0000000100000000, 0x0000000100000000)
  eden space 589824K, 0% used [0x00000000d0000000,0x00000000d0000000,0x00000000f4000000)
  from space 98304K, 6% used [0x00000000fa000000,0x00000000fa5e2a40,0x0000000100000000)
  to   space 98304K, 0% used [0x00000000f4000000,0x00000000f4000000,0x00000000fa000000)
 ParOldGen       total 1310720K, used 1217894K [0x0000000080000000, 0x00000000d0000000, 0x00000000d0000000)
  object space 1310720K, 92% used [0x0000000080000000,0x00000000ca5598f8,0x00000000d0000000)
 Metaspace       used 252268K, capacity 257242K, committed 257408K, reserved 749568K
  class space    used 24121K, capacity 25090K, committed 25216K, reserved 516096K
}
{Heap before GC invocations=955 (full 2):
 PSYoungGen      total 688128K, used 595850K [0x00000000d0000000, 0x0000000100000000, 0x0000000100000000)
  eden space 589824K, 100% used [0x00000000d0000000,0x00000000f4000000,0x00000000f4000000)
  from space 98304K, 6% used [0x00000000fa000000,0x00000000fa5e2a40,0x0000000100000000)
  to   space 98304K, 0% used [0x00000000f4000000,0x00000000f4000000,0x00000000fa000000)
 ParOldGen       total 1310720K, used 1217894K [0x0000000080000000, 0x00000000d0000000, 0x00000000d0000000)
  object space 1310720K, 92% used [0x0000000080000000,0x00000000ca5598f8,0x00000000d0000000)
 Metaspace       used 252268K, capacity 257242K, committed 257408K, reserved 749568K
  class space    used 24121K, capacity 25090K, committed 25216K, reserved 516096K
2025-05-15T09:00:49.575+0900: 53260.862: [GC (Allocation Failure) [PSYoungGen: 595850K->6112K(688128K)] 1813744K->1224030K(1998848K), 0.0124611 secs] [Times: user=0.03 sys=0.00, real=0.01 secs] 
Heap after GC invocations=955 (full 2):
 PSYoungGen      total 688128K, used 6112K [0x00000000d0000000, 0x0000000100000000, 0x0000000100000000)
  eden space 589824K, 0% used [0x00000000d0000000,0x00000000d0000000,0x00000000f4000000)
  from space 98304K, 6% used [0x00000000f4000000,0x00000000f45f8040,0x00000000fa000000)
  to   space 98304K, 0% used [0x00000000fa000000,0x00000000fa000000,0x0000000100000000)
 ParOldGen       total 1310720K, used 1217918K [0x0000000080000000, 0x00000000d0000000, 0x00000000d0000000)
  object space 1310720K, 92% used [0x0000000080000000,0x00000000ca55f8f8,0x00000000d0000000)
 Metaspace       used 252268K, capacity 257242K, committed 257408K, reserved 749568K
  class space    used 24121K, capacity 25090K, committed 25216K, reserved 516096K
}
{Heap before GC invocations=956 (full 2):
 PSYoungGen      total 688128K, used 595936K [0x00000000d0000000, 0x0000000100000000, 0x0000000100000000)
  eden space 589824K, 100% used [0x00000000d0000000,0x00000000f4000000,0x00000000f4000000)
  from space 98304K, 6% used [0x00000000f4000000,0x00000000f45f8040,0x00000000fa000000)
  to   space 98304K, 0% used [0x00000000fa000000,0x00000000fa000000,0x0000000100000000)
 ParOldGen       total 1310720K, used 1217918K [0x0000000080000000, 0x00000000d0000000, 0x00000000d0000000)
  object space 1310720K, 92% used [0x0000000080000000,0x00000000ca55f8f8,0x00000000d0000000)
 Metaspace       used 252271K, capacity 257242K, committed 257408K, reserved 749568K
  class space    used 24121K, capacity 25090K, committed 25216K, reserved 516096K
2025-05-15T09:01:49.749+0900: 53321.036: [GC (Allocation Failure) [PSYoungGen: 595936K->6135K(688128K)] 1813854K->1224061K(1998848K), 0.0122195 secs] [Times: user=0.04 sys=0.00, real=0.01 secs] 
Heap after GC invocations=956 (full 2):
 PSYoungGen      total 688128K, used 6135K [0x00000000d0000000, 0x0000000100000000, 0x0000000100000000)
  eden space 589824K, 0% used [0x00000000d0000000,0x00000000d0000000,0x00000000f4000000)
  from space 98304K, 6% used [0x00000000fa000000,0x00000000fa5fdec8,0x0000000100000000)
  to   space 98304K, 0% used [0x00000000f4000000,0x00000000f4000000,0x00000000fa000000)
 ParOldGen       total 1310720K, used 1217926K [0x0000000080000000, 0x00000000d0000000, 0x00000000d0000000)
  object space 1310720K, 92% used [0x0000000080000000,0x00000000ca5618f8,0x00000000d0000000)
 Metaspace       used 252271K, capacity 257242K, committed 257408K, reserved 749568K
  class space    used 24121K, capacity 25090K, committed 25216K, reserved 516096K
}
{Heap before GC invocations=957 (full 2):
 PSYoungGen      total 688128K, used 595959K [0x00000000d0000000, 0x0000000100000000, 0x0000000100000000)
  eden space 589824K, 100% used [0x00000000d0000000,0x00000000f4000000,0x00000000f4000000)
  from space 98304K, 6% used [0x00000000fa000000,0x00000000fa5fdec8,0x0000000100000000)
  to   space 98304K, 0% used [0x00000000f4000000,0x00000000f4000000,0x00000000fa000000)
 ParOldGen       total 1310720K, used 1217926K [0x0000000080000000, 0x00000000d0000000, 0x00000000d0000000)
  object space 1310720K, 92% used [0x0000000080000000,0x00000000ca5618f8,0x00000000d0000000)
 Metaspace       used 252271K, capacity 257242K, committed 257408K, reserved 749568K
  class space    used 24121K, capacity 25090K, committed 25216K, reserved 516096K
2025-05-15T09:02:46.833+0900: 53378.120: [GC (Allocation Failure) [PSYoungGen: 595959K->6058K(688128K)] 1813885K->1223992K(1998848K), 0.0128282 secs] [Times: user=0.03 sys=0.00, real=0.01 secs] 
Heap after GC invocations=957 (full 2):
 PSYoungGen      total 688128K, used 6058K [0x00000000d0000000, 0x0000000100000000, 0x0000000100000000)
  eden space 589824K, 0% used [0x00000000d0000000,0x00000000d0000000,0x00000000f4000000)
  from space 98304K, 6% used [0x00000000f4000000,0x00000000f45eaab8,0x00000000fa000000)
  to   space 98304K, 0% used [0x00000000fa000000,0x00000000fa000000,0x0000000100000000)
 ParOldGen       total 1310720K, used 1217934K [0x0000000080000000, 0x00000000d0000000, 0x00000000d0000000)
  object space 1310720K, 92% used [0x0000000080000000,0x00000000ca5638f8,0x00000000d0000000)
 Metaspace       used 252271K, capacity 257242K, committed 257408K, reserved 749568K
  class space    used 24121K, capacity 25090K, committed 25216K, reserved 516096K
}
{Heap before GC invocations=958 (full 2):
 PSYoungGen      total 688128K, used 595882K [0x00000000d0000000, 0x0000000100000000, 0x0000000100000000)
  eden space 589824K, 100% used [0x00000000d0000000,0x00000000f4000000,0x00000000f4000000)
  from space 98304K, 6% used [0x00000000f4000000,0x00000000f45eaab8,0x00000000fa000000)
  to   space 98304K, 0% used [0x00000000fa000000,0x00000000fa000000,0x0000000100000000)
 ParOldGen       total 1310720K, used 1217934K [0x0000000080000000, 0x00000000d0000000, 0x00000000d0000000)
  object space 1310720K, 92% used [0x0000000080000000,0x00000000ca5638f8,0x00000000d0000000)
 Metaspace       used 252298K, capacity 257278K, committed 257664K, reserved 749568K
  class space    used 24124K, capacity 25096K, committed 25216K, reserved 516096K
2025-05-15T09:03:42.176+0900: 53433.463: [GC (Allocation Failure) [PSYoungGen: 595882K->7988K(688128K)] 1813816K->1225954K(1998848K), 0.0142713 secs] [Times: user=0.03 sys=0.00, real=0.02 secs] 
Heap after GC invocations=958 (full 2):
 PSYoungGen      total 688128K, used 7988K [0x00000000d0000000, 0x0000000100000000, 0x0000000100000000)
  eden space 589824K, 0% used [0x00000000d0000000,0x00000000d0000000,0x00000000f4000000)
  from space 98304K, 8% used [0x00000000fa000000,0x00000000fa7cd1e0,0x0000000100000000)
  to   space 98304K, 0% used [0x00000000f4000000,0x00000000f4000000,0x00000000fa000000)
 ParOldGen       total 1310720K, used 1217966K [0x0000000080000000, 0x00000000d0000000, 0x00000000d0000000)
  object space 1310720K, 92% used [0x0000000080000000,0x00000000ca56b8f8,0x00000000d0000000)
 Metaspace       used 252298K, capacity 257278K, committed 257664K, reserved 749568K
  class space    used 24124K, capacity 25096K, committed 25216K, reserved 516096K
}
{Heap before GC invocations=959 (full 2):
 PSYoungGen      total 688128K, used 597812K [0x00000000d0000000, 0x0000000100000000, 0x0000000100000000)
  eden space 589824K, 100% used [0x00000000d0000000,0x00000000f4000000,0x00000000f4000000)
  from space 98304K, 8% used [0x00000000fa000000,0x00000000fa7cd1e0,0x0000000100000000)
  to   space 98304K, 0% used [0x00000000f4000000,0x00000000f4000000,0x00000000fa000000)
 ParOldGen       total 1310720K, used 1217966K [0x0000000080000000, 0x00000000d0000000, 0x00000000d0000000)
  object space 1310720K, 92% used [0x0000000080000000,0x00000000ca56b8f8,0x00000000d0000000)
 Metaspace       used 252306K, capacity 257278K, committed 257664K, reserved 749568K
  class space    used 24124K, capacity 25096K, committed 25216K, reserved 516096K
2025-05-15T09:04:37.279+0900: 53488.567: [GC (Allocation Failure) [PSYoungGen: 597812K->7966K(688128K)] 1815778K->1225964K(1998848K), 0.0127441 secs] [Times: user=0.03 sys=0.00, real=0.01 secs] 
Heap after GC invocations=959 (full 2):
 PSYoungGen      total 688128K, used 7966K [0x00000000d0000000, 0x0000000100000000, 0x0000000100000000)
  eden space 589824K, 0% used [0x00000000d0000000,0x00000000d0000000,0x00000000f4000000)
  from space 98304K, 8% used [0x00000000f4000000,0x00000000f47c78d8,0x00000000fa000000)
  to   space 98304K, 0% used [0x00000000fa000000,0x00000000fa000000,0x0000000100000000)
 ParOldGen       total 1310720K, used 1217998K [0x0000000080000000, 0x00000000d0000000, 0x00000000d0000000)
  object space 1310720K, 92% used [0x0000000080000000,0x00000000ca5738f8,0x00000000d0000000)
 Metaspace       used 252306K, capacity 257278K, committed 257664K, reserved 749568K
  class space    used 24124K, capacity 25096K, committed 25216K, reserved 516096K
}
{Heap before GC invocations=960 (full 2):
 PSYoungGen      total 688128K, used 597790K [0x00000000d0000000, 0x0000000100000000, 0x0000000100000000)
  eden space 589824K, 100% used [0x00000000d0000000,0x00000000f4000000,0x00000000f4000000)
  from space 98304K, 8% used [0x00000000f4000000,0x00000000f47c78d8,0x00000000fa000000)
  to   space 98304K, 0% used [0x00000000fa000000,0x00000000fa000000,0x0000000100000000)
 ParOldGen       total 1310720K, used 1217998K [0x0000000080000000, 0x00000000d0000000, 0x00000000d0000000)
  object space 1310720K, 92% used [0x0000000080000000,0x00000000ca5738f8,0x00000000d0000000)
 Metaspace       used 252306K, capacity 257278K, committed 257664K, reserved 749568K
  class space    used 24124K, capacity 25096K, committed 25216K, reserved 516096K
2025-05-15T09:05:35.184+0900: 53546.471: [GC (Allocation Failure) [PSYoungGen: 597790K->8402K(688128K)] 1815788K->1226436K(1998848K), 0.0126349 secs] [Times: user=0.03 sys=0.00, real=0.01 secs] 
Heap after GC invocations=960 (full 2):
 PSYoungGen      total 688128K, used 8402K [0x00000000d0000000, 0x0000000100000000, 0x0000000100000000)
  eden space 589824K, 0% used [0x00000000d0000000,0x00000000d0000000,0x00000000f4000000)
  from space 98304K, 8% used [0x00000000fa000000,0x00000000fa834a38,0x0000000100000000)
  to   space 98304K, 0% used [0x00000000f4000000,0x00000000f4000000,0x00000000fa000000)
 ParOldGen       total 1310720K, used 1218034K [0x0000000080000000, 0x00000000d0000000, 0x00000000d0000000)
  object space 1310720K, 92% used [0x0000000080000000,0x00000000ca57c908,0x00000000d0000000)
 Metaspace       used 252306K, capacity 257278K, committed 257664K, reserved 749568K
  class space    used 24124K, capacity 25096K, committed 25216K, reserved 516096K
}
{Heap before GC invocations=961 (full 2):
 PSYoungGen      total 688128K, used 598226K [0x00000000d0000000, 0x0000000100000000, 0x0000000100000000)
  eden space 589824K, 100% used [0x00000000d0000000,0x00000000f4000000,0x00000000f4000000)
  from space 98304K, 8% used [0x00000000fa000000,0x00000000fa834a38,0x0000000100000000)
  to   space 98304K, 0% used [0x00000000f4000000,0x00000000f4000000,0x00000000fa000000)
 ParOldGen       total 1310720K, used 1218034K [0x0000000080000000, 0x00000000d0000000, 0x00000000d0000000)
  object space 1310720K, 92% used [0x0000000080000000,0x00000000ca57c908,0x00000000d0000000)
 Metaspace       used 252311K, capacity 257278K, committed 257664K, reserved 749568K
  class space    used 24124K, capacity 25096K, committed 25216K, reserved 516096K
2025-05-15T09:06:33.232+0900: 53604.519: [GC (Allocation Failure) [PSYoungGen: 598226K->9081K(688128K)] 1816260K->1227139K(1998848K), 0.0130444 secs] [Times: user=0.03 sys=0.00, real=0.01 secs] 
Heap after GC invocations=961 (full 2):
 PSYoungGen      total 688128K, used 9081K [0x00000000d0000000, 0x0000000100000000, 0x0000000100000000)
  eden space 589824K, 0% used [0x00000000d0000000,0x00000000d0000000,0x00000000f4000000)
  from space 98304K, 9% used [0x00000000f4000000,0x00000000f48de5c0,0x00000000fa000000)
  to   space 98304K, 0% used [0x00000000fa000000,0x00000000fa000000,0x0000000100000000)
 ParOldGen       total 1310720K, used 1218058K [0x0000000080000000, 0x00000000d0000000, 0x00000000d0000000)
  object space 1310720K, 92% used [0x0000000080000000,0x00000000ca582908,0x00000000d0000000)
 Metaspace       used 252311K, capacity 257278K, committed 257664K, reserved 749568K
  class space    used 24124K, capacity 25096K, committed 25216K, reserved 516096K
}
{Heap before GC invocations=962 (full 2):
 PSYoungGen      total 688128K, used 598905K [0x00000000d0000000, 0x0000000100000000, 0x0000000100000000)
  eden space 589824K, 100% used [0x00000000d0000000,0x00000000f4000000,0x00000000f4000000)
  from space 98304K, 9% used [0x00000000f4000000,0x00000000f48de5c0,0x00000000fa000000)
  to   space 98304K, 0% used [0x00000000fa000000,0x00000000fa000000,0x0000000100000000)
 ParOldGen       total 1310720K, used 1218058K [0x0000000080000000, 0x00000000d0000000, 0x00000000d0000000)
  object space 1310720K, 92% used [0x0000000080000000,0x00000000ca582908,0x00000000d0000000)
 Metaspace       used 252311K, capacity 257278K, committed 257664K, reserved 749568K
  class space    used 24124K, capacity 25096K, committed 25216K, reserved 516096K
2025-05-15T09:07:34.427+0900: 53665.714: [GC (Allocation Failure) [PSYoungGen: 598905K->8864K(688128K)] 1816963K->1227030K(1998848K), 0.0133004 secs] [Times: user=0.03 sys=0.00, real=0.02 secs] 
Heap after GC invocations=962 (full 2):
 PSYoungGen      total 688128K, used 8864K [0x00000000d0000000, 0x0000000100000000, 0x0000000100000000)
  eden space 589824K, 0% used [0x00000000d0000000,0x00000000d0000000,0x00000000f4000000)
  from space 98304K, 9% used [0x00000000fa000000,0x00000000fa8a8390,0x0000000100000000)
  to   space 98304K, 0% used [0x00000000f4000000,0x00000000f4000000,0x00000000fa000000)
 ParOldGen       total 1310720K, used 1218166K [0x0000000080000000, 0x00000000d0000000, 0x00000000d0000000)
  object space 1310720K, 92% used [0x0000000080000000,0x00000000ca59d868,0x00000000d0000000)
 Metaspace       used 252311K, capacity 257278K, committed 257664K, reserved 749568K
  class space    used 24124K, capacity 25096K, committed 25216K, reserved 516096K
}
{Heap before GC invocations=963 (full 2):
 PSYoungGen      total 688128K, used 598688K [0x00000000d0000000, 0x0000000100000000, 0x0000000100000000)
  eden space 589824K, 100% used [0x00000000d0000000,0x00000000f4000000,0x00000000f4000000)
  from space 98304K, 9% used [0x00000000fa000000,0x00000000fa8a8390,0x0000000100000000)
  to   space 98304K, 0% used [0x00000000f4000000,0x00000000f4000000,0x00000000fa000000)
 ParOldGen       total 1310720K, used 1218166K [0x0000000080000000, 0x00000000d0000000, 0x00000000d0000000)
  object space 1310720K, 92% used [0x0000000080000000,0x00000000ca59d868,0x00000000d0000000)
 Metaspace       used 252311K, capacity 257278K, committed 257664K, reserved 749568K
  class space    used 24124K, capacity 25096K, committed 25216K, reserved 516096K
2025-05-15T09:08:31.527+0900: 53722.814: [GC (Allocation Failure) [PSYoungGen: 598688K->7012K(688128K)] 1816854K->1226916K(1998848K), 0.0129899 secs] [Times: user=0.04 sys=0.00, real=0.02 secs] 
Heap after GC invocations=963 (full 2):
 PSYoungGen      total 688128K, used 7012K [0x00000000d0000000, 0x0000000100000000, 0x0000000100000000)
  eden space 589824K, 0% used [0x00000000d0000000,0x00000000d0000000,0x00000000f4000000)
  from space 98304K, 7% used [0x00000000f4000000,0x00000000f46d9060,0x00000000fa000000)
  to   space 98304K, 0% used [0x00000000fa000000,0x00000000fa000000,0x0000000100000000)
 ParOldGen       total 1310720K, used 1219904K [0x0000000080000000, 0x00000000d0000000, 0x00000000d0000000)
  object space 1310720K, 93% used [0x0000000080000000,0x00000000ca7500b8,0x00000000d0000000)
 Metaspace       used 252311K, capacity 257278K, committed 257664K, reserved 749568K
  class space    used 24124K, capacity 25096K, committed 25216K, reserved 516096K
}
{Heap before GC invocations=964 (full 2):
 PSYoungGen      total 688128K, used 596836K [0x00000000d0000000, 0x0000000100000000, 0x0000000100000000)
  eden space 589824K, 100% used [0x00000000d0000000,0x00000000f4000000,0x00000000f4000000)
  from space 98304K, 7% used [0x00000000f4000000,0x00000000f46d9060,0x00000000fa000000)
  to   space 98304K, 0% used [0x00000000fa000000,0x00000000fa000000,0x0000000100000000)
 ParOldGen       total 1310720K, used 1219904K [0x0000000080000000, 0x00000000d0000000, 0x00000000d0000000)
  object space 1310720K, 93% used [0x0000000080000000,0x00000000ca7500b8,0x00000000d0000000)
 Metaspace       used 252311K, capacity 257278K, committed 257664K, reserved 749568K
  class space    used 24124K, capacity 25096K, committed 25216K, reserved 516096K
2025-05-15T09:09:28.733+0900: 53780.020: [GC (Allocation Failure) [PSYoungGen: 596836K->6956K(688128K)] 1816740K->1227017K(1998848K), 0.0133285 secs] [Times: user=0.03 sys=0.00, real=0.01 secs] 
Heap after GC invocations=964 (full 2):
 PSYoungGen      total 688128K, used 6956K [0x00000000d0000000, 0x0000000100000000, 0x0000000100000000)
  eden space 589824K, 0% used [0x00000000d0000000,0x00000000d0000000,0x00000000f4000000)
  from space 98304K, 7% used [0x00000000fa000000,0x00000000fa6cb348,0x0000000100000000)
  to   space 98304K, 0% used [0x00000000f4000000,0x00000000f4000000,0x00000000fa000000)
 ParOldGen       total 1310720K, used 1220060K [0x0000000080000000, 0x00000000d0000000, 0x00000000d0000000)
  object space 1310720K, 93% used [0x0000000080000000,0x00000000ca777108,0x00000000d0000000)
 Metaspace       used 252311K, capacity 257278K, committed 257664K, reserved 749568K
  class space    used 24124K, capacity 25096K, committed 25216K, reserved 516096K
}
{Heap before GC invocations=965 (full 2):
 PSYoungGen      total 688128K, used 596780K [0x00000000d0000000, 0x0000000100000000, 0x0000000100000000)
  eden space 589824K, 100% used [0x00000000d0000000,0x00000000f4000000,0x00000000f4000000)
  from space 98304K, 7% used [0x00000000fa000000,0x00000000fa6cb348,0x0000000100000000)
  to   space 98304K, 0% used [0x00000000f4000000,0x00000000f4000000,0x00000000fa000000)
 ParOldGen       total 1310720K, used 1220060K [0x0000000080000000, 0x00000000d0000000, 0x00000000d0000000)
  object space 1310720K, 93% used [0x0000000080000000,0x00000000ca777108,0x00000000d0000000)
 Metaspace       used 252311K, capacity 257278K, committed 257664K, reserved 749568K
  class space    used 24124K, capacity 25096K, committed 25216K, reserved 516096K
2025-05-15T09:10:27.883+0900: 53839.170: [GC (Allocation Failure) [PSYoungGen: 596780K->6297K(688128K)] 1816841K->1226587K(1998848K), 0.0127511 secs] [Times: user=0.03 sys=0.00, real=0.01 secs] 
Heap after GC invocations=965 (full 2):
 PSYoungGen      total 688128K, used 6297K [0x00000000d0000000, 0x0000000100000000, 0x0000000100000000)
  eden space 589824K, 0% used [0x00000000d0000000,0x00000000d0000000,0x00000000f4000000)
  from space 98304K, 6% used [0x00000000f4000000,0x00000000f4626490,0x00000000fa000000)
  to   space 98304K, 0% used [0x00000000fa000000,0x00000000fa000000,0x0000000100000000)
 ParOldGen       total 1310720K, used 1220290K [0x0000000080000000, 0x00000000d0000000, 0x00000000d0000000)
  object space 1310720K, 93% used [0x0000000080000000,0x00000000ca7b0908,0x00000000d0000000)
 Metaspace       used 252311K, capacity 257278K, committed 257664K, reserved 749568K
  class space    used 24124K, capacity 25096K, committed 25216K, reserved 516096K
}
{Heap before GC invocations=966 (full 2):
 PSYoungGen      total 688128K, used 596121K [0x00000000d0000000, 0x0000000100000000, 0x0000000100000000)
  eden space 589824K, 100% used [0x00000000d0000000,0x00000000f4000000,0x00000000f4000000)
  from space 98304K, 6% used [0x00000000f4000000,0x00000000f4626490,0x00000000fa000000)
  to   space 98304K, 0% used [0x00000000fa000000,0x00000000fa000000,0x0000000100000000)
 ParOldGen       total 1310720K, used 1220290K [0x0000000080000000, 0x00000000d0000000, 0x00000000d0000000)
  object space 1310720K, 93% used [0x0000000080000000,0x00000000ca7b0908,0x00000000d0000000)
 Metaspace       used 252315K, capacity 257278K, committed 257664K, reserved 749568K
  class space    used 24124K, capacity 25096K, committed 25216K, reserved 516096K
2025-05-15T09:11:28.972+0900: 53900.259: [GC (Allocation Failure) [PSYoungGen: 596121K->6381K(688128K)] 1816411K->1226703K(1998848K), 0.0135872 secs] [Times: user=0.03 sys=0.00, real=0.01 secs] 
Heap after GC invocations=966 (full 2):
 PSYoungGen      total 688128K, used 6381K [0x00000000d0000000, 0x0000000100000000, 0x0000000100000000)
  eden space 589824K, 0% used [0x00000000d0000000,0x00000000d0000000,0x00000000f4000000)
  from space 98304K, 6% used [0x00000000fa000000,0x00000000fa63b588,0x0000000100000000)
  to   space 98304K, 0% used [0x00000000f4000000,0x00000000f4000000,0x00000000fa000000)
 ParOldGen       total 1310720K, used 1220322K [0x0000000080000000, 0x00000000d0000000, 0x00000000d0000000)
  object space 1310720K, 93% used [0x0000000080000000,0x00000000ca7b8908,0x00000000d0000000)
 Metaspace       used 252315K, capacity 257278K, committed 257664K, reserved 749568K
  class space    used 24124K, capacity 25096K, committed 25216K, reserved 516096K
}
{Heap before GC invocations=967 (full 2):
 PSYoungGen      total 688128K, used 596205K [0x00000000d0000000, 0x0000000100000000, 0x0000000100000000)
  eden space 589824K, 100% used [0x00000000d0000000,0x00000000f4000000,0x00000000f4000000)
  from space 98304K, 6% used [0x00000000fa000000,0x00000000fa63b588,0x0000000100000000)
  to   space 98304K, 0% used [0x00000000f4000000,0x00000000f4000000,0x00000000fa000000)
 ParOldGen       total 1310720K, used 1220322K [0x0000000080000000, 0x00000000d0000000, 0x00000000d0000000)
  object space 1310720K, 93% used [0x0000000080000000,0x00000000ca7b8908,0x00000000d0000000)
 Metaspace       used 252339K, capacity 257342K, committed 257664K, reserved 749568K
  class space    used 24126K, capacity 25096K, committed 25216K, reserved 516096K
2025-05-15T09:12:22.981+0900: 53954.268: [GC (Allocation Failure) [PSYoungGen: 596205K->7139K(688128K)] 1816527K->1227573K(1998848K), 0.0129203 secs] [Times: user=0.03 sys=0.00, real=0.01 secs] 
Heap after GC invocations=967 (full 2):
 PSYoungGen      total 688128K, used 7139K [0x00000000d0000000, 0x0000000100000000, 0x0000000100000000)
  eden space 589824K, 0% used [0x00000000d0000000,0x00000000d0000000,0x00000000f4000000)
  from space 98304K, 7% used [0x00000000f4000000,0x00000000f46f8c60,0x00000000fa000000)
  to   space 98304K, 0% used [0x00000000fa000000,0x00000000fa000000,0x0000000100000000)
 ParOldGen       total 1310720K, used 1220434K [0x0000000080000000, 0x00000000d0000000, 0x00000000d0000000)
  object space 1310720K, 93% used [0x0000000080000000,0x00000000ca7d4a08,0x00000000d0000000)
 Metaspace       used 252339K, capacity 257342K, committed 257664K, reserved 749568K
  class space    used 24126K, capacity 25096K, committed 25216K, reserved 516096K
}
{Heap before GC invocations=968 (full 2):
 PSYoungGen      total 688128K, used 596963K [0x00000000d0000000, 0x0000000100000000, 0x0000000100000000)
  eden space 589824K, 100% used [0x00000000d0000000,0x00000000f4000000,0x00000000f4000000)
  from space 98304K, 7% used [0x00000000f4000000,0x00000000f46f8c60,0x00000000fa000000)
  to   space 98304K, 0% used [0x00000000fa000000,0x00000000fa000000,0x0000000100000000)
 ParOldGen       total 1310720K, used 1220434K [0x0000000080000000, 0x00000000d0000000, 0x00000000d0000000)
  object space 1310720K, 93% used [0x0000000080000000,0x00000000ca7d4a08,0x00000000d0000000)
 Metaspace       used 252368K, capacity 257348K, committed 257664K, reserved 749568K
  class space    used 24126K, capacity 25097K, committed 25216K, reserved 516096K
2025-05-15T09:13:19.102+0900: 54010.389: [GC (Allocation Failure) [PSYoungGen: 596963K->6522K(688128K)] 1817397K->1227344K(1998848K), 0.0140641 secs] [Times: user=0.03 sys=0.00, real=0.01 secs] 
Heap after GC invocations=968 (full 2):
 PSYoungGen      total 688128K, used 6522K [0x00000000d0000000, 0x0000000100000000, 0x0000000100000000)
  eden space 589824K, 0% used [0x00000000d0000000,0x00000000d0000000,0x00000000f4000000)
  from space 98304K, 6% used [0x00000000fa000000,0x00000000fa65e8f0,0x0000000100000000)
  to   space 98304K, 0% used [0x00000000f4000000,0x00000000f4000000,0x00000000fa000000)
 ParOldGen       total 1310720K, used 1220822K [0x0000000080000000, 0x00000000d0000000, 0x00000000d0000000)
  object space 1310720K, 93% used [0x0000000080000000,0x00000000ca8359d8,0x00000000d0000000)
 Metaspace       used 252368K, capacity 257348K, committed 257664K, reserved 749568K
  class space    used 24126K, capacity 25097K, committed 25216K, reserved 516096K
}
{Heap before GC invocations=969 (full 2):
 PSYoungGen      total 688128K, used 596346K [0x00000000d0000000, 0x0000000100000000, 0x0000000100000000)
  eden space 589824K, 100% used [0x00000000d0000000,0x00000000f4000000,0x00000000f4000000)
  from space 98304K, 6% used [0x00000000fa000000,0x00000000fa65e8f0,0x0000000100000000)
  to   space 98304K, 0% used [0x00000000f4000000,0x00000000f4000000,0x00000000fa000000)
 ParOldGen       total 1310720K, used 1220822K [0x0000000080000000, 0x00000000d0000000, 0x00000000d0000000)
  object space 1310720K, 93% used [0x0000000080000000,0x00000000ca8359d8,0x00000000d0000000)
 Metaspace       used 252368K, capacity 257348K, committed 257664K, reserved 749568K
  class space    used 24126K, capacity 25097K, committed 25216K, reserved 516096K
2025-05-15T09:14:16.249+0900: 54067.536: [GC (Allocation Failure) [PSYoungGen: 596346K->6342K(688128K)] 1817168K->1227252K(1998848K), 0.0144208 secs] [Times: user=0.03 sys=0.00, real=0.01 secs] 
Heap after GC invocations=969 (full 2):
 PSYoungGen      total 688128K, used 6342K [0x00000000d0000000, 0x0000000100000000, 0x0000000100000000)
  eden space 589824K, 0% used [0x00000000d0000000,0x00000000d0000000,0x00000000f4000000)
  from space 98304K, 6% used [0x00000000f4000000,0x00000000f46318d8,0x00000000fa000000)
  to   space 98304K, 0% used [0x00000000fa000000,0x00000000fa000000,0x0000000100000000)
 ParOldGen       total 1310720K, used 1220910K [0x0000000080000000, 0x00000000d0000000, 0x00000000d0000000)
  object space 1310720K, 93% used [0x0000000080000000,0x00000000ca84b9f8,0x00000000d0000000)
 Metaspace       used 252368K, capacity 257348K, committed 257664K, reserved 749568K
  class space    used 24126K, capacity 25097K, committed 25216K, reserved 516096K
}
{Heap before GC invocations=970 (full 2):
 PSYoungGen      total 688128K, used 596166K [0x00000000d0000000, 0x0000000100000000, 0x0000000100000000)
  eden space 589824K, 100% used [0x00000000d0000000,0x00000000f4000000,0x00000000f4000000)
  from space 98304K, 6% used [0x00000000f4000000,0x00000000f46318d8,0x00000000fa000000)
  to   space 98304K, 0% used [0x00000000fa000000,0x00000000fa000000,0x0000000100000000)
 ParOldGen       total 1310720K, used 1220910K [0x0000000080000000, 0x00000000d0000000, 0x00000000d0000000)
  object space 1310720K, 93% used [0x0000000080000000,0x00000000ca84b9f8,0x00000000d0000000)
 Metaspace       used 252417K, capacity 257442K, committed 257664K, reserved 749568K
  class space    used 24131K, capacity 25104K, committed 25216K, reserved 516096K
2025-05-15T09:15:07.157+0900: 54118.444: [GC (Allocation Failure) [PSYoungGen: 596166K->6675K(688128K)] 1817076K->1227618K(1998848K), 0.0141119 secs] [Times: user=0.03 sys=0.00, real=0.02 secs] 
Heap after GC invocations=970 (full 2):
 PSYoungGen      total 688128K, used 6675K [0x00000000d0000000, 0x0000000100000000, 0x0000000100000000)
  eden space 589824K, 0% used [0x00000000d0000000,0x00000000d0000000,0x00000000f4000000)
  from space 98304K, 6% used [0x00000000fa000000,0x00000000fa684f70,0x0000000100000000)
  to   space 98304K, 0% used [0x00000000f4000000,0x00000000f4000000,0x00000000fa000000)
 ParOldGen       total 1310720K, used 1220942K [0x0000000080000000, 0x00000000d0000000, 0x00000000d0000000)
  object space 1310720K, 93% used [0x0000000080000000,0x00000000ca8539f8,0x00000000d0000000)
 Metaspace       used 252417K, capacity 257442K, committed 257664K, reserved 749568K
  class space    used 24131K, capacity 25104K, committed 25216K, reserved 516096K
}
{Heap before GC invocations=971 (full 2):
 PSYoungGen      total 688128K, used 596499K [0x00000000d0000000, 0x0000000100000000, 0x0000000100000000)
  eden space 589824K, 100% used [0x00000000d0000000,0x00000000f4000000,0x00000000f4000000)
  from space 98304K, 6% used [0x00000000fa000000,0x00000000fa684f70,0x0000000100000000)
  to   space 98304K, 0% used [0x00000000f4000000,0x00000000f4000000,0x00000000fa000000)
 ParOldGen       total 1310720K, used 1220942K [0x0000000080000000, 0x00000000d0000000, 0x00000000d0000000)
  object space 1310720K, 93% used [0x0000000080000000,0x00000000ca8539f8,0x00000000d0000000)
 Metaspace       used 252442K, capacity 257442K, committed 257664K, reserved 749568K
  class space    used 24132K, capacity 25104K, committed 25216K, reserved 516096K
2025-05-15T09:16:03.248+0900: 54174.535: [GC (Allocation Failure) [PSYoungGen: 596499K->6780K(688128K)] 1817442K->1227762K(1998848K), 0.0131660 secs] [Times: user=0.04 sys=0.00, real=0.02 secs] 
Heap after GC invocations=971 (full 2):
 PSYoungGen      total 688128K, used 6780K [0x00000000d0000000, 0x0000000100000000, 0x0000000100000000)
  eden space 589824K, 0% used [0x00000000d0000000,0x00000000d0000000,0x00000000f4000000)
  from space 98304K, 6% used [0x00000000f4000000,0x00000000f469f1f8,0x00000000fa000000)
  to   space 98304K, 0% used [0x00000000fa000000,0x00000000fa000000,0x0000000100000000)
 ParOldGen       total 1310720K, used 1220982K [0x0000000080000000, 0x00000000d0000000, 0x00000000d0000000)
  object space 1310720K, 93% used [0x0000000080000000,0x00000000ca85d948,0x00000000d0000000)
 Metaspace       used 252442K, capacity 257442K, committed 257664K, reserved 749568K
  class space    used 24132K, capacity 25104K, committed 25216K, reserved 516096K
}
{Heap before GC invocations=972 (full 2):
 PSYoungGen      total 688128K, used 596604K [0x00000000d0000000, 0x0000000100000000, 0x0000000100000000)
  eden space 589824K, 100% used [0x00000000d0000000,0x00000000f4000000,0x00000000f4000000)
  from space 98304K, 6% used [0x00000000f4000000,0x00000000f469f1f8,0x00000000fa000000)
  to   space 98304K, 0% used [0x00000000fa000000,0x00000000fa000000,0x0000000100000000)
 ParOldGen       total 1310720K, used 1220982K [0x0000000080000000, 0x00000000d0000000, 0x00000000d0000000)
  object space 1310720K, 93% used [0x0000000080000000,0x00000000ca85d948,0x00000000d0000000)
 Metaspace       used 252447K, capacity 257442K, committed 257664K, reserved 749568K
  class space    used 24132K, capacity 25104K, committed 25216K, reserved 516096K
2025-05-15T09:17:04.436+0900: 54235.723: [GC (Allocation Failure) [PSYoungGen: 596604K->6734K(688128K)] 1817586K->1227753K(1998848K), 0.0133758 secs] [Times: user=0.03 sys=0.00, real=0.02 secs] 
Heap after GC invocations=972 (full 2):
 PSYoungGen      total 688128K, used 6734K [0x00000000d0000000, 0x0000000100000000, 0x0000000100000000)
  eden space 589824K, 0% used [0x00000000d0000000,0x00000000d0000000,0x00000000f4000000)
  from space 98304K, 6% used [0x00000000fa000000,0x00000000fa693af0,0x0000000100000000)
  to   space 98304K, 0% used [0x00000000f4000000,0x00000000f4000000,0x00000000fa000000)
 ParOldGen       total 1310720K, used 1221018K [0x0000000080000000, 0x00000000d0000000, 0x00000000d0000000)
  object space 1310720K, 93% used [0x0000000080000000,0x00000000ca866958,0x00000000d0000000)
 Metaspace       used 252447K, capacity 257442K, committed 257664K, reserved 749568K
  class space    used 24132K, capacity 25104K, committed 25216K, reserved 516096K
}
{Heap before GC invocations=973 (full 2):
 PSYoungGen      total 688128K, used 596558K [0x00000000d0000000, 0x0000000100000000, 0x0000000100000000)
  eden space 589824K, 100% used [0x00000000d0000000,0x00000000f4000000,0x00000000f4000000)
  from space 98304K, 6% used [0x00000000fa000000,0x00000000fa693af0,0x0000000100000000)
  to   space 98304K, 0% used [0x00000000f4000000,0x00000000f4000000,0x00000000fa000000)
 ParOldGen       total 1310720K, used 1221018K [0x0000000080000000, 0x00000000d0000000, 0x00000000d0000000)
  object space 1310720K, 93% used [0x0000000080000000,0x00000000ca866958,0x00000000d0000000)
 Metaspace       used 252447K, capacity 257442K, committed 257664K, reserved 749568K
  class space    used 24132K, capacity 25104K, committed 25216K, reserved 516096K
2025-05-15T09:17:57.456+0900: 54288.743: [GC (Allocation Failure) [PSYoungGen: 596558K->4580K(688128K)] 1817577K->1227507K(1998848K), 0.0132612 secs] [Times: user=0.04 sys=0.00, real=0.02 secs] 
Heap after GC invocations=973 (full 2):
 PSYoungGen      total 688128K, used 4580K [0x00000000d0000000, 0x0000000100000000, 0x0000000100000000)
  eden space 589824K, 0% used [0x00000000d0000000,0x00000000d0000000,0x00000000f4000000)
  from space 98304K, 4% used [0x00000000f4000000,0x00000000f4479208,0x00000000fa000000)
  to   space 98304K, 0% used [0x00000000fa000000,0x00000000fa000000,0x0000000100000000)
 ParOldGen       total 1310720K, used 1222926K [0x0000000080000000, 0x00000000d0000000, 0x00000000d0000000)
  object space 1310720K, 93% used [0x0000000080000000,0x00000000caa43ae0,0x00000000d0000000)
 Metaspace       used 252447K, capacity 257442K, committed 257664K, reserved 749568K
  class space    used 24132K, capacity 25104K, committed 25216K, reserved 516096K
}
{Heap before GC invocations=974 (full 2):
 PSYoungGen      total 688128K, used 594404K [0x00000000d0000000, 0x0000000100000000, 0x0000000100000000)
  eden space 589824K, 100% used [0x00000000d0000000,0x00000000f4000000,0x00000000f4000000)
  from space 98304K, 4% used [0x00000000f4000000,0x00000000f4479208,0x00000000fa000000)
  to   space 98304K, 0% used [0x00000000fa000000,0x00000000fa000000,0x0000000100000000)
 ParOldGen       total 1310720K, used 1222926K [0x0000000080000000, 0x00000000d0000000, 0x00000000d0000000)
  object space 1310720K, 93% used [0x0000000080000000,0x00000000caa43ae0,0x00000000d0000000)
 Metaspace       used 252483K, capacity 257478K, committed 257664K, reserved 749568K
  class space    used 24136K, capacity 25110K, committed 25216K, reserved 516096K
2025-05-15T09:18:47.423+0900: 54338.710: [GC (Allocation Failure) [PSYoungGen: 594404K->5884K(688128K)] 1817331K->1228874K(1998848K), 0.0133577 secs] [Times: user=0.04 sys=0.00, real=0.01 secs] 
Heap after GC invocations=974 (full 2):
 PSYoungGen      total 688128K, used 5884K [0x00000000d0000000, 0x0000000100000000, 0x0000000100000000)
  eden space 589824K, 0% used [0x00000000d0000000,0x00000000d0000000,0x00000000f4000000)
  from space 98304K, 5% used [0x00000000fa000000,0x00000000fa5bf068,0x0000000100000000)
  to   space 98304K, 0% used [0x00000000f4000000,0x00000000f4000000,0x00000000fa000000)
 ParOldGen       total 1310720K, used 1222990K [0x0000000080000000, 0x00000000d0000000, 0x00000000d0000000)
  object space 1310720K, 93% used [0x0000000080000000,0x00000000caa53af0,0x00000000d0000000)
 Metaspace       used 252483K, capacity 257478K, committed 257664K, reserved 749568K
  class space    used 24136K, capacity 25110K, committed 25216K, reserved 516096K
}
{Heap before GC invocations=975 (full 2):
 PSYoungGen      total 688128K, used 595708K [0x00000000d0000000, 0x0000000100000000, 0x0000000100000000)
  eden space 589824K, 100% used [0x00000000d0000000,0x00000000f4000000,0x00000000f4000000)
  from space 98304K, 5% used [0x00000000fa000000,0x00000000fa5bf068,0x0000000100000000)
  to   space 98304K, 0% used [0x00000000f4000000,0x00000000f4000000,0x00000000fa000000)
 ParOldGen       total 1310720K, used 1222990K [0x0000000080000000, 0x00000000d0000000, 0x00000000d0000000)
  object space 1310720K, 93% used [0x0000000080000000,0x00000000caa53af0,0x00000000d0000000)
 Metaspace       used 252493K, capacity 257496K, committed 257664K, reserved 749568K
  class space    used 24137K, capacity 25113K, committed 25216K, reserved 516096K
2025-05-15T09:19:40.809+0900: 54392.096: [GC (Allocation Failure) [PSYoungGen: 595708K->5067K(688128K)] 1818698K->1228474K(1998848K), 0.0140334 secs] [Times: user=0.04 sys=0.00, real=0.01 secs] 
Heap after GC invocations=975 (full 2):
 PSYoungGen      total 688128K, used 5067K [0x00000000d0000000, 0x0000000100000000, 0x0000000100000000)
  eden space 589824K, 0% used [0x00000000d0000000,0x00000000d0000000,0x00000000f4000000)
  from space 98304K, 5% used [0x00000000f4000000,0x00000000f44f2f40,0x00000000fa000000)
  to   space 98304K, 0% used [0x00000000fa000000,0x00000000fa000000,0x0000000100000000)
 ParOldGen       total 1310720K, used 1223406K [0x0000000080000000, 0x00000000d0000000, 0x00000000d0000000)
  object space 1310720K, 93% used [0x0000000080000000,0x00000000caabbb10,0x00000000d0000000)
 Metaspace       used 252493K, capacity 257496K, committed 257664K, reserved 749568K
  class space    used 24137K, capacity 25113K, committed 25216K, reserved 516096K
}
{Heap before GC invocations=976 (full 2):
 PSYoungGen      total 688128K, used 594891K [0x00000000d0000000, 0x0000000100000000, 0x0000000100000000)
  eden space 589824K, 100% used [0x00000000d0000000,0x00000000f4000000,0x00000000f4000000)
  from space 98304K, 5% used [0x00000000f4000000,0x00000000f44f2f40,0x00000000fa000000)
  to   space 98304K, 0% used [0x00000000fa000000,0x00000000fa000000,0x0000000100000000)
 ParOldGen       total 1310720K, used 1223406K [0x0000000080000000, 0x00000000d0000000, 0x00000000d0000000)
  object space 1310720K, 93% used [0x0000000080000000,0x00000000caabbb10,0x00000000d0000000)
 Metaspace       used 252494K, capacity 257496K, committed 257664K, reserved 749568K
  class space    used 24137K, capacity 25113K, committed 25216K, reserved 516096K
2025-05-15T09:20:36.605+0900: 54447.892: [GC (Allocation Failure) [PSYoungGen: 594891K->5056K(688128K)] 1818298K->1228614K(1998848K), 0.0134933 secs] [Times: user=0.04 sys=0.00, real=0.01 secs] 
Heap after GC invocations=976 (full 2):
 PSYoungGen      total 688128K, used 5056K [0x00000000d0000000, 0x0000000100000000, 0x0000000100000000)
  eden space 589824K, 0% used [0x00000000d0000000,0x00000000d0000000,0x00000000f4000000)
  from space 98304K, 5% used [0x00000000fa000000,0x00000000fa4f0080,0x0000000100000000)
  to   space 98304K, 0% used [0x00000000f4000000,0x00000000f4000000,0x00000000fa000000)
 ParOldGen       total 1310720K, used 1223558K [0x0000000080000000, 0x00000000d0000000, 0x00000000d0000000)
  object space 1310720K, 93% used [0x0000000080000000,0x00000000caae1b50,0x00000000d0000000)
 Metaspace       used 252494K, capacity 257496K, committed 257664K, reserved 749568K
  class space    used 24137K, capacity 25113K, committed 25216K, reserved 516096K
}
{Heap before GC invocations=977 (full 2):
 PSYoungGen      total 688128K, used 594880K [0x00000000d0000000, 0x0000000100000000, 0x0000000100000000)
  eden space 589824K, 100% used [0x00000000d0000000,0x00000000f4000000,0x00000000f4000000)
  from space 98304K, 5% used [0x00000000fa000000,0x00000000fa4f0080,0x0000000100000000)
  to   space 98304K, 0% used [0x00000000f4000000,0x00000000f4000000,0x00000000fa000000)
 ParOldGen       total 1310720K, used 1223558K [0x0000000080000000, 0x00000000d0000000, 0x00000000d0000000)
  object space 1310720K, 93% used [0x0000000080000000,0x00000000caae1b50,0x00000000d0000000)
 Metaspace       used 252499K, capacity 257496K, committed 257664K, reserved 749568K
  class space    used 24137K, capacity 25113K, committed 25216K, reserved 516096K
2025-05-15T09:21:28.579+0900: 54499.866: [GC (Allocation Failure) [PSYoungGen: 594880K->5719K(688128K)] 1818438K->1229309K(1998848K), 0.0129104 secs] [Times: user=0.04 sys=0.00, real=0.01 secs] 
Heap after GC invocations=977 (full 2):
 PSYoungGen      total 688128K, used 5719K [0x00000000d0000000, 0x0000000100000000, 0x0000000100000000)
  eden space 589824K, 0% used [0x00000000d0000000,0x00000000d0000000,0x00000000f4000000)
  from space 98304K, 5% used [0x00000000f4000000,0x00000000f4595c28,0x00000000fa000000)
  to   space 98304K, 0% used [0x00000000fa000000,0x00000000fa000000,0x0000000100000000)
 ParOldGen       total 1310720K, used 1223590K [0x0000000080000000, 0x00000000d0000000, 0x00000000d0000000)
  object space 1310720K, 93% used [0x0000000080000000,0x00000000caae9b50,0x00000000d0000000)
 Metaspace       used 252499K, capacity 257496K, committed 257664K, reserved 749568K
  class space    used 24137K, capacity 25113K, committed 25216K, reserved 516096K
}
{Heap before GC invocations=978 (full 2):
 PSYoungGen      total 688128K, used 595543K [0x00000000d0000000, 0x0000000100000000, 0x0000000100000000)
  eden space 589824K, 100% used [0x00000000d0000000,0x00000000f4000000,0x00000000f4000000)
  from space 98304K, 5% used [0x00000000f4000000,0x00000000f4595c28,0x00000000fa000000)
  to   space 98304K, 0% used [0x00000000fa000000,0x00000000fa000000,0x0000000100000000)
 ParOldGen       total 1310720K, used 1223590K [0x0000000080000000, 0x00000000d0000000, 0x00000000d0000000)
  object space 1310720K, 93% used [0x0000000080000000,0x00000000caae9b50,0x00000000d0000000)
 Metaspace       used 252507K, capacity 257508K, committed 257664K, reserved 749568K
  class space    used 24138K, capacity 25115K, committed 25216K, reserved 516096K
2025-05-15T09:22:23.198+0900: 54554.485: [GC (Allocation Failure) [PSYoungGen: 595543K->5300K(688128K)] 1819133K->1228923K(1998848K), 0.0130086 secs] [Times: user=0.04 sys=0.00, real=0.02 secs] 
Heap after GC invocations=978 (full 2):
 PSYoungGen      total 688128K, used 5300K [0x00000000d0000000, 0x0000000100000000, 0x0000000100000000)
  eden space 589824K, 0% used [0x00000000d0000000,0x00000000d0000000,0x00000000f4000000)
  from space 98304K, 5% used [0x00000000fa000000,0x00000000fa52d2b8,0x0000000100000000)
  to   space 98304K, 0% used [0x00000000f4000000,0x00000000f4000000,0x00000000fa000000)
 ParOldGen       total 1310720K, used 1223622K [0x0000000080000000, 0x00000000d0000000, 0x00000000d0000000)
  object space 1310720K, 93% used [0x0000000080000000,0x00000000caaf1b70,0x00000000d0000000)
 Metaspace       used 252507K, capacity 257508K, committed 257664K, reserved 749568K
  class space    used 24138K, capacity 25115K, committed 25216K, reserved 516096K
}
{Heap before GC invocations=979 (full 2):
 PSYoungGen      total 688128K, used 595124K [0x00000000d0000000, 0x0000000100000000, 0x0000000100000000)
  eden space 589824K, 100% used [0x00000000d0000000,0x00000000f4000000,0x00000000f4000000)
  from space 98304K, 5% used [0x00000000fa000000,0x00000000fa52d2b8,0x0000000100000000)
  to   space 98304K, 0% used [0x00000000f4000000,0x00000000f4000000,0x00000000fa000000)
 ParOldGen       total 1310720K, used 1223622K [0x0000000080000000, 0x00000000d0000000, 0x00000000d0000000)
  object space 1310720K, 93% used [0x0000000080000000,0x00000000caaf1b70,0x00000000d0000000)
 Metaspace       used 252508K, capacity 257508K, committed 257664K, reserved 749568K
  class space    used 24138K, capacity 25115K, committed 25216K, reserved 516096K
2025-05-15T09:23:14.643+0900: 54605.930: [GC (Allocation Failure) [PSYoungGen: 595124K->6007K(688128K)] 1818747K->1229670K(1998848K), 0.0130960 secs] [Times: user=0.04 sys=0.00, real=0.01 secs] 
Heap after GC invocations=979 (full 2):
 PSYoungGen      total 688128K, used 6007K [0x00000000d0000000, 0x0000000100000000, 0x0000000100000000)
  eden space 589824K, 0% used [0x00000000d0000000,0x00000000d0000000,0x00000000f4000000)
  from space 98304K, 6% used [0x00000000f4000000,0x00000000f45dde38,0x00000000fa000000)
  to   space 98304K, 0% used [0x00000000fa000000,0x00000000fa000000,0x0000000100000000)
 ParOldGen       total 1310720K, used 1223662K [0x0000000080000000, 0x00000000d0000000, 0x00000000d0000000)
  object space 1310720K, 93% used [0x0000000080000000,0x00000000caafbb70,0x00000000d0000000)
 Metaspace       used 252508K, capacity 257508K, committed 257664K, reserved 749568K
  class space    used 24138K, capacity 25115K, committed 25216K, reserved 516096K
}
{Heap before GC invocations=980 (full 2):
 PSYoungGen      total 688128K, used 595831K [0x00000000d0000000, 0x0000000100000000, 0x0000000100000000)
  eden space 589824K, 100% used [0x00000000d0000000,0x00000000f4000000,0x00000000f4000000)
  from space 98304K, 6% used [0x00000000f4000000,0x00000000f45dde38,0x00000000fa000000)
  to   space 98304K, 0% used [0x00000000fa000000,0x00000000fa000000,0x0000000100000000)
 ParOldGen       total 1310720K, used 1223662K [0x0000000080000000, 0x00000000d0000000, 0x00000000d0000000)
  object space 1310720K, 93% used [0x0000000080000000,0x00000000caafbb70,0x00000000d0000000)
 Metaspace       used 252534K, capacity 257572K, committed 257920K, reserved 749568K
  class space    used 24140K, capacity 25115K, committed 25216K, reserved 516096K
2025-05-15T09:24:07.775+0900: 54659.062: [GC (Allocation Failure) [PSYoungGen: 595831K->6371K(688128K)] 1819494K->1230062K(1998848K), 0.0151089 secs] [Times: user=0.03 sys=0.00, real=0.02 secs] 
Heap after GC invocations=980 (full 2):
 PSYoungGen      total 688128K, used 6371K [0x00000000d0000000, 0x0000000100000000, 0x0000000100000000)
  eden space 589824K, 0% used [0x00000000d0000000,0x00000000d0000000,0x00000000f4000000)
  from space 98304K, 6% used [0x00000000fa000000,0x00000000fa638e20,0x0000000100000000)
  to   space 98304K, 0% used [0x00000000f4000000,0x00000000f4000000,0x00000000fa000000)
 ParOldGen       total 1310720K, used 1223690K [0x0000000080000000, 0x00000000d0000000, 0x00000000d0000000)
  object space 1310720K, 93% used [0x0000000080000000,0x00000000cab02b80,0x00000000d0000000)
 Metaspace       used 252534K, capacity 257572K, committed 257920K, reserved 749568K
  class space    used 24140K, capacity 25115K, committed 25216K, reserved 516096K
}
{Heap before GC invocations=981 (full 2):
 PSYoungGen      total 688128K, used 596195K [0x00000000d0000000, 0x0000000100000000, 0x0000000100000000)
  eden space 589824K, 100% used [0x00000000d0000000,0x00000000f4000000,0x00000000f4000000)
  from space 98304K, 6% used [0x00000000fa000000,0x00000000fa638e20,0x0000000100000000)
  to   space 98304K, 0% used [0x00000000f4000000,0x00000000f4000000,0x00000000fa000000)
 ParOldGen       total 1310720K, used 1223690K [0x0000000080000000, 0x00000000d0000000, 0x00000000d0000000)
  object space 1310720K, 93% used [0x0000000080000000,0x00000000cab02b80,0x00000000d0000000)
 Metaspace       used 252541K, capacity 257572K, committed 257920K, reserved 749568K
  class space    used 24140K, capacity 25115K, committed 25216K, reserved 516096K
2025-05-15T09:25:03.781+0900: 54715.068: [GC (Allocation Failure) [PSYoungGen: 596195K->6748K(688128K)] 1819886K->1230471K(1998848K), 0.0137592 secs] [Times: user=0.03 sys=0.01, real=0.01 secs] 
Heap after GC invocations=981 (full 2):
 PSYoungGen      total 688128K, used 6748K [0x00000000d0000000, 0x0000000100000000, 0x0000000100000000)
  eden space 589824K, 0% used [0x00000000d0000000,0x00000000d0000000,0x00000000f4000000)
  from space 98304K, 6% used [0x00000000f4000000,0x00000000f46973e8,0x00000000fa000000)
  to   space 98304K, 0% used [0x00000000fa000000,0x00000000fa000000,0x0000000100000000)
 ParOldGen       total 1310720K, used 1223722K [0x0000000080000000, 0x00000000d0000000, 0x00000000d0000000)
  object space 1310720K, 93% used [0x0000000080000000,0x00000000cab0ab80,0x00000000d0000000)
 Metaspace       used 252541K, capacity 257572K, committed 257920K, reserved 749568K
  class space    used 24140K, capacity 25115K, committed 25216K, reserved 516096K
}
{Heap before GC invocations=982 (full 2):
 PSYoungGen      total 688128K, used 596572K [0x00000000d0000000, 0x0000000100000000, 0x0000000100000000)
  eden space 589824K, 100% used [0x00000000d0000000,0x00000000f4000000,0x00000000f4000000)
  from space 98304K, 6% used [0x00000000f4000000,0x00000000f46973e8,0x00000000fa000000)
  to   space 98304K, 0% used [0x00000000fa000000,0x00000000fa000000,0x0000000100000000)
 ParOldGen       total 1310720K, used 1223722K [0x0000000080000000, 0x00000000d0000000, 0x00000000d0000000)
  object space 1310720K, 93% used [0x0000000080000000,0x00000000cab0ab80,0x00000000d0000000)
 Metaspace       used 252543K, capacity 257572K, committed 257920K, reserved 749568K
  class space    used 24140K, capacity 25115K, committed 25216K, reserved 516096K
2025-05-15T09:26:00.933+0900: 54772.220: [GC (Allocation Failure) [PSYoungGen: 596572K->6629K(688128K)] 1820295K->1230473K(1998848K), 0.0135812 secs] [Times: user=0.03 sys=0.00, real=0.01 secs] 
Heap after GC invocations=982 (full 2):
 PSYoungGen      total 688128K, used 6629K [0x00000000d0000000, 0x0000000100000000, 0x0000000100000000)
  eden space 589824K, 0% used [0x00000000d0000000,0x00000000d0000000,0x00000000f4000000)
  from space 98304K, 6% used [0x00000000fa000000,0x00000000fa679478,0x0000000100000000)
  to   space 98304K, 0% used [0x00000000f4000000,0x00000000f4000000,0x00000000fa000000)
 ParOldGen       total 1310720K, used 1223844K [0x0000000080000000, 0x00000000d0000000, 0x00000000d0000000)
  object space 1310720K, 93% used [0x0000000080000000,0x00000000cab292a8,0x00000000d0000000)
 Metaspace       used 252543K, capacity 257572K, committed 257920K, reserved 749568K
  class space    used 24140K, capacity 25115K, committed 25216K, reserved 516096K
}
{Heap before GC invocations=983 (full 2):
 PSYoungGen      total 688128K, used 596453K [0x00000000d0000000, 0x0000000100000000, 0x0000000100000000)
  eden space 589824K, 100% used [0x00000000d0000000,0x00000000f4000000,0x00000000f4000000)
  from space 98304K, 6% used [0x00000000fa000000,0x00000000fa679478,0x0000000100000000)
  to   space 98304K, 0% used [0x00000000f4000000,0x00000000f4000000,0x00000000fa000000)
 ParOldGen       total 1310720K, used 1223844K [0x0000000080000000, 0x00000000d0000000, 0x00000000d0000000)
  object space 1310720K, 93% used [0x0000000080000000,0x00000000cab292a8,0x00000000d0000000)
 Metaspace       used 252556K, capacity 257572K, committed 257920K, reserved 749568K
  class space    used 24140K, capacity 25115K, committed 25216K, reserved 516096K
2025-05-15T09:26:55.983+0900: 54827.270: [GC (Allocation Failure) [PSYoungGen: 596453K->6641K(688128K)] 1820297K->1230582K(1998848K), 0.0134802 secs] [Times: user=0.04 sys=0.00, real=0.01 secs] 
Heap after GC invocations=983 (full 2):
 PSYoungGen      total 688128K, used 6641K [0x00000000d0000000, 0x0000000100000000, 0x0000000100000000)
  eden space 589824K, 0% used [0x00000000d0000000,0x00000000d0000000,0x00000000f4000000)
  from space 98304K, 6% used [0x00000000f4000000,0x00000000f467c798,0x00000000fa000000)
  to   space 98304K, 0% used [0x00000000fa000000,0x00000000fa000000,0x0000000100000000)
 ParOldGen       total 1310720K, used 1223940K [0x0000000080000000, 0x00000000d0000000, 0x00000000d0000000)
  object space 1310720K, 93% used [0x0000000080000000,0x00000000cab412e8,0x00000000d0000000)
 Metaspace       used 252556K, capacity 257572K, committed 257920K, reserved 749568K
  class space    used 24140K, capacity 25115K, committed 25216K, reserved 516096K
}
{Heap before GC invocations=984 (full 2):
 PSYoungGen      total 688128K, used 596465K [0x00000000d0000000, 0x0000000100000000, 0x0000000100000000)
  eden space 589824K, 100% used [0x00000000d0000000,0x00000000f4000000,0x00000000f4000000)
  from space 98304K, 6% used [0x00000000f4000000,0x00000000f467c798,0x00000000fa000000)
  to   space 98304K, 0% used [0x00000000fa000000,0x00000000fa000000,0x0000000100000000)
 ParOldGen       total 1310720K, used 1223940K [0x0000000080000000, 0x00000000d0000000, 0x00000000d0000000)
  object space 1310720K, 93% used [0x0000000080000000,0x00000000cab412e8,0x00000000d0000000)
 Metaspace       used 252558K, capacity 257572K, committed 257920K, reserved 749568K
  class space    used 24140K, capacity 25115K, committed 25216K, reserved 516096K
2025-05-15T09:27:54.116+0900: 54885.403: [GC (Allocation Failure) [PSYoungGen: 596465K->6699K(688128K)] 1820406K->1230675K(1998848K), 0.0140529 secs] [Times: user=0.03 sys=0.00, real=0.02 secs] 
Heap after GC invocations=984 (full 2):
 PSYoungGen      total 688128K, used 6699K [0x00000000d0000000, 0x0000000100000000, 0x0000000100000000)
  eden space 589824K, 0% used [0x00000000d0000000,0x00000000d0000000,0x00000000f4000000)
  from space 98304K, 6% used [0x00000000fa000000,0x00000000fa68ad00,0x0000000100000000)
  to   space 98304K, 0% used [0x00000000f4000000,0x00000000f4000000,0x00000000fa000000)
 ParOldGen       total 1310720K, used 1223976K [0x0000000080000000, 0x00000000d0000000, 0x00000000d0000000)
  object space 1310720K, 93% used [0x0000000080000000,0x00000000cab4a2f8,0x00000000d0000000)
 Metaspace       used 252558K, capacity 257572K, committed 257920K, reserved 749568K
  class space    used 24140K, capacity 25115K, committed 25216K, reserved 516096K
}
{Heap before GC invocations=985 (full 2):
 PSYoungGen      total 688128K, used 596510K [0x00000000d0000000, 0x0000000100000000, 0x0000000100000000)
  eden space 589824K, 99% used [0x00000000d0000000,0x00000000f3ffcb70,0x00000000f4000000)
  from space 98304K, 6% used [0x00000000fa000000,0x00000000fa68ad00,0x0000000100000000)
  to   space 98304K, 0% used [0x00000000f4000000,0x00000000f4000000,0x00000000fa000000)
 ParOldGen       total 1310720K, used 1223976K [0x0000000080000000, 0x00000000d0000000, 0x00000000d0000000)
  object space 1310720K, 93% used [0x0000000080000000,0x00000000cab4a2f8,0x00000000d0000000)
 Metaspace       used 252566K, capacity 257572K, committed 257920K, reserved 749568K
  class space    used 24140K, capacity 25115K, committed 25216K, reserved 516096K
2025-05-15T09:28:50.821+0900: 54942.108: [GC (Allocation Failure) [PSYoungGen: 596510K->6579K(688128K)] 1820486K->1230746K(1998848K), 0.0194027 secs] [Times: user=0.05 sys=0.00, real=0.02 secs] 
Heap after GC invocations=985 (full 2):
 PSYoungGen      total 688128K, used 6579K [0x00000000d0000000, 0x0000000100000000, 0x0000000100000000)
  eden space 589824K, 0% used [0x00000000d0000000,0x00000000d0000000,0x00000000f4000000)
  from space 98304K, 6% used [0x00000000f4000000,0x00000000f466cc78,0x00000000fa000000)
  to   space 98304K, 0% used [0x00000000fa000000,0x00000000fa000000,0x0000000100000000)
 ParOldGen       total 1310720K, used 1224167K [0x0000000080000000, 0x00000000d0000000, 0x00000000d0000000)
  object space 1310720K, 93% used [0x0000000080000000,0x00000000cab79de8,0x00000000d0000000)
 Metaspace       used 252566K, capacity 257572K, committed 257920K, reserved 749568K
  class space    used 24140K, capacity 25115K, committed 25216K, reserved 516096K
}
{Heap before GC invocations=986 (full 2):
 PSYoungGen      total 688128K, used 596403K [0x00000000d0000000, 0x0000000100000000, 0x0000000100000000)
  eden space 589824K, 100% used [0x00000000d0000000,0x00000000f4000000,0x00000000f4000000)
  from space 98304K, 6% used [0x00000000f4000000,0x00000000f466cc78,0x00000000fa000000)
  to   space 98304K, 0% used [0x00000000fa000000,0x00000000fa000000,0x0000000100000000)
 ParOldGen       total 1310720K, used 1224167K [0x0000000080000000, 0x00000000d0000000, 0x00000000d0000000)
  object space 1310720K, 93% used [0x0000000080000000,0x00000000cab79de8,0x00000000d0000000)
 Metaspace       used 252572K, capacity 257584K, committed 257920K, reserved 749568K
  class space    used 24141K, capacity 25117K, committed 25216K, reserved 516096K
2025-05-15T09:29:45.439+0900: 54996.726: [GC (Allocation Failure) [PSYoungGen: 596403K->6889K(688128K)] 1820570K->1231151K(1998848K), 0.0139768 secs] [Times: user=0.03 sys=0.00, real=0.01 secs] 
Heap after GC invocations=986 (full 2):
 PSYoungGen      total 688128K, used 6889K [0x00000000d0000000, 0x0000000100000000, 0x0000000100000000)
  eden space 589824K, 0% used [0x00000000d0000000,0x00000000d0000000,0x00000000f4000000)
  from space 98304K, 7% used [0x00000000fa000000,0x00000000fa6ba6d8,0x0000000100000000)
  to   space 98304K, 0% used [0x00000000f4000000,0x00000000f4000000,0x00000000fa000000)
 ParOldGen       total 1310720K, used 1224262K [0x0000000080000000, 0x00000000d0000000, 0x00000000d0000000)
  object space 1310720K, 93% used [0x0000000080000000,0x00000000cab91850,0x00000000d0000000)
 Metaspace       used 252572K, capacity 257584K, committed 257920K, reserved 749568K
  class space    used 24141K, capacity 25117K, committed 25216K, reserved 516096K
}
{Heap before GC invocations=987 (full 2):
 PSYoungGen      total 688128K, used 596713K [0x00000000d0000000, 0x0000000100000000, 0x0000000100000000)
  eden space 589824K, 100% used [0x00000000d0000000,0x00000000f4000000,0x00000000f4000000)
  from space 98304K, 7% used [0x00000000fa000000,0x00000000fa6ba6d8,0x0000000100000000)
  to   space 98304K, 0% used [0x00000000f4000000,0x00000000f4000000,0x00000000fa000000)
 ParOldGen       total 1310720K, used 1224262K [0x0000000080000000, 0x00000000d0000000, 0x00000000d0000000)
  object space 1310720K, 93% used [0x0000000080000000,0x00000000cab91850,0x00000000d0000000)
 Metaspace       used 252588K, capacity 257628K, committed 257920K, reserved 749568K
  class space    used 24145K, capacity 25151K, committed 25216K, reserved 516096K
2025-05-15T09:30:38.880+0900: 55050.167: [GC (Allocation Failure) [PSYoungGen: 596713K->7439K(688128K)] 1820975K->1231726K(1998848K), 0.0189660 secs] [Times: user=0.03 sys=0.00, real=0.02 secs] 
Heap after GC invocations=987 (full 2):
 PSYoungGen      total 688128K, used 7439K [0x00000000d0000000, 0x0000000100000000, 0x0000000100000000)
  eden space 589824K, 0% used [0x00000000d0000000,0x00000000d0000000,0x00000000f4000000)
  from space 98304K, 7% used [0x00000000f4000000,0x00000000f4743fd8,0x00000000fa000000)
  to   space 98304K, 0% used [0x00000000fa000000,0x00000000fa000000,0x0000000100000000)
 ParOldGen       total 1310720K, used 1224286K [0x0000000080000000, 0x00000000d0000000, 0x00000000d0000000)
  object space 1310720K, 93% used [0x0000000080000000,0x00000000cab97850,0x00000000d0000000)
 Metaspace       used 252588K, capacity 257628K, committed 257920K, reserved 749568K
  class space    used 24145K, capacity 25151K, committed 25216K, reserved 516096K
}
{Heap before GC invocations=988 (full 2):
 PSYoungGen      total 688128K, used 597263K [0x00000000d0000000, 0x0000000100000000, 0x0000000100000000)
  eden space 589824K, 100% used [0x00000000d0000000,0x00000000f4000000,0x00000000f4000000)
  from space 98304K, 7% used [0x00000000f4000000,0x00000000f4743fd8,0x00000000fa000000)
  to   space 98304K, 0% used [0x00000000fa000000,0x00000000fa000000,0x0000000100000000)
 ParOldGen       total 1310720K, used 1224286K [0x0000000080000000, 0x00000000d0000000, 0x00000000d0000000)
  object space 1310720K, 93% used [0x0000000080000000,0x00000000cab97850,0x00000000d0000000)
 Metaspace       used 252592K, capacity 257628K, committed 257920K, reserved 749568K
  class space    used 24146K, capacity 25151K, committed 25216K, reserved 516096K
2025-05-15T09:31:29.334+0900: 55100.621: [GC (Allocation Failure) [PSYoungGen: 597263K->7224K(688128K)] 1821550K->1231610K(1998848K), 0.0135342 secs] [Times: user=0.03 sys=0.01, real=0.01 secs] 
Heap after GC invocations=988 (full 2):
 PSYoungGen      total 688128K, used 7224K [0x00000000d0000000, 0x0000000100000000, 0x0000000100000000)
  eden space 589824K, 0% used [0x00000000d0000000,0x00000000d0000000,0x00000000f4000000)
  from space 98304K, 7% used [0x00000000fa000000,0x00000000fa70e110,0x0000000100000000)
  to   space 98304K, 0% used [0x00000000f4000000,0x00000000f4000000,0x00000000fa000000)
 ParOldGen       total 1310720K, used 1224386K [0x0000000080000000, 0x00000000d0000000, 0x00000000d0000000)
  object space 1310720K, 93% used [0x0000000080000000,0x00000000cabb0ac0,0x00000000d0000000)
 Metaspace       used 252592K, capacity 257628K, committed 257920K, reserved 749568K
  class space    used 24146K, capacity 25151K, committed 25216K, reserved 516096K
}
{Heap before GC invocations=989 (full 2):
 PSYoungGen      total 688128K, used 597048K [0x00000000d0000000, 0x0000000100000000, 0x0000000100000000)
  eden space 589824K, 100% used [0x00000000d0000000,0x00000000f4000000,0x00000000f4000000)
  from space 98304K, 7% used [0x00000000fa000000,0x00000000fa70e110,0x0000000100000000)
  to   space 98304K, 0% used [0x00000000f4000000,0x00000000f4000000,0x00000000fa000000)
 ParOldGen       total 1310720K, used 1224386K [0x0000000080000000, 0x00000000d0000000, 0x00000000d0000000)
  object space 1310720K, 93% used [0x0000000080000000,0x00000000cabb0ac0,0x00000000d0000000)
 Metaspace       used 252602K, capacity 257658K, committed 257920K, reserved 749568K
  class space    used 24149K, capacity 25156K, committed 25216K, reserved 516096K
2025-05-15T09:32:22.437+0900: 55153.724: [GC (Allocation Failure) [PSYoungGen: 597048K->6763K(688128K)] 1821434K->1232034K(1998848K), 0.0144855 secs] [Times: user=0.03 sys=0.00, real=0.02 secs] 
Heap after GC invocations=989 (full 2):
 PSYoungGen      total 688128K, used 6763K [0x00000000d0000000, 0x0000000100000000, 0x0000000100000000)
  eden space 589824K, 0% used [0x00000000d0000000,0x00000000d0000000,0x00000000f4000000)
  from space 98304K, 6% used [0x00000000f4000000,0x00000000f469ada8,0x00000000fa000000)
  to   space 98304K, 0% used [0x00000000fa000000,0x00000000fa000000,0x0000000100000000)
 ParOldGen       total 1310720K, used 1225271K [0x0000000080000000, 0x00000000d0000000, 0x00000000d0000000)
  object space 1310720K, 93% used [0x0000000080000000,0x00000000cac8dd00,0x00000000d0000000)
 Metaspace       used 252602K, capacity 257658K, committed 257920K, reserved 749568K
  class space    used 24149K, capacity 25156K, committed 25216K, reserved 516096K
}
{Heap before GC invocations=990 (full 2):
 PSYoungGen      total 688128K, used 596587K [0x00000000d0000000, 0x0000000100000000, 0x0000000100000000)
  eden space 589824K, 100% used [0x00000000d0000000,0x00000000f4000000,0x00000000f4000000)
  from space 98304K, 6% used [0x00000000f4000000,0x00000000f469ada8,0x00000000fa000000)
  to   space 98304K, 0% used [0x00000000fa000000,0x00000000fa000000,0x0000000100000000)
 ParOldGen       total 1310720K, used 1225271K [0x0000000080000000, 0x00000000d0000000, 0x00000000d0000000)
  object space 1310720K, 93% used [0x0000000080000000,0x00000000cac8dd00,0x00000000d0000000)
 Metaspace       used 252602K, capacity 257658K, committed 257920K, reserved 749568K
  class space    used 24149K, capacity 25156K, committed 25216K, reserved 516096K
2025-05-15T09:33:07.265+0900: 55198.552: [GC (Allocation Failure) [PSYoungGen: 596587K->6209K(688128K)] 1821858K->1231529K(1998848K), 0.0143550 secs] [Times: user=0.03 sys=0.00, real=0.02 secs] 
Heap after GC invocations=990 (full 2):
 PSYoungGen      total 688128K, used 6209K [0x00000000d0000000, 0x0000000100000000, 0x0000000100000000)
  eden space 589824K, 0% used [0x00000000d0000000,0x00000000d0000000,0x00000000f4000000)
  from space 98304K, 6% used [0x00000000fa000000,0x00000000fa6107e0,0x0000000100000000)
  to   space 98304K, 0% used [0x00000000f4000000,0x00000000f4000000,0x00000000fa000000)
 ParOldGen       total 1310720K, used 1225319K [0x0000000080000000, 0x00000000d0000000, 0x00000000d0000000)
  object space 1310720K, 93% used [0x0000000080000000,0x00000000cac99d40,0x00000000d0000000)
 Metaspace       used 252602K, capacity 257658K, committed 257920K, reserved 749568K
  class space    used 24149K, capacity 25156K, committed 25216K, reserved 516096K
}
{Heap before GC invocations=991 (full 2):
 PSYoungGen      total 688128K, used 596033K [0x00000000d0000000, 0x0000000100000000, 0x0000000100000000)
  eden space 589824K, 100% used [0x00000000d0000000,0x00000000f4000000,0x00000000f4000000)
  from space 98304K, 6% used [0x00000000fa000000,0x00000000fa6107e0,0x0000000100000000)
  to   space 98304K, 0% used [0x00000000f4000000,0x00000000f4000000,0x00000000fa000000)
 ParOldGen       total 1310720K, used 1225319K [0x0000000080000000, 0x00000000d0000000, 0x00000000d0000000)
  object space 1310720K, 93% used [0x0000000080000000,0x00000000cac99d40,0x00000000d0000000)
 Metaspace       used 252604K, capacity 257658K, committed 257920K, reserved 749568K
  class space    used 24150K, capacity 25156K, committed 25216K, reserved 516096K
2025-05-15T09:34:03.341+0900: 55254.628: [GC (Allocation Failure) [PSYoungGen: 596033K->5496K(688128K)] 1821353K->1230918K(1998848K), 0.0139620 secs] [Times: user=0.04 sys=0.00, real=0.01 secs] 
Heap after GC invocations=991 (full 2):
 PSYoungGen      total 688128K, used 5496K [0x00000000d0000000, 0x0000000100000000, 0x0000000100000000)
  eden space 589824K, 0% used [0x00000000d0000000,0x00000000d0000000,0x00000000f4000000)
  from space 98304K, 5% used [0x00000000f4000000,0x00000000f455e3a0,0x00000000fa000000)
  to   space 98304K, 0% used [0x00000000fa000000,0x00000000fa000000,0x0000000100000000)
 ParOldGen       total 1310720K, used 1225421K [0x0000000080000000, 0x00000000d0000000, 0x00000000d0000000)
  object space 1310720K, 93% used [0x0000000080000000,0x00000000cacb36f8,0x00000000d0000000)
 Metaspace       used 252604K, capacity 257658K, committed 257920K, reserved 749568K
  class space    used 24150K, capacity 25156K, committed 25216K, reserved 516096K
}
{Heap before GC invocations=992 (full 2):
 PSYoungGen      total 688128K, used 595320K [0x00000000d0000000, 0x0000000100000000, 0x0000000100000000)
  eden space 589824K, 100% used [0x00000000d0000000,0x00000000f4000000,0x00000000f4000000)
  from space 98304K, 5% used [0x00000000f4000000,0x00000000f455e3a0,0x00000000fa000000)
  to   space 98304K, 0% used [0x00000000fa000000,0x00000000fa000000,0x0000000100000000)
 ParOldGen       total 1310720K, used 1225421K [0x0000000080000000, 0x00000000d0000000, 0x00000000d0000000)
  object space 1310720K, 93% used [0x0000000080000000,0x00000000cacb36f8,0x00000000d0000000)
 Metaspace       used 252605K, capacity 257658K, committed 257920K, reserved 749568K
  class space    used 24150K, capacity 25156K, committed 25216K, reserved 516096K
2025-05-15T09:35:01.263+0900: 55312.550: [GC (Allocation Failure) [PSYoungGen: 595320K->5443K(688128K)] 1820742K->1231270K(1998848K), 0.0136643 secs] [Times: user=0.04 sys=0.00, real=0.01 secs] 
Heap after GC invocations=992 (full 2):
 PSYoungGen      total 688128K, used 5443K [0x00000000d0000000, 0x0000000100000000, 0x0000000100000000)
  eden space 589824K, 0% used [0x00000000d0000000,0x00000000d0000000,0x00000000f4000000)
  from space 98304K, 5% used [0x00000000fa000000,0x00000000fa550e38,0x0000000100000000)
  to   space 98304K, 0% used [0x00000000f4000000,0x00000000f4000000,0x00000000fa000000)
 ParOldGen       total 1310720K, used 1225826K [0x0000000080000000, 0x00000000d0000000, 0x00000000d0000000)
  object space 1310720K, 93% used [0x0000000080000000,0x00000000cad18bf8,0x00000000d0000000)
 Metaspace       used 252605K, capacity 257658K, committed 257920K, reserved 749568K
  class space    used 24150K, capacity 25156K, committed 25216K, reserved 516096K
}
{Heap before GC invocations=993 (full 2):
 PSYoungGen      total 688128K, used 595267K [0x00000000d0000000, 0x0000000100000000, 0x0000000100000000)
  eden space 589824K, 100% used [0x00000000d0000000,0x00000000f4000000,0x00000000f4000000)
  from space 98304K, 5% used [0x00000000fa000000,0x00000000fa550e38,0x0000000100000000)
  to   space 98304K, 0% used [0x00000000f4000000,0x00000000f4000000,0x00000000fa000000)
 ParOldGen       total 1310720K, used 1225826K [0x0000000080000000, 0x00000000d0000000, 0x00000000d0000000)
  object space 1310720K, 93% used [0x0000000080000000,0x00000000cad18bf8,0x00000000d0000000)
 Metaspace       used 252625K, capacity 257670K, committed 257920K, reserved 749568K
  class space    used 24151K, capacity 25158K, committed 25216K, reserved 516096K
2025-05-15T09:35:58.597+0900: 55369.884: [GC (Allocation Failure) [PSYoungGen: 595267K->5227K(688128K)] 1821094K->1231227K(1998848K), 0.0130672 secs] [Times: user=0.04 sys=0.00, real=0.02 secs] 
Heap after GC invocations=993 (full 2):
 PSYoungGen      total 688128K, used 5227K [0x00000000d0000000, 0x0000000100000000, 0x0000000100000000)
  eden space 589824K, 0% used [0x00000000d0000000,0x00000000d0000000,0x00000000f4000000)
  from space 98304K, 5% used [0x00000000f4000000,0x00000000f451ac78,0x00000000fa000000)
  to   space 98304K, 0% used [0x00000000fa000000,0x00000000fa000000,0x0000000100000000)
 ParOldGen       total 1310720K, used 1226000K [0x0000000080000000, 0x00000000d0000000, 0x00000000d0000000)
  object space 1310720K, 93% used [0x0000000080000000,0x00000000cad441a8,0x00000000d0000000)
 Metaspace       used 252625K, capacity 257670K, committed 257920K, reserved 749568K
  class space    used 24151K, capacity 25158K, committed 25216K, reserved 516096K
}
{Heap before GC invocations=994 (full 2):
 PSYoungGen      total 688128K, used 595051K [0x00000000d0000000, 0x0000000100000000, 0x0000000100000000)
  eden space 589824K, 100% used [0x00000000d0000000,0x00000000f4000000,0x00000000f4000000)
  from space 98304K, 5% used [0x00000000f4000000,0x00000000f451ac78,0x00000000fa000000)
  to   space 98304K, 0% used [0x00000000fa000000,0x00000000fa000000,0x0000000100000000)
 ParOldGen       total 1310720K, used 1226000K [0x0000000080000000, 0x00000000d0000000, 0x00000000d0000000)
  object space 1310720K, 93% used [0x0000000080000000,0x00000000cad441a8,0x00000000d0000000)
 Metaspace       used 252626K, capacity 257670K, committed 257920K, reserved 749568K
  class space    used 24151K, capacity 25158K, committed 25216K, reserved 516096K
2025-05-15T09:36:55.897+0900: 55427.184: [GC (Allocation Failure) [PSYoungGen: 595051K->6198K(688128K)] 1821051K->1232879K(1998848K), 0.0133247 secs] [Times: user=0.04 sys=0.00, real=0.02 secs] 
Heap after GC invocations=994 (full 2):
 PSYoungGen      total 688128K, used 6198K [0x00000000d0000000, 0x0000000100000000, 0x0000000100000000)
  eden space 589824K, 0% used [0x00000000d0000000,0x00000000d0000000,0x00000000f4000000)
  from space 98304K, 6% used [0x00000000fa000000,0x00000000fa60da40,0x0000000100000000)
  to   space 98304K, 0% used [0x00000000f4000000,0x00000000f4000000,0x00000000fa000000)
 ParOldGen       total 1310720K, used 1226680K [0x0000000080000000, 0x00000000d0000000, 0x00000000d0000000)
  object space 1310720K, 93% used [0x0000000080000000,0x00000000cadee218,0x00000000d0000000)
 Metaspace       used 252626K, capacity 257670K, committed 257920K, reserved 749568K
  class space    used 24151K, capacity 25158K, committed 25216K, reserved 516096K
}
{Heap before GC invocations=995 (full 2):
 PSYoungGen      total 688128K, used 596022K [0x00000000d0000000, 0x0000000100000000, 0x0000000100000000)
  eden space 589824K, 100% used [0x00000000d0000000,0x00000000f4000000,0x00000000f4000000)
  from space 98304K, 6% used [0x00000000fa000000,0x00000000fa60da40,0x0000000100000000)
  to   space 98304K, 0% used [0x00000000f4000000,0x00000000f4000000,0x00000000fa000000)
 ParOldGen       total 1310720K, used 1226680K [0x0000000080000000, 0x00000000d0000000, 0x00000000d0000000)
  object space 1310720K, 93% used [0x0000000080000000,0x00000000cadee218,0x00000000d0000000)
 Metaspace       used 252626K, capacity 257670K, committed 257920K, reserved 749568K
  class space    used 24151K, capacity 25158K, committed 25216K, reserved 516096K
2025-05-15T09:37:53.239+0900: 55484.527: [GC (Allocation Failure) [PSYoungGen: 596022K->5748K(688128K)] 1822703K->1232807K(1998848K), 0.0136223 secs] [Times: user=0.04 sys=0.00, real=0.01 secs] 
Heap after GC invocations=995 (full 2):
 PSYoungGen      total 688128K, used 5748K [0x00000000d0000000, 0x0000000100000000, 0x0000000100000000)
  eden space 589824K, 0% used [0x00000000d0000000,0x00000000d0000000,0x00000000f4000000)
  from space 98304K, 5% used [0x00000000f4000000,0x00000000f459d2b0,0x00000000fa000000)
  to   space 98304K, 0% used [0x00000000fa000000,0x00000000fa000000,0x0000000100000000)
 ParOldGen       total 1310720K, used 1227059K [0x0000000080000000, 0x00000000d0000000, 0x00000000d0000000)
  object space 1310720K, 93% used [0x0000000080000000,0x00000000cae4cd20,0x00000000d0000000)
 Metaspace       used 252626K, capacity 257670K, committed 257920K, reserved 749568K
  class space    used 24151K, capacity 25158K, committed 25216K, reserved 516096K
}
{Heap before GC invocations=996 (full 2):
 PSYoungGen      total 688128K, used 595531K [0x00000000d0000000, 0x0000000100000000, 0x0000000100000000)
  eden space 589824K, 99% used [0x00000000d0000000,0x00000000f3ff5a80,0x00000000f4000000)
  from space 98304K, 5% used [0x00000000f4000000,0x00000000f459d2b0,0x00000000fa000000)
  to   space 98304K, 0% used [0x00000000fa000000,0x00000000fa000000,0x0000000100000000)
 ParOldGen       total 1310720K, used 1227059K [0x0000000080000000, 0x00000000d0000000, 0x00000000d0000000)
  object space 1310720K, 93% used [0x0000000080000000,0x00000000cae4cd20,0x00000000d0000000)
 Metaspace       used 258001K, capacity 263088K, committed 263296K, reserved 753664K
  class space    used 24858K, capacity 25869K, committed 25984K, reserved 516096K
2025-05-15T09:38:01.718+0900: 55493.005: [GC (Allocation Failure) [PSYoungGen: 595531K->44426K(688128K)] 1822590K->1271533K(1998848K), 0.0283476 secs] [Times: user=0.06 sys=0.00, real=0.03 secs] 
Heap after GC invocations=996 (full 2):
 PSYoungGen      total 688128K, used 44426K [0x00000000d0000000, 0x0000000100000000, 0x0000000100000000)
  eden space 589824K, 0% used [0x00000000d0000000,0x00000000d0000000,0x00000000f4000000)
  from space 98304K, 45% used [0x00000000fa000000,0x00000000fcb62a08,0x0000000100000000)
  to   space 98304K, 0% used [0x00000000f4000000,0x00000000f4000000,0x00000000fa000000)
 ParOldGen       total 1310720K, used 1227107K [0x0000000080000000, 0x00000000d0000000, 0x00000000d0000000)
  object space 1310720K, 93% used [0x0000000080000000,0x00000000cae58d60,0x00000000d0000000)
 Metaspace       used 258001K, capacity 263088K, committed 263296K, reserved 753664K
  class space    used 24858K, capacity 25869K, committed 25984K, reserved 516096K
}
{Heap before GC invocations=997 (full 2):
 PSYoungGen      total 688128K, used 634250K [0x00000000d0000000, 0x0000000100000000, 0x0000000100000000)
  eden space 589824K, 100% used [0x00000000d0000000,0x00000000f4000000,0x00000000f4000000)
  from space 98304K, 45% used [0x00000000fa000000,0x00000000fcb62a08,0x0000000100000000)
  to   space 98304K, 0% used [0x00000000f4000000,0x00000000f4000000,0x00000000fa000000)
 ParOldGen       total 1310720K, used 1227107K [0x0000000080000000, 0x00000000d0000000, 0x00000000d0000000)
  object space 1310720K, 93% used [0x0000000080000000,0x00000000cae58d60,0x00000000d0000000)
 Metaspace       used 258024K, capacity 263112K, committed 263296K, reserved 753664K
  class space    used 24863K, capacity 25877K, committed 25984K, reserved 516096K
2025-05-15T09:38:57.066+0900: 55548.353: [GC (Allocation Failure) [PSYoungGen: 634250K->7901K(688128K)] 1861357K->1235068K(1998848K), 0.0147153 secs] [Times: user=0.04 sys=0.00, real=0.02 secs] 
Heap after GC invocations=997 (full 2):
 PSYoungGen      total 688128K, used 7901K [0x00000000d0000000, 0x0000000100000000, 0x0000000100000000)
  eden space 589824K, 0% used [0x00000000d0000000,0x00000000d0000000,0x00000000f4000000)
  from space 98304K, 8% used [0x00000000f4000000,0x00000000f47b7780,0x00000000fa000000)
  to   space 98304K, 0% used [0x00000000fa000000,0x00000000fa000000,0x0000000100000000)
 ParOldGen       total 1310720K, used 1227166K [0x0000000080000000, 0x00000000d0000000, 0x00000000d0000000)
  object space 1310720K, 93% used [0x0000000080000000,0x00000000cae67bf0,0x00000000d0000000)
 Metaspace       used 258024K, capacity 263112K, committed 263296K, reserved 753664K
  class space    used 24863K, capacity 25877K, committed 25984K, reserved 516096K
}
{Heap before GC invocations=998 (full 2):
 PSYoungGen      total 688128K, used 597725K [0x00000000d0000000, 0x0000000100000000, 0x0000000100000000)
  eden space 589824K, 100% used [0x00000000d0000000,0x00000000f4000000,0x00000000f4000000)
  from space 98304K, 8% used [0x00000000f4000000,0x00000000f47b7780,0x00000000fa000000)
  to   space 98304K, 0% used [0x00000000fa000000,0x00000000fa000000,0x0000000100000000)
 ParOldGen       total 1310720K, used 1227166K [0x0000000080000000, 0x00000000d0000000, 0x00000000d0000000)
  object space 1310720K, 93% used [0x0000000080000000,0x00000000cae67bf0,0x00000000d0000000)
 Metaspace       used 258026K, capacity 263112K, committed 263296K, reserved 753664K
  class space    used 24863K, capacity 25877K, committed 25984K, reserved 516096K
2025-05-15T09:39:53.338+0900: 55604.625: [GC (Allocation Failure) [PSYoungGen: 597725K->8270K(688128K)] 1824892K->1235573K(1998848K), 0.0147570 secs] [Times: user=0.03 sys=0.00, real=0.02 secs] 
Heap after GC invocations=998 (full 2):
 PSYoungGen      total 688128K, used 8270K [0x00000000d0000000, 0x0000000100000000, 0x0000000100000000)
  eden space 589824K, 0% used [0x00000000d0000000,0x00000000d0000000,0x00000000f4000000)
  from space 98304K, 8% used [0x00000000fa000000,0x00000000fa8138c8,0x0000000100000000)
  to   space 98304K, 0% used [0x00000000f4000000,0x00000000f4000000,0x00000000fa000000)
 ParOldGen       total 1310720K, used 1227303K [0x0000000080000000, 0x00000000d0000000, 0x00000000d0000000)
  object space 1310720K, 93% used [0x0000000080000000,0x00000000cae89c10,0x00000000d0000000)
 Metaspace       used 258026K, capacity 263112K, committed 263296K, reserved 753664K
  class space    used 24863K, capacity 25877K, committed 25984K, reserved 516096K
}
{Heap before GC invocations=999 (full 2):
 PSYoungGen      total 688128K, used 598094K [0x00000000d0000000, 0x0000000100000000, 0x0000000100000000)
  eden space 589824K, 100% used [0x00000000d0000000,0x00000000f4000000,0x00000000f4000000)
  from space 98304K, 8% used [0x00000000fa000000,0x00000000fa8138c8,0x0000000100000000)
  to   space 98304K, 0% used [0x00000000f4000000,0x00000000f4000000,0x00000000fa000000)
 ParOldGen       total 1310720K, used 1227303K [0x0000000080000000, 0x00000000d0000000, 0x00000000d0000000)
  object space 1310720K, 93% used [0x0000000080000000,0x00000000cae89c10,0x00000000d0000000)
 Metaspace       used 258043K, capacity 263176K, committed 263296K, reserved 753664K
  class space    used 24863K, capacity 25877K, committed 25984K, reserved 516096K
2025-05-15T09:40:50.252+0900: 55661.540: [GC (Allocation Failure) [PSYoungGen: 598094K->8169K(688128K)] 1825397K->1235533K(1998848K), 0.0145940 secs] [Times: user=0.03 sys=0.01, real=0.01 secs] 
Heap after GC invocations=999 (full 2):
 PSYoungGen      total 688128K, used 8169K [0x00000000d0000000, 0x0000000100000000, 0x0000000100000000)
  eden space 589824K, 0% used [0x00000000d0000000,0x00000000d0000000,0x00000000f4000000)
  from space 98304K, 8% used [0x00000000f4000000,0x00000000f47fa710,0x00000000fa000000)
  to   space 98304K, 0% used [0x00000000fa000000,0x00000000fa000000,0x0000000100000000)
 ParOldGen       total 1310720K, used 1227363K [0x0000000080000000, 0x00000000d0000000, 0x00000000d0000000)
  object space 1310720K, 93% used [0x0000000080000000,0x00000000cae98f98,0x00000000d0000000)
 Metaspace       used 258043K, capacity 263176K, committed 263296K, reserved 753664K
  class space    used 24863K, capacity 25877K, committed 25984K, reserved 516096K
}
{Heap before GC invocations=1000 (full 2):
 PSYoungGen      total 688128K, used 597993K [0x00000000d0000000, 0x0000000100000000, 0x0000000100000000)
  eden space 589824K, 100% used [0x00000000d0000000,0x00000000f4000000,0x00000000f4000000)
  from space 98304K, 8% used [0x00000000f4000000,0x00000000f47fa710,0x00000000fa000000)
  to   space 98304K, 0% used [0x00000000fa000000,0x00000000fa000000,0x0000000100000000)
 ParOldGen       total 1310720K, used 1227363K [0x0000000080000000, 0x00000000d0000000, 0x00000000d0000000)
  object space 1310720K, 93% used [0x0000000080000000,0x00000000cae98f98,0x00000000d0000000)
 Metaspace       used 258047K, capacity 263182K, committed 263296K, reserved 753664K
  class space    used 24863K, capacity 25878K, committed 25984K, reserved 516096K
2025-05-15T09:41:50.422+0900: 55721.709: [GC (Allocation Failure) [PSYoungGen: 597993K->8030K(688128K)] 1825357K->1235430K(1998848K), 0.0142002 secs] [Times: user=0.03 sys=0.00, real=0.01 secs] 
Heap after GC invocations=1000 (full 2):
 PSYoungGen      total 688128K, used 8030K [0x00000000d0000000, 0x0000000100000000, 0x0000000100000000)
  eden space 589824K, 0% used [0x00000000d0000000,0x00000000d0000000,0x00000000f4000000)
  from space 98304K, 8% used [0x00000000fa000000,0x00000000fa7d7ae0,0x0000000100000000)
  to   space 98304K, 0% used [0x00000000f4000000,0x00000000f4000000,0x00000000fa000000)
 ParOldGen       total 1310720K, used 1227399K [0x0000000080000000, 0x00000000d0000000, 0x00000000d0000000)
  object space 1310720K, 93% used [0x0000000080000000,0x00000000caea1fb8,0x00000000d0000000)
 Metaspace       used 258047K, capacity 263182K, committed 263296K, reserved 753664K
  class space    used 24863K, capacity 25878K, committed 25984K, reserved 516096K
}
{Heap before GC invocations=1001 (full 2):
 PSYoungGen      total 688128K, used 597854K [0x00000000d0000000, 0x0000000100000000, 0x0000000100000000)
  eden space 589824K, 100% used [0x00000000d0000000,0x00000000f4000000,0x00000000f4000000)
  from space 98304K, 8% used [0x00000000fa000000,0x00000000fa7d7ae0,0x0000000100000000)
  to   space 98304K, 0% used [0x00000000f4000000,0x00000000f4000000,0x00000000fa000000)
 ParOldGen       total 1310720K, used 1227399K [0x0000000080000000, 0x00000000d0000000, 0x00000000d0000000)
  object space 1310720K, 93% used [0x0000000080000000,0x00000000caea1fb8,0x00000000d0000000)
 Metaspace       used 258047K, capacity 263182K, committed 263296K, reserved 753664K
  class space    used 24863K, capacity 25878K, committed 25984K, reserved 516096K
2025-05-15T09:42:48.534+0900: 55779.821: [GC (Allocation Failure) [PSYoungGen: 597854K->8326K(688128K)] 1825254K->1235796K(1998848K), 0.0146222 secs] [Times: user=0.04 sys=0.00, real=0.01 secs] 
Heap after GC invocations=1001 (full 2):
 PSYoungGen      total 688128K, used 8326K [0x00000000d0000000, 0x0000000100000000, 0x0000000100000000)
  eden space 589824K, 0% used [0x00000000d0000000,0x00000000d0000000,0x00000000f4000000)
  from space 98304K, 8% used [0x00000000f4000000,0x00000000f4821890,0x00000000fa000000)
  to   space 98304K, 0% used [0x00000000fa000000,0x00000000fa000000,0x0000000100000000)
 ParOldGen       total 1310720K, used 1227469K [0x0000000080000000, 0x00000000d0000000, 0x00000000d0000000)
  object space 1310720K, 93% used [0x0000000080000000,0x00000000caeb3770,0x00000000d0000000)
 Metaspace       used 258047K, capacity 263182K, committed 263296K, reserved 753664K
  class space    used 24863K, capacity 25878K, committed 25984K, reserved 516096K
}
{Heap before GC invocations=1002 (full 2):
 PSYoungGen      total 688128K, used 598150K [0x00000000d0000000, 0x0000000100000000, 0x0000000100000000)
  eden space 589824K, 100% used [0x00000000d0000000,0x00000000f4000000,0x00000000f4000000)
  from space 98304K, 8% used [0x00000000f4000000,0x00000000f4821890,0x00000000fa000000)
  to   space 98304K, 0% used [0x00000000fa000000,0x00000000fa000000,0x0000000100000000)
 ParOldGen       total 1310720K, used 1227469K [0x0000000080000000, 0x00000000d0000000, 0x00000000d0000000)
  object space 1310720K, 93% used [0x0000000080000000,0x00000000caeb3770,0x00000000d0000000)
 Metaspace       used 258057K, capacity 263182K, committed 263296K, reserved 753664K
  class space    used 24863K, capacity 25878K, committed 25984K, reserved 516096K
2025-05-15T09:43:41.585+0900: 55832.872: [GC (Allocation Failure) [PSYoungGen: 598150K->8098K(688128K)] 1825620K->1235612K(1998848K), 0.0141317 secs] [Times: user=0.04 sys=0.00, real=0.02 secs] 
Heap after GC invocations=1002 (full 2):
 PSYoungGen      total 688128K, used 8098K [0x00000000d0000000, 0x0000000100000000, 0x0000000100000000)
  eden space 589824K, 0% used [0x00000000d0000000,0x00000000d0000000,0x00000000f4000000)
  from space 98304K, 8% used [0x00000000fa000000,0x00000000fa7e89b0,0x0000000100000000)
  to   space 98304K, 0% used [0x00000000f4000000,0x00000000f4000000,0x00000000fa000000)
 ParOldGen       total 1310720K, used 1227513K [0x0000000080000000, 0x00000000d0000000, 0x00000000d0000000)
  object space 1310720K, 93% used [0x0000000080000000,0x00000000caebe7a0,0x00000000d0000000)
 Metaspace       used 258057K, capacity 263182K, committed 263296K, reserved 753664K
  class space    used 24863K, capacity 25878K, committed 25984K, reserved 516096K
}
{Heap before GC invocations=1003 (full 2):
 PSYoungGen      total 688128K, used 597922K [0x00000000d0000000, 0x0000000100000000, 0x0000000100000000)
  eden space 589824K, 100% used [0x00000000d0000000,0x00000000f4000000,0x00000000f4000000)
  from space 98304K, 8% used [0x00000000fa000000,0x00000000fa7e89b0,0x0000000100000000)
  to   space 98304K, 0% used [0x00000000f4000000,0x00000000f4000000,0x00000000fa000000)
 ParOldGen       total 1310720K, used 1227513K [0x0000000080000000, 0x00000000d0000000, 0x00000000d0000000)
  object space 1310720K, 93% used [0x0000000080000000,0x00000000caebe7a0,0x00000000d0000000)
 Metaspace       used 258057K, capacity 263182K, committed 263296K, reserved 753664K
  class space    used 24863K, capacity 25878K, committed 25984K, reserved 516096K
2025-05-15T09:44:36.666+0900: 55887.953: [GC (Allocation Failure) [PSYoungGen: 597922K->8028K(688128K)] 1825436K->1235586K(1998848K), 0.0151081 secs] [Times: user=0.03 sys=0.00, real=0.02 secs] 
Heap after GC invocations=1003 (full 2):
 PSYoungGen      total 688128K, used 8028K [0x00000000d0000000, 0x0000000100000000, 0x0000000100000000)
  eden space 589824K, 0% used [0x00000000d0000000,0x00000000d0000000,0x00000000f4000000)
  from space 98304K, 8% used [0x00000000f4000000,0x00000000f47d73b0,0x00000000fa000000)
  to   space 98304K, 0% used [0x00000000fa000000,0x00000000fa000000,0x0000000100000000)
 ParOldGen       total 1310720K, used 1227557K [0x0000000080000000, 0x00000000d0000000, 0x00000000d0000000)
  object space 1310720K, 93% used [0x0000000080000000,0x00000000caec9700,0x00000000d0000000)
 Metaspace       used 258057K, capacity 263182K, committed 263296K, reserved 753664K
  class space    used 24863K, capacity 25878K, committed 25984K, reserved 516096K
}
{Heap before GC invocations=1004 (full 2):
 PSYoungGen      total 688128K, used 597852K [0x00000000d0000000, 0x0000000100000000, 0x0000000100000000)
  eden space 589824K, 100% used [0x00000000d0000000,0x00000000f4000000,0x00000000f4000000)
  from space 98304K, 8% used [0x00000000f4000000,0x00000000f47d73b0,0x00000000fa000000)
  to   space 98304K, 0% used [0x00000000fa000000,0x00000000fa000000,0x0000000100000000)
 ParOldGen       total 1310720K, used 1227557K [0x0000000080000000, 0x00000000d0000000, 0x00000000d0000000)
  object space 1310720K, 93% used [0x0000000080000000,0x00000000caec9700,0x00000000d0000000)
 Metaspace       used 258102K, capacity 263196K, committed 263552K, reserved 753664K
  class space    used 24867K, capacity 25881K, committed 25984K, reserved 516096K
2025-05-15T09:45:20.517+0900: 55931.804: [GC (Allocation Failure) [PSYoungGen: 597852K->8387K(688128K)] 1825410K->1235996K(1998848K), 0.0146256 secs] [Times: user=0.04 sys=0.00, real=0.02 secs] 
Heap after GC invocations=1004 (full 2):
 PSYoungGen      total 688128K, used 8387K [0x00000000d0000000, 0x0000000100000000, 0x0000000100000000)
  eden space 589824K, 0% used [0x00000000d0000000,0x00000000d0000000,0x00000000f4000000)
  from space 98304K, 8% used [0x00000000fa000000,0x00000000fa830c40,0x0000000100000000)
  to   space 98304K, 0% used [0x00000000f4000000,0x00000000f4000000,0x00000000fa000000)
 ParOldGen       total 1310720K, used 1227609K [0x0000000080000000, 0x00000000d0000000, 0x00000000d0000000)
  object space 1310720K, 93% used [0x0000000080000000,0x00000000caed6660,0x00000000d0000000)
 Metaspace       used 258102K, capacity 263196K, committed 263552K, reserved 753664K
  class space    used 24867K, capacity 25881K, committed 25984K, reserved 516096K
}
{Heap before GC invocations=1005 (full 2):
 PSYoungGen      total 688128K, used 598211K [0x00000000d0000000, 0x0000000100000000, 0x0000000100000000)
  eden space 589824K, 100% used [0x00000000d0000000,0x00000000f4000000,0x00000000f4000000)
  from space 98304K, 8% used [0x00000000fa000000,0x00000000fa830c40,0x0000000100000000)
  to   space 98304K, 0% used [0x00000000f4000000,0x00000000f4000000,0x00000000fa000000)
 ParOldGen       total 1310720K, used 1227609K [0x0000000080000000, 0x00000000d0000000, 0x00000000d0000000)
  object space 1310720K, 93% used [0x0000000080000000,0x00000000caed6660,0x00000000d0000000)
 Metaspace       used 258125K, capacity 263208K, committed 263552K, reserved 753664K
  class space    used 24868K, capacity 25883K, committed 25984K, reserved 516096K
2025-05-15T09:46:12.536+0900: 55983.824: [GC (Allocation Failure) [PSYoungGen: 598211K->43133K(688128K)] 1825820K->1270819K(1998848K), 0.0308187 secs] [Times: user=0.09 sys=0.00, real=0.03 secs] 
Heap after GC invocations=1005 (full 2):
 PSYoungGen      total 688128K, used 43133K [0x00000000d0000000, 0x0000000100000000, 0x0000000100000000)
  eden space 589824K, 0% used [0x00000000d0000000,0x00000000d0000000,0x00000000f4000000)
  from space 98304K, 43% used [0x00000000f4000000,0x00000000f6a1f770,0x00000000fa000000)
  to   space 98304K, 0% used [0x00000000fa000000,0x00000000fa000000,0x0000000100000000)
 ParOldGen       total 1310720K, used 1227685K [0x0000000080000000, 0x00000000d0000000, 0x00000000d0000000)
  object space 1310720K, 93% used [0x0000000080000000,0x00000000caee9680,0x00000000d0000000)
 Metaspace       used 258125K, capacity 263208K, committed 263552K, reserved 753664K
  class space    used 24868K, capacity 25883K, committed 25984K, reserved 516096K
}
{Heap before GC invocations=1006 (full 2):
 PSYoungGen      total 688128K, used 632957K [0x00000000d0000000, 0x0000000100000000, 0x0000000100000000)
  eden space 589824K, 100% used [0x00000000d0000000,0x00000000f4000000,0x00000000f4000000)
  from space 98304K, 43% used [0x00000000f4000000,0x00000000f6a1f770,0x00000000fa000000)
  to   space 98304K, 0% used [0x00000000fa000000,0x00000000fa000000,0x0000000100000000)
 ParOldGen       total 1310720K, used 1227685K [0x0000000080000000, 0x00000000d0000000, 0x00000000d0000000)
  object space 1310720K, 93% used [0x0000000080000000,0x00000000caee9680,0x00000000d0000000)
 Metaspace       used 258126K, capacity 263208K, committed 263552K, reserved 753664K
  class space    used 24868K, capacity 25883K, committed 25984K, reserved 516096K
2025-05-15T09:47:09.685+0900: 56040.972: [GC (Allocation Failure) [PSYoungGen: 632957K->8779K(688128K)] 1860643K->1236529K(1998848K), 0.0141553 secs] [Times: user=0.03 sys=0.00, real=0.02 secs] 
Heap after GC invocations=1006 (full 2):
 PSYoungGen      total 688128K, used 8779K [0x00000000d0000000, 0x0000000100000000, 0x0000000100000000)
  eden space 589824K, 0% used [0x00000000d0000000,0x00000000d0000000,0x00000000f4000000)
  from space 98304K, 8% used [0x00000000fa000000,0x00000000fa892d10,0x0000000100000000)
  to   space 98304K, 0% used [0x00000000f4000000,0x00000000f4000000,0x00000000fa000000)
 ParOldGen       total 1310720K, used 1227749K [0x0000000080000000, 0x00000000d0000000, 0x00000000d0000000)
  object space 1310720K, 93% used [0x0000000080000000,0x00000000caef9700,0x00000000d0000000)
 Metaspace       used 258126K, capacity 263208K, committed 263552K, reserved 753664K
  class space    used 24868K, capacity 25883K, committed 25984K, reserved 516096K
}
{Heap before GC invocations=1007 (full 2):
 PSYoungGen      total 688128K, used 598603K [0x00000000d0000000, 0x0000000100000000, 0x0000000100000000)
  eden space 589824K, 100% used [0x00000000d0000000,0x00000000f4000000,0x00000000f4000000)
  from space 98304K, 8% used [0x00000000fa000000,0x00000000fa892d10,0x0000000100000000)
  to   space 98304K, 0% used [0x00000000f4000000,0x00000000f4000000,0x00000000fa000000)
 ParOldGen       total 1310720K, used 1227749K [0x0000000080000000, 0x00000000d0000000, 0x00000000d0000000)
  object space 1310720K, 93% used [0x0000000080000000,0x00000000caef9700,0x00000000d0000000)
 Metaspace       used 258155K, capacity 263244K, committed 263552K, reserved 753664K
  class space    used 24871K, capacity 25889K, committed 25984K, reserved 516096K
2025-05-15T09:48:01.751+0900: 56093.038: [GC (Allocation Failure) [PSYoungGen: 598603K->8591K(688128K)] 1826353K->1236544K(1998848K), 0.0157834 secs] [Times: user=0.04 sys=0.00, real=0.01 secs] 
Heap after GC invocations=1007 (full 2):
 PSYoungGen      total 688128K, used 8591K [0x00000000d0000000, 0x0000000100000000, 0x0000000100000000)
  eden space 589824K, 0% used [0x00000000d0000000,0x00000000d0000000,0x00000000f4000000)
  from space 98304K, 8% used [0x00000000f4000000,0x00000000f4863c58,0x00000000fa000000)
  to   space 98304K, 0% used [0x00000000fa000000,0x00000000fa000000,0x0000000100000000)
 ParOldGen       total 1310720K, used 1227953K [0x0000000080000000, 0x00000000d0000000, 0x00000000d0000000)
  object space 1310720K, 93% used [0x0000000080000000,0x00000000caf2c710,0x00000000d0000000)
 Metaspace       used 258155K, capacity 263244K, committed 263552K, reserved 753664K
  class space    used 24871K, capacity 25889K, committed 25984K, reserved 516096K
}
{Heap before GC invocations=1008 (full 2):
 PSYoungGen      total 688128K, used 598415K [0x00000000d0000000, 0x0000000100000000, 0x0000000100000000)
  eden space 589824K, 100% used [0x00000000d0000000,0x00000000f4000000,0x00000000f4000000)
  from space 98304K, 8% used [0x00000000f4000000,0x00000000f4863c58,0x00000000fa000000)
  to   space 98304K, 0% used [0x00000000fa000000,0x00000000fa000000,0x0000000100000000)
 ParOldGen       total 1310720K, used 1227953K [0x0000000080000000, 0x00000000d0000000, 0x00000000d0000000)
  object space 1310720K, 93% used [0x0000000080000000,0x00000000caf2c710,0x00000000d0000000)
 Metaspace       used 258158K, capacity 263250K, committed 263552K, reserved 753664K
  class space    used 24872K, capacity 25890K, committed 25984K, reserved 516096K
2025-05-15T09:48:56.816+0900: 56148.103: [GC (Allocation Failure) [PSYoungGen: 598415K->8289K(688128K)] 1826368K->1236291K(1998848K), 0.0144860 secs] [Times: user=0.03 sys=0.00, real=0.02 secs] 
Heap after GC invocations=1008 (full 2):
 PSYoungGen      total 688128K, used 8289K [0x00000000d0000000, 0x0000000100000000, 0x0000000100000000)
  eden space 589824K, 0% used [0x00000000d0000000,0x00000000d0000000,0x00000000f4000000)
  from space 98304K, 8% used [0x00000000fa000000,0x00000000fa818620,0x0000000100000000)
  to   space 98304K, 0% used [0x00000000f4000000,0x00000000f4000000,0x00000000fa000000)
 ParOldGen       total 1310720K, used 1228001K [0x0000000080000000, 0x00000000d0000000, 0x00000000d0000000)
  object space 1310720K, 93% used [0x0000000080000000,0x00000000caf38730,0x00000000d0000000)
 Metaspace       used 258158K, capacity 263250K, committed 263552K, reserved 753664K
  class space    used 24872K, capacity 25890K, committed 25984K, reserved 516096K
}
{Heap before GC invocations=1009 (full 2):
 PSYoungGen      total 688128K, used 598113K [0x00000000d0000000, 0x0000000100000000, 0x0000000100000000)
  eden space 589824K, 99% used [0x00000000d0000000,0x00000000f3ffff90,0x00000000f4000000)
  from space 98304K, 8% used [0x00000000fa000000,0x00000000fa818620,0x0000000100000000)
  to   space 98304K, 0% used [0x00000000f4000000,0x00000000f4000000,0x00000000fa000000)
 ParOldGen       total 1310720K, used 1228001K [0x0000000080000000, 0x00000000d0000000, 0x00000000d0000000)
  object space 1310720K, 93% used [0x0000000080000000,0x00000000caf38730,0x00000000d0000000)
 Metaspace       used 258165K, capacity 263320K, committed 263552K, reserved 753664K
  class space    used 24872K, capacity 25891K, committed 25984K, reserved 516096K
2025-05-15T09:49:50.308+0900: 56201.595: [GC (Allocation Failure) [PSYoungGen: 598113K->7775K(688128K)] 1826115K->1236196K(1998848K), 0.0155788 secs] [Times: user=0.03 sys=0.00, real=0.02 secs] 
Heap after GC invocations=1009 (full 2):
 PSYoungGen      total 688128K, used 7775K [0x00000000d0000000, 0x0000000100000000, 0x0000000100000000)
  eden space 589824K, 0% used [0x00000000d0000000,0x00000000d0000000,0x00000000f4000000)
  from space 98304K, 7% used [0x00000000f4000000,0x00000000f4797ff8,0x00000000fa000000)
  to   space 98304K, 0% used [0x00000000fa000000,0x00000000fa000000,0x0000000100000000)
 ParOldGen       total 1310720K, used 1228420K [0x0000000080000000, 0x00000000d0000000, 0x00000000d0000000)
  object space 1310720K, 93% used [0x0000000080000000,0x00000000cafa1278,0x00000000d0000000)
 Metaspace       used 258165K, capacity 263320K, committed 263552K, reserved 753664K
  class space    used 24872K, capacity 25891K, committed 25984K, reserved 516096K
}
{Heap before GC invocations=1010 (full 2):
 PSYoungGen      total 688128K, used 597599K [0x00000000d0000000, 0x0000000100000000, 0x0000000100000000)
  eden space 589824K, 100% used [0x00000000d0000000,0x00000000f4000000,0x00000000f4000000)
  from space 98304K, 7% used [0x00000000f4000000,0x00000000f4797ff8,0x00000000fa000000)
  to   space 98304K, 0% used [0x00000000fa000000,0x00000000fa000000,0x0000000100000000)
 ParOldGen       total 1310720K, used 1228420K [0x0000000080000000, 0x00000000d0000000, 0x00000000d0000000)
  object space 1310720K, 93% used [0x0000000080000000,0x00000000cafa1278,0x00000000d0000000)
 Metaspace       used 258166K, capacity 263320K, committed 263552K, reserved 753664K
  class space    used 24872K, capacity 25891K, committed 25984K, reserved 516096K
2025-05-15T09:50:43.953+0900: 56255.240: [GC (Allocation Failure) [PSYoungGen: 597599K->11067K(688128K)] 1826020K->1239516K(1998848K), 0.0152855 secs] [Times: user=0.04 sys=0.00, real=0.01 secs] 
Heap after GC invocations=1010 (full 2):
 PSYoungGen      total 688128K, used 11067K [0x00000000d0000000, 0x0000000100000000, 0x0000000100000000)
  eden space 589824K, 0% used [0x00000000d0000000,0x00000000d0000000,0x00000000f4000000)
  from space 98304K, 11% used [0x00000000fa000000,0x00000000faacef80,0x0000000100000000)
  to   space 98304K, 0% used [0x00000000f4000000,0x00000000f4000000,0x00000000fa000000)
 ParOldGen       total 1310720K, used 1228448K [0x0000000080000000, 0x00000000d0000000, 0x00000000d0000000)
  object space 1310720K, 93% used [0x0000000080000000,0x00000000cafa8288,0x00000000d0000000)
 Metaspace       used 258166K, capacity 263320K, committed 263552K, reserved 753664K
  class space    used 24872K, capacity 25891K, committed 25984K, reserved 516096K
}
{Heap before GC invocations=1011 (full 2):
 PSYoungGen      total 688128K, used 600891K [0x00000000d0000000, 0x0000000100000000, 0x0000000100000000)
  eden space 589824K, 100% used [0x00000000d0000000,0x00000000f4000000,0x00000000f4000000)
  from space 98304K, 11% used [0x00000000fa000000,0x00000000faacef80,0x0000000100000000)
  to   space 98304K, 0% used [0x00000000f4000000,0x00000000f4000000,0x00000000fa000000)
 ParOldGen       total 1310720K, used 1228448K [0x0000000080000000, 0x00000000d0000000, 0x00000000d0000000)
  object space 1310720K, 93% used [0x0000000080000000,0x00000000cafa8288,0x00000000d0000000)
 Metaspace       used 258303K, capacity 263396K, committed 263552K, reserved 753664K
  class space    used 24886K, capacity 25893K, committed 25984K, reserved 516096K
2025-05-15T09:51:39.055+0900: 56310.342: [GC (Allocation Failure) [PSYoungGen: 600891K->5585K(688128K)] 1829340K->1236821K(1998848K), 0.0147453 secs] [Times: user=0.03 sys=0.00, real=0.02 secs] 
Heap after GC invocations=1011 (full 2):
 PSYoungGen      total 688128K, used 5585K [0x00000000d0000000, 0x0000000100000000, 0x0000000100000000)
  eden space 589824K, 0% used [0x00000000d0000000,0x00000000d0000000,0x00000000f4000000)
  from space 98304K, 5% used [0x00000000f4000000,0x00000000f45746f0,0x00000000fa000000)
  to   space 98304K, 0% used [0x00000000fa000000,0x00000000fa000000,0x0000000100000000)
 ParOldGen       total 1310720K, used 1231235K [0x0000000080000000, 0x00000000d0000000, 0x00000000d0000000)
  object space 1310720K, 93% used [0x0000000080000000,0x00000000cb260dd8,0x00000000d0000000)
 Metaspace       used 258303K, capacity 263396K, committed 263552K, reserved 753664K
  class space    used 24886K, capacity 25893K, committed 25984K, reserved 516096K
}
{Heap before GC invocations=1012 (full 2):
 PSYoungGen      total 688128K, used 595409K [0x00000000d0000000, 0x0000000100000000, 0x0000000100000000)
  eden space 589824K, 100% used [0x00000000d0000000,0x00000000f4000000,0x00000000f4000000)
  from space 98304K, 5% used [0x00000000f4000000,0x00000000f45746f0,0x00000000fa000000)
  to   space 98304K, 0% used [0x00000000fa000000,0x00000000fa000000,0x0000000100000000)
 ParOldGen       total 1310720K, used 1231235K [0x0000000080000000, 0x00000000d0000000, 0x00000000d0000000)
  object space 1310720K, 93% used [0x0000000080000000,0x00000000cb260dd8,0x00000000d0000000)
 Metaspace       used 258304K, capacity 263396K, committed 263552K, reserved 753664K
  class space    used 24886K, capacity 25893K, committed 25984K, reserved 516096K
2025-05-15T09:52:36.267+0900: 56367.554: [GC (Allocation Failure) [PSYoungGen: 595409K->5413K(688128K)] 1826645K->1236770K(1998848K), 0.0142985 secs] [Times: user=0.03 sys=0.00, real=0.02 secs] 
Heap after GC invocations=1012 (full 2):
 PSYoungGen      total 688128K, used 5413K [0x00000000d0000000, 0x0000000100000000, 0x0000000100000000)
  eden space 589824K, 0% used [0x00000000d0000000,0x00000000d0000000,0x00000000f4000000)
  from space 98304K, 5% used [0x00000000fa000000,0x00000000fa549698,0x0000000100000000)
  to   space 98304K, 0% used [0x00000000f4000000,0x00000000f4000000,0x00000000fa000000)
 ParOldGen       total 1310720K, used 1231356K [0x0000000080000000, 0x00000000d0000000, 0x00000000d0000000)
  object space 1310720K, 93% used [0x0000000080000000,0x00000000cb27f2a0,0x00000000d0000000)
 Metaspace       used 258304K, capacity 263396K, committed 263552K, reserved 753664K
  class space    used 24886K, capacity 25893K, committed 25984K, reserved 516096K
}
{Heap before GC invocations=1013 (full 2):
 PSYoungGen      total 688128K, used 595237K [0x00000000d0000000, 0x0000000100000000, 0x0000000100000000)
  eden space 589824K, 100% used [0x00000000d0000000,0x00000000f4000000,0x00000000f4000000)
  from space 98304K, 5% used [0x00000000fa000000,0x00000000fa549698,0x0000000100000000)
  to   space 98304K, 0% used [0x00000000f4000000,0x00000000f4000000,0x00000000fa000000)
 ParOldGen       total 1310720K, used 1231356K [0x0000000080000000, 0x00000000d0000000, 0x00000000d0000000)
  object space 1310720K, 93% used [0x0000000080000000,0x00000000cb27f2a0,0x00000000d0000000)
 Metaspace       used 258315K, capacity 263460K, committed 263552K, reserved 753664K
  class space    used 24886K, capacity 25893K, committed 25984K, reserved 516096K
2025-05-15T09:53:22.004+0900: 56413.291: [GC (Allocation Failure) [PSYoungGen: 595237K->38762K(688128K)] 1826594K->1270322K(1998848K), 0.0276579 secs] [Times: user=0.08 sys=0.01, real=0.03 secs] 
Heap after GC invocations=1013 (full 2):
 PSYoungGen      total 688128K, used 38762K [0x00000000d0000000, 0x0000000100000000, 0x0000000100000000)
  eden space 589824K, 0% used [0x00000000d0000000,0x00000000d0000000,0x00000000f4000000)
  from space 98304K, 39% used [0x00000000f4000000,0x00000000f65da818,0x00000000fa000000)
  to   space 98304K, 0% used [0x00000000fa000000,0x00000000fa000000,0x0000000100000000)
 ParOldGen       total 1310720K, used 1231560K [0x0000000080000000, 0x00000000d0000000, 0x00000000d0000000)
  object space 1310720K, 93% used [0x0000000080000000,0x00000000cb2b22f0,0x00000000d0000000)
 Metaspace       used 258315K, capacity 263460K, committed 263552K, reserved 753664K
  class space    used 24886K, capacity 25893K, committed 25984K, reserved 516096K
}
{Heap before GC invocations=1014 (full 2):
 PSYoungGen      total 688128K, used 628586K [0x00000000d0000000, 0x0000000100000000, 0x0000000100000000)
  eden space 589824K, 100% used [0x00000000d0000000,0x00000000f4000000,0x00000000f4000000)
  from space 98304K, 39% used [0x00000000f4000000,0x00000000f65da818,0x00000000fa000000)
  to   space 98304K, 0% used [0x00000000fa000000,0x00000000fa000000,0x0000000100000000)
 ParOldGen       total 1310720K, used 1231560K [0x0000000080000000, 0x00000000d0000000, 0x00000000d0000000)
  object space 1310720K, 93% used [0x0000000080000000,0x00000000cb2b22f0,0x00000000d0000000)
 Metaspace       used 258319K, capacity 263524K, committed 263808K, reserved 755712K
  class space    used 24886K, capacity 25893K, committed 25984K, reserved 516096K
2025-05-15T09:54:16.156+0900: 56467.443: [GC (Allocation Failure) [PSYoungGen: 628586K->5834K(688128K)] 1860146K->1237431K(1998848K), 0.0136139 secs] [Times: user=0.04 sys=0.00, real=0.02 secs] 
Heap after GC invocations=1014 (full 2):
 PSYoungGen      total 688128K, used 5834K [0x00000000d0000000, 0x0000000100000000, 0x0000000100000000)
  eden space 589824K, 0% used [0x00000000d0000000,0x00000000d0000000,0x00000000f4000000)
  from space 98304K, 5% used [0x00000000fa000000,0x00000000fa5b2900,0x0000000100000000)
  to   space 98304K, 0% used [0x00000000f4000000,0x00000000f4000000,0x00000000fa000000)
 ParOldGen       total 1310720K, used 1231596K [0x0000000080000000, 0x00000000d0000000, 0x00000000d0000000)
  object space 1310720K, 93% used [0x0000000080000000,0x00000000cb2bb300,0x00000000d0000000)
 Metaspace       used 258319K, capacity 263524K, committed 263808K, reserved 755712K
  class space    used 24886K, capacity 25893K, committed 25984K, reserved 516096K
}
{Heap before GC invocations=1015 (full 2):
 PSYoungGen      total 688128K, used 595658K [0x00000000d0000000, 0x0000000100000000, 0x0000000100000000)
  eden space 589824K, 100% used [0x00000000d0000000,0x00000000f4000000,0x00000000f4000000)
  from space 98304K, 5% used [0x00000000fa000000,0x00000000fa5b2900,0x0000000100000000)
  to   space 98304K, 0% used [0x00000000f4000000,0x00000000f4000000,0x00000000fa000000)
 ParOldGen       total 1310720K, used 1231596K [0x0000000080000000, 0x00000000d0000000, 0x00000000d0000000)
  object space 1310720K, 93% used [0x0000000080000000,0x00000000cb2bb300,0x00000000d0000000)
 Metaspace       used 258319K, capacity 263524K, committed 263808K, reserved 755712K
  class space    used 24886K, capacity 25893K, committed 25984K, reserved 516096K
2025-05-15T09:55:16.298+0900: 56527.585: [GC (Allocation Failure) [PSYoungGen: 595658K->6050K(688128K)] 1827255K->1237703K(1998848K), 0.0134708 secs] [Times: user=0.04 sys=0.00, real=0.02 secs] 
Heap after GC invocations=1015 (full 2):
 PSYoungGen      total 688128K, used 6050K [0x00000000d0000000, 0x0000000100000000, 0x0000000100000000)
  eden space 589824K, 0% used [0x00000000d0000000,0x00000000d0000000,0x00000000f4000000)
  from space 98304K, 6% used [0x00000000f4000000,0x00000000f45e8b78,0x00000000fa000000)
  to   space 98304K, 0% used [0x00000000fa000000,0x00000000fa000000,0x0000000100000000)
 ParOldGen       total 1310720K, used 1231652K [0x0000000080000000, 0x00000000d0000000, 0x00000000d0000000)
  object space 1310720K, 93% used [0x0000000080000000,0x00000000cb2c9270,0x00000000d0000000)
 Metaspace       used 258319K, capacity 263524K, committed 263808K, reserved 755712K
  class space    used 24886K, capacity 25893K, committed 25984K, reserved 516096K
}
{Heap before GC invocations=1016 (full 2):
 PSYoungGen      total 688128K, used 595874K [0x00000000d0000000, 0x0000000100000000, 0x0000000100000000)
  eden space 589824K, 100% used [0x00000000d0000000,0x00000000f4000000,0x00000000f4000000)
  from space 98304K, 6% used [0x00000000f4000000,0x00000000f45e8b78,0x00000000fa000000)
  to   space 98304K, 0% used [0x00000000fa000000,0x00000000fa000000,0x0000000100000000)
 ParOldGen       total 1310720K, used 1231652K [0x0000000080000000, 0x00000000d0000000, 0x00000000d0000000)
  object space 1310720K, 93% used [0x0000000080000000,0x00000000cb2c9270,0x00000000d0000000)
 Metaspace       used 258332K, capacity 263532K, committed 263808K, reserved 755712K
  class space    used 24886K, capacity 25893K, committed 25984K, reserved 516096K
2025-05-15T09:56:01.242+0900: 56572.529: [GC (Allocation Failure) [PSYoungGen: 595874K->5320K(688128K)] 1827527K->1237060K(1998848K), 0.0141628 secs] [Times: user=0.03 sys=0.00, real=0.01 secs] 
Heap after GC invocations=1016 (full 2):
 PSYoungGen      total 688128K, used 5320K [0x00000000d0000000, 0x0000000100000000, 0x0000000100000000)
  eden space 589824K, 0% used [0x00000000d0000000,0x00000000d0000000,0x00000000f4000000)
  from space 98304K, 5% used [0x00000000fa000000,0x00000000fa532010,0x0000000100000000)
  to   space 98304K, 0% used [0x00000000f4000000,0x00000000f4000000,0x00000000fa000000)
 ParOldGen       total 1310720K, used 1231740K [0x0000000080000000, 0x00000000d0000000, 0x00000000d0000000)
  object space 1310720K, 93% used [0x0000000080000000,0x00000000cb2df2b0,0x00000000d0000000)
 Metaspace       used 258332K, capacity 263532K, committed 263808K, reserved 755712K
  class space    used 24886K, capacity 25893K, committed 25984K, reserved 516096K
}
{Heap before GC invocations=1017 (full 2):
 PSYoungGen      total 688128K, used 595144K [0x00000000d0000000, 0x0000000100000000, 0x0000000100000000)
  eden space 589824K, 100% used [0x00000000d0000000,0x00000000f4000000,0x00000000f4000000)
  from space 98304K, 5% used [0x00000000fa000000,0x00000000fa532010,0x0000000100000000)
  to   space 98304K, 0% used [0x00000000f4000000,0x00000000f4000000,0x00000000fa000000)
 ParOldGen       total 1310720K, used 1231740K [0x0000000080000000, 0x00000000d0000000, 0x00000000d0000000)
  object space 1310720K, 93% used [0x0000000080000000,0x00000000cb2df2b0,0x00000000d0000000)
 Metaspace       used 258343K, capacity 263546K, committed 263808K, reserved 755712K
  class space    used 24888K, capacity 25896K, committed 25984K, reserved 516096K
2025-05-15T09:57:01.380+0900: 56632.667: [GC (Allocation Failure) [PSYoungGen: 595144K->4717K(688128K)] 1826884K->1237052K(1998848K), 0.0143228 secs] [Times: user=0.04 sys=0.00, real=0.01 secs] 
Heap after GC invocations=1017 (full 2):
 PSYoungGen      total 688128K, used 4717K [0x00000000d0000000, 0x0000000100000000, 0x0000000100000000)
  eden space 589824K, 0% used [0x00000000d0000000,0x00000000d0000000,0x00000000f4000000)
  from space 98304K, 4% used [0x00000000f4000000,0x00000000f449b7a0,0x00000000fa000000)
  to   space 98304K, 0% used [0x00000000fa000000,0x00000000fa000000,0x0000000100000000)
 ParOldGen       total 1310720K, used 1232334K [0x0000000080000000, 0x00000000d0000000, 0x00000000d0000000)
  object space 1310720K, 94% used [0x0000000080000000,0x00000000cb373b40,0x00000000d0000000)
 Metaspace       used 258343K, capacity 263546K, committed 263808K, reserved 755712K
  class space    used 24888K, capacity 25896K, committed 25984K, reserved 516096K
}
{Heap before GC invocations=1018 (full 2):
 PSYoungGen      total 688128K, used 594541K [0x00000000d0000000, 0x0000000100000000, 0x0000000100000000)
  eden space 589824K, 100% used [0x00000000d0000000,0x00000000f4000000,0x00000000f4000000)
  from space 98304K, 4% used [0x00000000f4000000,0x00000000f449b7a0,0x00000000fa000000)
  to   space 98304K, 0% used [0x00000000fa000000,0x00000000fa000000,0x0000000100000000)
 ParOldGen       total 1310720K, used 1232334K [0x0000000080000000, 0x00000000d0000000, 0x00000000d0000000)
  object space 1310720K, 94% used [0x0000000080000000,0x00000000cb373b40,0x00000000d0000000)
 Metaspace       used 258343K, capacity 263546K, committed 263808K, reserved 755712K
  class space    used 24888K, capacity 25896K, committed 25984K, reserved 516096K
2025-05-15T09:57:59.649+0900: 56690.936: [GC (Allocation Failure) [PSYoungGen: 594541K->4987K(688128K)] 1826876K->1237399K(1998848K), 0.0136064 secs] [Times: user=0.04 sys=0.00, real=0.01 secs] 
Heap after GC invocations=1018 (full 2):
 PSYoungGen      total 688128K, used 4987K [0x00000000d0000000, 0x0000000100000000, 0x0000000100000000)
  eden space 589824K, 0% used [0x00000000d0000000,0x00000000d0000000,0x00000000f4000000)
  from space 98304K, 5% used [0x00000000fa000000,0x00000000fa4ded20,0x0000000100000000)
  to   space 98304K, 0% used [0x00000000f4000000,0x00000000f4000000,0x00000000fa000000)
 ParOldGen       total 1310720K, used 1232411K [0x0000000080000000, 0x00000000d0000000, 0x00000000d0000000)
  object space 1310720K, 94% used [0x0000000080000000,0x00000000cb386fb0,0x00000000d0000000)
 Metaspace       used 258343K, capacity 263546K, committed 263808K, reserved 755712K
  class space    used 24888K, capacity 25896K, committed 25984K, reserved 516096K
}
{Heap before GC invocations=1019 (full 2):
 PSYoungGen      total 688128K, used 594811K [0x00000000d0000000, 0x0000000100000000, 0x0000000100000000)
  eden space 589824K, 100% used [0x00000000d0000000,0x00000000f4000000,0x00000000f4000000)
  from space 98304K, 5% used [0x00000000fa000000,0x00000000fa4ded20,0x0000000100000000)
  to   space 98304K, 0% used [0x00000000f4000000,0x00000000f4000000,0x00000000fa000000)
 ParOldGen       total 1310720K, used 1232411K [0x0000000080000000, 0x00000000d0000000, 0x00000000d0000000)
  object space 1310720K, 94% used [0x0000000080000000,0x00000000cb386fb0,0x00000000d0000000)
 Metaspace       used 258347K, capacity 263546K, committed 263808K, reserved 755712K
  class space    used 24888K, capacity 25896K, committed 25984K, reserved 516096K
2025-05-15T09:58:54.728+0900: 56746.015: [GC (Allocation Failure) [PSYoungGen: 594811K->3748K(688128K)] 1827223K->1237622K(1998848K), 0.0134108 secs] [Times: user=0.04 sys=0.00, real=0.02 secs] 
Heap after GC invocations=1019 (full 2):
 PSYoungGen      total 688128K, used 3748K [0x00000000d0000000, 0x0000000100000000, 0x0000000100000000)
  eden space 589824K, 0% used [0x00000000d0000000,0x00000000d0000000,0x00000000f4000000)
  from space 98304K, 3% used [0x00000000f4000000,0x00000000f43a9238,0x00000000fa000000)
  to   space 98304K, 0% used [0x00000000fa000000,0x00000000fa000000,0x0000000100000000)
 ParOldGen       total 1310720K, used 1233873K [0x0000000080000000, 0x00000000d0000000, 0x00000000d0000000)
  object space 1310720K, 94% used [0x0000000080000000,0x00000000cb4f4730,0x00000000d0000000)
 Metaspace       used 258347K, capacity 263546K, committed 263808K, reserved 755712K
  class space    used 24888K, capacity 25896K, committed 25984K, reserved 516096K
}
{Heap before GC invocations=1020 (full 2):
 PSYoungGen      total 688128K, used 593572K [0x00000000d0000000, 0x0000000100000000, 0x0000000100000000)
  eden space 589824K, 100% used [0x00000000d0000000,0x00000000f4000000,0x00000000f4000000)
  from space 98304K, 3% used [0x00000000f4000000,0x00000000f43a9238,0x00000000fa000000)
  to   space 98304K, 0% used [0x00000000fa000000,0x00000000fa000000,0x0000000100000000)
 ParOldGen       total 1310720K, used 1233873K [0x0000000080000000, 0x00000000d0000000, 0x00000000d0000000)
  object space 1310720K, 94% used [0x0000000080000000,0x00000000cb4f4730,0x00000000d0000000)
 Metaspace       used 258357K, capacity 263564K, committed 263808K, reserved 755712K
  class space    used 24890K, capacity 25899K, committed 25984K, reserved 516096K
2025-05-15T09:59:47.609+0900: 56798.897: [GC (Allocation Failure) [PSYoungGen: 593572K->3557K(688128K)] 1827446K->1237494K(1998848K), 0.0144711 secs] [Times: user=0.03 sys=0.00, real=0.01 secs] 
Heap after GC invocations=1020 (full 2):
 PSYoungGen      total 688128K, used 3557K [0x00000000d0000000, 0x0000000100000000, 0x0000000100000000)
  eden space 589824K, 0% used [0x00000000d0000000,0x00000000d0000000,0x00000000f4000000)
  from space 98304K, 3% used [0x00000000fa000000,0x00000000fa379470,0x0000000100000000)
  to   space 98304K, 0% used [0x00000000f4000000,0x00000000f4000000,0x00000000fa000000)
 ParOldGen       total 1310720K, used 1233937K [0x0000000080000000, 0x00000000d0000000, 0x00000000d0000000)
  object space 1310720K, 94% used [0x0000000080000000,0x00000000cb504740,0x00000000d0000000)
 Metaspace       used 258357K, capacity 263564K, committed 263808K, reserved 755712K
  class space    used 24890K, capacity 25899K, committed 25984K, reserved 516096K
}
{Heap before GC invocations=1021 (full 2):
 PSYoungGen      total 688128K, used 593381K [0x00000000d0000000, 0x0000000100000000, 0x0000000100000000)
  eden space 589824K, 100% used [0x00000000d0000000,0x00000000f4000000,0x00000000f4000000)
  from space 98304K, 3% used [0x00000000fa000000,0x00000000fa379470,0x0000000100000000)
  to   space 98304K, 0% used [0x00000000f4000000,0x00000000f4000000,0x00000000fa000000)
 ParOldGen       total 1310720K, used 1233937K [0x0000000080000000, 0x00000000d0000000, 0x00000000d0000000)
  object space 1310720K, 94% used [0x0000000080000000,0x00000000cb504740,0x00000000d0000000)
 Metaspace       used 258357K, capacity 263564K, committed 263808K, reserved 755712K
  class space    used 24890K, capacity 25899K, committed 25984K, reserved 516096K
2025-05-15T10:00:42.772+0900: 56854.059: [GC (Allocation Failure) [PSYoungGen: 593381K->3740K(688128K)] 1827318K->1237718K(1998848K), 0.0137489 secs] [Times: user=0.04 sys=0.00, real=0.01 secs] 
Heap after GC invocations=1021 (full 2):
 PSYoungGen      total 688128K, used 3740K [0x00000000d0000000, 0x0000000100000000, 0x0000000100000000)
  eden space 589824K, 0% used [0x00000000d0000000,0x00000000d0000000,0x00000000f4000000)
  from space 98304K, 3% used [0x00000000f4000000,0x00000000f43a73f0,0x00000000fa000000)
  to   space 98304K, 0% used [0x00000000fa000000,0x00000000fa000000,0x0000000100000000)
 ParOldGen       total 1310720K, used 1233977K [0x0000000080000000, 0x00000000d0000000, 0x00000000d0000000)
  object space 1310720K, 94% used [0x0000000080000000,0x00000000cb50e690,0x00000000d0000000)
 Metaspace       used 258357K, capacity 263564K, committed 263808K, reserved 755712K
  class space    used 24890K, capacity 25899K, committed 25984K, reserved 516096K
}
{Heap before GC invocations=1022 (full 2):
 PSYoungGen      total 688128K, used 593564K [0x00000000d0000000, 0x0000000100000000, 0x0000000100000000)
  eden space 589824K, 100% used [0x00000000d0000000,0x00000000f4000000,0x00000000f4000000)
  from space 98304K, 3% used [0x00000000f4000000,0x00000000f43a73f0,0x00000000fa000000)
  to   space 98304K, 0% used [0x00000000fa000000,0x00000000fa000000,0x0000000100000000)
 ParOldGen       total 1310720K, used 1233977K [0x0000000080000000, 0x00000000d0000000, 0x00000000d0000000)
  object space 1310720K, 94% used [0x0000000080000000,0x00000000cb50e690,0x00000000d0000000)
 Metaspace       used 258365K, capacity 263568K, committed 263808K, reserved 755712K
  class space    used 24890K, capacity 25899K, committed 25984K, reserved 516096K
2025-05-15T10:01:36.729+0900: 56908.016: [GC (Allocation Failure) [PSYoungGen: 593564K->3810K(688128K)] 1827542K->1237901K(1998848K), 0.0135596 secs] [Times: user=0.03 sys=0.00, real=0.01 secs] 
Heap after GC invocations=1022 (full 2):
 PSYoungGen      total 688128K, used 3810K [0x00000000d0000000, 0x0000000100000000, 0x0000000100000000)
  eden space 589824K, 0% used [0x00000000d0000000,0x00000000d0000000,0x00000000f4000000)
  from space 98304K, 3% used [0x00000000fa000000,0x00000000fa3b88f0,0x0000000100000000)
  to   space 98304K, 0% used [0x00000000f4000000,0x00000000f4000000,0x00000000fa000000)
 ParOldGen       total 1310720K, used 1234091K [0x0000000080000000, 0x00000000d0000000, 0x00000000d0000000)
  object space 1310720K, 94% used [0x0000000080000000,0x00000000cb52adb8,0x00000000d0000000)
 Metaspace       used 258365K, capacity 263568K, committed 263808K, reserved 755712K
  class space    used 24890K, capacity 25899K, committed 25984K, reserved 516096K
}
{Heap before GC invocations=1023 (full 2):
 PSYoungGen      total 688128K, used 593634K [0x00000000d0000000, 0x0000000100000000, 0x0000000100000000)
  eden space 589824K, 100% used [0x00000000d0000000,0x00000000f4000000,0x00000000f4000000)
  from space 98304K, 3% used [0x00000000fa000000,0x00000000fa3b88f0,0x0000000100000000)
  to   space 98304K, 0% used [0x00000000f4000000,0x00000000f4000000,0x00000000fa000000)
 ParOldGen       total 1310720K, used 1234091K [0x0000000080000000, 0x00000000d0000000, 0x00000000d0000000)
  object space 1310720K, 94% used [0x0000000080000000,0x00000000cb52adb8,0x00000000d0000000)
 Metaspace       used 258366K, capacity 263568K, committed 263808K, reserved 755712K
  class space    used 24890K, capacity 25899K, committed 25984K, reserved 516096K
2025-05-15T10:02:32.839+0900: 56964.126: [GC (Allocation Failure) [PSYoungGen: 593634K->3779K(688128K)] 1827725K->1237918K(1998848K), 0.0133307 secs] [Times: user=0.03 sys=0.00, real=0.01 secs] 
Heap after GC invocations=1023 (full 2):
 PSYoungGen      total 688128K, used 3779K [0x00000000d0000000, 0x0000000100000000, 0x0000000100000000)
  eden space 589824K, 0% used [0x00000000d0000000,0x00000000d0000000,0x00000000f4000000)
  from space 98304K, 3% used [0x00000000f4000000,0x00000000f43b0ca0,0x00000000fa000000)
  to   space 98304K, 0% used [0x00000000fa000000,0x00000000fa000000,0x0000000100000000)
 ParOldGen       total 1310720K, used 1234139K [0x0000000080000000, 0x00000000d0000000, 0x00000000d0000000)
  object space 1310720K, 94% used [0x0000000080000000,0x00000000cb536dd8,0x00000000d0000000)
 Metaspace       used 258366K, capacity 263568K, committed 263808K, reserved 755712K
  class space    used 24890K, capacity 25899K, committed 25984K, reserved 516096K
}
{Heap before GC invocations=1024 (full 2):
 PSYoungGen      total 688128K, used 593603K [0x00000000d0000000, 0x0000000100000000, 0x0000000100000000)
  eden space 589824K, 100% used [0x00000000d0000000,0x00000000f4000000,0x00000000f4000000)
  from space 98304K, 3% used [0x00000000f4000000,0x00000000f43b0ca0,0x00000000fa000000)
  to   space 98304K, 0% used [0x00000000fa000000,0x00000000fa000000,0x0000000100000000)
 ParOldGen       total 1310720K, used 1234139K [0x0000000080000000, 0x00000000d0000000, 0x00000000d0000000)
  object space 1310720K, 94% used [0x0000000080000000,0x00000000cb536dd8,0x00000000d0000000)
 Metaspace       used 258367K, capacity 263568K, committed 263808K, reserved 755712K
  class space    used 24890K, capacity 25899K, committed 25984K, reserved 516096K
2025-05-15T10:03:28.003+0900: 57019.291: [GC (Allocation Failure) [PSYoungGen: 593603K->4086K(688128K)] 1827742K->1238273K(1998848K), 0.0137243 secs] [Times: user=0.04 sys=0.00, real=0.01 secs] 
Heap after GC invocations=1024 (full 2):
 PSYoungGen      total 688128K, used 4086K [0x00000000d0000000, 0x0000000100000000, 0x0000000100000000)
  eden space 589824K, 0% used [0x00000000d0000000,0x00000000d0000000,0x00000000f4000000)
  from space 98304K, 4% used [0x00000000fa000000,0x00000000fa3fd968,0x0000000100000000)
  to   space 98304K, 0% used [0x00000000f4000000,0x00000000f4000000,0x00000000fa000000)
 ParOldGen       total 1310720K, used 1234187K [0x0000000080000000, 0x00000000d0000000, 0x00000000d0000000)
  object space 1310720K, 94% used [0x0000000080000000,0x00000000cb542e18,0x00000000d0000000)
 Metaspace       used 258367K, capacity 263568K, committed 263808K, reserved 755712K
  class space    used 24890K, capacity 25899K, committed 25984K, reserved 516096K
}
{Heap before GC invocations=1025 (full 2):
 PSYoungGen      total 688128K, used 593910K [0x00000000d0000000, 0x0000000100000000, 0x0000000100000000)
  eden space 589824K, 100% used [0x00000000d0000000,0x00000000f4000000,0x00000000f4000000)
  from space 98304K, 4% used [0x00000000fa000000,0x00000000fa3fd968,0x0000000100000000)
  to   space 98304K, 0% used [0x00000000f4000000,0x00000000f4000000,0x00000000fa000000)
 ParOldGen       total 1310720K, used 1234187K [0x0000000080000000, 0x00000000d0000000, 0x00000000d0000000)
  object space 1310720K, 94% used [0x0000000080000000,0x00000000cb542e18,0x00000000d0000000)
 Metaspace       used 258367K, capacity 263568K, committed 263808K, reserved 755712K
  class space    used 24890K, capacity 25899K, committed 25984K, reserved 516096K
2025-05-15T10:03:35.175+0900: 57026.462: [GC (Allocation Failure) --[PSYoungGen: 593910K->593910K(688128K)] 1828097K->1904625K(1998848K), 0.7031838 secs] [Times: user=1.06 sys=0.59, real=0.70 secs] 
Heap after GC invocations=1025 (full 2):
 PSYoungGen      total 688128K, used 593910K [0x00000000d0000000, 0x0000000100000000, 0x0000000100000000)
  eden space 589824K, 100% used [0x00000000d0000000,0x00000000f4000000,0x00000000f4000000)
  from space 98304K, 4% used [0x00000000fa000000,0x00000000fa3fd968,0x0000000100000000)
  to   space 98304K, 99% used [0x00000000f4000000,0x00000000f9ffdf28,0x00000000fa000000)
 ParOldGen       total 1310720K, used 1310715K [0x0000000080000000, 0x00000000d0000000, 0x00000000d0000000)
  object space 1310720K, 99% used [0x0000000080000000,0x00000000cfffee18,0x00000000d0000000)
 Metaspace       used 258367K, capacity 263568K, committed 263808K, reserved 755712K
  class space    used 24890K, capacity 25899K, committed 25984K, reserved 516096K
}
{Heap before GC invocations=1026 (full 3):
 PSYoungGen      total 688128K, used 593910K [0x00000000d0000000, 0x0000000100000000, 0x0000000100000000)
  eden space 589824K, 100% used [0x00000000d0000000,0x00000000f4000000,0x00000000f4000000)
  from space 98304K, 4% used [0x00000000fa000000,0x00000000fa3fd968,0x0000000100000000)
  to   space 98304K, 99% used [0x00000000f4000000,0x00000000f9ffdf28,0x00000000fa000000)
 ParOldGen       total 1310720K, used 1310715K [0x0000000080000000, 0x00000000d0000000, 0x00000000d0000000)
  object space 1310720K, 99% used [0x0000000080000000,0x00000000cfffee18,0x00000000d0000000)
 Metaspace       used 258367K, capacity 263568K, committed 263808K, reserved 755712K
  class space    used 24890K, capacity 25899K, committed 25984K, reserved 516096K
2025-05-15T10:03:35.878+0900: 57027.166: [Full GC (Ergonomics) [PSYoungGen: 593910K->0K(688128K)] [ParOldGen: 1310715K->853132K(1310720K)] 1904625K->853132K(1998848K), [Metaspace: 258367K->257133K(755712K)], 1.7333809 secs] [Times: user=5.05 sys=0.02, real=1.73 secs] 
Heap after GC invocations=1026 (full 3):
 PSYoungGen      total 688128K, used 0K [0x00000000d0000000, 0x0000000100000000, 0x0000000100000000)
  eden space 589824K, 0% used [0x00000000d0000000,0x00000000d0000000,0x00000000f4000000)
  from space 98304K, 0% used [0x00000000fa000000,0x00000000fa000000,0x0000000100000000)
  to   space 98304K, 0% used [0x00000000f4000000,0x00000000f4000000,0x00000000fa000000)
 ParOldGen       total 1310720K, used 853132K [0x0000000080000000, 0x00000000d0000000, 0x00000000d0000000)
  object space 1310720K, 65% used [0x0000000080000000,0x00000000b41231e8,0x00000000d0000000)
 Metaspace       used 257133K, capacity 261404K, committed 263808K, reserved 755712K
  class space    used 24684K, capacity 25526K, committed 25984K, reserved 516096K
}
{Heap before GC invocations=1027 (full 3):
 PSYoungGen      total 688128K, used 589824K [0x00000000d0000000, 0x0000000100000000, 0x0000000100000000)
  eden space 589824K, 100% used [0x00000000d0000000,0x00000000f4000000,0x00000000f4000000)
  from space 98304K, 0% used [0x00000000fa000000,0x00000000fa000000,0x0000000100000000)
  to   space 98304K, 0% used [0x00000000f4000000,0x00000000f4000000,0x00000000fa000000)
 ParOldGen       total 1310720K, used 853132K [0x0000000080000000, 0x00000000d0000000, 0x00000000d0000000)
  object space 1310720K, 65% used [0x0000000080000000,0x00000000b41231e8,0x00000000d0000000)
 Metaspace       used 257133K, capacity 261404K, committed 263808K, reserved 755712K
  class space    used 24684K, capacity 25526K, committed 25984K, reserved 516096K
2025-05-15T10:03:39.121+0900: 57030.408: [GC (Allocation Failure) [PSYoungGen: 589824K->98281K(688128K)] 1442956K->1130246K(1998848K), 0.2684038 secs] [Times: user=0.88 sys=0.01, real=0.27 secs] 
Heap after GC invocations=1027 (full 3):
 PSYoungGen      total 688128K, used 98281K [0x00000000d0000000, 0x0000000100000000, 0x0000000100000000)
  eden space 589824K, 0% used [0x00000000d0000000,0x00000000d0000000,0x00000000f4000000)
  from space 98304K, 99% used [0x00000000f4000000,0x00000000f9ffa798,0x00000000fa000000)
  to   space 98304K, 0% used [0x00000000fa000000,0x00000000fa000000,0x0000000100000000)
 ParOldGen       total 1310720K, used 1031964K [0x0000000080000000, 0x00000000d0000000, 0x00000000d0000000)
  object space 1310720K, 78% used [0x0000000080000000,0x00000000befc71e8,0x00000000d0000000)
 Metaspace       used 257133K, capacity 261404K, committed 263808K, reserved 755712K
  class space    used 24684K, capacity 25526K, committed 25984K, reserved 516096K
}
{Heap before GC invocations=1028 (full 3):
 PSYoungGen      total 688128K, used 688105K [0x00000000d0000000, 0x0000000100000000, 0x0000000100000000)
  eden space 589824K, 100% used [0x00000000d0000000,0x00000000f4000000,0x00000000f4000000)
  from space 98304K, 99% used [0x00000000f4000000,0x00000000f9ffa798,0x00000000fa000000)
  to   space 98304K, 0% used [0x00000000fa000000,0x00000000fa000000,0x0000000100000000)
 ParOldGen       total 1310720K, used 1031964K [0x0000000080000000, 0x00000000d0000000, 0x00000000d0000000)
  object space 1310720K, 78% used [0x0000000080000000,0x00000000befc71e8,0x00000000d0000000)
 Metaspace       used 257133K, capacity 261404K, committed 263808K, reserved 755712K
  class space    used 24684K, capacity 25526K, committed 25984K, reserved 516096K
2025-05-15T10:03:40.865+0900: 57032.152: [GC (Allocation Failure) [PSYoungGen: 688105K->98302K(688128K)] 1720070K->1407531K(1998848K), 0.4163614 secs] [Times: user=1.18 sys=0.00, real=0.42 secs] 
Heap after GC invocations=1028 (full 3):
 PSYoungGen      total 688128K, used 98302K [0x00000000d0000000, 0x0000000100000000, 0x0000000100000000)
  eden space 589824K, 0% used [0x00000000d0000000,0x00000000d0000000,0x00000000f4000000)
  from space 98304K, 99% used [0x00000000fa000000,0x00000000fffffb58,0x0000000100000000)
  to   space 98304K, 0% used [0x00000000f4000000,0x00000000f4000000,0x00000000fa000000)
 ParOldGen       total 1310720K, used 1309228K [0x0000000080000000, 0x00000000d0000000, 0x00000000d0000000)
  object space 1310720K, 99% used [0x0000000080000000,0x00000000cfe8b1e8,0x00000000d0000000)
 Metaspace       used 257133K, capacity 261404K, committed 263808K, reserved 755712K
  class space    used 24684K, capacity 25526K, committed 25984K, reserved 516096K
}
{Heap before GC invocations=1029 (full 4):
 PSYoungGen      total 688128K, used 98302K [0x00000000d0000000, 0x0000000100000000, 0x0000000100000000)
  eden space 589824K, 0% used [0x00000000d0000000,0x00000000d0000000,0x00000000f4000000)
  from space 98304K, 99% used [0x00000000fa000000,0x00000000fffffb58,0x0000000100000000)
  to   space 98304K, 0% used [0x00000000f4000000,0x00000000f4000000,0x00000000fa000000)
 ParOldGen       total 1310720K, used 1309228K [0x0000000080000000, 0x00000000d0000000, 0x00000000d0000000)
  object space 1310720K, 99% used [0x0000000080000000,0x00000000cfe8b1e8,0x00000000d0000000)
 Metaspace       used 257133K, capacity 261404K, committed 263808K, reserved 755712K
  class space    used 24684K, capacity 25526K, committed 25984K, reserved 516096K
2025-05-15T10:03:41.282+0900: 57032.569: [Full GC (Ergonomics) [PSYoungGen: 98302K->75705K(688128K)] [ParOldGen: 1309228K->1310488K(1310720K)] 1407531K->1386193K(1998848K), [Metaspace: 257133K->257133K(755712K)], 2.7092332 secs] [Times: user=8.92 sys=0.00, real=2.71 secs] 
Heap after GC invocations=1029 (full 4):
 PSYoungGen      total 688128K, used 75705K [0x00000000d0000000, 0x0000000100000000, 0x0000000100000000)
  eden space 589824K, 0% used [0x00000000d0000000,0x00000000d0000000,0x00000000f4000000)
  from space 98304K, 77% used [0x00000000fa000000,0x00000000fe9ee470,0x0000000100000000)
  to   space 98304K, 0% used [0x00000000f4000000,0x00000000f4000000,0x00000000fa000000)
 ParOldGen       total 1310720K, used 1310488K [0x0000000080000000, 0x00000000d0000000, 0x00000000d0000000)
  object space 1310720K, 99% used [0x0000000080000000,0x00000000cffc6310,0x00000000d0000000)
 Metaspace       used 257133K, capacity 261404K, committed 263808K, reserved 755712K
  class space    used 24684K, capacity 25526K, committed 25984K, reserved 516096K
}
{Heap before GC invocations=1030 (full 5):
 PSYoungGen      total 688128K, used 665529K [0x00000000d0000000, 0x0000000100000000, 0x0000000100000000)
  eden space 589824K, 100% used [0x00000000d0000000,0x00000000f4000000,0x00000000f4000000)
  from space 98304K, 77% used [0x00000000fa000000,0x00000000fe9ee470,0x0000000100000000)
  to   space 98304K, 0% used [0x00000000f4000000,0x00000000f4000000,0x00000000fa000000)
 ParOldGen       total 1310720K, used 1310488K [0x0000000080000000, 0x00000000d0000000, 0x00000000d0000000)
  object space 1310720K, 99% used [0x0000000080000000,0x00000000cffc6310,0x00000000d0000000)
 Metaspace       used 257161K, capacity 261404K, committed 263808K, reserved 755712K
  class space    used 24690K, capacity 25526K, committed 25984K, reserved 516096K
2025-05-15T10:03:45.395+0900: 57036.682: [Full GC (Ergonomics) [PSYoungGen: 665529K->331597K(688128K)] [ParOldGen: 1310488K->1310561K(1310720K)] 1976017K->1642159K(1998848K), [Metaspace: 257161K->257157K(755712K)], 2.8642258 secs] [Times: user=9.58 sys=0.01, real=2.87 secs] 
Heap after GC invocations=1030 (full 5):
 PSYoungGen      total 688128K, used 331597K [0x00000000d0000000, 0x0000000100000000, 0x0000000100000000)
  eden space 589824K, 56% used [0x00000000d0000000,0x00000000e43d3668,0x00000000f4000000)
  from space 98304K, 0% used [0x00000000fa000000,0x00000000fa000000,0x0000000100000000)
  to   space 98304K, 0% used [0x00000000f4000000,0x00000000f4000000,0x00000000fa000000)
 ParOldGen       total 1310720K, used 1310561K [0x0000000080000000, 0x00000000d0000000, 0x00000000d0000000)
  object space 1310720K, 99% used [0x0000000080000000,0x00000000cffd87a0,0x00000000d0000000)
 Metaspace       used 257157K, capacity 261398K, committed 263808K, reserved 755712K
  class space    used 24690K, capacity 25525K, committed 25984K, reserved 516096K
}
{Heap before GC invocations=1031 (full 6):
 PSYoungGen      total 688128K, used 589824K [0x00000000d0000000, 0x0000000100000000, 0x0000000100000000)
  eden space 589824K, 100% used [0x00000000d0000000,0x00000000f4000000,0x00000000f4000000)
  from space 98304K, 0% used [0x00000000fa000000,0x00000000fa000000,0x0000000100000000)
  to   space 98304K, 0% used [0x00000000f4000000,0x00000000f4000000,0x00000000fa000000)
 ParOldGen       total 1310720K, used 1310561K [0x0000000080000000, 0x00000000d0000000, 0x00000000d0000000)
  object space 1310720K, 99% used [0x0000000080000000,0x00000000cffd87a0,0x00000000d0000000)
 Metaspace       used 257158K, capacity 261398K, committed 263808K, reserved 755712K
  class space    used 24690K, capacity 25525K, committed 25984K, reserved 516096K
2025-05-15T10:03:48.894+0900: 57040.181: [Full GC (Ergonomics) [PSYoungGen: 589824K->449015K(688128K)] [ParOldGen: 1310561K->1310381K(1310720K)] 1900385K->1759397K(1998848K), [Metaspace: 257158K->257138K(755712K)], 3.0030167 secs] [Times: user=10.40 sys=0.02, real=3.00 secs] 
Heap after GC invocations=1031 (full 6):
 PSYoungGen      total 688128K, used 449015K [0x00000000d0000000, 0x0000000100000000, 0x0000000100000000)
  eden space 589824K, 76% used [0x00000000d0000000,0x00000000eb67de90,0x00000000f4000000)
  from space 98304K, 0% used [0x00000000fa000000,0x00000000fa000000,0x0000000100000000)
  to   space 98304K, 0% used [0x00000000f4000000,0x00000000f4000000,0x00000000fa000000)
 ParOldGen       total 1310720K, used 1310381K [0x0000000080000000, 0x00000000d0000000, 0x00000000d0000000)
  object space 1310720K, 99% used [0x0000000080000000,0x00000000cffab7a0,0x00000000d0000000)
 Metaspace       used 257138K, capacity 261368K, committed 263808K, reserved 755712K
  class space    used 24687K, capacity 25520K, committed 25984K, reserved 516096K
}
{Heap before GC invocations=1032 (full 7):
 PSYoungGen      total 688128K, used 589824K [0x00000000d0000000, 0x0000000100000000, 0x0000000100000000)
  eden space 589824K, 100% used [0x00000000d0000000,0x00000000f4000000,0x00000000f4000000)
  from space 98304K, 0% used [0x00000000fa000000,0x00000000fa000000,0x0000000100000000)
  to   space 98304K, 0% used [0x00000000f4000000,0x00000000f4000000,0x00000000fa000000)
 ParOldGen       total 1310720K, used 1310381K [0x0000000080000000, 0x00000000d0000000, 0x00000000d0000000)
  object space 1310720K, 99% used [0x0000000080000000,0x00000000cffab7a0,0x00000000d0000000)
 Metaspace       used 257138K, capacity 261368K, committed 263808K, reserved 755712K
  class space    used 24687K, capacity 25520K, committed 25984K, reserved 516096K
2025-05-15T10:03:52.236+0900: 57043.523: [Full GC (Ergonomics) [PSYoungGen: 589824K->511516K(688128K)] [ParOldGen: 1310381K->1310684K(1310720K)] 1900205K->1822200K(1998848K), [Metaspace: 257138K->257135K(755712K)], 3.5994652 secs] [Times: user=12.41 sys=0.03, real=3.60 secs] 
Heap after GC invocations=1032 (full 7):
 PSYoungGen      total 688128K, used 511516K [0x00000000d0000000, 0x0000000100000000, 0x0000000100000000)
  eden space 589824K, 86% used [0x00000000d0000000,0x00000000ef3871f8,0x00000000f4000000)
  from space 98304K, 0% used [0x00000000fa000000,0x00000000fa000000,0x0000000100000000)
  to   space 98304K, 0% used [0x00000000f4000000,0x00000000f4000000,0x00000000fa000000)
 ParOldGen       total 1310720K, used 1310684K [0x0000000080000000, 0x00000000d0000000, 0x00000000d0000000)
  object space 1310720K, 99% used [0x0000000080000000,0x00000000cfff7120,0x00000000d0000000)
 Metaspace       used 257135K, capacity 261362K, committed 263808K, reserved 755712K
  class space    used 24686K, capacity 25519K, committed 25984K, reserved 516096K
}
{Heap before GC invocations=1033 (full 8):
 PSYoungGen      total 688128K, used 589824K [0x00000000d0000000, 0x0000000100000000, 0x0000000100000000)
  eden space 589824K, 100% used [0x00000000d0000000,0x00000000f4000000,0x00000000f4000000)
  from space 98304K, 0% used [0x00000000fa000000,0x00000000fa000000,0x0000000100000000)
  to   space 98304K, 0% used [0x00000000f4000000,0x00000000f4000000,0x00000000fa000000)
 ParOldGen       total 1310720K, used 1310684K [0x0000000080000000, 0x00000000d0000000, 0x00000000d0000000)
  object space 1310720K, 99% used [0x0000000080000000,0x00000000cfff7120,0x00000000d0000000)
 Metaspace       used 257135K, capacity 261362K, committed 263808K, reserved 755712K
  class space    used 24686K, capacity 25519K, committed 25984K, reserved 516096K
2025-05-15T10:03:55.997+0900: 57047.284: [Full GC (Ergonomics) [PSYoungGen: 589824K->541091K(688128K)] [ParOldGen: 1310684K->1310564K(1310720K)] 1900508K->1851655K(1998848K), [Metaspace: 257135K->257135K(755712K)], 2.8686256 secs] [Times: user=9.25 sys=0.01, real=2.87 secs] 
Heap after GC invocations=1033 (full 8):
 PSYoungGen      total 688128K, used 541091K [0x00000000d0000000, 0x0000000100000000, 0x0000000100000000)
  eden space 589824K, 91% used [0x00000000d0000000,0x00000000f1068dd0,0x00000000f4000000)
  from space 98304K, 0% used [0x00000000fa000000,0x00000000fa000000,0x0000000100000000)
  to   space 98304K, 0% used [0x00000000f4000000,0x00000000f4000000,0x00000000fa000000)
 ParOldGen       total 1310720K, used 1310564K [0x0000000080000000, 0x00000000d0000000, 0x00000000d0000000)
  object space 1310720K, 99% used [0x0000000080000000,0x00000000cffd9140,0x00000000d0000000)
 Metaspace       used 257135K, capacity 261362K, committed 263808K, reserved 755712K
  class space    used 24686K, capacity 25519K, committed 25984K, reserved 516096K
}
{Heap before GC invocations=1034 (full 9):
 PSYoungGen      total 688128K, used 589824K [0x00000000d0000000, 0x0000000100000000, 0x0000000100000000)
  eden space 589824K, 100% used [0x00000000d0000000,0x00000000f4000000,0x00000000f4000000)
  from space 98304K, 0% used [0x00000000fa000000,0x00000000fa000000,0x0000000100000000)
  to   space 98304K, 0% used [0x00000000f4000000,0x00000000f4000000,0x00000000fa000000)
 ParOldGen       total 1310720K, used 1310564K [0x0000000080000000, 0x00000000d0000000, 0x00000000d0000000)
  object space 1310720K, 99% used [0x0000000080000000,0x00000000cffd9140,0x00000000d0000000)
 Metaspace       used 257135K, capacity 261362K, committed 263808K, reserved 755712K
  class space    used 24686K, capacity 25519K, committed 25984K, reserved 516096K
2025-05-15T10:03:58.967+0900: 57050.254: [Full GC (Ergonomics) [PSYoungGen: 589824K->559325K(688128K)] [ParOldGen: 1310564K->1310348K(1310720K)] 1900388K->1869674K(1998848K), [Metaspace: 257135K->257135K(755712K)], 3.0858651 secs] [Times: user=9.77 sys=0.03, real=3.09 secs] 
Heap after GC invocations=1034 (full 9):
 PSYoungGen      total 688128K, used 559325K [0x00000000d0000000, 0x0000000100000000, 0x0000000100000000)
  eden space 589824K, 94% used [0x00000000d0000000,0x00000000f22376b8,0x00000000f4000000)
  from space 98304K, 0% used [0x00000000fa000000,0x00000000fa000000,0x0000000100000000)
  to   space 98304K, 0% used [0x00000000f4000000,0x00000000f4000000,0x00000000fa000000)
 ParOldGen       total 1310720K, used 1310348K [0x0000000080000000, 0x00000000d0000000, 0x00000000d0000000)
  object space 1310720K, 99% used [0x0000000080000000,0x00000000cffa3260,0x00000000d0000000)
 Metaspace       used 257135K, capacity 261362K, committed 263808K, reserved 755712K
  class space    used 24686K, capacity 25519K, committed 25984K, reserved 516096K
}
{Heap before GC invocations=1035 (full 10):
 PSYoungGen      total 688128K, used 589824K [0x00000000d0000000, 0x0000000100000000, 0x0000000100000000)
  eden space 589824K, 100% used [0x00000000d0000000,0x00000000f4000000,0x00000000f4000000)
  from space 98304K, 0% used [0x00000000fa000000,0x00000000fa000000,0x0000000100000000)
  to   space 98304K, 0% used [0x00000000f4000000,0x00000000f4000000,0x00000000fa000000)
 ParOldGen       total 1310720K, used 1310348K [0x0000000080000000, 0x00000000d0000000, 0x00000000d0000000)
  object space 1310720K, 99% used [0x0000000080000000,0x00000000cffa3260,0x00000000d0000000)
 Metaspace       used 257135K, capacity 261362K, committed 263808K, reserved 755712K
  class space    used 24686K, capacity 25519K, committed 25984K, reserved 516096K
2025-05-15T10:04:02.092+0900: 57053.380: [Full GC (Ergonomics) [PSYoungGen: 589824K->564890K(688128K)] [ParOldGen: 1310348K->1310248K(1310720K)] 1900172K->1875139K(1998848K), [Metaspace: 257135K->257135K(755712K)], 3.2312007 secs] [Times: user=10.90 sys=0.01, real=3.23 secs] 
Heap after GC invocations=1035 (full 10):
 PSYoungGen      total 688128K, used 564890K [0x00000000d0000000, 0x0000000100000000, 0x0000000100000000)
  eden space 589824K, 95% used [0x00000000d0000000,0x00000000f27a6b88,0x00000000f4000000)
  from space 98304K, 0% used [0x00000000fa000000,0x00000000fa000000,0x0000000100000000)
  to   space 98304K, 0% used [0x00000000f4000000,0x00000000f4000000,0x00000000fa000000)
 ParOldGen       total 1310720K, used 1310248K [0x0000000080000000, 0x00000000d0000000, 0x00000000d0000000)
  object space 1310720K, 99% used [0x0000000080000000,0x00000000cff8a1d8,0x00000000d0000000)
 Metaspace       used 257135K, capacity 261362K, committed 263808K, reserved 755712K
  class space    used 24686K, capacity 25519K, committed 25984K, reserved 516096K
}
{Heap before GC invocations=1036 (full 11):
 PSYoungGen      total 688128K, used 589824K [0x00000000d0000000, 0x0000000100000000, 0x0000000100000000)
  eden space 589824K, 100% used [0x00000000d0000000,0x00000000f4000000,0x00000000f4000000)
  from space 98304K, 0% used [0x00000000fa000000,0x00000000fa000000,0x0000000100000000)
  to   space 98304K, 0% used [0x00000000f4000000,0x00000000f4000000,0x00000000fa000000)
 ParOldGen       total 1310720K, used 1310248K [0x0000000080000000, 0x00000000d0000000, 0x00000000d0000000)
  object space 1310720K, 99% used [0x0000000080000000,0x00000000cff8a1d8,0x00000000d0000000)
 Metaspace       used 257135K, capacity 261362K, committed 263808K, reserved 755712K
  class space    used 24686K, capacity 25519K, committed 25984K, reserved 516096K
2025-05-15T10:04:05.363+0900: 57056.650: [Full GC (Ergonomics) [PSYoungGen: 589824K->571931K(688128K)] [ParOldGen: 1310248K->1310241K(1310720K)] 1900072K->1882172K(1998848K), [Metaspace: 257135K->257135K(755712K)], 2.8862925 secs] [Times: user=9.95 sys=0.02, real=2.89 secs] 
Heap after GC invocations=1036 (full 11):
 PSYoungGen      total 688128K, used 571931K [0x00000000d0000000, 0x0000000100000000, 0x0000000100000000)
  eden space 589824K, 96% used [0x00000000d0000000,0x00000000f2e86ea8,0x00000000f4000000)
  from space 98304K, 0% used [0x00000000fa000000,0x00000000fa000000,0x0000000100000000)
  to   space 98304K, 0% used [0x00000000f4000000,0x00000000f4000000,0x00000000fa000000)
 ParOldGen       total 1310720K, used 1310241K [0x0000000080000000, 0x00000000d0000000, 0x00000000d0000000)
  object space 1310720K, 99% used [0x0000000080000000,0x00000000cff88538,0x00000000d0000000)
 Metaspace       used 257135K, capacity 261362K, committed 263808K, reserved 755712K
  class space    used 24686K, capacity 25519K, committed 25984K, reserved 516096K
}
{Heap before GC invocations=1037 (full 12):
 PSYoungGen      total 688128K, used 589824K [0x00000000d0000000, 0x0000000100000000, 0x0000000100000000)
  eden space 589824K, 100% used [0x00000000d0000000,0x00000000f4000000,0x00000000f4000000)
  from space 98304K, 0% used [0x00000000fa000000,0x00000000fa000000,0x0000000100000000)
  to   space 98304K, 0% used [0x00000000f4000000,0x00000000f4000000,0x00000000fa000000)
 ParOldGen       total 1310720K, used 1310241K [0x0000000080000000, 0x00000000d0000000, 0x00000000d0000000)
  object space 1310720K, 99% used [0x0000000080000000,0x00000000cff88538,0x00000000d0000000)
 Metaspace       used 257135K, capacity 261362K, committed 263808K, reserved 755712K
  class space    used 24686K, capacity 25519K, committed 25984K, reserved 516096K
2025-05-15T10:04:08.271+0900: 57059.558: [Full GC (Ergonomics) [PSYoungGen: 589824K->573698K(688128K)] [ParOldGen: 1310241K->1310691K(1310720K)] 1900065K->1884389K(1998848K), [Metaspace: 257135K->257135K(755712K)], 3.3914485 secs] [Times: user=11.72 sys=0.01, real=3.39 secs] 
Heap after GC invocations=1037 (full 12):
 PSYoungGen      total 688128K, used 573698K [0x00000000d0000000, 0x0000000100000000, 0x0000000100000000)
  eden space 589824K, 97% used [0x00000000d0000000,0x00000000f30408d8,0x00000000f4000000)
  from space 98304K, 0% used [0x00000000fa000000,0x00000000fa000000,0x0000000100000000)
  to   space 98304K, 0% used [0x00000000f4000000,0x00000000f4000000,0x00000000fa000000)
 ParOldGen       total 1310720K, used 1310691K [0x0000000080000000, 0x00000000d0000000, 0x00000000d0000000)
  object space 1310720K, 99% used [0x0000000080000000,0x00000000cfff8e38,0x00000000d0000000)
 Metaspace       used 257135K, capacity 261362K, committed 263808K, reserved 755712K
  class space    used 24686K, capacity 25519K, committed 25984K, reserved 516096K
}
{Heap before GC invocations=1038 (full 13):
 PSYoungGen      total 688128K, used 589824K [0x00000000d0000000, 0x0000000100000000, 0x0000000100000000)
  eden space 589824K, 100% used [0x00000000d0000000,0x00000000f4000000,0x00000000f4000000)
  from space 98304K, 0% used [0x00000000fa000000,0x00000000fa000000,0x0000000100000000)
  to   space 98304K, 0% used [0x00000000f4000000,0x00000000f4000000,0x00000000fa000000)
 ParOldGen       total 1310720K, used 1310691K [0x0000000080000000, 0x00000000d0000000, 0x00000000d0000000)
  object space 1310720K, 99% used [0x0000000080000000,0x00000000cfff8e38,0x00000000d0000000)
 Metaspace       used 257137K, capacity 261362K, committed 263808K, reserved 755712K
  class space    used 24687K, capacity 25519K, committed 25984K, reserved 516096K
2025-05-15T10:04:11.710+0900: 57062.997: [Full GC (Ergonomics) [PSYoungGen: 589824K->579466K(688128K)] [ParOldGen: 1310691K->1310261K(1310720K)] 1900515K->1889727K(1998848K), [Metaspace: 257137K->257127K(755712K)], 3.3344599 secs] [Times: user=11.42 sys=0.01, real=3.33 secs] 
Heap after GC invocations=1038 (full 13):
 PSYoungGen      total 688128K, used 579466K [0x00000000d0000000, 0x0000000100000000, 0x0000000100000000)
  eden space 589824K, 98% used [0x00000000d0000000,0x00000000f35e2940,0x00000000f4000000)
  from space 98304K, 0% used [0x00000000fa000000,0x00000000fa000000,0x0000000100000000)
  to   space 98304K, 0% used [0x00000000f4000000,0x00000000f4000000,0x00000000fa000000)
 ParOldGen       total 1310720K, used 1310261K [0x0000000080000000, 0x00000000d0000000, 0x00000000d0000000)
  object space 1310720K, 99% used [0x0000000080000000,0x00000000cff8d568,0x00000000d0000000)
 Metaspace       used 257127K, capacity 261344K, committed 263808K, reserved 755712K
  class space    used 24685K, capacity 25516K, committed 25984K, reserved 516096K
}
{Heap before GC invocations=1039 (full 14):
 PSYoungGen      total 688128K, used 589824K [0x00000000d0000000, 0x0000000100000000, 0x0000000100000000)
  eden space 589824K, 100% used [0x00000000d0000000,0x00000000f4000000,0x00000000f4000000)
  from space 98304K, 0% used [0x00000000fa000000,0x00000000fa000000,0x0000000100000000)
  to   space 98304K, 0% used [0x00000000f4000000,0x00000000f4000000,0x00000000fa000000)
 ParOldGen       total 1310720K, used 1310261K [0x0000000080000000, 0x00000000d0000000, 0x00000000d0000000)
  object space 1310720K, 99% used [0x0000000080000000,0x00000000cff8d568,0x00000000d0000000)
 Metaspace       used 257127K, capacity 261344K, committed 263808K, reserved 755712K
  class space    used 24685K, capacity 25516K, committed 25984K, reserved 516096K
2025-05-15T10:04:15.054+0900: 57066.341: [Full GC (Ergonomics) [PSYoungGen: 589824K->581013K(688128K)] [ParOldGen: 1310261K->1310258K(1310720K)] 1900085K->1891272K(1998848K), [Metaspace: 257127K->257127K(755712K)], 2.8598162 secs] [Times: user=9.82 sys=0.02, real=2.86 secs] 
Heap after GC invocations=1039 (full 14):
 PSYoungGen      total 688128K, used 581013K [0x00000000d0000000, 0x0000000100000000, 0x0000000100000000)
  eden space 589824K, 98% used [0x00000000d0000000,0x00000000f37657d8,0x00000000f4000000)
  from space 98304K, 0% used [0x00000000fa000000,0x00000000fa000000,0x0000000100000000)
  to   space 98304K, 0% used [0x00000000f4000000,0x00000000f4000000,0x00000000fa000000)
 ParOldGen       total 1310720K, used 1310258K [0x0000000080000000, 0x00000000d0000000, 0x00000000d0000000)
  object space 1310720K, 99% used [0x0000000080000000,0x00000000cff8c868,0x00000000d0000000)
 Metaspace       used 257127K, capacity 261344K, committed 263808K, reserved 755712K
  class space    used 24685K, capacity 25516K, committed 25984K, reserved 516096K
}
{Heap before GC invocations=1040 (full 15):
 PSYoungGen      total 688128K, used 589824K [0x00000000d0000000, 0x0000000100000000, 0x0000000100000000)
  eden space 589824K, 100% used [0x00000000d0000000,0x00000000f4000000,0x00000000f4000000)
  from space 98304K, 0% used [0x00000000fa000000,0x00000000fa000000,0x0000000100000000)
  to   space 98304K, 0% used [0x00000000f4000000,0x00000000f4000000,0x00000000fa000000)
 ParOldGen       total 1310720K, used 1310258K [0x0000000080000000, 0x00000000d0000000, 0x00000000d0000000)
  object space 1310720K, 99% used [0x0000000080000000,0x00000000cff8c868,0x00000000d0000000)
 Metaspace       used 257127K, capacity 261344K, committed 263808K, reserved 755712K
  class space    used 24685K, capacity 25516K, committed 25984K, reserved 516096K
2025-05-15T10:04:17.933+0900: 57069.220: [Full GC (Ergonomics) [PSYoungGen: 589824K->582530K(688128K)] [ParOldGen: 1310258K->1310226K(1310720K)] 1900082K->1892756K(1998848K), [Metaspace: 257127K->257127K(755712K)], 2.9847499 secs] [Times: user=10.33 sys=0.00, real=2.98 secs] 
Heap after GC invocations=1040 (full 15):
 PSYoungGen      total 688128K, used 582530K [0x00000000d0000000, 0x0000000100000000, 0x0000000100000000)
  eden space 589824K, 98% used [0x00000000d0000000,0x00000000f38e0930,0x00000000f4000000)
  from space 98304K, 0% used [0x00000000fa000000,0x00000000fa000000,0x0000000100000000)
  to   space 98304K, 0% used [0x00000000f4000000,0x00000000f4000000,0x00000000fa000000)
 ParOldGen       total 1310720K, used 1310226K [0x0000000080000000, 0x00000000d0000000, 0x00000000d0000000)
  object space 1310720K, 99% used [0x0000000080000000,0x00000000cff848b0,0x00000000d0000000)
 Metaspace       used 257127K, capacity 261344K, committed 263808K, reserved 755712K
  class space    used 24685K, capacity 25516K, committed 25984K, reserved 516096K
}
{Heap before GC invocations=1041 (full 16):
 PSYoungGen      total 688128K, used 589824K [0x00000000d0000000, 0x0000000100000000, 0x0000000100000000)
  eden space 589824K, 100% used [0x00000000d0000000,0x00000000f4000000,0x00000000f4000000)
  from space 98304K, 0% used [0x00000000fa000000,0x00000000fa000000,0x0000000100000000)
  to   space 98304K, 0% used [0x00000000f4000000,0x00000000f4000000,0x00000000fa000000)
 ParOldGen       total 1310720K, used 1310226K [0x0000000080000000, 0x00000000d0000000, 0x00000000d0000000)
  object space 1310720K, 99% used [0x0000000080000000,0x00000000cff848b0,0x00000000d0000000)
 Metaspace       used 257127K, capacity 261344K, committed 263808K, reserved 755712K
  class space    used 24685K, capacity 25516K, committed 25984K, reserved 516096K
2025-05-15T10:04:20.927+0900: 57072.214: [Full GC (Ergonomics) [PSYoungGen: 589824K->583788K(688128K)] [ParOldGen: 1310226K->1310221K(1310720K)] 1900050K->1894009K(1998848K), [Metaspace: 257127K->257127K(755712K)], 2.9206018 secs] [Times: user=10.14 sys=0.00, real=2.92 secs] 
Heap after GC invocations=1041 (full 16):
 PSYoungGen      total 688128K, used 583788K [0x00000000d0000000, 0x0000000100000000, 0x0000000100000000)
  eden space 589824K, 98% used [0x00000000d0000000,0x00000000f3a1b030,0x00000000f4000000)
  from space 98304K, 0% used [0x00000000fa000000,0x00000000fa000000,0x0000000100000000)
  to   space 98304K, 0% used [0x00000000f4000000,0x00000000f4000000,0x00000000fa000000)
 ParOldGen       total 1310720K, used 1310221K [0x0000000080000000, 0x00000000d0000000, 0x00000000d0000000)
  object space 1310720K, 99% used [0x0000000080000000,0x00000000cff83510,0x00000000d0000000)
 Metaspace       used 257127K, capacity 261344K, committed 263808K, reserved 755712K
  class space    used 24685K, capacity 25516K, committed 25984K, reserved 516096K
}
{Heap before GC invocations=1042 (full 17):
 PSYoungGen      total 688128K, used 589824K [0x00000000d0000000, 0x0000000100000000, 0x0000000100000000)
  eden space 589824K, 100% used [0x00000000d0000000,0x00000000f4000000,0x00000000f4000000)
  from space 98304K, 0% used [0x00000000fa000000,0x00000000fa000000,0x0000000100000000)
  to   space 98304K, 0% used [0x00000000f4000000,0x00000000f4000000,0x00000000fa000000)
 ParOldGen       total 1310720K, used 1310221K [0x0000000080000000, 0x00000000d0000000, 0x00000000d0000000)
  object space 1310720K, 99% used [0x0000000080000000,0x00000000cff83510,0x00000000d0000000)
 Metaspace       used 257128K, capacity 261344K, committed 263808K, reserved 755712K
  class space    used 24685K, capacity 25516K, committed 25984K, reserved 516096K
2025-05-15T10:04:23.861+0900: 57075.148: [Full GC (Ergonomics) [PSYoungGen: 589824K->584337K(688128K)] [ParOldGen: 1310221K->1310220K(1310720K)] 1900045K->1894557K(1998848K), [Metaspace: 257128K->257128K(755712K)], 3.1194389 secs] [Times: user=10.52 sys=0.01, real=3.12 secs] 
Heap after GC invocations=1042 (full 17):
 PSYoungGen      total 688128K, used 584337K [0x00000000d0000000, 0x0000000100000000, 0x0000000100000000)
  eden space 589824K, 99% used [0x00000000d0000000,0x00000000f3aa4708,0x00000000f4000000)
  from space 98304K, 0% used [0x00000000fa000000,0x00000000fa000000,0x0000000100000000)
  to   space 98304K, 0% used [0x00000000f4000000,0x00000000f4000000,0x00000000fa000000)
 ParOldGen       total 1310720K, used 1310220K [0x0000000080000000, 0x00000000d0000000, 0x00000000d0000000)
  object space 1310720K, 99% used [0x0000000080000000,0x00000000cff830d8,0x00000000d0000000)
 Metaspace       used 257128K, capacity 261344K, committed 263808K, reserved 755712K
  class space    used 24685K, capacity 25516K, committed 25984K, reserved 516096K
}
{Heap before GC invocations=1043 (full 18):
 PSYoungGen      total 688128K, used 589824K [0x00000000d0000000, 0x0000000100000000, 0x0000000100000000)
  eden space 589824K, 100% used [0x00000000d0000000,0x00000000f4000000,0x00000000f4000000)
  from space 98304K, 0% used [0x00000000fa000000,0x00000000fa000000,0x0000000100000000)
  to   space 98304K, 0% used [0x00000000f4000000,0x00000000f4000000,0x00000000fa000000)
 ParOldGen       total 1310720K, used 1310220K [0x0000000080000000, 0x00000000d0000000, 0x00000000d0000000)
  object space 1310720K, 99% used [0x0000000080000000,0x00000000cff830d8,0x00000000d0000000)
 Metaspace       used 257128K, capacity 261344K, committed 263808K, reserved 755712K
  class space    used 24685K, capacity 25516K, committed 25984K, reserved 516096K
2025-05-15T10:04:26.986+0900: 57078.273: [Full GC (Ergonomics) [PSYoungGen: 589824K->585037K(688128K)] [ParOldGen: 1310220K->1310215K(1310720K)] 1900044K->1895253K(1998848K), [Metaspace: 257128K->257128K(755712K)], 2.9184953 secs] [Times: user=9.87 sys=0.01, real=2.92 secs] 
Heap after GC invocations=1043 (full 18):
 PSYoungGen      total 688128K, used 585037K [0x00000000d0000000, 0x0000000100000000, 0x0000000100000000)
  eden space 589824K, 99% used [0x00000000d0000000,0x00000000f3b53410,0x00000000f4000000)
  from space 98304K, 0% used [0x00000000fa000000,0x00000000fa000000,0x0000000100000000)
  to   space 98304K, 0% used [0x00000000f4000000,0x00000000f4000000,0x00000000fa000000)
 ParOldGen       total 1310720K, used 1310215K [0x0000000080000000, 0x00000000d0000000, 0x00000000d0000000)
  object space 1310720K, 99% used [0x0000000080000000,0x00000000cff81ff8,0x00000000d0000000)
 Metaspace       used 257128K, capacity 261344K, committed 263808K, reserved 755712K
  class space    used 24685K, capacity 25516K, committed 25984K, reserved 516096K
}
{Heap before GC invocations=1044 (full 19):
 PSYoungGen      total 688128K, used 589824K [0x00000000d0000000, 0x0000000100000000, 0x0000000100000000)
  eden space 589824K, 100% used [0x00000000d0000000,0x00000000f4000000,0x00000000f4000000)
  from space 98304K, 0% used [0x00000000fa000000,0x00000000fa000000,0x0000000100000000)
  to   space 98304K, 0% used [0x00000000f4000000,0x00000000f4000000,0x00000000fa000000)
 ParOldGen       total 1310720K, used 1310215K [0x0000000080000000, 0x00000000d0000000, 0x00000000d0000000)
  object space 1310720K, 99% used [0x0000000080000000,0x00000000cff81ff8,0x00000000d0000000)
 Metaspace       used 257128K, capacity 261344K, committed 263808K, reserved 755712K
  class space    used 24685K, capacity 25516K, committed 25984K, reserved 516096K
2025-05-15T10:04:29.912+0900: 57081.199: [Full GC (Ergonomics) [PSYoungGen: 589824K->585433K(688128K)] [ParOldGen: 1310215K->1310687K(1310720K)] 1900039K->1896121K(1998848K), [Metaspace: 257128K->257128K(755712K)], 3.3504934 secs] [Times: user=11.49 sys=0.03, real=3.35 secs] 
Heap after GC invocations=1044 (full 19):
 PSYoungGen      total 688128K, used 585433K [0x00000000d0000000, 0x0000000100000000, 0x0000000100000000)
  eden space 589824K, 99% used [0x00000000d0000000,0x00000000f3bb66e0,0x00000000f4000000)
  from space 98304K, 0% used [0x00000000fa000000,0x00000000fa000000,0x0000000100000000)
  to   space 98304K, 0% used [0x00000000f4000000,0x00000000f4000000,0x00000000fa000000)
 ParOldGen       total 1310720K, used 1310687K [0x0000000080000000, 0x00000000d0000000, 0x00000000d0000000)
  object space 1310720K, 99% used [0x0000000080000000,0x00000000cfff7fe8,0x00000000d0000000)
 Metaspace       used 257128K, capacity 261344K, committed 263808K, reserved 755712K
  class space    used 24685K, capacity 25516K, committed 25984K, reserved 516096K
}
{Heap before GC invocations=1045 (full 20):
 PSYoungGen      total 688128K, used 589824K [0x00000000d0000000, 0x0000000100000000, 0x0000000100000000)
  eden space 589824K, 100% used [0x00000000d0000000,0x00000000f4000000,0x00000000f4000000)
  from space 98304K, 0% used [0x00000000fa000000,0x00000000fa000000,0x0000000100000000)
  to   space 98304K, 0% used [0x00000000f4000000,0x00000000f4000000,0x00000000fa000000)
 ParOldGen       total 1310720K, used 1310687K [0x0000000080000000, 0x00000000d0000000, 0x00000000d0000000)
  object space 1310720K, 99% used [0x0000000080000000,0x00000000cfff7fe8,0x00000000d0000000)
 Metaspace       used 257128K, capacity 261344K, committed 263808K, reserved 755712K
  class space    used 24685K, capacity 25516K, committed 25984K, reserved 516096K
2025-05-15T10:04:33.268+0900: 57084.555: [Full GC (Ergonomics) [PSYoungGen: 589824K->586084K(688128K)] [ParOldGen: 1310687K->1310669K(1310720K)] 1900511K->1896754K(1998848K), [Metaspace: 257128K->257128K(755712K)], 3.1058641 secs] [Times: user=10.56 sys=0.01, real=3.11 secs] 
Heap after GC invocations=1045 (full 20):
 PSYoungGen      total 688128K, used 586084K [0x00000000d0000000, 0x0000000100000000, 0x0000000100000000)
  eden space 589824K, 99% used [0x00000000d0000000,0x00000000f3c593e0,0x00000000f4000000)
  from space 98304K, 0% used [0x00000000fa000000,0x00000000fa000000,0x0000000100000000)
  to   space 98304K, 0% used [0x00000000f4000000,0x00000000f4000000,0x00000000fa000000)
 ParOldGen       total 1310720K, used 1310669K [0x0000000080000000, 0x00000000d0000000, 0x00000000d0000000)
  object space 1310720K, 99% used [0x0000000080000000,0x00000000cfff3478,0x00000000d0000000)
 Metaspace       used 257128K, capacity 261344K, committed 263808K, reserved 755712K
  class space    used 24685K, capacity 25516K, committed 25984K, reserved 516096K
}
{Heap before GC invocations=1046 (full 21):
 PSYoungGen      total 688128K, used 589824K [0x00000000d0000000, 0x0000000100000000, 0x0000000100000000)
  eden space 589824K, 100% used [0x00000000d0000000,0x00000000f4000000,0x00000000f4000000)
  from space 98304K, 0% used [0x00000000fa000000,0x00000000fa000000,0x0000000100000000)
  to   space 98304K, 0% used [0x00000000f4000000,0x00000000f4000000,0x00000000fa000000)
 ParOldGen       total 1310720K, used 1310669K [0x0000000080000000, 0x00000000d0000000, 0x00000000d0000000)
  object space 1310720K, 99% used [0x0000000080000000,0x00000000cfff3478,0x00000000d0000000)
 Metaspace       used 257128K, capacity 261344K, committed 263808K, reserved 755712K
  class space    used 24685K, capacity 25516K, committed 25984K, reserved 516096K
2025-05-15T10:04:36.380+0900: 57087.667: [Full GC (Ergonomics) [PSYoungGen: 589824K->586115K(688128K)] [ParOldGen: 1310669K->1310668K(1310720K)] 1900493K->1896783K(1998848K), [Metaspace: 257128K->257128K(755712K)], 2.8138584 secs] [Times: user=9.47 sys=0.01, real=2.81 secs] 
Heap after GC invocations=1046 (full 21):
 PSYoungGen      total 688128K, used 586115K [0x00000000d0000000, 0x0000000100000000, 0x0000000100000000)
  eden space 589824K, 99% used [0x00000000d0000000,0x00000000f3c60f50,0x00000000f4000000)
  from space 98304K, 0% used [0x00000000fa000000,0x00000000fa000000,0x0000000100000000)
  to   space 98304K, 0% used [0x00000000f4000000,0x00000000f4000000,0x00000000fa000000)
 ParOldGen       total 1310720K, used 1310668K [0x0000000080000000, 0x00000000d0000000, 0x00000000d0000000)
  object space 1310720K, 99% used [0x0000000080000000,0x00000000cfff3090,0x00000000d0000000)
 Metaspace       used 257128K, capacity 261344K, committed 263808K, reserved 755712K
  class space    used 24685K, capacity 25516K, committed 25984K, reserved 516096K
}
{Heap before GC invocations=1047 (full 22):
 PSYoungGen      total 688128K, used 589824K [0x00000000d0000000, 0x0000000100000000, 0x0000000100000000)
  eden space 589824K, 100% used [0x00000000d0000000,0x00000000f4000000,0x00000000f4000000)
  from space 98304K, 0% used [0x00000000fa000000,0x00000000fa000000,0x0000000100000000)
  to   space 98304K, 0% used [0x00000000f4000000,0x00000000f4000000,0x00000000fa000000)
 ParOldGen       total 1310720K, used 1310668K [0x0000000080000000, 0x00000000d0000000, 0x00000000d0000000)
  object space 1310720K, 99% used [0x0000000080000000,0x00000000cfff3090,0x00000000d0000000)
 Metaspace       used 257128K, capacity 261344K, committed 263808K, reserved 755712K
  class space    used 24685K, capacity 25516K, committed 25984K, reserved 516096K
2025-05-15T10:04:39.201+0900: 57090.488: [Full GC (Ergonomics) [PSYoungGen: 589824K->586269K(688128K)] [ParOldGen: 1310668K->1310667K(1310720K)] 1900492K->1896936K(1998848K), [Metaspace: 257128K->257128K(755712K)], 2.7279889 secs] [Times: user=9.29 sys=0.01, real=2.73 secs] 
Heap after GC invocations=1047 (full 22):
 PSYoungGen      total 688128K, used 586269K [0x00000000d0000000, 0x0000000100000000, 0x0000000100000000)
  eden space 589824K, 99% used [0x00000000d0000000,0x00000000f3c875d8,0x00000000f4000000)
  from space 98304K, 0% used [0x00000000fa000000,0x00000000fa000000,0x0000000100000000)
  to   space 98304K, 0% used [0x00000000f4000000,0x00000000f4000000,0x00000000fa000000)
 ParOldGen       total 1310720K, used 1310667K [0x0000000080000000, 0x00000000d0000000, 0x00000000d0000000)
  object space 1310720K, 99% used [0x0000000080000000,0x00000000cfff2e10,0x00000000d0000000)
 Metaspace       used 257128K, capacity 261344K, committed 263808K, reserved 755712K
  class space    used 24685K, capacity 25516K, committed 25984K, reserved 516096K
}
{Heap before GC invocations=1048 (full 23):
 PSYoungGen      total 688128K, used 589824K [0x00000000d0000000, 0x0000000100000000, 0x0000000100000000)
  eden space 589824K, 100% used [0x00000000d0000000,0x00000000f4000000,0x00000000f4000000)
  from space 98304K, 0% used [0x00000000fa000000,0x00000000fa000000,0x0000000100000000)
  to   space 98304K, 0% used [0x00000000f4000000,0x00000000f4000000,0x00000000fa000000)
 ParOldGen       total 1310720K, used 1310667K [0x0000000080000000, 0x00000000d0000000, 0x00000000d0000000)
  object space 1310720K, 99% used [0x0000000080000000,0x00000000cfff2e10,0x00000000d0000000)
 Metaspace       used 257128K, capacity 261344K, committed 263808K, reserved 755712K
  class space    used 24685K, capacity 25516K, committed 25984K, reserved 516096K
2025-05-15T10:04:41.935+0900: 57093.222: [Full GC (Ergonomics) [PSYoungGen: 589824K->586756K(688128K)] [ParOldGen: 1310667K->1310661K(1310720K)] 1900491K->1897417K(1998848K), [Metaspace: 257128K->257128K(755712K)], 2.8681474 secs] [Times: user=9.64 sys=0.01, real=2.87 secs] 
Heap after GC invocations=1048 (full 23):
 PSYoungGen      total 688128K, used 586756K [0x00000000d0000000, 0x0000000100000000, 0x0000000100000000)
  eden space 589824K, 99% used [0x00000000d0000000,0x00000000f3d012c0,0x00000000f4000000)
  from space 98304K, 0% used [0x00000000fa000000,0x00000000fa000000,0x0000000100000000)
  to   space 98304K, 0% used [0x00000000f4000000,0x00000000f4000000,0x00000000fa000000)
 ParOldGen       total 1310720K, used 1310661K [0x0000000080000000, 0x00000000d0000000, 0x00000000d0000000)
  object space 1310720K, 99% used [0x0000000080000000,0x00000000cfff1488,0x00000000d0000000)
 Metaspace       used 257128K, capacity 261344K, committed 263808K, reserved 755712K
  class space    used 24685K, capacity 25516K, committed 25984K, reserved 516096K
}
{Heap before GC invocations=1049 (full 24):
 PSYoungGen      total 688128K, used 589824K [0x00000000d0000000, 0x0000000100000000, 0x0000000100000000)
  eden space 589824K, 100% used [0x00000000d0000000,0x00000000f4000000,0x00000000f4000000)
  from space 98304K, 0% used [0x00000000fa000000,0x00000000fa000000,0x0000000100000000)
  to   space 98304K, 0% used [0x00000000f4000000,0x00000000f4000000,0x00000000fa000000)
 ParOldGen       total 1310720K, used 1310661K [0x0000000080000000, 0x00000000d0000000, 0x00000000d0000000)
  object space 1310720K, 99% used [0x0000000080000000,0x00000000cfff1488,0x00000000d0000000)
 Metaspace       used 257128K, capacity 261344K, committed 263808K, reserved 755712K
  class space    used 24685K, capacity 25516K, committed 25984K, reserved 516096K
2025-05-15T10:04:44.814+0900: 57096.101: [Full GC (Ergonomics) [PSYoungGen: 589824K->586897K(688128K)] [ParOldGen: 1310661K->1310660K(1310720K)] 1900485K->1897558K(1998848K), [Metaspace: 257128K->257128K(755712K)], 3.1507882 secs] [Times: user=10.55 sys=0.04, real=3.15 secs] 
Heap after GC invocations=1049 (full 24):
 PSYoungGen      total 688128K, used 586897K [0x00000000d0000000, 0x0000000100000000, 0x0000000100000000)
  eden space 589824K, 99% used [0x00000000d0000000,0x00000000f3d24600,0x00000000f4000000)
  from space 98304K, 0% used [0x00000000fa000000,0x00000000fa000000,0x0000000100000000)
  to   space 98304K, 0% used [0x00000000f4000000,0x00000000f4000000,0x00000000fa000000)
 ParOldGen       total 1310720K, used 1310660K [0x0000000080000000, 0x00000000d0000000, 0x00000000d0000000)
  object space 1310720K, 99% used [0x0000000080000000,0x00000000cfff1208,0x00000000d0000000)
 Metaspace       used 257128K, capacity 261344K, committed 263808K, reserved 755712K
  class space    used 24685K, capacity 25516K, committed 25984K, reserved 516096K
}
{Heap before GC invocations=1050 (full 25):
 PSYoungGen      total 688128K, used 589824K [0x00000000d0000000, 0x0000000100000000, 0x0000000100000000)
  eden space 589824K, 100% used [0x00000000d0000000,0x00000000f4000000,0x00000000f4000000)
  from space 98304K, 0% used [0x00000000fa000000,0x00000000fa000000,0x0000000100000000)
  to   space 98304K, 0% used [0x00000000f4000000,0x00000000f4000000,0x00000000fa000000)
 ParOldGen       total 1310720K, used 1310660K [0x0000000080000000, 0x00000000d0000000, 0x00000000d0000000)
  object space 1310720K, 99% used [0x0000000080000000,0x00000000cfff1208,0x00000000d0000000)
 Metaspace       used 257128K, capacity 261344K, committed 263808K, reserved 755712K
  class space    used 24685K, capacity 25516K, committed 25984K, reserved 516096K
2025-05-15T10:04:47.987+0900: 57099.274: [Full GC (Ergonomics) [PSYoungGen: 589824K->586861K(688128K)] [ParOldGen: 1310660K->1310660K(1310720K)] 1900484K->1897522K(1998848K), [Metaspace: 257128K->257128K(755712K)], 2.6469451 secs] [Times: user=8.76 sys=0.01, real=2.65 secs] 
Heap after GC invocations=1050 (full 25):
 PSYoungGen      total 688128K, used 586861K [0x00000000d0000000, 0x0000000100000000, 0x0000000100000000)
  eden space 589824K, 99% used [0x00000000d0000000,0x00000000f3d1b738,0x00000000f4000000)
  from space 98304K, 0% used [0x00000000fa000000,0x00000000fa000000,0x0000000100000000)
  to   space 98304K, 0% used [0x00000000f4000000,0x00000000f4000000,0x00000000fa000000)
 ParOldGen       total 1310720K, used 1310660K [0x0000000080000000, 0x00000000d0000000, 0x00000000d0000000)
  object space 1310720K, 99% used [0x0000000080000000,0x00000000cfff1208,0x00000000d0000000)
 Metaspace       used 257128K, capacity 261344K, committed 263808K, reserved 755712K
  class space    used 24685K, capacity 25516K, committed 25984K, reserved 516096K
}
{Heap before GC invocations=1051 (full 26):
 PSYoungGen      total 688128K, used 589824K [0x00000000d0000000, 0x0000000100000000, 0x0000000100000000)
  eden space 589824K, 100% used [0x00000000d0000000,0x00000000f4000000,0x00000000f4000000)
  from space 98304K, 0% used [0x00000000fa000000,0x00000000fa000000,0x0000000100000000)
  to   space 98304K, 0% used [0x00000000f4000000,0x00000000f4000000,0x00000000fa000000)
 ParOldGen       total 1310720K, used 1310660K [0x0000000080000000, 0x00000000d0000000, 0x00000000d0000000)
  object space 1310720K, 99% used [0x0000000080000000,0x00000000cfff1208,0x00000000d0000000)
 Metaspace       used 257128K, capacity 261344K, committed 263808K, reserved 755712K
  class space    used 24685K, capacity 25516K, committed 25984K, reserved 516096K
2025-05-15T10:04:50.648+0900: 57101.935: [Full GC (Ergonomics) [PSYoungGen: 589824K->587290K(688128K)] [ParOldGen: 1310660K->1310644K(1310720K)] 1900484K->1897934K(1998848K), [Metaspace: 257128K->257128K(755712K)], 2.8750353 secs] [Times: user=9.87 sys=0.00, real=2.88 secs] 
Heap after GC invocations=1051 (full 26):
 PSYoungGen      total 688128K, used 587290K [0x00000000d0000000, 0x0000000100000000, 0x0000000100000000)
  eden space 589824K, 99% used [0x00000000d0000000,0x00000000f3d86a78,0x00000000f4000000)
  from space 98304K, 0% used [0x00000000fa000000,0x00000000fa000000,0x0000000100000000)
  to   space 98304K, 0% used [0x00000000f4000000,0x00000000f4000000,0x00000000fa000000)
 ParOldGen       total 1310720K, used 1310644K [0x0000000080000000, 0x00000000d0000000, 0x00000000d0000000)
  object space 1310720K, 99% used [0x0000000080000000,0x00000000cffed018,0x00000000d0000000)
 Metaspace       used 257128K, capacity 261344K, committed 263808K, reserved 755712K
  class space    used 24685K, capacity 25516K, committed 25984K, reserved 516096K
}
{Heap before GC invocations=1052 (full 27):
 PSYoungGen      total 688128K, used 589824K [0x00000000d0000000, 0x0000000100000000, 0x0000000100000000)
  eden space 589824K, 100% used [0x00000000d0000000,0x00000000f4000000,0x00000000f4000000)
  from space 98304K, 0% used [0x00000000fa000000,0x00000000fa000000,0x0000000100000000)
  to   space 98304K, 0% used [0x00000000f4000000,0x00000000f4000000,0x00000000fa000000)
 ParOldGen       total 1310720K, used 1310644K [0x0000000080000000, 0x00000000d0000000, 0x00000000d0000000)
  object space 1310720K, 99% used [0x0000000080000000,0x00000000cffed018,0x00000000d0000000)
 Metaspace       used 257128K, capacity 261344K, committed 263808K, reserved 755712K
  class space    used 24685K, capacity 25516K, committed 25984K, reserved 516096K
2025-05-15T10:04:53.527+0900: 57104.814: [Full GC (Ergonomics) [PSYoungGen: 589824K->587410K(688128K)] [ParOldGen: 1310644K->1310481K(1310720K)] 1900468K->1897891K(1998848K), [Metaspace: 257128K->257105K(755712K)], 3.2707536 secs] [Times: user=11.09 sys=0.01, real=3.27 secs] 
Heap after GC invocations=1052 (full 27):
 PSYoungGen      total 688128K, used 587410K [0x00000000d0000000, 0x0000000100000000, 0x0000000100000000)
  eden space 589824K, 99% used [0x00000000d0000000,0x00000000f3da4970,0x00000000f4000000)
  from space 98304K, 0% used [0x00000000fa000000,0x00000000fa000000,0x0000000100000000)
  to   space 98304K, 0% used [0x00000000f4000000,0x00000000f4000000,0x00000000fa000000)
 ParOldGen       total 1310720K, used 1310481K [0x0000000080000000, 0x00000000d0000000, 0x00000000d0000000)
  object space 1310720K, 99% used [0x0000000080000000,0x00000000cffc4688,0x00000000d0000000)
 Metaspace       used 257105K, capacity 261308K, committed 263808K, reserved 755712K
  class space    used 24682K, capacity 25510K, committed 25984K, reserved 516096K
}
{Heap before GC invocations=1053 (full 28):
 PSYoungGen      total 688128K, used 589824K [0x00000000d0000000, 0x0000000100000000, 0x0000000100000000)
  eden space 589824K, 100% used [0x00000000d0000000,0x00000000f4000000,0x00000000f4000000)
  from space 98304K, 0% used [0x00000000fa000000,0x00000000fa000000,0x0000000100000000)
  to   space 98304K, 0% used [0x00000000f4000000,0x00000000f4000000,0x00000000fa000000)
 ParOldGen       total 1310720K, used 1310481K [0x0000000080000000, 0x00000000d0000000, 0x00000000d0000000)
  object space 1310720K, 99% used [0x0000000080000000,0x00000000cffc4688,0x00000000d0000000)
 Metaspace       used 257105K, capacity 261308K, committed 263808K, reserved 755712K
  class space    used 24682K, capacity 25510K, committed 25984K, reserved 516096K
2025-05-15T10:04:56.803+0900: 57108.090: [Full GC (Ergonomics) [PSYoungGen: 589824K->587796K(688128K)] [ParOldGen: 1310481K->1310481K(1310720K)] 1900305K->1898277K(1998848K), [Metaspace: 257105K->257105K(755712K)], 2.7651705 secs] [Times: user=8.95 sys=0.02, real=2.76 secs] 
Heap after GC invocations=1053 (full 28):
 PSYoungGen      total 688128K, used 587796K [0x00000000d0000000, 0x0000000100000000, 0x0000000100000000)
  eden space 589824K, 99% used [0x00000000d0000000,0x00000000f3e05110,0x00000000f4000000)
  from space 98304K, 0% used [0x00000000fa000000,0x00000000fa000000,0x0000000100000000)
  to   space 98304K, 0% used [0x00000000f4000000,0x00000000f4000000,0x00000000fa000000)
 ParOldGen       total 1310720K, used 1310481K [0x0000000080000000, 0x00000000d0000000, 0x00000000d0000000)
  object space 1310720K, 99% used [0x0000000080000000,0x00000000cffc4688,0x00000000d0000000)
 Metaspace       used 257105K, capacity 261308K, committed 263808K, reserved 755712K
  class space    used 24682K, capacity 25510K, committed 25984K, reserved 516096K
}
{Heap before GC invocations=1054 (full 29):
 PSYoungGen      total 688128K, used 589824K [0x00000000d0000000, 0x0000000100000000, 0x0000000100000000)
  eden space 589824K, 100% used [0x00000000d0000000,0x00000000f4000000,0x00000000f4000000)
  from space 98304K, 0% used [0x00000000fa000000,0x00000000fa000000,0x0000000100000000)
  to   space 98304K, 0% used [0x00000000f4000000,0x00000000f4000000,0x00000000fa000000)
 ParOldGen       total 1310720K, used 1310481K [0x0000000080000000, 0x00000000d0000000, 0x00000000d0000000)
  object space 1310720K, 99% used [0x0000000080000000,0x00000000cffc4688,0x00000000d0000000)
 Metaspace       used 257105K, capacity 261308K, committed 263808K, reserved 755712K
  class space    used 24682K, capacity 25510K, committed 25984K, reserved 516096K
2025-05-15T10:04:59.574+0900: 57110.861: [Full GC (Ergonomics) [PSYoungGen: 589824K->587763K(688128K)] [ParOldGen: 1310481K->1310481K(1310720K)] 1900305K->1898245K(1998848K), [Metaspace: 257105K->257105K(755712K)], 2.8158877 secs] [Times: user=9.51 sys=0.02, real=2.82 secs] 
Heap after GC invocations=1054 (full 29):
 PSYoungGen      total 688128K, used 587763K [0x00000000d0000000, 0x0000000100000000, 0x0000000100000000)
  eden space 589824K, 99% used [0x00000000d0000000,0x00000000f3dfcfa0,0x00000000f4000000)
  from space 98304K, 0% used [0x00000000fa000000,0x00000000fa000000,0x0000000100000000)
  to   space 98304K, 0% used [0x00000000f4000000,0x00000000f4000000,0x00000000fa000000)
 ParOldGen       total 1310720K, used 1310481K [0x0000000080000000, 0x00000000d0000000, 0x00000000d0000000)
  object space 1310720K, 99% used [0x0000000080000000,0x00000000cffc4668,0x00000000d0000000)
 Metaspace       used 257105K, capacity 261308K, committed 263808K, reserved 755712K
  class space    used 24682K, capacity 25510K, committed 25984K, reserved 516096K
}
{Heap before GC invocations=1055 (full 30):
 PSYoungGen      total 688128K, used 589824K [0x00000000d0000000, 0x0000000100000000, 0x0000000100000000)
  eden space 589824K, 100% used [0x00000000d0000000,0x00000000f4000000,0x00000000f4000000)
  from space 98304K, 0% used [0x00000000fa000000,0x00000000fa000000,0x0000000100000000)
  to   space 98304K, 0% used [0x00000000f4000000,0x00000000f4000000,0x00000000fa000000)
 ParOldGen       total 1310720K, used 1310481K [0x0000000080000000, 0x00000000d0000000, 0x00000000d0000000)
  object space 1310720K, 99% used [0x0000000080000000,0x00000000cffc4668,0x00000000d0000000)
 Metaspace       used 257105K, capacity 261308K, committed 263808K, reserved 755712K
  class space    used 24682K, capacity 25510K, committed 25984K, reserved 516096K
2025-05-15T10:05:02.395+0900: 57113.682: [Full GC (Ergonomics) [PSYoungGen: 589824K->587753K(688128K)] [ParOldGen: 1310481K->1310481K(1310720K)] 1900305K->1898235K(1998848K), [Metaspace: 257105K->257105K(755712K)], 2.8003267 secs] [Times: user=9.43 sys=0.00, real=2.80 secs] 
Heap after GC invocations=1055 (full 30):
 PSYoungGen      total 688128K, used 587753K [0x00000000d0000000, 0x0000000100000000, 0x0000000100000000)
  eden space 589824K, 99% used [0x00000000d0000000,0x00000000f3dfa770,0x00000000f4000000)
  from space 98304K, 0% used [0x00000000fa000000,0x00000000fa000000,0x0000000100000000)
  to   space 98304K, 0% used [0x00000000f4000000,0x00000000f4000000,0x00000000fa000000)
 ParOldGen       total 1310720K, used 1310481K [0x0000000080000000, 0x00000000d0000000, 0x00000000d0000000)
  object space 1310720K, 99% used [0x0000000080000000,0x00000000cffc4638,0x00000000d0000000)
 Metaspace       used 257105K, capacity 261308K, committed 263808K, reserved 755712K
  class space    used 24682K, capacity 25510K, committed 25984K, reserved 516096K
}
{Heap before GC invocations=1056 (full 31):
 PSYoungGen      total 688128K, used 589824K [0x00000000d0000000, 0x0000000100000000, 0x0000000100000000)
  eden space 589824K, 100% used [0x00000000d0000000,0x00000000f4000000,0x00000000f4000000)
  from space 98304K, 0% used [0x00000000fa000000,0x00000000fa000000,0x0000000100000000)
  to   space 98304K, 0% used [0x00000000f4000000,0x00000000f4000000,0x00000000fa000000)
 ParOldGen       total 1310720K, used 1310481K [0x0000000080000000, 0x00000000d0000000, 0x00000000d0000000)
  object space 1310720K, 99% used [0x0000000080000000,0x00000000cffc4638,0x00000000d0000000)
 Metaspace       used 257105K, capacity 261308K, committed 263808K, reserved 755712K
  class space    used 24682K, capacity 25510K, committed 25984K, reserved 516096K
2025-05-15T10:05:05.204+0900: 57116.492: [Full GC (Ergonomics) [PSYoungGen: 589824K->587826K(688128K)] [ParOldGen: 1310481K->1310481K(1310720K)] 1900305K->1898307K(1998848K), [Metaspace: 257105K->257105K(755712K)], 2.7756245 secs] [Times: user=9.53 sys=0.01, real=2.78 secs] 
Heap after GC invocations=1056 (full 31):
 PSYoungGen      total 688128K, used 587826K [0x00000000d0000000, 0x0000000100000000, 0x0000000100000000)
  eden space 589824K, 99% used [0x00000000d0000000,0x00000000f3e0c898,0x00000000f4000000)
  from space 98304K, 0% used [0x00000000fa000000,0x00000000fa000000,0x0000000100000000)
  to   space 98304K, 0% used [0x00000000f4000000,0x00000000f4000000,0x00000000fa000000)
 ParOldGen       total 1310720K, used 1310481K [0x0000000080000000, 0x00000000d0000000, 0x00000000d0000000)
  object space 1310720K, 99% used [0x0000000080000000,0x00000000cffc44a8,0x00000000d0000000)
 Metaspace       used 257105K, capacity 261308K, committed 263808K, reserved 755712K
  class space    used 24682K, capacity 25510K, committed 25984K, reserved 516096K
}
{Heap before GC invocations=1057 (full 32):
 PSYoungGen      total 688128K, used 589824K [0x00000000d0000000, 0x0000000100000000, 0x0000000100000000)
  eden space 589824K, 100% used [0x00000000d0000000,0x00000000f4000000,0x00000000f4000000)
  from space 98304K, 0% used [0x00000000fa000000,0x00000000fa000000,0x0000000100000000)
  to   space 98304K, 0% used [0x00000000f4000000,0x00000000f4000000,0x00000000fa000000)
 ParOldGen       total 1310720K, used 1310481K [0x0000000080000000, 0x00000000d0000000, 0x00000000d0000000)
  object space 1310720K, 99% used [0x0000000080000000,0x00000000cffc44a8,0x00000000d0000000)
 Metaspace       used 257105K, capacity 261308K, committed 263808K, reserved 755712K
  class space    used 24682K, capacity 25510K, committed 25984K, reserved 516096K
2025-05-15T10:05:07.992+0900: 57119.279: [Full GC (Ergonomics) [PSYoungGen: 589824K->587850K(688128K)] [ParOldGen: 1310481K->1310462K(1310720K)] 1900305K->1898312K(1998848K), [Metaspace: 257105K->257105K(755712K)], 2.8952258 secs] [Times: user=9.37 sys=0.02, real=2.89 secs] 
Heap after GC invocations=1057 (full 32):
 PSYoungGen      total 688128K, used 587850K [0x00000000d0000000, 0x0000000100000000, 0x0000000100000000)
  eden space 589824K, 99% used [0x00000000d0000000,0x00000000f3e12b20,0x00000000f4000000)
  from space 98304K, 0% used [0x00000000fa000000,0x00000000fa000000,0x0000000100000000)
  to   space 98304K, 0% used [0x00000000f4000000,0x00000000f4000000,0x00000000fa000000)
 ParOldGen       total 1310720K, used 1310462K [0x0000000080000000, 0x00000000d0000000, 0x00000000d0000000)
  object space 1310720K, 99% used [0x0000000080000000,0x00000000cffbf840,0x00000000d0000000)
 Metaspace       used 257105K, capacity 261308K, committed 263808K, reserved 755712K
  class space    used 24682K, capacity 25510K, committed 25984K, reserved 516096K
}
{Heap before GC invocations=1058 (full 33):
 PSYoungGen      total 688128K, used 589824K [0x00000000d0000000, 0x0000000100000000, 0x0000000100000000)
  eden space 589824K, 100% used [0x00000000d0000000,0x00000000f4000000,0x00000000f4000000)
  from space 98304K, 0% used [0x00000000fa000000,0x00000000fa000000,0x0000000100000000)
  to   space 98304K, 0% used [0x00000000f4000000,0x00000000f4000000,0x00000000fa000000)
 ParOldGen       total 1310720K, used 1310462K [0x0000000080000000, 0x00000000d0000000, 0x00000000d0000000)
  object space 1310720K, 99% used [0x0000000080000000,0x00000000cffbf840,0x00000000d0000000)
 Metaspace       used 257105K, capacity 261308K, committed 263808K, reserved 755712K
  class space    used 24682K, capacity 25510K, committed 25984K, reserved 516096K
2025-05-15T10:05:10.896+0900: 57122.183: [Full GC (Ergonomics) [PSYoungGen: 589824K->587880K(688128K)] [ParOldGen: 1310462K->1310445K(1310720K)] 1900286K->1898325K(1998848K), [Metaspace: 257105K->257105K(755712K)], 3.0249329 secs] [Times: user=9.91 sys=0.01, real=3.03 secs] 
Heap after GC invocations=1058 (full 33):
 PSYoungGen      total 688128K, used 587880K [0x00000000d0000000, 0x0000000100000000, 0x0000000100000000)
  eden space 589824K, 99% used [0x00000000d0000000,0x00000000f3e1a090,0x00000000f4000000)
  from space 98304K, 0% used [0x00000000fa000000,0x00000000fa000000,0x0000000100000000)
  to   space 98304K, 0% used [0x00000000f4000000,0x00000000f4000000,0x00000000fa000000)
 ParOldGen       total 1310720K, used 1310445K [0x0000000080000000, 0x00000000d0000000, 0x00000000d0000000)
  object space 1310720K, 99% used [0x0000000080000000,0x00000000cffbb718,0x00000000d0000000)
 Metaspace       used 257105K, capacity 261308K, committed 263808K, reserved 755712K
  class space    used 24682K, capacity 25510K, committed 25984K, reserved 516096K
}
{Heap before GC invocations=1059 (full 34):
 PSYoungGen      total 688128K, used 589824K [0x00000000d0000000, 0x0000000100000000, 0x0000000100000000)
  eden space 589824K, 100% used [0x00000000d0000000,0x00000000f4000000,0x00000000f4000000)
  from space 98304K, 0% used [0x00000000fa000000,0x00000000fa000000,0x0000000100000000)
  to   space 98304K, 0% used [0x00000000f4000000,0x00000000f4000000,0x00000000fa000000)
 ParOldGen       total 1310720K, used 1310445K [0x0000000080000000, 0x00000000d0000000, 0x00000000d0000000)
  object space 1310720K, 99% used [0x0000000080000000,0x00000000cffbb718,0x00000000d0000000)
 Metaspace       used 257105K, capacity 261308K, committed 263808K, reserved 755712K
  class space    used 24682K, capacity 25510K, committed 25984K, reserved 516096K
2025-05-15T10:05:13.926+0900: 57125.213: [Full GC (Ergonomics) [PSYoungGen: 589824K->588361K(688128K)] [ParOldGen: 1310445K->1310441K(1310720K)] 1900269K->1898803K(1998848K), [Metaspace: 257105K->257105K(755712K)], 2.8930441 secs] [Times: user=9.96 sys=0.02, real=2.90 secs] 
Heap after GC invocations=1059 (full 34):
 PSYoungGen      total 688128K, used 588361K [0x00000000d0000000, 0x0000000100000000, 0x0000000100000000)
  eden space 589824K, 99% used [0x00000000d0000000,0x00000000f3e92778,0x00000000f4000000)
  from space 98304K, 0% used [0x00000000fa000000,0x00000000fa000000,0x0000000100000000)
  to   space 98304K, 0% used [0x00000000f4000000,0x00000000f4000000,0x00000000fa000000)
 ParOldGen       total 1310720K, used 1310441K [0x0000000080000000, 0x00000000d0000000, 0x00000000d0000000)
  object space 1310720K, 99% used [0x0000000080000000,0x00000000cffba698,0x00000000d0000000)
 Metaspace       used 257105K, capacity 261308K, committed 263808K, reserved 755712K
  class space    used 24682K, capacity 25510K, committed 25984K, reserved 516096K
}
{Heap before GC invocations=1060 (full 35):
 PSYoungGen      total 688128K, used 589824K [0x00000000d0000000, 0x0000000100000000, 0x0000000100000000)
  eden space 589824K, 100% used [0x00000000d0000000,0x00000000f4000000,0x00000000f4000000)
  from space 98304K, 0% used [0x00000000fa000000,0x00000000fa000000,0x0000000100000000)
  to   space 98304K, 0% used [0x00000000f4000000,0x00000000f4000000,0x00000000fa000000)
 ParOldGen       total 1310720K, used 1310441K [0x0000000080000000, 0x00000000d0000000, 0x00000000d0000000)
  object space 1310720K, 99% used [0x0000000080000000,0x00000000cffba698,0x00000000d0000000)
 Metaspace       used 257105K, capacity 261308K, committed 263808K, reserved 755712K
  class space    used 24682K, capacity 25510K, committed 25984K, reserved 516096K
2025-05-15T10:05:16.823+0900: 57128.110: [Full GC (Ergonomics) [PSYoungGen: 589824K->588411K(688128K)] [ParOldGen: 1310441K->1310393K(1310720K)] 1900265K->1898805K(1998848K), [Metaspace: 257105K->257105K(755712K)], 3.1692826 secs] [Times: user=10.78 sys=0.02, real=3.17 secs] 
Heap after GC invocations=1060 (full 35):
 PSYoungGen      total 688128K, used 588411K [0x00000000d0000000, 0x0000000100000000, 0x0000000100000000)
  eden space 589824K, 99% used [0x00000000d0000000,0x00000000f3e9edb0,0x00000000f4000000)
  from space 98304K, 0% used [0x00000000fa000000,0x00000000fa000000,0x0000000100000000)
  to   space 98304K, 0% used [0x00000000f4000000,0x00000000f4000000,0x00000000fa000000)
 ParOldGen       total 1310720K, used 1310393K [0x0000000080000000, 0x00000000d0000000, 0x00000000d0000000)
  object space 1310720K, 99% used [0x0000000080000000,0x00000000cffae728,0x00000000d0000000)
 Metaspace       used 257105K, capacity 261308K, committed 263808K, reserved 755712K
  class space    used 24682K, capacity 25510K, committed 25984K, reserved 516096K
}
{Heap before GC invocations=1061 (full 36):
 PSYoungGen      total 688128K, used 589824K [0x00000000d0000000, 0x0000000100000000, 0x0000000100000000)
  eden space 589824K, 100% used [0x00000000d0000000,0x00000000f4000000,0x00000000f4000000)
  from space 98304K, 0% used [0x00000000fa000000,0x00000000fa000000,0x0000000100000000)
  to   space 98304K, 0% used [0x00000000f4000000,0x00000000f4000000,0x00000000fa000000)
 ParOldGen       total 1310720K, used 1310393K [0x0000000080000000, 0x00000000d0000000, 0x00000000d0000000)
  object space 1310720K, 99% used [0x0000000080000000,0x00000000cffae728,0x00000000d0000000)
 Metaspace       used 257105K, capacity 261308K, committed 263808K, reserved 755712K
  class space    used 24682K, capacity 25510K, committed 25984K, reserved 516096K
2025-05-15T10:05:19.998+0900: 57131.285: [Full GC (Ergonomics) [PSYoungGen: 589824K->588513K(688128K)] [ParOldGen: 1310393K->1310393K(1310720K)] 1900217K->1898906K(1998848K), [Metaspace: 257105K->257105K(755712K)], 2.8518692 secs] [Times: user=9.37 sys=0.02, real=2.86 secs] 
Heap after GC invocations=1061 (full 36):
 PSYoungGen      total 688128K, used 588513K [0x00000000d0000000, 0x0000000100000000, 0x0000000100000000)
  eden space 589824K, 99% used [0x00000000d0000000,0x00000000f3eb8410,0x00000000f4000000)
  from space 98304K, 0% used [0x00000000fa000000,0x00000000fa000000,0x0000000100000000)
  to   space 98304K, 0% used [0x00000000f4000000,0x00000000f4000000,0x00000000fa000000)
 ParOldGen       total 1310720K, used 1310393K [0x0000000080000000, 0x00000000d0000000, 0x00000000d0000000)
  object space 1310720K, 99% used [0x0000000080000000,0x00000000cffae728,0x00000000d0000000)
 Metaspace       used 257105K, capacity 261308K, committed 263808K, reserved 755712K
  class space    used 24682K, capacity 25510K, committed 25984K, reserved 516096K
}
{Heap before GC invocations=1062 (full 37):
 PSYoungGen      total 688128K, used 589824K [0x00000000d0000000, 0x0000000100000000, 0x0000000100000000)
  eden space 589824K, 100% used [0x00000000d0000000,0x00000000f4000000,0x00000000f4000000)
  from space 98304K, 0% used [0x00000000fa000000,0x00000000fa000000,0x0000000100000000)
  to   space 98304K, 0% used [0x00000000f4000000,0x00000000f4000000,0x00000000fa000000)
 ParOldGen       total 1310720K, used 1310393K [0x0000000080000000, 0x00000000d0000000, 0x00000000d0000000)
  object space 1310720K, 99% used [0x0000000080000000,0x00000000cffae728,0x00000000d0000000)
 Metaspace       used 257105K, capacity 261308K, committed 263808K, reserved 755712K
  class space    used 24682K, capacity 25510K, committed 25984K, reserved 516096K
2025-05-15T10:05:22.856+0900: 57134.143: [Full GC (Ergonomics) [PSYoungGen: 589824K->588505K(688128K)] [ParOldGen: 1310393K->1310393K(1310720K)] 1900217K->1898899K(1998848K), [Metaspace: 257105K->257105K(755712K)], 2.6873921 secs] [Times: user=8.72 sys=0.04, real=2.69 secs] 
Heap after GC invocations=1062 (full 37):
 PSYoungGen      total 688128K, used 588505K [0x00000000d0000000, 0x0000000100000000, 0x0000000100000000)
  eden space 589824K, 99% used [0x00000000d0000000,0x00000000f3eb6628,0x00000000f4000000)
  from space 98304K, 0% used [0x00000000fa000000,0x00000000fa000000,0x0000000100000000)
  to   space 98304K, 0% used [0x00000000f4000000,0x00000000f4000000,0x00000000fa000000)
 ParOldGen       total 1310720K, used 1310393K [0x0000000080000000, 0x00000000d0000000, 0x00000000d0000000)
  object space 1310720K, 99% used [0x0000000080000000,0x00000000cffae658,0x00000000d0000000)
 Metaspace       used 257105K, capacity 261308K, committed 263808K, reserved 755712K
  class space    used 24682K, capacity 25510K, committed 25984K, reserved 516096K
}
{Heap before GC invocations=1063 (full 38):
 PSYoungGen      total 688128K, used 589824K [0x00000000d0000000, 0x0000000100000000, 0x0000000100000000)
  eden space 589824K, 100% used [0x00000000d0000000,0x00000000f4000000,0x00000000f4000000)
  from space 98304K, 0% used [0x00000000fa000000,0x00000000fa000000,0x0000000100000000)
  to   space 98304K, 0% used [0x00000000f4000000,0x00000000f4000000,0x00000000fa000000)
 ParOldGen       total 1310720K, used 1310393K [0x0000000080000000, 0x00000000d0000000, 0x00000000d0000000)
  object space 1310720K, 99% used [0x0000000080000000,0x00000000cffae658,0x00000000d0000000)
 Metaspace       used 257105K, capacity 261308K, committed 263808K, reserved 755712K
  class space    used 24682K, capacity 25510K, committed 25984K, reserved 516096K
2025-05-15T10:05:25.547+0900: 57136.834: [Full GC (Ergonomics) [PSYoungGen: 589824K->588560K(688128K)] [ParOldGen: 1310393K->1310393K(1310720K)] 1900217K->1898954K(1998848K), [Metaspace: 257105K->257105K(755712K)], 2.8873987 secs] [Times: user=9.41 sys=0.03, real=2.89 secs] 
Heap after GC invocations=1063 (full 38):
 PSYoungGen      total 688128K, used 588560K [0x00000000d0000000, 0x0000000100000000, 0x0000000100000000)
  eden space 589824K, 99% used [0x00000000d0000000,0x00000000f3ec4228,0x00000000f4000000)
  from space 98304K, 0% used [0x00000000fa000000,0x00000000fa000000,0x0000000100000000)
  to   space 98304K, 0% used [0x00000000f4000000,0x00000000f4000000,0x00000000fa000000)
 ParOldGen       total 1310720K, used 1310393K [0x0000000080000000, 0x00000000d0000000, 0x00000000d0000000)
  object space 1310720K, 99% used [0x0000000080000000,0x00000000cffae620,0x00000000d0000000)
 Metaspace       used 257105K, capacity 261308K, committed 263808K, reserved 755712K
  class space    used 24682K, capacity 25510K, committed 25984K, reserved 516096K
}
{Heap before GC invocations=1064 (full 39):
 PSYoungGen      total 688128K, used 589824K [0x00000000d0000000, 0x0000000100000000, 0x0000000100000000)
  eden space 589824K, 100% used [0x00000000d0000000,0x00000000f4000000,0x00000000f4000000)
  from space 98304K, 0% used [0x00000000fa000000,0x00000000fa000000,0x0000000100000000)
  to   space 98304K, 0% used [0x00000000f4000000,0x00000000f4000000,0x00000000fa000000)
 ParOldGen       total 1310720K, used 1310393K [0x0000000080000000, 0x00000000d0000000, 0x00000000d0000000)
  object space 1310720K, 99% used [0x0000000080000000,0x00000000cffae620,0x00000000d0000000)
 Metaspace       used 257105K, capacity 261308K, committed 263808K, reserved 755712K
  class space    used 24682K, capacity 25510K, committed 25984K, reserved 516096K
2025-05-15T10:05:28.445+0900: 57139.732: [Full GC (Ergonomics) [PSYoungGen: 589824K->588830K(688128K)] [ParOldGen: 1310393K->1310392K(1310720K)] 1900217K->1899222K(1998848K), [Metaspace: 257105K->257105K(755712K)], 3.1437576 secs] [Times: user=10.80 sys=0.01, real=3.15 secs] 
Heap after GC invocations=1064 (full 39):
 PSYoungGen      total 688128K, used 588830K [0x00000000d0000000, 0x0000000100000000, 0x0000000100000000)
  eden space 589824K, 99% used [0x00000000d0000000,0x00000000f3f07960,0x00000000f4000000)
  from space 98304K, 0% used [0x00000000fa000000,0x00000000fa000000,0x0000000100000000)
  to   space 98304K, 0% used [0x00000000f4000000,0x00000000f4000000,0x00000000fa000000)
 ParOldGen       total 1310720K, used 1310392K [0x0000000080000000, 0x00000000d0000000, 0x00000000d0000000)
  object space 1310720K, 99% used [0x0000000080000000,0x00000000cffae020,0x00000000d0000000)
 Metaspace       used 257105K, capacity 261308K, committed 263808K, reserved 755712K
  class space    used 24682K, capacity 25510K, committed 25984K, reserved 516096K
}
{Heap before GC invocations=1065 (full 40):
 PSYoungGen      total 688128K, used 589824K [0x00000000d0000000, 0x0000000100000000, 0x0000000100000000)
  eden space 589824K, 100% used [0x00000000d0000000,0x00000000f4000000,0x00000000f4000000)
  from space 98304K, 0% used [0x00000000fa000000,0x00000000fa000000,0x0000000100000000)
  to   space 98304K, 0% used [0x00000000f4000000,0x00000000f4000000,0x00000000fa000000)
 ParOldGen       total 1310720K, used 1310392K [0x0000000080000000, 0x00000000d0000000, 0x00000000d0000000)
  object space 1310720K, 99% used [0x0000000080000000,0x00000000cffae020,0x00000000d0000000)
 Metaspace       used 257105K, capacity 261308K, committed 263808K, reserved 755712K
  class space    used 24682K, capacity 25510K, committed 25984K, reserved 516096K
2025-05-15T10:05:31.593+0900: 57142.880: [Full GC (Ergonomics) [PSYoungGen: 589824K->589113K(688128K)] [ParOldGen: 1310392K->1310384K(1310720K)] 1900216K->1899497K(1998848K), [Metaspace: 257105K->257105K(755712K)], 2.7597410 secs] [Times: user=9.26 sys=0.00, real=2.76 secs] 
Heap after GC invocations=1065 (full 40):
 PSYoungGen      total 688128K, used 589113K [0x00000000d0000000, 0x0000000100000000, 0x0000000100000000)
  eden space 589824K, 99% used [0x00000000d0000000,0x00000000f3f4e768,0x00000000f4000000)
  from space 98304K, 0% used [0x00000000fa000000,0x00000000fa000000,0x0000000100000000)
  to   space 98304K, 0% used [0x00000000f4000000,0x00000000f4000000,0x00000000fa000000)
 ParOldGen       total 1310720K, used 1310384K [0x0000000080000000, 0x00000000d0000000, 0x00000000d0000000)
  object space 1310720K, 99% used [0x0000000080000000,0x00000000cffac058,0x00000000d0000000)
 Metaspace       used 257105K, capacity 261308K, committed 263808K, reserved 755712K
  class space    used 24682K, capacity 25510K, committed 25984K, reserved 516096K
}
{Heap before GC invocations=1066 (full 41):
 PSYoungGen      total 688128K, used 589824K [0x00000000d0000000, 0x0000000100000000, 0x0000000100000000)
  eden space 589824K, 100% used [0x00000000d0000000,0x00000000f4000000,0x00000000f4000000)
  from space 98304K, 0% used [0x00000000fa000000,0x00000000fa000000,0x0000000100000000)
  to   space 98304K, 0% used [0x00000000f4000000,0x00000000f4000000,0x00000000fa000000)
 ParOldGen       total 1310720K, used 1310384K [0x0000000080000000, 0x00000000d0000000, 0x00000000d0000000)
  object space 1310720K, 99% used [0x0000000080000000,0x00000000cffac058,0x00000000d0000000)
 Metaspace       used 257105K, capacity 261308K, committed 263808K, reserved 755712K
  class space    used 24682K, capacity 25510K, committed 25984K, reserved 516096K
2025-05-15T10:05:34.358+0900: 57145.645: [Full GC (Ergonomics) [PSYoungGen: 589824K->589127K(688128K)] [ParOldGen: 1310384K->1310383K(1310720K)] 1900208K->1899510K(1998848K), [Metaspace: 257105K->257105K(755712K)], 3.0479644 secs] [Times: user=10.39 sys=0.01, real=3.05 secs] 
Heap after GC invocations=1066 (full 41):
 PSYoungGen      total 688128K, used 589127K [0x00000000d0000000, 0x0000000100000000, 0x0000000100000000)
  eden space 589824K, 99% used [0x00000000d0000000,0x00000000f3f51c30,0x00000000f4000000)
  from space 98304K, 0% used [0x00000000fa000000,0x00000000fa000000,0x0000000100000000)
  to   space 98304K, 0% used [0x00000000f4000000,0x00000000f4000000,0x00000000fa000000)
 ParOldGen       total 1310720K, used 1310383K [0x0000000080000000, 0x00000000d0000000, 0x00000000d0000000)
  object space 1310720K, 99% used [0x0000000080000000,0x00000000cffabcd8,0x00000000d0000000)
 Metaspace       used 257105K, capacity 261308K, committed 263808K, reserved 755712K
  class space    used 24682K, capacity 25510K, committed 25984K, reserved 516096K
}
{Heap before GC invocations=1067 (full 42):
 PSYoungGen      total 688128K, used 589824K [0x00000000d0000000, 0x0000000100000000, 0x0000000100000000)
  eden space 589824K, 100% used [0x00000000d0000000,0x00000000f4000000,0x00000000f4000000)
  from space 98304K, 0% used [0x00000000fa000000,0x00000000fa000000,0x0000000100000000)
  to   space 98304K, 0% used [0x00000000f4000000,0x00000000f4000000,0x00000000fa000000)
 ParOldGen       total 1310720K, used 1310383K [0x0000000080000000, 0x00000000d0000000, 0x00000000d0000000)
  object space 1310720K, 99% used [0x0000000080000000,0x00000000cffabcd8,0x00000000d0000000)
 Metaspace       used 257105K, capacity 261308K, committed 263808K, reserved 755712K
  class space    used 24682K, capacity 25510K, committed 25984K, reserved 516096K
2025-05-15T10:05:37.408+0900: 57148.695: [Full GC (Ergonomics) [PSYoungGen: 589824K->589097K(688128K)] [ParOldGen: 1310383K->1310381K(1310720K)] 1900207K->1899479K(1998848K), [Metaspace: 257105K->257105K(755712K)], 3.0181116 secs] [Times: user=9.79 sys=0.02, real=3.02 secs] 
Heap after GC invocations=1067 (full 42):
 PSYoungGen      total 688128K, used 589097K [0x00000000d0000000, 0x0000000100000000, 0x0000000100000000)
  eden space 589824K, 99% used [0x00000000d0000000,0x00000000f3f4a790,0x00000000f4000000)
  from space 98304K, 0% used [0x00000000fa000000,0x00000000fa000000,0x0000000100000000)
  to   space 98304K, 0% used [0x00000000f4000000,0x00000000f4000000,0x00000000fa000000)
 ParOldGen       total 1310720K, used 1310381K [0x0000000080000000, 0x00000000d0000000, 0x00000000d0000000)
  object space 1310720K, 99% used [0x0000000080000000,0x00000000cffab4d0,0x00000000d0000000)
 Metaspace       used 257105K, capacity 261308K, committed 263808K, reserved 755712K
  class space    used 24682K, capacity 25510K, committed 25984K, reserved 516096K
}
{Heap before GC invocations=1068 (full 43):
 PSYoungGen      total 688128K, used 589824K [0x00000000d0000000, 0x0000000100000000, 0x0000000100000000)
  eden space 589824K, 100% used [0x00000000d0000000,0x00000000f4000000,0x00000000f4000000)
  from space 98304K, 0% used [0x00000000fa000000,0x00000000fa000000,0x0000000100000000)
  to   space 98304K, 0% used [0x00000000f4000000,0x00000000f4000000,0x00000000fa000000)
 ParOldGen       total 1310720K, used 1310381K [0x0000000080000000, 0x00000000d0000000, 0x00000000d0000000)
  object space 1310720K, 99% used [0x0000000080000000,0x00000000cffab4d0,0x00000000d0000000)
 Metaspace       used 257105K, capacity 261308K, committed 263808K, reserved 755712K
  class space    used 24682K, capacity 25510K, committed 25984K, reserved 516096K
2025-05-15T10:05:40.429+0900: 57151.716: [Full GC (Ergonomics) [PSYoungGen: 589824K->589131K(688128K)] [ParOldGen: 1310381K->1310380K(1310720K)] 1900205K->1899511K(1998848K), [Metaspace: 257105K->257105K(755712K)], 2.6944053 secs] [Times: user=8.80 sys=0.01, real=2.69 secs] 
Heap after GC invocations=1068 (full 43):
 PSYoungGen      total 688128K, used 589131K [0x00000000d0000000, 0x0000000100000000, 0x0000000100000000)
  eden space 589824K, 99% used [0x00000000d0000000,0x00000000f3f52c18,0x00000000f4000000)
  from space 98304K, 0% used [0x00000000fa000000,0x00000000fa000000,0x0000000100000000)
  to   space 98304K, 0% used [0x00000000f4000000,0x00000000f4000000,0x00000000fa000000)
 ParOldGen       total 1310720K, used 1310380K [0x0000000080000000, 0x00000000d0000000, 0x00000000d0000000)
  object space 1310720K, 99% used [0x0000000080000000,0x00000000cffab388,0x00000000d0000000)
 Metaspace       used 257105K, capacity 261308K, committed 263808K, reserved 755712K
  class space    used 24682K, capacity 25510K, committed 25984K, reserved 516096K
}
{Heap before GC invocations=1069 (full 44):
 PSYoungGen      total 688128K, used 589824K [0x00000000d0000000, 0x0000000100000000, 0x0000000100000000)
  eden space 589824K, 100% used [0x00000000d0000000,0x00000000f4000000,0x00000000f4000000)
  from space 98304K, 0% used [0x00000000fa000000,0x00000000fa000000,0x0000000100000000)
  to   space 98304K, 0% used [0x00000000f4000000,0x00000000f4000000,0x00000000fa000000)
 ParOldGen       total 1310720K, used 1310380K [0x0000000080000000, 0x00000000d0000000, 0x00000000d0000000)
  object space 1310720K, 99% used [0x0000000080000000,0x00000000cffab388,0x00000000d0000000)
 Metaspace       used 257105K, capacity 261308K, committed 263808K, reserved 755712K
  class space    used 24682K, capacity 25510K, committed 25984K, reserved 516096K
2025-05-15T10:05:43.126+0900: 57154.413: [Full GC (Ergonomics) [PSYoungGen: 589824K->589163K(688128K)] [ParOldGen: 1310380K->1310380K(1310720K)] 1900204K->1899544K(1998848K), [Metaspace: 257105K->257105K(755712K)], 2.5500872 secs] [Times: user=8.67 sys=0.02, real=2.55 secs] 
Heap after GC invocations=1069 (full 44):
 PSYoungGen      total 688128K, used 589163K [0x00000000d0000000, 0x0000000100000000, 0x0000000100000000)
  eden space 589824K, 99% used [0x00000000d0000000,0x00000000f3f5aee8,0x00000000f4000000)
  from space 98304K, 0% used [0x00000000fa000000,0x00000000fa000000,0x0000000100000000)
  to   space 98304K, 0% used [0x00000000f4000000,0x00000000f4000000,0x00000000fa000000)
 ParOldGen       total 1310720K, used 1310380K [0x0000000080000000, 0x00000000d0000000, 0x00000000d0000000)
  object space 1310720K, 99% used [0x0000000080000000,0x00000000cffab388,0x00000000d0000000)
 Metaspace       used 257105K, capacity 261308K, committed 263808K, reserved 755712K
  class space    used 24682K, capacity 25510K, committed 25984K, reserved 516096K
}
{Heap before GC invocations=1070 (full 45):
 PSYoungGen      total 688128K, used 589824K [0x00000000d0000000, 0x0000000100000000, 0x0000000100000000)
  eden space 589824K, 100% used [0x00000000d0000000,0x00000000f4000000,0x00000000f4000000)
  from space 98304K, 0% used [0x00000000fa000000,0x00000000fa000000,0x0000000100000000)
  to   space 98304K, 0% used [0x00000000f4000000,0x00000000f4000000,0x00000000fa000000)
 ParOldGen       total 1310720K, used 1310380K [0x0000000080000000, 0x00000000d0000000, 0x00000000d0000000)
  object space 1310720K, 99% used [0x0000000080000000,0x00000000cffab388,0x00000000d0000000)
 Metaspace       used 257105K, capacity 261308K, committed 263808K, reserved 755712K
  class space    used 24682K, capacity 25510K, committed 25984K, reserved 516096K
2025-05-15T10:05:45.678+0900: 57156.965: [Full GC (Ergonomics) [PSYoungGen: 589824K->588619K(688128K)] [ParOldGen: 1310380K->1310314K(1310720K)] 1900204K->1898933K(1998848K), [Metaspace: 257105K->257085K(755712K)], 3.7577020 secs] [Times: user=12.70 sys=0.04, real=3.76 secs] 
Heap after GC invocations=1070 (full 45):
 PSYoungGen      total 688128K, used 588619K [0x00000000d0000000, 0x0000000100000000, 0x0000000100000000)
  eden space 589824K, 99% used [0x00000000d0000000,0x00000000f3ed2d38,0x00000000f4000000)
  from space 98304K, 0% used [0x00000000fa000000,0x00000000fa000000,0x0000000100000000)
  to   space 98304K, 0% used [0x00000000f4000000,0x00000000f4000000,0x00000000fa000000)
 ParOldGen       total 1310720K, used 1310314K [0x0000000080000000, 0x00000000d0000000, 0x00000000d0000000)
  object space 1310720K, 99% used [0x0000000080000000,0x00000000cff9a868,0x00000000d0000000)
 Metaspace       used 257085K, capacity 261278K, committed 263808K, reserved 755712K
  class space    used 24679K, capacity 25505K, committed 25984K, reserved 516096K
}
{Heap before GC invocations=1071 (full 46):
 PSYoungGen      total 688128K, used 589824K [0x00000000d0000000, 0x0000000100000000, 0x0000000100000000)
  eden space 589824K, 100% used [0x00000000d0000000,0x00000000f4000000,0x00000000f4000000)
  from space 98304K, 0% used [0x00000000fa000000,0x00000000fa000000,0x0000000100000000)
  to   space 98304K, 0% used [0x00000000f4000000,0x00000000f4000000,0x00000000fa000000)
 ParOldGen       total 1310720K, used 1310314K [0x0000000080000000, 0x00000000d0000000, 0x00000000d0000000)
  object space 1310720K, 99% used [0x0000000080000000,0x00000000cff9a868,0x00000000d0000000)
 Metaspace       used 257085K, capacity 261278K, committed 263808K, reserved 755712K
  class space    used 24679K, capacity 25505K, committed 25984K, reserved 516096K
2025-05-15T10:05:49.441+0900: 57160.728: [Full GC (Ergonomics) [PSYoungGen: 589824K->588634K(688128K)] [ParOldGen: 1310314K->1310313K(1310720K)] 1900138K->1898948K(1998848K), [Metaspace: 257085K->257085K(755712K)], 2.8155230 secs] [Times: user=9.67 sys=0.01, real=2.81 secs] 
Heap after GC invocations=1071 (full 46):
 PSYoungGen      total 688128K, used 588634K [0x00000000d0000000, 0x0000000100000000, 0x0000000100000000)
  eden space 589824K, 99% used [0x00000000d0000000,0x00000000f3ed6860,0x00000000f4000000)
  from space 98304K, 0% used [0x00000000fa000000,0x00000000fa000000,0x0000000100000000)
  to   space 98304K, 0% used [0x00000000f4000000,0x00000000f4000000,0x00000000fa000000)
 ParOldGen       total 1310720K, used 1310313K [0x0000000080000000, 0x00000000d0000000, 0x00000000d0000000)
  object space 1310720K, 99% used [0x0000000080000000,0x00000000cff9a7f0,0x00000000d0000000)
 Metaspace       used 257085K, capacity 261278K, committed 263808K, reserved 755712K
  class space    used 24679K, capacity 25505K, committed 25984K, reserved 516096K
}
{Heap before GC invocations=1072 (full 47):
 PSYoungGen      total 688128K, used 589824K [0x00000000d0000000, 0x0000000100000000, 0x0000000100000000)
  eden space 589824K, 100% used [0x00000000d0000000,0x00000000f4000000,0x00000000f4000000)
  from space 98304K, 0% used [0x00000000fa000000,0x00000000fa000000,0x0000000100000000)
  to   space 98304K, 0% used [0x00000000f4000000,0x00000000f4000000,0x00000000fa000000)
 ParOldGen       total 1310720K, used 1310313K [0x0000000080000000, 0x00000000d0000000, 0x00000000d0000000)
  object space 1310720K, 99% used [0x0000000080000000,0x00000000cff9a7f0,0x00000000d0000000)
 Metaspace       used 257085K, capacity 261278K, committed 263808K, reserved 755712K
  class space    used 24679K, capacity 25505K, committed 25984K, reserved 516096K
2025-05-15T10:05:52.259+0900: 57163.546: [Full GC (Ergonomics) [PSYoungGen: 589824K->588695K(688128K)] [ParOldGen: 1310313K->1310312K(1310720K)] 1900137K->1899007K(1998848K), [Metaspace: 257085K->257085K(755712K)], 2.8541825 secs] [Times: user=9.75 sys=0.03, real=2.85 secs] 
Heap after GC invocations=1072 (full 47):
 PSYoungGen      total 688128K, used 588695K [0x00000000d0000000, 0x0000000100000000, 0x0000000100000000)
  eden space 589824K, 99% used [0x00000000d0000000,0x00000000f3ee5f70,0x00000000f4000000)
  from space 98304K, 0% used [0x00000000fa000000,0x00000000fa000000,0x0000000100000000)
  to   space 98304K, 0% used [0x00000000f4000000,0x00000000f4000000,0x00000000fa000000)
 ParOldGen       total 1310720K, used 1310312K [0x0000000080000000, 0x00000000d0000000, 0x00000000d0000000)
  object space 1310720K, 99% used [0x0000000080000000,0x00000000cff9a028,0x00000000d0000000)
 Metaspace       used 257085K, capacity 261278K, committed 263808K, reserved 755712K
  class space    used 24679K, capacity 25505K, committed 25984K, reserved 516096K
}
{Heap before GC invocations=1073 (full 48):
 PSYoungGen      total 688128K, used 589824K [0x00000000d0000000, 0x0000000100000000, 0x0000000100000000)
  eden space 589824K, 100% used [0x00000000d0000000,0x00000000f4000000,0x00000000f4000000)
  from space 98304K, 0% used [0x00000000fa000000,0x00000000fa000000,0x0000000100000000)
  to   space 98304K, 0% used [0x00000000f4000000,0x00000000f4000000,0x00000000fa000000)
 ParOldGen       total 1310720K, used 1310312K [0x0000000080000000, 0x00000000d0000000, 0x00000000d0000000)
  object space 1310720K, 99% used [0x0000000080000000,0x00000000cff9a028,0x00000000d0000000)
 Metaspace       used 257085K, capacity 261278K, committed 263808K, reserved 755712K
  class space    used 24679K, capacity 25505K, committed 25984K, reserved 516096K
2025-05-15T10:05:55.117+0900: 57166.404: [Full GC (Ergonomics) [PSYoungGen: 589824K->588695K(688128K)] [ParOldGen: 1310312K->1310312K(1310720K)] 1900136K->1899007K(1998848K), [Metaspace: 257085K->257085K(755712K)], 3.1246730 secs] [Times: user=10.67 sys=0.02, real=3.13 secs] 
Heap after GC invocations=1073 (full 48):
 PSYoungGen      total 688128K, used 588695K [0x00000000d0000000, 0x0000000100000000, 0x0000000100000000)
  eden space 589824K, 99% used [0x00000000d0000000,0x00000000f3ee5fa8,0x00000000f4000000)
  from space 98304K, 0% used [0x00000000fa000000,0x00000000fa000000,0x0000000100000000)
  to   space 98304K, 0% used [0x00000000f4000000,0x00000000f4000000,0x00000000fa000000)
 ParOldGen       total 1310720K, used 1310312K [0x0000000080000000, 0x00000000d0000000, 0x00000000d0000000)
  object space 1310720K, 99% used [0x0000000080000000,0x00000000cff9a000,0x00000000d0000000)
 Metaspace       used 257085K, capacity 261278K, committed 263808K, reserved 755712K
  class space    used 24679K, capacity 25505K, committed 25984K, reserved 516096K
}
{Heap before GC invocations=1074 (full 49):
 PSYoungGen      total 688128K, used 589824K [0x00000000d0000000, 0x0000000100000000, 0x0000000100000000)
  eden space 589824K, 100% used [0x00000000d0000000,0x00000000f4000000,0x00000000f4000000)
  from space 98304K, 0% used [0x00000000fa000000,0x00000000fa000000,0x0000000100000000)
  to   space 98304K, 0% used [0x00000000f4000000,0x00000000f4000000,0x00000000fa000000)
 ParOldGen       total 1310720K, used 1310312K [0x0000000080000000, 0x00000000d0000000, 0x00000000d0000000)
  object space 1310720K, 99% used [0x0000000080000000,0x00000000cff9a000,0x00000000d0000000)
 Metaspace       used 257085K, capacity 261278K, committed 263808K, reserved 755712K
  class space    used 24679K, capacity 25505K, committed 25984K, reserved 516096K
2025-05-15T10:05:58.245+0900: 57169.532: [Full GC (Ergonomics) [PSYoungGen: 589824K->588664K(688128K)] [ParOldGen: 1310312K->1310312K(1310720K)] 1900136K->1898976K(1998848K), [Metaspace: 257085K->257085K(755712K)], 2.4380408 secs] [Times: user=8.10 sys=0.01, real=2.44 secs] 
Heap after GC invocations=1074 (full 49):
 PSYoungGen      total 688128K, used 588664K [0x00000000d0000000, 0x0000000100000000, 0x0000000100000000)
  eden space 589824K, 99% used [0x00000000d0000000,0x00000000f3ede098,0x00000000f4000000)
  from space 98304K, 0% used [0x00000000fa000000,0x00000000fa000000,0x0000000100000000)
  to   space 98304K, 0% used [0x00000000f4000000,0x00000000f4000000,0x00000000fa000000)
 ParOldGen       total 1310720K, used 1310312K [0x0000000080000000, 0x00000000d0000000, 0x00000000d0000000)
  object space 1310720K, 99% used [0x0000000080000000,0x00000000cff9a000,0x00000000d0000000)
 Metaspace       used 257085K, capacity 261278K, committed 263808K, reserved 755712K
  class space    used 24679K, capacity 25505K, committed 25984K, reserved 516096K
}
{Heap before GC invocations=1075 (full 50):
 PSYoungGen      total 688128K, used 589824K [0x00000000d0000000, 0x0000000100000000, 0x0000000100000000)
  eden space 589824K, 100% used [0x00000000d0000000,0x00000000f4000000,0x00000000f4000000)
  from space 98304K, 0% used [0x00000000fa000000,0x00000000fa000000,0x0000000100000000)
  to   space 98304K, 0% used [0x00000000f4000000,0x00000000f4000000,0x00000000fa000000)
 ParOldGen       total 1310720K, used 1310312K [0x0000000080000000, 0x00000000d0000000, 0x00000000d0000000)
  object space 1310720K, 99% used [0x0000000080000000,0x00000000cff9a000,0x00000000d0000000)
 Metaspace       used 257085K, capacity 261278K, committed 263808K, reserved 755712K
  class space    used 24679K, capacity 25505K, committed 25984K, reserved 516096K
2025-05-15T10:06:00.686+0900: 57171.973: [Full GC (Ergonomics) [PSYoungGen: 589824K->588600K(688128K)] [ParOldGen: 1310312K->1310311K(1310720K)] 1900136K->1898911K(1998848K), [Metaspace: 257085K->257085K(755712K)], 2.7279295 secs] [Times: user=8.81 sys=0.02, real=2.73 secs] 
Heap after GC invocations=1075 (full 50):
 PSYoungGen      total 688128K, used 588600K [0x00000000d0000000, 0x0000000100000000, 0x0000000100000000)
  eden space 589824K, 99% used [0x00000000d0000000,0x00000000f3ece098,0x00000000f4000000)
  from space 98304K, 0% used [0x00000000fa000000,0x00000000fa000000,0x0000000100000000)
  to   space 98304K, 0% used [0x00000000f4000000,0x00000000f4000000,0x00000000fa000000)
 ParOldGen       total 1310720K, used 1310311K [0x0000000080000000, 0x00000000d0000000, 0x00000000d0000000)
  object space 1310720K, 99% used [0x0000000080000000,0x00000000cff99eb8,0x00000000d0000000)
 Metaspace       used 257085K, capacity 261278K, committed 263808K, reserved 755712K
  class space    used 24679K, capacity 25505K, committed 25984K, reserved 516096K
}
{Heap before GC invocations=1076 (full 51):
 PSYoungGen      total 688128K, used 589824K [0x00000000d0000000, 0x0000000100000000, 0x0000000100000000)
  eden space 589824K, 100% used [0x00000000d0000000,0x00000000f4000000,0x00000000f4000000)
  from space 98304K, 0% used [0x00000000fa000000,0x00000000fa000000,0x0000000100000000)
  to   space 98304K, 0% used [0x00000000f4000000,0x00000000f4000000,0x00000000fa000000)
 ParOldGen       total 1310720K, used 1310311K [0x0000000080000000, 0x00000000d0000000, 0x00000000d0000000)
  object space 1310720K, 99% used [0x0000000080000000,0x00000000cff99eb8,0x00000000d0000000)
 Metaspace       used 257085K, capacity 261278K, committed 263808K, reserved 755712K
  class space    used 24679K, capacity 25505K, committed 25984K, reserved 516096K
2025-05-15T10:06:03.420+0900: 57174.707: [Full GC (Ergonomics) [PSYoungGen: 589824K->588556K(688128K)] [ParOldGen: 1310311K->1310310K(1310720K)] 1900135K->1898867K(1998848K), [Metaspace: 257085K->257085K(755712K)], 3.0039131 secs] [Times: user=9.78 sys=0.04, real=3.00 secs] 
Heap after GC invocations=1076 (full 51):
 PSYoungGen      total 688128K, used 588556K [0x00000000d0000000, 0x0000000100000000, 0x0000000100000000)
  eden space 589824K, 99% used [0x00000000d0000000,0x00000000f3ec3288,0x00000000f4000000)
  from space 98304K, 0% used [0x00000000fa000000,0x00000000fa000000,0x0000000100000000)
  to   space 98304K, 0% used [0x00000000f4000000,0x00000000f4000000,0x00000000fa000000)
 ParOldGen       total 1310720K, used 1310310K [0x0000000080000000, 0x00000000d0000000, 0x00000000d0000000)
  object space 1310720K, 99% used [0x0000000080000000,0x00000000cff99a48,0x00000000d0000000)
 Metaspace       used 257085K, capacity 261278K, committed 263808K, reserved 755712K
  class space    used 24679K, capacity 25505K, committed 25984K, reserved 516096K
}
{Heap before GC invocations=1077 (full 52):
 PSYoungGen      total 688128K, used 589824K [0x00000000d0000000, 0x0000000100000000, 0x0000000100000000)
  eden space 589824K, 100% used [0x00000000d0000000,0x00000000f4000000,0x00000000f4000000)
  from space 98304K, 0% used [0x00000000fa000000,0x00000000fa000000,0x0000000100000000)
  to   space 98304K, 0% used [0x00000000f4000000,0x00000000f4000000,0x00000000fa000000)
 ParOldGen       total 1310720K, used 1310310K [0x0000000080000000, 0x00000000d0000000, 0x00000000d0000000)
  object space 1310720K, 99% used [0x0000000080000000,0x00000000cff99a48,0x00000000d0000000)
 Metaspace       used 257085K, capacity 261278K, committed 263808K, reserved 755712K
  class space    used 24679K, capacity 25505K, committed 25984K, reserved 516096K
2025-05-15T10:06:06.430+0900: 57177.717: [Full GC (Ergonomics) [PSYoungGen: 589824K->588854K(688128K)] [ParOldGen: 1310310K->1310310K(1310720K)] 1900134K->1899165K(1998848K), [Metaspace: 257085K->257085K(755712K)], 2.9822961 secs] [Times: user=9.88 sys=0.03, real=2.98 secs] 
Heap after GC invocations=1077 (full 52):
 PSYoungGen      total 688128K, used 588854K [0x00000000d0000000, 0x0000000100000000, 0x0000000100000000)
  eden space 589824K, 99% used [0x00000000d0000000,0x00000000f3f0db48,0x00000000f4000000)
  from space 98304K, 0% used [0x00000000fa000000,0x00000000fa000000,0x0000000100000000)
  to   space 98304K, 0% used [0x00000000f4000000,0x00000000f4000000,0x00000000fa000000)
 ParOldGen       total 1310720K, used 1310310K [0x0000000080000000, 0x00000000d0000000, 0x00000000d0000000)
  object space 1310720K, 99% used [0x0000000080000000,0x00000000cff998f8,0x00000000d0000000)
 Metaspace       used 257085K, capacity 261278K, committed 263808K, reserved 755712K
  class space    used 24679K, capacity 25505K, committed 25984K, reserved 516096K
}
{Heap before GC invocations=1078 (full 53):
 PSYoungGen      total 688128K, used 589824K [0x00000000d0000000, 0x0000000100000000, 0x0000000100000000)
  eden space 589824K, 100% used [0x00000000d0000000,0x00000000f4000000,0x00000000f4000000)
  from space 98304K, 0% used [0x00000000fa000000,0x00000000fa000000,0x0000000100000000)
  to   space 98304K, 0% used [0x00000000f4000000,0x00000000f4000000,0x00000000fa000000)
 ParOldGen       total 1310720K, used 1310310K [0x0000000080000000, 0x00000000d0000000, 0x00000000d0000000)
  object space 1310720K, 99% used [0x0000000080000000,0x00000000cff998f8,0x00000000d0000000)
 Metaspace       used 257085K, capacity 261278K, committed 263808K, reserved 755712K
  class space    used 24679K, capacity 25505K, committed 25984K, reserved 516096K
2025-05-15T10:06:09.416+0900: 57180.703: [Full GC (Ergonomics) [PSYoungGen: 589824K->588855K(688128K)] [ParOldGen: 1310310K->1310309K(1310720K)] 1900134K->1899165K(1998848K), [Metaspace: 257085K->257085K(755712K)], 2.9667042 secs] [Times: user=10.24 sys=0.01, real=2.97 secs] 
Heap after GC invocations=1078 (full 53):
 PSYoungGen      total 688128K, used 588855K [0x00000000d0000000, 0x0000000100000000, 0x0000000100000000)
  eden space 589824K, 99% used [0x00000000d0000000,0x00000000f3f0dfb8,0x00000000f4000000)
  from space 98304K, 0% used [0x00000000fa000000,0x00000000fa000000,0x0000000100000000)
  to   space 98304K, 0% used [0x00000000f4000000,0x00000000f4000000,0x00000000fa000000)
 ParOldGen       total 1310720K, used 1310309K [0x0000000080000000, 0x00000000d0000000, 0x00000000d0000000)
  object space 1310720K, 99% used [0x0000000080000000,0x00000000cff995b0,0x00000000d0000000)
 Metaspace       used 257085K, capacity 261278K, committed 263808K, reserved 755712K
  class space    used 24679K, capacity 25505K, committed 25984K, reserved 516096K
}
{Heap before GC invocations=1079 (full 54):
 PSYoungGen      total 688128K, used 589824K [0x00000000d0000000, 0x0000000100000000, 0x0000000100000000)
  eden space 589824K, 100% used [0x00000000d0000000,0x00000000f4000000,0x00000000f4000000)
  from space 98304K, 0% used [0x00000000fa000000,0x00000000fa000000,0x0000000100000000)
  to   space 98304K, 0% used [0x00000000f4000000,0x00000000f4000000,0x00000000fa000000)
 ParOldGen       total 1310720K, used 1310309K [0x0000000080000000, 0x00000000d0000000, 0x00000000d0000000)
  object space 1310720K, 99% used [0x0000000080000000,0x00000000cff995b0,0x00000000d0000000)
 Metaspace       used 257085K, capacity 261278K, committed 263808K, reserved 755712K
  class space    used 24679K, capacity 25505K, committed 25984K, reserved 516096K
2025-05-15T10:06:12.385+0900: 57183.672: [Full GC (Ergonomics) [PSYoungGen: 589824K->588859K(688128K)] [ParOldGen: 1310309K->1310307K(1310720K)] 1900133K->1899167K(1998848K), [Metaspace: 257085K->257085K(755712K)], 2.8181971 secs] [Times: user=9.50 sys=0.03, real=2.82 secs] 
Heap after GC invocations=1079 (full 54):
 PSYoungGen      total 688128K, used 588859K [0x00000000d0000000, 0x0000000100000000, 0x0000000100000000)
  eden space 589824K, 99% used [0x00000000d0000000,0x00000000f3f0efc8,0x00000000f4000000)
  from space 98304K, 0% used [0x00000000fa000000,0x00000000fa000000,0x0000000100000000)
  to   space 98304K, 0% used [0x00000000f4000000,0x00000000f4000000,0x00000000fa000000)
 ParOldGen       total 1310720K, used 1310307K [0x0000000080000000, 0x00000000d0000000, 0x00000000d0000000)
  object space 1310720K, 99% used [0x0000000080000000,0x00000000cff98e10,0x00000000d0000000)
 Metaspace       used 257085K, capacity 261278K, committed 263808K, reserved 755712K
  class space    used 24679K, capacity 25505K, committed 25984K, reserved 516096K
}
{Heap before GC invocations=1080 (full 55):
 PSYoungGen      total 688128K, used 589824K [0x00000000d0000000, 0x0000000100000000, 0x0000000100000000)
  eden space 589824K, 100% used [0x00000000d0000000,0x00000000f4000000,0x00000000f4000000)
  from space 98304K, 0% used [0x00000000fa000000,0x00000000fa000000,0x0000000100000000)
  to   space 98304K, 0% used [0x00000000f4000000,0x00000000f4000000,0x00000000fa000000)
 ParOldGen       total 1310720K, used 1310307K [0x0000000080000000, 0x00000000d0000000, 0x00000000d0000000)
  object space 1310720K, 99% used [0x0000000080000000,0x00000000cff98e10,0x00000000d0000000)
 Metaspace       used 257085K, capacity 261278K, committed 263808K, reserved 755712K
  class space    used 24679K, capacity 25505K, committed 25984K, reserved 516096K
2025-05-15T10:06:15.206+0900: 57186.493: [Full GC (Ergonomics) [PSYoungGen: 589824K->588918K(688128K)] [ParOldGen: 1310307K->1310305K(1310720K)] 1900131K->1899223K(1998848K), [Metaspace: 257085K->257085K(755712K)], 2.9120401 secs] [Times: user=9.93 sys=0.02, real=2.91 secs] 
Heap after GC invocations=1080 (full 55):
 PSYoungGen      total 688128K, used 588918K [0x00000000d0000000, 0x0000000100000000, 0x0000000100000000)
  eden space 589824K, 99% used [0x00000000d0000000,0x00000000f3f1da80,0x00000000f4000000)
  from space 98304K, 0% used [0x00000000fa000000,0x00000000fa000000,0x0000000100000000)
  to   space 98304K, 0% used [0x00000000f4000000,0x00000000f4000000,0x00000000fa000000)
 ParOldGen       total 1310720K, used 1310305K [0x0000000080000000, 0x00000000d0000000, 0x00000000d0000000)
  object space 1310720K, 99% used [0x0000000080000000,0x00000000cff984e8,0x00000000d0000000)
 Metaspace       used 257085K, capacity 261278K, committed 263808K, reserved 755712K
  class space    used 24679K, capacity 25505K, committed 25984K, reserved 516096K
}
{Heap before GC invocations=1081 (full 56):
 PSYoungGen      total 688128K, used 589824K [0x00000000d0000000, 0x0000000100000000, 0x0000000100000000)
  eden space 589824K, 100% used [0x00000000d0000000,0x00000000f4000000,0x00000000f4000000)
  from space 98304K, 0% used [0x00000000fa000000,0x00000000fa000000,0x0000000100000000)
  to   space 98304K, 0% used [0x00000000f4000000,0x00000000f4000000,0x00000000fa000000)
 ParOldGen       total 1310720K, used 1310305K [0x0000000080000000, 0x00000000d0000000, 0x00000000d0000000)
  object space 1310720K, 99% used [0x0000000080000000,0x00000000cff984e8,0x00000000d0000000)
 Metaspace       used 257085K, capacity 261278K, committed 263808K, reserved 755712K
  class space    used 24679K, capacity 25505K, committed 25984K, reserved 516096K
2025-05-15T10:06:18.121+0900: 57189.408: [Full GC (Ergonomics) [PSYoungGen: 589824K->588920K(688128K)] [ParOldGen: 1310305K->1310305K(1310720K)] 1900129K->1899225K(1998848K), [Metaspace: 257085K->257085K(755712K)], 2.6618884 secs] [Times: user=8.78 sys=0.01, real=2.66 secs] 
Heap after GC invocations=1081 (full 56):
 PSYoungGen      total 688128K, used 588920K [0x00000000d0000000, 0x0000000100000000, 0x0000000100000000)
  eden space 589824K, 99% used [0x00000000d0000000,0x00000000f3f1e1a0,0x00000000f4000000)
  from space 98304K, 0% used [0x00000000fa000000,0x00000000fa000000,0x0000000100000000)
  to   space 98304K, 0% used [0x00000000f4000000,0x00000000f4000000,0x00000000fa000000)
 ParOldGen       total 1310720K, used 1310305K [0x0000000080000000, 0x00000000d0000000, 0x00000000d0000000)
  object space 1310720K, 99% used [0x0000000080000000,0x00000000cff984e8,0x00000000d0000000)
 Metaspace       used 257085K, capacity 261278K, committed 263808K, reserved 755712K
  class space    used 24679K, capacity 25505K, committed 25984K, reserved 516096K
}
{Heap before GC invocations=1082 (full 57):
 PSYoungGen      total 688128K, used 589824K [0x00000000d0000000, 0x0000000100000000, 0x0000000100000000)
  eden space 589824K, 100% used [0x00000000d0000000,0x00000000f4000000,0x00000000f4000000)
  from space 98304K, 0% used [0x00000000fa000000,0x00000000fa000000,0x0000000100000000)
  to   space 98304K, 0% used [0x00000000f4000000,0x00000000f4000000,0x00000000fa000000)
 ParOldGen       total 1310720K, used 1310305K [0x0000000080000000, 0x00000000d0000000, 0x00000000d0000000)
  object space 1310720K, 99% used [0x0000000080000000,0x00000000cff984e8,0x00000000d0000000)
 Metaspace       used 257085K, capacity 261278K, committed 263808K, reserved 755712K
  class space    used 24679K, capacity 25505K, committed 25984K, reserved 516096K
2025-05-15T10:06:20.785+0900: 57192.072: [Full GC (Ergonomics) [PSYoungGen: 589824K->589038K(688128K)] [ParOldGen: 1310305K->1310303K(1310720K)] 1900129K->1899342K(1998848K), [Metaspace: 257085K->257085K(755712K)], 2.5862860 secs] [Times: user=8.79 sys=0.02, real=2.59 secs] 
Heap after GC invocations=1082 (full 57):
 PSYoungGen      total 688128K, used 589038K [0x00000000d0000000, 0x0000000100000000, 0x0000000100000000)
  eden space 589824K, 99% used [0x00000000d0000000,0x00000000f3f3bb80,0x00000000f4000000)
  from space 98304K, 0% used [0x00000000fa000000,0x00000000fa000000,0x0000000100000000)
  to   space 98304K, 0% used [0x00000000f4000000,0x00000000f4000000,0x00000000fa000000)
 ParOldGen       total 1310720K, used 1310303K [0x0000000080000000, 0x00000000d0000000, 0x00000000d0000000)
  object space 1310720K, 99% used [0x0000000080000000,0x00000000cff97cd0,0x00000000d0000000)
 Metaspace       used 257085K, capacity 261278K, committed 263808K, reserved 755712K
  class space    used 24679K, capacity 25505K, committed 25984K, reserved 516096K
}
{Heap before GC invocations=1083 (full 58):
 PSYoungGen      total 688128K, used 589824K [0x00000000d0000000, 0x0000000100000000, 0x0000000100000000)
  eden space 589824K, 100% used [0x00000000d0000000,0x00000000f4000000,0x00000000f4000000)
  from space 98304K, 0% used [0x00000000fa000000,0x00000000fa000000,0x0000000100000000)
  to   space 98304K, 0% used [0x00000000f4000000,0x00000000f4000000,0x00000000fa000000)
 ParOldGen       total 1310720K, used 1310303K [0x0000000080000000, 0x00000000d0000000, 0x00000000d0000000)
  object space 1310720K, 99% used [0x0000000080000000,0x00000000cff97cd0,0x00000000d0000000)
 Metaspace       used 257085K, capacity 261278K, committed 263808K, reserved 755712K
  class space    used 24679K, capacity 25505K, committed 25984K, reserved 516096K
2025-05-15T10:06:23.374+0900: 57194.661: [Full GC (Ergonomics) [PSYoungGen: 589824K->589042K(688128K)] [ParOldGen: 1310303K->1310302K(1310720K)] 1900127K->1899344K(1998848K), [Metaspace: 257085K->257085K(755712K)], 2.7095940 secs] [Times: user=8.90 sys=0.04, real=2.71 secs] 
Heap after GC invocations=1083 (full 58):
 PSYoungGen      total 688128K, used 589042K [0x00000000d0000000, 0x0000000100000000, 0x0000000100000000)
  eden space 589824K, 99% used [0x00000000d0000000,0x00000000f3f3c9b0,0x00000000f4000000)
  from space 98304K, 0% used [0x00000000fa000000,0x00000000fa000000,0x0000000100000000)
  to   space 98304K, 0% used [0x00000000f4000000,0x00000000f4000000,0x00000000fa000000)
 ParOldGen       total 1310720K, used 1310302K [0x0000000080000000, 0x00000000d0000000, 0x00000000d0000000)
  object space 1310720K, 99% used [0x0000000080000000,0x00000000cff97a00,0x00000000d0000000)
 Metaspace       used 257085K, capacity 261278K, committed 263808K, reserved 755712K
  class space    used 24679K, capacity 25505K, committed 25984K, reserved 516096K
}
{Heap before GC invocations=1084 (full 59):
 PSYoungGen      total 688128K, used 589824K [0x00000000d0000000, 0x0000000100000000, 0x0000000100000000)
  eden space 589824K, 100% used [0x00000000d0000000,0x00000000f4000000,0x00000000f4000000)
  from space 98304K, 0% used [0x00000000fa000000,0x00000000fa000000,0x0000000100000000)
  to   space 98304K, 0% used [0x00000000f4000000,0x00000000f4000000,0x00000000fa000000)
 ParOldGen       total 1310720K, used 1310302K [0x0000000080000000, 0x00000000d0000000, 0x00000000d0000000)
  object space 1310720K, 99% used [0x0000000080000000,0x00000000cff97a00,0x00000000d0000000)
 Metaspace       used 257085K, capacity 261278K, committed 263808K, reserved 755712K
  class space    used 24679K, capacity 25505K, committed 25984K, reserved 516096K
2025-05-15T10:06:26.086+0900: 57197.373: [Full GC (Ergonomics) [PSYoungGen: 589824K->589126K(688128K)] [ParOldGen: 1310302K->1310302K(1310720K)] 1900126K->1899428K(1998848K), [Metaspace: 257085K->257085K(755712K)], 2.8689470 secs] [Times: user=9.63 sys=0.03, real=2.87 secs] 
Heap after GC invocations=1084 (full 59):
 PSYoungGen      total 688128K, used 589126K [0x00000000d0000000, 0x0000000100000000, 0x0000000100000000)
  eden space 589824K, 99% used [0x00000000d0000000,0x00000000f3f51b48,0x00000000f4000000)
  from space 98304K, 0% used [0x00000000fa000000,0x00000000fa000000,0x0000000100000000)
  to   space 98304K, 0% used [0x00000000f4000000,0x00000000f4000000,0x00000000fa000000)
 ParOldGen       total 1310720K, used 1310302K [0x0000000080000000, 0x00000000d0000000, 0x00000000d0000000)
  object space 1310720K, 99% used [0x0000000080000000,0x00000000cff97840,0x00000000d0000000)
 Metaspace       used 257085K, capacity 261278K, committed 263808K, reserved 755712K
  class space    used 24679K, capacity 25505K, committed 25984K, reserved 516096K
}
{Heap before GC invocations=1085 (full 60):
 PSYoungGen      total 688128K, used 589824K [0x00000000d0000000, 0x0000000100000000, 0x0000000100000000)
  eden space 589824K, 100% used [0x00000000d0000000,0x00000000f4000000,0x00000000f4000000)
  from space 98304K, 0% used [0x00000000fa000000,0x00000000fa000000,0x0000000100000000)
  to   space 98304K, 0% used [0x00000000f4000000,0x00000000f4000000,0x00000000fa000000)
 ParOldGen       total 1310720K, used 1310302K [0x0000000080000000, 0x00000000d0000000, 0x00000000d0000000)
  object space 1310720K, 99% used [0x0000000080000000,0x00000000cff97840,0x00000000d0000000)
 Metaspace       used 257085K, capacity 261278K, committed 263808K, reserved 755712K
  class space    used 24679K, capacity 25505K, committed 25984K, reserved 516096K
2025-05-15T10:06:28.959+0900: 57200.246: [Full GC (Ergonomics) [PSYoungGen: 589824K->589199K(688128K)] [ParOldGen: 1310302K->1310300K(1310720K)] 1900126K->1899499K(1998848K), [Metaspace: 257085K->257085K(755712K)], 2.8249640 secs] [Times: user=9.80 sys=0.02, real=2.82 secs] 
Heap after GC invocations=1085 (full 60):
 PSYoungGen      total 688128K, used 589199K [0x00000000d0000000, 0x0000000100000000, 0x0000000100000000)
  eden space 589824K, 99% used [0x00000000d0000000,0x00000000f3f63ec0,0x00000000f4000000)
  from space 98304K, 0% used [0x00000000fa000000,0x00000000fa000000,0x0000000100000000)
  to   space 98304K, 0% used [0x00000000f4000000,0x00000000f4000000,0x00000000fa000000)
 ParOldGen       total 1310720K, used 1310300K [0x0000000080000000, 0x00000000d0000000, 0x00000000d0000000)
  object space 1310720K, 99% used [0x0000000080000000,0x00000000cff97010,0x00000000d0000000)
 Metaspace       used 257085K, capacity 261278K, committed 263808K, reserved 755712K
  class space    used 24679K, capacity 25505K, committed 25984K, reserved 516096K
}
{Heap before GC invocations=1086 (full 61):
 PSYoungGen      total 688128K, used 589824K [0x00000000d0000000, 0x0000000100000000, 0x0000000100000000)
  eden space 589824K, 100% used [0x00000000d0000000,0x00000000f4000000,0x00000000f4000000)
  from space 98304K, 0% used [0x00000000fa000000,0x00000000fa000000,0x0000000100000000)
  to   space 98304K, 0% used [0x00000000f4000000,0x00000000f4000000,0x00000000fa000000)
 ParOldGen       total 1310720K, used 1310300K [0x0000000080000000, 0x00000000d0000000, 0x00000000d0000000)
  object space 1310720K, 99% used [0x0000000080000000,0x00000000cff97010,0x00000000d0000000)
 Metaspace       used 257085K, capacity 261278K, committed 263808K, reserved 755712K
  class space    used 24679K, capacity 25505K, committed 25984K, reserved 516096K
2025-05-15T10:06:31.787+0900: 57203.074: [Full GC (Ergonomics) [PSYoungGen: 589824K->589175K(688128K)] [ParOldGen: 1310300K->1310299K(1310720K)] 1900124K->1899475K(1998848K), [Metaspace: 257085K->257085K(755712K)], 2.7879313 secs] [Times: user=9.20 sys=0.03, real=2.79 secs] 
Heap after GC invocations=1086 (full 61):
 PSYoungGen      total 688128K, used 589175K [0x00000000d0000000, 0x0000000100000000, 0x0000000100000000)
  eden space 589824K, 99% used [0x00000000d0000000,0x00000000f3f5df20,0x00000000f4000000)
  from space 98304K, 0% used [0x00000000fa000000,0x00000000fa000000,0x0000000100000000)
  to   space 98304K, 0% used [0x00000000f4000000,0x00000000f4000000,0x00000000fa000000)
 ParOldGen       total 1310720K, used 1310299K [0x0000000080000000, 0x00000000d0000000, 0x00000000d0000000)
  object space 1310720K, 99% used [0x0000000080000000,0x00000000cff96d48,0x00000000d0000000)
 Metaspace       used 257085K, capacity 261278K, committed 263808K, reserved 755712K
  class space    used 24679K, capacity 25505K, committed 25984K, reserved 516096K
}
{Heap before GC invocations=1087 (full 62):
 PSYoungGen      total 688128K, used 589824K [0x00000000d0000000, 0x0000000100000000, 0x0000000100000000)
  eden space 589824K, 100% used [0x00000000d0000000,0x00000000f4000000,0x00000000f4000000)
  from space 98304K, 0% used [0x00000000fa000000,0x00000000fa000000,0x0000000100000000)
  to   space 98304K, 0% used [0x00000000f4000000,0x00000000f4000000,0x00000000fa000000)
 ParOldGen       total 1310720K, used 1310299K [0x0000000080000000, 0x00000000d0000000, 0x00000000d0000000)
  object space 1310720K, 99% used [0x0000000080000000,0x00000000cff96d48,0x00000000d0000000)
 Metaspace       used 257085K, capacity 261278K, committed 263808K, reserved 755712K
  class space    used 24679K, capacity 25505K, committed 25984K, reserved 516096K
2025-05-15T10:06:34.578+0900: 57205.865: [Full GC (Ergonomics) [PSYoungGen: 589824K->589187K(688128K)] [ParOldGen: 1310299K->1310299K(1310720K)] 1900123K->1899486K(1998848K), [Metaspace: 257085K->257085K(755712K)], 2.7953966 secs] [Times: user=9.59 sys=0.03, real=2.80 secs] 
Heap after GC invocations=1087 (full 62):
 PSYoungGen      total 688128K, used 589187K [0x00000000d0000000, 0x0000000100000000, 0x0000000100000000)
  eden space 589824K, 99% used [0x00000000d0000000,0x00000000f3f60ec0,0x00000000f4000000)
  from space 98304K, 0% used [0x00000000fa000000,0x00000000fa000000,0x0000000100000000)
  to   space 98304K, 0% used [0x00000000f4000000,0x00000000f4000000,0x00000000fa000000)
 ParOldGen       total 1310720K, used 1310299K [0x0000000080000000, 0x00000000d0000000, 0x00000000d0000000)
  object space 1310720K, 99% used [0x0000000080000000,0x00000000cff96c90,0x00000000d0000000)
 Metaspace       used 257085K, capacity 261278K, committed 263808K, reserved 755712K
  class space    used 24679K, capacity 25505K, committed 25984K, reserved 516096K
}
{Heap before GC invocations=1088 (full 63):
 PSYoungGen      total 688128K, used 589824K [0x00000000d0000000, 0x0000000100000000, 0x0000000100000000)
  eden space 589824K, 100% used [0x00000000d0000000,0x00000000f4000000,0x00000000f4000000)
  from space 98304K, 0% used [0x00000000fa000000,0x00000000fa000000,0x0000000100000000)
  to   space 98304K, 0% used [0x00000000f4000000,0x00000000f4000000,0x00000000fa000000)
 ParOldGen       total 1310720K, used 1310299K [0x0000000080000000, 0x00000000d0000000, 0x00000000d0000000)
  object space 1310720K, 99% used [0x0000000080000000,0x00000000cff96c90,0x00000000d0000000)
 Metaspace       used 257085K, capacity 261278K, committed 263808K, reserved 755712K
  class space    used 24679K, capacity 25505K, committed 25984K, reserved 516096K
2025-05-15T10:06:37.378+0900: 57208.665: [Full GC (Ergonomics) [PSYoungGen: 589824K->589190K(688128K)] [ParOldGen: 1310299K->1310299K(1310720K)] 1900123K->1899489K(1998848K), [Metaspace: 257085K->257085K(755712K)], 2.4915236 secs] [Times: user=8.16 sys=0.03, real=2.50 secs] 
Heap after GC invocations=1088 (full 63):
 PSYoungGen      total 688128K, used 589190K [0x00000000d0000000, 0x0000000100000000, 0x0000000100000000)
  eden space 589824K, 99% used [0x00000000d0000000,0x00000000f3f61a28,0x00000000f4000000)
  from space 98304K, 0% used [0x00000000fa000000,0x00000000fa000000,0x0000000100000000)
  to   space 98304K, 0% used [0x00000000f4000000,0x00000000f4000000,0x00000000fa000000)
 ParOldGen       total 1310720K, used 1310299K [0x0000000080000000, 0x00000000d0000000, 0x00000000d0000000)
  object space 1310720K, 99% used [0x0000000080000000,0x00000000cff96c90,0x00000000d0000000)
 Metaspace       used 257085K, capacity 261278K, committed 263808K, reserved 755712K
  class space    used 24679K, capacity 25505K, committed 25984K, reserved 516096K
}
{Heap before GC invocations=1089 (full 64):
 PSYoungGen      total 688128K, used 589824K [0x00000000d0000000, 0x0000000100000000, 0x0000000100000000)
  eden space 589824K, 100% used [0x00000000d0000000,0x00000000f4000000,0x00000000f4000000)
  from space 98304K, 0% used [0x00000000fa000000,0x00000000fa000000,0x0000000100000000)
  to   space 98304K, 0% used [0x00000000f4000000,0x00000000f4000000,0x00000000fa000000)
 ParOldGen       total 1310720K, used 1310299K [0x0000000080000000, 0x00000000d0000000, 0x00000000d0000000)
  object space 1310720K, 99% used [0x0000000080000000,0x00000000cff96c90,0x00000000d0000000)
 Metaspace       used 257085K, capacity 261278K, committed 263808K, reserved 755712K
  class space    used 24679K, capacity 25505K, committed 25984K, reserved 516096K
2025-05-15T10:06:39.872+0900: 57211.159: [Full GC (Ergonomics) [PSYoungGen: 589824K->589160K(688128K)] [ParOldGen: 1310299K->1310299K(1310720K)] 1900123K->1899459K(1998848K), [Metaspace: 257085K->257085K(755712K)], 2.6787391 secs] [Times: user=9.09 sys=0.01, real=2.68 secs] 
Heap after GC invocations=1089 (full 64):
 PSYoungGen      total 688128K, used 589160K [0x00000000d0000000, 0x0000000100000000, 0x0000000100000000)
  eden space 589824K, 99% used [0x00000000d0000000,0x00000000f3f5a130,0x00000000f4000000)
  from space 98304K, 0% used [0x00000000fa000000,0x00000000fa000000,0x0000000100000000)
  to   space 98304K, 0% used [0x00000000f4000000,0x00000000f4000000,0x00000000fa000000)
 ParOldGen       total 1310720K, used 1310299K [0x0000000080000000, 0x00000000d0000000, 0x00000000d0000000)
  object space 1310720K, 99% used [0x0000000080000000,0x00000000cff96c90,0x00000000d0000000)
 Metaspace       used 257085K, capacity 261278K, committed 263808K, reserved 755712K
  class space    used 24679K, capacity 25505K, committed 25984K, reserved 516096K
}
{Heap before GC invocations=1090 (full 65):
 PSYoungGen      total 688128K, used 589824K [0x00000000d0000000, 0x0000000100000000, 0x0000000100000000)
  eden space 589824K, 100% used [0x00000000d0000000,0x00000000f4000000,0x00000000f4000000)
  from space 98304K, 0% used [0x00000000fa000000,0x00000000fa000000,0x0000000100000000)
  to   space 98304K, 0% used [0x00000000f4000000,0x00000000f4000000,0x00000000fa000000)
 ParOldGen       total 1310720K, used 1310299K [0x0000000080000000, 0x00000000d0000000, 0x00000000d0000000)
  object space 1310720K, 99% used [0x0000000080000000,0x00000000cff96c90,0x00000000d0000000)
 Metaspace       used 257085K, capacity 261278K, committed 263808K, reserved 755712K
  class space    used 24679K, capacity 25505K, committed 25984K, reserved 516096K
2025-05-15T10:06:42.557+0900: 57213.844: [Full GC (Ergonomics) [PSYoungGen: 589824K->589125K(688128K)] [ParOldGen: 1310299K->1310261K(1310720K)] 1900123K->1899386K(1998848K), [Metaspace: 257085K->257081K(755712K)], 3.1527002 secs] [Times: user=10.55 sys=0.04, real=3.16 secs] 
Heap after GC invocations=1090 (full 65):
 PSYoungGen      total 688128K, used 589125K [0x00000000d0000000, 0x0000000100000000, 0x0000000100000000)
  eden space 589824K, 99% used [0x00000000d0000000,0x00000000f3f51428,0x00000000f4000000)
  from space 98304K, 0% used [0x00000000fa000000,0x00000000fa000000,0x0000000100000000)
  to   space 98304K, 0% used [0x00000000f4000000,0x00000000f4000000,0x00000000fa000000)
 ParOldGen       total 1310720K, used 1310261K [0x0000000080000000, 0x00000000d0000000, 0x00000000d0000000)
  object space 1310720K, 99% used [0x0000000080000000,0x00000000cff8d5b0,0x00000000d0000000)
 Metaspace       used 257081K, capacity 261272K, committed 263808K, reserved 755712K
  class space    used 24678K, capacity 25504K, committed 25984K, reserved 516096K
}
{Heap before GC invocations=1091 (full 66):
 PSYoungGen      total 688128K, used 589824K [0x00000000d0000000, 0x0000000100000000, 0x0000000100000000)
  eden space 589824K, 100% used [0x00000000d0000000,0x00000000f4000000,0x00000000f4000000)
  from space 98304K, 0% used [0x00000000fa000000,0x00000000fa000000,0x0000000100000000)
  to   space 98304K, 0% used [0x00000000f4000000,0x00000000f4000000,0x00000000fa000000)
 ParOldGen       total 1310720K, used 1310261K [0x0000000080000000, 0x00000000d0000000, 0x00000000d0000000)
  object space 1310720K, 99% used [0x0000000080000000,0x00000000cff8d5b0,0x00000000d0000000)
 Metaspace       used 257081K, capacity 261272K, committed 263808K, reserved 755712K
  class space    used 24678K, capacity 25504K, committed 25984K, reserved 516096K
2025-05-15T10:06:45.722+0900: 57217.009: [Full GC (Ergonomics) [PSYoungGen: 589824K->589110K(688128K)] [ParOldGen: 1310261K->1310261K(1310720K)] 1900085K->1899371K(1998848K), [Metaspace: 257081K->257081K(755712K)], 2.5675203 secs] [Times: user=8.69 sys=0.02, real=2.57 secs] 
Heap after GC invocations=1091 (full 66):
 PSYoungGen      total 688128K, used 589110K [0x00000000d0000000, 0x0000000100000000, 0x0000000100000000)
  eden space 589824K, 99% used [0x00000000d0000000,0x00000000f3f4d8e8,0x00000000f4000000)
  from space 98304K, 0% used [0x00000000fa000000,0x00000000fa000000,0x0000000100000000)
  to   space 98304K, 0% used [0x00000000f4000000,0x00000000f4000000,0x00000000fa000000)
 ParOldGen       total 1310720K, used 1310261K [0x0000000080000000, 0x00000000d0000000, 0x00000000d0000000)
  object space 1310720K, 99% used [0x0000000080000000,0x00000000cff8d588,0x00000000d0000000)
 Metaspace       used 257081K, capacity 261272K, committed 263808K, reserved 755712K
  class space    used 24678K, capacity 25504K, committed 25984K, reserved 516096K
}
{Heap before GC invocations=1092 (full 67):
 PSYoungGen      total 688128K, used 589824K [0x00000000d0000000, 0x0000000100000000, 0x0000000100000000)
  eden space 589824K, 100% used [0x00000000d0000000,0x00000000f4000000,0x00000000f4000000)
  from space 98304K, 0% used [0x00000000fa000000,0x00000000fa000000,0x0000000100000000)
  to   space 98304K, 0% used [0x00000000f4000000,0x00000000f4000000,0x00000000fa000000)
 ParOldGen       total 1310720K, used 1310261K [0x0000000080000000, 0x00000000d0000000, 0x00000000d0000000)
  object space 1310720K, 99% used [0x0000000080000000,0x00000000cff8d588,0x00000000d0000000)
 Metaspace       used 257081K, capacity 261272K, committed 263808K, reserved 755712K
  class space    used 24678K, capacity 25504K, committed 25984K, reserved 516096K
2025-05-15T10:06:48.291+0900: 57219.578: [Full GC (Ergonomics) [PSYoungGen: 589824K->589110K(688128K)] [ParOldGen: 1310261K->1310261K(1310720K)] 1900085K->1899371K(1998848K), [Metaspace: 257081K->257081K(755712K)], 2.8182924 secs] [Times: user=9.19 sys=0.03, real=2.82 secs] 
Heap after GC invocations=1092 (full 67):
 PSYoungGen      total 688128K, used 589110K [0x00000000d0000000, 0x0000000100000000, 0x0000000100000000)
  eden space 589824K, 99% used [0x00000000d0000000,0x00000000f3f4d990,0x00000000f4000000)
  from space 98304K, 0% used [0x00000000fa000000,0x00000000fa000000,0x0000000100000000)
  to   space 98304K, 0% used [0x00000000f4000000,0x00000000f4000000,0x00000000fa000000)
 ParOldGen       total 1310720K, used 1310261K [0x0000000080000000, 0x00000000d0000000, 0x00000000d0000000)
  object space 1310720K, 99% used [0x0000000080000000,0x00000000cff8d588,0x00000000d0000000)
 Metaspace       used 257081K, capacity 261272K, committed 263808K, reserved 755712K
  class space    used 24678K, capacity 25504K, committed 25984K, reserved 516096K
}
{Heap before GC invocations=1093 (full 68):
 PSYoungGen      total 688128K, used 589824K [0x00000000d0000000, 0x0000000100000000, 0x0000000100000000)
  eden space 589824K, 100% used [0x00000000d0000000,0x00000000f4000000,0x00000000f4000000)
  from space 98304K, 0% used [0x00000000fa000000,0x00000000fa000000,0x0000000100000000)
  to   space 98304K, 0% used [0x00000000f4000000,0x00000000f4000000,0x00000000fa000000)
 ParOldGen       total 1310720K, used 1310261K [0x0000000080000000, 0x00000000d0000000, 0x00000000d0000000)
  object space 1310720K, 99% used [0x0000000080000000,0x00000000cff8d588,0x00000000d0000000)
 Metaspace       used 257081K, capacity 261272K, committed 263808K, reserved 755712K
  class space    used 24678K, capacity 25504K, committed 25984K, reserved 516096K
2025-05-15T10:06:51.131+0900: 57222.418: [Full GC (Ergonomics) [PSYoungGen: 589824K->587063K(688128K)] [ParOldGen: 1310261K->1310654K(1310720K)] 1900085K->1897718K(1998848K), [Metaspace: 257081K->257042K(755712K)], 2.9126370 secs] [Times: user=9.73 sys=0.03, real=2.91 secs] 
Heap after GC invocations=1093 (full 68):
 PSYoungGen      total 688128K, used 587063K [0x00000000d0000000, 0x0000000100000000, 0x0000000100000000)
  eden space 589824K, 99% used [0x00000000d0000000,0x00000000f3d4ded0,0x00000000f4000000)
  from space 98304K, 0% used [0x00000000fa000000,0x00000000fa000000,0x0000000100000000)
  to   space 98304K, 0% used [0x00000000f4000000,0x00000000f4000000,0x00000000fa000000)
 ParOldGen       total 1310720K, used 1310654K [0x0000000080000000, 0x00000000d0000000, 0x00000000d0000000)
  object space 1310720K, 99% used [0x0000000080000000,0x00000000cffefb70,0x00000000d0000000)
 Metaspace       used 257042K, capacity 261212K, committed 263808K, reserved 755712K
  class space    used 24673K, capacity 25494K, committed 25984K, reserved 516096K
}
{Heap before GC invocations=1094 (full 69):
 PSYoungGen      total 688128K, used 589824K [0x00000000d0000000, 0x0000000100000000, 0x0000000100000000)
  eden space 589824K, 100% used [0x00000000d0000000,0x00000000f4000000,0x00000000f4000000)
  from space 98304K, 0% used [0x00000000fa000000,0x00000000fa000000,0x0000000100000000)
  to   space 98304K, 0% used [0x00000000f4000000,0x00000000f4000000,0x00000000fa000000)
 ParOldGen       total 1310720K, used 1310654K [0x0000000080000000, 0x00000000d0000000, 0x00000000d0000000)
  object space 1310720K, 99% used [0x0000000080000000,0x00000000cffefb70,0x00000000d0000000)
 Metaspace       used 257042K, capacity 261212K, committed 263808K, reserved 755712K
  class space    used 24673K, capacity 25494K, committed 25984K, reserved 516096K
2025-05-15T10:06:54.047+0900: 57225.334: [Full GC (Ergonomics) [PSYoungGen: 589824K->587072K(688128K)] [ParOldGen: 1310654K->1310654K(1310720K)] 1900478K->1897726K(1998848K), [Metaspace: 257042K->257042K(755712K)], 2.5856171 secs] [Times: user=8.85 sys=0.02, real=2.59 secs] 
Heap after GC invocations=1094 (full 69):
 PSYoungGen      total 688128K, used 587072K [0x00000000d0000000, 0x0000000100000000, 0x0000000100000000)
  eden space 589824K, 99% used [0x00000000d0000000,0x00000000f3d50058,0x00000000f4000000)
  from space 98304K, 0% used [0x00000000fa000000,0x00000000fa000000,0x0000000100000000)
  to   space 98304K, 0% used [0x00000000f4000000,0x00000000f4000000,0x00000000fa000000)
 ParOldGen       total 1310720K, used 1310654K [0x0000000080000000, 0x00000000d0000000, 0x00000000d0000000)
  object space 1310720K, 99% used [0x0000000080000000,0x00000000cffefb48,0x00000000d0000000)
 Metaspace       used 257042K, capacity 261212K, committed 263808K, reserved 755712K
  class space    used 24673K, capacity 25494K, committed 25984K, reserved 516096K
}
{Heap before GC invocations=1095 (full 70):
 PSYoungGen      total 688128K, used 589824K [0x00000000d0000000, 0x0000000100000000, 0x0000000100000000)
  eden space 589824K, 100% used [0x00000000d0000000,0x00000000f4000000,0x00000000f4000000)
  from space 98304K, 0% used [0x00000000fa000000,0x00000000fa000000,0x0000000100000000)
  to   space 98304K, 0% used [0x00000000f4000000,0x00000000f4000000,0x00000000fa000000)
 ParOldGen       total 1310720K, used 1310654K [0x0000000080000000, 0x00000000d0000000, 0x00000000d0000000)
  object space 1310720K, 99% used [0x0000000080000000,0x00000000cffefb48,0x00000000d0000000)
 Metaspace       used 257042K, capacity 261212K, committed 263808K, reserved 755712K
  class space    used 24673K, capacity 25494K, committed 25984K, reserved 516096K
2025-05-15T10:06:56.644+0900: 57227.931: [Full GC (Ergonomics) [PSYoungGen: 589824K->587293K(688128K)] [ParOldGen: 1310654K->1310653K(1310720K)] 1900478K->1897946K(1998848K), [Metaspace: 257042K->257038K(755712K)], 3.5047456 secs] [Times: user=11.65 sys=0.04, real=3.51 secs] 
Heap after GC invocations=1095 (full 70):
 PSYoungGen      total 688128K, used 587293K [0x00000000d0000000, 0x0000000100000000, 0x0000000100000000)
  eden space 589824K, 99% used [0x00000000d0000000,0x00000000f3d874e8,0x00000000f4000000)
  from space 98304K, 0% used [0x00000000fa000000,0x00000000fa000000,0x0000000100000000)
  to   space 98304K, 0% used [0x00000000f4000000,0x00000000f4000000,0x00000000fa000000)
 ParOldGen       total 1310720K, used 1310653K [0x0000000080000000, 0x00000000d0000000, 0x00000000d0000000)
  object space 1310720K, 99% used [0x0000000080000000,0x00000000cffef570,0x00000000d0000000)
 Metaspace       used 257038K, capacity 261206K, committed 263808K, reserved 755712K
  class space    used 24672K, capacity 25493K, committed 25984K, reserved 516096K
}
{Heap before GC invocations=1096 (full 71):
 PSYoungGen      total 688128K, used 589824K [0x00000000d0000000, 0x0000000100000000, 0x0000000100000000)
  eden space 589824K, 100% used [0x00000000d0000000,0x00000000f4000000,0x00000000f4000000)
  from space 98304K, 0% used [0x00000000fa000000,0x00000000fa000000,0x0000000100000000)
  to   space 98304K, 0% used [0x00000000f4000000,0x00000000f4000000,0x00000000fa000000)
 ParOldGen       total 1310720K, used 1310653K [0x0000000080000000, 0x00000000d0000000, 0x00000000d0000000)
  object space 1310720K, 99% used [0x0000000080000000,0x00000000cffef570,0x00000000d0000000)
 Metaspace       used 257038K, capacity 261206K, committed 263808K, reserved 755712K
  class space    used 24672K, capacity 25493K, committed 25984K, reserved 516096K
2025-05-15T10:07:00.154+0900: 57231.441: [Full GC (Ergonomics) [PSYoungGen: 589824K->587320K(688128K)] [ParOldGen: 1310653K->1310626K(1310720K)] 1900477K->1897946K(1998848K), [Metaspace: 257038K->257038K(755712K)], 3.1127556 secs] [Times: user=10.22 sys=0.04, real=3.11 secs] 
Heap after GC invocations=1096 (full 71):
 PSYoungGen      total 688128K, used 587320K [0x00000000d0000000, 0x0000000100000000, 0x0000000100000000)
  eden space 589824K, 99% used [0x00000000d0000000,0x00000000f3d8e2f8,0x00000000f4000000)
  from space 98304K, 0% used [0x00000000fa000000,0x00000000fa000000,0x0000000100000000)
  to   space 98304K, 0% used [0x00000000f4000000,0x00000000f4000000,0x00000000fa000000)
 ParOldGen       total 1310720K, used 1310626K [0x0000000080000000, 0x00000000d0000000, 0x00000000d0000000)
  object space 1310720K, 99% used [0x0000000080000000,0x00000000cffe8900,0x00000000d0000000)
 Metaspace       used 257038K, capacity 261206K, committed 263808K, reserved 755712K
  class space    used 24672K, capacity 25493K, committed 25984K, reserved 516096K
}
{Heap before GC invocations=1097 (full 72):
 PSYoungGen      total 688128K, used 589823K [0x00000000d0000000, 0x0000000100000000, 0x0000000100000000)
  eden space 589824K, 99% used [0x00000000d0000000,0x00000000f3fffe48,0x00000000f4000000)
  from space 98304K, 0% used [0x00000000fa000000,0x00000000fa000000,0x0000000100000000)
  to   space 98304K, 0% used [0x00000000f4000000,0x00000000f4000000,0x00000000fa000000)
 ParOldGen       total 1310720K, used 1310626K [0x0000000080000000, 0x00000000d0000000, 0x00000000d0000000)
  object space 1310720K, 99% used [0x0000000080000000,0x00000000cffe8900,0x00000000d0000000)
 Metaspace       used 257038K, capacity 261206K, committed 263808K, reserved 755712K
  class space    used 24672K, capacity 25493K, committed 25984K, reserved 516096K
2025-05-15T10:07:03.285+0900: 57234.572: [Full GC (Ergonomics) [PSYoungGen: 589823K->587348K(688128K)] [ParOldGen: 1310626K->1310586K(1310720K)] 1900449K->1897934K(1998848K), [Metaspace: 257038K->257038K(755712K)], 3.3704737 secs] [Times: user=11.48 sys=0.03, real=3.37 secs] 
Heap after GC invocations=1097 (full 72):
 PSYoungGen      total 688128K, used 587348K [0x00000000d0000000, 0x0000000100000000, 0x0000000100000000)
  eden space 589824K, 99% used [0x00000000d0000000,0x00000000f3d95168,0x00000000f4000000)
  from space 98304K, 0% used [0x00000000fa000000,0x00000000fa000000,0x0000000100000000)
  to   space 98304K, 0% used [0x00000000f4000000,0x00000000f4000000,0x00000000fa000000)
 ParOldGen       total 1310720K, used 1310586K [0x0000000080000000, 0x00000000d0000000, 0x00000000d0000000)
  object space 1310720K, 99% used [0x0000000080000000,0x00000000cffde968,0x00000000d0000000)
 Metaspace       used 257038K, capacity 261206K, committed 263808K, reserved 755712K
  class space    used 24672K, capacity 25493K, committed 25984K, reserved 516096K
}
{Heap before GC invocations=1098 (full 73):
 PSYoungGen      total 688128K, used 589824K [0x00000000d0000000, 0x0000000100000000, 0x0000000100000000)
  eden space 589824K, 100% used [0x00000000d0000000,0x00000000f4000000,0x00000000f4000000)
  from space 98304K, 0% used [0x00000000fa000000,0x00000000fa000000,0x0000000100000000)
  to   space 98304K, 0% used [0x00000000f4000000,0x00000000f4000000,0x00000000fa000000)
 ParOldGen       total 1310720K, used 1310586K [0x0000000080000000, 0x00000000d0000000, 0x00000000d0000000)
  object space 1310720K, 99% used [0x0000000080000000,0x00000000cffde968,0x00000000d0000000)
 Metaspace       used 257038K, capacity 261206K, committed 263808K, reserved 755712K
  class space    used 24672K, capacity 25493K, committed 25984K, reserved 516096K
2025-05-15T10:07:06.659+0900: 57237.946: [Full GC (Ergonomics) [PSYoungGen: 589824K->587530K(688128K)] [ParOldGen: 1310586K->1310585K(1310720K)] 1900410K->1898115K(1998848K), [Metaspace: 257038K->257038K(755712K)], 3.3269908 secs] [Times: user=11.42 sys=0.02, real=3.32 secs] 
Heap after GC invocations=1098 (full 73):
 PSYoungGen      total 688128K, used 587530K [0x00000000d0000000, 0x0000000100000000, 0x0000000100000000)
  eden space 589824K, 99% used [0x00000000d0000000,0x00000000f3dc2980,0x00000000f4000000)
  from space 98304K, 0% used [0x00000000fa000000,0x00000000fa000000,0x0000000100000000)
  to   space 98304K, 0% used [0x00000000f4000000,0x00000000f4000000,0x00000000fa000000)
 ParOldGen       total 1310720K, used 1310585K [0x0000000080000000, 0x00000000d0000000, 0x00000000d0000000)
  object space 1310720K, 99% used [0x0000000080000000,0x00000000cffde610,0x00000000d0000000)
 Metaspace       used 257038K, capacity 261206K, committed 263808K, reserved 755712K
  class space    used 24672K, capacity 25493K, committed 25984K, reserved 516096K
}
{Heap before GC invocations=1099 (full 74):
 PSYoungGen      total 688128K, used 589824K [0x00000000d0000000, 0x0000000100000000, 0x0000000100000000)
  eden space 589824K, 100% used [0x00000000d0000000,0x00000000f4000000,0x00000000f4000000)
  from space 98304K, 0% used [0x00000000fa000000,0x00000000fa000000,0x0000000100000000)
  to   space 98304K, 0% used [0x00000000f4000000,0x00000000f4000000,0x00000000fa000000)
 ParOldGen       total 1310720K, used 1310585K [0x0000000080000000, 0x00000000d0000000, 0x00000000d0000000)
  object space 1310720K, 99% used [0x0000000080000000,0x00000000cffde610,0x00000000d0000000)
 Metaspace       used 257038K, capacity 261206K, committed 263808K, reserved 755712K
  class space    used 24672K, capacity 25493K, committed 25984K, reserved 516096K
2025-05-15T10:07:09.993+0900: 57241.280: [Full GC (Ergonomics) [PSYoungGen: 589824K->587614K(688128K)] [ParOldGen: 1310585K->1310581K(1310720K)] 1900409K->1898196K(1998848K), [Metaspace: 257038K->257038K(755712K)], 2.8965594 secs] [Times: user=9.77 sys=0.04, real=2.90 secs] 
Heap after GC invocations=1099 (full 74):
 PSYoungGen      total 688128K, used 587614K [0x00000000d0000000, 0x0000000100000000, 0x0000000100000000)
  eden space 589824K, 99% used [0x00000000d0000000,0x00000000f3dd7af8,0x00000000f4000000)
  from space 98304K, 0% used [0x00000000fa000000,0x00000000fa000000,0x0000000100000000)
  to   space 98304K, 0% used [0x00000000f4000000,0x00000000f4000000,0x00000000fa000000)
 ParOldGen       total 1310720K, used 1310581K [0x0000000080000000, 0x00000000d0000000, 0x00000000d0000000)
  object space 1310720K, 99% used [0x0000000080000000,0x00000000cffdd5f0,0x00000000d0000000)
 Metaspace       used 257038K, capacity 261206K, committed 263808K, reserved 755712K
  class space    used 24672K, capacity 25493K, committed 25984K, reserved 516096K
}
{Heap before GC invocations=1100 (full 75):
 PSYoungGen      total 688128K, used 589824K [0x00000000d0000000, 0x0000000100000000, 0x0000000100000000)
  eden space 589824K, 100% used [0x00000000d0000000,0x00000000f4000000,0x00000000f4000000)
  from space 98304K, 0% used [0x00000000fa000000,0x00000000fa000000,0x0000000100000000)
  to   space 98304K, 0% used [0x00000000f4000000,0x00000000f4000000,0x00000000fa000000)
 ParOldGen       total 1310720K, used 1310581K [0x0000000080000000, 0x00000000d0000000, 0x00000000d0000000)
  object space 1310720K, 99% used [0x0000000080000000,0x00000000cffdd5f0,0x00000000d0000000)
 Metaspace       used 257038K, capacity 261206K, committed 263808K, reserved 755712K
  class space    used 24672K, capacity 25493K, committed 25984K, reserved 516096K
2025-05-15T10:07:12.899+0900: 57244.186: [Full GC (Ergonomics) [PSYoungGen: 589824K->587463K(688128K)] [ParOldGen: 1310581K->1310563K(1310720K)] 1900405K->1898027K(1998848K), [Metaspace: 257038K->257038K(755712K)], 3.0332027 secs] [Times: user=10.47 sys=0.01, real=3.03 secs] 
Heap after GC invocations=1100 (full 75):
 PSYoungGen      total 688128K, used 587463K [0x00000000d0000000, 0x0000000100000000, 0x0000000100000000)
  eden space 589824K, 99% used [0x00000000d0000000,0x00000000f3db1f40,0x00000000f4000000)
  from space 98304K, 0% used [0x00000000fa000000,0x00000000fa000000,0x0000000100000000)
  to   space 98304K, 0% used [0x00000000f4000000,0x00000000f4000000,0x00000000fa000000)
 ParOldGen       total 1310720K, used 1310563K [0x0000000080000000, 0x00000000d0000000, 0x00000000d0000000)
  object space 1310720K, 99% used [0x0000000080000000,0x00000000cffd8cd8,0x00000000d0000000)
 Metaspace       used 257038K, capacity 261206K, committed 263808K, reserved 755712K
  class space    used 24672K, capacity 25493K, committed 25984K, reserved 516096K
}
{Heap before GC invocations=1101 (full 76):
 PSYoungGen      total 688128K, used 589824K [0x00000000d0000000, 0x0000000100000000, 0x0000000100000000)
  eden space 589824K, 100% used [0x00000000d0000000,0x00000000f4000000,0x00000000f4000000)
  from space 98304K, 0% used [0x00000000fa000000,0x00000000fa000000,0x0000000100000000)
  to   space 98304K, 0% used [0x00000000f4000000,0x00000000f4000000,0x00000000fa000000)
 ParOldGen       total 1310720K, used 1310563K [0x0000000080000000, 0x00000000d0000000, 0x00000000d0000000)
  object space 1310720K, 99% used [0x0000000080000000,0x00000000cffd8cd8,0x00000000d0000000)
 Metaspace       used 257038K, capacity 261206K, committed 263808K, reserved 755712K
  class space    used 24672K, capacity 25493K, committed 25984K, reserved 516096K
2025-05-15T10:07:15.937+0900: 57247.224: [Full GC (Ergonomics) [PSYoungGen: 589824K->587264K(688128K)] [ParOldGen: 1310563K->1310548K(1310720K)] 1900387K->1897812K(1998848K), [Metaspace: 257038K->257038K(755712K)], 3.2986566 secs] [Times: user=11.28 sys=0.05, real=3.30 secs] 
Heap after GC invocations=1101 (full 76):
 PSYoungGen      total 688128K, used 587264K [0x00000000d0000000, 0x0000000100000000, 0x0000000100000000)
  eden space 589824K, 99% used [0x00000000d0000000,0x00000000f3d80010,0x00000000f4000000)
  from space 98304K, 0% used [0x00000000fa000000,0x00000000fa000000,0x0000000100000000)
  to   space 98304K, 0% used [0x00000000f4000000,0x00000000f4000000,0x00000000fa000000)
 ParOldGen       total 1310720K, used 1310548K [0x0000000080000000, 0x00000000d0000000, 0x00000000d0000000)
  object space 1310720K, 99% used [0x0000000080000000,0x00000000cffd5298,0x00000000d0000000)
 Metaspace       used 257038K, capacity 261206K, committed 263808K, reserved 755712K
  class space    used 24672K, capacity 25493K, committed 25984K, reserved 516096K
}
{Heap before GC invocations=1102 (full 77):
 PSYoungGen      total 688128K, used 589824K [0x00000000d0000000, 0x0000000100000000, 0x0000000100000000)
  eden space 589824K, 100% used [0x00000000d0000000,0x00000000f4000000,0x00000000f4000000)
  from space 98304K, 0% used [0x00000000fa000000,0x00000000fa000000,0x0000000100000000)
  to   space 98304K, 0% used [0x00000000f4000000,0x00000000f4000000,0x00000000fa000000)
 ParOldGen       total 1310720K, used 1310548K [0x0000000080000000, 0x00000000d0000000, 0x00000000d0000000)
  object space 1310720K, 99% used [0x0000000080000000,0x00000000cffd5298,0x00000000d0000000)
 Metaspace       used 257038K, capacity 261206K, committed 263808K, reserved 755712K
  class space    used 24672K, capacity 25493K, committed 25984K, reserved 516096K
2025-05-15T10:07:19.243+0900: 57250.530: [Full GC (Ergonomics) [PSYoungGen: 589824K->587296K(688128K)] [ParOldGen: 1310548K->1310548K(1310720K)] 1900372K->1897844K(1998848K), [Metaspace: 257038K->257038K(755712K)], 3.0911556 secs] [Times: user=10.41 sys=0.04, real=3.09 secs] 
Heap after GC invocations=1102 (full 77):
 PSYoungGen      total 688128K, used 587296K [0x00000000d0000000, 0x0000000100000000, 0x0000000100000000)
  eden space 589824K, 99% used [0x00000000d0000000,0x00000000f3d88198,0x00000000f4000000)
  from space 98304K, 0% used [0x00000000fa000000,0x00000000fa000000,0x0000000100000000)
  to   space 98304K, 0% used [0x00000000f4000000,0x00000000f4000000,0x00000000fa000000)
 ParOldGen       total 1310720K, used 1310548K [0x0000000080000000, 0x00000000d0000000, 0x00000000d0000000)
  object space 1310720K, 99% used [0x0000000080000000,0x00000000cffd5180,0x00000000d0000000)
 Metaspace       used 257038K, capacity 261206K, committed 263808K, reserved 755712K
  class space    used 24672K, capacity 25493K, committed 25984K, reserved 516096K
}
{Heap before GC invocations=1103 (full 78):
 PSYoungGen      total 688128K, used 589824K [0x00000000d0000000, 0x0000000100000000, 0x0000000100000000)
  eden space 589824K, 100% used [0x00000000d0000000,0x00000000f4000000,0x00000000f4000000)
  from space 98304K, 0% used [0x00000000fa000000,0x00000000fa000000,0x0000000100000000)
  to   space 98304K, 0% used [0x00000000f4000000,0x00000000f4000000,0x00000000fa000000)
 ParOldGen       total 1310720K, used 1310548K [0x0000000080000000, 0x00000000d0000000, 0x00000000d0000000)
  object space 1310720K, 99% used [0x0000000080000000,0x00000000cffd5180,0x00000000d0000000)
 Metaspace       used 257038K, capacity 261206K, committed 263808K, reserved 755712K
  class space    used 24672K, capacity 25493K, committed 25984K, reserved 516096K
2025-05-15T10:07:22.340+0900: 57253.627: [Full GC (Ergonomics) [PSYoungGen: 589824K->587522K(688128K)] [ParOldGen: 1310548K->1310547K(1310720K)] 1900372K->1898070K(1998848K), [Metaspace: 257038K->257038K(755712K)], 2.9228238 secs] [Times: user=9.77 sys=0.03, real=2.92 secs] 
Heap after GC invocations=1103 (full 78):
 PSYoungGen      total 688128K, used 587522K [0x00000000d0000000, 0x0000000100000000, 0x0000000100000000)
  eden space 589824K, 99% used [0x00000000d0000000,0x00000000f3dc08e8,0x00000000f4000000)
  from space 98304K, 0% used [0x00000000fa000000,0x00000000fa000000,0x0000000100000000)
  to   space 98304K, 0% used [0x00000000f4000000,0x00000000f4000000,0x00000000fa000000)
 ParOldGen       total 1310720K, used 1310547K [0x0000000080000000, 0x00000000d0000000, 0x00000000d0000000)
  object space 1310720K, 99% used [0x0000000080000000,0x00000000cffd4f98,0x00000000d0000000)
 Metaspace       used 257038K, capacity 261206K, committed 263808K, reserved 755712K
  class space    used 24672K, capacity 25493K, committed 25984K, reserved 516096K
}
{Heap before GC invocations=1104 (full 79):
 PSYoungGen      total 688128K, used 589824K [0x00000000d0000000, 0x0000000100000000, 0x0000000100000000)
  eden space 589824K, 100% used [0x00000000d0000000,0x00000000f4000000,0x00000000f4000000)
  from space 98304K, 0% used [0x00000000fa000000,0x00000000fa000000,0x0000000100000000)
  to   space 98304K, 0% used [0x00000000f4000000,0x00000000f4000000,0x00000000fa000000)
 ParOldGen       total 1310720K, used 1310547K [0x0000000080000000, 0x00000000d0000000, 0x00000000d0000000)
  object space 1310720K, 99% used [0x0000000080000000,0x00000000cffd4f98,0x00000000d0000000)
 Metaspace       used 257047K, capacity 261218K, committed 263808K, reserved 755712K
  class space    used 24673K, capacity 25495K, committed 25984K, reserved 516096K
2025-05-15T10:07:25.280+0900: 57256.568: [Full GC (Ergonomics) [PSYoungGen: 589824K->587934K(688128K)] [ParOldGen: 1310547K->1310484K(1310720K)] 1900371K->1898419K(1998848K), [Metaspace: 257047K->257047K(755712K)], 3.3533858 secs] [Times: user=11.33 sys=0.04, real=3.35 secs] 
Heap after GC invocations=1104 (full 79):
 PSYoungGen      total 688128K, used 587934K [0x00000000d0000000, 0x0000000100000000, 0x0000000100000000)
  eden space 589824K, 99% used [0x00000000d0000000,0x00000000f3e27a08,0x00000000f4000000)
  from space 98304K, 0% used [0x00000000fa000000,0x00000000fa000000,0x0000000100000000)
  to   space 98304K, 0% used [0x00000000f4000000,0x00000000f4000000,0x00000000fa000000)
 ParOldGen       total 1310720K, used 1310484K [0x0000000080000000, 0x00000000d0000000, 0x00000000d0000000)
  object space 1310720K, 99% used [0x0000000080000000,0x00000000cffc5378,0x00000000d0000000)
 Metaspace       used 257047K, capacity 261218K, committed 263808K, reserved 755712K
  class space    used 24673K, capacity 25495K, committed 25984K, reserved 516096K
}
{Heap before GC invocations=1105 (full 80):
 PSYoungGen      total 688128K, used 589824K [0x00000000d0000000, 0x0000000100000000, 0x0000000100000000)
  eden space 589824K, 100% used [0x00000000d0000000,0x00000000f4000000,0x00000000f4000000)
  from space 98304K, 0% used [0x00000000fa000000,0x00000000fa000000,0x0000000100000000)
  to   space 98304K, 0% used [0x00000000f4000000,0x00000000f4000000,0x00000000fa000000)
 ParOldGen       total 1310720K, used 1310484K [0x0000000080000000, 0x00000000d0000000, 0x00000000d0000000)
  object space 1310720K, 99% used [0x0000000080000000,0x00000000cffc5378,0x00000000d0000000)
 Metaspace       used 257047K, capacity 261218K, committed 263808K, reserved 755712K
  class space    used 24673K, capacity 25495K, committed 25984K, reserved 516096K
2025-05-15T10:07:28.641+0900: 57259.928: [Full GC (Ergonomics) [PSYoungGen: 589824K->587954K(688128K)] [ParOldGen: 1310484K->1310484K(1310720K)] 1900308K->1898439K(1998848K), [Metaspace: 257047K->257047K(755712K)], 3.0118072 secs] [Times: user=10.22 sys=0.01, real=3.01 secs] 
Heap after GC invocations=1105 (full 80):
 PSYoungGen      total 688128K, used 587954K [0x00000000d0000000, 0x0000000100000000, 0x0000000100000000)
  eden space 589824K, 99% used [0x00000000d0000000,0x00000000f3e2c9e0,0x00000000f4000000)
  from space 98304K, 0% used [0x00000000fa000000,0x00000000fa000000,0x0000000100000000)
  to   space 98304K, 0% used [0x00000000f4000000,0x00000000f4000000,0x00000000fa000000)
 ParOldGen       total 1310720K, used 1310484K [0x0000000080000000, 0x00000000d0000000, 0x00000000d0000000)
  object space 1310720K, 99% used [0x0000000080000000,0x00000000cffc5328,0x00000000d0000000)
 Metaspace       used 257047K, capacity 261218K, committed 263808K, reserved 755712K
  class space    used 24673K, capacity 25495K, committed 25984K, reserved 516096K
}
{Heap before GC invocations=1106 (full 81):
 PSYoungGen      total 688128K, used 589824K [0x00000000d0000000, 0x0000000100000000, 0x0000000100000000)
  eden space 589824K, 100% used [0x00000000d0000000,0x00000000f4000000,0x00000000f4000000)
  from space 98304K, 0% used [0x00000000fa000000,0x00000000fa000000,0x0000000100000000)
  to   space 98304K, 0% used [0x00000000f4000000,0x00000000f4000000,0x00000000fa000000)
 ParOldGen       total 1310720K, used 1310484K [0x0000000080000000, 0x00000000d0000000, 0x00000000d0000000)
  object space 1310720K, 99% used [0x0000000080000000,0x00000000cffc5328,0x00000000d0000000)
 Metaspace       used 257047K, capacity 261218K, committed 263808K, reserved 755712K
  class space    used 24673K, capacity 25495K, committed 25984K, reserved 516096K
2025-05-15T10:07:31.686+0900: 57262.973: [Full GC (Ergonomics) [PSYoungGen: 589824K->587539K(688128K)] [ParOldGen: 1310484K->1310484K(1310720K)] 1900308K->1898024K(1998848K), [Metaspace: 257047K->257047K(755712K)], 3.0916297 secs] [Times: user=10.28 sys=0.04, real=3.09 secs] 
Heap after GC invocations=1106 (full 81):
 PSYoungGen      total 688128K, used 587539K [0x00000000d0000000, 0x0000000100000000, 0x0000000100000000)
  eden space 589824K, 99% used [0x00000000d0000000,0x00000000f3dc4f38,0x00000000f4000000)
  from space 98304K, 0% used [0x00000000fa000000,0x00000000fa000000,0x0000000100000000)
  to   space 98304K, 0% used [0x00000000f4000000,0x00000000f4000000,0x00000000fa000000)
 ParOldGen       total 1310720K, used 1310484K [0x0000000080000000, 0x00000000d0000000, 0x00000000d0000000)
  object space 1310720K, 99% used [0x0000000080000000,0x00000000cffc5148,0x00000000d0000000)
 Metaspace       used 257047K, capacity 261218K, committed 263808K, reserved 755712K
  class space    used 24673K, capacity 25495K, committed 25984K, reserved 516096K
}
{Heap before GC invocations=1107 (full 82):
 PSYoungGen      total 688128K, used 589824K [0x00000000d0000000, 0x0000000100000000, 0x0000000100000000)
  eden space 589824K, 100% used [0x00000000d0000000,0x00000000f4000000,0x00000000f4000000)
  from space 98304K, 0% used [0x00000000fa000000,0x00000000fa000000,0x0000000100000000)
  to   space 98304K, 0% used [0x00000000f4000000,0x00000000f4000000,0x00000000fa000000)
 ParOldGen       total 1310720K, used 1310484K [0x0000000080000000, 0x00000000d0000000, 0x00000000d0000000)
  object space 1310720K, 99% used [0x0000000080000000,0x00000000cffc5148,0x00000000d0000000)
 Metaspace       used 257047K, capacity 261218K, committed 263808K, reserved 755712K
  class space    used 24673K, capacity 25495K, committed 25984K, reserved 516096K
2025-05-15T10:07:34.782+0900: 57266.069: [Full GC (Ergonomics) [PSYoungGen: 589824K->587625K(688128K)] [ParOldGen: 1310484K->1310472K(1310720K)] 1900308K->1898098K(1998848K), [Metaspace: 257047K->257047K(755712K)], 2.8539592 secs] [Times: user=9.65 sys=0.02, real=2.85 secs] 
Heap after GC invocations=1107 (full 82):
 PSYoungGen      total 688128K, used 587625K [0x00000000d0000000, 0x0000000100000000, 0x0000000100000000)
  eden space 589824K, 99% used [0x00000000d0000000,0x00000000f3dda720,0x00000000f4000000)
  from space 98304K, 0% used [0x00000000fa000000,0x00000000fa000000,0x0000000100000000)
  to   space 98304K, 0% used [0x00000000f4000000,0x00000000f4000000,0x00000000fa000000)
 ParOldGen       total 1310720K, used 1310472K [0x0000000080000000, 0x00000000d0000000, 0x00000000d0000000)
  object space 1310720K, 99% used [0x0000000080000000,0x00000000cffc23d8,0x00000000d0000000)
 Metaspace       used 257047K, capacity 261218K, committed 263808K, reserved 755712K
  class space    used 24673K, capacity 25495K, committed 25984K, reserved 516096K
}
{Heap before GC invocations=1108 (full 83):
 PSYoungGen      total 688128K, used 589824K [0x00000000d0000000, 0x0000000100000000, 0x0000000100000000)
  eden space 589824K, 100% used [0x00000000d0000000,0x00000000f4000000,0x00000000f4000000)
  from space 98304K, 0% used [0x00000000fa000000,0x00000000fa000000,0x0000000100000000)
  to   space 98304K, 0% used [0x00000000f4000000,0x00000000f4000000,0x00000000fa000000)
 ParOldGen       total 1310720K, used 1310472K [0x0000000080000000, 0x00000000d0000000, 0x00000000d0000000)
  object space 1310720K, 99% used [0x0000000080000000,0x00000000cffc23d8,0x00000000d0000000)
 Metaspace       used 257047K, capacity 261218K, committed 263808K, reserved 755712K
  class space    used 24673K, capacity 25495K, committed 25984K, reserved 516096K
2025-05-15T10:07:37.648+0900: 57268.935: [Full GC (Ergonomics) [PSYoungGen: 589824K->587599K(688128K)] [ParOldGen: 1310472K->1310471K(1310720K)] 1900296K->1898071K(1998848K), [Metaspace: 257047K->257047K(755712K)], 3.2113622 secs] [Times: user=11.02 sys=0.03, real=3.22 secs] 
Heap after GC invocations=1108 (full 83):
 PSYoungGen      total 688128K, used 587599K [0x00000000d0000000, 0x0000000100000000, 0x0000000100000000)
  eden space 589824K, 99% used [0x00000000d0000000,0x00000000f3dd3ce8,0x00000000f4000000)
  from space 98304K, 0% used [0x00000000fa000000,0x00000000fa000000,0x0000000100000000)
  to   space 98304K, 0% used [0x00000000f4000000,0x00000000f4000000,0x00000000fa000000)
 ParOldGen       total 1310720K, used 1310471K [0x0000000080000000, 0x00000000d0000000, 0x00000000d0000000)
  object space 1310720K, 99% used [0x0000000080000000,0x00000000cffc1f50,0x00000000d0000000)
 Metaspace       used 257047K, capacity 261218K, committed 263808K, reserved 755712K
  class space    used 24673K, capacity 25495K, committed 25984K, reserved 516096K
}
{Heap before GC invocations=1109 (full 84):
 PSYoungGen      total 688128K, used 589824K [0x00000000d0000000, 0x0000000100000000, 0x0000000100000000)
  eden space 589824K, 100% used [0x00000000d0000000,0x00000000f4000000,0x00000000f4000000)
  from space 98304K, 0% used [0x00000000fa000000,0x00000000fa000000,0x0000000100000000)
  to   space 98304K, 0% used [0x00000000f4000000,0x00000000f4000000,0x00000000fa000000)
 ParOldGen       total 1310720K, used 1310471K [0x0000000080000000, 0x00000000d0000000, 0x00000000d0000000)
  object space 1310720K, 99% used [0x0000000080000000,0x00000000cffc1f50,0x00000000d0000000)
 Metaspace       used 257047K, capacity 261218K, committed 263808K, reserved 755712K
  class space    used 24673K, capacity 25495K, committed 25984K, reserved 516096K
2025-05-15T10:07:40.863+0900: 57272.150: [Full GC (Ergonomics) [PSYoungGen: 589824K->587709K(688128K)] [ParOldGen: 1310471K->1310467K(1310720K)] 1900295K->1898176K(1998848K), [Metaspace: 257047K->257047K(755712K)], 3.1339093 secs] [Times: user=10.67 sys=0.03, real=3.13 secs] 
Heap after GC invocations=1109 (full 84):
 PSYoungGen      total 688128K, used 587709K [0x00000000d0000000, 0x0000000100000000, 0x0000000100000000)
  eden space 589824K, 99% used [0x00000000d0000000,0x00000000f3def670,0x00000000f4000000)
  from space 98304K, 0% used [0x00000000fa000000,0x00000000fa000000,0x0000000100000000)
  to   space 98304K, 0% used [0x00000000f4000000,0x00000000f4000000,0x00000000fa000000)
 ParOldGen       total 1310720K, used 1310467K [0x0000000080000000, 0x00000000d0000000, 0x00000000d0000000)
  object space 1310720K, 99% used [0x0000000080000000,0x00000000cffc0c70,0x00000000d0000000)
 Metaspace       used 257047K, capacity 261218K, committed 263808K, reserved 755712K
  class space    used 24673K, capacity 25495K, committed 25984K, reserved 516096K
}
{Heap before GC invocations=1110 (full 85):
 PSYoungGen      total 688128K, used 589824K [0x00000000d0000000, 0x0000000100000000, 0x0000000100000000)
  eden space 589824K, 100% used [0x00000000d0000000,0x00000000f4000000,0x00000000f4000000)
  from space 98304K, 0% used [0x00000000fa000000,0x00000000fa000000,0x0000000100000000)
  to   space 98304K, 0% used [0x00000000f4000000,0x00000000f4000000,0x00000000fa000000)
 ParOldGen       total 1310720K, used 1310467K [0x0000000080000000, 0x00000000d0000000, 0x00000000d0000000)
  object space 1310720K, 99% used [0x0000000080000000,0x00000000cffc0c70,0x00000000d0000000)
 Metaspace       used 257047K, capacity 261218K, committed 263808K, reserved 755712K
  class space    used 24673K, capacity 25495K, committed 25984K, reserved 516096K
2025-05-15T10:07:44.002+0900: 57275.289: [Full GC (Ergonomics) [PSYoungGen: 589824K->587718K(688128K)] [ParOldGen: 1310467K->1310467K(1310720K)] 1900291K->1898185K(1998848K), [Metaspace: 257047K->257047K(755712K)], 3.0644908 secs] [Times: user=10.27 sys=0.02, real=3.06 secs] 
Heap after GC invocations=1110 (full 85):
 PSYoungGen      total 688128K, used 587718K [0x00000000d0000000, 0x0000000100000000, 0x0000000100000000)
  eden space 589824K, 99% used [0x00000000d0000000,0x00000000f3df1878,0x00000000f4000000)
  from space 98304K, 0% used [0x00000000fa000000,0x00000000fa000000,0x0000000100000000)
  to   space 98304K, 0% used [0x00000000f4000000,0x00000000f4000000,0x00000000fa000000)
 ParOldGen       total 1310720K, used 1310467K [0x0000000080000000, 0x00000000d0000000, 0x00000000d0000000)
  object space 1310720K, 99% used [0x0000000080000000,0x00000000cffc0c00,0x00000000d0000000)
 Metaspace       used 257047K, capacity 261218K, committed 263808K, reserved 755712K
  class space    used 24673K, capacity 25495K, committed 25984K, reserved 516096K
}
{Heap before GC invocations=1111 (full 86):
 PSYoungGen      total 688128K, used 589824K [0x00000000d0000000, 0x0000000100000000, 0x0000000100000000)
  eden space 589824K, 100% used [0x00000000d0000000,0x00000000f4000000,0x00000000f4000000)
  from space 98304K, 0% used [0x00000000fa000000,0x00000000fa000000,0x0000000100000000)
  to   space 98304K, 0% used [0x00000000f4000000,0x00000000f4000000,0x00000000fa000000)
 ParOldGen       total 1310720K, used 1310467K [0x0000000080000000, 0x00000000d0000000, 0x00000000d0000000)
  object space 1310720K, 99% used [0x0000000080000000,0x00000000cffc0c00,0x00000000d0000000)
 Metaspace       used 257047K, capacity 261218K, committed 263808K, reserved 755712K
  class space    used 24673K, capacity 25495K, committed 25984K, reserved 516096K
2025-05-15T10:07:47.070+0900: 57278.357: [Full GC (Ergonomics) [PSYoungGen: 589824K->587649K(688128K)] [ParOldGen: 1310467K->1310466K(1310720K)] 1900291K->1898115K(1998848K), [Metaspace: 257047K->257047K(755712K)], 2.8886799 secs] [Times: user=9.71 sys=0.04, real=2.89 secs] 
Heap after GC invocations=1111 (full 86):
 PSYoungGen      total 688128K, used 587649K [0x00000000d0000000, 0x0000000100000000, 0x0000000100000000)
  eden space 589824K, 99% used [0x00000000d0000000,0x00000000f3de05c0,0x00000000f4000000)
  from space 98304K, 0% used [0x00000000fa000000,0x00000000fa000000,0x0000000100000000)
  to   space 98304K, 0% used [0x00000000f4000000,0x00000000f4000000,0x00000000fa000000)
 ParOldGen       total 1310720K, used 1310466K [0x0000000080000000, 0x00000000d0000000, 0x00000000d0000000)
  object space 1310720K, 99% used [0x0000000080000000,0x00000000cffc09d0,0x00000000d0000000)
 Metaspace       used 257047K, capacity 261218K, committed 263808K, reserved 755712K
  class space    used 24673K, capacity 25495K, committed 25984K, reserved 516096K
}
{Heap before GC invocations=1112 (full 87):
 PSYoungGen      total 688128K, used 589824K [0x00000000d0000000, 0x0000000100000000, 0x0000000100000000)
  eden space 589824K, 100% used [0x00000000d0000000,0x00000000f4000000,0x00000000f4000000)
  from space 98304K, 0% used [0x00000000fa000000,0x00000000fa000000,0x0000000100000000)
  to   space 98304K, 0% used [0x00000000f4000000,0x00000000f4000000,0x00000000fa000000)
 ParOldGen       total 1310720K, used 1310466K [0x0000000080000000, 0x00000000d0000000, 0x00000000d0000000)
  object space 1310720K, 99% used [0x0000000080000000,0x00000000cffc09d0,0x00000000d0000000)
 Metaspace       used 257048K, capacity 261218K, committed 263808K, reserved 755712K
  class space    used 24673K, capacity 25495K, committed 25984K, reserved 516096K
2025-05-15T10:07:49.967+0900: 57281.254: [Full GC (Ergonomics) [PSYoungGen: 589824K->587749K(688128K)] [ParOldGen: 1310466K->1310462K(1310720K)] 1900290K->1898212K(1998848K), [Metaspace: 257048K->257048K(755712K)], 3.3515348 secs] [Times: user=11.53 sys=0.03, real=3.35 secs] 
Heap after GC invocations=1112 (full 87):
 PSYoungGen      total 688128K, used 587749K [0x00000000d0000000, 0x0000000100000000, 0x0000000100000000)
  eden space 589824K, 99% used [0x00000000d0000000,0x00000000f3df9548,0x00000000f4000000)
  from space 98304K, 0% used [0x00000000fa000000,0x00000000fa000000,0x0000000100000000)
  to   space 98304K, 0% used [0x00000000f4000000,0x00000000f4000000,0x00000000fa000000)
 ParOldGen       total 1310720K, used 1310462K [0x0000000080000000, 0x00000000d0000000, 0x00000000d0000000)
  object space 1310720K, 99% used [0x0000000080000000,0x00000000cffbfb38,0x00000000d0000000)
 Metaspace       used 257048K, capacity 261218K, committed 263808K, reserved 755712K
  class space    used 24673K, capacity 25495K, committed 25984K, reserved 516096K
}
{Heap before GC invocations=1113 (full 88):
 PSYoungGen      total 688128K, used 589824K [0x00000000d0000000, 0x0000000100000000, 0x0000000100000000)
  eden space 589824K, 100% used [0x00000000d0000000,0x00000000f4000000,0x00000000f4000000)
  from space 98304K, 0% used [0x00000000fa000000,0x00000000fa000000,0x0000000100000000)
  to   space 98304K, 0% used [0x00000000f4000000,0x00000000f4000000,0x00000000fa000000)
 ParOldGen       total 1310720K, used 1310462K [0x0000000080000000, 0x00000000d0000000, 0x00000000d0000000)
  object space 1310720K, 99% used [0x0000000080000000,0x00000000cffbfb38,0x00000000d0000000)
 Metaspace       used 257048K, capacity 261218K, committed 263808K, reserved 755712K
  class space    used 24673K, capacity 25495K, committed 25984K, reserved 516096K
2025-05-15T10:07:53.329+0900: 57284.616: [Full GC (Ergonomics) [PSYoungGen: 589824K->587780K(688128K)] [ParOldGen: 1310462K->1310462K(1310720K)] 1900286K->1898243K(1998848K), [Metaspace: 257048K->257048K(755712K)], 3.2251582 secs] [Times: user=11.13 sys=0.03, real=3.22 secs] 
Heap after GC invocations=1113 (full 88):
 PSYoungGen      total 688128K, used 587780K [0x00000000d0000000, 0x0000000100000000, 0x0000000100000000)
  eden space 589824K, 99% used [0x00000000d0000000,0x00000000f3e013b8,0x00000000f4000000)
  from space 98304K, 0% used [0x00000000fa000000,0x00000000fa000000,0x0000000100000000)
  to   space 98304K, 0% used [0x00000000f4000000,0x00000000f4000000,0x00000000fa000000)
 ParOldGen       total 1310720K, used 1310462K [0x0000000080000000, 0x00000000d0000000, 0x00000000d0000000)
  object space 1310720K, 99% used [0x0000000080000000,0x00000000cffbfa00,0x00000000d0000000)
 Metaspace       used 257048K, capacity 261218K, committed 263808K, reserved 755712K
  class space    used 24673K, capacity 25495K, committed 25984K, reserved 516096K
}
{Heap before GC invocations=1114 (full 89):
 PSYoungGen      total 688128K, used 589824K [0x00000000d0000000, 0x0000000100000000, 0x0000000100000000)
  eden space 589824K, 100% used [0x00000000d0000000,0x00000000f4000000,0x00000000f4000000)
  from space 98304K, 0% used [0x00000000fa000000,0x00000000fa000000,0x0000000100000000)
  to   space 98304K, 0% used [0x00000000f4000000,0x00000000f4000000,0x00000000fa000000)
 ParOldGen       total 1310720K, used 1310462K [0x0000000080000000, 0x00000000d0000000, 0x00000000d0000000)
  object space 1310720K, 99% used [0x0000000080000000,0x00000000cffbfa00,0x00000000d0000000)
 Metaspace       used 257048K, capacity 261218K, committed 263808K, reserved 755712K
  class space    used 24673K, capacity 25495K, committed 25984K, reserved 516096K
2025-05-15T10:07:56.558+0900: 57287.845: [Full GC (Ergonomics) [PSYoungGen: 589824K->587956K(688128K)] [ParOldGen: 1310462K->1310462K(1310720K)] 1900286K->1898418K(1998848K), [Metaspace: 257048K->257048K(755712K)], 2.8166071 secs] [Times: user=9.67 sys=0.02, real=2.82 secs] 
Heap after GC invocations=1114 (full 89):
 PSYoungGen      total 688128K, used 587956K [0x00000000d0000000, 0x0000000100000000, 0x0000000100000000)
  eden space 589824K, 99% used [0x00000000d0000000,0x00000000f3e2d110,0x00000000f4000000)
  from space 98304K, 0% used [0x00000000fa000000,0x00000000fa000000,0x0000000100000000)
  to   space 98304K, 0% used [0x00000000f4000000,0x00000000f4000000,0x00000000fa000000)
 ParOldGen       total 1310720K, used 1310462K [0x0000000080000000, 0x00000000d0000000, 0x00000000d0000000)
  object space 1310720K, 99% used [0x0000000080000000,0x00000000cffbf918,0x00000000d0000000)
 Metaspace       used 257048K, capacity 261218K, committed 263808K, reserved 755712K
  class space    used 24673K, capacity 25495K, committed 25984K, reserved 516096K
}
{Heap before GC invocations=1115 (full 90):
 PSYoungGen      total 688128K, used 589824K [0x00000000d0000000, 0x0000000100000000, 0x0000000100000000)
  eden space 589824K, 100% used [0x00000000d0000000,0x00000000f4000000,0x00000000f4000000)
  from space 98304K, 0% used [0x00000000fa000000,0x00000000fa000000,0x0000000100000000)
  to   space 98304K, 0% used [0x00000000f4000000,0x00000000f4000000,0x00000000fa000000)
 ParOldGen       total 1310720K, used 1310462K [0x0000000080000000, 0x00000000d0000000, 0x00000000d0000000)
  object space 1310720K, 99% used [0x0000000080000000,0x00000000cffbf918,0x00000000d0000000)
 Metaspace       used 257048K, capacity 261218K, committed 263808K, reserved 755712K
  class space    used 24673K, capacity 25495K, committed 25984K, reserved 516096K
2025-05-15T10:07:59.378+0900: 57290.665: [Full GC (Ergonomics) [PSYoungGen: 589824K->587979K(688128K)] [ParOldGen: 1310462K->1310462K(1310720K)] 1900286K->1898441K(1998848K), [Metaspace: 257048K->257048K(755712K)], 2.9077439 secs] [Times: user=9.48 sys=0.02, real=2.91 secs] 
Heap after GC invocations=1115 (full 90):
 PSYoungGen      total 688128K, used 587979K [0x00000000d0000000, 0x0000000100000000, 0x0000000100000000)
  eden space 589824K, 99% used [0x00000000d0000000,0x00000000f3e32ca0,0x00000000f4000000)
  from space 98304K, 0% used [0x00000000fa000000,0x00000000fa000000,0x0000000100000000)
  to   space 98304K, 0% used [0x00000000f4000000,0x00000000f4000000,0x00000000fa000000)
 ParOldGen       total 1310720K, used 1310462K [0x0000000080000000, 0x00000000d0000000, 0x00000000d0000000)
  object space 1310720K, 99% used [0x0000000080000000,0x00000000cffbf8a8,0x00000000d0000000)
 Metaspace       used 257048K, capacity 261218K, committed 263808K, reserved 755712K
  class space    used 24673K, capacity 25495K, committed 25984K, reserved 516096K
}
{Heap before GC invocations=1116 (full 91):
 PSYoungGen      total 688128K, used 589824K [0x00000000d0000000, 0x0000000100000000, 0x0000000100000000)
  eden space 589824K, 100% used [0x00000000d0000000,0x00000000f4000000,0x00000000f4000000)
  from space 98304K, 0% used [0x00000000fa000000,0x00000000fa000000,0x0000000100000000)
  to   space 98304K, 0% used [0x00000000f4000000,0x00000000f4000000,0x00000000fa000000)
 ParOldGen       total 1310720K, used 1310462K [0x0000000080000000, 0x00000000d0000000, 0x00000000d0000000)
  object space 1310720K, 99% used [0x0000000080000000,0x00000000cffbf8a8,0x00000000d0000000)
 Metaspace       used 257048K, capacity 261218K, committed 263808K, reserved 755712K
  class space    used 24673K, capacity 25495K, committed 25984K, reserved 516096K
2025-05-15T10:08:02.291+0900: 57293.578: [Full GC (Ergonomics) [PSYoungGen: 589824K->588067K(688128K)] [ParOldGen: 1310462K->1310460K(1310720K)] 1900286K->1898527K(1998848K), [Metaspace: 257048K->257048K(755712K)], 2.7771164 secs] [Times: user=9.54 sys=0.01, real=2.77 secs] 
Heap after GC invocations=1116 (full 91):
 PSYoungGen      total 688128K, used 588067K [0x00000000d0000000, 0x0000000100000000, 0x0000000100000000)
  eden space 589824K, 99% used [0x00000000d0000000,0x00000000f3e48f18,0x00000000f4000000)
  from space 98304K, 0% used [0x00000000fa000000,0x00000000fa000000,0x0000000100000000)
  to   space 98304K, 0% used [0x00000000f4000000,0x00000000f4000000,0x00000000fa000000)
 ParOldGen       total 1310720K, used 1310460K [0x0000000080000000, 0x00000000d0000000, 0x00000000d0000000)
  object space 1310720K, 99% used [0x0000000080000000,0x00000000cffbf020,0x00000000d0000000)
 Metaspace       used 257048K, capacity 261218K, committed 263808K, reserved 755712K
  class space    used 24673K, capacity 25495K, committed 25984K, reserved 516096K
}
{Heap before GC invocations=1117 (full 92):
 PSYoungGen      total 688128K, used 589824K [0x00000000d0000000, 0x0000000100000000, 0x0000000100000000)
  eden space 589824K, 100% used [0x00000000d0000000,0x00000000f4000000,0x00000000f4000000)
  from space 98304K, 0% used [0x00000000fa000000,0x00000000fa000000,0x0000000100000000)
  to   space 98304K, 0% used [0x00000000f4000000,0x00000000f4000000,0x00000000fa000000)
 ParOldGen       total 1310720K, used 1310460K [0x0000000080000000, 0x00000000d0000000, 0x00000000d0000000)
  object space 1310720K, 99% used [0x0000000080000000,0x00000000cffbf020,0x00000000d0000000)
 Metaspace       used 257048K, capacity 261218K, committed 263808K, reserved 755712K
  class space    used 24673K, capacity 25495K, committed 25984K, reserved 516096K
2025-05-15T10:08:05.072+0900: 57296.359: [Full GC (Ergonomics) [PSYoungGen: 589824K->588066K(688128K)] [ParOldGen: 1310460K->1310459K(1310720K)] 1900284K->1898525K(1998848K), [Metaspace: 257048K->257048K(755712K)], 2.8198683 secs] [Times: user=9.49 sys=0.01, real=2.82 secs] 
Heap after GC invocations=1117 (full 92):
 PSYoungGen      total 688128K, used 588066K [0x00000000d0000000, 0x0000000100000000, 0x0000000100000000)
  eden space 589824K, 99% used [0x00000000d0000000,0x00000000f3e48848,0x00000000f4000000)
  from space 98304K, 0% used [0x00000000fa000000,0x00000000fa000000,0x0000000100000000)
  to   space 98304K, 0% used [0x00000000f4000000,0x00000000f4000000,0x00000000fa000000)
 ParOldGen       total 1310720K, used 1310459K [0x0000000080000000, 0x00000000d0000000, 0x00000000d0000000)
  object space 1310720K, 99% used [0x0000000080000000,0x00000000cffbef88,0x00000000d0000000)
 Metaspace       used 257048K, capacity 261218K, committed 263808K, reserved 755712K
  class space    used 24673K, capacity 25495K, committed 25984K, reserved 516096K
}
{Heap before GC invocations=1118 (full 93):
 PSYoungGen      total 688128K, used 589824K [0x00000000d0000000, 0x0000000100000000, 0x0000000100000000)
  eden space 589824K, 100% used [0x00000000d0000000,0x00000000f4000000,0x00000000f4000000)
  from space 98304K, 0% used [0x00000000fa000000,0x00000000fa000000,0x0000000100000000)
  to   space 98304K, 0% used [0x00000000f4000000,0x00000000f4000000,0x00000000fa000000)
 ParOldGen       total 1310720K, used 1310459K [0x0000000080000000, 0x00000000d0000000, 0x00000000d0000000)
  object space 1310720K, 99% used [0x0000000080000000,0x00000000cffbef88,0x00000000d0000000)
 Metaspace       used 257048K, capacity 261218K, committed 263808K, reserved 755712K
  class space    used 24673K, capacity 25495K, committed 25984K, reserved 516096K
2025-05-15T10:08:07.895+0900: 57299.182: [Full GC (Ergonomics) [PSYoungGen: 589824K->588387K(688128K)] [ParOldGen: 1310459K->1310459K(1310720K)] 1900283K->1898847K(1998848K), [Metaspace: 257048K->257048K(755712K)], 3.2644725 secs] [Times: user=10.99 sys=0.03, real=3.27 secs] 
Heap after GC invocations=1118 (full 93):
 PSYoungGen      total 688128K, used 588387K [0x00000000d0000000, 0x0000000100000000, 0x0000000100000000)
  eden space 589824K, 99% used [0x00000000d0000000,0x00000000f3e98f30,0x00000000f4000000)
  from space 98304K, 0% used [0x00000000fa000000,0x00000000fa000000,0x0000000100000000)
  to   space 98304K, 0% used [0x00000000f4000000,0x00000000f4000000,0x00000000fa000000)
 ParOldGen       total 1310720K, used 1310459K [0x0000000080000000, 0x00000000d0000000, 0x00000000d0000000)
  object space 1310720K, 99% used [0x0000000080000000,0x00000000cffbee78,0x00000000d0000000)
 Metaspace       used 257048K, capacity 261218K, committed 263808K, reserved 755712K
  class space    used 24673K, capacity 25495K, committed 25984K, reserved 516096K
}
{Heap before GC invocations=1119 (full 94):
 PSYoungGen      total 688128K, used 589824K [0x00000000d0000000, 0x0000000100000000, 0x0000000100000000)
  eden space 589824K, 100% used [0x00000000d0000000,0x00000000f4000000,0x00000000f4000000)
  from space 98304K, 0% used [0x00000000fa000000,0x00000000fa000000,0x0000000100000000)
  to   space 98304K, 0% used [0x00000000f4000000,0x00000000f4000000,0x00000000fa000000)
 ParOldGen       total 1310720K, used 1310459K [0x0000000080000000, 0x00000000d0000000, 0x00000000d0000000)
  object space 1310720K, 99% used [0x0000000080000000,0x00000000cffbee78,0x00000000d0000000)
 Metaspace       used 257048K, capacity 261218K, committed 263808K, reserved 755712K
  class space    used 24673K, capacity 25495K, committed 25984K, reserved 516096K
2025-05-15T10:08:11.170+0900: 57302.457: [Full GC (Ergonomics) [PSYoungGen: 589824K->588461K(688128K)] [ParOldGen: 1310459K->1310459K(1310720K)] 1900283K->1898920K(1998848K), [Metaspace: 257048K->257048K(755712K)], 3.0937775 secs] [Times: user=10.76 sys=0.01, real=3.09 secs] 
Heap after GC invocations=1119 (full 94):
 PSYoungGen      total 688128K, used 588461K [0x00000000d0000000, 0x0000000100000000, 0x0000000100000000)
  eden space 589824K, 99% used [0x00000000d0000000,0x00000000f3eab488,0x00000000f4000000)
  from space 98304K, 0% used [0x00000000fa000000,0x00000000fa000000,0x0000000100000000)
  to   space 98304K, 0% used [0x00000000f4000000,0x00000000f4000000,0x00000000fa000000)
 ParOldGen       total 1310720K, used 1310459K [0x0000000080000000, 0x00000000d0000000, 0x00000000d0000000)
  object space 1310720K, 99% used [0x0000000080000000,0x00000000cffbee00,0x00000000d0000000)
 Metaspace       used 257048K, capacity 261218K, committed 263808K, reserved 755712K
  class space    used 24673K, capacity 25495K, committed 25984K, reserved 516096K
}
{Heap before GC invocations=1120 (full 95):
 PSYoungGen      total 688128K, used 589824K [0x00000000d0000000, 0x0000000100000000, 0x0000000100000000)
  eden space 589824K, 100% used [0x00000000d0000000,0x00000000f4000000,0x00000000f4000000)
  from space 98304K, 0% used [0x00000000fa000000,0x00000000fa000000,0x0000000100000000)
  to   space 98304K, 0% used [0x00000000f4000000,0x00000000f4000000,0x00000000fa000000)
 ParOldGen       total 1310720K, used 1310459K [0x0000000080000000, 0x00000000d0000000, 0x00000000d0000000)
  object space 1310720K, 99% used [0x0000000080000000,0x00000000cffbee00,0x00000000d0000000)
 Metaspace       used 257048K, capacity 261218K, committed 263808K, reserved 755712K
  class space    used 24673K, capacity 25495K, committed 25984K, reserved 516096K
2025-05-15T10:08:14.268+0900: 57305.555: [Full GC (Ergonomics) [PSYoungGen: 589824K->588474K(688128K)] [ParOldGen: 1310459K->1310459K(1310720K)] 1900283K->1898934K(1998848K), [Metaspace: 257048K->257048K(755712K)], 3.1281921 secs] [Times: user=10.54 sys=0.02, real=3.13 secs] 
Heap after GC invocations=1120 (full 95):
 PSYoungGen      total 688128K, used 588474K [0x00000000d0000000, 0x0000000100000000, 0x0000000100000000)
  eden space 589824K, 99% used [0x00000000d0000000,0x00000000f3eaeab8,0x00000000f4000000)
  from space 98304K, 0% used [0x00000000fa000000,0x00000000fa000000,0x0000000100000000)
  to   space 98304K, 0% used [0x00000000f4000000,0x00000000f4000000,0x00000000fa000000)
 ParOldGen       total 1310720K, used 1310459K [0x0000000080000000, 0x00000000d0000000, 0x00000000d0000000)
  object space 1310720K, 99% used [0x0000000080000000,0x00000000cffbed68,0x00000000d0000000)
 Metaspace       used 257048K, capacity 261218K, committed 263808K, reserved 755712K
  class space    used 24673K, capacity 25495K, committed 25984K, reserved 516096K
}
{Heap before GC invocations=1121 (full 96):
 PSYoungGen      total 688128K, used 589824K [0x00000000d0000000, 0x0000000100000000, 0x0000000100000000)
  eden space 589824K, 100% used [0x00000000d0000000,0x00000000f4000000,0x00000000f4000000)
  from space 98304K, 0% used [0x00000000fa000000,0x00000000fa000000,0x0000000100000000)
  to   space 98304K, 0% used [0x00000000f4000000,0x00000000f4000000,0x00000000fa000000)
 ParOldGen       total 1310720K, used 1310459K [0x0000000080000000, 0x00000000d0000000, 0x00000000d0000000)
  object space 1310720K, 99% used [0x0000000080000000,0x00000000cffbed68,0x00000000d0000000)
 Metaspace       used 257048K, capacity 261218K, committed 263808K, reserved 755712K
  class space    used 24673K, capacity 25495K, committed 25984K, reserved 516096K
2025-05-15T10:08:17.400+0900: 57308.687: [Full GC (Ergonomics) [PSYoungGen: 589824K->588518K(688128K)] [ParOldGen: 1310459K->1310459K(1310720K)] 1900283K->1898977K(1998848K), [Metaspace: 257048K->257048K(755712K)], 2.8786516 secs] [Times: user=9.79 sys=0.03, real=2.88 secs] 
Heap after GC invocations=1121 (full 96):
 PSYoungGen      total 688128K, used 588518K [0x00000000d0000000, 0x0000000100000000, 0x0000000100000000)
  eden space 589824K, 99% used [0x00000000d0000000,0x00000000f3eb9960,0x00000000f4000000)
  from space 98304K, 0% used [0x00000000fa000000,0x00000000fa000000,0x0000000100000000)
  to   space 98304K, 0% used [0x00000000f4000000,0x00000000f4000000,0x00000000fa000000)
 ParOldGen       total 1310720K, used 1310459K [0x0000000080000000, 0x00000000d0000000, 0x00000000d0000000)
  object space 1310720K, 99% used [0x0000000080000000,0x00000000cffbec20,0x00000000d0000000)
 Metaspace       used 257048K, capacity 261218K, committed 263808K, reserved 755712K
  class space    used 24673K, capacity 25495K, committed 25984K, reserved 516096K
}
{Heap before GC invocations=1122 (full 97):
 PSYoungGen      total 688128K, used 589824K [0x00000000d0000000, 0x0000000100000000, 0x0000000100000000)
  eden space 589824K, 100% used [0x00000000d0000000,0x00000000f4000000,0x00000000f4000000)
  from space 98304K, 0% used [0x00000000fa000000,0x00000000fa000000,0x0000000100000000)
  to   space 98304K, 0% used [0x00000000f4000000,0x00000000f4000000,0x00000000fa000000)
 ParOldGen       total 1310720K, used 1310459K [0x0000000080000000, 0x00000000d0000000, 0x00000000d0000000)
  object space 1310720K, 99% used [0x0000000080000000,0x00000000cffbec20,0x00000000d0000000)
 Metaspace       used 257048K, capacity 261218K, committed 263808K, reserved 755712K
  class space    used 24673K, capacity 25495K, committed 25984K, reserved 516096K
2025-05-15T10:08:20.281+0900: 57311.569: [Full GC (Ergonomics) [PSYoungGen: 589824K->588467K(688128K)] [ParOldGen: 1310459K->1310458K(1310720K)] 1900283K->1898925K(1998848K), [Metaspace: 257048K->257048K(755712K)], 3.1274026 secs] [Times: user=9.97 sys=0.03, real=3.13 secs] 
Heap after GC invocations=1122 (full 97):
 PSYoungGen      total 688128K, used 588467K [0x00000000d0000000, 0x0000000100000000, 0x0000000100000000)
  eden space 589824K, 99% used [0x00000000d0000000,0x00000000f3eacd18,0x00000000f4000000)
  from space 98304K, 0% used [0x00000000fa000000,0x00000000fa000000,0x0000000100000000)
  to   space 98304K, 0% used [0x00000000f4000000,0x00000000f4000000,0x00000000fa000000)
 ParOldGen       total 1310720K, used 1310458K [0x0000000080000000, 0x00000000d0000000, 0x00000000d0000000)
  object space 1310720K, 99% used [0x0000000080000000,0x00000000cffbe9b8,0x00000000d0000000)
 Metaspace       used 257048K, capacity 261218K, committed 263808K, reserved 755712K
  class space    used 24673K, capacity 25495K, committed 25984K, reserved 516096K
}
{Heap before GC invocations=1123 (full 98):
 PSYoungGen      total 688128K, used 589824K [0x00000000d0000000, 0x0000000100000000, 0x0000000100000000)
  eden space 589824K, 100% used [0x00000000d0000000,0x00000000f4000000,0x00000000f4000000)
  from space 98304K, 0% used [0x00000000fa000000,0x00000000fa000000,0x0000000100000000)
  to   space 98304K, 0% used [0x00000000f4000000,0x00000000f4000000,0x00000000fa000000)
 ParOldGen       total 1310720K, used 1310458K [0x0000000080000000, 0x00000000d0000000, 0x00000000d0000000)
  object space 1310720K, 99% used [0x0000000080000000,0x00000000cffbe9b8,0x00000000d0000000)
 Metaspace       used 257048K, capacity 261218K, committed 263808K, reserved 755712K
  class space    used 24673K, capacity 25495K, committed 25984K, reserved 516096K
2025-05-15T10:08:23.412+0900: 57314.699: [Full GC (Ergonomics) [PSYoungGen: 589824K->588438K(688128K)] [ParOldGen: 1310458K->1310458K(1310720K)] 1900282K->1898897K(1998848K), [Metaspace: 257048K->257048K(755712K)], 2.9855248 secs] [Times: user=10.08 sys=0.02, real=2.98 secs] 
Heap after GC invocations=1123 (full 98):
 PSYoungGen      total 688128K, used 588438K [0x00000000d0000000, 0x0000000100000000, 0x0000000100000000)
  eden space 589824K, 99% used [0x00000000d0000000,0x00000000f3ea5b40,0x00000000f4000000)
  from space 98304K, 0% used [0x00000000fa000000,0x00000000fa000000,0x0000000100000000)
  to   space 98304K, 0% used [0x00000000f4000000,0x00000000f4000000,0x00000000fa000000)
 ParOldGen       total 1310720K, used 1310458K [0x0000000080000000, 0x00000000d0000000, 0x00000000d0000000)
  object space 1310720K, 99% used [0x0000000080000000,0x00000000cffbe920,0x00000000d0000000)
 Metaspace       used 257048K, capacity 261218K, committed 263808K, reserved 755712K
  class space    used 24673K, capacity 25495K, committed 25984K, reserved 516096K
}
{Heap before GC invocations=1124 (full 99):
 PSYoungGen      total 688128K, used 589817K [0x00000000d0000000, 0x0000000100000000, 0x0000000100000000)
  eden space 589824K, 99% used [0x00000000d0000000,0x00000000f3ffe5e8,0x00000000f4000000)
  from space 98304K, 0% used [0x00000000fa000000,0x00000000fa000000,0x0000000100000000)
  to   space 98304K, 0% used [0x00000000f4000000,0x00000000f4000000,0x00000000fa000000)
 ParOldGen       total 1310720K, used 1310458K [0x0000000080000000, 0x00000000d0000000, 0x00000000d0000000)
  object space 1310720K, 99% used [0x0000000080000000,0x00000000cffbe920,0x00000000d0000000)
 Metaspace       used 257048K, capacity 261218K, committed 263808K, reserved 755712K
  class space    used 24673K, capacity 25495K, committed 25984K, reserved 516096K
2025-05-15T10:08:26.400+0900: 57317.687: [Full GC (Ergonomics) [PSYoungGen: 589817K->588311K(688128K)] [ParOldGen: 1310458K->1310454K(1310720K)] 1900275K->1898765K(1998848K), [Metaspace: 257048K->257048K(755712K)], 3.0929918 secs] [Times: user=10.57 sys=0.02, real=3.09 secs] 
Heap after GC invocations=1124 (full 99):
 PSYoungGen      total 688128K, used 588311K [0x00000000d0000000, 0x0000000100000000, 0x0000000100000000)
  eden space 589824K, 99% used [0x00000000d0000000,0x00000000f3e85c18,0x00000000f4000000)
  from space 98304K, 0% used [0x00000000fa000000,0x00000000fa000000,0x0000000100000000)
  to   space 98304K, 0% used [0x00000000f4000000,0x00000000f4000000,0x00000000fa000000)
 ParOldGen       total 1310720K, used 1310454K [0x0000000080000000, 0x00000000d0000000, 0x00000000d0000000)
  object space 1310720K, 99% used [0x0000000080000000,0x00000000cffbd8e8,0x00000000d0000000)
 Metaspace       used 257048K, capacity 261218K, committed 263808K, reserved 755712K
  class space    used 24673K, capacity 25495K, committed 25984K, reserved 516096K
}
{Heap before GC invocations=1125 (full 100):
 PSYoungGen      total 688128K, used 589824K [0x00000000d0000000, 0x0000000100000000, 0x0000000100000000)
  eden space 589824K, 100% used [0x00000000d0000000,0x00000000f4000000,0x00000000f4000000)
  from space 98304K, 0% used [0x00000000fa000000,0x00000000fa000000,0x0000000100000000)
  to   space 98304K, 0% used [0x00000000f4000000,0x00000000f4000000,0x00000000fa000000)
 ParOldGen       total 1310720K, used 1310454K [0x0000000080000000, 0x00000000d0000000, 0x00000000d0000000)
  object space 1310720K, 99% used [0x0000000080000000,0x00000000cffbd8e8,0x00000000d0000000)
 Metaspace       used 257048K, capacity 261218K, committed 263808K, reserved 755712K
  class space    used 24673K, capacity 25495K, committed 25984K, reserved 516096K
2025-05-15T10:08:29.499+0900: 57320.786: [Full GC (Ergonomics) [PSYoungGen: 589824K->588265K(688128K)] [ParOldGen: 1310454K->1310442K(1310720K)] 1900278K->1898708K(1998848K), [Metaspace: 257048K->257048K(755712K)], 3.4849956 secs] [Times: user=11.76 sys=0.02, real=3.48 secs] 
Heap after GC invocations=1125 (full 100):
 PSYoungGen      total 688128K, used 588265K [0x00000000d0000000, 0x0000000100000000, 0x0000000100000000)
  eden space 589824K, 99% used [0x00000000d0000000,0x00000000f3e7a6a8,0x00000000f4000000)
  from space 98304K, 0% used [0x00000000fa000000,0x00000000fa000000,0x0000000100000000)
  to   space 98304K, 0% used [0x00000000f4000000,0x00000000f4000000,0x00000000fa000000)
 ParOldGen       total 1310720K, used 1310442K [0x0000000080000000, 0x00000000d0000000, 0x00000000d0000000)
  object space 1310720K, 99% used [0x0000000080000000,0x00000000cffbab00,0x00000000d0000000)
 Metaspace       used 257048K, capacity 261218K, committed 263808K, reserved 755712K
  class space    used 24673K, capacity 25495K, committed 25984K, reserved 516096K
}
{Heap before GC invocations=1126 (full 101):
 PSYoungGen      total 688128K, used 589824K [0x00000000d0000000, 0x0000000100000000, 0x0000000100000000)
  eden space 589824K, 100% used [0x00000000d0000000,0x00000000f4000000,0x00000000f4000000)
  from space 98304K, 0% used [0x00000000fa000000,0x00000000fa000000,0x0000000100000000)
  to   space 98304K, 0% used [0x00000000f4000000,0x00000000f4000000,0x00000000fa000000)
 ParOldGen       total 1310720K, used 1310442K [0x0000000080000000, 0x00000000d0000000, 0x00000000d0000000)
  object space 1310720K, 99% used [0x0000000080000000,0x00000000cffbab00,0x00000000d0000000)
 Metaspace       used 257048K, capacity 261218K, committed 263808K, reserved 755712K
  class space    used 24673K, capacity 25495K, committed 25984K, reserved 516096K
2025-05-15T10:08:32.990+0900: 57324.277: [Full GC (Ergonomics) [PSYoungGen: 589824K->588258K(688128K)] [ParOldGen: 1310442K->1310442K(1310720K)] 1900266K->1898701K(1998848K), [Metaspace: 257048K->257048K(755712K)], 2.8552159 secs] [Times: user=9.57 sys=0.02, real=2.85 secs] 
Heap after GC invocations=1126 (full 101):
 PSYoungGen      total 688128K, used 588258K [0x00000000d0000000, 0x0000000100000000, 0x0000000100000000)
  eden space 589824K, 99% used [0x00000000d0000000,0x00000000f3e78b60,0x00000000f4000000)
  from space 98304K, 0% used [0x00000000fa000000,0x00000000fa000000,0x0000000100000000)
  to   space 98304K, 0% used [0x00000000f4000000,0x00000000f4000000,0x00000000fa000000)
 ParOldGen       total 1310720K, used 1310442K [0x0000000080000000, 0x00000000d0000000, 0x00000000d0000000)
  object space 1310720K, 99% used [0x0000000080000000,0x00000000cffba960,0x00000000d0000000)
 Metaspace       used 257048K, capacity 261218K, committed 263808K, reserved 755712K
  class space    used 24673K, capacity 25495K, committed 25984K, reserved 516096K
}
{Heap before GC invocations=1127 (full 102):
 PSYoungGen      total 688128K, used 589824K [0x00000000d0000000, 0x0000000100000000, 0x0000000100000000)
  eden space 589824K, 100% used [0x00000000d0000000,0x00000000f4000000,0x00000000f4000000)
  from space 98304K, 0% used [0x00000000fa000000,0x00000000fa000000,0x0000000100000000)
  to   space 98304K, 0% used [0x00000000f4000000,0x00000000f4000000,0x00000000fa000000)
 ParOldGen       total 1310720K, used 1310442K [0x0000000080000000, 0x00000000d0000000, 0x00000000d0000000)
  object space 1310720K, 99% used [0x0000000080000000,0x00000000cffba960,0x00000000d0000000)
 Metaspace       used 257048K, capacity 261218K, committed 263808K, reserved 755712K
  class space    used 24673K, capacity 25495K, committed 25984K, reserved 516096K
2025-05-15T10:08:35.855+0900: 57327.142: [Full GC (Ergonomics) [PSYoungGen: 589824K->588361K(688128K)] [ParOldGen: 1310442K->1310430K(1310720K)] 1900266K->1898791K(1998848K), [Metaspace: 257048K->257048K(755712K)], 3.0201855 secs] [Times: user=10.35 sys=0.02, real=3.02 secs] 
Heap after GC invocations=1127 (full 102):
 PSYoungGen      total 688128K, used 588361K [0x00000000d0000000, 0x0000000100000000, 0x0000000100000000)
  eden space 589824K, 99% used [0x00000000d0000000,0x00000000f3e92408,0x00000000f4000000)
  from space 98304K, 0% used [0x00000000fa000000,0x00000000fa000000,0x0000000100000000)
  to   space 98304K, 0% used [0x00000000f4000000,0x00000000f4000000,0x00000000fa000000)
 ParOldGen       total 1310720K, used 1310430K [0x0000000080000000, 0x00000000d0000000, 0x00000000d0000000)
  object space 1310720K, 99% used [0x0000000080000000,0x00000000cffb7b30,0x00000000d0000000)
 Metaspace       used 257048K, capacity 261218K, committed 263808K, reserved 755712K
  class space    used 24673K, capacity 25495K, committed 25984K, reserved 516096K
}
{Heap before GC invocations=1128 (full 103):
 PSYoungGen      total 688128K, used 589824K [0x00000000d0000000, 0x0000000100000000, 0x0000000100000000)
  eden space 589824K, 100% used [0x00000000d0000000,0x00000000f4000000,0x00000000f4000000)
  from space 98304K, 0% used [0x00000000fa000000,0x00000000fa000000,0x0000000100000000)
  to   space 98304K, 0% used [0x00000000f4000000,0x00000000f4000000,0x00000000fa000000)
 ParOldGen       total 1310720K, used 1310430K [0x0000000080000000, 0x00000000d0000000, 0x00000000d0000000)
  object space 1310720K, 99% used [0x0000000080000000,0x00000000cffb7b30,0x00000000d0000000)
 Metaspace       used 257048K, capacity 261218K, committed 263808K, reserved 755712K
  class space    used 24673K, capacity 25495K, committed 25984K, reserved 516096K
2025-05-15T10:08:38.879+0900: 57330.166: [Full GC (Ergonomics) [PSYoungGen: 589824K->588418K(688128K)] [ParOldGen: 1310430K->1310430K(1310720K)] 1900254K->1898848K(1998848K), [Metaspace: 257048K->257048K(755712K)], 3.3435128 secs] [Times: user=11.38 sys=0.03, real=3.34 secs] 
Heap after GC invocations=1128 (full 103):
 PSYoungGen      total 688128K, used 588418K [0x00000000d0000000, 0x0000000100000000, 0x0000000100000000)
  eden space 589824K, 99% used [0x00000000d0000000,0x00000000f3ea0a30,0x00000000f4000000)
  from space 98304K, 0% used [0x00000000fa000000,0x00000000fa000000,0x0000000100000000)
  to   space 98304K, 0% used [0x00000000f4000000,0x00000000f4000000,0x00000000fa000000)
 ParOldGen       total 1310720K, used 1310430K [0x0000000080000000, 0x00000000d0000000, 0x00000000d0000000)
  object space 1310720K, 99% used [0x0000000080000000,0x00000000cffb7918,0x00000000d0000000)
 Metaspace       used 257048K, capacity 261218K, committed 263808K, reserved 755712K
  class space    used 24673K, capacity 25495K, committed 25984K, reserved 516096K
}
{Heap before GC invocations=1129 (full 104):
 PSYoungGen      total 688128K, used 589824K [0x00000000d0000000, 0x0000000100000000, 0x0000000100000000)
  eden space 589824K, 100% used [0x00000000d0000000,0x00000000f4000000,0x00000000f4000000)
  from space 98304K, 0% used [0x00000000fa000000,0x00000000fa000000,0x0000000100000000)
  to   space 98304K, 0% used [0x00000000f4000000,0x00000000f4000000,0x00000000fa000000)
 ParOldGen       total 1310720K, used 1310430K [0x0000000080000000, 0x00000000d0000000, 0x00000000d0000000)
  object space 1310720K, 99% used [0x0000000080000000,0x00000000cffb7918,0x00000000d0000000)
 Metaspace       used 257048K, capacity 261218K, committed 263808K, reserved 755712K
  class space    used 24673K, capacity 25495K, committed 25984K, reserved 516096K
2025-05-15T10:08:42.228+0900: 57333.515: [Full GC (Ergonomics) [PSYoungGen: 589824K->588412K(688128K)] [ParOldGen: 1310430K->1310427K(1310720K)] 1900254K->1898840K(1998848K), [Metaspace: 257048K->257043K(755712K)], 3.2956997 secs] [Times: user=11.34 sys=0.03, real=3.30 secs] 
Heap after GC invocations=1129 (full 104):
 PSYoungGen      total 688128K, used 588412K [0x00000000d0000000, 0x0000000100000000, 0x0000000100000000)
  eden space 589824K, 99% used [0x00000000d0000000,0x00000000f3e9f270,0x00000000f4000000)
  from space 98304K, 0% used [0x00000000fa000000,0x00000000fa000000,0x0000000100000000)
  to   space 98304K, 0% used [0x00000000f4000000,0x00000000f4000000,0x00000000fa000000)
 ParOldGen       total 1310720K, used 1310427K [0x0000000080000000, 0x00000000d0000000, 0x00000000d0000000)
  object space 1310720K, 99% used [0x0000000080000000,0x00000000cffb6f40,0x00000000d0000000)
 Metaspace       used 257043K, capacity 261206K, committed 263808K, reserved 755712K
  class space    used 24672K, capacity 25493K, committed 25984K, reserved 516096K
}
{Heap before GC invocations=1130 (full 105):
 PSYoungGen      total 688128K, used 589824K [0x00000000d0000000, 0x0000000100000000, 0x0000000100000000)
  eden space 589824K, 100% used [0x00000000d0000000,0x00000000f4000000,0x00000000f4000000)
  from space 98304K, 0% used [0x00000000fa000000,0x00000000fa000000,0x0000000100000000)
  to   space 98304K, 0% used [0x00000000f4000000,0x00000000f4000000,0x00000000fa000000)
 ParOldGen       total 1310720K, used 1310427K [0x0000000080000000, 0x00000000d0000000, 0x00000000d0000000)
  object space 1310720K, 99% used [0x0000000080000000,0x00000000cffb6f40,0x00000000d0000000)
 Metaspace       used 257043K, capacity 261206K, committed 263808K, reserved 755712K
  class space    used 24672K, capacity 25493K, committed 25984K, reserved 516096K
2025-05-15T10:08:45.526+0900: 57336.813: [Full GC (Ergonomics) [PSYoungGen: 589824K->588713K(688128K)] [ParOldGen: 1310427K->1310419K(1310720K)] 1900251K->1899133K(1998848K), [Metaspace: 257043K->257043K(755712K)], 2.9283485 secs] [Times: user=10.09 sys=0.03, real=2.93 secs] 
Heap after GC invocations=1130 (full 105):
 PSYoungGen      total 688128K, used 588713K [0x00000000d0000000, 0x0000000100000000, 0x0000000100000000)
  eden space 589824K, 99% used [0x00000000d0000000,0x00000000f3eea780,0x00000000f4000000)
  from space 98304K, 0% used [0x00000000fa000000,0x00000000fa000000,0x0000000100000000)
  to   space 98304K, 0% used [0x00000000f4000000,0x00000000f4000000,0x00000000fa000000)
 ParOldGen       total 1310720K, used 1310419K [0x0000000080000000, 0x00000000d0000000, 0x00000000d0000000)
  object space 1310720K, 99% used [0x0000000080000000,0x00000000cffb4d80,0x00000000d0000000)
 Metaspace       used 257043K, capacity 261206K, committed 263808K, reserved 755712K
  class space    used 24672K, capacity 25493K, committed 25984K, reserved 516096K
}
{Heap before GC invocations=1131 (full 106):
 PSYoungGen      total 688128K, used 589824K [0x00000000d0000000, 0x0000000100000000, 0x0000000100000000)
  eden space 589824K, 100% used [0x00000000d0000000,0x00000000f4000000,0x00000000f4000000)
  from space 98304K, 0% used [0x00000000fa000000,0x00000000fa000000,0x0000000100000000)
  to   space 98304K, 0% used [0x00000000f4000000,0x00000000f4000000,0x00000000fa000000)
 ParOldGen       total 1310720K, used 1310419K [0x0000000080000000, 0x00000000d0000000, 0x00000000d0000000)
  object space 1310720K, 99% used [0x0000000080000000,0x00000000cffb4d80,0x00000000d0000000)
 Metaspace       used 257043K, capacity 261206K, committed 263808K, reserved 755712K
  class space    used 24672K, capacity 25493K, committed 25984K, reserved 516096K
2025-05-15T10:08:48.456+0900: 57339.743: [Full GC (Ergonomics) [PSYoungGen: 589824K->588720K(688128K)] [ParOldGen: 1310419K->1310419K(1310720K)] 1900243K->1899139K(1998848K), [Metaspace: 257043K->257043K(755712K)], 3.0375339 secs] [Times: user=10.61 sys=0.00, real=3.04 secs] 
Heap after GC invocations=1131 (full 106):
 PSYoungGen      total 688128K, used 588720K [0x00000000d0000000, 0x0000000100000000, 0x0000000100000000)
  eden space 589824K, 99% used [0x00000000d0000000,0x00000000f3eec188,0x00000000f4000000)
  from space 98304K, 0% used [0x00000000fa000000,0x00000000fa000000,0x0000000100000000)
  to   space 98304K, 0% used [0x00000000f4000000,0x00000000f4000000,0x00000000fa000000)
 ParOldGen       total 1310720K, used 1310419K [0x0000000080000000, 0x00000000d0000000, 0x00000000d0000000)
  object space 1310720K, 99% used [0x0000000080000000,0x00000000cffb4d10,0x00000000d0000000)
 Metaspace       used 257043K, capacity 261206K, committed 263808K, reserved 755712K
  class space    used 24672K, capacity 25493K, committed 25984K, reserved 516096K
}
{Heap before GC invocations=1132 (full 107):
 PSYoungGen      total 688128K, used 589824K [0x00000000d0000000, 0x0000000100000000, 0x0000000100000000)
  eden space 589824K, 100% used [0x00000000d0000000,0x00000000f4000000,0x00000000f4000000)
  from space 98304K, 0% used [0x00000000fa000000,0x00000000fa000000,0x0000000100000000)
  to   space 98304K, 0% used [0x00000000f4000000,0x00000000f4000000,0x00000000fa000000)
 ParOldGen       total 1310720K, used 1310419K [0x0000000080000000, 0x00000000d0000000, 0x00000000d0000000)
  object space 1310720K, 99% used [0x0000000080000000,0x00000000cffb4d10,0x00000000d0000000)
 Metaspace       used 257043K, capacity 261206K, committed 263808K, reserved 755712K
  class space    used 24672K, capacity 25493K, committed 25984K, reserved 516096K
2025-05-15T10:08:51.497+0900: 57342.785: [Full GC (Ergonomics) [PSYoungGen: 589824K->588684K(688128K)] [ParOldGen: 1310419K->1310419K(1310720K)] 1900243K->1899103K(1998848K), [Metaspace: 257043K->257043K(755712K)], 2.5904045 secs] [Times: user=8.75 sys=0.03, real=2.59 secs] 
Heap after GC invocations=1132 (full 107):
 PSYoungGen      total 688128K, used 588684K [0x00000000d0000000, 0x0000000100000000, 0x0000000100000000)
  eden space 589824K, 99% used [0x00000000d0000000,0x00000000f3ee30b8,0x00000000f4000000)
  from space 98304K, 0% used [0x00000000fa000000,0x00000000fa000000,0x0000000100000000)
  to   space 98304K, 0% used [0x00000000f4000000,0x00000000f4000000,0x00000000fa000000)
 ParOldGen       total 1310720K, used 1310419K [0x0000000080000000, 0x00000000d0000000, 0x00000000d0000000)
  object space 1310720K, 99% used [0x0000000080000000,0x00000000cffb4d10,0x00000000d0000000)
 Metaspace       used 257043K, capacity 261206K, committed 263808K, reserved 755712K
  class space    used 24672K, capacity 25493K, committed 25984K, reserved 516096K
}
{Heap before GC invocations=1133 (full 108):
 PSYoungGen      total 688128K, used 589824K [0x00000000d0000000, 0x0000000100000000, 0x0000000100000000)
  eden space 589824K, 100% used [0x00000000d0000000,0x00000000f4000000,0x00000000f4000000)
  from space 98304K, 0% used [0x00000000fa000000,0x00000000fa000000,0x0000000100000000)
  to   space 98304K, 0% used [0x00000000f4000000,0x00000000f4000000,0x00000000fa000000)
 ParOldGen       total 1310720K, used 1310419K [0x0000000080000000, 0x00000000d0000000, 0x00000000d0000000)
  object space 1310720K, 99% used [0x0000000080000000,0x00000000cffb4d10,0x00000000d0000000)
 Metaspace       used 257043K, capacity 261206K, committed 263808K, reserved 755712K
  class space    used 24672K, capacity 25493K, committed 25984K, reserved 516096K
2025-05-15T10:08:54.090+0900: 57345.377: [Full GC (Ergonomics) [PSYoungGen: 589824K->588684K(688128K)] [ParOldGen: 1310419K->1310418K(1310720K)] 1900243K->1899103K(1998848K), [Metaspace: 257043K->257043K(755712K)], 2.8058791 secs] [Times: user=9.67 sys=0.02, real=2.80 secs] 
Heap after GC invocations=1133 (full 108):
 PSYoungGen      total 688128K, used 588684K [0x00000000d0000000, 0x0000000100000000, 0x0000000100000000)
  eden space 589824K, 99% used [0x00000000d0000000,0x00000000f3ee3218,0x00000000f4000000)
  from space 98304K, 0% used [0x00000000fa000000,0x00000000fa000000,0x0000000100000000)
  to   space 98304K, 0% used [0x00000000f4000000,0x00000000f4000000,0x00000000fa000000)
 ParOldGen       total 1310720K, used 1310418K [0x0000000080000000, 0x00000000d0000000, 0x00000000d0000000)
  object space 1310720K, 99% used [0x0000000080000000,0x00000000cffb4b08,0x00000000d0000000)
 Metaspace       used 257043K, capacity 261206K, committed 263808K, reserved 755712K
  class space    used 24672K, capacity 25493K, committed 25984K, reserved 516096K
}
{Heap before GC invocations=1134 (full 109):
 PSYoungGen      total 688128K, used 589824K [0x00000000d0000000, 0x0000000100000000, 0x0000000100000000)
